(dp1
S'run_statuses'
p2
(lp3
(dp4
Vcallset_id
p5
V60671e30-09f3-432c-b4e8-62912eb46be4
p6
sVlog_stream_name
p7
V2020/12/28/[$LATEST]71b49d0b72a94c8eaebc9c6e2b03f08e
p8
sVstdout
p9
V
sVfunc_key
p10
Vpywren.jobs/60671e30-09f3-432c-b4e8-62912eb46be4/func.pickle
p11
sVfree_disk_bytes
p12
I538333184
sVruntime_cached
p13
I00
sVretcode
p14
I0
sVcall_id
p15
V00000
p16
sVoutput_key
p17
Vpywren.jobs/60671e30-09f3-432c-b4e8-62912eb46be4/00000/output.pickle
p18
sVruntime_s3_key_used
p19
V2c12dc-pywren.runtimes/default_2.7.tar.gz.0072
p20
sVaws_request_id
p21
V1546bdca-8245-4bce-9ac0-f67cfeef96e1
p22
sVexec_time
p23
F84.94911003112793
sVstart_time
p24
F1609154111.6057849
sVsetup_time
p25
F7.0017681121826172
sVruntime_s3_bucket_used
p26
Vpywren-runtimes-public-us-west-2
p27
sVexception
p28
NsVhost_submit_time
p29
F1609154110.905333
sVserver_info
p30
(dp31
Vuname
p32
V('Linux', '169.254.187.213', '4.14.203-112.332.amzn2.x86_64', '#1 SMP Wed Nov 4 20:46:34 UTC 2020', 'x86_64', 'x86_64')
p33
sV/proc/self/cgroup
p34
VMemTotal:        1717184 kB\u000aMemFree:         1118472 kB\u000aMemAvailable:    1486108 kB\u000aBuffers:           17380 kB\u000aCached:           464532 kB\u000aSwapCached:            0 kB\u000aActive:            94544 kB\u000aInactive:         448220 kB\u000aActive(anon):      60844 kB\u000aInactive(anon):      216 kB\u000aActive(file):      33700 kB\u000aInactive(file):   448004 kB\u000aUnevictable:           0 kB\u000aMlocked:               0 kB\u000aSwapTotal:             0 kB\u000aSwapFree:              0 kB\u000aDirty:                12 kB\u000aWriteback:             0 kB\u000aAnonPages:         60844 kB\u000aMapped:            34980 kB\u000aShmem:               220 kB\u000aSlab:              43496 kB\u000aSReclaimable:      32880 kB\u000aSUnreclaim:        10616 kB\u000aKernelStack:        1136 kB\u000aPageTables:         1320 kB\u000aNFS_Unstable:          0 kB\u000aBounce:                0 kB\u000aWritebackTmp:          0 kB\u000aCommitLimit:      858592 kB\u000aCommitted_AS:     251724 kB\u000aVmallocTotal:   34359738367 kB\u000aVmallocUsed:           0 kB\u000aVmallocChunk:          0 kB\u000aAnonHugePages:         0 kB\u000aShmemHugePages:        0 kB\u000aShmemPmdMapped:        0 kB\u000aHugePages_Total:       0\u000aHugePages_Free:        0\u000aHugePages_Rsvd:        0\u000aHugePages_Surp:        0\u000aHugepagesize:       2048 kB\u000aDirectMap4k:       23552 kB\u000aDirectMap2M:     1738752 kB\u000a
p35
sV/proc/cgroups
p36
V#subsys_name	hierarchy	num_cgroups	enabled\u000acpuset	7	1	1\u000acpu	5	5	1\u000acpuacct	5	5	1\u000ablkio	10	1	1\u000amemory	3	5	1\u000adevices	9	1	1\u000afreezer	8	2	1\u000anet_cls	6	1	1\u000aperf_event	11	1	1\u000anet_prio	6	1	1\u000ahugetlb	2	1	1\u000apids	4	1	1\u000a
p37
sV/proc/cpuinfo
p38
Vprocessor	: 0\u000avendor_id	: GenuineIntel\u000acpu family	: 6\u000amodel		: 63\u000amodel name	: Intel(R) Xeon(R) Processor @ 2.50GHz\u000astepping	: 2\u000amicrocode	: 0x1\u000acpu MHz		: 2500.010\u000acache size	: 36608 KB\u000aphysical id	: 0\u000asiblings	: 2\u000acore id		: 0\u000acpu cores	: 2\u000aapicid		: 0\u000ainitial apicid	: 0\u000afpu		: yes\u000afpu_exception	: yes\u000acpuid level	: 13\u000awp		: yes\u000aflags		: fpu vme de pse tsc msr pae mce cx8 apic sep mtrr pge mca cmov pat pse36 clflush mmx fxsr sse sse2 ht syscall nx rdtscp lm constant_tsc rep_good nopl xtopology nonstop_tsc cpuid tsc_known_freq pni pclmulqdq ssse3 fma cx16 pcid sse4_1 sse4_2 x2apic movbe popcnt tsc_deadline_timer aes xsave avx f16c rdrand hypervisor lahf_lm abm cpuid_fault invpcid_single ssbd ibrs ibpb stibp ibrs_enhanced fsgsbase tsc_adjust bmi1 avx2 smep bmi2 erms invpcid smap xsaveopt arat md_clear arch_capabilities\u000abugs		: spectre_v1 spectre_v2 spec_store_bypass swapgs\u000abogomips	: 5000.02\u000aclflush size	: 64\u000acache_alignment	: 64\u000aaddress sizes	: 46 bits physical, 48 bits virtual\u000apower management:\u000a\u000aprocessor	: 1\u000avendor_id	: GenuineIntel\u000acpu family	: 6\u000amodel		: 63\u000amodel name	: Intel(R) Xeon(R) Processor @ 2.50GHz\u000astepping	: 2\u000amicrocode	: 0x1\u000acpu MHz		: 2500.010\u000acache size	: 36608 KB\u000aphysical id	: 0\u000asiblings	: 2\u000acore id		: 1\u000acpu cores	: 2\u000aapicid		: 1\u000ainitial apicid	: 1\u000afpu		: yes\u000afpu_exception	: yes\u000acpuid level	: 13\u000awp		: yes\u000aflags		: fpu vme de pse tsc msr pae mce cx8 apic sep mtrr pge mca cmov pat pse36 clflush mmx fxsr sse sse2 ht syscall nx rdtscp lm constant_tsc rep_good nopl xtopology nonstop_tsc cpuid tsc_known_freq pni pclmulqdq ssse3 fma cx16 pcid sse4_1 sse4_2 x2apic movbe popcnt tsc_deadline_timer aes xsave avx f16c rdrand hypervisor lahf_lm abm cpuid_fault invpcid_single ssbd ibrs ibpb stibp ibrs_enhanced fsgsbase tsc_adjust bmi1 avx2 smep bmi2 erms invpcid smap xsaveopt arat md_clear arch_capabilities\u000abugs		: spectre_v1 spectre_v2 spec_store_bypass swapgs\u000abogomips	: 5000.02\u000aclflush size	: 64\u000acache_alignment	: 64\u000aaddress sizes	: 46 bits physical, 48 bits virtual\u000apower management:\u000a\u000a
p39
sV/proc/meminfo
p40
VMemTotal:        1717184 kB\u000aMemFree:         1118472 kB\u000aMemAvailable:    1486108 kB\u000aBuffers:           17380 kB\u000aCached:           464532 kB\u000aSwapCached:            0 kB\u000aActive:            94544 kB\u000aInactive:         448220 kB\u000aActive(anon):      60844 kB\u000aInactive(anon):      216 kB\u000aActive(file):      33700 kB\u000aInactive(file):   448004 kB\u000aUnevictable:           0 kB\u000aMlocked:               0 kB\u000aSwapTotal:             0 kB\u000aSwapFree:              0 kB\u000aDirty:                12 kB\u000aWriteback:             0 kB\u000aAnonPages:         60844 kB\u000aMapped:            34980 kB\u000aShmem:               220 kB\u000aSlab:              43496 kB\u000aSReclaimable:      32880 kB\u000aSUnreclaim:        10616 kB\u000aKernelStack:        1136 kB\u000aPageTables:         1320 kB\u000aNFS_Unstable:          0 kB\u000aBounce:                0 kB\u000aWritebackTmp:          0 kB\u000aCommitLimit:      858592 kB\u000aCommitted_AS:     251724 kB\u000aVmallocTotal:   34359738367 kB\u000aVmallocUsed:           0 kB\u000aVmallocChunk:          0 kB\u000aAnonHugePages:         0 kB\u000aShmemHugePages:        0 kB\u000aShmemPmdMapped:        0 kB\u000aHugePages_Total:       0\u000aHugePages_Free:        0\u000aHugePages_Rsvd:        0\u000aHugePages_Surp:        0\u000aHugepagesize:       2048 kB\u000aDirectMap4k:       23552 kB\u000aDirectMap2M:     1738752 kB\u000a
p41
ssVstatus_key
p42
Vpywren.jobs/60671e30-09f3-432c-b4e8-62912eb46be4/00000/status.json
p43
sVend_time
p44
F1609154203.5566559
sVlog_group_name
p45
V/aws/lambda/pywren_redis_2
p46
sVdata_key
p47
Vpywren.jobs/60671e30-09f3-432c-b4e8-62912eb46be4/aggdata.pickle
p48
sa(dp49
Vcallset_id
p50
V60671e30-09f3-432c-b4e8-62912eb46be4
p51
sVlog_stream_name
p52
V2020/12/28/[$LATEST]422d4ce36d2143d8a9a013772bb48307
p53
sVstdout
p54
V
sVfunc_key
p55
Vpywren.jobs/60671e30-09f3-432c-b4e8-62912eb46be4/func.pickle
p56
sVfree_disk_bytes
p57
I538333184
sVruntime_cached
p58
I00
sVretcode
p59
I0
sVcall_id
p60
V00001
p61
sVoutput_key
p62
Vpywren.jobs/60671e30-09f3-432c-b4e8-62912eb46be4/00001/output.pickle
p63
sVruntime_s3_key_used
p64
V334bcf-pywren.runtimes/default_2.7.tar.gz.0082
p65
sVaws_request_id
p66
Ve2f6e137-134a-4ebb-b782-db36dde0f1cf
p67
sVexec_time
p68
F90.560045003890991
sVstart_time
p69
F1609154111.6505561
sVsetup_time
p70
F7.072070837020874
sVruntime_s3_bucket_used
p71
Vpywren-runtimes-public-us-west-2
p72
sVexception
p73
NsVhost_submit_time
p74
F1609154110.9071529
sVserver_info
p75
(dp76
Vuname
p77
V('Linux', '169.254.204.93', '4.14.203-112.332.amzn2.x86_64', '#1 SMP Wed Nov 4 20:46:34 UTC 2020', 'x86_64', 'x86_64')
p78
sV/proc/self/cgroup
p79
VMemTotal:        1717184 kB\u000aMemFree:         1120412 kB\u000aMemAvailable:    1487152 kB\u000aBuffers:           17100 kB\u000aCached:           463768 kB\u000aSwapCached:            0 kB\u000aActive:            93600 kB\u000aInactive:         447684 kB\u000aActive(anon):      60400 kB\u000aInactive(anon):      216 kB\u000aActive(file):      33200 kB\u000aInactive(file):   447468 kB\u000aUnevictable:           0 kB\u000aMlocked:               0 kB\u000aSwapTotal:             0 kB\u000aSwapFree:              0 kB\u000aDirty:               228 kB\u000aWriteback:             0 kB\u000aAnonPages:         60412 kB\u000aMapped:            35072 kB\u000aShmem:               220 kB\u000aSlab:              43252 kB\u000aSReclaimable:      33156 kB\u000aSUnreclaim:        10096 kB\u000aKernelStack:        1136 kB\u000aPageTables:         1328 kB\u000aNFS_Unstable:          0 kB\u000aBounce:                0 kB\u000aWritebackTmp:          0 kB\u000aCommitLimit:      858592 kB\u000aCommitted_AS:     251700 kB\u000aVmallocTotal:   34359738367 kB\u000aVmallocUsed:           0 kB\u000aVmallocChunk:          0 kB\u000aAnonHugePages:         0 kB\u000aShmemHugePages:        0 kB\u000aShmemPmdMapped:        0 kB\u000aHugePages_Total:       0\u000aHugePages_Free:        0\u000aHugePages_Rsvd:        0\u000aHugePages_Surp:        0\u000aHugepagesize:       2048 kB\u000aDirectMap4k:       19456 kB\u000aDirectMap2M:     1742848 kB\u000a
p80
sV/proc/cgroups
p81
V#subsys_name	hierarchy	num_cgroups	enabled\u000acpuset	10	1	1\u000acpu	5	5	1\u000acpuacct	5	5	1\u000ablkio	7	1	1\u000amemory	6	5	1\u000adevices	4	1	1\u000afreezer	8	2	1\u000anet_cls	3	1	1\u000aperf_event	2	1	1\u000anet_prio	3	1	1\u000ahugetlb	9	1	1\u000apids	11	1	1\u000a
p82
sV/proc/cpuinfo
p83
Vprocessor	: 0\u000avendor_id	: GenuineIntel\u000acpu family	: 6\u000amodel		: 63\u000amodel name	: Intel(R) Xeon(R) Processor @ 2.50GHz\u000astepping	: 2\u000amicrocode	: 0x1\u000acpu MHz		: 2500.010\u000acache size	: 36608 KB\u000aphysical id	: 0\u000asiblings	: 2\u000acore id		: 0\u000acpu cores	: 2\u000aapicid		: 0\u000ainitial apicid	: 0\u000afpu		: yes\u000afpu_exception	: yes\u000acpuid level	: 13\u000awp		: yes\u000aflags		: fpu vme de pse tsc msr pae mce cx8 apic sep mtrr pge mca cmov pat pse36 clflush mmx fxsr sse sse2 ht syscall nx rdtscp lm constant_tsc rep_good nopl xtopology nonstop_tsc cpuid tsc_known_freq pni pclmulqdq ssse3 fma cx16 pcid sse4_1 sse4_2 x2apic movbe popcnt tsc_deadline_timer aes xsave avx f16c rdrand hypervisor lahf_lm abm cpuid_fault invpcid_single ssbd ibrs ibpb stibp ibrs_enhanced fsgsbase tsc_adjust bmi1 avx2 smep bmi2 erms invpcid smap xsaveopt arat md_clear arch_capabilities\u000abugs		: spectre_v1 spectre_v2 spec_store_bypass swapgs\u000abogomips	: 5000.02\u000aclflush size	: 64\u000acache_alignment	: 64\u000aaddress sizes	: 46 bits physical, 48 bits virtual\u000apower management:\u000a\u000aprocessor	: 1\u000avendor_id	: GenuineIntel\u000acpu family	: 6\u000amodel		: 63\u000amodel name	: Intel(R) Xeon(R) Processor @ 2.50GHz\u000astepping	: 2\u000amicrocode	: 0x1\u000acpu MHz		: 2500.010\u000acache size	: 36608 KB\u000aphysical id	: 0\u000asiblings	: 2\u000acore id		: 1\u000acpu cores	: 2\u000aapicid		: 1\u000ainitial apicid	: 1\u000afpu		: yes\u000afpu_exception	: yes\u000acpuid level	: 13\u000awp		: yes\u000aflags		: fpu vme de pse tsc msr pae mce cx8 apic sep mtrr pge mca cmov pat pse36 clflush mmx fxsr sse sse2 ht syscall nx rdtscp lm constant_tsc rep_good nopl xtopology nonstop_tsc cpuid tsc_known_freq pni pclmulqdq ssse3 fma cx16 pcid sse4_1 sse4_2 x2apic movbe popcnt tsc_deadline_timer aes xsave avx f16c rdrand hypervisor lahf_lm abm cpuid_fault invpcid_single ssbd ibrs ibpb stibp ibrs_enhanced fsgsbase tsc_adjust bmi1 avx2 smep bmi2 erms invpcid smap xsaveopt arat md_clear arch_capabilities\u000abugs		: spectre_v1 spectre_v2 spec_store_bypass swapgs\u000abogomips	: 5000.02\u000aclflush size	: 64\u000acache_alignment	: 64\u000aaddress sizes	: 46 bits physical, 48 bits virtual\u000apower management:\u000a\u000a
p84
sV/proc/meminfo
p85
VMemTotal:        1717184 kB\u000aMemFree:         1120412 kB\u000aMemAvailable:    1487152 kB\u000aBuffers:           17100 kB\u000aCached:           463768 kB\u000aSwapCached:            0 kB\u000aActive:            93600 kB\u000aInactive:         447684 kB\u000aActive(anon):      60400 kB\u000aInactive(anon):      216 kB\u000aActive(file):      33200 kB\u000aInactive(file):   447468 kB\u000aUnevictable:           0 kB\u000aMlocked:               0 kB\u000aSwapTotal:             0 kB\u000aSwapFree:              0 kB\u000aDirty:               228 kB\u000aWriteback:             0 kB\u000aAnonPages:         60412 kB\u000aMapped:            35072 kB\u000aShmem:               220 kB\u000aSlab:              43252 kB\u000aSReclaimable:      33156 kB\u000aSUnreclaim:        10096 kB\u000aKernelStack:        1136 kB\u000aPageTables:         1328 kB\u000aNFS_Unstable:          0 kB\u000aBounce:                0 kB\u000aWritebackTmp:          0 kB\u000aCommitLimit:      858592 kB\u000aCommitted_AS:     251700 kB\u000aVmallocTotal:   34359738367 kB\u000aVmallocUsed:           0 kB\u000aVmallocChunk:          0 kB\u000aAnonHugePages:         0 kB\u000aShmemHugePages:        0 kB\u000aShmemPmdMapped:        0 kB\u000aHugePages_Total:       0\u000aHugePages_Free:        0\u000aHugePages_Rsvd:        0\u000aHugePages_Surp:        0\u000aHugepagesize:       2048 kB\u000aDirectMap4k:       19456 kB\u000aDirectMap2M:     1742848 kB\u000a
p86
ssVstatus_key
p87
Vpywren.jobs/60671e30-09f3-432c-b4e8-62912eb46be4/00001/status.json
p88
sVend_time
p89
F1609154209.282666
sVlog_group_name
p90
V/aws/lambda/pywren_redis_2
p91
sVdata_key
p92
Vpywren.jobs/60671e30-09f3-432c-b4e8-62912eb46be4/aggdata.pickle
p93
sa(dp94
Vcallset_id
p95
V60671e30-09f3-432c-b4e8-62912eb46be4
p96
sVlog_stream_name
p97
V2020/12/28/[$LATEST]2794f425711f4978a0ba5aff294a8b99
p98
sVstdout
p99
V
sVfunc_key
p100
Vpywren.jobs/60671e30-09f3-432c-b4e8-62912eb46be4/func.pickle
p101
sVfree_disk_bytes
p102
I538333184
sVruntime_cached
p103
I00
sVretcode
p104
I0
sVcall_id
p105
V00002
p106
sVoutput_key
p107
Vpywren.jobs/60671e30-09f3-432c-b4e8-62912eb46be4/00002/output.pickle
p108
sVruntime_s3_key_used
p109
V12207e-pywren.runtimes/default_2.7.tar.gz.0044
p110
sVaws_request_id
p111
Vc65cd305-eb8e-4fb1-ab15-3f4af6ea06cc
p112
sVexec_time
p113
F106.58228707313538
sVstart_time
p114
F1609154111.6329
sVsetup_time
p115
F6.97170090675354
sVruntime_s3_bucket_used
p116
Vpywren-runtimes-public-us-west-2
p117
sVexception
p118
NsVhost_submit_time
p119
F1609154110.9226561
sVserver_info
p120
(dp121
Vuname
p122
V('Linux', '169.254.175.45', '4.14.203-112.332.amzn2.x86_64', '#1 SMP Wed Nov 4 20:46:34 UTC 2020', 'x86_64', 'x86_64')
p123
sV/proc/self/cgroup
p124
VMemTotal:        1717184 kB\u000aMemFree:         1116880 kB\u000aMemAvailable:    1485564 kB\u000aBuffers:           18096 kB\u000aCached:           464716 kB\u000aSwapCached:            0 kB\u000aActive:            95336 kB\u000aInactive:         448352 kB\u000aActive(anon):      60868 kB\u000aInactive(anon):      216 kB\u000aActive(file):      34468 kB\u000aInactive(file):   448136 kB\u000aUnevictable:           0 kB\u000aMlocked:               0 kB\u000aSwapTotal:             0 kB\u000aSwapFree:              0 kB\u000aDirty:                 4 kB\u000aWriteback:             0 kB\u000aAnonPages:         60788 kB\u000aMapped:            35324 kB\u000aShmem:               220 kB\u000aSlab:              43720 kB\u000aSReclaimable:      33172 kB\u000aSUnreclaim:        10548 kB\u000aKernelStack:        1136 kB\u000aPageTables:         1396 kB\u000aNFS_Unstable:          0 kB\u000aBounce:                0 kB\u000aWritebackTmp:          0 kB\u000aCommitLimit:      858592 kB\u000aCommitted_AS:     252876 kB\u000aVmallocTotal:   34359738367 kB\u000aVmallocUsed:           0 kB\u000aVmallocChunk:          0 kB\u000aAnonHugePages:         0 kB\u000aShmemHugePages:        0 kB\u000aShmemPmdMapped:        0 kB\u000aHugePages_Total:       0\u000aHugePages_Free:        0\u000aHugePages_Rsvd:        0\u000aHugePages_Surp:        0\u000aHugepagesize:       2048 kB\u000aDirectMap4k:       21504 kB\u000aDirectMap2M:     1740800 kB\u000a
p125
sV/proc/cgroups
p126
V#subsys_name	hierarchy	num_cgroups	enabled\u000acpuset	6	1	1\u000acpu	2	5	1\u000acpuacct	2	5	1\u000ablkio	9	1	1\u000amemory	8	5	1\u000adevices	3	1	1\u000afreezer	4	2	1\u000anet_cls	5	1	1\u000aperf_event	10	1	1\u000anet_prio	5	1	1\u000ahugetlb	11	1	1\u000apids	7	1	1\u000a
p127
sV/proc/cpuinfo
p128
Vprocessor	: 0\u000avendor_id	: GenuineIntel\u000acpu family	: 6\u000amodel		: 63\u000amodel name	: Intel(R) Xeon(R) Processor @ 2.50GHz\u000astepping	: 2\u000amicrocode	: 0x1\u000acpu MHz		: 2500.012\u000acache size	: 36608 KB\u000aphysical id	: 0\u000asiblings	: 2\u000acore id		: 0\u000acpu cores	: 2\u000aapicid		: 0\u000ainitial apicid	: 0\u000afpu		: yes\u000afpu_exception	: yes\u000acpuid level	: 13\u000awp		: yes\u000aflags		: fpu vme de pse tsc msr pae mce cx8 apic sep mtrr pge mca cmov pat pse36 clflush mmx fxsr sse sse2 ht syscall nx rdtscp lm constant_tsc rep_good nopl xtopology nonstop_tsc cpuid tsc_known_freq pni pclmulqdq ssse3 fma cx16 pcid sse4_1 sse4_2 x2apic movbe popcnt tsc_deadline_timer aes xsave avx f16c rdrand hypervisor lahf_lm abm cpuid_fault invpcid_single ssbd ibrs ibpb stibp ibrs_enhanced fsgsbase tsc_adjust bmi1 avx2 smep bmi2 erms invpcid smap xsaveopt arat md_clear arch_capabilities\u000abugs		: spectre_v1 spectre_v2 spec_store_bypass swapgs\u000abogomips	: 5000.02\u000aclflush size	: 64\u000acache_alignment	: 64\u000aaddress sizes	: 46 bits physical, 48 bits virtual\u000apower management:\u000a\u000aprocessor	: 1\u000avendor_id	: GenuineIntel\u000acpu family	: 6\u000amodel		: 63\u000amodel name	: Intel(R) Xeon(R) Processor @ 2.50GHz\u000astepping	: 2\u000amicrocode	: 0x1\u000acpu MHz		: 2500.012\u000acache size	: 36608 KB\u000aphysical id	: 0\u000asiblings	: 2\u000acore id		: 1\u000acpu cores	: 2\u000aapicid		: 1\u000ainitial apicid	: 1\u000afpu		: yes\u000afpu_exception	: yes\u000acpuid level	: 13\u000awp		: yes\u000aflags		: fpu vme de pse tsc msr pae mce cx8 apic sep mtrr pge mca cmov pat pse36 clflush mmx fxsr sse sse2 ht syscall nx rdtscp lm constant_tsc rep_good nopl xtopology nonstop_tsc cpuid tsc_known_freq pni pclmulqdq ssse3 fma cx16 pcid sse4_1 sse4_2 x2apic movbe popcnt tsc_deadline_timer aes xsave avx f16c rdrand hypervisor lahf_lm abm cpuid_fault invpcid_single ssbd ibrs ibpb stibp ibrs_enhanced fsgsbase tsc_adjust bmi1 avx2 smep bmi2 erms invpcid smap xsaveopt arat md_clear arch_capabilities\u000abugs		: spectre_v1 spectre_v2 spec_store_bypass swapgs\u000abogomips	: 5000.02\u000aclflush size	: 64\u000acache_alignment	: 64\u000aaddress sizes	: 46 bits physical, 48 bits virtual\u000apower management:\u000a\u000a
p129
sV/proc/meminfo
p130
VMemTotal:        1717184 kB\u000aMemFree:         1116880 kB\u000aMemAvailable:    1485564 kB\u000aBuffers:           18096 kB\u000aCached:           464716 kB\u000aSwapCached:            0 kB\u000aActive:            95336 kB\u000aInactive:         448352 kB\u000aActive(anon):      60868 kB\u000aInactive(anon):      216 kB\u000aActive(file):      34468 kB\u000aInactive(file):   448136 kB\u000aUnevictable:           0 kB\u000aMlocked:               0 kB\u000aSwapTotal:             0 kB\u000aSwapFree:              0 kB\u000aDirty:                 4 kB\u000aWriteback:             0 kB\u000aAnonPages:         60788 kB\u000aMapped:            35324 kB\u000aShmem:               220 kB\u000aSlab:              43720 kB\u000aSReclaimable:      33172 kB\u000aSUnreclaim:        10548 kB\u000aKernelStack:        1136 kB\u000aPageTables:         1396 kB\u000aNFS_Unstable:          0 kB\u000aBounce:                0 kB\u000aWritebackTmp:          0 kB\u000aCommitLimit:      858592 kB\u000aCommitted_AS:     252876 kB\u000aVmallocTotal:   34359738367 kB\u000aVmallocUsed:           0 kB\u000aVmallocChunk:          0 kB\u000aAnonHugePages:         0 kB\u000aShmemHugePages:        0 kB\u000aShmemPmdMapped:        0 kB\u000aHugePages_Total:       0\u000aHugePages_Free:        0\u000aHugePages_Rsvd:        0\u000aHugePages_Surp:        0\u000aHugepagesize:       2048 kB\u000aDirectMap4k:       21504 kB\u000aDirectMap2M:     1740800 kB\u000a
p131
ssVstatus_key
p132
Vpywren.jobs/60671e30-09f3-432c-b4e8-62912eb46be4/00002/status.json
p133
sVend_time
p134
F1609154225.186882
sVlog_group_name
p135
V/aws/lambda/pywren_redis_2
p136
sVdata_key
p137
Vpywren.jobs/60671e30-09f3-432c-b4e8-62912eb46be4/aggdata.pickle
p138
sa(dp139
Vcallset_id
p140
V60671e30-09f3-432c-b4e8-62912eb46be4
p141
sVlog_stream_name
p142
V2020/12/28/[$LATEST]8d1713ee67f2499f94ca18db35899706
p143
sVstdout
p144
V
sVfunc_key
p145
Vpywren.jobs/60671e30-09f3-432c-b4e8-62912eb46be4/func.pickle
p146
sVfree_disk_bytes
p147
I538333184
sVruntime_cached
p148
I00
sVretcode
p149
I0
sVcall_id
p150
V00003
p151
sVoutput_key
p152
Vpywren.jobs/60671e30-09f3-432c-b4e8-62912eb46be4/00003/output.pickle
p153
sVruntime_s3_key_used
p154
Vbe2299-pywren.runtimes/default_2.7.tar.gz.0080
p155
sVaws_request_id
p156
Vd4fbc88a-8452-4be7-b5db-02a197a73b2d
p157
sVexec_time
p158
F86.46793794631958
sVstart_time
p159
F1609154111.640034
sVsetup_time
p160
F7.1981010437011719
sVruntime_s3_bucket_used
p161
Vpywren-runtimes-public-us-west-2
p162
sVexception
p163
NsVhost_submit_time
p164
F1609154110.9192131
sVserver_info
p165
(dp166
Vuname
p167
V('Linux', '169.254.12.197', '4.14.203-112.332.amzn2.x86_64', '#1 SMP Wed Nov 4 20:46:34 UTC 2020', 'x86_64', 'x86_64')
p168
sV/proc/self/cgroup
p169
VMemTotal:        1717184 kB\u000aMemFree:         1118024 kB\u000aMemAvailable:    1486300 kB\u000aBuffers:           17848 kB\u000aCached:           464704 kB\u000aSwapCached:            0 kB\u000aActive:            94660 kB\u000aInactive:         448296 kB\u000aActive(anon):      60396 kB\u000aInactive(anon):      216 kB\u000aActive(file):      34264 kB\u000aInactive(file):   448080 kB\u000aUnevictable:           0 kB\u000aMlocked:               0 kB\u000aSwapTotal:             0 kB\u000aSwapFree:              0 kB\u000aDirty:               236 kB\u000aWriteback:             0 kB\u000aAnonPages:         60396 kB\u000aMapped:            35132 kB\u000aShmem:               220 kB\u000aSlab:              43284 kB\u000aSReclaimable:      32880 kB\u000aSUnreclaim:        10404 kB\u000aKernelStack:        1136 kB\u000aPageTables:         1336 kB\u000aNFS_Unstable:          0 kB\u000aBounce:                0 kB\u000aWritebackTmp:          0 kB\u000aCommitLimit:      858592 kB\u000aCommitted_AS:     253840 kB\u000aVmallocTotal:   34359738367 kB\u000aVmallocUsed:           0 kB\u000aVmallocChunk:          0 kB\u000aAnonHugePages:         0 kB\u000aShmemHugePages:        0 kB\u000aShmemPmdMapped:        0 kB\u000aHugePages_Total:       0\u000aHugePages_Free:        0\u000aHugePages_Rsvd:        0\u000aHugePages_Surp:        0\u000aHugepagesize:       2048 kB\u000aDirectMap4k:       23552 kB\u000aDirectMap2M:     1738752 kB\u000a
p170
sV/proc/cgroups
p171
V#subsys_name	hierarchy	num_cgroups	enabled\u000acpuset	6	1	1\u000acpu	4	5	1\u000acpuacct	4	5	1\u000ablkio	5	1	1\u000amemory	11	5	1\u000adevices	9	1	1\u000afreezer	3	2	1\u000anet_cls	7	1	1\u000aperf_event	10	1	1\u000anet_prio	7	1	1\u000ahugetlb	2	1	1\u000apids	8	1	1\u000a
p172
sV/proc/cpuinfo
p173
Vprocessor	: 0\u000avendor_id	: GenuineIntel\u000acpu family	: 6\u000amodel		: 63\u000amodel name	: Intel(R) Xeon(R) Processor @ 2.50GHz\u000astepping	: 2\u000amicrocode	: 0x1\u000acpu MHz		: 2500.010\u000acache size	: 33792 KB\u000aphysical id	: 0\u000asiblings	: 2\u000acore id		: 0\u000acpu cores	: 2\u000aapicid		: 0\u000ainitial apicid	: 0\u000afpu		: yes\u000afpu_exception	: yes\u000acpuid level	: 13\u000awp		: yes\u000aflags		: fpu vme de pse tsc msr pae mce cx8 apic sep mtrr pge mca cmov pat pse36 clflush mmx fxsr sse sse2 ht syscall nx rdtscp lm constant_tsc rep_good nopl xtopology nonstop_tsc cpuid tsc_known_freq pni pclmulqdq ssse3 fma cx16 pcid sse4_1 sse4_2 x2apic movbe popcnt tsc_deadline_timer aes xsave avx f16c rdrand hypervisor lahf_lm abm cpuid_fault invpcid_single pti ssbd ibrs ibpb stibp fsgsbase tsc_adjust bmi1 avx2 smep bmi2 erms invpcid smap xsaveopt arat md_clear arch_capabilities\u000abugs		: cpu_meltdown spectre_v1 spectre_v2 spec_store_bypass l1tf mds swapgs\u000abogomips	: 5000.02\u000aclflush size	: 64\u000acache_alignment	: 64\u000aaddress sizes	: 46 bits physical, 48 bits virtual\u000apower management:\u000a\u000aprocessor	: 1\u000avendor_id	: GenuineIntel\u000acpu family	: 6\u000amodel		: 63\u000amodel name	: Intel(R) Xeon(R) Processor @ 2.50GHz\u000astepping	: 2\u000amicrocode	: 0x1\u000acpu MHz		: 2500.010\u000acache size	: 33792 KB\u000aphysical id	: 0\u000asiblings	: 2\u000acore id		: 1\u000acpu cores	: 2\u000aapicid		: 1\u000ainitial apicid	: 1\u000afpu		: yes\u000afpu_exception	: yes\u000acpuid level	: 13\u000awp		: yes\u000aflags		: fpu vme de pse tsc msr pae mce cx8 apic sep mtrr pge mca cmov pat pse36 clflush mmx fxsr sse sse2 ht syscall nx rdtscp lm constant_tsc rep_good nopl xtopology nonstop_tsc cpuid tsc_known_freq pni pclmulqdq ssse3 fma cx16 pcid sse4_1 sse4_2 x2apic movbe popcnt tsc_deadline_timer aes xsave avx f16c rdrand hypervisor lahf_lm abm cpuid_fault invpcid_single pti ssbd ibrs ibpb stibp fsgsbase tsc_adjust bmi1 avx2 smep bmi2 erms invpcid smap xsaveopt arat md_clear arch_capabilities\u000abugs		: cpu_meltdown spectre_v1 spectre_v2 spec_store_bypass l1tf mds swapgs\u000abogomips	: 5000.02\u000aclflush size	: 64\u000acache_alignment	: 64\u000aaddress sizes	: 46 bits physical, 48 bits virtual\u000apower management:\u000a\u000a
p174
sV/proc/meminfo
p175
VMemTotal:        1717184 kB\u000aMemFree:         1118024 kB\u000aMemAvailable:    1486300 kB\u000aBuffers:           17848 kB\u000aCached:           464704 kB\u000aSwapCached:            0 kB\u000aActive:            94660 kB\u000aInactive:         448296 kB\u000aActive(anon):      60396 kB\u000aInactive(anon):      216 kB\u000aActive(file):      34264 kB\u000aInactive(file):   448080 kB\u000aUnevictable:           0 kB\u000aMlocked:               0 kB\u000aSwapTotal:             0 kB\u000aSwapFree:              0 kB\u000aDirty:               236 kB\u000aWriteback:             0 kB\u000aAnonPages:         60396 kB\u000aMapped:            35132 kB\u000aShmem:               220 kB\u000aSlab:              43284 kB\u000aSReclaimable:      32880 kB\u000aSUnreclaim:        10404 kB\u000aKernelStack:        1136 kB\u000aPageTables:         1336 kB\u000aNFS_Unstable:          0 kB\u000aBounce:                0 kB\u000aWritebackTmp:          0 kB\u000aCommitLimit:      858592 kB\u000aCommitted_AS:     253840 kB\u000aVmallocTotal:   34359738367 kB\u000aVmallocUsed:           0 kB\u000aVmallocChunk:          0 kB\u000aAnonHugePages:         0 kB\u000aShmemHugePages:        0 kB\u000aShmemPmdMapped:        0 kB\u000aHugePages_Total:       0\u000aHugePages_Free:        0\u000aHugePages_Rsvd:        0\u000aHugePages_Surp:        0\u000aHugepagesize:       2048 kB\u000aDirectMap4k:       23552 kB\u000aDirectMap2M:     1738752 kB\u000a
p176
ssVstatus_key
p177
Vpywren.jobs/60671e30-09f3-432c-b4e8-62912eb46be4/00003/status.json
p178
sVend_time
p179
F1609154205.3060679
sVlog_group_name
p180
V/aws/lambda/pywren_redis_2
p181
sVdata_key
p182
Vpywren.jobs/60671e30-09f3-432c-b4e8-62912eb46be4/aggdata.pickle
p183
sa(dp184
Vcallset_id
p185
V60671e30-09f3-432c-b4e8-62912eb46be4
p186
sVlog_stream_name
p187
V2020/12/28/[$LATEST]c191997bc2844244b471003f9c3cddd6
p188
sVstdout
p189
V
sVfunc_key
p190
Vpywren.jobs/60671e30-09f3-432c-b4e8-62912eb46be4/func.pickle
p191
sVfree_disk_bytes
p192
I538333184
sVruntime_cached
p193
I00
sVretcode
p194
I0
sVcall_id
p195
V00004
p196
sVoutput_key
p197
Vpywren.jobs/60671e30-09f3-432c-b4e8-62912eb46be4/00004/output.pickle
p198
sVruntime_s3_key_used
p199
V9e6738-pywren.runtimes/default_2.7.tar.gz.0081
p200
sVaws_request_id
p201
V1ab71c30-f716-4ae8-bfed-c99387731037
p202
sVexec_time
p203
F84.573249816894531
sVstart_time
p204
F1609154111.67998
sVsetup_time
p205
F7.0784220695495605
sVruntime_s3_bucket_used
p206
Vpywren-runtimes-public-us-west-2
p207
sVexception
p208
NsVhost_submit_time
p209
F1609154110.9307401
sVserver_info
p210
(dp211
Vuname
p212
V('Linux', '169.254.174.29', '4.14.203-112.332.amzn2.x86_64', '#1 SMP Wed Nov 4 20:46:34 UTC 2020', 'x86_64', 'x86_64')
p213
sV/proc/self/cgroup
p214
VMemTotal:        1717184 kB\u000aMemFree:         1117364 kB\u000aMemAvailable:    1486300 kB\u000aBuffers:           17824 kB\u000aCached:           465364 kB\u000aSwapCached:            0 kB\u000aActive:            95904 kB\u000aInactive:         447888 kB\u000aActive(anon):      60596 kB\u000aInactive(anon):      216 kB\u000aActive(file):      35308 kB\u000aInactive(file):   447672 kB\u000aUnevictable:           0 kB\u000aMlocked:               0 kB\u000aSwapTotal:             0 kB\u000aSwapFree:              0 kB\u000aDirty:                 8 kB\u000aWriteback:             0 kB\u000aAnonPages:         60592 kB\u000aMapped:            35180 kB\u000aShmem:               220 kB\u000aSlab:              43272 kB\u000aSReclaimable:      32928 kB\u000aSUnreclaim:        10344 kB\u000aKernelStack:        1152 kB\u000aPageTables:         1336 kB\u000aNFS_Unstable:          0 kB\u000aBounce:                0 kB\u000aWritebackTmp:          0 kB\u000aCommitLimit:      858592 kB\u000aCommitted_AS:     251648 kB\u000aVmallocTotal:   34359738367 kB\u000aVmallocUsed:           0 kB\u000aVmallocChunk:          0 kB\u000aAnonHugePages:         0 kB\u000aShmemHugePages:        0 kB\u000aShmemPmdMapped:        0 kB\u000aHugePages_Total:       0\u000aHugePages_Free:        0\u000aHugePages_Rsvd:        0\u000aHugePages_Surp:        0\u000aHugepagesize:       2048 kB\u000aDirectMap4k:       23552 kB\u000aDirectMap2M:     1738752 kB\u000a
p215
sV/proc/cgroups
p216
V#subsys_name	hierarchy	num_cgroups	enabled\u000acpuset	8	1	1\u000acpu	4	5	1\u000acpuacct	4	5	1\u000ablkio	3	1	1\u000amemory	2	5	1\u000adevices	7	1	1\u000afreezer	11	2	1\u000anet_cls	6	1	1\u000aperf_event	9	1	1\u000anet_prio	6	1	1\u000ahugetlb	10	1	1\u000apids	5	1	1\u000a
p217
sV/proc/cpuinfo
p218
Vprocessor	: 0\u000avendor_id	: GenuineIntel\u000acpu family	: 6\u000amodel		: 63\u000amodel name	: Intel(R) Xeon(R) Processor @ 2.50GHz\u000astepping	: 2\u000amicrocode	: 0x1\u000acpu MHz		: 2500.008\u000acache size	: 36608 KB\u000aphysical id	: 0\u000asiblings	: 2\u000acore id		: 0\u000acpu cores	: 2\u000aapicid		: 0\u000ainitial apicid	: 0\u000afpu		: yes\u000afpu_exception	: yes\u000acpuid level	: 13\u000awp		: yes\u000aflags		: fpu vme de pse tsc msr pae mce cx8 apic sep mtrr pge mca cmov pat pse36 clflush mmx fxsr sse sse2 ht syscall nx rdtscp lm constant_tsc rep_good nopl xtopology nonstop_tsc cpuid tsc_known_freq pni pclmulqdq ssse3 fma cx16 pcid sse4_1 sse4_2 x2apic movbe popcnt tsc_deadline_timer aes xsave avx f16c rdrand hypervisor lahf_lm abm cpuid_fault invpcid_single ssbd ibrs ibpb stibp ibrs_enhanced fsgsbase tsc_adjust bmi1 avx2 smep bmi2 erms invpcid smap xsaveopt arat md_clear arch_capabilities\u000abugs		: spectre_v1 spectre_v2 spec_store_bypass swapgs\u000abogomips	: 5000.01\u000aclflush size	: 64\u000acache_alignment	: 64\u000aaddress sizes	: 46 bits physical, 48 bits virtual\u000apower management:\u000a\u000aprocessor	: 1\u000avendor_id	: GenuineIntel\u000acpu family	: 6\u000amodel		: 63\u000amodel name	: Intel(R) Xeon(R) Processor @ 2.50GHz\u000astepping	: 2\u000amicrocode	: 0x1\u000acpu MHz		: 2500.008\u000acache size	: 36608 KB\u000aphysical id	: 0\u000asiblings	: 2\u000acore id		: 1\u000acpu cores	: 2\u000aapicid		: 1\u000ainitial apicid	: 1\u000afpu		: yes\u000afpu_exception	: yes\u000acpuid level	: 13\u000awp		: yes\u000aflags		: fpu vme de pse tsc msr pae mce cx8 apic sep mtrr pge mca cmov pat pse36 clflush mmx fxsr sse sse2 ht syscall nx rdtscp lm constant_tsc rep_good nopl xtopology nonstop_tsc cpuid tsc_known_freq pni pclmulqdq ssse3 fma cx16 pcid sse4_1 sse4_2 x2apic movbe popcnt tsc_deadline_timer aes xsave avx f16c rdrand hypervisor lahf_lm abm cpuid_fault invpcid_single ssbd ibrs ibpb stibp ibrs_enhanced fsgsbase tsc_adjust bmi1 avx2 smep bmi2 erms invpcid smap xsaveopt arat md_clear arch_capabilities\u000abugs		: spectre_v1 spectre_v2 spec_store_bypass swapgs\u000abogomips	: 5000.01\u000aclflush size	: 64\u000acache_alignment	: 64\u000aaddress sizes	: 46 bits physical, 48 bits virtual\u000apower management:\u000a\u000a
p219
sV/proc/meminfo
p220
VMemTotal:        1717184 kB\u000aMemFree:         1117364 kB\u000aMemAvailable:    1486300 kB\u000aBuffers:           17824 kB\u000aCached:           465364 kB\u000aSwapCached:            0 kB\u000aActive:            95904 kB\u000aInactive:         447888 kB\u000aActive(anon):      60596 kB\u000aInactive(anon):      216 kB\u000aActive(file):      35308 kB\u000aInactive(file):   447672 kB\u000aUnevictable:           0 kB\u000aMlocked:               0 kB\u000aSwapTotal:             0 kB\u000aSwapFree:              0 kB\u000aDirty:                 8 kB\u000aWriteback:             0 kB\u000aAnonPages:         60592 kB\u000aMapped:            35180 kB\u000aShmem:               220 kB\u000aSlab:              43272 kB\u000aSReclaimable:      32928 kB\u000aSUnreclaim:        10344 kB\u000aKernelStack:        1152 kB\u000aPageTables:         1336 kB\u000aNFS_Unstable:          0 kB\u000aBounce:                0 kB\u000aWritebackTmp:          0 kB\u000aCommitLimit:      858592 kB\u000aCommitted_AS:     251648 kB\u000aVmallocTotal:   34359738367 kB\u000aVmallocUsed:           0 kB\u000aVmallocChunk:          0 kB\u000aAnonHugePages:         0 kB\u000aShmemHugePages:        0 kB\u000aShmemPmdMapped:        0 kB\u000aHugePages_Total:       0\u000aHugePages_Free:        0\u000aHugePages_Rsvd:        0\u000aHugePages_Surp:        0\u000aHugepagesize:       2048 kB\u000aDirectMap4k:       23552 kB\u000aDirectMap2M:     1738752 kB\u000a
p221
ssVstatus_key
p222
Vpywren.jobs/60671e30-09f3-432c-b4e8-62912eb46be4/00004/status.json
p223
sVend_time
p224
F1609154203.331646
sVlog_group_name
p225
V/aws/lambda/pywren_redis_2
p226
sVdata_key
p227
Vpywren.jobs/60671e30-09f3-432c-b4e8-62912eb46be4/aggdata.pickle
p228
sa(dp229
Vcallset_id
p230
V60671e30-09f3-432c-b4e8-62912eb46be4
p231
sVlog_stream_name
p232
V2020/12/28/[$LATEST]dca52297ed684db7a7e1e61bc54d0e94
p233
sVstdout
p234
V
sVfunc_key
p235
Vpywren.jobs/60671e30-09f3-432c-b4e8-62912eb46be4/func.pickle
p236
sVfree_disk_bytes
p237
I538333184
sVruntime_cached
p238
I00
sVretcode
p239
I0
sVcall_id
p240
V00005
p241
sVoutput_key
p242
Vpywren.jobs/60671e30-09f3-432c-b4e8-62912eb46be4/00005/output.pickle
p243
sVruntime_s3_key_used
p244
V83f1d4-pywren.runtimes/default_2.7.tar.gz.0024
p245
sVaws_request_id
p246
V551c61d7-c056-4ed3-a2ab-2c81a3853641
p247
sVexec_time
p248
F94.743120193481445
sVstart_time
p249
F1609154111.708334
sVsetup_time
p250
F7.3269479274749756
sVruntime_s3_bucket_used
p251
Vpywren-runtimes-public-us-west-2
p252
sVexception
p253
NsVhost_submit_time
p254
F1609154110.933717
sVserver_info
p255
(dp256
Vuname
p257
V('Linux', '169.254.1.245', '4.14.203-112.332.amzn2.x86_64', '#1 SMP Wed Nov 4 20:46:34 UTC 2020', 'x86_64', 'x86_64')
p258
sV/proc/self/cgroup
p259
VMemTotal:        1717184 kB\u000aMemFree:         1118032 kB\u000aMemAvailable:    1485688 kB\u000aBuffers:           17388 kB\u000aCached:           464536 kB\u000aSwapCached:            0 kB\u000aActive:            94380 kB\u000aInactive:         448200 kB\u000aActive(anon):      60648 kB\u000aInactive(anon):      216 kB\u000aActive(file):      33732 kB\u000aInactive(file):   447984 kB\u000aUnevictable:           0 kB\u000aMlocked:               0 kB\u000aSwapTotal:             0 kB\u000aSwapFree:              0 kB\u000aDirty:                 8 kB\u000aWriteback:             0 kB\u000aAnonPages:         60556 kB\u000aMapped:            35212 kB\u000aShmem:               220 kB\u000aSlab:              44148 kB\u000aSReclaimable:      32892 kB\u000aSUnreclaim:        11256 kB\u000aKernelStack:        1136 kB\u000aPageTables:         1304 kB\u000aNFS_Unstable:          0 kB\u000aBounce:                0 kB\u000aWritebackTmp:          0 kB\u000aCommitLimit:      858592 kB\u000aCommitted_AS:     253740 kB\u000aVmallocTotal:   34359738367 kB\u000aVmallocUsed:           0 kB\u000aVmallocChunk:          0 kB\u000aAnonHugePages:         0 kB\u000aShmemHugePages:        0 kB\u000aShmemPmdMapped:        0 kB\u000aHugePages_Total:       0\u000aHugePages_Free:        0\u000aHugePages_Rsvd:        0\u000aHugePages_Surp:        0\u000aHugepagesize:       2048 kB\u000aDirectMap4k:       23552 kB\u000aDirectMap2M:     1738752 kB\u000a
p260
sV/proc/cgroups
p261
V#subsys_name	hierarchy	num_cgroups	enabled\u000acpuset	4	1	1\u000acpu	5	5	1\u000acpuacct	5	5	1\u000ablkio	2	1	1\u000amemory	9	5	1\u000adevices	3	1	1\u000afreezer	8	2	1\u000anet_cls	7	1	1\u000aperf_event	11	1	1\u000anet_prio	7	1	1\u000ahugetlb	10	1	1\u000apids	6	1	1\u000a
p262
sV/proc/cpuinfo
p263
Vprocessor	: 0\u000avendor_id	: GenuineIntel\u000acpu family	: 6\u000amodel		: 63\u000amodel name	: Intel(R) Xeon(R) Processor @ 2.50GHz\u000astepping	: 2\u000amicrocode	: 0x1\u000acpu MHz		: 2500.012\u000acache size	: 33792 KB\u000aphysical id	: 0\u000asiblings	: 2\u000acore id		: 0\u000acpu cores	: 2\u000aapicid		: 0\u000ainitial apicid	: 0\u000afpu		: yes\u000afpu_exception	: yes\u000acpuid level	: 13\u000awp		: yes\u000aflags		: fpu vme de pse tsc msr pae mce cx8 apic sep mtrr pge mca cmov pat pse36 clflush mmx fxsr sse sse2 ht syscall nx rdtscp lm constant_tsc rep_good nopl xtopology nonstop_tsc cpuid tsc_known_freq pni pclmulqdq ssse3 fma cx16 pcid sse4_1 sse4_2 x2apic movbe popcnt tsc_deadline_timer aes xsave avx f16c rdrand hypervisor lahf_lm abm cpuid_fault invpcid_single pti ssbd ibrs ibpb stibp fsgsbase tsc_adjust bmi1 avx2 smep bmi2 erms invpcid smap xsaveopt arat md_clear arch_capabilities\u000abugs		: cpu_meltdown spectre_v1 spectre_v2 spec_store_bypass l1tf mds swapgs\u000abogomips	: 5000.02\u000aclflush size	: 64\u000acache_alignment	: 64\u000aaddress sizes	: 46 bits physical, 48 bits virtual\u000apower management:\u000a\u000aprocessor	: 1\u000avendor_id	: GenuineIntel\u000acpu family	: 6\u000amodel		: 63\u000amodel name	: Intel(R) Xeon(R) Processor @ 2.50GHz\u000astepping	: 2\u000amicrocode	: 0x1\u000acpu MHz		: 2500.012\u000acache size	: 33792 KB\u000aphysical id	: 0\u000asiblings	: 2\u000acore id		: 1\u000acpu cores	: 2\u000aapicid		: 1\u000ainitial apicid	: 1\u000afpu		: yes\u000afpu_exception	: yes\u000acpuid level	: 13\u000awp		: yes\u000aflags		: fpu vme de pse tsc msr pae mce cx8 apic sep mtrr pge mca cmov pat pse36 clflush mmx fxsr sse sse2 ht syscall nx rdtscp lm constant_tsc rep_good nopl xtopology nonstop_tsc cpuid tsc_known_freq pni pclmulqdq ssse3 fma cx16 pcid sse4_1 sse4_2 x2apic movbe popcnt tsc_deadline_timer aes xsave avx f16c rdrand hypervisor lahf_lm abm cpuid_fault invpcid_single pti ssbd ibrs ibpb stibp fsgsbase tsc_adjust bmi1 avx2 smep bmi2 erms invpcid smap xsaveopt arat md_clear arch_capabilities\u000abugs		: cpu_meltdown spectre_v1 spectre_v2 spec_store_bypass l1tf mds swapgs\u000abogomips	: 5000.02\u000aclflush size	: 64\u000acache_alignment	: 64\u000aaddress sizes	: 46 bits physical, 48 bits virtual\u000apower management:\u000a\u000a
p264
sV/proc/meminfo
p265
VMemTotal:        1717184 kB\u000aMemFree:         1118032 kB\u000aMemAvailable:    1485688 kB\u000aBuffers:           17388 kB\u000aCached:           464536 kB\u000aSwapCached:            0 kB\u000aActive:            94380 kB\u000aInactive:         448200 kB\u000aActive(anon):      60648 kB\u000aInactive(anon):      216 kB\u000aActive(file):      33732 kB\u000aInactive(file):   447984 kB\u000aUnevictable:           0 kB\u000aMlocked:               0 kB\u000aSwapTotal:             0 kB\u000aSwapFree:              0 kB\u000aDirty:                 8 kB\u000aWriteback:             0 kB\u000aAnonPages:         60556 kB\u000aMapped:            35212 kB\u000aShmem:               220 kB\u000aSlab:              44148 kB\u000aSReclaimable:      32892 kB\u000aSUnreclaim:        11256 kB\u000aKernelStack:        1136 kB\u000aPageTables:         1304 kB\u000aNFS_Unstable:          0 kB\u000aBounce:                0 kB\u000aWritebackTmp:          0 kB\u000aCommitLimit:      858592 kB\u000aCommitted_AS:     253740 kB\u000aVmallocTotal:   34359738367 kB\u000aVmallocUsed:           0 kB\u000aVmallocChunk:          0 kB\u000aAnonHugePages:         0 kB\u000aShmemHugePages:        0 kB\u000aShmemPmdMapped:        0 kB\u000aHugePages_Total:       0\u000aHugePages_Free:        0\u000aHugePages_Rsvd:        0\u000aHugePages_Surp:        0\u000aHugepagesize:       2048 kB\u000aDirectMap4k:       23552 kB\u000aDirectMap2M:     1738752 kB\u000a
p266
ssVstatus_key
p267
Vpywren.jobs/60671e30-09f3-432c-b4e8-62912eb46be4/00005/status.json
p268
sVend_time
p269
F1609154213.7783959
sVlog_group_name
p270
V/aws/lambda/pywren_redis_2
p271
sVdata_key
p272
Vpywren.jobs/60671e30-09f3-432c-b4e8-62912eb46be4/aggdata.pickle
p273
sa(dp274
Vcallset_id
p275
V60671e30-09f3-432c-b4e8-62912eb46be4
p276
sVlog_stream_name
p277
V2020/12/28/[$LATEST]55ebc9aee9a64d3689593a94c534fe92
p278
sVstdout
p279
V
sVfunc_key
p280
Vpywren.jobs/60671e30-09f3-432c-b4e8-62912eb46be4/func.pickle
p281
sVfree_disk_bytes
p282
I538333184
sVruntime_cached
p283
I00
sVretcode
p284
I0
sVcall_id
p285
V00006
p286
sVoutput_key
p287
Vpywren.jobs/60671e30-09f3-432c-b4e8-62912eb46be4/00006/output.pickle
p288
sVruntime_s3_key_used
p289
V1238dc-pywren.runtimes/default_2.7.tar.gz.0023
p290
sVaws_request_id
p291
V8ba816b9-cbf0-46e2-af5d-bc488caff86a
p292
sVexec_time
p293
F82.325235843658447
sVstart_time
p294
F1609154111.6814449
sVsetup_time
p295
F7.1278212070465088
sVruntime_s3_bucket_used
p296
Vpywren-runtimes-public-us-west-2
p297
sVexception
p298
NsVhost_submit_time
p299
F1609154110.939723
sVserver_info
p300
(dp301
Vuname
p302
V('Linux', '169.254.224.253', '4.14.203-112.332.amzn2.x86_64', '#1 SMP Wed Nov 4 20:46:34 UTC 2020', 'x86_64', 'x86_64')
p303
sV/proc/self/cgroup
p304
VMemTotal:        1717184 kB\u000aMemFree:         1116732 kB\u000aMemAvailable:    1485580 kB\u000aBuffers:           17908 kB\u000aCached:           465124 kB\u000aSwapCached:            0 kB\u000aActive:            96136 kB\u000aInactive:         447780 kB\u000aActive(anon):      60876 kB\u000aInactive(anon):      216 kB\u000aActive(file):      35260 kB\u000aInactive(file):   447564 kB\u000aUnevictable:           0 kB\u000aMlocked:               0 kB\u000aSwapTotal:             0 kB\u000aSwapFree:              0 kB\u000aDirty:                12 kB\u000aWriteback:             0 kB\u000aAnonPages:         60904 kB\u000aMapped:            35072 kB\u000aShmem:               220 kB\u000aSlab:              43636 kB\u000aSReclaimable:      33060 kB\u000aSUnreclaim:        10576 kB\u000aKernelStack:        1152 kB\u000aPageTables:         1320 kB\u000aNFS_Unstable:          0 kB\u000aBounce:                0 kB\u000aWritebackTmp:          0 kB\u000aCommitLimit:      858592 kB\u000aCommitted_AS:     253808 kB\u000aVmallocTotal:   34359738367 kB\u000aVmallocUsed:           0 kB\u000aVmallocChunk:          0 kB\u000aAnonHugePages:         0 kB\u000aShmemHugePages:        0 kB\u000aShmemPmdMapped:        0 kB\u000aHugePages_Total:       0\u000aHugePages_Free:        0\u000aHugePages_Rsvd:        0\u000aHugePages_Surp:        0\u000aHugepagesize:       2048 kB\u000aDirectMap4k:       21504 kB\u000aDirectMap2M:     1740800 kB\u000a
p305
sV/proc/cgroups
p306
V#subsys_name	hierarchy	num_cgroups	enabled\u000acpuset	9	1	1\u000acpu	4	5	1\u000acpuacct	4	5	1\u000ablkio	3	1	1\u000amemory	8	5	1\u000adevices	10	1	1\u000afreezer	2	2	1\u000anet_cls	7	1	1\u000aperf_event	5	1	1\u000anet_prio	7	1	1\u000ahugetlb	11	1	1\u000apids	6	1	1\u000a
p307
sV/proc/cpuinfo
p308
Vprocessor	: 0\u000avendor_id	: GenuineIntel\u000acpu family	: 6\u000amodel		: 63\u000amodel name	: Intel(R) Xeon(R) Processor @ 2.50GHz\u000astepping	: 2\u000amicrocode	: 0x1\u000acpu MHz		: 2500.010\u000acache size	: 36608 KB\u000aphysical id	: 0\u000asiblings	: 2\u000acore id		: 0\u000acpu cores	: 2\u000aapicid		: 0\u000ainitial apicid	: 0\u000afpu		: yes\u000afpu_exception	: yes\u000acpuid level	: 13\u000awp		: yes\u000aflags		: fpu vme de pse tsc msr pae mce cx8 apic sep mtrr pge mca cmov pat pse36 clflush mmx fxsr sse sse2 ht syscall nx rdtscp lm constant_tsc rep_good nopl xtopology nonstop_tsc cpuid tsc_known_freq pni pclmulqdq ssse3 fma cx16 pcid sse4_1 sse4_2 x2apic movbe popcnt tsc_deadline_timer aes xsave avx f16c rdrand hypervisor lahf_lm abm cpuid_fault invpcid_single ssbd ibrs ibpb stibp ibrs_enhanced fsgsbase tsc_adjust bmi1 avx2 smep bmi2 erms invpcid smap xsaveopt arat md_clear arch_capabilities\u000abugs		: spectre_v1 spectre_v2 spec_store_bypass swapgs\u000abogomips	: 5000.02\u000aclflush size	: 64\u000acache_alignment	: 64\u000aaddress sizes	: 46 bits physical, 48 bits virtual\u000apower management:\u000a\u000aprocessor	: 1\u000avendor_id	: GenuineIntel\u000acpu family	: 6\u000amodel		: 63\u000amodel name	: Intel(R) Xeon(R) Processor @ 2.50GHz\u000astepping	: 2\u000amicrocode	: 0x1\u000acpu MHz		: 2500.010\u000acache size	: 36608 KB\u000aphysical id	: 0\u000asiblings	: 2\u000acore id		: 1\u000acpu cores	: 2\u000aapicid		: 1\u000ainitial apicid	: 1\u000afpu		: yes\u000afpu_exception	: yes\u000acpuid level	: 13\u000awp		: yes\u000aflags		: fpu vme de pse tsc msr pae mce cx8 apic sep mtrr pge mca cmov pat pse36 clflush mmx fxsr sse sse2 ht syscall nx rdtscp lm constant_tsc rep_good nopl xtopology nonstop_tsc cpuid tsc_known_freq pni pclmulqdq ssse3 fma cx16 pcid sse4_1 sse4_2 x2apic movbe popcnt tsc_deadline_timer aes xsave avx f16c rdrand hypervisor lahf_lm abm cpuid_fault invpcid_single ssbd ibrs ibpb stibp ibrs_enhanced fsgsbase tsc_adjust bmi1 avx2 smep bmi2 erms invpcid smap xsaveopt arat md_clear arch_capabilities\u000abugs		: spectre_v1 spectre_v2 spec_store_bypass swapgs\u000abogomips	: 5000.02\u000aclflush size	: 64\u000acache_alignment	: 64\u000aaddress sizes	: 46 bits physical, 48 bits virtual\u000apower management:\u000a\u000a
p309
sV/proc/meminfo
p310
VMemTotal:        1717184 kB\u000aMemFree:         1116732 kB\u000aMemAvailable:    1485580 kB\u000aBuffers:           17908 kB\u000aCached:           465124 kB\u000aSwapCached:            0 kB\u000aActive:            96136 kB\u000aInactive:         447780 kB\u000aActive(anon):      60876 kB\u000aInactive(anon):      216 kB\u000aActive(file):      35260 kB\u000aInactive(file):   447564 kB\u000aUnevictable:           0 kB\u000aMlocked:               0 kB\u000aSwapTotal:             0 kB\u000aSwapFree:              0 kB\u000aDirty:                12 kB\u000aWriteback:             0 kB\u000aAnonPages:         60904 kB\u000aMapped:            35072 kB\u000aShmem:               220 kB\u000aSlab:              43636 kB\u000aSReclaimable:      33060 kB\u000aSUnreclaim:        10576 kB\u000aKernelStack:        1152 kB\u000aPageTables:         1320 kB\u000aNFS_Unstable:          0 kB\u000aBounce:                0 kB\u000aWritebackTmp:          0 kB\u000aCommitLimit:      858592 kB\u000aCommitted_AS:     253808 kB\u000aVmallocTotal:   34359738367 kB\u000aVmallocUsed:           0 kB\u000aVmallocChunk:          0 kB\u000aAnonHugePages:         0 kB\u000aShmemHugePages:        0 kB\u000aShmemPmdMapped:        0 kB\u000aHugePages_Total:       0\u000aHugePages_Free:        0\u000aHugePages_Rsvd:        0\u000aHugePages_Surp:        0\u000aHugepagesize:       2048 kB\u000aDirectMap4k:       21504 kB\u000aDirectMap2M:     1740800 kB\u000a
p311
ssVstatus_key
p312
Vpywren.jobs/60671e30-09f3-432c-b4e8-62912eb46be4/00006/status.json
p313
sVend_time
p314
F1609154201.134496
sVlog_group_name
p315
V/aws/lambda/pywren_redis_2
p316
sVdata_key
p317
Vpywren.jobs/60671e30-09f3-432c-b4e8-62912eb46be4/aggdata.pickle
p318
sa(dp319
Vcallset_id
p320
V60671e30-09f3-432c-b4e8-62912eb46be4
p321
sVlog_stream_name
p322
V2020/12/28/[$LATEST]6b22c7e7aed14c7388a527b0296071a2
p323
sVstdout
p324
V
sVfunc_key
p325
Vpywren.jobs/60671e30-09f3-432c-b4e8-62912eb46be4/func.pickle
p326
sVfree_disk_bytes
p327
I538333184
sVruntime_cached
p328
I00
sVretcode
p329
I0
sVcall_id
p330
V00007
p331
sVoutput_key
p332
Vpywren.jobs/60671e30-09f3-432c-b4e8-62912eb46be4/00007/output.pickle
p333
sVruntime_s3_key_used
p334
V85df1b-pywren.runtimes/default_2.7.tar.gz.0066
p335
sVaws_request_id
p336
V76fc726c-c0e2-4568-9185-6bfde057149e
p337
sVexec_time
p338
F86.470628023147583
sVstart_time
p339
F1609154111.6326361
sVsetup_time
p340
F6.9802958965301514
sVruntime_s3_bucket_used
p341
Vpywren-runtimes-public-us-west-2
p342
sVexception
p343
NsVhost_submit_time
p344
F1609154110.9488571
sVserver_info
p345
(dp346
Vuname
p347
V('Linux', '169.254.131.21', '4.14.203-112.332.amzn2.x86_64', '#1 SMP Wed Nov 4 20:46:34 UTC 2020', 'x86_64', 'x86_64')
p348
sV/proc/self/cgroup
p349
VMemTotal:        1717184 kB\u000aMemFree:         1121852 kB\u000aMemAvailable:    1487124 kB\u000aBuffers:           17704 kB\u000aCached:           461756 kB\u000aSwapCached:            0 kB\u000aActive:            94272 kB\u000aInactive:         445788 kB\u000aActive(anon):      60592 kB\u000aInactive(anon):      216 kB\u000aActive(file):      33680 kB\u000aInactive(file):   445572 kB\u000aUnevictable:           0 kB\u000aMlocked:               0 kB\u000aSwapTotal:             0 kB\u000aSwapFree:              0 kB\u000aDirty:                 4 kB\u000aWriteback:             0 kB\u000aAnonPages:         60588 kB\u000aMapped:            35328 kB\u000aShmem:               220 kB\u000aSlab:              42880 kB\u000aSReclaimable:      33056 kB\u000aSUnreclaim:         9824 kB\u000aKernelStack:        1136 kB\u000aPageTables:         1340 kB\u000aNFS_Unstable:          0 kB\u000aBounce:                0 kB\u000aWritebackTmp:          0 kB\u000aCommitLimit:      858592 kB\u000aCommitted_AS:     252812 kB\u000aVmallocTotal:   34359738367 kB\u000aVmallocUsed:           0 kB\u000aVmallocChunk:          0 kB\u000aAnonHugePages:         0 kB\u000aShmemHugePages:        0 kB\u000aShmemPmdMapped:        0 kB\u000aHugePages_Total:       0\u000aHugePages_Free:        0\u000aHugePages_Rsvd:        0\u000aHugePages_Surp:        0\u000aHugepagesize:       2048 kB\u000aDirectMap4k:       19456 kB\u000aDirectMap2M:     1742848 kB\u000a
p350
sV/proc/cgroups
p351
V#subsys_name	hierarchy	num_cgroups	enabled\u000acpuset	7	1	1\u000acpu	3	5	1\u000acpuacct	3	5	1\u000ablkio	4	1	1\u000amemory	9	5	1\u000adevices	2	1	1\u000afreezer	5	2	1\u000anet_cls	8	1	1\u000aperf_event	10	1	1\u000anet_prio	8	1	1\u000ahugetlb	6	1	1\u000apids	11	1	1\u000a
p352
sV/proc/cpuinfo
p353
Vprocessor	: 0\u000avendor_id	: GenuineIntel\u000acpu family	: 6\u000amodel		: 63\u000amodel name	: Intel(R) Xeon(R) Processor @ 2.50GHz\u000astepping	: 2\u000amicrocode	: 0x1\u000acpu MHz		: 2500.014\u000acache size	: 36608 KB\u000aphysical id	: 0\u000asiblings	: 2\u000acore id		: 0\u000acpu cores	: 2\u000aapicid		: 0\u000ainitial apicid	: 0\u000afpu		: yes\u000afpu_exception	: yes\u000acpuid level	: 13\u000awp		: yes\u000aflags		: fpu vme de pse tsc msr pae mce cx8 apic sep mtrr pge mca cmov pat pse36 clflush mmx fxsr sse sse2 ht syscall nx rdtscp lm constant_tsc rep_good nopl xtopology nonstop_tsc cpuid tsc_known_freq pni pclmulqdq ssse3 fma cx16 pcid sse4_1 sse4_2 x2apic movbe popcnt tsc_deadline_timer aes xsave avx f16c rdrand hypervisor lahf_lm abm cpuid_fault invpcid_single ssbd ibrs ibpb stibp ibrs_enhanced fsgsbase tsc_adjust bmi1 avx2 smep bmi2 erms invpcid smap xsaveopt arat md_clear arch_capabilities\u000abugs		: spectre_v1 spectre_v2 spec_store_bypass swapgs\u000abogomips	: 5000.02\u000aclflush size	: 64\u000acache_alignment	: 64\u000aaddress sizes	: 46 bits physical, 48 bits virtual\u000apower management:\u000a\u000aprocessor	: 1\u000avendor_id	: GenuineIntel\u000acpu family	: 6\u000amodel		: 63\u000amodel name	: Intel(R) Xeon(R) Processor @ 2.50GHz\u000astepping	: 2\u000amicrocode	: 0x1\u000acpu MHz		: 2500.014\u000acache size	: 36608 KB\u000aphysical id	: 0\u000asiblings	: 2\u000acore id		: 1\u000acpu cores	: 2\u000aapicid		: 1\u000ainitial apicid	: 1\u000afpu		: yes\u000afpu_exception	: yes\u000acpuid level	: 13\u000awp		: yes\u000aflags		: fpu vme de pse tsc msr pae mce cx8 apic sep mtrr pge mca cmov pat pse36 clflush mmx fxsr sse sse2 ht syscall nx rdtscp lm constant_tsc rep_good nopl xtopology nonstop_tsc cpuid tsc_known_freq pni pclmulqdq ssse3 fma cx16 pcid sse4_1 sse4_2 x2apic movbe popcnt tsc_deadline_timer aes xsave avx f16c rdrand hypervisor lahf_lm abm cpuid_fault invpcid_single ssbd ibrs ibpb stibp ibrs_enhanced fsgsbase tsc_adjust bmi1 avx2 smep bmi2 erms invpcid smap xsaveopt arat md_clear arch_capabilities\u000abugs		: spectre_v1 spectre_v2 spec_store_bypass swapgs\u000abogomips	: 5000.02\u000aclflush size	: 64\u000acache_alignment	: 64\u000aaddress sizes	: 46 bits physical, 48 bits virtual\u000apower management:\u000a\u000a
p354
sV/proc/meminfo
p355
VMemTotal:        1717184 kB\u000aMemFree:         1121852 kB\u000aMemAvailable:    1487124 kB\u000aBuffers:           17704 kB\u000aCached:           461756 kB\u000aSwapCached:            0 kB\u000aActive:            94272 kB\u000aInactive:         445788 kB\u000aActive(anon):      60592 kB\u000aInactive(anon):      216 kB\u000aActive(file):      33680 kB\u000aInactive(file):   445572 kB\u000aUnevictable:           0 kB\u000aMlocked:               0 kB\u000aSwapTotal:             0 kB\u000aSwapFree:              0 kB\u000aDirty:                 4 kB\u000aWriteback:             0 kB\u000aAnonPages:         60588 kB\u000aMapped:            35328 kB\u000aShmem:               220 kB\u000aSlab:              42880 kB\u000aSReclaimable:      33056 kB\u000aSUnreclaim:         9824 kB\u000aKernelStack:        1136 kB\u000aPageTables:         1340 kB\u000aNFS_Unstable:          0 kB\u000aBounce:                0 kB\u000aWritebackTmp:          0 kB\u000aCommitLimit:      858592 kB\u000aCommitted_AS:     252812 kB\u000aVmallocTotal:   34359738367 kB\u000aVmallocUsed:           0 kB\u000aVmallocChunk:          0 kB\u000aAnonHugePages:         0 kB\u000aShmemHugePages:        0 kB\u000aShmemPmdMapped:        0 kB\u000aHugePages_Total:       0\u000aHugePages_Free:        0\u000aHugePages_Rsvd:        0\u000aHugePages_Surp:        0\u000aHugepagesize:       2048 kB\u000aDirectMap4k:       19456 kB\u000aDirectMap2M:     1742848 kB\u000a
p356
ssVstatus_key
p357
Vpywren.jobs/60671e30-09f3-432c-b4e8-62912eb46be4/00007/status.json
p358
sVend_time
p359
F1609154205.083554
sVlog_group_name
p360
V/aws/lambda/pywren_redis_2
p361
sVdata_key
p362
Vpywren.jobs/60671e30-09f3-432c-b4e8-62912eb46be4/aggdata.pickle
p363
sa(dp364
Vcallset_id
p365
V60671e30-09f3-432c-b4e8-62912eb46be4
p366
sVlog_stream_name
p367
V2020/12/28/[$LATEST]6b3b097686874487958ab3b62697e8aa
p368
sVstdout
p369
V
sVfunc_key
p370
Vpywren.jobs/60671e30-09f3-432c-b4e8-62912eb46be4/func.pickle
p371
sVfree_disk_bytes
p372
I538333184
sVruntime_cached
p373
I00
sVretcode
p374
I0
sVcall_id
p375
V00008
p376
sVoutput_key
p377
Vpywren.jobs/60671e30-09f3-432c-b4e8-62912eb46be4/00008/output.pickle
p378
sVruntime_s3_key_used
p379
Vd75e32-pywren.runtimes/default_2.7.tar.gz.0094
p380
sVaws_request_id
p381
Vc3914404-23d4-4e51-bb1c-24ec6fecef45
p382
sVexec_time
p383
F82.445111989974976
sVstart_time
p384
F1609154111.664865
sVsetup_time
p385
F6.9800100326538086
sVruntime_s3_bucket_used
p386
Vpywren-runtimes-public-us-west-2
p387
sVexception
p388
NsVhost_submit_time
p389
F1609154110.9601369
sVserver_info
p390
(dp391
Vuname
p392
V('Linux', '169.254.106.133', '4.14.203-112.332.amzn2.x86_64', '#1 SMP Wed Nov 4 20:46:34 UTC 2020', 'x86_64', 'x86_64')
p393
sV/proc/self/cgroup
p394
VMemTotal:        1717184 kB\u000aMemFree:         1118788 kB\u000aMemAvailable:    1484852 kB\u000aBuffers:           16852 kB\u000aCached:           463428 kB\u000aSwapCached:            0 kB\u000aActive:            93540 kB\u000aInactive:         447508 kB\u000aActive(anon):      60756 kB\u000aInactive(anon):      216 kB\u000aActive(file):      32784 kB\u000aInactive(file):   447292 kB\u000aUnevictable:           0 kB\u000aMlocked:               0 kB\u000aSwapTotal:             0 kB\u000aSwapFree:              0 kB\u000aDirty:               224 kB\u000aWriteback:             0 kB\u000aAnonPages:         60668 kB\u000aMapped:            35112 kB\u000aShmem:               220 kB\u000aSlab:              44504 kB\u000aSReclaimable:      32992 kB\u000aSUnreclaim:        11512 kB\u000aKernelStack:        1168 kB\u000aPageTables:         1416 kB\u000aNFS_Unstable:          0 kB\u000aBounce:                0 kB\u000aWritebackTmp:          0 kB\u000aCommitLimit:      858592 kB\u000aCommitted_AS:     253580 kB\u000aVmallocTotal:   34359738367 kB\u000aVmallocUsed:           0 kB\u000aVmallocChunk:          0 kB\u000aAnonHugePages:         0 kB\u000aShmemHugePages:        0 kB\u000aShmemPmdMapped:        0 kB\u000aHugePages_Total:       0\u000aHugePages_Free:        0\u000aHugePages_Rsvd:        0\u000aHugePages_Surp:        0\u000aHugepagesize:       2048 kB\u000aDirectMap4k:       23552 kB\u000aDirectMap2M:     1738752 kB\u000a
p395
sV/proc/cgroups
p396
V#subsys_name	hierarchy	num_cgroups	enabled\u000acpuset	10	1	1\u000acpu	7	5	1\u000acpuacct	7	5	1\u000ablkio	3	1	1\u000amemory	8	5	1\u000adevices	4	1	1\u000afreezer	11	2	1\u000anet_cls	9	1	1\u000aperf_event	6	1	1\u000anet_prio	9	1	1\u000ahugetlb	2	1	1\u000apids	5	1	1\u000a
p397
sV/proc/cpuinfo
p398
Vprocessor	: 0\u000avendor_id	: GenuineIntel\u000acpu family	: 6\u000amodel		: 63\u000amodel name	: Intel(R) Xeon(R) Processor @ 2.50GHz\u000astepping	: 2\u000amicrocode	: 0x1\u000acpu MHz		: 2500.038\u000acache size	: 36608 KB\u000aphysical id	: 0\u000asiblings	: 2\u000acore id		: 0\u000acpu cores	: 2\u000aapicid		: 0\u000ainitial apicid	: 0\u000afpu		: yes\u000afpu_exception	: yes\u000acpuid level	: 13\u000awp		: yes\u000aflags		: fpu vme de pse tsc msr pae mce cx8 apic sep mtrr pge mca cmov pat pse36 clflush mmx fxsr sse sse2 ht syscall nx rdtscp lm constant_tsc rep_good nopl xtopology nonstop_tsc cpuid tsc_known_freq pni pclmulqdq ssse3 fma cx16 pcid sse4_1 sse4_2 x2apic movbe popcnt tsc_deadline_timer aes xsave avx f16c rdrand hypervisor lahf_lm abm cpuid_fault invpcid_single ssbd ibrs ibpb stibp ibrs_enhanced fsgsbase tsc_adjust bmi1 avx2 smep bmi2 erms invpcid smap xsaveopt arat md_clear arch_capabilities\u000abugs		: spectre_v1 spectre_v2 spec_store_bypass swapgs\u000abogomips	: 5000.07\u000aclflush size	: 64\u000acache_alignment	: 64\u000aaddress sizes	: 46 bits physical, 48 bits virtual\u000apower management:\u000a\u000aprocessor	: 1\u000avendor_id	: GenuineIntel\u000acpu family	: 6\u000amodel		: 63\u000amodel name	: Intel(R) Xeon(R) Processor @ 2.50GHz\u000astepping	: 2\u000amicrocode	: 0x1\u000acpu MHz		: 2500.038\u000acache size	: 36608 KB\u000aphysical id	: 0\u000asiblings	: 2\u000acore id		: 1\u000acpu cores	: 2\u000aapicid		: 1\u000ainitial apicid	: 1\u000afpu		: yes\u000afpu_exception	: yes\u000acpuid level	: 13\u000awp		: yes\u000aflags		: fpu vme de pse tsc msr pae mce cx8 apic sep mtrr pge mca cmov pat pse36 clflush mmx fxsr sse sse2 ht syscall nx rdtscp lm constant_tsc rep_good nopl xtopology nonstop_tsc cpuid tsc_known_freq pni pclmulqdq ssse3 fma cx16 pcid sse4_1 sse4_2 x2apic movbe popcnt tsc_deadline_timer aes xsave avx f16c rdrand hypervisor lahf_lm abm cpuid_fault invpcid_single ssbd ibrs ibpb stibp ibrs_enhanced fsgsbase tsc_adjust bmi1 avx2 smep bmi2 erms invpcid smap xsaveopt arat md_clear arch_capabilities\u000abugs		: spectre_v1 spectre_v2 spec_store_bypass swapgs\u000abogomips	: 5000.07\u000aclflush size	: 64\u000acache_alignment	: 64\u000aaddress sizes	: 46 bits physical, 48 bits virtual\u000apower management:\u000a\u000a
p399
sV/proc/meminfo
p400
VMemTotal:        1717184 kB\u000aMemFree:         1118788 kB\u000aMemAvailable:    1484852 kB\u000aBuffers:           16852 kB\u000aCached:           463428 kB\u000aSwapCached:            0 kB\u000aActive:            93540 kB\u000aInactive:         447508 kB\u000aActive(anon):      60756 kB\u000aInactive(anon):      216 kB\u000aActive(file):      32784 kB\u000aInactive(file):   447292 kB\u000aUnevictable:           0 kB\u000aMlocked:               0 kB\u000aSwapTotal:             0 kB\u000aSwapFree:              0 kB\u000aDirty:               224 kB\u000aWriteback:             0 kB\u000aAnonPages:         60668 kB\u000aMapped:            35112 kB\u000aShmem:               220 kB\u000aSlab:              44504 kB\u000aSReclaimable:      32992 kB\u000aSUnreclaim:        11512 kB\u000aKernelStack:        1168 kB\u000aPageTables:         1416 kB\u000aNFS_Unstable:          0 kB\u000aBounce:                0 kB\u000aWritebackTmp:          0 kB\u000aCommitLimit:      858592 kB\u000aCommitted_AS:     253580 kB\u000aVmallocTotal:   34359738367 kB\u000aVmallocUsed:           0 kB\u000aVmallocChunk:          0 kB\u000aAnonHugePages:         0 kB\u000aShmemHugePages:        0 kB\u000aShmemPmdMapped:        0 kB\u000aHugePages_Total:       0\u000aHugePages_Free:        0\u000aHugePages_Rsvd:        0\u000aHugePages_Surp:        0\u000aHugepagesize:       2048 kB\u000aDirectMap4k:       23552 kB\u000aDirectMap2M:     1738752 kB\u000a
p401
ssVstatus_key
p402
Vpywren.jobs/60671e30-09f3-432c-b4e8-62912eb46be4/00008/status.json
p403
sVend_time
p404
F1609154201.089982
sVlog_group_name
p405
V/aws/lambda/pywren_redis_2
p406
sVdata_key
p407
Vpywren.jobs/60671e30-09f3-432c-b4e8-62912eb46be4/aggdata.pickle
p408
sa(dp409
Vcallset_id
p410
V60671e30-09f3-432c-b4e8-62912eb46be4
p411
sVlog_stream_name
p412
V2020/12/28/[$LATEST]6977634f23514a1ba209fc5a50f66935
p413
sVstdout
p414
V
sVfunc_key
p415
Vpywren.jobs/60671e30-09f3-432c-b4e8-62912eb46be4/func.pickle
p416
sVfree_disk_bytes
p417
I538333184
sVruntime_cached
p418
I00
sVretcode
p419
I0
sVcall_id
p420
V00009
p421
sVoutput_key
p422
Vpywren.jobs/60671e30-09f3-432c-b4e8-62912eb46be4/00009/output.pickle
p423
sVruntime_s3_key_used
p424
V3201af-pywren.runtimes/default_2.7.tar.gz.0051
p425
sVaws_request_id
p426
V4a11ac13-e2b4-4b95-8242-21bda5944f91
p427
sVexec_time
p428
F86.596526861190796
sVstart_time
p429
F1609154111.691747
sVsetup_time
p430
F7.077700138092041
sVruntime_s3_bucket_used
p431
Vpywren-runtimes-public-us-west-2
p432
sVexception
p433
NsVhost_submit_time
p434
F1609154110.956301
sVserver_info
p435
(dp436
Vuname
p437
V('Linux', '169.254.50.253', '4.14.203-112.332.amzn2.x86_64', '#1 SMP Wed Nov 4 20:46:34 UTC 2020', 'x86_64', 'x86_64')
p438
sV/proc/self/cgroup
p439
VMemTotal:        1717184 kB\u000aMemFree:         1121584 kB\u000aMemAvailable:    1486588 kB\u000aBuffers:           17356 kB\u000aCached:           461932 kB\u000aSwapCached:            0 kB\u000aActive:            93720 kB\u000aInactive:         446100 kB\u000aActive(anon):      60524 kB\u000aInactive(anon):      216 kB\u000aActive(file):      33196 kB\u000aInactive(file):   445884 kB\u000aUnevictable:           0 kB\u000aMlocked:               0 kB\u000aSwapTotal:             0 kB\u000aSwapFree:              0 kB\u000aDirty:               220 kB\u000aWriteback:             0 kB\u000aAnonPages:         60516 kB\u000aMapped:            35460 kB\u000aShmem:               220 kB\u000aSlab:              43028 kB\u000aSReclaimable:      32860 kB\u000aSUnreclaim:        10168 kB\u000aKernelStack:        1152 kB\u000aPageTables:         1284 kB\u000aNFS_Unstable:          0 kB\u000aBounce:                0 kB\u000aWritebackTmp:          0 kB\u000aCommitLimit:      858592 kB\u000aCommitted_AS:     251736 kB\u000aVmallocTotal:   34359738367 kB\u000aVmallocUsed:           0 kB\u000aVmallocChunk:          0 kB\u000aAnonHugePages:         0 kB\u000aShmemHugePages:        0 kB\u000aShmemPmdMapped:        0 kB\u000aHugePages_Total:       0\u000aHugePages_Free:        0\u000aHugePages_Rsvd:        0\u000aHugePages_Surp:        0\u000aHugepagesize:       2048 kB\u000aDirectMap4k:       19456 kB\u000aDirectMap2M:     1742848 kB\u000a
p440
sV/proc/cgroups
p441
V#subsys_name	hierarchy	num_cgroups	enabled\u000acpuset	7	1	1\u000acpu	6	5	1\u000acpuacct	6	5	1\u000ablkio	11	1	1\u000amemory	2	5	1\u000adevices	8	1	1\u000afreezer	3	2	1\u000anet_cls	5	1	1\u000aperf_event	9	1	1\u000anet_prio	5	1	1\u000ahugetlb	4	1	1\u000apids	10	1	1\u000a
p442
sV/proc/cpuinfo
p443
Vprocessor	: 0\u000avendor_id	: GenuineIntel\u000acpu family	: 6\u000amodel		: 63\u000amodel name	: Intel(R) Xeon(R) Processor @ 2.50GHz\u000astepping	: 2\u000amicrocode	: 0x1\u000acpu MHz		: 2500.010\u000acache size	: 36608 KB\u000aphysical id	: 0\u000asiblings	: 2\u000acore id		: 0\u000acpu cores	: 2\u000aapicid		: 0\u000ainitial apicid	: 0\u000afpu		: yes\u000afpu_exception	: yes\u000acpuid level	: 13\u000awp		: yes\u000aflags		: fpu vme de pse tsc msr pae mce cx8 apic sep mtrr pge mca cmov pat pse36 clflush mmx fxsr sse sse2 ht syscall nx rdtscp lm constant_tsc rep_good nopl xtopology nonstop_tsc cpuid tsc_known_freq pni pclmulqdq ssse3 fma cx16 pcid sse4_1 sse4_2 x2apic movbe popcnt tsc_deadline_timer aes xsave avx f16c rdrand hypervisor lahf_lm abm cpuid_fault invpcid_single ssbd ibrs ibpb stibp ibrs_enhanced fsgsbase tsc_adjust bmi1 avx2 smep bmi2 erms invpcid smap xsaveopt arat md_clear arch_capabilities\u000abugs		: spectre_v1 spectre_v2 spec_store_bypass swapgs\u000abogomips	: 5000.02\u000aclflush size	: 64\u000acache_alignment	: 64\u000aaddress sizes	: 46 bits physical, 48 bits virtual\u000apower management:\u000a\u000aprocessor	: 1\u000avendor_id	: GenuineIntel\u000acpu family	: 6\u000amodel		: 63\u000amodel name	: Intel(R) Xeon(R) Processor @ 2.50GHz\u000astepping	: 2\u000amicrocode	: 0x1\u000acpu MHz		: 2500.010\u000acache size	: 36608 KB\u000aphysical id	: 0\u000asiblings	: 2\u000acore id		: 1\u000acpu cores	: 2\u000aapicid		: 1\u000ainitial apicid	: 1\u000afpu		: yes\u000afpu_exception	: yes\u000acpuid level	: 13\u000awp		: yes\u000aflags		: fpu vme de pse tsc msr pae mce cx8 apic sep mtrr pge mca cmov pat pse36 clflush mmx fxsr sse sse2 ht syscall nx rdtscp lm constant_tsc rep_good nopl xtopology nonstop_tsc cpuid tsc_known_freq pni pclmulqdq ssse3 fma cx16 pcid sse4_1 sse4_2 x2apic movbe popcnt tsc_deadline_timer aes xsave avx f16c rdrand hypervisor lahf_lm abm cpuid_fault invpcid_single ssbd ibrs ibpb stibp ibrs_enhanced fsgsbase tsc_adjust bmi1 avx2 smep bmi2 erms invpcid smap xsaveopt arat md_clear arch_capabilities\u000abugs		: spectre_v1 spectre_v2 spec_store_bypass swapgs\u000abogomips	: 5000.02\u000aclflush size	: 64\u000acache_alignment	: 64\u000aaddress sizes	: 46 bits physical, 48 bits virtual\u000apower management:\u000a\u000a
p444
sV/proc/meminfo
p445
VMemTotal:        1717184 kB\u000aMemFree:         1121584 kB\u000aMemAvailable:    1486588 kB\u000aBuffers:           17356 kB\u000aCached:           461932 kB\u000aSwapCached:            0 kB\u000aActive:            93720 kB\u000aInactive:         446100 kB\u000aActive(anon):      60524 kB\u000aInactive(anon):      216 kB\u000aActive(file):      33196 kB\u000aInactive(file):   445884 kB\u000aUnevictable:           0 kB\u000aMlocked:               0 kB\u000aSwapTotal:             0 kB\u000aSwapFree:              0 kB\u000aDirty:               220 kB\u000aWriteback:             0 kB\u000aAnonPages:         60516 kB\u000aMapped:            35460 kB\u000aShmem:               220 kB\u000aSlab:              43028 kB\u000aSReclaimable:      32860 kB\u000aSUnreclaim:        10168 kB\u000aKernelStack:        1152 kB\u000aPageTables:         1284 kB\u000aNFS_Unstable:          0 kB\u000aBounce:                0 kB\u000aWritebackTmp:          0 kB\u000aCommitLimit:      858592 kB\u000aCommitted_AS:     251736 kB\u000aVmallocTotal:   34359738367 kB\u000aVmallocUsed:           0 kB\u000aVmallocChunk:          0 kB\u000aAnonHugePages:         0 kB\u000aShmemHugePages:        0 kB\u000aShmemPmdMapped:        0 kB\u000aHugePages_Total:       0\u000aHugePages_Free:        0\u000aHugePages_Rsvd:        0\u000aHugePages_Surp:        0\u000aHugepagesize:       2048 kB\u000aDirectMap4k:       19456 kB\u000aDirectMap2M:     1742848 kB\u000a
p446
ssVstatus_key
p447
Vpywren.jobs/60671e30-09f3-432c-b4e8-62912eb46be4/00009/status.json
p448
sVend_time
p449
F1609154205.365963
sVlog_group_name
p450
V/aws/lambda/pywren_redis_2
p451
sVdata_key
p452
Vpywren.jobs/60671e30-09f3-432c-b4e8-62912eb46be4/aggdata.pickle
p453
sa(dp454
Vcallset_id
p455
V60671e30-09f3-432c-b4e8-62912eb46be4
p456
sVlog_stream_name
p457
V2020/12/28/[$LATEST]b08ae74aa8d546b0b7a05b2cb6a8ce0b
p458
sVstdout
p459
V
sVfunc_key
p460
Vpywren.jobs/60671e30-09f3-432c-b4e8-62912eb46be4/func.pickle
p461
sVfree_disk_bytes
p462
I538333184
sVruntime_cached
p463
I00
sVretcode
p464
I0
sVcall_id
p465
V00010
p466
sVoutput_key
p467
Vpywren.jobs/60671e30-09f3-432c-b4e8-62912eb46be4/00010/output.pickle
p468
sVruntime_s3_key_used
p469
V5be494-pywren.runtimes/default_2.7.tar.gz.0029
p470
sVaws_request_id
p471
Vfac7ec4d-f41d-4457-b0c2-5de9aefafab2
p472
sVexec_time
p473
F84.401418924331665
sVstart_time
p474
F1609154111.676991
sVsetup_time
p475
F6.9274880886077881
sVruntime_s3_bucket_used
p476
Vpywren-runtimes-public-us-west-2
p477
sVexception
p478
NsVhost_submit_time
p479
F1609154110.9683349
sVserver_info
p480
(dp481
Vuname
p482
V('Linux', '169.254.0.181', '4.14.203-112.332.amzn2.x86_64', '#1 SMP Wed Nov 4 20:46:34 UTC 2020', 'x86_64', 'x86_64')
p483
sV/proc/self/cgroup
p484
VMemTotal:        1717184 kB\u000aMemFree:         1122604 kB\u000aMemAvailable:    1486108 kB\u000aBuffers:           14492 kB\u000aCached:           463336 kB\u000aSwapCached:            0 kB\u000aActive:            91352 kB\u000aInactive:         447216 kB\u000aActive(anon):      60732 kB\u000aInactive(anon):      216 kB\u000aActive(file):      30620 kB\u000aInactive(file):   447000 kB\u000aUnevictable:           0 kB\u000aMlocked:               0 kB\u000aSwapTotal:             0 kB\u000aSwapFree:              0 kB\u000aDirty:               148 kB\u000aWriteback:             0 kB\u000aAnonPages:         60732 kB\u000aMapped:            34556 kB\u000aShmem:               220 kB\u000aSlab:              43144 kB\u000aSReclaimable:      32784 kB\u000aSUnreclaim:        10360 kB\u000aKernelStack:        1136 kB\u000aPageTables:         1328 kB\u000aNFS_Unstable:          0 kB\u000aBounce:                0 kB\u000aWritebackTmp:          0 kB\u000aCommitLimit:      858592 kB\u000aCommitted_AS:     251708 kB\u000aVmallocTotal:   34359738367 kB\u000aVmallocUsed:           0 kB\u000aVmallocChunk:          0 kB\u000aAnonHugePages:         0 kB\u000aShmemHugePages:        0 kB\u000aShmemPmdMapped:        0 kB\u000aHugePages_Total:       0\u000aHugePages_Free:        0\u000aHugePages_Rsvd:        0\u000aHugePages_Surp:        0\u000aHugepagesize:       2048 kB\u000aDirectMap4k:       21504 kB\u000aDirectMap2M:     1740800 kB\u000a
p485
sV/proc/cgroups
p486
V#subsys_name	hierarchy	num_cgroups	enabled\u000acpuset	10	1	1\u000acpu	3	5	1\u000acpuacct	3	5	1\u000ablkio	8	1	1\u000amemory	4	5	1\u000adevices	9	1	1\u000afreezer	7	2	1\u000anet_cls	5	1	1\u000aperf_event	6	1	1\u000anet_prio	5	1	1\u000ahugetlb	2	1	1\u000apids	11	1	1\u000a
p487
sV/proc/cpuinfo
p488
Vprocessor	: 0\u000avendor_id	: GenuineIntel\u000acpu family	: 6\u000amodel		: 63\u000amodel name	: Intel(R) Xeon(R) Processor @ 2.50GHz\u000astepping	: 2\u000amicrocode	: 0x1\u000acpu MHz		: 2500.010\u000acache size	: 33792 KB\u000aphysical id	: 0\u000asiblings	: 2\u000acore id		: 0\u000acpu cores	: 2\u000aapicid		: 0\u000ainitial apicid	: 0\u000afpu		: yes\u000afpu_exception	: yes\u000acpuid level	: 13\u000awp		: yes\u000aflags		: fpu vme de pse tsc msr pae mce cx8 apic sep mtrr pge mca cmov pat pse36 clflush mmx fxsr sse sse2 ht syscall nx rdtscp lm constant_tsc rep_good nopl xtopology nonstop_tsc cpuid tsc_known_freq pni pclmulqdq ssse3 fma cx16 pcid sse4_1 sse4_2 x2apic movbe popcnt tsc_deadline_timer aes xsave avx f16c rdrand hypervisor lahf_lm abm cpuid_fault invpcid_single pti ssbd ibrs ibpb stibp fsgsbase tsc_adjust bmi1 avx2 smep bmi2 erms invpcid smap xsaveopt arat md_clear arch_capabilities\u000abugs		: cpu_meltdown spectre_v1 spectre_v2 spec_store_bypass l1tf mds swapgs\u000abogomips	: 5000.02\u000aclflush size	: 64\u000acache_alignment	: 64\u000aaddress sizes	: 46 bits physical, 48 bits virtual\u000apower management:\u000a\u000aprocessor	: 1\u000avendor_id	: GenuineIntel\u000acpu family	: 6\u000amodel		: 63\u000amodel name	: Intel(R) Xeon(R) Processor @ 2.50GHz\u000astepping	: 2\u000amicrocode	: 0x1\u000acpu MHz		: 2500.010\u000acache size	: 33792 KB\u000aphysical id	: 0\u000asiblings	: 2\u000acore id		: 1\u000acpu cores	: 2\u000aapicid		: 1\u000ainitial apicid	: 1\u000afpu		: yes\u000afpu_exception	: yes\u000acpuid level	: 13\u000awp		: yes\u000aflags		: fpu vme de pse tsc msr pae mce cx8 apic sep mtrr pge mca cmov pat pse36 clflush mmx fxsr sse sse2 ht syscall nx rdtscp lm constant_tsc rep_good nopl xtopology nonstop_tsc cpuid tsc_known_freq pni pclmulqdq ssse3 fma cx16 pcid sse4_1 sse4_2 x2apic movbe popcnt tsc_deadline_timer aes xsave avx f16c rdrand hypervisor lahf_lm abm cpuid_fault invpcid_single pti ssbd ibrs ibpb stibp fsgsbase tsc_adjust bmi1 avx2 smep bmi2 erms invpcid smap xsaveopt arat md_clear arch_capabilities\u000abugs		: cpu_meltdown spectre_v1 spectre_v2 spec_store_bypass l1tf mds swapgs\u000abogomips	: 5000.02\u000aclflush size	: 64\u000acache_alignment	: 64\u000aaddress sizes	: 46 bits physical, 48 bits virtual\u000apower management:\u000a\u000a
p489
sV/proc/meminfo
p490
VMemTotal:        1717184 kB\u000aMemFree:         1122604 kB\u000aMemAvailable:    1486108 kB\u000aBuffers:           14492 kB\u000aCached:           463336 kB\u000aSwapCached:            0 kB\u000aActive:            91352 kB\u000aInactive:         447216 kB\u000aActive(anon):      60732 kB\u000aInactive(anon):      216 kB\u000aActive(file):      30620 kB\u000aInactive(file):   447000 kB\u000aUnevictable:           0 kB\u000aMlocked:               0 kB\u000aSwapTotal:             0 kB\u000aSwapFree:              0 kB\u000aDirty:               148 kB\u000aWriteback:             0 kB\u000aAnonPages:         60732 kB\u000aMapped:            34556 kB\u000aShmem:               220 kB\u000aSlab:              43144 kB\u000aSReclaimable:      32784 kB\u000aSUnreclaim:        10360 kB\u000aKernelStack:        1136 kB\u000aPageTables:         1328 kB\u000aNFS_Unstable:          0 kB\u000aBounce:                0 kB\u000aWritebackTmp:          0 kB\u000aCommitLimit:      858592 kB\u000aCommitted_AS:     251708 kB\u000aVmallocTotal:   34359738367 kB\u000aVmallocUsed:           0 kB\u000aVmallocChunk:          0 kB\u000aAnonHugePages:         0 kB\u000aShmemHugePages:        0 kB\u000aShmemPmdMapped:        0 kB\u000aHugePages_Total:       0\u000aHugePages_Free:        0\u000aHugePages_Rsvd:        0\u000aHugePages_Surp:        0\u000aHugepagesize:       2048 kB\u000aDirectMap4k:       21504 kB\u000aDirectMap2M:     1740800 kB\u000a
p491
ssVstatus_key
p492
Vpywren.jobs/60671e30-09f3-432c-b4e8-62912eb46be4/00010/status.json
p493
sVend_time
p494
F1609154203.005892
sVlog_group_name
p495
V/aws/lambda/pywren_redis_2
p496
sVdata_key
p497
Vpywren.jobs/60671e30-09f3-432c-b4e8-62912eb46be4/aggdata.pickle
p498
sa(dp499
Vcallset_id
p500
V60671e30-09f3-432c-b4e8-62912eb46be4
p501
sVlog_stream_name
p502
V2020/12/28/[$LATEST]586e85b4e1f44517909b84fd60e1a798
p503
sVstdout
p504
V
sVfunc_key
p505
Vpywren.jobs/60671e30-09f3-432c-b4e8-62912eb46be4/func.pickle
p506
sVfree_disk_bytes
p507
I538333184
sVruntime_cached
p508
I00
sVretcode
p509
I0
sVcall_id
p510
V00011
p511
sVoutput_key
p512
Vpywren.jobs/60671e30-09f3-432c-b4e8-62912eb46be4/00011/output.pickle
p513
sVruntime_s3_key_used
p514
Vbc07c9-pywren.runtimes/default_2.7.tar.gz.0058
p515
sVaws_request_id
p516
V702a5d09-7389-4059-95b0-abd0754b7b90
p517
sVexec_time
p518
F134.80344414710999
sVstart_time
p519
F1609154111.703546
sVsetup_time
p520
F7.1834628582000732
sVruntime_s3_bucket_used
p521
Vpywren-runtimes-public-us-west-2
p522
sVexception
p523
NsVhost_submit_time
p524
F1609154110.9730141
sVserver_info
p525
(dp526
Vuname
p527
V('Linux', '169.254.251.125', '4.14.203-112.332.amzn2.x86_64', '#1 SMP Wed Nov 4 20:46:34 UTC 2020', 'x86_64', 'x86_64')
p528
sV/proc/self/cgroup
p529
VMemTotal:        1717184 kB\u000aMemFree:         1120024 kB\u000aMemAvailable:    1485688 kB\u000aBuffers:           17892 kB\u000aCached:           461956 kB\u000aSwapCached:            0 kB\u000aActive:            94880 kB\u000aInactive:         446116 kB\u000aActive(anon):      61140 kB\u000aInactive(anon):      216 kB\u000aActive(file):      33740 kB\u000aInactive(file):   445900 kB\u000aUnevictable:           0 kB\u000aMlocked:               0 kB\u000aSwapTotal:             0 kB\u000aSwapFree:              0 kB\u000aDirty:               224 kB\u000aWriteback:             0 kB\u000aAnonPages:         61136 kB\u000aMapped:            35716 kB\u000aShmem:               220 kB\u000aSlab:              43260 kB\u000aSReclaimable:      33064 kB\u000aSUnreclaim:        10196 kB\u000aKernelStack:        1136 kB\u000aPageTables:         1336 kB\u000aNFS_Unstable:          0 kB\u000aBounce:                0 kB\u000aWritebackTmp:          0 kB\u000aCommitLimit:      858592 kB\u000aCommitted_AS:     253764 kB\u000aVmallocTotal:   34359738367 kB\u000aVmallocUsed:           0 kB\u000aVmallocChunk:          0 kB\u000aAnonHugePages:         0 kB\u000aShmemHugePages:        0 kB\u000aShmemPmdMapped:        0 kB\u000aHugePages_Total:       0\u000aHugePages_Free:        0\u000aHugePages_Rsvd:        0\u000aHugePages_Surp:        0\u000aHugepagesize:       2048 kB\u000aDirectMap4k:       25600 kB\u000aDirectMap2M:     1736704 kB\u000a
p530
sV/proc/cgroups
p531
V#subsys_name	hierarchy	num_cgroups	enabled\u000acpuset	5	1	1\u000acpu	3	5	1\u000acpuacct	3	5	1\u000ablkio	4	1	1\u000amemory	7	5	1\u000adevices	6	1	1\u000afreezer	11	2	1\u000anet_cls	8	1	1\u000aperf_event	9	1	1\u000anet_prio	8	1	1\u000ahugetlb	10	1	1\u000apids	2	1	1\u000a
p532
sV/proc/cpuinfo
p533
Vprocessor	: 0\u000avendor_id	: GenuineIntel\u000acpu family	: 6\u000amodel		: 63\u000amodel name	: Intel(R) Xeon(R) Processor @ 2.50GHz\u000astepping	: 2\u000amicrocode	: 0x1\u000acpu MHz		: 2500.008\u000acache size	: 33792 KB\u000aphysical id	: 0\u000asiblings	: 2\u000acore id		: 0\u000acpu cores	: 2\u000aapicid		: 0\u000ainitial apicid	: 0\u000afpu		: yes\u000afpu_exception	: yes\u000acpuid level	: 13\u000awp		: yes\u000aflags		: fpu vme de pse tsc msr pae mce cx8 apic sep mtrr pge mca cmov pat pse36 clflush mmx fxsr sse sse2 ht syscall nx rdtscp lm constant_tsc rep_good nopl xtopology nonstop_tsc cpuid tsc_known_freq pni pclmulqdq ssse3 fma cx16 pcid sse4_1 sse4_2 x2apic movbe popcnt tsc_deadline_timer aes xsave avx f16c rdrand hypervisor lahf_lm abm cpuid_fault invpcid_single pti ssbd ibrs ibpb stibp fsgsbase tsc_adjust bmi1 avx2 smep bmi2 erms invpcid smap xsaveopt arat md_clear arch_capabilities\u000abugs		: cpu_meltdown spectre_v1 spectre_v2 spec_store_bypass l1tf mds swapgs\u000abogomips	: 5000.01\u000aclflush size	: 64\u000acache_alignment	: 64\u000aaddress sizes	: 46 bits physical, 48 bits virtual\u000apower management:\u000a\u000aprocessor	: 1\u000avendor_id	: GenuineIntel\u000acpu family	: 6\u000amodel		: 63\u000amodel name	: Intel(R) Xeon(R) Processor @ 2.50GHz\u000astepping	: 2\u000amicrocode	: 0x1\u000acpu MHz		: 2500.008\u000acache size	: 33792 KB\u000aphysical id	: 0\u000asiblings	: 2\u000acore id		: 1\u000acpu cores	: 2\u000aapicid		: 1\u000ainitial apicid	: 1\u000afpu		: yes\u000afpu_exception	: yes\u000acpuid level	: 13\u000awp		: yes\u000aflags		: fpu vme de pse tsc msr pae mce cx8 apic sep mtrr pge mca cmov pat pse36 clflush mmx fxsr sse sse2 ht syscall nx rdtscp lm constant_tsc rep_good nopl xtopology nonstop_tsc cpuid tsc_known_freq pni pclmulqdq ssse3 fma cx16 pcid sse4_1 sse4_2 x2apic movbe popcnt tsc_deadline_timer aes xsave avx f16c rdrand hypervisor lahf_lm abm cpuid_fault invpcid_single pti ssbd ibrs ibpb stibp fsgsbase tsc_adjust bmi1 avx2 smep bmi2 erms invpcid smap xsaveopt arat md_clear arch_capabilities\u000abugs		: cpu_meltdown spectre_v1 spectre_v2 spec_store_bypass l1tf mds swapgs\u000abogomips	: 5000.01\u000aclflush size	: 64\u000acache_alignment	: 64\u000aaddress sizes	: 46 bits physical, 48 bits virtual\u000apower management:\u000a\u000a
p534
sV/proc/meminfo
p535
VMemTotal:        1717184 kB\u000aMemFree:         1120024 kB\u000aMemAvailable:    1485688 kB\u000aBuffers:           17892 kB\u000aCached:           461956 kB\u000aSwapCached:            0 kB\u000aActive:            94880 kB\u000aInactive:         446116 kB\u000aActive(anon):      61140 kB\u000aInactive(anon):      216 kB\u000aActive(file):      33740 kB\u000aInactive(file):   445900 kB\u000aUnevictable:           0 kB\u000aMlocked:               0 kB\u000aSwapTotal:             0 kB\u000aSwapFree:              0 kB\u000aDirty:               224 kB\u000aWriteback:             0 kB\u000aAnonPages:         61136 kB\u000aMapped:            35716 kB\u000aShmem:               220 kB\u000aSlab:              43260 kB\u000aSReclaimable:      33064 kB\u000aSUnreclaim:        10196 kB\u000aKernelStack:        1136 kB\u000aPageTables:         1336 kB\u000aNFS_Unstable:          0 kB\u000aBounce:                0 kB\u000aWritebackTmp:          0 kB\u000aCommitLimit:      858592 kB\u000aCommitted_AS:     253764 kB\u000aVmallocTotal:   34359738367 kB\u000aVmallocUsed:           0 kB\u000aVmallocChunk:          0 kB\u000aAnonHugePages:         0 kB\u000aShmemHugePages:        0 kB\u000aShmemPmdMapped:        0 kB\u000aHugePages_Total:       0\u000aHugePages_Free:        0\u000aHugePages_Rsvd:        0\u000aHugePages_Surp:        0\u000aHugepagesize:       2048 kB\u000aDirectMap4k:       25600 kB\u000aDirectMap2M:     1736704 kB\u000a
p536
ssVstatus_key
p537
Vpywren.jobs/60671e30-09f3-432c-b4e8-62912eb46be4/00011/status.json
p538
sVend_time
p539
F1609154253.6904471
sVlog_group_name
p540
V/aws/lambda/pywren_redis_2
p541
sVdata_key
p542
Vpywren.jobs/60671e30-09f3-432c-b4e8-62912eb46be4/aggdata.pickle
p543
sa(dp544
Vcallset_id
p545
V60671e30-09f3-432c-b4e8-62912eb46be4
p546
sVlog_stream_name
p547
V2020/12/28/[$LATEST]b35373e5eca2499eb2580023fee01a1b
p548
sVstdout
p549
V
sVfunc_key
p550
Vpywren.jobs/60671e30-09f3-432c-b4e8-62912eb46be4/func.pickle
p551
sVfree_disk_bytes
p552
I538333184
sVruntime_cached
p553
I00
sVretcode
p554
I0
sVcall_id
p555
V00012
p556
sVoutput_key
p557
Vpywren.jobs/60671e30-09f3-432c-b4e8-62912eb46be4/00012/output.pickle
p558
sVruntime_s3_key_used
p559
Vc4680d-pywren.runtimes/default_2.7.tar.gz.0043
p560
sVaws_request_id
p561
Vc2679c77-470e-48c7-a883-1fe22e851528
p562
sVexec_time
p563
F82.465507984161377
sVstart_time
p564
F1609154111.730015
sVsetup_time
p565
F7.1625208854675293
sVruntime_s3_bucket_used
p566
Vpywren-runtimes-public-us-west-2
p567
sVexception
p568
NsVhost_submit_time
p569
F1609154110.9898219
sVserver_info
p570
(dp571
Vuname
p572
V('Linux', '169.254.30.157', '4.14.203-112.332.amzn2.x86_64', '#1 SMP Wed Nov 4 20:46:34 UTC 2020', 'x86_64', 'x86_64')
p573
sV/proc/self/cgroup
p574
VMemTotal:        1717184 kB\u000aMemFree:         1120440 kB\u000aMemAvailable:    1484800 kB\u000aBuffers:           16940 kB\u000aCached:           461656 kB\u000aSwapCached:            0 kB\u000aActive:            94220 kB\u000aInactive:         445464 kB\u000aActive(anon):      61080 kB\u000aInactive(anon):      216 kB\u000aActive(file):      33140 kB\u000aInactive(file):   445248 kB\u000aUnevictable:           0 kB\u000aMlocked:               0 kB\u000aSwapTotal:             0 kB\u000aSwapFree:              0 kB\u000aDirty:                 4 kB\u000aWriteback:             0 kB\u000aAnonPages:         61076 kB\u000aMapped:            35112 kB\u000aShmem:               220 kB\u000aSlab:              44084 kB\u000aSReclaimable:      32956 kB\u000aSUnreclaim:        11128 kB\u000aKernelStack:        1168 kB\u000aPageTables:         1320 kB\u000aNFS_Unstable:          0 kB\u000aBounce:                0 kB\u000aWritebackTmp:          0 kB\u000aCommitLimit:      858592 kB\u000aCommitted_AS:     253800 kB\u000aVmallocTotal:   34359738367 kB\u000aVmallocUsed:           0 kB\u000aVmallocChunk:          0 kB\u000aAnonHugePages:         0 kB\u000aShmemHugePages:        0 kB\u000aShmemPmdMapped:        0 kB\u000aHugePages_Total:       0\u000aHugePages_Free:        0\u000aHugePages_Rsvd:        0\u000aHugePages_Surp:        0\u000aHugepagesize:       2048 kB\u000aDirectMap4k:       23552 kB\u000aDirectMap2M:     1738752 kB\u000a
p575
sV/proc/cgroups
p576
V#subsys_name	hierarchy	num_cgroups	enabled\u000acpuset	7	1	1\u000acpu	9	5	1\u000acpuacct	9	5	1\u000ablkio	8	1	1\u000amemory	5	5	1\u000adevices	3	1	1\u000afreezer	6	2	1\u000anet_cls	2	1	1\u000aperf_event	10	1	1\u000anet_prio	2	1	1\u000ahugetlb	4	1	1\u000apids	11	1	1\u000a
p577
sV/proc/cpuinfo
p578
Vprocessor	: 0\u000avendor_id	: GenuineIntel\u000acpu family	: 6\u000amodel		: 63\u000amodel name	: Intel(R) Xeon(R) Processor @ 2.50GHz\u000astepping	: 2\u000amicrocode	: 0x1\u000acpu MHz		: 2500.012\u000acache size	: 33792 KB\u000aphysical id	: 0\u000asiblings	: 2\u000acore id		: 0\u000acpu cores	: 2\u000aapicid		: 0\u000ainitial apicid	: 0\u000afpu		: yes\u000afpu_exception	: yes\u000acpuid level	: 13\u000awp		: yes\u000aflags		: fpu vme de pse tsc msr pae mce cx8 apic sep mtrr pge mca cmov pat pse36 clflush mmx fxsr sse sse2 ht syscall nx rdtscp lm constant_tsc rep_good nopl xtopology nonstop_tsc cpuid tsc_known_freq pni pclmulqdq ssse3 fma cx16 pcid sse4_1 sse4_2 x2apic movbe popcnt tsc_deadline_timer aes xsave avx f16c rdrand hypervisor lahf_lm abm cpuid_fault invpcid_single pti ssbd ibrs ibpb stibp fsgsbase tsc_adjust bmi1 avx2 smep bmi2 erms invpcid smap xsaveopt arat md_clear arch_capabilities\u000abugs		: cpu_meltdown spectre_v1 spectre_v2 spec_store_bypass l1tf mds swapgs\u000abogomips	: 5000.02\u000aclflush size	: 64\u000acache_alignment	: 64\u000aaddress sizes	: 46 bits physical, 48 bits virtual\u000apower management:\u000a\u000aprocessor	: 1\u000avendor_id	: GenuineIntel\u000acpu family	: 6\u000amodel		: 63\u000amodel name	: Intel(R) Xeon(R) Processor @ 2.50GHz\u000astepping	: 2\u000amicrocode	: 0x1\u000acpu MHz		: 2500.012\u000acache size	: 33792 KB\u000aphysical id	: 0\u000asiblings	: 2\u000acore id		: 1\u000acpu cores	: 2\u000aapicid		: 1\u000ainitial apicid	: 1\u000afpu		: yes\u000afpu_exception	: yes\u000acpuid level	: 13\u000awp		: yes\u000aflags		: fpu vme de pse tsc msr pae mce cx8 apic sep mtrr pge mca cmov pat pse36 clflush mmx fxsr sse sse2 ht syscall nx rdtscp lm constant_tsc rep_good nopl xtopology nonstop_tsc cpuid tsc_known_freq pni pclmulqdq ssse3 fma cx16 pcid sse4_1 sse4_2 x2apic movbe popcnt tsc_deadline_timer aes xsave avx f16c rdrand hypervisor lahf_lm abm cpuid_fault invpcid_single pti ssbd ibrs ibpb stibp fsgsbase tsc_adjust bmi1 avx2 smep bmi2 erms invpcid smap xsaveopt arat md_clear arch_capabilities\u000abugs		: cpu_meltdown spectre_v1 spectre_v2 spec_store_bypass l1tf mds swapgs\u000abogomips	: 5000.02\u000aclflush size	: 64\u000acache_alignment	: 64\u000aaddress sizes	: 46 bits physical, 48 bits virtual\u000apower management:\u000a\u000a
p579
sV/proc/meminfo
p580
VMemTotal:        1717184 kB\u000aMemFree:         1120440 kB\u000aMemAvailable:    1484800 kB\u000aBuffers:           16940 kB\u000aCached:           461656 kB\u000aSwapCached:            0 kB\u000aActive:            94220 kB\u000aInactive:         445464 kB\u000aActive(anon):      61080 kB\u000aInactive(anon):      216 kB\u000aActive(file):      33140 kB\u000aInactive(file):   445248 kB\u000aUnevictable:           0 kB\u000aMlocked:               0 kB\u000aSwapTotal:             0 kB\u000aSwapFree:              0 kB\u000aDirty:                 4 kB\u000aWriteback:             0 kB\u000aAnonPages:         61076 kB\u000aMapped:            35112 kB\u000aShmem:               220 kB\u000aSlab:              44084 kB\u000aSReclaimable:      32956 kB\u000aSUnreclaim:        11128 kB\u000aKernelStack:        1168 kB\u000aPageTables:         1320 kB\u000aNFS_Unstable:          0 kB\u000aBounce:                0 kB\u000aWritebackTmp:          0 kB\u000aCommitLimit:      858592 kB\u000aCommitted_AS:     253800 kB\u000aVmallocTotal:   34359738367 kB\u000aVmallocUsed:           0 kB\u000aVmallocChunk:          0 kB\u000aAnonHugePages:         0 kB\u000aShmemHugePages:        0 kB\u000aShmemPmdMapped:        0 kB\u000aHugePages_Total:       0\u000aHugePages_Free:        0\u000aHugePages_Rsvd:        0\u000aHugePages_Surp:        0\u000aHugepagesize:       2048 kB\u000aDirectMap4k:       23552 kB\u000aDirectMap2M:     1738752 kB\u000a
p581
ssVstatus_key
p582
Vpywren.jobs/60671e30-09f3-432c-b4e8-62912eb46be4/00012/status.json
p583
sVend_time
p584
F1609154201.358037
sVlog_group_name
p585
V/aws/lambda/pywren_redis_2
p586
sVdata_key
p587
Vpywren.jobs/60671e30-09f3-432c-b4e8-62912eb46be4/aggdata.pickle
p588
sa(dp589
Vcallset_id
p590
V60671e30-09f3-432c-b4e8-62912eb46be4
p591
sVlog_stream_name
p592
V2020/12/28/[$LATEST]e1ba08754b1548e5ab3f0f103a858f1c
p593
sVstdout
p594
V
sVfunc_key
p595
Vpywren.jobs/60671e30-09f3-432c-b4e8-62912eb46be4/func.pickle
p596
sVfree_disk_bytes
p597
I538333184
sVruntime_cached
p598
I00
sVretcode
p599
I0
sVcall_id
p600
V00013
p601
sVoutput_key
p602
Vpywren.jobs/60671e30-09f3-432c-b4e8-62912eb46be4/00013/output.pickle
p603
sVruntime_s3_key_used
p604
Vb96969-pywren.runtimes/default_2.7.tar.gz.0093
p605
sVaws_request_id
p606
Vc9285733-0cbc-41bc-970e-09e33926070d
p607
sVexec_time
p608
F82.386590957641602
sVstart_time
p609
F1609154111.7256811
sVsetup_time
p610
F7.1620550155639648
sVruntime_s3_bucket_used
p611
Vpywren-runtimes-public-us-west-2
p612
sVexception
p613
NsVhost_submit_time
p614
F1609154110.986419
sVserver_info
p615
(dp616
Vuname
p617
V('Linux', '169.254.20.125', '4.14.203-112.332.amzn2.x86_64', '#1 SMP Wed Nov 4 20:46:34 UTC 2020', 'x86_64', 'x86_64')
p618
sV/proc/self/cgroup
p619
VMemTotal:        1717184 kB\u000aMemFree:         1119780 kB\u000aMemAvailable:    1486364 kB\u000aBuffers:           16876 kB\u000aCached:           463984 kB\u000aSwapCached:            0 kB\u000aActive:            94008 kB\u000aInactive:         448012 kB\u000aActive(anon):      61152 kB\u000aInactive(anon):      216 kB\u000aActive(file):      32856 kB\u000aInactive(file):   447796 kB\u000aUnevictable:           0 kB\u000aMlocked:               0 kB\u000aSwapTotal:             0 kB\u000aSwapFree:              0 kB\u000aDirty:                12 kB\u000aWriteback:             0 kB\u000aAnonPages:         61148 kB\u000aMapped:            34960 kB\u000aShmem:               220 kB\u000aSlab:              42956 kB\u000aSReclaimable:      32876 kB\u000aSUnreclaim:        10080 kB\u000aKernelStack:        1152 kB\u000aPageTables:         1320 kB\u000aNFS_Unstable:          0 kB\u000aBounce:                0 kB\u000aWritebackTmp:          0 kB\u000aCommitLimit:      858592 kB\u000aCommitted_AS:     251620 kB\u000aVmallocTotal:   34359738367 kB\u000aVmallocUsed:           0 kB\u000aVmallocChunk:          0 kB\u000aAnonHugePages:         0 kB\u000aShmemHugePages:        0 kB\u000aShmemPmdMapped:        0 kB\u000aHugePages_Total:       0\u000aHugePages_Free:        0\u000aHugePages_Rsvd:        0\u000aHugePages_Surp:        0\u000aHugepagesize:       2048 kB\u000aDirectMap4k:       21504 kB\u000aDirectMap2M:     1740800 kB\u000a
p620
sV/proc/cgroups
p621
V#subsys_name	hierarchy	num_cgroups	enabled\u000acpuset	4	1	1\u000acpu	2	5	1\u000acpuacct	2	5	1\u000ablkio	7	1	1\u000amemory	9	5	1\u000adevices	10	1	1\u000afreezer	8	2	1\u000anet_cls	6	1	1\u000aperf_event	3	1	1\u000anet_prio	6	1	1\u000ahugetlb	11	1	1\u000apids	5	1	1\u000a
p622
sV/proc/cpuinfo
p623
Vprocessor	: 0\u000avendor_id	: GenuineIntel\u000acpu family	: 6\u000amodel		: 63\u000amodel name	: Intel(R) Xeon(R) Processor @ 2.50GHz\u000astepping	: 2\u000amicrocode	: 0x1\u000acpu MHz		: 2500.012\u000acache size	: 36608 KB\u000aphysical id	: 0\u000asiblings	: 2\u000acore id		: 0\u000acpu cores	: 2\u000aapicid		: 0\u000ainitial apicid	: 0\u000afpu		: yes\u000afpu_exception	: yes\u000acpuid level	: 13\u000awp		: yes\u000aflags		: fpu vme de pse tsc msr pae mce cx8 apic sep mtrr pge mca cmov pat pse36 clflush mmx fxsr sse sse2 ht syscall nx rdtscp lm constant_tsc rep_good nopl xtopology nonstop_tsc cpuid tsc_known_freq pni pclmulqdq ssse3 fma cx16 pcid sse4_1 sse4_2 x2apic movbe popcnt tsc_deadline_timer aes xsave avx f16c rdrand hypervisor lahf_lm abm cpuid_fault invpcid_single ssbd ibrs ibpb stibp ibrs_enhanced fsgsbase tsc_adjust bmi1 avx2 smep bmi2 erms invpcid smap xsaveopt arat md_clear arch_capabilities\u000abugs		: spectre_v1 spectre_v2 spec_store_bypass swapgs\u000abogomips	: 5000.02\u000aclflush size	: 64\u000acache_alignment	: 64\u000aaddress sizes	: 46 bits physical, 48 bits virtual\u000apower management:\u000a\u000aprocessor	: 1\u000avendor_id	: GenuineIntel\u000acpu family	: 6\u000amodel		: 63\u000amodel name	: Intel(R) Xeon(R) Processor @ 2.50GHz\u000astepping	: 2\u000amicrocode	: 0x1\u000acpu MHz		: 2500.012\u000acache size	: 36608 KB\u000aphysical id	: 0\u000asiblings	: 2\u000acore id		: 1\u000acpu cores	: 2\u000aapicid		: 1\u000ainitial apicid	: 1\u000afpu		: yes\u000afpu_exception	: yes\u000acpuid level	: 13\u000awp		: yes\u000aflags		: fpu vme de pse tsc msr pae mce cx8 apic sep mtrr pge mca cmov pat pse36 clflush mmx fxsr sse sse2 ht syscall nx rdtscp lm constant_tsc rep_good nopl xtopology nonstop_tsc cpuid tsc_known_freq pni pclmulqdq ssse3 fma cx16 pcid sse4_1 sse4_2 x2apic movbe popcnt tsc_deadline_timer aes xsave avx f16c rdrand hypervisor lahf_lm abm cpuid_fault invpcid_single ssbd ibrs ibpb stibp ibrs_enhanced fsgsbase tsc_adjust bmi1 avx2 smep bmi2 erms invpcid smap xsaveopt arat md_clear arch_capabilities\u000abugs		: spectre_v1 spectre_v2 spec_store_bypass swapgs\u000abogomips	: 5000.02\u000aclflush size	: 64\u000acache_alignment	: 64\u000aaddress sizes	: 46 bits physical, 48 bits virtual\u000apower management:\u000a\u000a
p624
sV/proc/meminfo
p625
VMemTotal:        1717184 kB\u000aMemFree:         1119780 kB\u000aMemAvailable:    1486364 kB\u000aBuffers:           16876 kB\u000aCached:           463984 kB\u000aSwapCached:            0 kB\u000aActive:            94008 kB\u000aInactive:         448012 kB\u000aActive(anon):      61152 kB\u000aInactive(anon):      216 kB\u000aActive(file):      32856 kB\u000aInactive(file):   447796 kB\u000aUnevictable:           0 kB\u000aMlocked:               0 kB\u000aSwapTotal:             0 kB\u000aSwapFree:              0 kB\u000aDirty:                12 kB\u000aWriteback:             0 kB\u000aAnonPages:         61148 kB\u000aMapped:            34960 kB\u000aShmem:               220 kB\u000aSlab:              42956 kB\u000aSReclaimable:      32876 kB\u000aSUnreclaim:        10080 kB\u000aKernelStack:        1152 kB\u000aPageTables:         1320 kB\u000aNFS_Unstable:          0 kB\u000aBounce:                0 kB\u000aWritebackTmp:          0 kB\u000aCommitLimit:      858592 kB\u000aCommitted_AS:     251620 kB\u000aVmallocTotal:   34359738367 kB\u000aVmallocUsed:           0 kB\u000aVmallocChunk:          0 kB\u000aAnonHugePages:         0 kB\u000aShmemHugePages:        0 kB\u000aShmemPmdMapped:        0 kB\u000aHugePages_Total:       0\u000aHugePages_Free:        0\u000aHugePages_Rsvd:        0\u000aHugePages_Surp:        0\u000aHugepagesize:       2048 kB\u000aDirectMap4k:       21504 kB\u000aDirectMap2M:     1740800 kB\u000a
p626
ssVstatus_key
p627
Vpywren.jobs/60671e30-09f3-432c-b4e8-62912eb46be4/00013/status.json
p628
sVend_time
p629
F1609154201.2743199
sVlog_group_name
p630
V/aws/lambda/pywren_redis_2
p631
sVdata_key
p632
Vpywren.jobs/60671e30-09f3-432c-b4e8-62912eb46be4/aggdata.pickle
p633
sa(dp634
Vcallset_id
p635
V60671e30-09f3-432c-b4e8-62912eb46be4
p636
sVlog_stream_name
p637
V2020/12/28/[$LATEST]be05ae499416441294dd9aeb2c9beafa
p638
sVstdout
p639
V
sVfunc_key
p640
Vpywren.jobs/60671e30-09f3-432c-b4e8-62912eb46be4/func.pickle
p641
sVfree_disk_bytes
p642
I538333184
sVruntime_cached
p643
I00
sVretcode
p644
I0
sVcall_id
p645
V00014
p646
sVoutput_key
p647
Vpywren.jobs/60671e30-09f3-432c-b4e8-62912eb46be4/00014/output.pickle
p648
sVruntime_s3_key_used
p649
V5f3998-pywren.runtimes/default_2.7.tar.gz.0065
p650
sVaws_request_id
p651
Va46edd34-5439-4bfd-885e-399bf7a85a7a
p652
sVexec_time
p653
F84.369820833206177
sVstart_time
p654
F1609154111.7557039
sVsetup_time
p655
F7.5767631530761719
sVruntime_s3_bucket_used
p656
Vpywren-runtimes-public-us-west-2
p657
sVexception
p658
NsVhost_submit_time
p659
F1609154111.0058949
sVserver_info
p660
(dp661
Vuname
p662
V('Linux', '169.254.10.117', '4.14.203-112.332.amzn2.x86_64', '#1 SMP Wed Nov 4 20:46:34 UTC 2020', 'x86_64', 'x86_64')
p663
sV/proc/self/cgroup
p664
VMemTotal:        1717184 kB\u000aMemFree:         1124724 kB\u000aMemAvailable:    1486140 kB\u000aBuffers:           15056 kB\u000aCached:           460728 kB\u000aSwapCached:            0 kB\u000aActive:            91580 kB\u000aInactive:         445004 kB\u000aActive(anon):      60792 kB\u000aInactive(anon):      216 kB\u000aActive(file):      30788 kB\u000aInactive(file):   444788 kB\u000aUnevictable:           0 kB\u000aMlocked:               0 kB\u000aSwapTotal:             0 kB\u000aSwapFree:              0 kB\u000aDirty:               180 kB\u000aWriteback:             0 kB\u000aAnonPages:         60748 kB\u000aMapped:            34524 kB\u000aShmem:               220 kB\u000aSlab:              43272 kB\u000aSReclaimable:      32696 kB\u000aSUnreclaim:        10576 kB\u000aKernelStack:        1152 kB\u000aPageTables:         1388 kB\u000aNFS_Unstable:          0 kB\u000aBounce:                0 kB\u000aWritebackTmp:          0 kB\u000aCommitLimit:      858592 kB\u000aCommitted_AS:     251700 kB\u000aVmallocTotal:   34359738367 kB\u000aVmallocUsed:           0 kB\u000aVmallocChunk:          0 kB\u000aAnonHugePages:         0 kB\u000aShmemHugePages:        0 kB\u000aShmemPmdMapped:        0 kB\u000aHugePages_Total:       0\u000aHugePages_Free:        0\u000aHugePages_Rsvd:        0\u000aHugePages_Surp:        0\u000aHugepagesize:       2048 kB\u000aDirectMap4k:       21504 kB\u000aDirectMap2M:     1740800 kB\u000a
p665
sV/proc/cgroups
p666
V#subsys_name	hierarchy	num_cgroups	enabled\u000acpuset	7	1	1\u000acpu	2	5	1\u000acpuacct	2	5	1\u000ablkio	8	1	1\u000amemory	9	5	1\u000adevices	10	1	1\u000afreezer	6	2	1\u000anet_cls	3	1	1\u000aperf_event	5	1	1\u000anet_prio	3	1	1\u000ahugetlb	11	1	1\u000apids	4	1	1\u000a
p667
sV/proc/cpuinfo
p668
