(dp1
S'run_statuses'
p2
(lp3
(dp4
Vcallset_id
p5
V67fd3946-e908-4506-9e7e-78c7e3607361
p6
sVlog_stream_name
p7
V2020/12/28/[$LATEST]d0bbdb69317f445e9dcf5a0b1fe25376
p8
sVstdout
p9
V
sVfunc_key
p10
Vpywren.jobs/67fd3946-e908-4506-9e7e-78c7e3607361/func.pickle
p11
sVfree_disk_bytes
p12
I538333184
sVruntime_cached
p13
I00
sVretcode
p14
I0
sVcall_id
p15
V00000
p16
sVoutput_key
p17
Vpywren.jobs/67fd3946-e908-4506-9e7e-78c7e3607361/00000/output.pickle
p18
sVruntime_s3_key_used
p19
V0435e6-pywren.runtimes/default_2.7.tar.gz.0047
p20
sVaws_request_id
p21
V98f2bb28-c91b-42c3-b5b3-e5861a5459e6
p22
sVexec_time
p23
F58.331973075866699
sVstart_time
p24
F1609154151.7251639
sVsetup_time
p25
F7.1986839771270752
sVruntime_s3_bucket_used
p26
Vpywren-runtimes-public-us-west-2
p27
sVexception
p28
NsVhost_submit_time
p29
F1609154150.887991
sVserver_info
p30
(dp31
Vuname
p32
V('Linux', '169.254.18.5', '4.14.203-112.332.amzn2.x86_64', '#1 SMP Wed Nov 4 20:46:34 UTC 2020', 'x86_64', 'x86_64')
p33
sV/proc/self/cgroup
p34
VMemTotal:        1717184 kB\u000aMemFree:         1120172 kB\u000aMemAvailable:    1486428 kB\u000aBuffers:           16240 kB\u000aCached:           464324 kB\u000aSwapCached:            0 kB\u000aActive:            93764 kB\u000aInactive:         447856 kB\u000aActive(anon):      61040 kB\u000aInactive(anon):      216 kB\u000aActive(file):      32724 kB\u000aInactive(file):   447640 kB\u000aUnevictable:           0 kB\u000aMlocked:               0 kB\u000aSwapTotal:             0 kB\u000aSwapFree:              0 kB\u000aDirty:               340 kB\u000aWriteback:             0 kB\u000aAnonPages:         61044 kB\u000aMapped:            35044 kB\u000aShmem:               220 kB\u000aSlab:              42940 kB\u000aSReclaimable:      32800 kB\u000aSUnreclaim:        10140 kB\u000aKernelStack:        1152 kB\u000aPageTables:         1340 kB\u000aNFS_Unstable:          0 kB\u000aBounce:                0 kB\u000aWritebackTmp:          0 kB\u000aCommitLimit:      858592 kB\u000aCommitted_AS:     253496 kB\u000aVmallocTotal:   34359738367 kB\u000aVmallocUsed:           0 kB\u000aVmallocChunk:          0 kB\u000aAnonHugePages:         0 kB\u000aShmemHugePages:        0 kB\u000aShmemPmdMapped:        0 kB\u000aHugePages_Total:       0\u000aHugePages_Free:        0\u000aHugePages_Rsvd:        0\u000aHugePages_Surp:        0\u000aHugepagesize:       2048 kB\u000aDirectMap4k:       23552 kB\u000aDirectMap2M:     1738752 kB\u000a
p35
sV/proc/cgroups
p36
V#subsys_name	hierarchy	num_cgroups	enabled\u000acpuset	9	1	1\u000acpu	7	5	1\u000acpuacct	7	5	1\u000ablkio	5	1	1\u000amemory	11	5	1\u000adevices	6	1	1\u000afreezer	4	2	1\u000anet_cls	2	1	1\u000aperf_event	10	1	1\u000anet_prio	2	1	1\u000ahugetlb	3	1	1\u000apids	8	1	1\u000a
p37
sV/proc/cpuinfo
p38
Vprocessor	: 0\u000avendor_id	: GenuineIntel\u000acpu family	: 6\u000amodel		: 63\u000amodel name	: Intel(R) Xeon(R) Processor @ 2.50GHz\u000astepping	: 2\u000amicrocode	: 0x1\u000acpu MHz		: 2500.002\u000acache size	: 33792 KB\u000aphysical id	: 0\u000asiblings	: 2\u000acore id		: 0\u000acpu cores	: 2\u000aapicid		: 0\u000ainitial apicid	: 0\u000afpu		: yes\u000afpu_exception	: yes\u000acpuid level	: 13\u000awp		: yes\u000aflags		: fpu vme de pse tsc msr pae mce cx8 apic sep mtrr pge mca cmov pat pse36 clflush mmx fxsr sse sse2 ht syscall nx rdtscp lm constant_tsc rep_good nopl xtopology nonstop_tsc cpuid tsc_known_freq pni pclmulqdq ssse3 fma cx16 pcid sse4_1 sse4_2 x2apic movbe popcnt tsc_deadline_timer aes xsave avx f16c rdrand hypervisor lahf_lm abm cpuid_fault invpcid_single pti ssbd ibrs ibpb stibp fsgsbase tsc_adjust bmi1 avx2 smep bmi2 erms invpcid smap xsaveopt arat md_clear arch_capabilities\u000abugs		: cpu_meltdown spectre_v1 spectre_v2 spec_store_bypass l1tf mds swapgs\u000abogomips	: 5000.00\u000aclflush size	: 64\u000acache_alignment	: 64\u000aaddress sizes	: 46 bits physical, 48 bits virtual\u000apower management:\u000a\u000aprocessor	: 1\u000avendor_id	: GenuineIntel\u000acpu family	: 6\u000amodel		: 63\u000amodel name	: Intel(R) Xeon(R) Processor @ 2.50GHz\u000astepping	: 2\u000amicrocode	: 0x1\u000acpu MHz		: 2500.002\u000acache size	: 33792 KB\u000aphysical id	: 0\u000asiblings	: 2\u000acore id		: 1\u000acpu cores	: 2\u000aapicid		: 1\u000ainitial apicid	: 1\u000afpu		: yes\u000afpu_exception	: yes\u000acpuid level	: 13\u000awp		: yes\u000aflags		: fpu vme de pse tsc msr pae mce cx8 apic sep mtrr pge mca cmov pat pse36 clflush mmx fxsr sse sse2 ht syscall nx rdtscp lm constant_tsc rep_good nopl xtopology nonstop_tsc cpuid tsc_known_freq pni pclmulqdq ssse3 fma cx16 pcid sse4_1 sse4_2 x2apic movbe popcnt tsc_deadline_timer aes xsave avx f16c rdrand hypervisor lahf_lm abm cpuid_fault invpcid_single pti ssbd ibrs ibpb stibp fsgsbase tsc_adjust bmi1 avx2 smep bmi2 erms invpcid smap xsaveopt arat md_clear arch_capabilities\u000abugs		: cpu_meltdown spectre_v1 spectre_v2 spec_store_bypass l1tf mds swapgs\u000abogomips	: 5000.00\u000aclflush size	: 64\u000acache_alignment	: 64\u000aaddress sizes	: 46 bits physical, 48 bits virtual\u000apower management:\u000a\u000a
p39
sV/proc/meminfo
p40
VMemTotal:        1717184 kB\u000aMemFree:         1120172 kB\u000aMemAvailable:    1486428 kB\u000aBuffers:           16240 kB\u000aCached:           464324 kB\u000aSwapCached:            0 kB\u000aActive:            93764 kB\u000aInactive:         447856 kB\u000aActive(anon):      61040 kB\u000aInactive(anon):      216 kB\u000aActive(file):      32724 kB\u000aInactive(file):   447640 kB\u000aUnevictable:           0 kB\u000aMlocked:               0 kB\u000aSwapTotal:             0 kB\u000aSwapFree:              0 kB\u000aDirty:               340 kB\u000aWriteback:             0 kB\u000aAnonPages:         61044 kB\u000aMapped:            35044 kB\u000aShmem:               220 kB\u000aSlab:              42940 kB\u000aSReclaimable:      32800 kB\u000aSUnreclaim:        10140 kB\u000aKernelStack:        1152 kB\u000aPageTables:         1340 kB\u000aNFS_Unstable:          0 kB\u000aBounce:                0 kB\u000aWritebackTmp:          0 kB\u000aCommitLimit:      858592 kB\u000aCommitted_AS:     253496 kB\u000aVmallocTotal:   34359738367 kB\u000aVmallocUsed:           0 kB\u000aVmallocChunk:          0 kB\u000aAnonHugePages:         0 kB\u000aShmemHugePages:        0 kB\u000aShmemPmdMapped:        0 kB\u000aHugePages_Total:       0\u000aHugePages_Free:        0\u000aHugePages_Rsvd:        0\u000aHugePages_Surp:        0\u000aHugepagesize:       2048 kB\u000aDirectMap4k:       23552 kB\u000aDirectMap2M:     1738752 kB\u000a
p41
ssVstatus_key
p42
Vpywren.jobs/67fd3946-e908-4506-9e7e-78c7e3607361/00000/status.json
p43
sVend_time
p44
F1609154217.2558141
sVlog_group_name
p45
V/aws/lambda/pywren_redis_2
p46
sVdata_key
p47
Vpywren.jobs/67fd3946-e908-4506-9e7e-78c7e3607361/aggdata.pickle
p48
sa(dp49
Vcallset_id
p50
V67fd3946-e908-4506-9e7e-78c7e3607361
p51
sVlog_stream_name
p52
V2020/12/28/[$LATEST]3d5a2bf1c4374ebf864ae068d93a24df
p53
sVstdout
p54
V
sVfunc_key
p55
Vpywren.jobs/67fd3946-e908-4506-9e7e-78c7e3607361/func.pickle
p56
sVfree_disk_bytes
p57
I538333184
sVruntime_cached
p58
I00
sVretcode
p59
I0
sVcall_id
p60
V00001
p61
sVoutput_key
p62
Vpywren.jobs/67fd3946-e908-4506-9e7e-78c7e3607361/00001/output.pickle
p63
sVruntime_s3_key_used
p64
V1225e8-pywren.runtimes/default_2.7.tar.gz.0012
p65
sVaws_request_id
p66
V0e13d228-2ddb-47ba-8a66-189a02691f0e
p67
sVexec_time
p68
F48.218492031097412
sVstart_time
p69
F1609154151.699585
sVsetup_time
p70
F7.1018021106719971
sVruntime_s3_bucket_used
p71
Vpywren-runtimes-public-us-west-2
p72
sVexception
p73
NsVhost_submit_time
p74
F1609154150.897939
sVserver_info
p75
(dp76
Vuname
p77
V('Linux', '169.254.9.253', '4.14.203-112.332.amzn2.x86_64', '#1 SMP Wed Nov 4 20:46:34 UTC 2020', 'x86_64', 'x86_64')
p78
sV/proc/self/cgroup
p79
VMemTotal:        1717184 kB\u000aMemFree:         1122168 kB\u000aMemAvailable:    1486744 kB\u000aBuffers:           15184 kB\u000aCached:           463744 kB\u000aSwapCached:            0 kB\u000aActive:            91984 kB\u000aInactive:         447656 kB\u000aActive(anon):      60692 kB\u000aInactive(anon):      216 kB\u000aActive(file):      31292 kB\u000aInactive(file):   447440 kB\u000aUnevictable:           0 kB\u000aMlocked:               0 kB\u000aSwapTotal:             0 kB\u000aSwapFree:              0 kB\u000aDirty:               328 kB\u000aWriteback:             0 kB\u000aAnonPages:         60712 kB\u000aMapped:            34852 kB\u000aShmem:               220 kB\u000aSlab:              42960 kB\u000aSReclaimable:      32704 kB\u000aSUnreclaim:        10256 kB\u000aKernelStack:        1168 kB\u000aPageTables:         1288 kB\u000aNFS_Unstable:          0 kB\u000aBounce:                0 kB\u000aWritebackTmp:          0 kB\u000aCommitLimit:      858592 kB\u000aCommitted_AS:     251684 kB\u000aVmallocTotal:   34359738367 kB\u000aVmallocUsed:           0 kB\u000aVmallocChunk:          0 kB\u000aAnonHugePages:         0 kB\u000aShmemHugePages:        0 kB\u000aShmemPmdMapped:        0 kB\u000aHugePages_Total:       0\u000aHugePages_Free:        0\u000aHugePages_Rsvd:        0\u000aHugePages_Surp:        0\u000aHugepagesize:       2048 kB\u000aDirectMap4k:       21504 kB\u000aDirectMap2M:     1740800 kB\u000a
p80
sV/proc/cgroups
p81
V#subsys_name	hierarchy	num_cgroups	enabled\u000acpuset	11	1	1\u000acpu	3	5	1\u000acpuacct	3	5	1\u000ablkio	7	1	1\u000amemory	6	5	1\u000adevices	9	1	1\u000afreezer	8	2	1\u000anet_cls	2	1	1\u000aperf_event	10	1	1\u000anet_prio	2	1	1\u000ahugetlb	4	1	1\u000apids	5	1	1\u000a
p82
sV/proc/cpuinfo
p83
Vprocessor	: 0\u000avendor_id	: GenuineIntel\u000acpu family	: 6\u000amodel		: 63\u000amodel name	: Intel(R) Xeon(R) Processor @ 2.50GHz\u000astepping	: 2\u000amicrocode	: 0x1\u000acpu MHz		: 2500.012\u000acache size	: 33792 KB\u000aphysical id	: 0\u000asiblings	: 2\u000acore id		: 0\u000acpu cores	: 2\u000aapicid		: 0\u000ainitial apicid	: 0\u000afpu		: yes\u000afpu_exception	: yes\u000acpuid level	: 13\u000awp		: yes\u000aflags		: fpu vme de pse tsc msr pae mce cx8 apic sep mtrr pge mca cmov pat pse36 clflush mmx fxsr sse sse2 ht syscall nx rdtscp lm constant_tsc rep_good nopl xtopology nonstop_tsc cpuid tsc_known_freq pni pclmulqdq ssse3 fma cx16 pcid sse4_1 sse4_2 x2apic movbe popcnt tsc_deadline_timer aes xsave avx f16c rdrand hypervisor lahf_lm abm cpuid_fault invpcid_single pti ssbd ibrs ibpb stibp fsgsbase tsc_adjust bmi1 avx2 smep bmi2 erms invpcid smap xsaveopt arat md_clear arch_capabilities\u000abugs		: cpu_meltdown spectre_v1 spectre_v2 spec_store_bypass l1tf mds swapgs\u000abogomips	: 5000.02\u000aclflush size	: 64\u000acache_alignment	: 64\u000aaddress sizes	: 46 bits physical, 48 bits virtual\u000apower management:\u000a\u000aprocessor	: 1\u000avendor_id	: GenuineIntel\u000acpu family	: 6\u000amodel		: 63\u000amodel name	: Intel(R) Xeon(R) Processor @ 2.50GHz\u000astepping	: 2\u000amicrocode	: 0x1\u000acpu MHz		: 2500.012\u000acache size	: 33792 KB\u000aphysical id	: 0\u000asiblings	: 2\u000acore id		: 1\u000acpu cores	: 2\u000aapicid		: 1\u000ainitial apicid	: 1\u000afpu		: yes\u000afpu_exception	: yes\u000acpuid level	: 13\u000awp		: yes\u000aflags		: fpu vme de pse tsc msr pae mce cx8 apic sep mtrr pge mca cmov pat pse36 clflush mmx fxsr sse sse2 ht syscall nx rdtscp lm constant_tsc rep_good nopl xtopology nonstop_tsc cpuid tsc_known_freq pni pclmulqdq ssse3 fma cx16 pcid sse4_1 sse4_2 x2apic movbe popcnt tsc_deadline_timer aes xsave avx f16c rdrand hypervisor lahf_lm abm cpuid_fault invpcid_single pti ssbd ibrs ibpb stibp fsgsbase tsc_adjust bmi1 avx2 smep bmi2 erms invpcid smap xsaveopt arat md_clear arch_capabilities\u000abugs		: cpu_meltdown spectre_v1 spectre_v2 spec_store_bypass l1tf mds swapgs\u000abogomips	: 5000.02\u000aclflush size	: 64\u000acache_alignment	: 64\u000aaddress sizes	: 46 bits physical, 48 bits virtual\u000apower management:\u000a\u000a
p84
sV/proc/meminfo
p85
VMemTotal:        1717184 kB\u000aMemFree:         1122168 kB\u000aMemAvailable:    1486744 kB\u000aBuffers:           15184 kB\u000aCached:           463744 kB\u000aSwapCached:            0 kB\u000aActive:            91984 kB\u000aInactive:         447656 kB\u000aActive(anon):      60692 kB\u000aInactive(anon):      216 kB\u000aActive(file):      31292 kB\u000aInactive(file):   447440 kB\u000aUnevictable:           0 kB\u000aMlocked:               0 kB\u000aSwapTotal:             0 kB\u000aSwapFree:              0 kB\u000aDirty:               328 kB\u000aWriteback:             0 kB\u000aAnonPages:         60712 kB\u000aMapped:            34852 kB\u000aShmem:               220 kB\u000aSlab:              42960 kB\u000aSReclaimable:      32704 kB\u000aSUnreclaim:        10256 kB\u000aKernelStack:        1168 kB\u000aPageTables:         1288 kB\u000aNFS_Unstable:          0 kB\u000aBounce:                0 kB\u000aWritebackTmp:          0 kB\u000aCommitLimit:      858592 kB\u000aCommitted_AS:     251684 kB\u000aVmallocTotal:   34359738367 kB\u000aVmallocUsed:           0 kB\u000aVmallocChunk:          0 kB\u000aAnonHugePages:         0 kB\u000aShmemHugePages:        0 kB\u000aShmemPmdMapped:        0 kB\u000aHugePages_Total:       0\u000aHugePages_Free:        0\u000aHugePages_Rsvd:        0\u000aHugePages_Surp:        0\u000aHugepagesize:       2048 kB\u000aDirectMap4k:       21504 kB\u000aDirectMap2M:     1740800 kB\u000a
p86
ssVstatus_key
p87
Vpywren.jobs/67fd3946-e908-4506-9e7e-78c7e3607361/00001/status.json
p88
sVend_time
p89
F1609154207.0198729
sVlog_group_name
p90
V/aws/lambda/pywren_redis_2
p91
sVdata_key
p92
Vpywren.jobs/67fd3946-e908-4506-9e7e-78c7e3607361/aggdata.pickle
p93
sa(dp94
Vcallset_id
p95
V67fd3946-e908-4506-9e7e-78c7e3607361
p96
sVlog_stream_name
p97
V2020/12/28/[$LATEST]a751d8613b70406b8183666775510b4c
p98
sVstdout
p99
V
sVfunc_key
p100
Vpywren.jobs/67fd3946-e908-4506-9e7e-78c7e3607361/func.pickle
p101
sVfree_disk_bytes
p102
I538333184
sVruntime_cached
p103
I00
sVretcode
p104
I0
sVcall_id
p105
V00002
p106
sVoutput_key
p107
Vpywren.jobs/67fd3946-e908-4506-9e7e-78c7e3607361/00002/output.pickle
p108
sVruntime_s3_key_used
p109
V08f228-pywren.runtimes/default_2.7.tar.gz.0091
p110
sVaws_request_id
p111
Vea487155-237c-4076-9ded-5d45e81ae0b5
p112
sVexec_time
p113
F54.240893125534058
sVstart_time
p114
F1609154151.692086
sVsetup_time
p115
F7.1832869052886963
sVruntime_s3_bucket_used
p116
Vpywren-runtimes-public-us-west-2
p117
sVexception
p118
NsVhost_submit_time
p119
F1609154150.889683
sVserver_info
p120
(dp121
Vuname
p122
V('Linux', '169.254.253.45', '4.14.203-112.332.amzn2.x86_64', '#1 SMP Wed Nov 4 20:46:34 UTC 2020', 'x86_64', 'x86_64')
p123
sV/proc/self/cgroup
p124
VMemTotal:        1717184 kB\u000aMemFree:         1117252 kB\u000aMemAvailable:    1486136 kB\u000aBuffers:           18004 kB\u000aCached:           465072 kB\u000aSwapCached:            0 kB\u000aActive:            95340 kB\u000aInactive:         448588 kB\u000aActive(anon):      60844 kB\u000aInactive(anon):      216 kB\u000aActive(file):      34496 kB\u000aInactive(file):   448372 kB\u000aUnevictable:           0 kB\u000aMlocked:               0 kB\u000aSwapTotal:             0 kB\u000aSwapFree:              0 kB\u000aDirty:               376 kB\u000aWriteback:             0 kB\u000aAnonPages:         60840 kB\u000aMapped:            35456 kB\u000aShmem:               220 kB\u000aSlab:              43612 kB\u000aSReclaimable:      33048 kB\u000aSUnreclaim:        10564 kB\u000aKernelStack:        1152 kB\u000aPageTables:         1336 kB\u000aNFS_Unstable:          0 kB\u000aBounce:                0 kB\u000aWritebackTmp:          0 kB\u000aCommitLimit:      858592 kB\u000aCommitted_AS:     252820 kB\u000aVmallocTotal:   34359738367 kB\u000aVmallocUsed:           0 kB\u000aVmallocChunk:          0 kB\u000aAnonHugePages:         0 kB\u000aShmemHugePages:        0 kB\u000aShmemPmdMapped:        0 kB\u000aHugePages_Total:       0\u000aHugePages_Free:        0\u000aHugePages_Rsvd:        0\u000aHugePages_Surp:        0\u000aHugepagesize:       2048 kB\u000aDirectMap4k:       21504 kB\u000aDirectMap2M:     1740800 kB\u000a
p125
sV/proc/cgroups
p126
V#subsys_name	hierarchy	num_cgroups	enabled\u000acpuset	6	1	1\u000acpu	4	5	1\u000acpuacct	4	5	1\u000ablkio	2	1	1\u000amemory	3	5	1\u000adevices	7	1	1\u000afreezer	5	2	1\u000anet_cls	8	1	1\u000aperf_event	11	1	1\u000anet_prio	8	1	1\u000ahugetlb	9	1	1\u000apids	10	1	1\u000a
p127
sV/proc/cpuinfo
p128
Vprocessor	: 0\u000avendor_id	: GenuineIntel\u000acpu family	: 6\u000amodel		: 63\u000amodel name	: Intel(R) Xeon(R) Processor @ 2.50GHz\u000astepping	: 2\u000amicrocode	: 0x1\u000acpu MHz		: 2500.010\u000acache size	: 33792 KB\u000aphysical id	: 0\u000asiblings	: 2\u000acore id		: 0\u000acpu cores	: 2\u000aapicid		: 0\u000ainitial apicid	: 0\u000afpu		: yes\u000afpu_exception	: yes\u000acpuid level	: 13\u000awp		: yes\u000aflags		: fpu vme de pse tsc msr pae mce cx8 apic sep mtrr pge mca cmov pat pse36 clflush mmx fxsr sse sse2 ht syscall nx rdtscp lm constant_tsc rep_good nopl xtopology nonstop_tsc cpuid tsc_known_freq pni pclmulqdq ssse3 fma cx16 pcid sse4_1 sse4_2 x2apic movbe popcnt tsc_deadline_timer aes xsave avx f16c rdrand hypervisor lahf_lm abm cpuid_fault invpcid_single pti ssbd ibrs ibpb stibp fsgsbase tsc_adjust bmi1 avx2 smep bmi2 erms invpcid smap xsaveopt arat md_clear arch_capabilities\u000abugs		: cpu_meltdown spectre_v1 spectre_v2 spec_store_bypass l1tf mds swapgs\u000abogomips	: 5000.02\u000aclflush size	: 64\u000acache_alignment	: 64\u000aaddress sizes	: 46 bits physical, 48 bits virtual\u000apower management:\u000a\u000aprocessor	: 1\u000avendor_id	: GenuineIntel\u000acpu family	: 6\u000amodel		: 63\u000amodel name	: Intel(R) Xeon(R) Processor @ 2.50GHz\u000astepping	: 2\u000amicrocode	: 0x1\u000acpu MHz		: 2500.010\u000acache size	: 33792 KB\u000aphysical id	: 0\u000asiblings	: 2\u000acore id		: 1\u000acpu cores	: 2\u000aapicid		: 1\u000ainitial apicid	: 1\u000afpu		: yes\u000afpu_exception	: yes\u000acpuid level	: 13\u000awp		: yes\u000aflags		: fpu vme de pse tsc msr pae mce cx8 apic sep mtrr pge mca cmov pat pse36 clflush mmx fxsr sse sse2 ht syscall nx rdtscp lm constant_tsc rep_good nopl xtopology nonstop_tsc cpuid tsc_known_freq pni pclmulqdq ssse3 fma cx16 pcid sse4_1 sse4_2 x2apic movbe popcnt tsc_deadline_timer aes xsave avx f16c rdrand hypervisor lahf_lm abm cpuid_fault invpcid_single pti ssbd ibrs ibpb stibp fsgsbase tsc_adjust bmi1 avx2 smep bmi2 erms invpcid smap xsaveopt arat md_clear arch_capabilities\u000abugs		: cpu_meltdown spectre_v1 spectre_v2 spec_store_bypass l1tf mds swapgs\u000abogomips	: 5000.02\u000aclflush size	: 64\u000acache_alignment	: 64\u000aaddress sizes	: 46 bits physical, 48 bits virtual\u000apower management:\u000a\u000a
p129
sV/proc/meminfo
p130
VMemTotal:        1717184 kB\u000aMemFree:         1117252 kB\u000aMemAvailable:    1486136 kB\u000aBuffers:           18004 kB\u000aCached:           465072 kB\u000aSwapCached:            0 kB\u000aActive:            95340 kB\u000aInactive:         448588 kB\u000aActive(anon):      60844 kB\u000aInactive(anon):      216 kB\u000aActive(file):      34496 kB\u000aInactive(file):   448372 kB\u000aUnevictable:           0 kB\u000aMlocked:               0 kB\u000aSwapTotal:             0 kB\u000aSwapFree:              0 kB\u000aDirty:               376 kB\u000aWriteback:             0 kB\u000aAnonPages:         60840 kB\u000aMapped:            35456 kB\u000aShmem:               220 kB\u000aSlab:              43612 kB\u000aSReclaimable:      33048 kB\u000aSUnreclaim:        10564 kB\u000aKernelStack:        1152 kB\u000aPageTables:         1336 kB\u000aNFS_Unstable:          0 kB\u000aBounce:                0 kB\u000aWritebackTmp:          0 kB\u000aCommitLimit:      858592 kB\u000aCommitted_AS:     252820 kB\u000aVmallocTotal:   34359738367 kB\u000aVmallocUsed:           0 kB\u000aVmallocChunk:          0 kB\u000aAnonHugePages:         0 kB\u000aShmemHugePages:        0 kB\u000aShmemPmdMapped:        0 kB\u000aHugePages_Total:       0\u000aHugePages_Free:        0\u000aHugePages_Rsvd:        0\u000aHugePages_Surp:        0\u000aHugepagesize:       2048 kB\u000aDirectMap4k:       21504 kB\u000aDirectMap2M:     1740800 kB\u000a
p131
ssVstatus_key
p132
Vpywren.jobs/67fd3946-e908-4506-9e7e-78c7e3607361/00002/status.json
p133
sVend_time
p134
F1609154213.1162579
sVlog_group_name
p135
V/aws/lambda/pywren_redis_2
p136
sVdata_key
p137
Vpywren.jobs/67fd3946-e908-4506-9e7e-78c7e3607361/aggdata.pickle
p138
sa(dp139
Vcallset_id
p140
V67fd3946-e908-4506-9e7e-78c7e3607361
p141
sVlog_stream_name
p142
V2020/12/28/[$LATEST]189e2351cb654c79b448e7314b76b750
p143
sVstdout
p144
V
sVfunc_key
p145
Vpywren.jobs/67fd3946-e908-4506-9e7e-78c7e3607361/func.pickle
p146
sVfree_disk_bytes
p147
I538333184
sVruntime_cached
p148
I00
sVretcode
p149
I0
sVcall_id
p150
V00003
p151
sVoutput_key
p152
Vpywren.jobs/67fd3946-e908-4506-9e7e-78c7e3607361/00003/output.pickle
p153
sVruntime_s3_key_used
p154
V5020c8-pywren.runtimes/default_2.7.tar.gz.0027
p155
sVaws_request_id
p156
V3546c106-275d-4a8d-93d1-c45385a63729
p157
sVexec_time
p158
F44.247553825378418
sVstart_time
p159
F1609154151.6813729
sVsetup_time
p160
F7.1610112190246582
sVruntime_s3_bucket_used
p161
Vpywren-runtimes-public-us-west-2
p162
sVexception
p163
NsVhost_submit_time
p164
F1609154150.8997779
sVserver_info
p165
(dp166
Vuname
p167
V('Linux', '169.254.227.53', '4.14.203-112.332.amzn2.x86_64', '#1 SMP Wed Nov 4 20:46:34 UTC 2020', 'x86_64', 'x86_64')
p168
sV/proc/self/cgroup
p169
VMemTotal:        1717184 kB\u000aMemFree:         1118508 kB\u000aMemAvailable:    1486456 kB\u000aBuffers:           17452 kB\u000aCached:           464792 kB\u000aSwapCached:            0 kB\u000aActive:            94532 kB\u000aInactive:         448452 kB\u000aActive(anon):      60732 kB\u000aInactive(anon):      216 kB\u000aActive(file):      33800 kB\u000aInactive(file):   448236 kB\u000aUnevictable:           0 kB\u000aMlocked:               0 kB\u000aSwapTotal:             0 kB\u000aSwapFree:              0 kB\u000aDirty:               132 kB\u000aWriteback:             0 kB\u000aAnonPages:         60644 kB\u000aMapped:            35052 kB\u000aShmem:               220 kB\u000aSlab:              43184 kB\u000aSReclaimable:      32836 kB\u000aSUnreclaim:        10348 kB\u000aKernelStack:        1168 kB\u000aPageTables:         1300 kB\u000aNFS_Unstable:          0 kB\u000aBounce:                0 kB\u000aWritebackTmp:          0 kB\u000aCommitLimit:      858592 kB\u000aCommitted_AS:     251688 kB\u000aVmallocTotal:   34359738367 kB\u000aVmallocUsed:           0 kB\u000aVmallocChunk:          0 kB\u000aAnonHugePages:         0 kB\u000aShmemHugePages:        0 kB\u000aShmemPmdMapped:        0 kB\u000aHugePages_Total:       0\u000aHugePages_Free:        0\u000aHugePages_Rsvd:        0\u000aHugePages_Surp:        0\u000aHugepagesize:       2048 kB\u000aDirectMap4k:       21504 kB\u000aDirectMap2M:     1740800 kB\u000a
p170
sV/proc/cgroups
p171
V#subsys_name	hierarchy	num_cgroups	enabled\u000acpuset	4	1	1\u000acpu	2	5	1\u000acpuacct	2	5	1\u000ablkio	5	1	1\u000amemory	7	5	1\u000adevices	11	1	1\u000afreezer	10	2	1\u000anet_cls	6	1	1\u000aperf_event	3	1	1\u000anet_prio	6	1	1\u000ahugetlb	8	1	1\u000apids	9	1	1\u000a
p172
sV/proc/cpuinfo
p173
Vprocessor	: 0\u000avendor_id	: GenuineIntel\u000acpu family	: 6\u000amodel		: 63\u000amodel name	: Intel(R) Xeon(R) Processor @ 2.50GHz\u000astepping	: 2\u000amicrocode	: 0x1\u000acpu MHz		: 2500.014\u000acache size	: 33792 KB\u000aphysical id	: 0\u000asiblings	: 2\u000acore id		: 0\u000acpu cores	: 2\u000aapicid		: 0\u000ainitial apicid	: 0\u000afpu		: yes\u000afpu_exception	: yes\u000acpuid level	: 13\u000awp		: yes\u000aflags		: fpu vme de pse tsc msr pae mce cx8 apic sep mtrr pge mca cmov pat pse36 clflush mmx fxsr sse sse2 ht syscall nx rdtscp lm constant_tsc rep_good nopl xtopology nonstop_tsc cpuid tsc_known_freq pni pclmulqdq ssse3 fma cx16 pcid sse4_1 sse4_2 x2apic movbe popcnt tsc_deadline_timer aes xsave avx f16c rdrand hypervisor lahf_lm abm cpuid_fault invpcid_single pti ssbd ibrs ibpb stibp fsgsbase tsc_adjust bmi1 avx2 smep bmi2 erms invpcid smap xsaveopt arat md_clear arch_capabilities\u000abugs		: cpu_meltdown spectre_v1 spectre_v2 spec_store_bypass l1tf mds swapgs\u000abogomips	: 5000.02\u000aclflush size	: 64\u000acache_alignment	: 64\u000aaddress sizes	: 46 bits physical, 48 bits virtual\u000apower management:\u000a\u000aprocessor	: 1\u000avendor_id	: GenuineIntel\u000acpu family	: 6\u000amodel		: 63\u000amodel name	: Intel(R) Xeon(R) Processor @ 2.50GHz\u000astepping	: 2\u000amicrocode	: 0x1\u000acpu MHz		: 2500.014\u000acache size	: 33792 KB\u000aphysical id	: 0\u000asiblings	: 2\u000acore id		: 1\u000acpu cores	: 2\u000aapicid		: 1\u000ainitial apicid	: 1\u000afpu		: yes\u000afpu_exception	: yes\u000acpuid level	: 13\u000awp		: yes\u000aflags		: fpu vme de pse tsc msr pae mce cx8 apic sep mtrr pge mca cmov pat pse36 clflush mmx fxsr sse sse2 ht syscall nx rdtscp lm constant_tsc rep_good nopl xtopology nonstop_tsc cpuid tsc_known_freq pni pclmulqdq ssse3 fma cx16 pcid sse4_1 sse4_2 x2apic movbe popcnt tsc_deadline_timer aes xsave avx f16c rdrand hypervisor lahf_lm abm cpuid_fault invpcid_single pti ssbd ibrs ibpb stibp fsgsbase tsc_adjust bmi1 avx2 smep bmi2 erms invpcid smap xsaveopt arat md_clear arch_capabilities\u000abugs		: cpu_meltdown spectre_v1 spectre_v2 spec_store_bypass l1tf mds swapgs\u000abogomips	: 5000.02\u000aclflush size	: 64\u000acache_alignment	: 64\u000aaddress sizes	: 46 bits physical, 48 bits virtual\u000apower management:\u000a\u000a
p174
sV/proc/meminfo
p175
VMemTotal:        1717184 kB\u000aMemFree:         1118508 kB\u000aMemAvailable:    1486456 kB\u000aBuffers:           17452 kB\u000aCached:           464792 kB\u000aSwapCached:            0 kB\u000aActive:            94532 kB\u000aInactive:         448452 kB\u000aActive(anon):      60732 kB\u000aInactive(anon):      216 kB\u000aActive(file):      33800 kB\u000aInactive(file):   448236 kB\u000aUnevictable:           0 kB\u000aMlocked:               0 kB\u000aSwapTotal:             0 kB\u000aSwapFree:              0 kB\u000aDirty:               132 kB\u000aWriteback:             0 kB\u000aAnonPages:         60644 kB\u000aMapped:            35052 kB\u000aShmem:               220 kB\u000aSlab:              43184 kB\u000aSReclaimable:      32836 kB\u000aSUnreclaim:        10348 kB\u000aKernelStack:        1168 kB\u000aPageTables:         1300 kB\u000aNFS_Unstable:          0 kB\u000aBounce:                0 kB\u000aWritebackTmp:          0 kB\u000aCommitLimit:      858592 kB\u000aCommitted_AS:     251688 kB\u000aVmallocTotal:   34359738367 kB\u000aVmallocUsed:           0 kB\u000aVmallocChunk:          0 kB\u000aAnonHugePages:         0 kB\u000aShmemHugePages:        0 kB\u000aShmemPmdMapped:        0 kB\u000aHugePages_Total:       0\u000aHugePages_Free:        0\u000aHugePages_Rsvd:        0\u000aHugePages_Surp:        0\u000aHugepagesize:       2048 kB\u000aDirectMap4k:       21504 kB\u000aDirectMap2M:     1740800 kB\u000a
p176
ssVstatus_key
p177
Vpywren.jobs/67fd3946-e908-4506-9e7e-78c7e3607361/00003/status.json
p178
sVend_time
p179
F1609154203.0899329
sVlog_group_name
p180
V/aws/lambda/pywren_redis_2
p181
sVdata_key
p182
Vpywren.jobs/67fd3946-e908-4506-9e7e-78c7e3607361/aggdata.pickle
p183
sa(dp184
Vcallset_id
p185
V67fd3946-e908-4506-9e7e-78c7e3607361
p186
sVlog_stream_name
p187
V2020/12/28/[$LATEST]3f4aff56b837491a811a5e66e0603c45
p188
sVstdout
p189
V
sVfunc_key
p190
Vpywren.jobs/67fd3946-e908-4506-9e7e-78c7e3607361/func.pickle
p191
sVfree_disk_bytes
p192
I538333184
sVruntime_cached
p193
I00
sVretcode
p194
I0
sVcall_id
p195
V00004
p196
sVoutput_key
p197
Vpywren.jobs/67fd3946-e908-4506-9e7e-78c7e3607361/00004/output.pickle
p198
sVruntime_s3_key_used
p199
V5020c8-pywren.runtimes/default_2.7.tar.gz.0027
p200
sVaws_request_id
p201
V8c09ce68-7a0f-48c8-8862-c3e2da820fff
p202
sVexec_time
p203
F42.229898929595947
sVstart_time
p204
F1609154151.9033451
sVsetup_time
p205
F7.8393599987030029
sVruntime_s3_bucket_used
p206
Vpywren-runtimes-public-us-west-2
p207
sVexception
p208
NsVhost_submit_time
p209
F1609154150.90399
sVserver_info
p210
(dp211
Vuname
p212
V('Linux', '169.254.98.85', '4.14.203-112.332.amzn2.x86_64', '#1 SMP Wed Nov 4 20:46:34 UTC 2020', 'x86_64', 'x86_64')
p213
sV/proc/self/cgroup
p214
VMemTotal:        5650800 kB\u000aMemFree:         5040088 kB\u000aMemAvailable:    5324696 kB\u000aBuffers:           14564 kB\u000aCached:           464004 kB\u000aSwapCached:            0 kB\u000aActive:            92964 kB\u000aInactive:         446768 kB\u000aActive(anon):      61064 kB\u000aInactive(anon):      216 kB\u000aActive(file):      31900 kB\u000aInactive(file):   446552 kB\u000aUnevictable:           0 kB\u000aMlocked:               0 kB\u000aSwapTotal:             0 kB\u000aSwapFree:              0 kB\u000aDirty:               252 kB\u000aWriteback:             0 kB\u000aAnonPages:         61052 kB\u000aMapped:            34220 kB\u000aShmem:               220 kB\u000aSlab:              44688 kB\u000aSReclaimable:      33348 kB\u000aSUnreclaim:        11340 kB\u000aKernelStack:        1436 kB\u000aPageTables:         1344 kB\u000aNFS_Unstable:          0 kB\u000aBounce:                0 kB\u000aWritebackTmp:          0 kB\u000aCommitLimit:     2825400 kB\u000aCommitted_AS:     254520 kB\u000aVmallocTotal:   34359738367 kB\u000aVmallocUsed:           0 kB\u000aVmallocChunk:          0 kB\u000aAnonHugePages:         0 kB\u000aShmemHugePages:        0 kB\u000aShmemPmdMapped:        0 kB\u000aHugePages_Total:       0\u000aHugePages_Free:        0\u000aHugePages_Rsvd:        0\u000aHugePages_Surp:        0\u000aHugepagesize:       2048 kB\u000aDirectMap4k:       23552 kB\u000aDirectMap2M:     5801984 kB\u000a
p215
sV/proc/cgroups
p216
V#subsys_name	hierarchy	num_cgroups	enabled\u000acpuset	9	1	1\u000acpu	8	5	1\u000acpuacct	8	5	1\u000ablkio	11	1	1\u000amemory	10	5	1\u000adevices	6	1	1\u000afreezer	5	2	1\u000anet_cls	2	1	1\u000aperf_event	3	1	1\u000anet_prio	2	1	1\u000ahugetlb	4	1	1\u000apids	7	1	1\u000a
p217
sV/proc/cpuinfo
p218
Vprocessor	: 0\u000avendor_id	: GenuineIntel\u000acpu family	: 6\u000amodel		: 63\u000amodel name	: Intel(R) Xeon(R) Processor @ 2.50GHz\u000astepping	: 2\u000amicrocode	: 0x1\u000acpu MHz		: 2500.016\u000acache size	: 36608 KB\u000aphysical id	: 0\u000asiblings	: 3\u000acore id		: 0\u000acpu cores	: 3\u000aapicid		: 0\u000ainitial apicid	: 0\u000afpu		: yes\u000afpu_exception	: yes\u000acpuid level	: 13\u000awp		: yes\u000aflags		: fpu vme de pse tsc msr pae mce cx8 apic sep mtrr pge mca cmov pat pse36 clflush mmx fxsr sse sse2 ht syscall nx rdtscp lm constant_tsc rep_good nopl xtopology nonstop_tsc cpuid tsc_known_freq pni pclmulqdq ssse3 fma cx16 pcid sse4_1 sse4_2 x2apic movbe popcnt tsc_deadline_timer aes xsave avx f16c rdrand hypervisor lahf_lm abm cpuid_fault invpcid_single ssbd ibrs ibpb stibp ibrs_enhanced fsgsbase tsc_adjust bmi1 avx2 smep bmi2 erms invpcid smap xsaveopt arat md_clear arch_capabilities\u000abugs		: spectre_v1 spectre_v2 spec_store_bypass swapgs\u000abogomips	: 5000.03\u000aclflush size	: 64\u000acache_alignment	: 64\u000aaddress sizes	: 46 bits physical, 48 bits virtual\u000apower management:\u000a\u000aprocessor	: 1\u000avendor_id	: GenuineIntel\u000acpu family	: 6\u000amodel		: 63\u000amodel name	: Intel(R) Xeon(R) Processor @ 2.50GHz\u000astepping	: 2\u000amicrocode	: 0x1\u000acpu MHz		: 2500.016\u000acache size	: 36608 KB\u000aphysical id	: 0\u000asiblings	: 3\u000acore id		: 1\u000acpu cores	: 3\u000aapicid		: 1\u000ainitial apicid	: 1\u000afpu		: yes\u000afpu_exception	: yes\u000acpuid level	: 13\u000awp		: yes\u000aflags		: fpu vme de pse tsc msr pae mce cx8 apic sep mtrr pge mca cmov pat pse36 clflush mmx fxsr sse sse2 ht syscall nx rdtscp lm constant_tsc rep_good nopl xtopology nonstop_tsc cpuid tsc_known_freq pni pclmulqdq ssse3 fma cx16 pcid sse4_1 sse4_2 x2apic movbe popcnt tsc_deadline_timer aes xsave avx f16c rdrand hypervisor lahf_lm abm cpuid_fault invpcid_single ssbd ibrs ibpb stibp ibrs_enhanced fsgsbase tsc_adjust bmi1 avx2 smep bmi2 erms invpcid smap xsaveopt arat md_clear arch_capabilities\u000abugs		: spectre_v1 spectre_v2 spec_store_bypass swapgs\u000abogomips	: 5000.03\u000aclflush size	: 64\u000acache_alignment	: 64\u000aaddress sizes	: 46 bits physical, 48 bits virtual\u000apower management:\u000a\u000aprocessor	: 2\u000avendor_id	: GenuineIntel\u000acpu family	: 6\u000amodel		: 63\u000amodel name	: Intel(R) Xeon(R) Processor @ 2.50GHz\u000astepping	: 2\u000amicrocode	: 0x1\u000acpu MHz		: 2500.016\u000acache size	: 36608 KB\u000aphysical id	: 0\u000asiblings	: 3\u000acore id		: 2\u000acpu cores	: 3\u000aapicid		: 2\u000ainitial apicid	: 2\u000afpu		: yes\u000afpu_exception	: yes\u000acpuid level	: 13\u000awp		: yes\u000aflags		: fpu vme de pse tsc msr pae mce cx8 apic sep mtrr pge mca cmov pat pse36 clflush mmx fxsr sse sse2 ht syscall nx rdtscp lm constant_tsc rep_good nopl xtopology nonstop_tsc cpuid tsc_known_freq pni pclmulqdq ssse3 fma cx16 pcid sse4_1 sse4_2 x2apic movbe popcnt tsc_deadline_timer aes xsave avx f16c rdrand hypervisor lahf_lm abm cpuid_fault invpcid_single ssbd ibrs ibpb stibp ibrs_enhanced fsgsbase tsc_adjust bmi1 avx2 smep bmi2 erms invpcid smap xsaveopt arat md_clear arch_capabilities\u000abugs		: spectre_v1 spectre_v2 spec_store_bypass swapgs\u000abogomips	: 5000.03\u000aclflush size	: 64\u000acache_alignment	: 64\u000aaddress sizes	: 46 bits physical, 48 bits virtual\u000apower management:\u000a\u000a
p219
sV/proc/meminfo
p220
VMemTotal:        5650800 kB\u000aMemFree:         5040088 kB\u000aMemAvailable:    5324696 kB\u000aBuffers:           14564 kB\u000aCached:           464004 kB\u000aSwapCached:            0 kB\u000aActive:            92964 kB\u000aInactive:         446768 kB\u000aActive(anon):      61064 kB\u000aInactive(anon):      216 kB\u000aActive(file):      31900 kB\u000aInactive(file):   446552 kB\u000aUnevictable:           0 kB\u000aMlocked:               0 kB\u000aSwapTotal:             0 kB\u000aSwapFree:              0 kB\u000aDirty:               252 kB\u000aWriteback:             0 kB\u000aAnonPages:         61052 kB\u000aMapped:            34220 kB\u000aShmem:               220 kB\u000aSlab:              44688 kB\u000aSReclaimable:      33348 kB\u000aSUnreclaim:        11340 kB\u000aKernelStack:        1436 kB\u000aPageTables:         1344 kB\u000aNFS_Unstable:          0 kB\u000aBounce:                0 kB\u000aWritebackTmp:          0 kB\u000aCommitLimit:     2825400 kB\u000aCommitted_AS:     254520 kB\u000aVmallocTotal:   34359738367 kB\u000aVmallocUsed:           0 kB\u000aVmallocChunk:          0 kB\u000aAnonHugePages:         0 kB\u000aShmemHugePages:        0 kB\u000aShmemPmdMapped:        0 kB\u000aHugePages_Total:       0\u000aHugePages_Free:        0\u000aHugePages_Rsvd:        0\u000aHugePages_Surp:        0\u000aHugepagesize:       2048 kB\u000aDirectMap4k:       23552 kB\u000aDirectMap2M:     5801984 kB\u000a
p221
ssVstatus_key
p222
Vpywren.jobs/67fd3946-e908-4506-9e7e-78c7e3607361/00004/status.json
p223
sVend_time
p224
F1609154201.9725969
sVlog_group_name
p225
V/aws/lambda/pywren_redis_2
p226
sVdata_key
p227
Vpywren.jobs/67fd3946-e908-4506-9e7e-78c7e3607361/aggdata.pickle
p228
sa(dp229
Vcallset_id
p230
V67fd3946-e908-4506-9e7e-78c7e3607361
p231
sVlog_stream_name
p232
V2020/12/28/[$LATEST]9fa3e3a76a5e44fda70e703df0da2046
p233
sVstdout
p234
V
sVfunc_key
p235
Vpywren.jobs/67fd3946-e908-4506-9e7e-78c7e3607361/func.pickle
p236
sVfree_disk_bytes
p237
I538333184
sVruntime_cached
p238
I00
sVretcode
p239
I0
sVcall_id
p240
V00005
p241
sVoutput_key
p242
Vpywren.jobs/67fd3946-e908-4506-9e7e-78c7e3607361/00005/output.pickle
p243
sVruntime_s3_key_used
p244
V85df1b-pywren.runtimes/default_2.7.tar.gz.0066
p245
sVaws_request_id
p246
V7cbe660f-518b-4bc1-9e80-94fdb37aaa92
p247
sVexec_time
p248
F74.716925859451294
sVstart_time
p249
F1609154151.698719
sVsetup_time
p250
F7.1741600036621094
sVruntime_s3_bucket_used
p251
Vpywren-runtimes-public-us-west-2
p252
sVexception
p253
NsVhost_submit_time
p254
F1609154150.9161141
sVserver_info
p255
(dp256
Vuname
p257
V('Linux', '169.254.62.117', '4.14.203-112.332.amzn2.x86_64', '#1 SMP Wed Nov 4 20:46:34 UTC 2020', 'x86_64', 'x86_64')
p258
sV/proc/self/cgroup
p259
VMemTotal:        1717184 kB\u000aMemFree:         1121376 kB\u000aMemAvailable:    1486628 kB\u000aBuffers:           17464 kB\u000aCached:           462032 kB\u000aSwapCached:            0 kB\u000aActive:            94316 kB\u000aInactive:         445984 kB\u000aActive(anon):      60796 kB\u000aInactive(anon):      216 kB\u000aActive(file):      33520 kB\u000aInactive(file):   445768 kB\u000aUnevictable:           0 kB\u000aMlocked:               0 kB\u000aSwapTotal:             0 kB\u000aSwapFree:              0 kB\u000aDirty:                 4 kB\u000aWriteback:             0 kB\u000aAnonPages:         60792 kB\u000aMapped:            35552 kB\u000aShmem:               220 kB\u000aSlab:              43132 kB\u000aSReclaimable:      32944 kB\u000aSUnreclaim:        10188 kB\u000aKernelStack:        1152 kB\u000aPageTables:         1336 kB\u000aNFS_Unstable:          0 kB\u000aBounce:                0 kB\u000aWritebackTmp:          0 kB\u000aCommitLimit:      858592 kB\u000aCommitted_AS:     252884 kB\u000aVmallocTotal:   34359738367 kB\u000aVmallocUsed:           0 kB\u000aVmallocChunk:          0 kB\u000aAnonHugePages:         0 kB\u000aShmemHugePages:        0 kB\u000aShmemPmdMapped:        0 kB\u000aHugePages_Total:       0\u000aHugePages_Free:        0\u000aHugePages_Rsvd:        0\u000aHugePages_Surp:        0\u000aHugepagesize:       2048 kB\u000aDirectMap4k:       21504 kB\u000aDirectMap2M:     1740800 kB\u000a
p260
sV/proc/cgroups
p261
V#subsys_name	hierarchy	num_cgroups	enabled\u000acpuset	8	1	1\u000acpu	6	5	1\u000acpuacct	6	5	1\u000ablkio	11	1	1\u000amemory	10	5	1\u000adevices	4	1	1\u000afreezer	7	2	1\u000anet_cls	3	1	1\u000aperf_event	5	1	1\u000anet_prio	3	1	1\u000ahugetlb	2	1	1\u000apids	9	1	1\u000a
p262
sV/proc/cpuinfo
p263
Vprocessor	: 0\u000avendor_id	: GenuineIntel\u000acpu family	: 6\u000amodel		: 63\u000amodel name	: Intel(R) Xeon(R) Processor @ 2.50GHz\u000astepping	: 2\u000amicrocode	: 0x1\u000acpu MHz		: 2500.012\u000acache size	: 33792 KB\u000aphysical id	: 0\u000asiblings	: 2\u000acore id		: 0\u000acpu cores	: 2\u000aapicid		: 0\u000ainitial apicid	: 0\u000afpu		: yes\u000afpu_exception	: yes\u000acpuid level	: 13\u000awp		: yes\u000aflags		: fpu vme de pse tsc msr pae mce cx8 apic sep mtrr pge mca cmov pat pse36 clflush mmx fxsr sse sse2 ht syscall nx rdtscp lm constant_tsc rep_good nopl xtopology nonstop_tsc cpuid tsc_known_freq pni pclmulqdq ssse3 fma cx16 pcid sse4_1 sse4_2 x2apic movbe popcnt tsc_deadline_timer aes xsave avx f16c rdrand hypervisor lahf_lm abm cpuid_fault invpcid_single pti ssbd ibrs ibpb stibp fsgsbase tsc_adjust bmi1 avx2 smep bmi2 erms invpcid smap xsaveopt arat md_clear arch_capabilities\u000abugs		: cpu_meltdown spectre_v1 spectre_v2 spec_store_bypass l1tf mds swapgs\u000abogomips	: 5000.02\u000aclflush size	: 64\u000acache_alignment	: 64\u000aaddress sizes	: 46 bits physical, 48 bits virtual\u000apower management:\u000a\u000aprocessor	: 1\u000avendor_id	: GenuineIntel\u000acpu family	: 6\u000amodel		: 63\u000amodel name	: Intel(R) Xeon(R) Processor @ 2.50GHz\u000astepping	: 2\u000amicrocode	: 0x1\u000acpu MHz		: 2500.012\u000acache size	: 33792 KB\u000aphysical id	: 0\u000asiblings	: 2\u000acore id		: 1\u000acpu cores	: 2\u000aapicid		: 1\u000ainitial apicid	: 1\u000afpu		: yes\u000afpu_exception	: yes\u000acpuid level	: 13\u000awp		: yes\u000aflags		: fpu vme de pse tsc msr pae mce cx8 apic sep mtrr pge mca cmov pat pse36 clflush mmx fxsr sse sse2 ht syscall nx rdtscp lm constant_tsc rep_good nopl xtopology nonstop_tsc cpuid tsc_known_freq pni pclmulqdq ssse3 fma cx16 pcid sse4_1 sse4_2 x2apic movbe popcnt tsc_deadline_timer aes xsave avx f16c rdrand hypervisor lahf_lm abm cpuid_fault invpcid_single pti ssbd ibrs ibpb stibp fsgsbase tsc_adjust bmi1 avx2 smep bmi2 erms invpcid smap xsaveopt arat md_clear arch_capabilities\u000abugs		: cpu_meltdown spectre_v1 spectre_v2 spec_store_bypass l1tf mds swapgs\u000abogomips	: 5000.02\u000aclflush size	: 64\u000acache_alignment	: 64\u000aaddress sizes	: 46 bits physical, 48 bits virtual\u000apower management:\u000a\u000a
p264
sV/proc/meminfo
p265
VMemTotal:        1717184 kB\u000aMemFree:         1121376 kB\u000aMemAvailable:    1486628 kB\u000aBuffers:           17464 kB\u000aCached:           462032 kB\u000aSwapCached:            0 kB\u000aActive:            94316 kB\u000aInactive:         445984 kB\u000aActive(anon):      60796 kB\u000aInactive(anon):      216 kB\u000aActive(file):      33520 kB\u000aInactive(file):   445768 kB\u000aUnevictable:           0 kB\u000aMlocked:               0 kB\u000aSwapTotal:             0 kB\u000aSwapFree:              0 kB\u000aDirty:                 4 kB\u000aWriteback:             0 kB\u000aAnonPages:         60792 kB\u000aMapped:            35552 kB\u000aShmem:               220 kB\u000aSlab:              43132 kB\u000aSReclaimable:      32944 kB\u000aSUnreclaim:        10188 kB\u000aKernelStack:        1152 kB\u000aPageTables:         1336 kB\u000aNFS_Unstable:          0 kB\u000aBounce:                0 kB\u000aWritebackTmp:          0 kB\u000aCommitLimit:      858592 kB\u000aCommitted_AS:     252884 kB\u000aVmallocTotal:   34359738367 kB\u000aVmallocUsed:           0 kB\u000aVmallocChunk:          0 kB\u000aAnonHugePages:         0 kB\u000aShmemHugePages:        0 kB\u000aShmemPmdMapped:        0 kB\u000aHugePages_Total:       0\u000aHugePages_Free:        0\u000aHugePages_Rsvd:        0\u000aHugePages_Surp:        0\u000aHugepagesize:       2048 kB\u000aDirectMap4k:       21504 kB\u000aDirectMap2M:     1740800 kB\u000a
p266
ssVstatus_key
p267
Vpywren.jobs/67fd3946-e908-4506-9e7e-78c7e3607361/00005/status.json
p268
sVend_time
p269
F1609154233.5897999
sVlog_group_name
p270
V/aws/lambda/pywren_redis_2
p271
sVdata_key
p272
Vpywren.jobs/67fd3946-e908-4506-9e7e-78c7e3607361/aggdata.pickle
p273
sa(dp274
Vcallset_id
p275
V67fd3946-e908-4506-9e7e-78c7e3607361
p276
sVlog_stream_name
p277
V2020/12/28/[$LATEST]01c3376cf35f400c911b208b45daba01
p278
sVstdout
p279
V
sVfunc_key
p280
Vpywren.jobs/67fd3946-e908-4506-9e7e-78c7e3607361/func.pickle
p281
sVfree_disk_bytes
p282
I538333184
sVruntime_cached
p283
I00
sVretcode
p284
I0
sVcall_id
p285
V00006
p286
sVoutput_key
p287
Vpywren.jobs/67fd3946-e908-4506-9e7e-78c7e3607361/00006/output.pickle
p288
sVruntime_s3_key_used
p289
V423a85-pywren.runtimes/default_2.7.tar.gz.0010
p290
sVaws_request_id
p291
V9896c617-b818-426a-aac5-e0c270021b3e
p292
sVexec_time
p293
F44.486073970794678
sVstart_time
p294
F1609154151.6546841
sVsetup_time
p295
F6.9397518634796143
sVruntime_s3_bucket_used
p296
Vpywren-runtimes-public-us-west-2
p297
sVexception
p298
NsVhost_submit_time
p299
F1609154150.921387
sVserver_info
p300
(dp301
Vuname
p302
V('Linux', '169.254.189.77', '4.14.203-112.332.amzn2.x86_64', '#1 SMP Wed Nov 4 20:46:34 UTC 2020', 'x86_64', 'x86_64')
p303
sV/proc/self/cgroup
p304
VMemTotal:        1717184 kB\u000aMemFree:         1118188 kB\u000aMemAvailable:    1485980 kB\u000aBuffers:           17452 kB\u000aCached:           464524 kB\u000aSwapCached:            0 kB\u000aActive:            94164 kB\u000aInactive:         448684 kB\u000aActive(anon):      60864 kB\u000aInactive(anon):      216 kB\u000aActive(file):      33300 kB\u000aInactive(file):   448468 kB\u000aUnevictable:           0 kB\u000aMlocked:               0 kB\u000aSwapTotal:             0 kB\u000aSwapFree:              0 kB\u000aDirty:               364 kB\u000aWriteback:             0 kB\u000aAnonPages:         60860 kB\u000aMapped:            35212 kB\u000aShmem:               220 kB\u000aSlab:              43636 kB\u000aSReclaimable:      33060 kB\u000aSUnreclaim:        10576 kB\u000aKernelStack:        1160 kB\u000aPageTables:         1328 kB\u000aNFS_Unstable:          0 kB\u000aBounce:                0 kB\u000aWritebackTmp:          0 kB\u000aCommitLimit:      858592 kB\u000aCommitted_AS:     251744 kB\u000aVmallocTotal:   34359738367 kB\u000aVmallocUsed:           0 kB\u000aVmallocChunk:          0 kB\u000aAnonHugePages:         0 kB\u000aShmemHugePages:        0 kB\u000aShmemPmdMapped:        0 kB\u000aHugePages_Total:       0\u000aHugePages_Free:        0\u000aHugePages_Rsvd:        0\u000aHugePages_Surp:        0\u000aHugepagesize:       2048 kB\u000aDirectMap4k:       21504 kB\u000aDirectMap2M:     1740800 kB\u000a
p305
sV/proc/cgroups
p306
V#subsys_name	hierarchy	num_cgroups	enabled\u000acpuset	6	1	1\u000acpu	4	5	1\u000acpuacct	4	5	1\u000ablkio	10	1	1\u000amemory	11	5	1\u000adevices	2	1	1\u000afreezer	8	2	1\u000anet_cls	7	1	1\u000aperf_event	5	1	1\u000anet_prio	7	1	1\u000ahugetlb	3	1	1\u000apids	9	1	1\u000a
p307
sV/proc/cpuinfo
p308
Vprocessor	: 0\u000avendor_id	: GenuineIntel\u000acpu family	: 6\u000amodel		: 63\u000amodel name	: Intel(R) Xeon(R) Processor @ 2.50GHz\u000astepping	: 2\u000amicrocode	: 0x1\u000acpu MHz		: 2500.002\u000acache size	: 36608 KB\u000aphysical id	: 0\u000asiblings	: 2\u000acore id		: 0\u000acpu cores	: 2\u000aapicid		: 0\u000ainitial apicid	: 0\u000afpu		: yes\u000afpu_exception	: yes\u000acpuid level	: 13\u000awp		: yes\u000aflags		: fpu vme de pse tsc msr pae mce cx8 apic sep mtrr pge mca cmov pat pse36 clflush mmx fxsr sse sse2 ht syscall nx rdtscp lm constant_tsc rep_good nopl xtopology nonstop_tsc cpuid tsc_known_freq pni pclmulqdq ssse3 fma cx16 pcid sse4_1 sse4_2 x2apic movbe popcnt tsc_deadline_timer aes xsave avx f16c rdrand hypervisor lahf_lm abm cpuid_fault invpcid_single ssbd ibrs ibpb stibp ibrs_enhanced fsgsbase tsc_adjust bmi1 avx2 smep bmi2 erms invpcid smap xsaveopt arat md_clear arch_capabilities\u000abugs		: spectre_v1 spectre_v2 spec_store_bypass swapgs\u000abogomips	: 5000.00\u000aclflush size	: 64\u000acache_alignment	: 64\u000aaddress sizes	: 46 bits physical, 48 bits virtual\u000apower management:\u000a\u000aprocessor	: 1\u000avendor_id	: GenuineIntel\u000acpu family	: 6\u000amodel		: 63\u000amodel name	: Intel(R) Xeon(R) Processor @ 2.50GHz\u000astepping	: 2\u000amicrocode	: 0x1\u000acpu MHz		: 2500.002\u000acache size	: 36608 KB\u000aphysical id	: 0\u000asiblings	: 2\u000acore id		: 1\u000acpu cores	: 2\u000aapicid		: 1\u000ainitial apicid	: 1\u000afpu		: yes\u000afpu_exception	: yes\u000acpuid level	: 13\u000awp		: yes\u000aflags		: fpu vme de pse tsc msr pae mce cx8 apic sep mtrr pge mca cmov pat pse36 clflush mmx fxsr sse sse2 ht syscall nx rdtscp lm constant_tsc rep_good nopl xtopology nonstop_tsc cpuid tsc_known_freq pni pclmulqdq ssse3 fma cx16 pcid sse4_1 sse4_2 x2apic movbe popcnt tsc_deadline_timer aes xsave avx f16c rdrand hypervisor lahf_lm abm cpuid_fault invpcid_single ssbd ibrs ibpb stibp ibrs_enhanced fsgsbase tsc_adjust bmi1 avx2 smep bmi2 erms invpcid smap xsaveopt arat md_clear arch_capabilities\u000abugs		: spectre_v1 spectre_v2 spec_store_bypass swapgs\u000abogomips	: 5000.00\u000aclflush size	: 64\u000acache_alignment	: 64\u000aaddress sizes	: 46 bits physical, 48 bits virtual\u000apower management:\u000a\u000a
p309
sV/proc/meminfo
p310
VMemTotal:        1717184 kB\u000aMemFree:         1118188 kB\u000aMemAvailable:    1485980 kB\u000aBuffers:           17452 kB\u000aCached:           464524 kB\u000aSwapCached:            0 kB\u000aActive:            94164 kB\u000aInactive:         448684 kB\u000aActive(anon):      60864 kB\u000aInactive(anon):      216 kB\u000aActive(file):      33300 kB\u000aInactive(file):   448468 kB\u000aUnevictable:           0 kB\u000aMlocked:               0 kB\u000aSwapTotal:             0 kB\u000aSwapFree:              0 kB\u000aDirty:               364 kB\u000aWriteback:             0 kB\u000aAnonPages:         60860 kB\u000aMapped:            35212 kB\u000aShmem:               220 kB\u000aSlab:              43636 kB\u000aSReclaimable:      33060 kB\u000aSUnreclaim:        10576 kB\u000aKernelStack:        1160 kB\u000aPageTables:         1328 kB\u000aNFS_Unstable:          0 kB\u000aBounce:                0 kB\u000aWritebackTmp:          0 kB\u000aCommitLimit:      858592 kB\u000aCommitted_AS:     251744 kB\u000aVmallocTotal:   34359738367 kB\u000aVmallocUsed:           0 kB\u000aVmallocChunk:          0 kB\u000aAnonHugePages:         0 kB\u000aShmemHugePages:        0 kB\u000aShmemPmdMapped:        0 kB\u000aHugePages_Total:       0\u000aHugePages_Free:        0\u000aHugePages_Rsvd:        0\u000aHugePages_Surp:        0\u000aHugepagesize:       2048 kB\u000aDirectMap4k:       21504 kB\u000aDirectMap2M:     1740800 kB\u000a
p311
ssVstatus_key
p312
Vpywren.jobs/67fd3946-e908-4506-9e7e-78c7e3607361/00006/status.json
p313
sVend_time
p314
F1609154203.0805061
sVlog_group_name
p315
V/aws/lambda/pywren_redis_2
p316
sVdata_key
p317
Vpywren.jobs/67fd3946-e908-4506-9e7e-78c7e3607361/aggdata.pickle
p318
sa(dp319
Vcallset_id
p320
V67fd3946-e908-4506-9e7e-78c7e3607361
p321
sVlog_stream_name
p322
V2020/12/28/[$LATEST]7d5ed717c20247dcb4499ec05691fa65
p323
sVstdout
p324
V
sVfunc_key
p325
Vpywren.jobs/67fd3946-e908-4506-9e7e-78c7e3607361/func.pickle
p326
sVfree_disk_bytes
p327
I538333184
sVruntime_cached
p328
I00
sVretcode
p329
I0
sVcall_id
p330
V00007
p331
sVoutput_key
p332
Vpywren.jobs/67fd3946-e908-4506-9e7e-78c7e3607361/00007/output.pickle
p333
sVruntime_s3_key_used
p334
V08f228-pywren.runtimes/default_2.7.tar.gz.0091
p335
sVaws_request_id
p336
V8c3b685a-3260-4292-95e4-09e1d7061e5f
p337
sVexec_time
p338
F42.223222017288208
sVstart_time
p339
F1609154151.6785309
sVsetup_time
p340
F7.0647130012512207
sVruntime_s3_bucket_used
p341
Vpywren-runtimes-public-us-west-2
p342
sVexception
p343
NsVhost_submit_time
p344
F1609154150.9270921
sVserver_info
p345
(dp346
Vuname
p347
V('Linux', '169.254.164.221', '4.14.203-112.332.amzn2.x86_64', '#1 SMP Wed Nov 4 20:46:34 UTC 2020', 'x86_64', 'x86_64')
p348
sV/proc/self/cgroup
p349
VMemTotal:        1717184 kB\u000aMemFree:         1117716 kB\u000aMemAvailable:    1485284 kB\u000aBuffers:           17816 kB\u000aCached:           463988 kB\u000aSwapCached:            0 kB\u000aActive:            94528 kB\u000aInactive:         448108 kB\u000aActive(anon):      60824 kB\u000aInactive(anon):      216 kB\u000aActive(file):      33704 kB\u000aInactive(file):   447892 kB\u000aUnevictable:           0 kB\u000aMlocked:               0 kB\u000aSwapTotal:             0 kB\u000aSwapFree:              0 kB\u000aDirty:               356 kB\u000aWriteback:             0 kB\u000aAnonPages:         60776 kB\u000aMapped:            35208 kB\u000aShmem:               220 kB\u000aSlab:              43952 kB\u000aSReclaimable:      32956 kB\u000aSUnreclaim:        10996 kB\u000aKernelStack:        1168 kB\u000aPageTables:         1308 kB\u000aNFS_Unstable:          0 kB\u000aBounce:                0 kB\u000aWritebackTmp:          0 kB\u000aCommitLimit:      858592 kB\u000aCommitted_AS:     254452 kB\u000aVmallocTotal:   34359738367 kB\u000aVmallocUsed:           0 kB\u000aVmallocChunk:          0 kB\u000aAnonHugePages:         0 kB\u000aShmemHugePages:        0 kB\u000aShmemPmdMapped:        0 kB\u000aHugePages_Total:       0\u000aHugePages_Free:        0\u000aHugePages_Rsvd:        0\u000aHugePages_Surp:        0\u000aHugepagesize:       2048 kB\u000aDirectMap4k:       21504 kB\u000aDirectMap2M:     1740800 kB\u000a
p350
sV/proc/cgroups
p351
V#subsys_name	hierarchy	num_cgroups	enabled\u000acpuset	7	1	1\u000acpu	2	5	1\u000acpuacct	2	5	1\u000ablkio	10	1	1\u000amemory	9	5	1\u000adevices	4	1	1\u000afreezer	8	2	1\u000anet_cls	11	1	1\u000aperf_event	6	1	1\u000anet_prio	11	1	1\u000ahugetlb	3	1	1\u000apids	5	1	1\u000a
p352
sV/proc/cpuinfo
p353
Vprocessor	: 0\u000avendor_id	: GenuineIntel\u000acpu family	: 6\u000amodel		: 63\u000amodel name	: Intel(R) Xeon(R) Processor @ 2.50GHz\u000astepping	: 2\u000amicrocode	: 0x1\u000acpu MHz		: 2499.994\u000acache size	: 36608 KB\u000aphysical id	: 0\u000asiblings	: 2\u000acore id		: 0\u000acpu cores	: 2\u000aapicid		: 0\u000ainitial apicid	: 0\u000afpu		: yes\u000afpu_exception	: yes\u000acpuid level	: 13\u000awp		: yes\u000aflags		: fpu vme de pse tsc msr pae mce cx8 apic sep mtrr pge mca cmov pat pse36 clflush mmx fxsr sse sse2 ht syscall nx rdtscp lm constant_tsc rep_good nopl xtopology nonstop_tsc cpuid tsc_known_freq pni pclmulqdq ssse3 fma cx16 pcid sse4_1 sse4_2 x2apic movbe popcnt tsc_deadline_timer aes xsave avx f16c rdrand hypervisor lahf_lm abm cpuid_fault invpcid_single ssbd ibrs ibpb stibp ibrs_enhanced fsgsbase tsc_adjust bmi1 avx2 smep bmi2 erms invpcid smap xsaveopt arat md_clear arch_capabilities\u000abugs		: spectre_v1 spectre_v2 spec_store_bypass swapgs\u000abogomips	: 4999.98\u000aclflush size	: 64\u000acache_alignment	: 64\u000aaddress sizes	: 46 bits physical, 48 bits virtual\u000apower management:\u000a\u000aprocessor	: 1\u000avendor_id	: GenuineIntel\u000acpu family	: 6\u000amodel		: 63\u000amodel name	: Intel(R) Xeon(R) Processor @ 2.50GHz\u000astepping	: 2\u000amicrocode	: 0x1\u000acpu MHz		: 2499.994\u000acache size	: 36608 KB\u000aphysical id	: 0\u000asiblings	: 2\u000acore id		: 1\u000acpu cores	: 2\u000aapicid		: 1\u000ainitial apicid	: 1\u000afpu		: yes\u000afpu_exception	: yes\u000acpuid level	: 13\u000awp		: yes\u000aflags		: fpu vme de pse tsc msr pae mce cx8 apic sep mtrr pge mca cmov pat pse36 clflush mmx fxsr sse sse2 ht syscall nx rdtscp lm constant_tsc rep_good nopl xtopology nonstop_tsc cpuid tsc_known_freq pni pclmulqdq ssse3 fma cx16 pcid sse4_1 sse4_2 x2apic movbe popcnt tsc_deadline_timer aes xsave avx f16c rdrand hypervisor lahf_lm abm cpuid_fault invpcid_single ssbd ibrs ibpb stibp ibrs_enhanced fsgsbase tsc_adjust bmi1 avx2 smep bmi2 erms invpcid smap xsaveopt arat md_clear arch_capabilities\u000abugs		: spectre_v1 spectre_v2 spec_store_bypass swapgs\u000abogomips	: 4999.98\u000aclflush size	: 64\u000acache_alignment	: 64\u000aaddress sizes	: 46 bits physical, 48 bits virtual\u000apower management:\u000a\u000a
p354
sV/proc/meminfo
p355
VMemTotal:        1717184 kB\u000aMemFree:         1117716 kB\u000aMemAvailable:    1485284 kB\u000aBuffers:           17816 kB\u000aCached:           463988 kB\u000aSwapCached:            0 kB\u000aActive:            94528 kB\u000aInactive:         448108 kB\u000aActive(anon):      60824 kB\u000aInactive(anon):      216 kB\u000aActive(file):      33704 kB\u000aInactive(file):   447892 kB\u000aUnevictable:           0 kB\u000aMlocked:               0 kB\u000aSwapTotal:             0 kB\u000aSwapFree:              0 kB\u000aDirty:               356 kB\u000aWriteback:             0 kB\u000aAnonPages:         60776 kB\u000aMapped:            35208 kB\u000aShmem:               220 kB\u000aSlab:              43952 kB\u000aSReclaimable:      32956 kB\u000aSUnreclaim:        10996 kB\u000aKernelStack:        1168 kB\u000aPageTables:         1308 kB\u000aNFS_Unstable:          0 kB\u000aBounce:                0 kB\u000aWritebackTmp:          0 kB\u000aCommitLimit:      858592 kB\u000aCommitted_AS:     254452 kB\u000aVmallocTotal:   34359738367 kB\u000aVmallocUsed:           0 kB\u000aVmallocChunk:          0 kB\u000aAnonHugePages:         0 kB\u000aShmemHugePages:        0 kB\u000aShmemPmdMapped:        0 kB\u000aHugePages_Total:       0\u000aHugePages_Free:        0\u000aHugePages_Rsvd:        0\u000aHugePages_Surp:        0\u000aHugepagesize:       2048 kB\u000aDirectMap4k:       21504 kB\u000aDirectMap2M:     1740800 kB\u000a
p356
ssVstatus_key
p357
Vpywren.jobs/67fd3946-e908-4506-9e7e-78c7e3607361/00007/status.json
p358
sVend_time
p359
F1609154200.966459
sVlog_group_name
p360
V/aws/lambda/pywren_redis_2
p361
sVdata_key
p362
Vpywren.jobs/67fd3946-e908-4506-9e7e-78c7e3607361/aggdata.pickle
p363
sa(dp364
Vcallset_id
p365
V67fd3946-e908-4506-9e7e-78c7e3607361
p366
sVlog_stream_name
p367
V2020/12/28/[$LATEST]b18387ba91414385b210d9e9fc4930a7
p368
sVstdout
p369
V
sVfunc_key
p370
Vpywren.jobs/67fd3946-e908-4506-9e7e-78c7e3607361/func.pickle
p371
sVfree_disk_bytes
p372
I538333184
sVruntime_cached
p373
I00
sVretcode
p374
I0
sVcall_id
p375
V00008
p376
sVoutput_key
p377
Vpywren.jobs/67fd3946-e908-4506-9e7e-78c7e3607361/00008/output.pickle
p378
sVruntime_s3_key_used
p379
V9f25cd-pywren.runtimes/default_2.7.tar.gz.0086
p380
sVaws_request_id
p381
V185a2464-66ce-4bf0-8488-355fe04c0061
p382
sVexec_time
p383
F52.283216953277588
sVstart_time
p384
F1609154151.666677
sVsetup_time
p385
F6.9354391098022461
sVruntime_s3_bucket_used
p386
Vpywren-runtimes-public-us-west-2
p387
sVexception
p388
NsVhost_submit_time
p389
F1609154150.9317479
sVserver_info
p390
(dp391
Vuname
p392
V('Linux', '169.254.13.93', '4.14.203-112.332.amzn2.x86_64', '#1 SMP Wed Nov 4 20:46:34 UTC 2020', 'x86_64', 'x86_64')
p393
sV/proc/self/cgroup
p394
VMemTotal:        1717184 kB\u000aMemFree:         1117848 kB\u000aMemAvailable:    1485996 kB\u000aBuffers:           17560 kB\u000aCached:           464884 kB\u000aSwapCached:            0 kB\u000aActive:            94932 kB\u000aInactive:         448380 kB\u000aActive(anon):      60856 kB\u000aInactive(anon):      216 kB\u000aActive(file):      34076 kB\u000aInactive(file):   448164 kB\u000aUnevictable:           0 kB\u000aMlocked:               0 kB\u000aSwapTotal:             0 kB\u000aSwapFree:              0 kB\u000aDirty:               372 kB\u000aWriteback:             0 kB\u000aAnonPages:         60868 kB\u000aMapped:            35456 kB\u000aShmem:               220 kB\u000aSlab:              43524 kB\u000aSReclaimable:      32832 kB\u000aSUnreclaim:        10692 kB\u000aKernelStack:        1152 kB\u000aPageTables:         1340 kB\u000aNFS_Unstable:          0 kB\u000aBounce:                0 kB\u000aWritebackTmp:          0 kB\u000aCommitLimit:      858592 kB\u000aCommitted_AS:     251676 kB\u000aVmallocTotal:   34359738367 kB\u000aVmallocUsed:           0 kB\u000aVmallocChunk:          0 kB\u000aAnonHugePages:         0 kB\u000aShmemHugePages:        0 kB\u000aShmemPmdMapped:        0 kB\u000aHugePages_Total:       0\u000aHugePages_Free:        0\u000aHugePages_Rsvd:        0\u000aHugePages_Surp:        0\u000aHugepagesize:       2048 kB\u000aDirectMap4k:       21504 kB\u000aDirectMap2M:     1740800 kB\u000a
p395
sV/proc/cgroups
p396
V#subsys_name	hierarchy	num_cgroups	enabled\u000acpuset	9	1	1\u000acpu	7	5	1\u000acpuacct	7	5	1\u000ablkio	6	1	1\u000amemory	5	5	1\u000adevices	10	1	1\u000afreezer	11	2	1\u000anet_cls	3	1	1\u000aperf_event	8	1	1\u000anet_prio	3	1	1\u000ahugetlb	2	1	1\u000apids	4	1	1\u000a
p397
sV/proc/cpuinfo
p398
Vprocessor	: 0\u000avendor_id	: GenuineIntel\u000acpu family	: 6\u000amodel		: 63\u000amodel name	: Intel(R) Xeon(R) Processor @ 2.50GHz\u000astepping	: 2\u000amicrocode	: 0x1\u000acpu MHz		: 2500.010\u000acache size	: 36608 KB\u000aphysical id	: 0\u000asiblings	: 2\u000acore id		: 0\u000acpu cores	: 2\u000aapicid		: 0\u000ainitial apicid	: 0\u000afpu		: yes\u000afpu_exception	: yes\u000acpuid level	: 13\u000awp		: yes\u000aflags		: fpu vme de pse tsc msr pae mce cx8 apic sep mtrr pge mca cmov pat pse36 clflush mmx fxsr sse sse2 ht syscall nx rdtscp lm constant_tsc rep_good nopl xtopology nonstop_tsc cpuid tsc_known_freq pni pclmulqdq ssse3 fma cx16 pcid sse4_1 sse4_2 x2apic movbe popcnt tsc_deadline_timer aes xsave avx f16c rdrand hypervisor lahf_lm abm cpuid_fault invpcid_single ssbd ibrs ibpb stibp ibrs_enhanced fsgsbase tsc_adjust bmi1 avx2 smep bmi2 erms invpcid smap xsaveopt arat md_clear arch_capabilities\u000abugs		: spectre_v1 spectre_v2 spec_store_bypass swapgs\u000abogomips	: 5000.02\u000aclflush size	: 64\u000acache_alignment	: 64\u000aaddress sizes	: 46 bits physical, 48 bits virtual\u000apower management:\u000a\u000aprocessor	: 1\u000avendor_id	: GenuineIntel\u000acpu family	: 6\u000amodel		: 63\u000amodel name	: Intel(R) Xeon(R) Processor @ 2.50GHz\u000astepping	: 2\u000amicrocode	: 0x1\u000acpu MHz		: 2500.010\u000acache size	: 36608 KB\u000aphysical id	: 0\u000asiblings	: 2\u000acore id		: 1\u000acpu cores	: 2\u000aapicid		: 1\u000ainitial apicid	: 1\u000afpu		: yes\u000afpu_exception	: yes\u000acpuid level	: 13\u000awp		: yes\u000aflags		: fpu vme de pse tsc msr pae mce cx8 apic sep mtrr pge mca cmov pat pse36 clflush mmx fxsr sse sse2 ht syscall nx rdtscp lm constant_tsc rep_good nopl xtopology nonstop_tsc cpuid tsc_known_freq pni pclmulqdq ssse3 fma cx16 pcid sse4_1 sse4_2 x2apic movbe popcnt tsc_deadline_timer aes xsave avx f16c rdrand hypervisor lahf_lm abm cpuid_fault invpcid_single ssbd ibrs ibpb stibp ibrs_enhanced fsgsbase tsc_adjust bmi1 avx2 smep bmi2 erms invpcid smap xsaveopt arat md_clear arch_capabilities\u000abugs		: spectre_v1 spectre_v2 spec_store_bypass swapgs\u000abogomips	: 5000.02\u000aclflush size	: 64\u000acache_alignment	: 64\u000aaddress sizes	: 46 bits physical, 48 bits virtual\u000apower management:\u000a\u000a
p399
sV/proc/meminfo
p400
VMemTotal:        1717184 kB\u000aMemFree:         1117848 kB\u000aMemAvailable:    1485996 kB\u000aBuffers:           17560 kB\u000aCached:           464884 kB\u000aSwapCached:            0 kB\u000aActive:            94932 kB\u000aInactive:         448380 kB\u000aActive(anon):      60856 kB\u000aInactive(anon):      216 kB\u000aActive(file):      34076 kB\u000aInactive(file):   448164 kB\u000aUnevictable:           0 kB\u000aMlocked:               0 kB\u000aSwapTotal:             0 kB\u000aSwapFree:              0 kB\u000aDirty:               372 kB\u000aWriteback:             0 kB\u000aAnonPages:         60868 kB\u000aMapped:            35456 kB\u000aShmem:               220 kB\u000aSlab:              43524 kB\u000aSReclaimable:      32832 kB\u000aSUnreclaim:        10692 kB\u000aKernelStack:        1152 kB\u000aPageTables:         1340 kB\u000aNFS_Unstable:          0 kB\u000aBounce:                0 kB\u000aWritebackTmp:          0 kB\u000aCommitLimit:      858592 kB\u000aCommitted_AS:     251676 kB\u000aVmallocTotal:   34359738367 kB\u000aVmallocUsed:           0 kB\u000aVmallocChunk:          0 kB\u000aAnonHugePages:         0 kB\u000aShmemHugePages:        0 kB\u000aShmemPmdMapped:        0 kB\u000aHugePages_Total:       0\u000aHugePages_Free:        0\u000aHugePages_Rsvd:        0\u000aHugePages_Surp:        0\u000aHugepagesize:       2048 kB\u000aDirectMap4k:       21504 kB\u000aDirectMap2M:     1740800 kB\u000a
p401
ssVstatus_key
p402
Vpywren.jobs/67fd3946-e908-4506-9e7e-78c7e3607361/00008/status.json
p403
sVend_time
p404
F1609154210.8853281
sVlog_group_name
p405
V/aws/lambda/pywren_redis_2
p406
sVdata_key
p407
Vpywren.jobs/67fd3946-e908-4506-9e7e-78c7e3607361/aggdata.pickle
p408
sa(dp409
Vcallset_id
p410
V67fd3946-e908-4506-9e7e-78c7e3607361
p411
sVlog_stream_name
p412
V2020/12/28/[$LATEST]94225f1990d1460d9d6ccc9f25998b46
p413
sVstdout
p414
V
sVfunc_key
p415
Vpywren.jobs/67fd3946-e908-4506-9e7e-78c7e3607361/func.pickle
p416
sVfree_disk_bytes
p417
I538333184
sVruntime_cached
p418
I00
sVretcode
p419
I0
sVcall_id
p420
V00009
p421
sVoutput_key
p422
Vpywren.jobs/67fd3946-e908-4506-9e7e-78c7e3607361/00009/output.pickle
p423
sVruntime_s3_key_used
p424
V9f25cd-pywren.runtimes/default_2.7.tar.gz.0086
p425
sVaws_request_id
p426
V74b2c462-b967-48b4-9796-b0ccc6aec6fd
p427
sVexec_time
p428
F56.294280052185059
sVstart_time
p429
F1609154151.635211
sVsetup_time
p430
F7.1142539978027344
sVruntime_s3_bucket_used
p431
Vpywren-runtimes-public-us-west-2
p432
sVexception
p433
NsVhost_submit_time
p434
F1609154150.9391501
sVserver_info
p435
(dp436
Vuname
p437
V('Linux', '169.254.225.45', '4.14.203-112.332.amzn2.x86_64', '#1 SMP Wed Nov 4 20:46:34 UTC 2020', 'x86_64', 'x86_64')
p438
sV/proc/self/cgroup
p439
VMemTotal:        1717184 kB\u000aMemFree:         1118508 kB\u000aMemAvailable:    1486052 kB\u000aBuffers:           17584 kB\u000aCached:           464168 kB\u000aSwapCached:            0 kB\u000aActive:            94724 kB\u000aInactive:         447856 kB\u000aActive(anon):      60820 kB\u000aInactive(anon):      216 kB\u000aActive(file):      33904 kB\u000aInactive(file):   447640 kB\u000aUnevictable:           0 kB\u000aMlocked:               0 kB\u000aSwapTotal:             0 kB\u000aSwapFree:              0 kB\u000aDirty:               136 kB\u000aWriteback:             0 kB\u000aAnonPages:         60816 kB\u000aMapped:            34812 kB\u000aShmem:               220 kB\u000aSlab:              43676 kB\u000aSReclaimable:      33012 kB\u000aSUnreclaim:        10664 kB\u000aKernelStack:        1152 kB\u000aPageTables:         1336 kB\u000aNFS_Unstable:          0 kB\u000aBounce:                0 kB\u000aWritebackTmp:          0 kB\u000aCommitLimit:      858592 kB\u000aCommitted_AS:     251696 kB\u000aVmallocTotal:   34359738367 kB\u000aVmallocUsed:           0 kB\u000aVmallocChunk:          0 kB\u000aAnonHugePages:         0 kB\u000aShmemHugePages:        0 kB\u000aShmemPmdMapped:        0 kB\u000aHugePages_Total:       0\u000aHugePages_Free:        0\u000aHugePages_Rsvd:        0\u000aHugePages_Surp:        0\u000aHugepagesize:       2048 kB\u000aDirectMap4k:       23552 kB\u000aDirectMap2M:     1738752 kB\u000a
p440
sV/proc/cgroups
p441
V#subsys_name	hierarchy	num_cgroups	enabled\u000acpuset	9	1	1\u000acpu	5	5	1\u000acpuacct	5	5	1\u000ablkio	11	1	1\u000amemory	8	5	1\u000adevices	7	1	1\u000afreezer	10	2	1\u000anet_cls	6	1	1\u000aperf_event	4	1	1\u000anet_prio	6	1	1\u000ahugetlb	3	1	1\u000apids	2	1	1\u000a
p442
sV/proc/cpuinfo
p443
Vprocessor	: 0\u000avendor_id	: GenuineIntel\u000acpu family	: 6\u000amodel		: 63\u000amodel name	: Intel(R) Xeon(R) Processor @ 2.50GHz\u000astepping	: 2\u000amicrocode	: 0x1\u000acpu MHz		: 2500.008\u000acache size	: 36608 KB\u000aphysical id	: 0\u000asiblings	: 2\u000acore id		: 0\u000acpu cores	: 2\u000aapicid		: 0\u000ainitial apicid	: 0\u000afpu		: yes\u000afpu_exception	: yes\u000acpuid level	: 13\u000awp		: yes\u000aflags		: fpu vme de pse tsc msr pae mce cx8 apic sep mtrr pge mca cmov pat pse36 clflush mmx fxsr sse sse2 ht syscall nx rdtscp lm constant_tsc rep_good nopl xtopology nonstop_tsc cpuid tsc_known_freq pni pclmulqdq ssse3 fma cx16 pcid sse4_1 sse4_2 x2apic movbe popcnt tsc_deadline_timer aes xsave avx f16c rdrand hypervisor lahf_lm abm cpuid_fault invpcid_single ssbd ibrs ibpb stibp ibrs_enhanced fsgsbase tsc_adjust bmi1 avx2 smep bmi2 erms invpcid smap xsaveopt arat md_clear arch_capabilities\u000abugs		: spectre_v1 spectre_v2 spec_store_bypass swapgs\u000abogomips	: 5000.01\u000aclflush size	: 64\u000acache_alignment	: 64\u000aaddress sizes	: 46 bits physical, 48 bits virtual\u000apower management:\u000a\u000aprocessor	: 1\u000avendor_id	: GenuineIntel\u000acpu family	: 6\u000amodel		: 63\u000amodel name	: Intel(R) Xeon(R) Processor @ 2.50GHz\u000astepping	: 2\u000amicrocode	: 0x1\u000acpu MHz		: 2500.008\u000acache size	: 36608 KB\u000aphysical id	: 0\u000asiblings	: 2\u000acore id		: 1\u000acpu cores	: 2\u000aapicid		: 1\u000ainitial apicid	: 1\u000afpu		: yes\u000afpu_exception	: yes\u000acpuid level	: 13\u000awp		: yes\u000aflags		: fpu vme de pse tsc msr pae mce cx8 apic sep mtrr pge mca cmov pat pse36 clflush mmx fxsr sse sse2 ht syscall nx rdtscp lm constant_tsc rep_good nopl xtopology nonstop_tsc cpuid tsc_known_freq pni pclmulqdq ssse3 fma cx16 pcid sse4_1 sse4_2 x2apic movbe popcnt tsc_deadline_timer aes xsave avx f16c rdrand hypervisor lahf_lm abm cpuid_fault invpcid_single ssbd ibrs ibpb stibp ibrs_enhanced fsgsbase tsc_adjust bmi1 avx2 smep bmi2 erms invpcid smap xsaveopt arat md_clear arch_capabilities\u000abugs		: spectre_v1 spectre_v2 spec_store_bypass swapgs\u000abogomips	: 5000.01\u000aclflush size	: 64\u000acache_alignment	: 64\u000aaddress sizes	: 46 bits physical, 48 bits virtual\u000apower management:\u000a\u000a
p444
sV/proc/meminfo
p445
VMemTotal:        1717184 kB\u000aMemFree:         1118508 kB\u000aMemAvailable:    1486052 kB\u000aBuffers:           17584 kB\u000aCached:           464168 kB\u000aSwapCached:            0 kB\u000aActive:            94724 kB\u000aInactive:         447856 kB\u000aActive(anon):      60820 kB\u000aInactive(anon):      216 kB\u000aActive(file):      33904 kB\u000aInactive(file):   447640 kB\u000aUnevictable:           0 kB\u000aMlocked:               0 kB\u000aSwapTotal:             0 kB\u000aSwapFree:              0 kB\u000aDirty:               136 kB\u000aWriteback:             0 kB\u000aAnonPages:         60816 kB\u000aMapped:            34812 kB\u000aShmem:               220 kB\u000aSlab:              43676 kB\u000aSReclaimable:      33012 kB\u000aSUnreclaim:        10664 kB\u000aKernelStack:        1152 kB\u000aPageTables:         1336 kB\u000aNFS_Unstable:          0 kB\u000aBounce:                0 kB\u000aWritebackTmp:          0 kB\u000aCommitLimit:      858592 kB\u000aCommitted_AS:     251696 kB\u000aVmallocTotal:   34359738367 kB\u000aVmallocUsed:           0 kB\u000aVmallocChunk:          0 kB\u000aAnonHugePages:         0 kB\u000aShmemHugePages:        0 kB\u000aShmemPmdMapped:        0 kB\u000aHugePages_Total:       0\u000aHugePages_Free:        0\u000aHugePages_Rsvd:        0\u000aHugePages_Surp:        0\u000aHugepagesize:       2048 kB\u000aDirectMap4k:       23552 kB\u000aDirectMap2M:     1738752 kB\u000a
p446
ssVstatus_key
p447
Vpywren.jobs/67fd3946-e908-4506-9e7e-78c7e3607361/00009/status.json
p448
sVend_time
p449
F1609154215.04374
sVlog_group_name
p450
V/aws/lambda/pywren_redis_2
p451
sVdata_key
p452
Vpywren.jobs/67fd3946-e908-4506-9e7e-78c7e3607361/aggdata.pickle
p453
sa(dp454
Vcallset_id
p455
V67fd3946-e908-4506-9e7e-78c7e3607361
p456
sVlog_stream_name
p457
V2020/12/28/[$LATEST]0842d54fa8754d6aa600d4aed30c0928
p458
sVstdout
p459
V
sVfunc_key
p460
Vpywren.jobs/67fd3946-e908-4506-9e7e-78c7e3607361/func.pickle
p461
sVfree_disk_bytes
p462
I538333184
sVruntime_cached
p463
I00
sVretcode
p464
I0
sVcall_id
p465
V00010
p466
sVoutput_key
p467
Vpywren.jobs/67fd3946-e908-4506-9e7e-78c7e3607361/00010/output.pickle
p468
sVruntime_s3_key_used
p469
V10e0c7-pywren.runtimes/default_2.7.tar.gz.0022
p470
sVaws_request_id
p471
V73d98228-635d-4166-ae28-6c330cb19005
p472
sVexec_time
p473
F46.385028839111328
sVstart_time
p474
F1609154151.6875
sVsetup_time
p475
F7.2876400947570801
sVruntime_s3_bucket_used
p476
Vpywren-runtimes-public-us-west-2
p477
sVexception
p478
NsVhost_submit_time
p479
F1609154150.9463301
sVserver_info
p480
(dp481
Vuname
p482
V('Linux', '169.254.18.213', '4.14.203-112.332.amzn2.x86_64', '#1 SMP Wed Nov 4 20:46:34 UTC 2020', 'x86_64', 'x86_64')
p483
sV/proc/self/cgroup
p484
VMemTotal:        1717184 kB\u000aMemFree:         1116592 kB\u000aMemAvailable:    1485816 kB\u000aBuffers:           18456 kB\u000aCached:           464928 kB\u000aSwapCached:            0 kB\u000aActive:            96144 kB\u000aInactive:         448512 kB\u000aActive(anon):      61264 kB\u000aInactive(anon):      216 kB\u000aActive(file):      34880 kB\u000aInactive(file):   448296 kB\u000aUnevictable:           0 kB\u000aMlocked:               0 kB\u000aSwapTotal:             0 kB\u000aSwapFree:              0 kB\u000aDirty:               364 kB\u000aWriteback:             0 kB\u000aAnonPages:         61260 kB\u000aMapped:            35208 kB\u000aShmem:               220 kB\u000aSlab:              43416 kB\u000aSReclaimable:      33108 kB\u000aSUnreclaim:        10308 kB\u000aKernelStack:        1152 kB\u000aPageTables:         1332 kB\u000aNFS_Unstable:          0 kB\u000aBounce:                0 kB\u000aWritebackTmp:          0 kB\u000aCommitLimit:      858592 kB\u000aCommitted_AS:     250796 kB\u000aVmallocTotal:   34359738367 kB\u000aVmallocUsed:           0 kB\u000aVmallocChunk:          0 kB\u000aAnonHugePages:         0 kB\u000aShmemHugePages:        0 kB\u000aShmemPmdMapped:        0 kB\u000aHugePages_Total:       0\u000aHugePages_Free:        0\u000aHugePages_Rsvd:        0\u000aHugePages_Surp:        0\u000aHugepagesize:       2048 kB\u000aDirectMap4k:       21504 kB\u000aDirectMap2M:     1740800 kB\u000a
p485
sV/proc/cgroups
p486
V#subsys_name	hierarchy	num_cgroups	enabled\u000acpuset	8	1	1\u000acpu	5	5	1\u000acpuacct	5	5	1\u000ablkio	4	1	1\u000amemory	6	5	1\u000adevices	11	1	1\u000afreezer	3	2	1\u000anet_cls	2	1	1\u000aperf_event	10	1	1\u000anet_prio	2	1	1\u000ahugetlb	9	1	1\u000apids	7	1	1\u000a
p487
sV/proc/cpuinfo
p488
Vprocessor	: 0\u000avendor_id	: GenuineIntel\u000acpu family	: 6\u000amodel		: 63\u000amodel name	: Intel(R) Xeon(R) Processor @ 2.50GHz\u000astepping	: 2\u000amicrocode	: 0x1\u000acpu MHz		: 2500.008\u000acache size	: 33792 KB\u000aphysical id	: 0\u000asiblings	: 2\u000acore id		: 0\u000acpu cores	: 2\u000aapicid		: 0\u000ainitial apicid	: 0\u000afpu		: yes\u000afpu_exception	: yes\u000acpuid level	: 13\u000awp		: yes\u000aflags		: fpu vme de pse tsc msr pae mce cx8 apic sep mtrr pge mca cmov pat pse36 clflush mmx fxsr sse sse2 ht syscall nx rdtscp lm constant_tsc rep_good nopl xtopology nonstop_tsc cpuid tsc_known_freq pni pclmulqdq ssse3 fma cx16 pcid sse4_1 sse4_2 x2apic movbe popcnt tsc_deadline_timer aes xsave avx f16c rdrand hypervisor lahf_lm abm cpuid_fault invpcid_single pti ssbd ibrs ibpb stibp fsgsbase tsc_adjust bmi1 avx2 smep bmi2 erms invpcid smap xsaveopt arat md_clear arch_capabilities\u000abugs		: cpu_meltdown spectre_v1 spectre_v2 spec_store_bypass l1tf mds swapgs\u000abogomips	: 5000.01\u000aclflush size	: 64\u000acache_alignment	: 64\u000aaddress sizes	: 46 bits physical, 48 bits virtual\u000apower management:\u000a\u000aprocessor	: 1\u000avendor_id	: GenuineIntel\u000acpu family	: 6\u000amodel		: 63\u000amodel name	: Intel(R) Xeon(R) Processor @ 2.50GHz\u000astepping	: 2\u000amicrocode	: 0x1\u000acpu MHz		: 2500.008\u000acache size	: 33792 KB\u000aphysical id	: 0\u000asiblings	: 2\u000acore id		: 1\u000acpu cores	: 2\u000aapicid		: 1\u000ainitial apicid	: 1\u000afpu		: yes\u000afpu_exception	: yes\u000acpuid level	: 13\u000awp		: yes\u000aflags		: fpu vme de pse tsc msr pae mce cx8 apic sep mtrr pge mca cmov pat pse36 clflush mmx fxsr sse sse2 ht syscall nx rdtscp lm constant_tsc rep_good nopl xtopology nonstop_tsc cpuid tsc_known_freq pni pclmulqdq ssse3 fma cx16 pcid sse4_1 sse4_2 x2apic movbe popcnt tsc_deadline_timer aes xsave avx f16c rdrand hypervisor lahf_lm abm cpuid_fault invpcid_single pti ssbd ibrs ibpb stibp fsgsbase tsc_adjust bmi1 avx2 smep bmi2 erms invpcid smap xsaveopt arat md_clear arch_capabilities\u000abugs		: cpu_meltdown spectre_v1 spectre_v2 spec_store_bypass l1tf mds swapgs\u000abogomips	: 5000.01\u000aclflush size	: 64\u000acache_alignment	: 64\u000aaddress sizes	: 46 bits physical, 48 bits virtual\u000apower management:\u000a\u000a
p489
sV/proc/meminfo
p490
VMemTotal:        1717184 kB\u000aMemFree:         1116592 kB\u000aMemAvailable:    1485816 kB\u000aBuffers:           18456 kB\u000aCached:           464928 kB\u000aSwapCached:            0 kB\u000aActive:            96144 kB\u000aInactive:         448512 kB\u000aActive(anon):      61264 kB\u000aInactive(anon):      216 kB\u000aActive(file):      34880 kB\u000aInactive(file):   448296 kB\u000aUnevictable:           0 kB\u000aMlocked:               0 kB\u000aSwapTotal:             0 kB\u000aSwapFree:              0 kB\u000aDirty:               364 kB\u000aWriteback:             0 kB\u000aAnonPages:         61260 kB\u000aMapped:            35208 kB\u000aShmem:               220 kB\u000aSlab:              43416 kB\u000aSReclaimable:      33108 kB\u000aSUnreclaim:        10308 kB\u000aKernelStack:        1152 kB\u000aPageTables:         1332 kB\u000aNFS_Unstable:          0 kB\u000aBounce:                0 kB\u000aWritebackTmp:          0 kB\u000aCommitLimit:      858592 kB\u000aCommitted_AS:     250796 kB\u000aVmallocTotal:   34359738367 kB\u000aVmallocUsed:           0 kB\u000aVmallocChunk:          0 kB\u000aAnonHugePages:         0 kB\u000aShmemHugePages:        0 kB\u000aShmemPmdMapped:        0 kB\u000aHugePages_Total:       0\u000aHugePages_Free:        0\u000aHugePages_Rsvd:        0\u000aHugePages_Surp:        0\u000aHugepagesize:       2048 kB\u000aDirectMap4k:       21504 kB\u000aDirectMap2M:     1740800 kB\u000a
p491
ssVstatus_key
p492
Vpywren.jobs/67fd3946-e908-4506-9e7e-78c7e3607361/00010/status.json
p493
sVend_time
p494
F1609154205.360163
sVlog_group_name
p495
V/aws/lambda/pywren_redis_2
p496
sVdata_key
p497
Vpywren.jobs/67fd3946-e908-4506-9e7e-78c7e3607361/aggdata.pickle
p498
sa(dp499
Vcallset_id
p500
V67fd3946-e908-4506-9e7e-78c7e3607361
p501
sVlog_stream_name
p502
V2020/12/28/[$LATEST]7e1ef0902e874121a410ae49ec663779
p503
sVstdout
p504
V
sVfunc_key
p505
Vpywren.jobs/67fd3946-e908-4506-9e7e-78c7e3607361/func.pickle
p506
sVfree_disk_bytes
p507
I538333184
sVruntime_cached
p508
I00
sVretcode
p509
I0
sVcall_id
p510
V00011
p511
sVoutput_key
p512
Vpywren.jobs/67fd3946-e908-4506-9e7e-78c7e3607361/00011/output.pickle
p513
sVruntime_s3_key_used
p514
Vb3daa6-pywren.runtimes/default_2.7.tar.gz.0039
p515
sVaws_request_id
p516
V2a6737d8-837a-4067-90cd-1141340903dd
p517
sVexec_time
p518
F69.416161060333252
sVstart_time
p519
F1609154151.6650989
sVsetup_time
p520
F6.9406130313873291
sVruntime_s3_bucket_used
p521
Vpywren-runtimes-public-us-west-2
p522
sVexception
p523
NsVhost_submit_time
p524
F1609154150.9524009
sVserver_info
p525
(dp526
Vuname
p527
V('Linux', '169.254.241.213', '4.14.203-112.332.amzn2.x86_64', '#1 SMP Wed Nov 4 20:46:34 UTC 2020', 'x86_64', 'x86_64')
p528
sV/proc/self/cgroup
p529
VMemTotal:        1717184 kB\u000aMemFree:         1122160 kB\u000aMemAvailable:    1486636 kB\u000aBuffers:           17052 kB\u000aCached:           461624 kB\u000aSwapCached:            0 kB\u000aActive:            93636 kB\u000aInactive:         445780 kB\u000aActive(anon):      60732 kB\u000aInactive(anon):      216 kB\u000aActive(file):      32904 kB\u000aInactive(file):   445564 kB\u000aUnevictable:           0 kB\u000aMlocked:               0 kB\u000aSwapTotal:             0 kB\u000aSwapFree:              0 kB\u000aDirty:               216 kB\u000aWriteback:             0 kB\u000aAnonPages:         60728 kB\u000aMapped:            35096 kB\u000aShmem:               220 kB\u000aSlab:              43096 kB\u000aSReclaimable:      33028 kB\u000aSUnreclaim:        10068 kB\u000aKernelStack:        1152 kB\u000aPageTables:         1328 kB\u000aNFS_Unstable:          0 kB\u000aBounce:                0 kB\u000aWritebackTmp:          0 kB\u000aCommitLimit:      858592 kB\u000aCommitted_AS:     254996 kB\u000aVmallocTotal:   34359738367 kB\u000aVmallocUsed:           0 kB\u000aVmallocChunk:          0 kB\u000aAnonHugePages:         0 kB\u000aShmemHugePages:        0 kB\u000aShmemPmdMapped:        0 kB\u000aHugePages_Total:       0\u000aHugePages_Free:        0\u000aHugePages_Rsvd:        0\u000aHugePages_Surp:        0\u000aHugepagesize:       2048 kB\u000aDirectMap4k:       21504 kB\u000aDirectMap2M:     1740800 kB\u000a
p530
sV/proc/cgroups
p531
V#subsys_name	hierarchy	num_cgroups	enabled\u000acpuset	9	1	1\u000acpu	3	5	1\u000acpuacct	3	5	1\u000ablkio	11	1	1\u000amemory	8	5	1\u000adevices	4	1	1\u000afreezer	7	2	1\u000anet_cls	10	1	1\u000aperf_event	5	1	1\u000anet_prio	10	1	1\u000ahugetlb	2	1	1\u000apids	6	1	1\u000a
p532
sV/proc/cpuinfo
p533
Vprocessor	: 0\u000avendor_id	: GenuineIntel\u000acpu family	: 6\u000amodel		: 63\u000amodel name	: Intel(R) Xeon(R) Processor @ 2.50GHz\u000astepping	: 2\u000amicrocode	: 0x1\u000acpu MHz		: 2500.012\u000acache size	: 36608 KB\u000aphysical id	: 0\u000asiblings	: 2\u000acore id		: 0\u000acpu cores	: 2\u000aapicid		: 0\u000ainitial apicid	: 0\u000afpu		: yes\u000afpu_exception	: yes\u000acpuid level	: 13\u000awp		: yes\u000aflags		: fpu vme de pse tsc msr pae mce cx8 apic sep mtrr pge mca cmov pat pse36 clflush mmx fxsr sse sse2 ht syscall nx rdtscp lm constant_tsc rep_good nopl xtopology nonstop_tsc cpuid tsc_known_freq pni pclmulqdq ssse3 fma cx16 pcid sse4_1 sse4_2 x2apic movbe popcnt tsc_deadline_timer aes xsave avx f16c rdrand hypervisor lahf_lm abm cpuid_fault invpcid_single ssbd ibrs ibpb stibp ibrs_enhanced fsgsbase tsc_adjust bmi1 avx2 smep bmi2 erms invpcid smap xsaveopt arat md_clear arch_capabilities\u000abugs		: spectre_v1 spectre_v2 spec_store_bypass swapgs\u000abogomips	: 5000.02\u000aclflush size	: 64\u000acache_alignment	: 64\u000aaddress sizes	: 46 bits physical, 48 bits virtual\u000apower management:\u000a\u000aprocessor	: 1\u000avendor_id	: GenuineIntel\u000acpu family	: 6\u000amodel		: 63\u000amodel name	: Intel(R) Xeon(R) Processor @ 2.50GHz\u000astepping	: 2\u000amicrocode	: 0x1\u000acpu MHz		: 2500.012\u000acache size	: 36608 KB\u000aphysical id	: 0\u000asiblings	: 2\u000acore id		: 1\u000acpu cores	: 2\u000aapicid		: 1\u000ainitial apicid	: 1\u000afpu		: yes\u000afpu_exception	: yes\u000acpuid level	: 13\u000awp		: yes\u000aflags		: fpu vme de pse tsc msr pae mce cx8 apic sep mtrr pge mca cmov pat pse36 clflush mmx fxsr sse sse2 ht syscall nx rdtscp lm constant_tsc rep_good nopl xtopology nonstop_tsc cpuid tsc_known_freq pni pclmulqdq ssse3 fma cx16 pcid sse4_1 sse4_2 x2apic movbe popcnt tsc_deadline_timer aes xsave avx f16c rdrand hypervisor lahf_lm abm cpuid_fault invpcid_single ssbd ibrs ibpb stibp ibrs_enhanced fsgsbase tsc_adjust bmi1 avx2 smep bmi2 erms invpcid smap xsaveopt arat md_clear arch_capabilities\u000abugs		: spectre_v1 spectre_v2 spec_store_bypass swapgs\u000abogomips	: 5000.02\u000aclflush size	: 64\u000acache_alignment	: 64\u000aaddress sizes	: 46 bits physical, 48 bits virtual\u000apower management:\u000a\u000a
p534
sV/proc/meminfo
p535
VMemTotal:        1717184 kB\u000aMemFree:         1122160 kB\u000aMemAvailable:    1486636 kB\u000aBuffers:           17052 kB\u000aCached:           461624 kB\u000aSwapCached:            0 kB\u000aActive:            93636 kB\u000aInactive:         445780 kB\u000aActive(anon):      60732 kB\u000aInactive(anon):      216 kB\u000aActive(file):      32904 kB\u000aInactive(file):   445564 kB\u000aUnevictable:           0 kB\u000aMlocked:               0 kB\u000aSwapTotal:             0 kB\u000aSwapFree:              0 kB\u000aDirty:               216 kB\u000aWriteback:             0 kB\u000aAnonPages:         60728 kB\u000aMapped:            35096 kB\u000aShmem:               220 kB\u000aSlab:              43096 kB\u000aSReclaimable:      33028 kB\u000aSUnreclaim:        10068 kB\u000aKernelStack:        1152 kB\u000aPageTables:         1328 kB\u000aNFS_Unstable:          0 kB\u000aBounce:                0 kB\u000aWritebackTmp:          0 kB\u000aCommitLimit:      858592 kB\u000aCommitted_AS:     254996 kB\u000aVmallocTotal:   34359738367 kB\u000aVmallocUsed:           0 kB\u000aVmallocChunk:          0 kB\u000aAnonHugePages:         0 kB\u000aShmemHugePages:        0 kB\u000aShmemPmdMapped:        0 kB\u000aHugePages_Total:       0\u000aHugePages_Free:        0\u000aHugePages_Rsvd:        0\u000aHugePages_Surp:        0\u000aHugepagesize:       2048 kB\u000aDirectMap4k:       21504 kB\u000aDirectMap2M:     1740800 kB\u000a
p536
ssVstatus_key
p537
Vpywren.jobs/67fd3946-e908-4506-9e7e-78c7e3607361/00011/status.json
p538
sVend_time
p539
F1609154228.021868
sVlog_group_name
p540
V/aws/lambda/pywren_redis_2
p541
sVdata_key
p542
Vpywren.jobs/67fd3946-e908-4506-9e7e-78c7e3607361/aggdata.pickle
p543
sa(dp544
Vcallset_id
p545
V67fd3946-e908-4506-9e7e-78c7e3607361
p546
sVlog_stream_name
p547
V2020/12/28/[$LATEST]d65e9f03365c407b8add30883377fba1
p548
sVstdout
p549
V
sVfunc_key
p550
Vpywren.jobs/67fd3946-e908-4506-9e7e-78c7e3607361/func.pickle
p551
sVfree_disk_bytes
p552
I538333184
sVruntime_cached
p553
I00
sVretcode
p554
I0
sVcall_id
p555
V00012
p556
sVoutput_key
p557
Vpywren.jobs/67fd3946-e908-4506-9e7e-78c7e3607361/00012/output.pickle
p558
sVruntime_s3_key_used
p559
Vfc8cb3-pywren.runtimes/default_2.7.tar.gz.0037
p560
sVaws_request_id
p561
V566af1ca-8de5-416f-a3be-4c1d0be0f566
p562
sVexec_time
p563
F42.218353986740112
sVstart_time
p564
F1609154151.7568929
sVsetup_time
p565
F7.2348051071166992
sVruntime_s3_bucket_used
p566
Vpywren-runtimes-public-us-west-2
p567
sVexception
p568
NsVhost_submit_time
p569
F1609154150.957119
sVserver_info
p570
(dp571
Vuname
p572
V('Linux', '169.254.190.13', '4.14.203-112.332.amzn2.x86_64', '#1 SMP Wed Nov 4 20:46:34 UTC 2020', 'x86_64', 'x86_64')
p573
sV/proc/self/cgroup
p574
VMemTotal:        1717184 kB\u000aMemFree:         1116644 kB\u000aMemAvailable:    1485312 kB\u000aBuffers:           18280 kB\u000aCached:           464600 kB\u000aSwapCached:            0 kB\u000aActive:            96188 kB\u000aInactive:         448000 kB\u000aActive(anon):      61300 kB\u000aInactive(anon):      216 kB\u000aActive(file):      34888 kB\u000aInactive(file):   447784 kB\u000aUnevictable:           0 kB\u000aMlocked:               0 kB\u000aSwapTotal:             0 kB\u000aSwapFree:              0 kB\u000aDirty:                 4 kB\u000aWriteback:             0 kB\u000aAnonPages:         61296 kB\u000aMapped:            35220 kB\u000aShmem:               220 kB\u000aSlab:              43228 kB\u000aSReclaimable:      33004 kB\u000aSUnreclaim:        10224 kB\u000aKernelStack:        1152 kB\u000aPageTables:         1340 kB\u000aNFS_Unstable:          0 kB\u000aBounce:                0 kB\u000aWritebackTmp:          0 kB\u000aCommitLimit:      858592 kB\u000aCommitted_AS:     253804 kB\u000aVmallocTotal:   34359738367 kB\u000aVmallocUsed:           0 kB\u000aVmallocChunk:          0 kB\u000aAnonHugePages:         0 kB\u000aShmemHugePages:        0 kB\u000aShmemPmdMapped:        0 kB\u000aHugePages_Total:       0\u000aHugePages_Free:        0\u000aHugePages_Rsvd:        0\u000aHugePages_Surp:        0\u000aHugepagesize:       2048 kB\u000aDirectMap4k:       21504 kB\u000aDirectMap2M:     1740800 kB\u000a
p575
sV/proc/cgroups
p576
V#subsys_name	hierarchy	num_cgroups	enabled\u000acpuset	10	1	1\u000acpu	8	5	1\u000acpuacct	8	5	1\u000ablkio	6	1	1\u000amemory	7	5	1\u000adevices	9	1	1\u000afreezer	11	2	1\u000anet_cls	2	1	1\u000aperf_event	5	1	1\u000anet_prio	2	1	1\u000ahugetlb	3	1	1\u000apids	4	1	1\u000a
p577
sV/proc/cpuinfo
p578
Vprocessor	: 0\u000avendor_id	: GenuineIntel\u000acpu family	: 6\u000amodel		: 63\u000amodel name	: Intel(R) Xeon(R) Processor @ 2.50GHz\u000astepping	: 2\u000amicrocode	: 0x1\u000acpu MHz		: 2500.000\u000acache size	: 33792 KB\u000aphysical id	: 0\u000asiblings	: 2\u000acore id		: 0\u000acpu cores	: 2\u000aapicid		: 0\u000ainitial apicid	: 0\u000afpu		: yes\u000afpu_exception	: yes\u000acpuid level	: 13\u000awp		: yes\u000aflags		: fpu vme de pse tsc msr pae mce cx8 apic sep mtrr pge mca cmov pat pse36 clflush mmx fxsr sse sse2 ht syscall nx rdtscp lm constant_tsc rep_good nopl xtopology nonstop_tsc cpuid tsc_known_freq pni pclmulqdq ssse3 fma cx16 pcid sse4_1 sse4_2 x2apic movbe popcnt tsc_deadline_timer aes xsave avx f16c rdrand hypervisor lahf_lm abm cpuid_fault invpcid_single pti ssbd ibrs ibpb stibp fsgsbase tsc_adjust bmi1 avx2 smep bmi2 erms invpcid smap xsaveopt arat md_clear arch_capabilities\u000abugs		: cpu_meltdown spectre_v1 spectre_v2 spec_store_bypass l1tf mds swapgs\u000abogomips	: 5000.00\u000aclflush size	: 64\u000acache_alignment	: 64\u000aaddress sizes	: 46 bits physical, 48 bits virtual\u000apower management:\u000a\u000aprocessor	: 1\u000avendor_id	: GenuineIntel\u000acpu family	: 6\u000amodel		: 63\u000amodel name	: Intel(R) Xeon(R) Processor @ 2.50GHz\u000astepping	: 2\u000amicrocode	: 0x1\u000acpu MHz		: 2500.000\u000acache size	: 33792 KB\u000aphysical id	: 0\u000asiblings	: 2\u000acore id		: 1\u000acpu cores	: 2\u000aapicid		: 1\u000ainitial apicid	: 1\u000afpu		: yes\u000afpu_exception	: yes\u000acpuid level	: 13\u000awp		: yes\u000aflags		: fpu vme de pse tsc msr pae mce cx8 apic sep mtrr pge mca cmov pat pse36 clflush mmx fxsr sse sse2 ht syscall nx rdtscp lm constant_tsc rep_good nopl xtopology nonstop_tsc cpuid tsc_known_freq pni pclmulqdq ssse3 fma cx16 pcid sse4_1 sse4_2 x2apic movbe popcnt tsc_deadline_timer aes xsave avx f16c rdrand hypervisor lahf_lm abm cpuid_fault invpcid_single pti ssbd ibrs ibpb stibp fsgsbase tsc_adjust bmi1 avx2 smep bmi2 erms invpcid smap xsaveopt arat md_clear arch_capabilities\u000abugs		: cpu_meltdown spectre_v1 spectre_v2 spec_store_bypass l1tf mds swapgs\u000abogomips	: 5000.00\u000aclflush size	: 64\u000acache_alignment	: 64\u000aaddress sizes	: 46 bits physical, 48 bits virtual\u000apower management:\u000a\u000a
p579
sV/proc/meminfo
p580
VMemTotal:        1717184 kB\u000aMemFree:         1116768 kB\u000aMemAvailable:    1485436 kB\u000aBuffers:           18280 kB\u000aCached:           464600 kB\u000aSwapCached:            0 kB\u000aActive:            96188 kB\u000aInactive:         448000 kB\u000aActive(anon):      61300 kB\u000aInactive(anon):      216 kB\u000aActive(file):      34888 kB\u000aInactive(file):   447784 kB\u000aUnevictable:           0 kB\u000aMlocked:               0 kB\u000aSwapTotal:             0 kB\u000aSwapFree:              0 kB\u000aDirty:                 4 kB\u000aWriteback:             0 kB\u000aAnonPages:         61296 kB\u000aMapped:            35220 kB\u000aShmem:               220 kB\u000aSlab:              43228 kB\u000aSReclaimable:      33004 kB\u000aSUnreclaim:        10224 kB\u000aKernelStack:        1152 kB\u000aPageTables:         1340 kB\u000aNFS_Unstable:          0 kB\u000aBounce:                0 kB\u000aWritebackTmp:          0 kB\u000aCommitLimit:      858592 kB\u000aCommitted_AS:     253804 kB\u000aVmallocTotal:   34359738367 kB\u000aVmallocUsed:           0 kB\u000aVmallocChunk:          0 kB\u000aAnonHugePages:         0 kB\u000aShmemHugePages:        0 kB\u000aShmemPmdMapped:        0 kB\u000aHugePages_Total:       0\u000aHugePages_Free:        0\u000aHugePages_Rsvd:        0\u000aHugePages_Surp:        0\u000aHugepagesize:       2048 kB\u000aDirectMap4k:       21504 kB\u000aDirectMap2M:     1740800 kB\u000a
p581
ssVstatus_key
p582
Vpywren.jobs/67fd3946-e908-4506-9e7e-78c7e3607361/00012/status.json
p583
sVend_time
p584
F1609154201.2100461
sVlog_group_name
p585
V/aws/lambda/pywren_redis_2
p586
sVdata_key
p587
Vpywren.jobs/67fd3946-e908-4506-9e7e-78c7e3607361/aggdata.pickle
p588
sa(dp589
Vcallset_id
p590
V67fd3946-e908-4506-9e7e-78c7e3607361
p591
sVlog_stream_name
p592
V2020/12/28/[$LATEST]ea212f5221be4330ba31c18c98a32ebb
p593
sVstdout
p594
V
sVfunc_key
p595
Vpywren.jobs/67fd3946-e908-4506-9e7e-78c7e3607361/func.pickle
p596
sVfree_disk_bytes
p597
I538333184
sVruntime_cached
p598
I00
sVretcode
p599
I0
sVcall_id
p600
V00013
p601
sVoutput_key
p602
Vpywren.jobs/67fd3946-e908-4506-9e7e-78c7e3607361/00013/output.pickle
p603
sVruntime_s3_key_used
p604
V4323f5-pywren.runtimes/default_2.7.tar.gz.0020
p605
sVaws_request_id
p606
V47bee3a1-3725-445d-9f78-f8b50336fb18
p607
sVexec_time
p608
F42.265705108642578
sVstart_time
p609
F1609154151.710746
sVsetup_time
p610
F6.9972219467163086
sVruntime_s3_bucket_used
p611
Vpywren-runtimes-public-us-west-2
p612
sVexception
p613
NsVhost_submit_time
p614
F1609154150.9652081
sVserver_info
p615
(dp616
Vuname
p617
V('Linux', '169.254.109.85', '4.14.203-112.332.amzn2.x86_64', '#1 SMP Wed Nov 4 20:46:34 UTC 2020', 'x86_64', 'x86_64')
p618
sV/proc/self/cgroup
p619
VMemTotal:        1717184 kB\u000aMemFree:         1122236 kB\u000aMemAvailable:    1486056 kB\u000aBuffers:           16580 kB\u000aCached:           461484 kB\u000aSwapCached:            0 kB\u000aActive:            93304 kB\u000aInactive:         445876 kB\u000aActive(anon):      61108 kB\u000aInactive(anon):      216 kB\u000aActive(file):      32196 kB\u000aInactive(file):   445660 kB\u000aUnevictable:           0 kB\u000aMlocked:               0 kB\u000aSwapTotal:             0 kB\u000aSwapFree:              0 kB\u000aDirty:               156 kB\u000aWriteback:             0 kB\u000aAnonPages:         61104 kB\u000aMapped:            35044 kB\u000aShmem:               220 kB\u000aSlab:              43252 kB\u000aSReclaimable:      32940 kB\u000aSUnreclaim:        10312 kB\u000aKernelStack:        1152 kB\u000aPageTables:         1340 kB\u000aNFS_Unstable:          0 kB\u000aBounce:                0 kB\u000aWritebackTmp:          0 kB\u000aCommitLimit:      858592 kB\u000aCommitted_AS:     251716 kB\u000aVmallocTotal:   34359738367 kB\u000aVmallocUsed:           0 kB\u000aVmallocChunk:          0 kB\u000aAnonHugePages:         0 kB\u000aShmemHugePages:        0 kB\u000aShmemPmdMapped:        0 kB\u000aHugePages_Total:       0\u000aHugePages_Free:        0\u000aHugePages_Rsvd:        0\u000aHugePages_Surp:        0\u000aHugepagesize:       2048 kB\u000aDirectMap4k:       21504 kB\u000aDirectMap2M:     1740800 kB\u000a
p620
sV/proc/cgroups
p621
V#subsys_name	hierarchy	num_cgroups	enabled\u000acpuset	5	1	1\u000acpu	6	5	1\u000acpuacct	6	5	1\u000ablkio	7	1	1\u000amemory	8	5	1\u000adevices	4	1	1\u000afreezer	11	2	1\u000anet_cls	2	1	1\u000aperf_event	10	1	1\u000anet_prio	2	1	1\u000ahugetlb	3	1	1\u000apids	9	1	1\u000a
p622
sV/proc/cpuinfo
p623
Vprocessor	: 0\u000avendor_id	: GenuineIntel\u000acpu family	: 6\u000amodel		: 63\u000amodel name	: Intel(R) Xeon(R) Processor @ 2.50GHz\u000astepping	: 2\u000amicrocode	: 0x1\u000acpu MHz		: 2500.008\u000acache size	: 36608 KB\u000aphysical id	: 0\u000asiblings	: 2\u000acore id		: 0\u000acpu cores	: 2\u000aapicid		: 0\u000ainitial apicid	: 0\u000afpu		: yes\u000afpu_exception	: yes\u000acpuid level	: 13\u000awp		: yes\u000aflags		: fpu vme de pse tsc msr pae mce cx8 apic sep mtrr pge mca cmov pat pse36 clflush mmx fxsr sse sse2 ht syscall nx rdtscp lm constant_tsc rep_good nopl xtopology nonstop_tsc cpuid tsc_known_freq pni pclmulqdq ssse3 fma cx16 pcid sse4_1 sse4_2 x2apic movbe popcnt tsc_deadline_timer aes xsave avx f16c rdrand hypervisor lahf_lm abm cpuid_fault invpcid_single ssbd ibrs ibpb stibp ibrs_enhanced fsgsbase tsc_adjust bmi1 avx2 smep bmi2 erms invpcid smap xsaveopt arat md_clear arch_capabilities\u000abugs		: spectre_v1 spectre_v2 spec_store_bypass swapgs\u000abogomips	: 5000.01\u000aclflush size	: 64\u000acache_alignment	: 64\u000aaddress sizes	: 46 bits physical, 48 bits virtual\u000apower management:\u000a\u000aprocessor	: 1\u000avendor_id	: GenuineIntel\u000acpu family	: 6\u000amodel		: 63\u000amodel name	: Intel(R) Xeon(R) Processor @ 2.50GHz\u000astepping	: 2\u000amicrocode	: 0x1\u000acpu MHz		: 2500.008\u000acache size	: 36608 KB\u000aphysical id	: 0\u000asiblings	: 2\u000acore id		: 1\u000acpu cores	: 2\u000aapicid		: 1\u000ainitial apicid	: 1\u000afpu		: yes\u000afpu_exception	: yes\u000acpuid level	: 13\u000awp		: yes\u000aflags		: fpu vme de pse tsc msr pae mce cx8 apic sep mtrr pge mca cmov pat pse36 clflush mmx fxsr sse sse2 ht syscall nx rdtscp lm constant_tsc rep_good nopl xtopology nonstop_tsc cpuid tsc_known_freq pni pclmulqdq ssse3 fma cx16 pcid sse4_1 sse4_2 x2apic movbe popcnt tsc_deadline_timer aes xsave avx f16c rdrand hypervisor lahf_lm abm cpuid_fault invpcid_single ssbd ibrs ibpb stibp ibrs_enhanced fsgsbase tsc_adjust bmi1 avx2 smep bmi2 erms invpcid smap xsaveopt arat md_clear arch_capabilities\u000abugs		: spectre_v1 spectre_v2 spec_store_bypass swapgs\u000abogomips	: 5000.01\u000aclflush size	: 64\u000acache_alignment	: 64\u000aaddress sizes	: 46 bits physical, 48 bits virtual\u000apower management:\u000a\u000a
p624
sV/proc/meminfo
p625
VMemTotal:        1717184 kB\u000aMemFree:         1122236 kB\u000aMemAvailable:    1486056 kB\u000aBuffers:           16580 kB\u000aCached:           461484 kB\u000aSwapCached:            0 kB\u000aActive:            93304 kB\u000aInactive:         445876 kB\u000aActive(anon):      61108 kB\u000aInactive(anon):      216 kB\u000aActive(file):      32196 kB\u000aInactive(file):   445660 kB\u000aUnevictable:           0 kB\u000aMlocked:               0 kB\u000aSwapTotal:             0 kB\u000aSwapFree:              0 kB\u000aDirty:               156 kB\u000aWriteback:             0 kB\u000aAnonPages:         61104 kB\u000aMapped:            35044 kB\u000aShmem:               220 kB\u000aSlab:              43252 kB\u000aSReclaimable:      32940 kB\u000aSUnreclaim:        10312 kB\u000aKernelStack:        1152 kB\u000aPageTables:         1340 kB\u000aNFS_Unstable:          0 kB\u000aBounce:                0 kB\u000aWritebackTmp:          0 kB\u000aCommitLimit:      858592 kB\u000aCommitted_AS:     251716 kB\u000aVmallocTotal:   34359738367 kB\u000aVmallocUsed:           0 kB\u000aVmallocChunk:          0 kB\u000aAnonHugePages:         0 kB\u000aShmemHugePages:        0 kB\u000aShmemPmdMapped:        0 kB\u000aHugePages_Total:       0\u000aHugePages_Free:        0\u000aHugePages_Rsvd:        0\u000aHugePages_Surp:        0\u000aHugepagesize:       2048 kB\u000aDirectMap4k:       21504 kB\u000aDirectMap2M:     1740800 kB\u000a
p626
ssVstatus_key
p627
Vpywren.jobs/67fd3946-e908-4506-9e7e-78c7e3607361/00013/status.json
p628
sVend_time
p629
F1609154200.9736669
sVlog_group_name
p630
V/aws/lambda/pywren_redis_2
p631
sVdata_key
p632
Vpywren.jobs/67fd3946-e908-4506-9e7e-78c7e3607361/aggdata.pickle
p633
sa(dp634
Vcallset_id
p635
V67fd3946-e908-4506-9e7e-78c7e3607361
p636
sVlog_stream_name
p637
V2020/12/28/[$LATEST]07891ab962d14222938c81e7d79f59b6
p638
sVstdout
p639
V
sVfunc_key
p640
Vpywren.jobs/67fd3946-e908-4506-9e7e-78c7e3607361/func.pickle
p641
sVfree_disk_bytes
p642
I538333184
sVruntime_cached
p643
I00
sVretcode
p644
I0
sVcall_id
p645
V00014
p646
sVoutput_key
p647
Vpywren.jobs/67fd3946-e908-4506-9e7e-78c7e3607361/00014/output.pickle
p648
sVruntime_s3_key_used
p649
V5a8066-pywren.runtimes/default_2.7.tar.gz.0059
p650
sVaws_request_id
p651
V4ee8f2dc-aeb7-4cc3-8055-cf4c090cc66f
p652
sVexec_time
p653
F75.202263832092285
sVstart_time
p654
F1609154151.6680541
sVsetup_time
p655
F6.9735109806060791
sVruntime_s3_bucket_used
p656
Vpywren-runtimes-public-us-west-2
p657
sVexception
p658
NsVhost_submit_time
p659
F1609154150.9685111
sVserver_info
p660
(dp661
Vuname
p662
V('Linux', '169.254.121.189', '4.14.203-112.332.amzn2.x86_64', '#1 SMP Wed Nov 4 20:46:34 UTC 2020', 'x86_64', 'x86_64')
p663
sV/proc/self/cgroup
p664
VMemTotal:        1717184 kB\u000aMemFree:         1116996 kB\u000aMemAvailable:    1485844 kB\u000aBuffers:           17984 kB\u000aCached:           465096 kB\u000aSwapCached:            0 kB\u000aActive:            95796 kB\u000aInactive:         448572 kB\u000aActive(anon):      61280 kB\u000aInactive(anon):      216 kB\u000aActive(file):      34516 kB\u000aInactive(file):   448356 kB\u000aUnevictable:           0 kB\u000aMlocked:               0 kB\u000aSwapTotal:             0 kB\u000aSwapFree:              0 kB\u000aDirty:               228 kB\u000aWriteback:             0 kB\u000aAnonPages:         61276 kB\u000aMapped:            35296 kB\u000aShmem:               220 kB\u000aSlab:              43300 kB\u000aSReclaimable:      32968 kB\u000aSUnreclaim:        10332 kB\u000aKernelStack:        1152 kB\u000aPageTables:         1336 kB\u000aNFS_Unstable:          0 kB\u000aBounce:                0 kB\u000aWritebackTmp:          0 kB\u000aCommitLimit:      858592 kB\u000aCommitted_AS:     252896 kB\u000aVmallocTotal:   34359738367 kB\u000aVmallocUsed:           0 kB\u000aVmallocChunk:          0 kB\u000aAnonHugePages:         0 kB\u000aShmemHugePages:        0 kB\u000aShmemPmdMapped:        0 kB\u000aHugePages_Total:       0\u000aHugePages_Free:        0\u000aHugePages_Rsvd:        0\u000aHugePages_Surp:        0\u000aHugepagesize:       2048 kB\u000aDirectMap4k:       21504 kB\u000aDirectMap2M:     1740800 kB\u000a
p665
sV/proc/cgroups
p666
V#subsys_name	hierarchy	num_cgroups	enabled\u000acpuset	2	1	1\u000acpu	5	5	1\u000acpuacct	5	5	1\u000ablkio	3	1	1\u000amemory	8	5	1\u000adevices	9	1	1\u000afreezer	4	2	1\u000anet_cls	7	1	1\u000aperf_event	10	1	1\u000anet_prio	7	1	1\u000ahugetlb	6	1	1\u000apids	11	1	1\u000a
p667
sV/proc/cpuinfo
p668
