(dp1
S'run_statuses'
p2
(lp3
(dp4
Vcallset_id
p5
V44b5c39d-448e-4d4f-aa52-f69c22778abd
p6
sVlog_stream_name
p7
V2020/12/28/[$LATEST]74c48bfa0c8642e9a4604c78e56a9858
p8
sVstdout
p9
V
sVfunc_key
p10
Vpywren.jobs/44b5c39d-448e-4d4f-aa52-f69c22778abd/func.pickle
p11
sVfree_disk_bytes
p12
I538333184
sVruntime_cached
p13
I00
sVretcode
p14
I0
sVcall_id
p15
V00000
p16
sVoutput_key
p17
Vpywren.jobs/44b5c39d-448e-4d4f-aa52-f69c22778abd/00000/output.pickle
p18
sVruntime_s3_key_used
p19
V27245f-pywren.runtimes/default_2.7.tar.gz.0062
p20
sVaws_request_id
p21
V55e1a8d3-6bae-48b2-b9b3-7a4e9ebfd0c2
p22
sVexec_time
p23
F70.390018939971924
sVstart_time
p24
F1609154131.6693621
sVsetup_time
p25
F7.1642069816589355
sVruntime_s3_bucket_used
p26
Vpywren-runtimes-public-us-west-2
p27
sVexception
p28
NsVhost_submit_time
p29
F1609154130.9084649
sVserver_info
p30
(dp31
Vuname
p32
V('Linux', '169.254.35.13', '4.14.203-112.332.amzn2.x86_64', '#1 SMP Wed Nov 4 20:46:34 UTC 2020', 'x86_64', 'x86_64')
p33
sV/proc/self/cgroup
p34
VMemTotal:        1717184 kB\u000aMemFree:         1119104 kB\u000aMemAvailable:    1486116 kB\u000aBuffers:           17164 kB\u000aCached:           464148 kB\u000aSwapCached:            0 kB\u000aActive:            94628 kB\u000aInactive:         447988 kB\u000aActive(anon):      61296 kB\u000aInactive(anon):      216 kB\u000aActive(file):      33332 kB\u000aInactive(file):   447772 kB\u000aUnevictable:           0 kB\u000aMlocked:               0 kB\u000aSwapTotal:             0 kB\u000aSwapFree:              0 kB\u000aDirty:                 4 kB\u000aWriteback:             0 kB\u000aAnonPages:         61292 kB\u000aMapped:            35140 kB\u000aShmem:               220 kB\u000aSlab:              42984 kB\u000aSReclaimable:      32832 kB\u000aSUnreclaim:        10152 kB\u000aKernelStack:        1168 kB\u000aPageTables:         1336 kB\u000aNFS_Unstable:          0 kB\u000aBounce:                0 kB\u000aWritebackTmp:          0 kB\u000aCommitLimit:      858592 kB\u000aCommitted_AS:     251640 kB\u000aVmallocTotal:   34359738367 kB\u000aVmallocUsed:           0 kB\u000aVmallocChunk:          0 kB\u000aAnonHugePages:         0 kB\u000aShmemHugePages:        0 kB\u000aShmemPmdMapped:        0 kB\u000aHugePages_Total:       0\u000aHugePages_Free:        0\u000aHugePages_Rsvd:        0\u000aHugePages_Surp:        0\u000aHugepagesize:       2048 kB\u000aDirectMap4k:       23552 kB\u000aDirectMap2M:     1738752 kB\u000a
p35
sV/proc/cgroups
p36
V#subsys_name	hierarchy	num_cgroups	enabled\u000acpuset	2	1	1\u000acpu	3	5	1\u000acpuacct	3	5	1\u000ablkio	10	1	1\u000amemory	11	5	1\u000adevices	6	1	1\u000afreezer	9	2	1\u000anet_cls	8	1	1\u000aperf_event	5	1	1\u000anet_prio	8	1	1\u000ahugetlb	7	1	1\u000apids	4	1	1\u000a
p37
sV/proc/cpuinfo
p38
Vprocessor	: 0\u000avendor_id	: GenuineIntel\u000acpu family	: 6\u000amodel		: 63\u000amodel name	: Intel(R) Xeon(R) Processor @ 2.50GHz\u000astepping	: 2\u000amicrocode	: 0x1\u000acpu MHz		: 2500.012\u000acache size	: 33792 KB\u000aphysical id	: 0\u000asiblings	: 2\u000acore id		: 0\u000acpu cores	: 2\u000aapicid		: 0\u000ainitial apicid	: 0\u000afpu		: yes\u000afpu_exception	: yes\u000acpuid level	: 13\u000awp		: yes\u000aflags		: fpu vme de pse tsc msr pae mce cx8 apic sep mtrr pge mca cmov pat pse36 clflush mmx fxsr sse sse2 ht syscall nx rdtscp lm constant_tsc rep_good nopl xtopology nonstop_tsc cpuid tsc_known_freq pni pclmulqdq ssse3 fma cx16 pcid sse4_1 sse4_2 x2apic movbe popcnt tsc_deadline_timer aes xsave avx f16c rdrand hypervisor lahf_lm abm cpuid_fault invpcid_single pti ssbd ibrs ibpb stibp fsgsbase tsc_adjust bmi1 avx2 smep bmi2 erms invpcid smap xsaveopt arat md_clear arch_capabilities\u000abugs		: cpu_meltdown spectre_v1 spectre_v2 spec_store_bypass l1tf mds swapgs\u000abogomips	: 5000.02\u000aclflush size	: 64\u000acache_alignment	: 64\u000aaddress sizes	: 46 bits physical, 48 bits virtual\u000apower management:\u000a\u000aprocessor	: 1\u000avendor_id	: GenuineIntel\u000acpu family	: 6\u000amodel		: 63\u000amodel name	: Intel(R) Xeon(R) Processor @ 2.50GHz\u000astepping	: 2\u000amicrocode	: 0x1\u000acpu MHz		: 2500.012\u000acache size	: 33792 KB\u000aphysical id	: 0\u000asiblings	: 2\u000acore id		: 1\u000acpu cores	: 2\u000aapicid		: 1\u000ainitial apicid	: 1\u000afpu		: yes\u000afpu_exception	: yes\u000acpuid level	: 13\u000awp		: yes\u000aflags		: fpu vme de pse tsc msr pae mce cx8 apic sep mtrr pge mca cmov pat pse36 clflush mmx fxsr sse sse2 ht syscall nx rdtscp lm constant_tsc rep_good nopl xtopology nonstop_tsc cpuid tsc_known_freq pni pclmulqdq ssse3 fma cx16 pcid sse4_1 sse4_2 x2apic movbe popcnt tsc_deadline_timer aes xsave avx f16c rdrand hypervisor lahf_lm abm cpuid_fault invpcid_single pti ssbd ibrs ibpb stibp fsgsbase tsc_adjust bmi1 avx2 smep bmi2 erms invpcid smap xsaveopt arat md_clear arch_capabilities\u000abugs		: cpu_meltdown spectre_v1 spectre_v2 spec_store_bypass l1tf mds swapgs\u000abogomips	: 5000.02\u000aclflush size	: 64\u000acache_alignment	: 64\u000aaddress sizes	: 46 bits physical, 48 bits virtual\u000apower management:\u000a\u000a
p39
sV/proc/meminfo
p40
VMemTotal:        1717184 kB\u000aMemFree:         1119104 kB\u000aMemAvailable:    1486116 kB\u000aBuffers:           17164 kB\u000aCached:           464148 kB\u000aSwapCached:            0 kB\u000aActive:            94628 kB\u000aInactive:         447988 kB\u000aActive(anon):      61296 kB\u000aInactive(anon):      216 kB\u000aActive(file):      33332 kB\u000aInactive(file):   447772 kB\u000aUnevictable:           0 kB\u000aMlocked:               0 kB\u000aSwapTotal:             0 kB\u000aSwapFree:              0 kB\u000aDirty:                 4 kB\u000aWriteback:             0 kB\u000aAnonPages:         61292 kB\u000aMapped:            35140 kB\u000aShmem:               220 kB\u000aSlab:              42984 kB\u000aSReclaimable:      32832 kB\u000aSUnreclaim:        10152 kB\u000aKernelStack:        1168 kB\u000aPageTables:         1336 kB\u000aNFS_Unstable:          0 kB\u000aBounce:                0 kB\u000aWritebackTmp:          0 kB\u000aCommitLimit:      858592 kB\u000aCommitted_AS:     251640 kB\u000aVmallocTotal:   34359738367 kB\u000aVmallocUsed:           0 kB\u000aVmallocChunk:          0 kB\u000aAnonHugePages:         0 kB\u000aShmemHugePages:        0 kB\u000aShmemPmdMapped:        0 kB\u000aHugePages_Total:       0\u000aHugePages_Free:        0\u000aHugePages_Rsvd:        0\u000aHugePages_Surp:        0\u000aHugepagesize:       2048 kB\u000aDirectMap4k:       23552 kB\u000aDirectMap2M:     1738752 kB\u000a
p41
ssVstatus_key
p42
Vpywren.jobs/44b5c39d-448e-4d4f-aa52-f69c22778abd/00000/status.json
p43
sVend_time
p44
F1609154209.223582
sVlog_group_name
p45
V/aws/lambda/pywren_redis_2
p46
sVdata_key
p47
Vpywren.jobs/44b5c39d-448e-4d4f-aa52-f69c22778abd/aggdata.pickle
p48
sa(dp49
Vcallset_id
p50
V44b5c39d-448e-4d4f-aa52-f69c22778abd
p51
sVlog_stream_name
p52
V2020/12/28/[$LATEST]dd29185f48ab4a18b5547e2dd9770384
p53
sVstdout
p54
V
sVfunc_key
p55
Vpywren.jobs/44b5c39d-448e-4d4f-aa52-f69c22778abd/func.pickle
p56
sVfree_disk_bytes
p57
I538333184
sVruntime_cached
p58
I00
sVretcode
p59
I0
sVcall_id
p60
V00001
p61
sVoutput_key
p62
Vpywren.jobs/44b5c39d-448e-4d4f-aa52-f69c22778abd/00001/output.pickle
p63
sVruntime_s3_key_used
p64
Vd37123-pywren.runtimes/default_2.7.tar.gz.0060
p65
sVaws_request_id
p66
V89c24e6d-0fb4-420d-9e70-b6b1043f2e56
p67
sVexec_time
p68
F62.45912504196167
sVstart_time
p69
F1609154131.687778
sVsetup_time
p70
F7.2225420475006104
sVruntime_s3_bucket_used
p71
Vpywren-runtimes-public-us-west-2
p72
sVexception
p73
NsVhost_submit_time
p74
F1609154130.9099469
sVserver_info
p75
(dp76
Vuname
p77
V('Linux', '169.254.130.189', '4.14.203-112.332.amzn2.x86_64', '#1 SMP Wed Nov 4 20:46:34 UTC 2020', 'x86_64', 'x86_64')
p78
sV/proc/self/cgroup
p79
VMemTotal:        1717184 kB\u000aMemFree:         1116120 kB\u000aMemAvailable:    1484600 kB\u000aBuffers:           18060 kB\u000aCached:           464720 kB\u000aSwapCached:            0 kB\u000aActive:            95568 kB\u000aInactive:         448572 kB\u000aActive(anon):      61356 kB\u000aInactive(anon):      212 kB\u000aActive(file):      34212 kB\u000aInactive(file):   448360 kB\u000aUnevictable:           0 kB\u000aMlocked:               0 kB\u000aSwapTotal:             0 kB\u000aSwapFree:              0 kB\u000aDirty:               140 kB\u000aWriteback:             0 kB\u000aAnonPages:         61304 kB\u000aMapped:            35152 kB\u000aShmem:               220 kB\u000aSlab:              43984 kB\u000aSReclaimable:      32828 kB\u000aSUnreclaim:        11156 kB\u000aKernelStack:        1168 kB\u000aPageTables:         1292 kB\u000aNFS_Unstable:          0 kB\u000aBounce:                0 kB\u000aWritebackTmp:          0 kB\u000aCommitLimit:      858592 kB\u000aCommitted_AS:     253748 kB\u000aVmallocTotal:   34359738367 kB\u000aVmallocUsed:           0 kB\u000aVmallocChunk:          0 kB\u000aAnonHugePages:         0 kB\u000aShmemHugePages:        0 kB\u000aShmemPmdMapped:        0 kB\u000aHugePages_Total:       0\u000aHugePages_Free:        0\u000aHugePages_Rsvd:        0\u000aHugePages_Surp:        0\u000aHugepagesize:       2048 kB\u000aDirectMap4k:       19456 kB\u000aDirectMap2M:     1742848 kB\u000a
p80
sV/proc/cgroups
p81
V#subsys_name	hierarchy	num_cgroups	enabled\u000acpuset	8	1	1\u000acpu	2	5	1\u000acpuacct	2	5	1\u000ablkio	9	1	1\u000amemory	5	5	1\u000adevices	10	1	1\u000afreezer	11	2	1\u000anet_cls	7	1	1\u000aperf_event	6	1	1\u000anet_prio	7	1	1\u000ahugetlb	4	1	1\u000apids	3	1	1\u000a
p82
sV/proc/cpuinfo
p83
Vprocessor	: 0\u000avendor_id	: GenuineIntel\u000acpu family	: 6\u000amodel		: 63\u000amodel name	: Intel(R) Xeon(R) Processor @ 2.50GHz\u000astepping	: 2\u000amicrocode	: 0x1\u000acpu MHz		: 2500.010\u000acache size	: 33792 KB\u000aphysical id	: 0\u000asiblings	: 2\u000acore id		: 0\u000acpu cores	: 2\u000aapicid		: 0\u000ainitial apicid	: 0\u000afpu		: yes\u000afpu_exception	: yes\u000acpuid level	: 13\u000awp		: yes\u000aflags		: fpu vme de pse tsc msr pae mce cx8 apic sep mtrr pge mca cmov pat pse36 clflush mmx fxsr sse sse2 ht syscall nx rdtscp lm constant_tsc rep_good nopl xtopology nonstop_tsc cpuid tsc_known_freq pni pclmulqdq ssse3 fma cx16 pcid sse4_1 sse4_2 x2apic movbe popcnt tsc_deadline_timer aes xsave avx f16c rdrand hypervisor lahf_lm abm cpuid_fault invpcid_single pti ssbd ibrs ibpb stibp fsgsbase tsc_adjust bmi1 avx2 smep bmi2 erms invpcid smap xsaveopt arat md_clear arch_capabilities\u000abugs		: cpu_meltdown spectre_v1 spectre_v2 spec_store_bypass l1tf mds swapgs\u000abogomips	: 5000.02\u000aclflush size	: 64\u000acache_alignment	: 64\u000aaddress sizes	: 46 bits physical, 48 bits virtual\u000apower management:\u000a\u000aprocessor	: 1\u000avendor_id	: GenuineIntel\u000acpu family	: 6\u000amodel		: 63\u000amodel name	: Intel(R) Xeon(R) Processor @ 2.50GHz\u000astepping	: 2\u000amicrocode	: 0x1\u000acpu MHz		: 2500.010\u000acache size	: 33792 KB\u000aphysical id	: 0\u000asiblings	: 2\u000acore id		: 1\u000acpu cores	: 2\u000aapicid		: 1\u000ainitial apicid	: 1\u000afpu		: yes\u000afpu_exception	: yes\u000acpuid level	: 13\u000awp		: yes\u000aflags		: fpu vme de pse tsc msr pae mce cx8 apic sep mtrr pge mca cmov pat pse36 clflush mmx fxsr sse sse2 ht syscall nx rdtscp lm constant_tsc rep_good nopl xtopology nonstop_tsc cpuid tsc_known_freq pni pclmulqdq ssse3 fma cx16 pcid sse4_1 sse4_2 x2apic movbe popcnt tsc_deadline_timer aes xsave avx f16c rdrand hypervisor lahf_lm abm cpuid_fault invpcid_single pti ssbd ibrs ibpb stibp fsgsbase tsc_adjust bmi1 avx2 smep bmi2 erms invpcid smap xsaveopt arat md_clear arch_capabilities\u000abugs		: cpu_meltdown spectre_v1 spectre_v2 spec_store_bypass l1tf mds swapgs\u000abogomips	: 5000.02\u000aclflush size	: 64\u000acache_alignment	: 64\u000aaddress sizes	: 46 bits physical, 48 bits virtual\u000apower management:\u000a\u000a
p84
sV/proc/meminfo
p85
VMemTotal:        1717184 kB\u000aMemFree:         1116120 kB\u000aMemAvailable:    1484600 kB\u000aBuffers:           18060 kB\u000aCached:           464720 kB\u000aSwapCached:            0 kB\u000aActive:            95568 kB\u000aInactive:         448572 kB\u000aActive(anon):      61356 kB\u000aInactive(anon):      212 kB\u000aActive(file):      34212 kB\u000aInactive(file):   448360 kB\u000aUnevictable:           0 kB\u000aMlocked:               0 kB\u000aSwapTotal:             0 kB\u000aSwapFree:              0 kB\u000aDirty:               140 kB\u000aWriteback:             0 kB\u000aAnonPages:         61304 kB\u000aMapped:            35152 kB\u000aShmem:               220 kB\u000aSlab:              43984 kB\u000aSReclaimable:      32828 kB\u000aSUnreclaim:        11156 kB\u000aKernelStack:        1168 kB\u000aPageTables:         1292 kB\u000aNFS_Unstable:          0 kB\u000aBounce:                0 kB\u000aWritebackTmp:          0 kB\u000aCommitLimit:      858592 kB\u000aCommitted_AS:     253748 kB\u000aVmallocTotal:   34359738367 kB\u000aVmallocUsed:           0 kB\u000aVmallocChunk:          0 kB\u000aAnonHugePages:         0 kB\u000aShmemHugePages:        0 kB\u000aShmemPmdMapped:        0 kB\u000aHugePages_Total:       0\u000aHugePages_Free:        0\u000aHugePages_Rsvd:        0\u000aHugePages_Surp:        0\u000aHugepagesize:       2048 kB\u000aDirectMap4k:       19456 kB\u000aDirectMap2M:     1742848 kB\u000a
p86
ssVstatus_key
p87
Vpywren.jobs/44b5c39d-448e-4d4f-aa52-f69c22778abd/00001/status.json
p88
sVend_time
p89
F1609154201.369441
sVlog_group_name
p90
V/aws/lambda/pywren_redis_2
p91
sVdata_key
p92
Vpywren.jobs/44b5c39d-448e-4d4f-aa52-f69c22778abd/aggdata.pickle
p93
sa(dp94
Vcallset_id
p95
V44b5c39d-448e-4d4f-aa52-f69c22778abd
p96
sVlog_stream_name
p97
V2020/12/28/[$LATEST]81f5c07a796d4b96868d2c76936d66e0
p98
sVstdout
p99
V
sVfunc_key
p100
Vpywren.jobs/44b5c39d-448e-4d4f-aa52-f69c22778abd/func.pickle
p101
sVfree_disk_bytes
p102
I538333184
sVruntime_cached
p103
I00
sVretcode
p104
I0
sVcall_id
p105
V00002
p106
sVoutput_key
p107
Vpywren.jobs/44b5c39d-448e-4d4f-aa52-f69c22778abd/00002/output.pickle
p108
sVruntime_s3_key_used
p109
V8e1b7d-pywren.runtimes/default_2.7.tar.gz.0033
p110
sVaws_request_id
p111
Ve0f680db-f48c-47c8-9d02-b89ed900ab60
p112
sVexec_time
p113
F72.357861042022705
sVstart_time
p114
F1609154131.6586521
sVsetup_time
p115
F7.2384979724884033
sVruntime_s3_bucket_used
p116
Vpywren-runtimes-public-us-west-2
p117
sVexception
p118
NsVhost_submit_time
p119
F1609154130.921407
sVserver_info
p120
(dp121
Vuname
p122
V('Linux', '169.254.255.29', '4.14.203-112.332.amzn2.x86_64', '#1 SMP Wed Nov 4 20:46:34 UTC 2020', 'x86_64', 'x86_64')
p123
sV/proc/self/cgroup
p124
VMemTotal:        1717184 kB\u000aMemFree:         1119432 kB\u000aMemAvailable:    1486772 kB\u000aBuffers:           17112 kB\u000aCached:           464452 kB\u000aSwapCached:            0 kB\u000aActive:            94060 kB\u000aInactive:         448284 kB\u000aActive(anon):      60772 kB\u000aInactive(anon):      216 kB\u000aActive(file):      33288 kB\u000aInactive(file):   448068 kB\u000aUnevictable:           0 kB\u000aMlocked:               0 kB\u000aSwapTotal:             0 kB\u000aSwapFree:              0 kB\u000aDirty:               168 kB\u000aWriteback:             0 kB\u000aAnonPages:         60776 kB\u000aMapped:            34992 kB\u000aShmem:               220 kB\u000aSlab:              42936 kB\u000aSReclaimable:      32980 kB\u000aSUnreclaim:         9956 kB\u000aKernelStack:        1152 kB\u000aPageTables:         1324 kB\u000aNFS_Unstable:          0 kB\u000aBounce:                0 kB\u000aWritebackTmp:          0 kB\u000aCommitLimit:      858592 kB\u000aCommitted_AS:     252896 kB\u000aVmallocTotal:   34359738367 kB\u000aVmallocUsed:           0 kB\u000aVmallocChunk:          0 kB\u000aAnonHugePages:         0 kB\u000aShmemHugePages:        0 kB\u000aShmemPmdMapped:        0 kB\u000aHugePages_Total:       0\u000aHugePages_Free:        0\u000aHugePages_Rsvd:        0\u000aHugePages_Surp:        0\u000aHugepagesize:       2048 kB\u000aDirectMap4k:       19456 kB\u000aDirectMap2M:     1742848 kB\u000a
p125
sV/proc/cgroups
p126
V#subsys_name	hierarchy	num_cgroups	enabled\u000acpuset	2	1	1\u000acpu	6	5	1\u000acpuacct	6	5	1\u000ablkio	4	1	1\u000amemory	11	5	1\u000adevices	8	1	1\u000afreezer	5	2	1\u000anet_cls	3	1	1\u000aperf_event	10	1	1\u000anet_prio	3	1	1\u000ahugetlb	7	1	1\u000apids	9	1	1\u000a
p127
sV/proc/cpuinfo
p128
Vprocessor	: 0\u000avendor_id	: GenuineIntel\u000acpu family	: 6\u000amodel		: 63\u000amodel name	: Intel(R) Xeon(R) Processor @ 2.50GHz\u000astepping	: 2\u000amicrocode	: 0x1\u000acpu MHz		: 2500.014\u000acache size	: 33792 KB\u000aphysical id	: 0\u000asiblings	: 2\u000acore id		: 0\u000acpu cores	: 2\u000aapicid		: 0\u000ainitial apicid	: 0\u000afpu		: yes\u000afpu_exception	: yes\u000acpuid level	: 13\u000awp		: yes\u000aflags		: fpu vme de pse tsc msr pae mce cx8 apic sep mtrr pge mca cmov pat pse36 clflush mmx fxsr sse sse2 ht syscall nx rdtscp lm constant_tsc rep_good nopl xtopology nonstop_tsc cpuid tsc_known_freq pni pclmulqdq ssse3 fma cx16 pcid sse4_1 sse4_2 x2apic movbe popcnt tsc_deadline_timer aes xsave avx f16c rdrand hypervisor lahf_lm abm cpuid_fault invpcid_single pti ssbd ibrs ibpb stibp fsgsbase tsc_adjust bmi1 avx2 smep bmi2 erms invpcid smap xsaveopt arat md_clear arch_capabilities\u000abugs		: cpu_meltdown spectre_v1 spectre_v2 spec_store_bypass l1tf mds swapgs\u000abogomips	: 5000.02\u000aclflush size	: 64\u000acache_alignment	: 64\u000aaddress sizes	: 46 bits physical, 48 bits virtual\u000apower management:\u000a\u000aprocessor	: 1\u000avendor_id	: GenuineIntel\u000acpu family	: 6\u000amodel		: 63\u000amodel name	: Intel(R) Xeon(R) Processor @ 2.50GHz\u000astepping	: 2\u000amicrocode	: 0x1\u000acpu MHz		: 2500.014\u000acache size	: 33792 KB\u000aphysical id	: 0\u000asiblings	: 2\u000acore id		: 1\u000acpu cores	: 2\u000aapicid		: 1\u000ainitial apicid	: 1\u000afpu		: yes\u000afpu_exception	: yes\u000acpuid level	: 13\u000awp		: yes\u000aflags		: fpu vme de pse tsc msr pae mce cx8 apic sep mtrr pge mca cmov pat pse36 clflush mmx fxsr sse sse2 ht syscall nx rdtscp lm constant_tsc rep_good nopl xtopology nonstop_tsc cpuid tsc_known_freq pni pclmulqdq ssse3 fma cx16 pcid sse4_1 sse4_2 x2apic movbe popcnt tsc_deadline_timer aes xsave avx f16c rdrand hypervisor lahf_lm abm cpuid_fault invpcid_single pti ssbd ibrs ibpb stibp fsgsbase tsc_adjust bmi1 avx2 smep bmi2 erms invpcid smap xsaveopt arat md_clear arch_capabilities\u000abugs		: cpu_meltdown spectre_v1 spectre_v2 spec_store_bypass l1tf mds swapgs\u000abogomips	: 5000.02\u000aclflush size	: 64\u000acache_alignment	: 64\u000aaddress sizes	: 46 bits physical, 48 bits virtual\u000apower management:\u000a\u000a
p129
sV/proc/meminfo
p130
VMemTotal:        1717184 kB\u000aMemFree:         1119432 kB\u000aMemAvailable:    1486772 kB\u000aBuffers:           17112 kB\u000aCached:           464452 kB\u000aSwapCached:            0 kB\u000aActive:            94060 kB\u000aInactive:         448284 kB\u000aActive(anon):      60772 kB\u000aInactive(anon):      216 kB\u000aActive(file):      33288 kB\u000aInactive(file):   448068 kB\u000aUnevictable:           0 kB\u000aMlocked:               0 kB\u000aSwapTotal:             0 kB\u000aSwapFree:              0 kB\u000aDirty:               168 kB\u000aWriteback:             0 kB\u000aAnonPages:         60776 kB\u000aMapped:            34992 kB\u000aShmem:               220 kB\u000aSlab:              42936 kB\u000aSReclaimable:      32980 kB\u000aSUnreclaim:         9956 kB\u000aKernelStack:        1152 kB\u000aPageTables:         1324 kB\u000aNFS_Unstable:          0 kB\u000aBounce:                0 kB\u000aWritebackTmp:          0 kB\u000aCommitLimit:      858592 kB\u000aCommitted_AS:     252896 kB\u000aVmallocTotal:   34359738367 kB\u000aVmallocUsed:           0 kB\u000aVmallocChunk:          0 kB\u000aAnonHugePages:         0 kB\u000aShmemHugePages:        0 kB\u000aShmemPmdMapped:        0 kB\u000aHugePages_Total:       0\u000aHugePages_Free:        0\u000aHugePages_Rsvd:        0\u000aHugePages_Surp:        0\u000aHugepagesize:       2048 kB\u000aDirectMap4k:       19456 kB\u000aDirectMap2M:     1742848 kB\u000a
p131
ssVstatus_key
p132
Vpywren.jobs/44b5c39d-448e-4d4f-aa52-f69c22778abd/00002/status.json
p133
sVend_time
p134
F1609154211.2550049
sVlog_group_name
p135
V/aws/lambda/pywren_redis_2
p136
sVdata_key
p137
Vpywren.jobs/44b5c39d-448e-4d4f-aa52-f69c22778abd/aggdata.pickle
p138
sa(dp139
Vcallset_id
p140
V44b5c39d-448e-4d4f-aa52-f69c22778abd
p141
sVlog_stream_name
p142
V2020/12/28/[$LATEST]82354517ca5c41308577176c88ecc45c
p143
sVstdout
p144
V
sVfunc_key
p145
Vpywren.jobs/44b5c39d-448e-4d4f-aa52-f69c22778abd/func.pickle
p146
sVfree_disk_bytes
p147
I538333184
sVruntime_cached
p148
I00
sVretcode
p149
I0
sVcall_id
p150
V00003
p151
sVoutput_key
p152
Vpywren.jobs/44b5c39d-448e-4d4f-aa52-f69c22778abd/00003/output.pickle
p153
sVruntime_s3_key_used
p154
V4a1b0c-pywren.runtimes/default_2.7.tar.gz.0092
p155
sVaws_request_id
p156
Va128d5d3-9c1e-475c-a0ec-64ae3eb74e7a
p157
sVexec_time
p158
F62.40897011756897
sVstart_time
p159
F1609154131.6679449
sVsetup_time
p160
F7.1184539794921875
sVruntime_s3_bucket_used
p161
Vpywren-runtimes-public-us-west-2
p162
sVexception
p163
NsVhost_submit_time
p164
F1609154130.9270179
sVserver_info
p165
(dp166
Vuname
p167
V('Linux', '169.254.216.213', '4.14.203-112.332.amzn2.x86_64', '#1 SMP Wed Nov 4 20:46:34 UTC 2020', 'x86_64', 'x86_64')
p168
sV/proc/self/cgroup
p169
VMemTotal:        1717184 kB\u000aMemFree:         1118144 kB\u000aMemAvailable:    1485972 kB\u000aBuffers:           17712 kB\u000aCached:           464440 kB\u000aSwapCached:            0 kB\u000aActive:            94584 kB\u000aInactive:         448296 kB\u000aActive(anon):      60720 kB\u000aInactive(anon):      216 kB\u000aActive(file):      33864 kB\u000aInactive(file):   448080 kB\u000aUnevictable:           0 kB\u000aMlocked:               0 kB\u000aSwapTotal:             0 kB\u000aSwapFree:              0 kB\u000aDirty:               356 kB\u000aWriteback:             0 kB\u000aAnonPages:         60716 kB\u000aMapped:            35364 kB\u000aShmem:               220 kB\u000aSlab:              43168 kB\u000aSReclaimable:      32784 kB\u000aSUnreclaim:        10384 kB\u000aKernelStack:        1152 kB\u000aPageTables:         1340 kB\u000aNFS_Unstable:          0 kB\u000aBounce:                0 kB\u000aWritebackTmp:          0 kB\u000aCommitLimit:      858592 kB\u000aCommitted_AS:     253804 kB\u000aVmallocTotal:   34359738367 kB\u000aVmallocUsed:           0 kB\u000aVmallocChunk:          0 kB\u000aAnonHugePages:         0 kB\u000aShmemHugePages:        0 kB\u000aShmemPmdMapped:        0 kB\u000aHugePages_Total:       0\u000aHugePages_Free:        0\u000aHugePages_Rsvd:        0\u000aHugePages_Surp:        0\u000aHugepagesize:       2048 kB\u000aDirectMap4k:       21504 kB\u000aDirectMap2M:     1740800 kB\u000a
p170
sV/proc/cgroups
p171
V#subsys_name	hierarchy	num_cgroups	enabled\u000acpuset	9	1	1\u000acpu	2	5	1\u000acpuacct	2	5	1\u000ablkio	10	1	1\u000amemory	11	5	1\u000adevices	7	1	1\u000afreezer	6	2	1\u000anet_cls	3	1	1\u000aperf_event	4	1	1\u000anet_prio	3	1	1\u000ahugetlb	8	1	1\u000apids	5	1	1\u000a
p172
sV/proc/cpuinfo
p173
Vprocessor	: 0\u000avendor_id	: GenuineIntel\u000acpu family	: 6\u000amodel		: 63\u000amodel name	: Intel(R) Xeon(R) Processor @ 2.50GHz\u000astepping	: 2\u000amicrocode	: 0x1\u000acpu MHz		: 2500.012\u000acache size	: 33792 KB\u000aphysical id	: 0\u000asiblings	: 2\u000acore id		: 0\u000acpu cores	: 2\u000aapicid		: 0\u000ainitial apicid	: 0\u000afpu		: yes\u000afpu_exception	: yes\u000acpuid level	: 13\u000awp		: yes\u000aflags		: fpu vme de pse tsc msr pae mce cx8 apic sep mtrr pge mca cmov pat pse36 clflush mmx fxsr sse sse2 ht syscall nx rdtscp lm constant_tsc rep_good nopl xtopology nonstop_tsc cpuid tsc_known_freq pni pclmulqdq ssse3 fma cx16 pcid sse4_1 sse4_2 x2apic movbe popcnt tsc_deadline_timer aes xsave avx f16c rdrand hypervisor lahf_lm abm cpuid_fault invpcid_single pti ssbd ibrs ibpb stibp fsgsbase tsc_adjust bmi1 avx2 smep bmi2 erms invpcid smap xsaveopt arat md_clear arch_capabilities\u000abugs		: cpu_meltdown spectre_v1 spectre_v2 spec_store_bypass l1tf mds swapgs\u000abogomips	: 5000.02\u000aclflush size	: 64\u000acache_alignment	: 64\u000aaddress sizes	: 46 bits physical, 48 bits virtual\u000apower management:\u000a\u000aprocessor	: 1\u000avendor_id	: GenuineIntel\u000acpu family	: 6\u000amodel		: 63\u000amodel name	: Intel(R) Xeon(R) Processor @ 2.50GHz\u000astepping	: 2\u000amicrocode	: 0x1\u000acpu MHz		: 2500.012\u000acache size	: 33792 KB\u000aphysical id	: 0\u000asiblings	: 2\u000acore id		: 1\u000acpu cores	: 2\u000aapicid		: 1\u000ainitial apicid	: 1\u000afpu		: yes\u000afpu_exception	: yes\u000acpuid level	: 13\u000awp		: yes\u000aflags		: fpu vme de pse tsc msr pae mce cx8 apic sep mtrr pge mca cmov pat pse36 clflush mmx fxsr sse sse2 ht syscall nx rdtscp lm constant_tsc rep_good nopl xtopology nonstop_tsc cpuid tsc_known_freq pni pclmulqdq ssse3 fma cx16 pcid sse4_1 sse4_2 x2apic movbe popcnt tsc_deadline_timer aes xsave avx f16c rdrand hypervisor lahf_lm abm cpuid_fault invpcid_single pti ssbd ibrs ibpb stibp fsgsbase tsc_adjust bmi1 avx2 smep bmi2 erms invpcid smap xsaveopt arat md_clear arch_capabilities\u000abugs		: cpu_meltdown spectre_v1 spectre_v2 spec_store_bypass l1tf mds swapgs\u000abogomips	: 5000.02\u000aclflush size	: 64\u000acache_alignment	: 64\u000aaddress sizes	: 46 bits physical, 48 bits virtual\u000apower management:\u000a\u000a
p174
sV/proc/meminfo
p175
VMemTotal:        1717184 kB\u000aMemFree:         1118144 kB\u000aMemAvailable:    1485972 kB\u000aBuffers:           17712 kB\u000aCached:           464440 kB\u000aSwapCached:            0 kB\u000aActive:            94584 kB\u000aInactive:         448296 kB\u000aActive(anon):      60720 kB\u000aInactive(anon):      216 kB\u000aActive(file):      33864 kB\u000aInactive(file):   448080 kB\u000aUnevictable:           0 kB\u000aMlocked:               0 kB\u000aSwapTotal:             0 kB\u000aSwapFree:              0 kB\u000aDirty:               356 kB\u000aWriteback:             0 kB\u000aAnonPages:         60716 kB\u000aMapped:            35364 kB\u000aShmem:               220 kB\u000aSlab:              43168 kB\u000aSReclaimable:      32784 kB\u000aSUnreclaim:        10384 kB\u000aKernelStack:        1152 kB\u000aPageTables:         1340 kB\u000aNFS_Unstable:          0 kB\u000aBounce:                0 kB\u000aWritebackTmp:          0 kB\u000aCommitLimit:      858592 kB\u000aCommitted_AS:     253804 kB\u000aVmallocTotal:   34359738367 kB\u000aVmallocUsed:           0 kB\u000aVmallocChunk:          0 kB\u000aAnonHugePages:         0 kB\u000aShmemHugePages:        0 kB\u000aShmemPmdMapped:        0 kB\u000aHugePages_Total:       0\u000aHugePages_Free:        0\u000aHugePages_Rsvd:        0\u000aHugePages_Surp:        0\u000aHugepagesize:       2048 kB\u000aDirectMap4k:       21504 kB\u000aDirectMap2M:     1740800 kB\u000a
p176
ssVstatus_key
p177
Vpywren.jobs/44b5c39d-448e-4d4f-aa52-f69c22778abd/00003/status.json
p178
sVend_time
p179
F1609154201.195364
sVlog_group_name
p180
V/aws/lambda/pywren_redis_2
p181
sVdata_key
p182
Vpywren.jobs/44b5c39d-448e-4d4f-aa52-f69c22778abd/aggdata.pickle
p183
sa(dp184
Vcallset_id
p185
V44b5c39d-448e-4d4f-aa52-f69c22778abd
p186
sVlog_stream_name
p187
V2020/12/28/[$LATEST]6c0efc2e638348cabeaee9227ec425df
p188
sVstdout
p189
V
sVfunc_key
p190
Vpywren.jobs/44b5c39d-448e-4d4f-aa52-f69c22778abd/func.pickle
p191
sVfree_disk_bytes
p192
I538333184
sVruntime_cached
p193
I00
sVretcode
p194
I0
sVcall_id
p195
V00004
p196
sVoutput_key
p197
Vpywren.jobs/44b5c39d-448e-4d4f-aa52-f69c22778abd/00004/output.pickle
p198
sVruntime_s3_key_used
p199
V5b826d-pywren.runtimes/default_2.7.tar.gz.0013
p200
sVaws_request_id
p201
Va54fd06a-c242-41fe-a355-b0fd05d4c4d8
p202
sVexec_time
p203
F68.452774047851562
sVstart_time
p204
F1609154131.694591
sVsetup_time
p205
F7.295867919921875
sVruntime_s3_bucket_used
p206
Vpywren-runtimes-public-us-west-2
p207
sVexception
p208
NsVhost_submit_time
p209
F1609154130.935431
sVserver_info
p210
(dp211
Vuname
p212
V('Linux', '169.254.126.5', '4.14.203-112.332.amzn2.x86_64', '#1 SMP Wed Nov 4 20:46:34 UTC 2020', 'x86_64', 'x86_64')
p213
sV/proc/self/cgroup
p214
VMemTotal:        1717184 kB\u000aMemFree:         1118088 kB\u000aMemAvailable:    1486244 kB\u000aBuffers:           17868 kB\u000aCached:           464448 kB\u000aSwapCached:            0 kB\u000aActive:            95008 kB\u000aInactive:         448544 kB\u000aActive(anon):      61228 kB\u000aInactive(anon):      216 kB\u000aActive(file):      33780 kB\u000aInactive(file):   448328 kB\u000aUnevictable:           0 kB\u000aMlocked:               0 kB\u000aSwapTotal:             0 kB\u000aSwapFree:              0 kB\u000aDirty:                 8 kB\u000aWriteback:             0 kB\u000aAnonPages:         61224 kB\u000aMapped:            35328 kB\u000aShmem:               220 kB\u000aSlab:              43048 kB\u000aSReclaimable:      33112 kB\u000aSUnreclaim:         9936 kB\u000aKernelStack:        1152 kB\u000aPageTables:         1348 kB\u000aNFS_Unstable:          0 kB\u000aBounce:                0 kB\u000aWritebackTmp:          0 kB\u000aCommitLimit:      858592 kB\u000aCommitted_AS:     253796 kB\u000aVmallocTotal:   34359738367 kB\u000aVmallocUsed:           0 kB\u000aVmallocChunk:          0 kB\u000aAnonHugePages:         0 kB\u000aShmemHugePages:        0 kB\u000aShmemPmdMapped:        0 kB\u000aHugePages_Total:       0\u000aHugePages_Free:        0\u000aHugePages_Rsvd:        0\u000aHugePages_Surp:        0\u000aHugepagesize:       2048 kB\u000aDirectMap4k:       23552 kB\u000aDirectMap2M:     1738752 kB\u000a
p215
sV/proc/cgroups
p216
V#subsys_name	hierarchy	num_cgroups	enabled\u000acpuset	4	1	1\u000acpu	9	5	1\u000acpuacct	9	5	1\u000ablkio	7	1	1\u000amemory	11	5	1\u000adevices	2	1	1\u000afreezer	8	2	1\u000anet_cls	6	1	1\u000aperf_event	5	1	1\u000anet_prio	6	1	1\u000ahugetlb	10	1	1\u000apids	3	1	1\u000a
p217
sV/proc/cpuinfo
p218
Vprocessor	: 0\u000avendor_id	: GenuineIntel\u000acpu family	: 6\u000amodel		: 63\u000amodel name	: Intel(R) Xeon(R) Processor @ 2.50GHz\u000astepping	: 2\u000amicrocode	: 0x1\u000acpu MHz		: 2500.010\u000acache size	: 33792 KB\u000aphysical id	: 0\u000asiblings	: 2\u000acore id		: 0\u000acpu cores	: 2\u000aapicid		: 0\u000ainitial apicid	: 0\u000afpu		: yes\u000afpu_exception	: yes\u000acpuid level	: 13\u000awp		: yes\u000aflags		: fpu vme de pse tsc msr pae mce cx8 apic sep mtrr pge mca cmov pat pse36 clflush mmx fxsr sse sse2 ht syscall nx rdtscp lm constant_tsc rep_good nopl xtopology nonstop_tsc cpuid tsc_known_freq pni pclmulqdq ssse3 fma cx16 pcid sse4_1 sse4_2 x2apic movbe popcnt tsc_deadline_timer aes xsave avx f16c rdrand hypervisor lahf_lm abm cpuid_fault invpcid_single pti ssbd ibrs ibpb stibp fsgsbase tsc_adjust bmi1 avx2 smep bmi2 erms invpcid smap xsaveopt arat md_clear arch_capabilities\u000abugs		: cpu_meltdown spectre_v1 spectre_v2 spec_store_bypass l1tf mds swapgs\u000abogomips	: 5000.02\u000aclflush size	: 64\u000acache_alignment	: 64\u000aaddress sizes	: 46 bits physical, 48 bits virtual\u000apower management:\u000a\u000aprocessor	: 1\u000avendor_id	: GenuineIntel\u000acpu family	: 6\u000amodel		: 63\u000amodel name	: Intel(R) Xeon(R) Processor @ 2.50GHz\u000astepping	: 2\u000amicrocode	: 0x1\u000acpu MHz		: 2500.010\u000acache size	: 33792 KB\u000aphysical id	: 0\u000asiblings	: 2\u000acore id		: 1\u000acpu cores	: 2\u000aapicid		: 1\u000ainitial apicid	: 1\u000afpu		: yes\u000afpu_exception	: yes\u000acpuid level	: 13\u000awp		: yes\u000aflags		: fpu vme de pse tsc msr pae mce cx8 apic sep mtrr pge mca cmov pat pse36 clflush mmx fxsr sse sse2 ht syscall nx rdtscp lm constant_tsc rep_good nopl xtopology nonstop_tsc cpuid tsc_known_freq pni pclmulqdq ssse3 fma cx16 pcid sse4_1 sse4_2 x2apic movbe popcnt tsc_deadline_timer aes xsave avx f16c rdrand hypervisor lahf_lm abm cpuid_fault invpcid_single pti ssbd ibrs ibpb stibp fsgsbase tsc_adjust bmi1 avx2 smep bmi2 erms invpcid smap xsaveopt arat md_clear arch_capabilities\u000abugs		: cpu_meltdown spectre_v1 spectre_v2 spec_store_bypass l1tf mds swapgs\u000abogomips	: 5000.02\u000aclflush size	: 64\u000acache_alignment	: 64\u000aaddress sizes	: 46 bits physical, 48 bits virtual\u000apower management:\u000a\u000a
p219
sV/proc/meminfo
p220
VMemTotal:        1717184 kB\u000aMemFree:         1118088 kB\u000aMemAvailable:    1486244 kB\u000aBuffers:           17868 kB\u000aCached:           464448 kB\u000aSwapCached:            0 kB\u000aActive:            95008 kB\u000aInactive:         448544 kB\u000aActive(anon):      61228 kB\u000aInactive(anon):      216 kB\u000aActive(file):      33780 kB\u000aInactive(file):   448328 kB\u000aUnevictable:           0 kB\u000aMlocked:               0 kB\u000aSwapTotal:             0 kB\u000aSwapFree:              0 kB\u000aDirty:                 8 kB\u000aWriteback:             0 kB\u000aAnonPages:         61224 kB\u000aMapped:            35328 kB\u000aShmem:               220 kB\u000aSlab:              43048 kB\u000aSReclaimable:      33112 kB\u000aSUnreclaim:         9936 kB\u000aKernelStack:        1152 kB\u000aPageTables:         1348 kB\u000aNFS_Unstable:          0 kB\u000aBounce:                0 kB\u000aWritebackTmp:          0 kB\u000aCommitLimit:      858592 kB\u000aCommitted_AS:     253796 kB\u000aVmallocTotal:   34359738367 kB\u000aVmallocUsed:           0 kB\u000aVmallocChunk:          0 kB\u000aAnonHugePages:         0 kB\u000aShmemHugePages:        0 kB\u000aShmemPmdMapped:        0 kB\u000aHugePages_Total:       0\u000aHugePages_Free:        0\u000aHugePages_Rsvd:        0\u000aHugePages_Surp:        0\u000aHugepagesize:       2048 kB\u000aDirectMap4k:       23552 kB\u000aDirectMap2M:     1738752 kB\u000a
p221
ssVstatus_key
p222
Vpywren.jobs/44b5c39d-448e-4d4f-aa52-f69c22778abd/00004/status.json
p223
sVend_time
p224
F1609154207.4432271
sVlog_group_name
p225
V/aws/lambda/pywren_redis_2
p226
sVdata_key
p227
Vpywren.jobs/44b5c39d-448e-4d4f-aa52-f69c22778abd/aggdata.pickle
p228
sa(dp229
Vcallset_id
p230
V44b5c39d-448e-4d4f-aa52-f69c22778abd
p231
sVlog_stream_name
p232
V2020/12/28/[$LATEST]f2c44119d02a4d49a87e8565cd2472c8
p233
sVstdout
p234
V
sVfunc_key
p235
Vpywren.jobs/44b5c39d-448e-4d4f-aa52-f69c22778abd/func.pickle
p236
sVfree_disk_bytes
p237
I538333184
sVruntime_cached
p238
I00
sVretcode
p239
I0
sVcall_id
p240
V00005
p241
sVoutput_key
p242
Vpywren.jobs/44b5c39d-448e-4d4f-aa52-f69c22778abd/00005/output.pickle
p243
sVruntime_s3_key_used
p244
Vc35ecc-pywren.runtimes/default_2.7.tar.gz.0005
p245
sVaws_request_id
p246
Vb4647b39-32eb-4c13-af22-f66034edc9e1
p247
sVexec_time
p248
F70.401293039321899
sVstart_time
p249
F1609154131.6540649
sVsetup_time
p250
F7.0706651210784912
sVruntime_s3_bucket_used
p251
Vpywren-runtimes-public-us-west-2
p252
sVexception
p253
NsVhost_submit_time
p254
F1609154130.9328721
sVserver_info
p255
(dp256
Vuname
p257
V('Linux', '169.254.152.37', '4.14.203-112.332.amzn2.x86_64', '#1 SMP Wed Nov 4 20:46:34 UTC 2020', 'x86_64', 'x86_64')
p258
sV/proc/self/cgroup
p259
VMemTotal:        1717184 kB\u000aMemFree:         1117104 kB\u000aMemAvailable:    1485964 kB\u000aBuffers:           18372 kB\u000aCached:           464660 kB\u000aSwapCached:            0 kB\u000aActive:            95984 kB\u000aInactive:         448188 kB\u000aActive(anon):      61132 kB\u000aInactive(anon):      216 kB\u000aActive(file):      34852 kB\u000aInactive(file):   447972 kB\u000aUnevictable:           0 kB\u000aMlocked:               0 kB\u000aSwapTotal:             0 kB\u000aSwapFree:              0 kB\u000aDirty:                12 kB\u000aWriteback:             0 kB\u000aAnonPages:         61128 kB\u000aMapped:            34956 kB\u000aShmem:               220 kB\u000aSlab:              43472 kB\u000aSReclaimable:      33088 kB\u000aSUnreclaim:        10384 kB\u000aKernelStack:        1168 kB\u000aPageTables:         1412 kB\u000aNFS_Unstable:          0 kB\u000aBounce:                0 kB\u000aWritebackTmp:          0 kB\u000aCommitLimit:      858592 kB\u000aCommitted_AS:     254992 kB\u000aVmallocTotal:   34359738367 kB\u000aVmallocUsed:           0 kB\u000aVmallocChunk:          0 kB\u000aAnonHugePages:         0 kB\u000aShmemHugePages:        0 kB\u000aShmemPmdMapped:        0 kB\u000aHugePages_Total:       0\u000aHugePages_Free:        0\u000aHugePages_Rsvd:        0\u000aHugePages_Surp:        0\u000aHugepagesize:       2048 kB\u000aDirectMap4k:       19456 kB\u000aDirectMap2M:     1742848 kB\u000a
p260
sV/proc/cgroups
p261
V#subsys_name	hierarchy	num_cgroups	enabled\u000acpuset	5	1	1\u000acpu	3	5	1\u000acpuacct	3	5	1\u000ablkio	11	1	1\u000amemory	10	5	1\u000adevices	2	1	1\u000afreezer	6	2	1\u000anet_cls	8	1	1\u000aperf_event	9	1	1\u000anet_prio	8	1	1\u000ahugetlb	4	1	1\u000apids	7	1	1\u000a
p262
sV/proc/cpuinfo
p263
Vprocessor	: 0\u000avendor_id	: GenuineIntel\u000acpu family	: 6\u000amodel		: 63\u000amodel name	: Intel(R) Xeon(R) Processor @ 2.50GHz\u000astepping	: 2\u000amicrocode	: 0x1\u000acpu MHz		: 2499.994\u000acache size	: 36608 KB\u000aphysical id	: 0\u000asiblings	: 2\u000acore id		: 0\u000acpu cores	: 2\u000aapicid		: 0\u000ainitial apicid	: 0\u000afpu		: yes\u000afpu_exception	: yes\u000acpuid level	: 13\u000awp		: yes\u000aflags		: fpu vme de pse tsc msr pae mce cx8 apic sep mtrr pge mca cmov pat pse36 clflush mmx fxsr sse sse2 ht syscall nx rdtscp lm constant_tsc rep_good nopl xtopology nonstop_tsc cpuid tsc_known_freq pni pclmulqdq ssse3 fma cx16 pcid sse4_1 sse4_2 x2apic movbe popcnt tsc_deadline_timer aes xsave avx f16c rdrand hypervisor lahf_lm abm cpuid_fault invpcid_single ssbd ibrs ibpb stibp ibrs_enhanced fsgsbase tsc_adjust bmi1 avx2 smep bmi2 erms invpcid smap xsaveopt arat md_clear arch_capabilities\u000abugs		: spectre_v1 spectre_v2 spec_store_bypass swapgs\u000abogomips	: 4999.98\u000aclflush size	: 64\u000acache_alignment	: 64\u000aaddress sizes	: 46 bits physical, 48 bits virtual\u000apower management:\u000a\u000aprocessor	: 1\u000avendor_id	: GenuineIntel\u000acpu family	: 6\u000amodel		: 63\u000amodel name	: Intel(R) Xeon(R) Processor @ 2.50GHz\u000astepping	: 2\u000amicrocode	: 0x1\u000acpu MHz		: 2499.994\u000acache size	: 36608 KB\u000aphysical id	: 0\u000asiblings	: 2\u000acore id		: 1\u000acpu cores	: 2\u000aapicid		: 1\u000ainitial apicid	: 1\u000afpu		: yes\u000afpu_exception	: yes\u000acpuid level	: 13\u000awp		: yes\u000aflags		: fpu vme de pse tsc msr pae mce cx8 apic sep mtrr pge mca cmov pat pse36 clflush mmx fxsr sse sse2 ht syscall nx rdtscp lm constant_tsc rep_good nopl xtopology nonstop_tsc cpuid tsc_known_freq pni pclmulqdq ssse3 fma cx16 pcid sse4_1 sse4_2 x2apic movbe popcnt tsc_deadline_timer aes xsave avx f16c rdrand hypervisor lahf_lm abm cpuid_fault invpcid_single ssbd ibrs ibpb stibp ibrs_enhanced fsgsbase tsc_adjust bmi1 avx2 smep bmi2 erms invpcid smap xsaveopt arat md_clear arch_capabilities\u000abugs		: spectre_v1 spectre_v2 spec_store_bypass swapgs\u000abogomips	: 4999.98\u000aclflush size	: 64\u000acache_alignment	: 64\u000aaddress sizes	: 46 bits physical, 48 bits virtual\u000apower management:\u000a\u000a
p264
sV/proc/meminfo
p265
VMemTotal:        1717184 kB\u000aMemFree:         1117104 kB\u000aMemAvailable:    1485964 kB\u000aBuffers:           18372 kB\u000aCached:           464660 kB\u000aSwapCached:            0 kB\u000aActive:            95984 kB\u000aInactive:         448188 kB\u000aActive(anon):      61132 kB\u000aInactive(anon):      216 kB\u000aActive(file):      34852 kB\u000aInactive(file):   447972 kB\u000aUnevictable:           0 kB\u000aMlocked:               0 kB\u000aSwapTotal:             0 kB\u000aSwapFree:              0 kB\u000aDirty:                12 kB\u000aWriteback:             0 kB\u000aAnonPages:         61128 kB\u000aMapped:            34956 kB\u000aShmem:               220 kB\u000aSlab:              43472 kB\u000aSReclaimable:      33088 kB\u000aSUnreclaim:        10384 kB\u000aKernelStack:        1168 kB\u000aPageTables:         1412 kB\u000aNFS_Unstable:          0 kB\u000aBounce:                0 kB\u000aWritebackTmp:          0 kB\u000aCommitLimit:      858592 kB\u000aCommitted_AS:     254992 kB\u000aVmallocTotal:   34359738367 kB\u000aVmallocUsed:           0 kB\u000aVmallocChunk:          0 kB\u000aAnonHugePages:         0 kB\u000aShmemHugePages:        0 kB\u000aShmemPmdMapped:        0 kB\u000aHugePages_Total:       0\u000aHugePages_Free:        0\u000aHugePages_Rsvd:        0\u000aHugePages_Surp:        0\u000aHugepagesize:       2048 kB\u000aDirectMap4k:       19456 kB\u000aDirectMap2M:     1742848 kB\u000a
p266
ssVstatus_key
p267
Vpywren.jobs/44b5c39d-448e-4d4f-aa52-f69c22778abd/00005/status.json
p268
sVend_time
p269
F1609154209.1260171
sVlog_group_name
p270
V/aws/lambda/pywren_redis_2
p271
sVdata_key
p272
Vpywren.jobs/44b5c39d-448e-4d4f-aa52-f69c22778abd/aggdata.pickle
p273
sa(dp274
Vcallset_id
p275
V44b5c39d-448e-4d4f-aa52-f69c22778abd
p276
sVlog_stream_name
p277
V2020/12/28/[$LATEST]c15513b1d0e0421092f4068e8bf762ac
p278
sVstdout
p279
V
sVfunc_key
p280
Vpywren.jobs/44b5c39d-448e-4d4f-aa52-f69c22778abd/func.pickle
p281
sVfree_disk_bytes
p282
I538333184
sVruntime_cached
p283
I00
sVretcode
p284
I0
sVcall_id
p285
V00006
p286
sVoutput_key
p287
Vpywren.jobs/44b5c39d-448e-4d4f-aa52-f69c22778abd/00006/output.pickle
p288
sVruntime_s3_key_used
p289
V38d1b2-pywren.runtimes/default_2.7.tar.gz.0079
p290
sVaws_request_id
p291
Ve8f80efd-f8f3-4261-9b6e-96cf371d87d0
p292
sVexec_time
p293
F65.282051801681519
sVstart_time
p294
F1609154131.6485119
sVsetup_time
p295
F7.2045722007751465
sVruntime_s3_bucket_used
p296
Vpywren-runtimes-public-us-west-2
p297
sVexception
p298
NsVhost_submit_time
p299
F1609154130.9437599
sVserver_info
p300
(dp301
Vuname
p302
V('Linux', '169.254.66.45', '4.14.203-112.332.amzn2.x86_64', '#1 SMP Wed Nov 4 20:46:34 UTC 2020', 'x86_64', 'x86_64')
p303
sV/proc/self/cgroup
p304
VMemTotal:        1717184 kB\u000aMemFree:         1117820 kB\u000aMemAvailable:    1486192 kB\u000aBuffers:           17832 kB\u000aCached:           464792 kB\u000aSwapCached:            0 kB\u000aActive:            95428 kB\u000aInactive:         448336 kB\u000aActive(anon):      61136 kB\u000aInactive(anon):      216 kB\u000aActive(file):      34292 kB\u000aInactive(file):   448120 kB\u000aUnevictable:           0 kB\u000aMlocked:               0 kB\u000aSwapTotal:             0 kB\u000aSwapFree:              0 kB\u000aDirty:               148 kB\u000aWriteback:             0 kB\u000aAnonPages:         61132 kB\u000aMapped:            35152 kB\u000aShmem:               220 kB\u000aSlab:              43196 kB\u000aSReclaimable:      32932 kB\u000aSUnreclaim:        10264 kB\u000aKernelStack:        1152 kB\u000aPageTables:         1316 kB\u000aNFS_Unstable:          0 kB\u000aBounce:                0 kB\u000aWritebackTmp:          0 kB\u000aCommitLimit:      858592 kB\u000aCommitted_AS:     251688 kB\u000aVmallocTotal:   34359738367 kB\u000aVmallocUsed:           0 kB\u000aVmallocChunk:          0 kB\u000aAnonHugePages:         0 kB\u000aShmemHugePages:        0 kB\u000aShmemPmdMapped:        0 kB\u000aHugePages_Total:       0\u000aHugePages_Free:        0\u000aHugePages_Rsvd:        0\u000aHugePages_Surp:        0\u000aHugepagesize:       2048 kB\u000aDirectMap4k:       21504 kB\u000aDirectMap2M:     1740800 kB\u000a
p305
sV/proc/cgroups
p306
V#subsys_name	hierarchy	num_cgroups	enabled\u000acpuset	11	1	1\u000acpu	9	5	1\u000acpuacct	9	5	1\u000ablkio	5	1	1\u000amemory	3	5	1\u000adevices	6	1	1\u000afreezer	8	2	1\u000anet_cls	2	1	1\u000aperf_event	10	1	1\u000anet_prio	2	1	1\u000ahugetlb	4	1	1\u000apids	7	1	1\u000a
p307
sV/proc/cpuinfo
p308
Vprocessor	: 0\u000avendor_id	: GenuineIntel\u000acpu family	: 6\u000amodel		: 63\u000amodel name	: Intel(R) Xeon(R) Processor @ 2.50GHz\u000astepping	: 2\u000amicrocode	: 0x1\u000acpu MHz		: 2500.012\u000acache size	: 33792 KB\u000aphysical id	: 0\u000asiblings	: 2\u000acore id		: 0\u000acpu cores	: 2\u000aapicid		: 0\u000ainitial apicid	: 0\u000afpu		: yes\u000afpu_exception	: yes\u000acpuid level	: 13\u000awp		: yes\u000aflags		: fpu vme de pse tsc msr pae mce cx8 apic sep mtrr pge mca cmov pat pse36 clflush mmx fxsr sse sse2 ht syscall nx rdtscp lm constant_tsc rep_good nopl xtopology nonstop_tsc cpuid tsc_known_freq pni pclmulqdq ssse3 fma cx16 pcid sse4_1 sse4_2 x2apic movbe popcnt tsc_deadline_timer aes xsave avx f16c rdrand hypervisor lahf_lm abm cpuid_fault invpcid_single pti ssbd ibrs ibpb stibp fsgsbase tsc_adjust bmi1 avx2 smep bmi2 erms invpcid smap xsaveopt arat md_clear arch_capabilities\u000abugs		: cpu_meltdown spectre_v1 spectre_v2 spec_store_bypass l1tf mds swapgs\u000abogomips	: 5000.02\u000aclflush size	: 64\u000acache_alignment	: 64\u000aaddress sizes	: 46 bits physical, 48 bits virtual\u000apower management:\u000a\u000aprocessor	: 1\u000avendor_id	: GenuineIntel\u000acpu family	: 6\u000amodel		: 63\u000amodel name	: Intel(R) Xeon(R) Processor @ 2.50GHz\u000astepping	: 2\u000amicrocode	: 0x1\u000acpu MHz		: 2500.012\u000acache size	: 33792 KB\u000aphysical id	: 0\u000asiblings	: 2\u000acore id		: 1\u000acpu cores	: 2\u000aapicid		: 1\u000ainitial apicid	: 1\u000afpu		: yes\u000afpu_exception	: yes\u000acpuid level	: 13\u000awp		: yes\u000aflags		: fpu vme de pse tsc msr pae mce cx8 apic sep mtrr pge mca cmov pat pse36 clflush mmx fxsr sse sse2 ht syscall nx rdtscp lm constant_tsc rep_good nopl xtopology nonstop_tsc cpuid tsc_known_freq pni pclmulqdq ssse3 fma cx16 pcid sse4_1 sse4_2 x2apic movbe popcnt tsc_deadline_timer aes xsave avx f16c rdrand hypervisor lahf_lm abm cpuid_fault invpcid_single pti ssbd ibrs ibpb stibp fsgsbase tsc_adjust bmi1 avx2 smep bmi2 erms invpcid smap xsaveopt arat md_clear arch_capabilities\u000abugs		: cpu_meltdown spectre_v1 spectre_v2 spec_store_bypass l1tf mds swapgs\u000abogomips	: 5000.02\u000aclflush size	: 64\u000acache_alignment	: 64\u000aaddress sizes	: 46 bits physical, 48 bits virtual\u000apower management:\u000a\u000a
p309
sV/proc/meminfo
p310
VMemTotal:        1717184 kB\u000aMemFree:         1117820 kB\u000aMemAvailable:    1486192 kB\u000aBuffers:           17832 kB\u000aCached:           464792 kB\u000aSwapCached:            0 kB\u000aActive:            95428 kB\u000aInactive:         448336 kB\u000aActive(anon):      61136 kB\u000aInactive(anon):      216 kB\u000aActive(file):      34292 kB\u000aInactive(file):   448120 kB\u000aUnevictable:           0 kB\u000aMlocked:               0 kB\u000aSwapTotal:             0 kB\u000aSwapFree:              0 kB\u000aDirty:               148 kB\u000aWriteback:             0 kB\u000aAnonPages:         61132 kB\u000aMapped:            35152 kB\u000aShmem:               220 kB\u000aSlab:              43196 kB\u000aSReclaimable:      32932 kB\u000aSUnreclaim:        10264 kB\u000aKernelStack:        1152 kB\u000aPageTables:         1316 kB\u000aNFS_Unstable:          0 kB\u000aBounce:                0 kB\u000aWritebackTmp:          0 kB\u000aCommitLimit:      858592 kB\u000aCommitted_AS:     251688 kB\u000aVmallocTotal:   34359738367 kB\u000aVmallocUsed:           0 kB\u000aVmallocChunk:          0 kB\u000aAnonHugePages:         0 kB\u000aShmemHugePages:        0 kB\u000aShmemPmdMapped:        0 kB\u000aHugePages_Total:       0\u000aHugePages_Free:        0\u000aHugePages_Rsvd:        0\u000aHugePages_Surp:        0\u000aHugepagesize:       2048 kB\u000aDirectMap4k:       21504 kB\u000aDirectMap2M:     1740800 kB\u000a
p311
ssVstatus_key
p312
Vpywren.jobs/44b5c39d-448e-4d4f-aa52-f69c22778abd/00006/status.json
p313
sVend_time
p314
F1609154204.1351299
sVlog_group_name
p315
V/aws/lambda/pywren_redis_2
p316
sVdata_key
p317
Vpywren.jobs/44b5c39d-448e-4d4f-aa52-f69c22778abd/aggdata.pickle
p318
sa(dp319
Vcallset_id
p320
V44b5c39d-448e-4d4f-aa52-f69c22778abd
p321
sVlog_stream_name
p322
V2020/12/28/[$LATEST]9fa27c6ac7634a529e5cb98669e9bc28
p323
sVstdout
p324
V
sVfunc_key
p325
Vpywren.jobs/44b5c39d-448e-4d4f-aa52-f69c22778abd/func.pickle
p326
sVfree_disk_bytes
p327
I538333184
sVruntime_cached
p328
I00
sVretcode
p329
I0
sVcall_id
p330
V00007
p331
sVoutput_key
p332
Vpywren.jobs/44b5c39d-448e-4d4f-aa52-f69c22778abd/00007/output.pickle
p333
sVruntime_s3_key_used
p334
V746ea6-pywren.runtimes/default_2.7.tar.gz.0006
p335
sVaws_request_id
p336
V45ef1384-24fc-4ee7-994b-5aacbbd8226f
p337
sVexec_time
p338
F76.379801988601685
sVstart_time
p339
F1609154131.663969
sVsetup_time
p340
F7.0991020202636719
sVruntime_s3_bucket_used
p341
Vpywren-runtimes-public-us-west-2
p342
sVexception
p343
NsVhost_submit_time
p344
F1609154130.951628
sVserver_info
p345
(dp346
Vuname
p347
V('Linux', '169.254.222.93', '4.14.203-112.332.amzn2.x86_64', '#1 SMP Wed Nov 4 20:46:34 UTC 2020', 'x86_64', 'x86_64')
p348
sV/proc/self/cgroup
p349
VMemTotal:        1717184 kB\u000aMemFree:         1118556 kB\u000aMemAvailable:    1486260 kB\u000aBuffers:           17840 kB\u000aCached:           464124 kB\u000aSwapCached:            0 kB\u000aActive:            95036 kB\u000aInactive:         447904 kB\u000aActive(anon):      60968 kB\u000aInactive(anon):      216 kB\u000aActive(file):      34068 kB\u000aInactive(file):   447688 kB\u000aUnevictable:           0 kB\u000aMlocked:               0 kB\u000aSwapTotal:             0 kB\u000aSwapFree:              0 kB\u000aDirty:               220 kB\u000aWriteback:             0 kB\u000aAnonPages:         60964 kB\u000aMapped:            35208 kB\u000aShmem:               220 kB\u000aSlab:              43168 kB\u000aSReclaimable:      32912 kB\u000aSUnreclaim:        10256 kB\u000aKernelStack:        1168 kB\u000aPageTables:         1348 kB\u000aNFS_Unstable:          0 kB\u000aBounce:                0 kB\u000aWritebackTmp:          0 kB\u000aCommitLimit:      858592 kB\u000aCommitted_AS:     253644 kB\u000aVmallocTotal:   34359738367 kB\u000aVmallocUsed:           0 kB\u000aVmallocChunk:          0 kB\u000aAnonHugePages:         0 kB\u000aShmemHugePages:        0 kB\u000aShmemPmdMapped:        0 kB\u000aHugePages_Total:       0\u000aHugePages_Free:        0\u000aHugePages_Rsvd:        0\u000aHugePages_Surp:        0\u000aHugepagesize:       2048 kB\u000aDirectMap4k:       21504 kB\u000aDirectMap2M:     1740800 kB\u000a
p350
sV/proc/cgroups
p351
V#subsys_name	hierarchy	num_cgroups	enabled\u000acpuset	6	1	1\u000acpu	5	5	1\u000acpuacct	5	5	1\u000ablkio	9	1	1\u000amemory	4	5	1\u000adevices	11	1	1\u000afreezer	3	2	1\u000anet_cls	7	1	1\u000aperf_event	2	1	1\u000anet_prio	7	1	1\u000ahugetlb	8	1	1\u000apids	10	1	1\u000a
p352
sV/proc/cpuinfo
p353
Vprocessor	: 0\u000avendor_id	: GenuineIntel\u000acpu family	: 6\u000amodel		: 63\u000amodel name	: Intel(R) Xeon(R) Processor @ 2.50GHz\u000astepping	: 2\u000amicrocode	: 0x1\u000acpu MHz		: 2500.010\u000acache size	: 36608 KB\u000aphysical id	: 0\u000asiblings	: 2\u000acore id		: 0\u000acpu cores	: 2\u000aapicid		: 0\u000ainitial apicid	: 0\u000afpu		: yes\u000afpu_exception	: yes\u000acpuid level	: 13\u000awp		: yes\u000aflags		: fpu vme de pse tsc msr pae mce cx8 apic sep mtrr pge mca cmov pat pse36 clflush mmx fxsr sse sse2 ht syscall nx rdtscp lm constant_tsc rep_good nopl xtopology nonstop_tsc cpuid tsc_known_freq pni pclmulqdq ssse3 fma cx16 pcid sse4_1 sse4_2 x2apic movbe popcnt tsc_deadline_timer aes xsave avx f16c rdrand hypervisor lahf_lm abm cpuid_fault invpcid_single ssbd ibrs ibpb stibp ibrs_enhanced fsgsbase tsc_adjust bmi1 avx2 smep bmi2 erms invpcid smap xsaveopt arat md_clear arch_capabilities\u000abugs		: spectre_v1 spectre_v2 spec_store_bypass swapgs\u000abogomips	: 5000.02\u000aclflush size	: 64\u000acache_alignment	: 64\u000aaddress sizes	: 46 bits physical, 48 bits virtual\u000apower management:\u000a\u000aprocessor	: 1\u000avendor_id	: GenuineIntel\u000acpu family	: 6\u000amodel		: 63\u000amodel name	: Intel(R) Xeon(R) Processor @ 2.50GHz\u000astepping	: 2\u000amicrocode	: 0x1\u000acpu MHz		: 2500.010\u000acache size	: 36608 KB\u000aphysical id	: 0\u000asiblings	: 2\u000acore id		: 1\u000acpu cores	: 2\u000aapicid		: 1\u000ainitial apicid	: 1\u000afpu		: yes\u000afpu_exception	: yes\u000acpuid level	: 13\u000awp		: yes\u000aflags		: fpu vme de pse tsc msr pae mce cx8 apic sep mtrr pge mca cmov pat pse36 clflush mmx fxsr sse sse2 ht syscall nx rdtscp lm constant_tsc rep_good nopl xtopology nonstop_tsc cpuid tsc_known_freq pni pclmulqdq ssse3 fma cx16 pcid sse4_1 sse4_2 x2apic movbe popcnt tsc_deadline_timer aes xsave avx f16c rdrand hypervisor lahf_lm abm cpuid_fault invpcid_single ssbd ibrs ibpb stibp ibrs_enhanced fsgsbase tsc_adjust bmi1 avx2 smep bmi2 erms invpcid smap xsaveopt arat md_clear arch_capabilities\u000abugs		: spectre_v1 spectre_v2 spec_store_bypass swapgs\u000abogomips	: 5000.02\u000aclflush size	: 64\u000acache_alignment	: 64\u000aaddress sizes	: 46 bits physical, 48 bits virtual\u000apower management:\u000a\u000a
p354
sV/proc/meminfo
p355
VMemTotal:        1717184 kB\u000aMemFree:         1118556 kB\u000aMemAvailable:    1486260 kB\u000aBuffers:           17840 kB\u000aCached:           464124 kB\u000aSwapCached:            0 kB\u000aActive:            95036 kB\u000aInactive:         447904 kB\u000aActive(anon):      60968 kB\u000aInactive(anon):      216 kB\u000aActive(file):      34068 kB\u000aInactive(file):   447688 kB\u000aUnevictable:           0 kB\u000aMlocked:               0 kB\u000aSwapTotal:             0 kB\u000aSwapFree:              0 kB\u000aDirty:               220 kB\u000aWriteback:             0 kB\u000aAnonPages:         60964 kB\u000aMapped:            35208 kB\u000aShmem:               220 kB\u000aSlab:              43168 kB\u000aSReclaimable:      32912 kB\u000aSUnreclaim:        10256 kB\u000aKernelStack:        1168 kB\u000aPageTables:         1348 kB\u000aNFS_Unstable:          0 kB\u000aBounce:                0 kB\u000aWritebackTmp:          0 kB\u000aCommitLimit:      858592 kB\u000aCommitted_AS:     253644 kB\u000aVmallocTotal:   34359738367 kB\u000aVmallocUsed:           0 kB\u000aVmallocChunk:          0 kB\u000aAnonHugePages:         0 kB\u000aShmemHugePages:        0 kB\u000aShmemPmdMapped:        0 kB\u000aHugePages_Total:       0\u000aHugePages_Free:        0\u000aHugePages_Rsvd:        0\u000aHugePages_Surp:        0\u000aHugepagesize:       2048 kB\u000aDirectMap4k:       21504 kB\u000aDirectMap2M:     1740800 kB\u000a
p356
ssVstatus_key
p357
Vpywren.jobs/44b5c39d-448e-4d4f-aa52-f69c22778abd/00007/status.json
p358
sVend_time
p359
F1609154215.1428659
sVlog_group_name
p360
V/aws/lambda/pywren_redis_2
p361
sVdata_key
p362
Vpywren.jobs/44b5c39d-448e-4d4f-aa52-f69c22778abd/aggdata.pickle
p363
sa(dp364
Vcallset_id
p365
V44b5c39d-448e-4d4f-aa52-f69c22778abd
p366
sVlog_stream_name
p367
V2020/12/28/[$LATEST]27c030321171469e98fc503eebe1946e
p368
sVstdout
p369
V
sVfunc_key
p370
Vpywren.jobs/44b5c39d-448e-4d4f-aa52-f69c22778abd/func.pickle
p371
sVfree_disk_bytes
p372
I538333184
sVruntime_cached
p373
I00
sVretcode
p374
I0
sVcall_id
p375
V00008
p376
sVoutput_key
p377
Vpywren.jobs/44b5c39d-448e-4d4f-aa52-f69c22778abd/00008/output.pickle
p378
sVruntime_s3_key_used
p379
Va6df23-pywren.runtimes/default_2.7.tar.gz.0071
p380
sVaws_request_id
p381
V90382717-346b-4d71-a1ca-0168822666e9
p382
sVexec_time
p383
F63.042865991592407
sVstart_time
p384
F1609154131.676033
sVsetup_time
p385
F6.9842309951782227
sVruntime_s3_bucket_used
p386
Vpywren-runtimes-public-us-west-2
p387
sVexception
p388
NsVhost_submit_time
p389
F1609154130.956696
sVserver_info
p390
(dp391
Vuname
p392
V('Linux', '169.254.135.53', '4.14.203-112.332.amzn2.x86_64', '#1 SMP Wed Nov 4 20:46:34 UTC 2020', 'x86_64', 'x86_64')
p393
sV/proc/self/cgroup
p394
VMemTotal:        1717184 kB\u000aMemFree:         1118472 kB\u000aMemAvailable:    1486076 kB\u000aBuffers:           17408 kB\u000aCached:           464460 kB\u000aSwapCached:            0 kB\u000aActive:            94944 kB\u000aInactive:         447812 kB\u000aActive(anon):      60880 kB\u000aInactive(anon):      216 kB\u000aActive(file):      34064 kB\u000aInactive(file):   447596 kB\u000aUnevictable:           0 kB\u000aMlocked:               0 kB\u000aSwapTotal:             0 kB\u000aSwapFree:              0 kB\u000aDirty:               128 kB\u000aWriteback:             0 kB\u000aAnonPages:         60888 kB\u000aMapped:            34992 kB\u000aShmem:               220 kB\u000aSlab:              43424 kB\u000aSReclaimable:      32904 kB\u000aSUnreclaim:        10520 kB\u000aKernelStack:        1152 kB\u000aPageTables:         1332 kB\u000aNFS_Unstable:          0 kB\u000aBounce:                0 kB\u000aWritebackTmp:          0 kB\u000aCommitLimit:      858592 kB\u000aCommitted_AS:     251624 kB\u000aVmallocTotal:   34359738367 kB\u000aVmallocUsed:           0 kB\u000aVmallocChunk:          0 kB\u000aAnonHugePages:         0 kB\u000aShmemHugePages:        0 kB\u000aShmemPmdMapped:        0 kB\u000aHugePages_Total:       0\u000aHugePages_Free:        0\u000aHugePages_Rsvd:        0\u000aHugePages_Surp:        0\u000aHugepagesize:       2048 kB\u000aDirectMap4k:       19456 kB\u000aDirectMap2M:     1742848 kB\u000a
p395
sV/proc/cgroups
p396
V#subsys_name	hierarchy	num_cgroups	enabled\u000acpuset	5	1	1\u000acpu	3	5	1\u000acpuacct	3	5	1\u000ablkio	2	1	1\u000amemory	10	5	1\u000adevices	9	1	1\u000afreezer	11	2	1\u000anet_cls	8	1	1\u000aperf_event	4	1	1\u000anet_prio	8	1	1\u000ahugetlb	6	1	1\u000apids	7	1	1\u000a
p397
sV/proc/cpuinfo
p398
Vprocessor	: 0\u000avendor_id	: GenuineIntel\u000acpu family	: 6\u000amodel		: 63\u000amodel name	: Intel(R) Xeon(R) Processor @ 2.50GHz\u000astepping	: 2\u000amicrocode	: 0x1\u000acpu MHz		: 2500.012\u000acache size	: 36608 KB\u000aphysical id	: 0\u000asiblings	: 2\u000acore id		: 0\u000acpu cores	: 2\u000aapicid		: 0\u000ainitial apicid	: 0\u000afpu		: yes\u000afpu_exception	: yes\u000acpuid level	: 13\u000awp		: yes\u000aflags		: fpu vme de pse tsc msr pae mce cx8 apic sep mtrr pge mca cmov pat pse36 clflush mmx fxsr sse sse2 ht syscall nx rdtscp lm constant_tsc rep_good nopl xtopology nonstop_tsc cpuid tsc_known_freq pni pclmulqdq ssse3 fma cx16 pcid sse4_1 sse4_2 x2apic movbe popcnt tsc_deadline_timer aes xsave avx f16c rdrand hypervisor lahf_lm abm cpuid_fault invpcid_single ssbd ibrs ibpb stibp ibrs_enhanced fsgsbase tsc_adjust bmi1 avx2 smep bmi2 erms invpcid smap xsaveopt arat md_clear arch_capabilities\u000abugs		: spectre_v1 spectre_v2 spec_store_bypass swapgs\u000abogomips	: 5000.02\u000aclflush size	: 64\u000acache_alignment	: 64\u000aaddress sizes	: 46 bits physical, 48 bits virtual\u000apower management:\u000a\u000aprocessor	: 1\u000avendor_id	: GenuineIntel\u000acpu family	: 6\u000amodel		: 63\u000amodel name	: Intel(R) Xeon(R) Processor @ 2.50GHz\u000astepping	: 2\u000amicrocode	: 0x1\u000acpu MHz		: 2500.012\u000acache size	: 36608 KB\u000aphysical id	: 0\u000asiblings	: 2\u000acore id		: 1\u000acpu cores	: 2\u000aapicid		: 1\u000ainitial apicid	: 1\u000afpu		: yes\u000afpu_exception	: yes\u000acpuid level	: 13\u000awp		: yes\u000aflags		: fpu vme de pse tsc msr pae mce cx8 apic sep mtrr pge mca cmov pat pse36 clflush mmx fxsr sse sse2 ht syscall nx rdtscp lm constant_tsc rep_good nopl xtopology nonstop_tsc cpuid tsc_known_freq pni pclmulqdq ssse3 fma cx16 pcid sse4_1 sse4_2 x2apic movbe popcnt tsc_deadline_timer aes xsave avx f16c rdrand hypervisor lahf_lm abm cpuid_fault invpcid_single ssbd ibrs ibpb stibp ibrs_enhanced fsgsbase tsc_adjust bmi1 avx2 smep bmi2 erms invpcid smap xsaveopt arat md_clear arch_capabilities\u000abugs		: spectre_v1 spectre_v2 spec_store_bypass swapgs\u000abogomips	: 5000.02\u000aclflush size	: 64\u000acache_alignment	: 64\u000aaddress sizes	: 46 bits physical, 48 bits virtual\u000apower management:\u000a\u000a
p399
sV/proc/meminfo
p400
VMemTotal:        1717184 kB\u000aMemFree:         1118472 kB\u000aMemAvailable:    1486076 kB\u000aBuffers:           17408 kB\u000aCached:           464460 kB\u000aSwapCached:            0 kB\u000aActive:            94944 kB\u000aInactive:         447812 kB\u000aActive(anon):      60880 kB\u000aInactive(anon):      216 kB\u000aActive(file):      34064 kB\u000aInactive(file):   447596 kB\u000aUnevictable:           0 kB\u000aMlocked:               0 kB\u000aSwapTotal:             0 kB\u000aSwapFree:              0 kB\u000aDirty:               128 kB\u000aWriteback:             0 kB\u000aAnonPages:         60888 kB\u000aMapped:            34992 kB\u000aShmem:               220 kB\u000aSlab:              43424 kB\u000aSReclaimable:      32904 kB\u000aSUnreclaim:        10520 kB\u000aKernelStack:        1152 kB\u000aPageTables:         1332 kB\u000aNFS_Unstable:          0 kB\u000aBounce:                0 kB\u000aWritebackTmp:          0 kB\u000aCommitLimit:      858592 kB\u000aCommitted_AS:     251624 kB\u000aVmallocTotal:   34359738367 kB\u000aVmallocUsed:           0 kB\u000aVmallocChunk:          0 kB\u000aAnonHugePages:         0 kB\u000aShmemHugePages:        0 kB\u000aShmemPmdMapped:        0 kB\u000aHugePages_Total:       0\u000aHugePages_Free:        0\u000aHugePages_Rsvd:        0\u000aHugePages_Surp:        0\u000aHugepagesize:       2048 kB\u000aDirectMap4k:       19456 kB\u000aDirectMap2M:     1742848 kB\u000a
p401
ssVstatus_key
p402
Vpywren.jobs/44b5c39d-448e-4d4f-aa52-f69c22778abd/00008/status.json
p403
sVend_time
p404
F1609154201.703125
sVlog_group_name
p405
V/aws/lambda/pywren_redis_2
p406
sVdata_key
p407
Vpywren.jobs/44b5c39d-448e-4d4f-aa52-f69c22778abd/aggdata.pickle
p408
sa(dp409
Vcallset_id
p410
V44b5c39d-448e-4d4f-aa52-f69c22778abd
p411
sVlog_stream_name
p412
V2020/12/28/[$LATEST]567de5a6b01b4264958dc0d269aeb638
p413
sVstdout
p414
V
sVfunc_key
p415
Vpywren.jobs/44b5c39d-448e-4d4f-aa52-f69c22778abd/func.pickle
p416
sVfree_disk_bytes
p417
I538333184
sVruntime_cached
p418
I00
sVretcode
p419
I0
sVcall_id
p420
V00009
p421
sVoutput_key
p422
Vpywren.jobs/44b5c39d-448e-4d4f-aa52-f69c22778abd/00009/output.pickle
p423
sVruntime_s3_key_used
p424
Ve4d51b-pywren.runtimes/default_2.7.tar.gz.0008
p425
sVaws_request_id
p426
V3dc4bef3-eb54-46b5-91c8-12c996daaebc
p427
sVexec_time
p428
F62.237024068832397
sVstart_time
p429
F1609154131.6885641
sVsetup_time
p430
F7.0301849842071533
sVruntime_s3_bucket_used
p431
Vpywren-runtimes-public-us-west-2
p432
sVexception
p433
NsVhost_submit_time
p434
F1609154130.9634969
sVserver_info
p435
(dp436
Vuname
p437
V('Linux', '169.254.242.245', '4.14.203-112.332.amzn2.x86_64', '#1 SMP Wed Nov 4 20:46:34 UTC 2020', 'x86_64', 'x86_64')
p438
sV/proc/self/cgroup
p439
VMemTotal:        1717184 kB\u000aMemFree:         1118020 kB\u000aMemAvailable:    1484820 kB\u000aBuffers:           17236 kB\u000aCached:           463764 kB\u000aSwapCached:            0 kB\u000aActive:            94544 kB\u000aInactive:         447768 kB\u000aActive(anon):      61304 kB\u000aInactive(anon):      216 kB\u000aActive(file):      33240 kB\u000aInactive(file):   447552 kB\u000aUnevictable:           0 kB\u000aMlocked:               0 kB\u000aSwapTotal:             0 kB\u000aSwapFree:              0 kB\u000aDirty:               372 kB\u000aWriteback:             0 kB\u000aAnonPages:         61300 kB\u000aMapped:            35100 kB\u000aShmem:               220 kB\u000aSlab:              43876 kB\u000aSReclaimable:      33032 kB\u000aSUnreclaim:        10844 kB\u000aKernelStack:        1168 kB\u000aPageTables:         1340 kB\u000aNFS_Unstable:          0 kB\u000aBounce:                0 kB\u000aWritebackTmp:          0 kB\u000aCommitLimit:      858592 kB\u000aCommitted_AS:     253804 kB\u000aVmallocTotal:   34359738367 kB\u000aVmallocUsed:           0 kB\u000aVmallocChunk:          0 kB\u000aAnonHugePages:         0 kB\u000aShmemHugePages:        0 kB\u000aShmemPmdMapped:        0 kB\u000aHugePages_Total:       0\u000aHugePages_Free:        0\u000aHugePages_Rsvd:        0\u000aHugePages_Surp:        0\u000aHugepagesize:       2048 kB\u000aDirectMap4k:       19456 kB\u000aDirectMap2M:     1742848 kB\u000a
p440
sV/proc/cgroups
p441
V#subsys_name	hierarchy	num_cgroups	enabled\u000acpuset	2	1	1\u000acpu	4	5	1\u000acpuacct	4	5	1\u000ablkio	8	1	1\u000amemory	10	5	1\u000adevices	9	1	1\u000afreezer	6	2	1\u000anet_cls	5	1	1\u000aperf_event	3	1	1\u000anet_prio	5	1	1\u000ahugetlb	11	1	1\u000apids	7	1	1\u000a
p442
sV/proc/cpuinfo
p443
Vprocessor	: 0\u000avendor_id	: GenuineIntel\u000acpu family	: 6\u000amodel		: 63\u000amodel name	: Intel(R) Xeon(R) Processor @ 2.50GHz\u000astepping	: 2\u000amicrocode	: 0x1\u000acpu MHz		: 2500.012\u000acache size	: 36608 KB\u000aphysical id	: 0\u000asiblings	: 2\u000acore id		: 0\u000acpu cores	: 2\u000aapicid		: 0\u000ainitial apicid	: 0\u000afpu		: yes\u000afpu_exception	: yes\u000acpuid level	: 13\u000awp		: yes\u000aflags		: fpu vme de pse tsc msr pae mce cx8 apic sep mtrr pge mca cmov pat pse36 clflush mmx fxsr sse sse2 ht syscall nx rdtscp lm constant_tsc rep_good nopl xtopology nonstop_tsc cpuid tsc_known_freq pni pclmulqdq ssse3 fma cx16 pcid sse4_1 sse4_2 x2apic movbe popcnt tsc_deadline_timer aes xsave avx f16c rdrand hypervisor lahf_lm abm cpuid_fault invpcid_single ssbd ibrs ibpb stibp ibrs_enhanced fsgsbase tsc_adjust bmi1 avx2 smep bmi2 erms invpcid smap xsaveopt arat md_clear arch_capabilities\u000abugs		: spectre_v1 spectre_v2 spec_store_bypass swapgs\u000abogomips	: 5000.02\u000aclflush size	: 64\u000acache_alignment	: 64\u000aaddress sizes	: 46 bits physical, 48 bits virtual\u000apower management:\u000a\u000aprocessor	: 1\u000avendor_id	: GenuineIntel\u000acpu family	: 6\u000amodel		: 63\u000amodel name	: Intel(R) Xeon(R) Processor @ 2.50GHz\u000astepping	: 2\u000amicrocode	: 0x1\u000acpu MHz		: 2500.012\u000acache size	: 36608 KB\u000aphysical id	: 0\u000asiblings	: 2\u000acore id		: 1\u000acpu cores	: 2\u000aapicid		: 1\u000ainitial apicid	: 1\u000afpu		: yes\u000afpu_exception	: yes\u000acpuid level	: 13\u000awp		: yes\u000aflags		: fpu vme de pse tsc msr pae mce cx8 apic sep mtrr pge mca cmov pat pse36 clflush mmx fxsr sse sse2 ht syscall nx rdtscp lm constant_tsc rep_good nopl xtopology nonstop_tsc cpuid tsc_known_freq pni pclmulqdq ssse3 fma cx16 pcid sse4_1 sse4_2 x2apic movbe popcnt tsc_deadline_timer aes xsave avx f16c rdrand hypervisor lahf_lm abm cpuid_fault invpcid_single ssbd ibrs ibpb stibp ibrs_enhanced fsgsbase tsc_adjust bmi1 avx2 smep bmi2 erms invpcid smap xsaveopt arat md_clear arch_capabilities\u000abugs		: spectre_v1 spectre_v2 spec_store_bypass swapgs\u000abogomips	: 5000.02\u000aclflush size	: 64\u000acache_alignment	: 64\u000aaddress sizes	: 46 bits physical, 48 bits virtual\u000apower management:\u000a\u000a
p444
sV/proc/meminfo
p445
VMemTotal:        1717184 kB\u000aMemFree:         1118020 kB\u000aMemAvailable:    1484820 kB\u000aBuffers:           17236 kB\u000aCached:           463764 kB\u000aSwapCached:            0 kB\u000aActive:            94544 kB\u000aInactive:         447768 kB\u000aActive(anon):      61304 kB\u000aInactive(anon):      216 kB\u000aActive(file):      33240 kB\u000aInactive(file):   447552 kB\u000aUnevictable:           0 kB\u000aMlocked:               0 kB\u000aSwapTotal:             0 kB\u000aSwapFree:              0 kB\u000aDirty:               372 kB\u000aWriteback:             0 kB\u000aAnonPages:         61300 kB\u000aMapped:            35100 kB\u000aShmem:               220 kB\u000aSlab:              43876 kB\u000aSReclaimable:      33032 kB\u000aSUnreclaim:        10844 kB\u000aKernelStack:        1168 kB\u000aPageTables:         1340 kB\u000aNFS_Unstable:          0 kB\u000aBounce:                0 kB\u000aWritebackTmp:          0 kB\u000aCommitLimit:      858592 kB\u000aCommitted_AS:     253804 kB\u000aVmallocTotal:   34359738367 kB\u000aVmallocUsed:           0 kB\u000aVmallocChunk:          0 kB\u000aAnonHugePages:         0 kB\u000aShmemHugePages:        0 kB\u000aShmemPmdMapped:        0 kB\u000aHugePages_Total:       0\u000aHugePages_Free:        0\u000aHugePages_Rsvd:        0\u000aHugePages_Surp:        0\u000aHugepagesize:       2048 kB\u000aDirectMap4k:       19456 kB\u000aDirectMap2M:     1742848 kB\u000a
p446
ssVstatus_key
p447
Vpywren.jobs/44b5c39d-448e-4d4f-aa52-f69c22778abd/00009/status.json
p448
sVend_time
p449
F1609154200.9557681
sVlog_group_name
p450
V/aws/lambda/pywren_redis_2
p451
sVdata_key
p452
Vpywren.jobs/44b5c39d-448e-4d4f-aa52-f69c22778abd/aggdata.pickle
p453
sa(dp454
Vcallset_id
p455
V44b5c39d-448e-4d4f-aa52-f69c22778abd
p456
sVlog_stream_name
p457
V2020/12/28/[$LATEST]a9ecbb26b4c74f9794e80c989e8d791f
p458
sVstdout
p459
V
sVfunc_key
p460
Vpywren.jobs/44b5c39d-448e-4d4f-aa52-f69c22778abd/func.pickle
p461
sVfree_disk_bytes
p462
I538333184
sVruntime_cached
p463
I00
sVretcode
p464
I0
sVcall_id
p465
V00010
p466
sVoutput_key
p467
Vpywren.jobs/44b5c39d-448e-4d4f-aa52-f69c22778abd/00010/output.pickle
p468
sVruntime_s3_key_used
p469
V1c4bf7-pywren.runtimes/default_2.7.tar.gz.0019
p470
sVaws_request_id
p471
Vaeb7be96-9b9a-41fb-baef-90d1378c5042
p472
sVexec_time
p473
F84.372573852539062
sVstart_time
p474
F1609154131.626406
sVsetup_time
p475
F6.8965871334075928
sVruntime_s3_bucket_used
p476
Vpywren-runtimes-public-us-west-2
p477
sVexception
p478
NsVhost_submit_time
p479
F1609154130.9690731
sVserver_info
p480
(dp481
Vuname
p482
V('Linux', '169.254.238.69', '4.14.203-112.332.amzn2.x86_64', '#1 SMP Wed Nov 4 20:46:34 UTC 2020', 'x86_64', 'x86_64')
p483
sV/proc/self/cgroup
p484
VMemTotal:        1717184 kB\u000aMemFree:         1121852 kB\u000aMemAvailable:    1486168 kB\u000aBuffers:           16924 kB\u000aCached:           461628 kB\u000aSwapCached:            0 kB\u000aActive:            93184 kB\u000aInactive:         445816 kB\u000aActive(anon):      60452 kB\u000aInactive(anon):      212 kB\u000aActive(file):      32732 kB\u000aInactive(file):   445604 kB\u000aUnevictable:           0 kB\u000aMlocked:               0 kB\u000aSwapTotal:             0 kB\u000aSwapFree:              0 kB\u000aDirty:                 8 kB\u000aWriteback:             0 kB\u000aAnonPages:         60396 kB\u000aMapped:            35216 kB\u000aShmem:               220 kB\u000aSlab:              43424 kB\u000aSReclaimable:      32972 kB\u000aSUnreclaim:        10452 kB\u000aKernelStack:        1144 kB\u000aPageTables:         1296 kB\u000aNFS_Unstable:          0 kB\u000aBounce:                0 kB\u000aWritebackTmp:          0 kB\u000aCommitLimit:      858592 kB\u000aCommitted_AS:     251692 kB\u000aVmallocTotal:   34359738367 kB\u000aVmallocUsed:           0 kB\u000aVmallocChunk:          0 kB\u000aAnonHugePages:         0 kB\u000aShmemHugePages:        0 kB\u000aShmemPmdMapped:        0 kB\u000aHugePages_Total:       0\u000aHugePages_Free:        0\u000aHugePages_Rsvd:        0\u000aHugePages_Surp:        0\u000aHugepagesize:       2048 kB\u000aDirectMap4k:       23552 kB\u000aDirectMap2M:     1738752 kB\u000a
p485
sV/proc/cgroups
p486
V#subsys_name	hierarchy	num_cgroups	enabled\u000acpuset	11	1	1\u000acpu	3	5	1\u000acpuacct	3	5	1\u000ablkio	2	1	1\u000amemory	8	5	1\u000adevices	4	1	1\u000afreezer	5	2	1\u000anet_cls	10	1	1\u000aperf_event	7	1	1\u000anet_prio	10	1	1\u000ahugetlb	6	1	1\u000apids	9	1	1\u000a
p487
sV/proc/cpuinfo
p488
Vprocessor	: 0\u000avendor_id	: GenuineIntel\u000acpu family	: 6\u000amodel		: 63\u000amodel name	: Intel(R) Xeon(R) Processor @ 2.50GHz\u000astepping	: 2\u000amicrocode	: 0x1\u000acpu MHz		: 2500.010\u000acache size	: 36608 KB\u000aphysical id	: 0\u000asiblings	: 2\u000acore id		: 0\u000acpu cores	: 2\u000aapicid		: 0\u000ainitial apicid	: 0\u000afpu		: yes\u000afpu_exception	: yes\u000acpuid level	: 13\u000awp		: yes\u000aflags		: fpu vme de pse tsc msr pae mce cx8 apic sep mtrr pge mca cmov pat pse36 clflush mmx fxsr sse sse2 ht syscall nx rdtscp lm constant_tsc rep_good nopl xtopology nonstop_tsc cpuid tsc_known_freq pni pclmulqdq ssse3 fma cx16 pcid sse4_1 sse4_2 x2apic movbe popcnt tsc_deadline_timer aes xsave avx f16c rdrand hypervisor lahf_lm abm cpuid_fault invpcid_single ssbd ibrs ibpb stibp ibrs_enhanced fsgsbase tsc_adjust bmi1 avx2 smep bmi2 erms invpcid smap xsaveopt arat md_clear arch_capabilities\u000abugs		: spectre_v1 spectre_v2 spec_store_bypass swapgs\u000abogomips	: 5000.02\u000aclflush size	: 64\u000acache_alignment	: 64\u000aaddress sizes	: 46 bits physical, 48 bits virtual\u000apower management:\u000a\u000aprocessor	: 1\u000avendor_id	: GenuineIntel\u000acpu family	: 6\u000amodel		: 63\u000amodel name	: Intel(R) Xeon(R) Processor @ 2.50GHz\u000astepping	: 2\u000amicrocode	: 0x1\u000acpu MHz		: 2500.010\u000acache size	: 36608 KB\u000aphysical id	: 0\u000asiblings	: 2\u000acore id		: 1\u000acpu cores	: 2\u000aapicid		: 1\u000ainitial apicid	: 1\u000afpu		: yes\u000afpu_exception	: yes\u000acpuid level	: 13\u000awp		: yes\u000aflags		: fpu vme de pse tsc msr pae mce cx8 apic sep mtrr pge mca cmov pat pse36 clflush mmx fxsr sse sse2 ht syscall nx rdtscp lm constant_tsc rep_good nopl xtopology nonstop_tsc cpuid tsc_known_freq pni pclmulqdq ssse3 fma cx16 pcid sse4_1 sse4_2 x2apic movbe popcnt tsc_deadline_timer aes xsave avx f16c rdrand hypervisor lahf_lm abm cpuid_fault invpcid_single ssbd ibrs ibpb stibp ibrs_enhanced fsgsbase tsc_adjust bmi1 avx2 smep bmi2 erms invpcid smap xsaveopt arat md_clear arch_capabilities\u000abugs		: spectre_v1 spectre_v2 spec_store_bypass swapgs\u000abogomips	: 5000.02\u000aclflush size	: 64\u000acache_alignment	: 64\u000aaddress sizes	: 46 bits physical, 48 bits virtual\u000apower management:\u000a\u000a
p489
sV/proc/meminfo
p490
VMemTotal:        1717184 kB\u000aMemFree:         1121852 kB\u000aMemAvailable:    1486168 kB\u000aBuffers:           16924 kB\u000aCached:           461628 kB\u000aSwapCached:            0 kB\u000aActive:            93184 kB\u000aInactive:         445816 kB\u000aActive(anon):      60452 kB\u000aInactive(anon):      212 kB\u000aActive(file):      32732 kB\u000aInactive(file):   445604 kB\u000aUnevictable:           0 kB\u000aMlocked:               0 kB\u000aSwapTotal:             0 kB\u000aSwapFree:              0 kB\u000aDirty:                 8 kB\u000aWriteback:             0 kB\u000aAnonPages:         60396 kB\u000aMapped:            35216 kB\u000aShmem:               220 kB\u000aSlab:              43424 kB\u000aSReclaimable:      32972 kB\u000aSUnreclaim:        10452 kB\u000aKernelStack:        1144 kB\u000aPageTables:         1296 kB\u000aNFS_Unstable:          0 kB\u000aBounce:                0 kB\u000aWritebackTmp:          0 kB\u000aCommitLimit:      858592 kB\u000aCommitted_AS:     251692 kB\u000aVmallocTotal:   34359738367 kB\u000aVmallocUsed:           0 kB\u000aVmallocChunk:          0 kB\u000aAnonHugePages:         0 kB\u000aShmemHugePages:        0 kB\u000aShmemPmdMapped:        0 kB\u000aHugePages_Total:       0\u000aHugePages_Free:        0\u000aHugePages_Rsvd:        0\u000aHugePages_Surp:        0\u000aHugepagesize:       2048 kB\u000aDirectMap4k:       23552 kB\u000aDirectMap2M:     1738752 kB\u000a
p491
ssVstatus_key
p492
Vpywren.jobs/44b5c39d-448e-4d4f-aa52-f69c22778abd/00010/status.json
p493
sVend_time
p494
F1609154222.89556
sVlog_group_name
p495
V/aws/lambda/pywren_redis_2
p496
sVdata_key
p497
Vpywren.jobs/44b5c39d-448e-4d4f-aa52-f69c22778abd/aggdata.pickle
p498
sa(dp499
Vcallset_id
p500
V44b5c39d-448e-4d4f-aa52-f69c22778abd
p501
sVlog_stream_name
p502
V2020/12/28/[$LATEST]47bb4c21ed8f491daa7d45d24648f518
p503
sVstdout
p504
V
sVfunc_key
p505
Vpywren.jobs/44b5c39d-448e-4d4f-aa52-f69c22778abd/func.pickle
p506
sVfree_disk_bytes
p507
I538333184
sVruntime_cached
p508
I00
sVretcode
p509
I0
sVcall_id
p510
V00011
p511
sVoutput_key
p512
Vpywren.jobs/44b5c39d-448e-4d4f-aa52-f69c22778abd/00011/output.pickle
p513
sVruntime_s3_key_used
p514
Vd37123-pywren.runtimes/default_2.7.tar.gz.0060
p515
sVaws_request_id
p516
V3966b7d1-6481-4512-aa99-a96b3b2fdfbe
p517
sVexec_time
p518
F72.404903173446655
sVstart_time
p519
F1609154131.8220561
sVsetup_time
p520
F7.3417198657989502
sVruntime_s3_bucket_used
p521
Vpywren-runtimes-public-us-west-2
p522
sVexception
p523
NsVhost_submit_time
p524
F1609154130.975589
sVserver_info
p525
(dp526
Vuname
p527
V('Linux', '169.254.223.133', '4.14.203-112.332.amzn2.x86_64', '#1 SMP Wed Nov 4 20:46:34 UTC 2020', 'x86_64', 'x86_64')
p528
sV/proc/self/cgroup
p529
VMemTotal:        1717184 kB\u000aMemFree:         1121784 kB\u000aMemAvailable:    1486432 kB\u000aBuffers:           14764 kB\u000aCached:           464172 kB\u000aSwapCached:            0 kB\u000aActive:            93056 kB\u000aInactive:         446912 kB\u000aActive(anon):      61024 kB\u000aInactive(anon):      216 kB\u000aActive(file):      32032 kB\u000aInactive(file):   446696 kB\u000aUnevictable:           0 kB\u000aMlocked:               0 kB\u000aSwapTotal:             0 kB\u000aSwapFree:              0 kB\u000aDirty:               156 kB\u000aWriteback:             0 kB\u000aAnonPages:         61024 kB\u000aMapped:            34180 kB\u000aShmem:               220 kB\u000aSlab:              42980 kB\u000aSReclaimable:      32852 kB\u000aSUnreclaim:        10128 kB\u000aKernelStack:        1152 kB\u000aPageTables:         1320 kB\u000aNFS_Unstable:          0 kB\u000aBounce:                0 kB\u000aWritebackTmp:          0 kB\u000aCommitLimit:      858592 kB\u000aCommitted_AS:     251700 kB\u000aVmallocTotal:   34359738367 kB\u000aVmallocUsed:           0 kB\u000aVmallocChunk:          0 kB\u000aAnonHugePages:         0 kB\u000aShmemHugePages:        0 kB\u000aShmemPmdMapped:        0 kB\u000aHugePages_Total:       0\u000aHugePages_Free:        0\u000aHugePages_Rsvd:        0\u000aHugePages_Surp:        0\u000aHugepagesize:       2048 kB\u000aDirectMap4k:       23552 kB\u000aDirectMap2M:     1738752 kB\u000a
p530
sV/proc/cgroups
p531
V#subsys_name	hierarchy	num_cgroups	enabled\u000acpuset	6	1	1\u000acpu	2	5	1\u000acpuacct	2	5	1\u000ablkio	9	1	1\u000amemory	4	5	1\u000adevices	3	1	1\u000afreezer	11	2	1\u000anet_cls	5	1	1\u000aperf_event	10	1	1\u000anet_prio	5	1	1\u000ahugetlb	7	1	1\u000apids	8	1	1\u000a
p532
sV/proc/cpuinfo
p533
Vprocessor	: 0\u000avendor_id	: GenuineIntel\u000acpu family	: 6\u000amodel		: 63\u000amodel name	: Intel(R) Xeon(R) Processor @ 2.50GHz\u000astepping	: 2\u000amicrocode	: 0x1\u000acpu MHz		: 2500.010\u000acache size	: 36608 KB\u000aphysical id	: 0\u000asiblings	: 2\u000acore id		: 0\u000acpu cores	: 2\u000aapicid		: 0\u000ainitial apicid	: 0\u000afpu		: yes\u000afpu_exception	: yes\u000acpuid level	: 13\u000awp		: yes\u000aflags		: fpu vme de pse tsc msr pae mce cx8 apic sep mtrr pge mca cmov pat pse36 clflush mmx fxsr sse sse2 ht syscall nx rdtscp lm constant_tsc rep_good nopl xtopology nonstop_tsc cpuid tsc_known_freq pni pclmulqdq ssse3 fma cx16 pcid sse4_1 sse4_2 x2apic movbe popcnt tsc_deadline_timer aes xsave avx f16c rdrand hypervisor lahf_lm abm cpuid_fault invpcid_single ssbd ibrs ibpb stibp ibrs_enhanced fsgsbase tsc_adjust bmi1 avx2 smep bmi2 erms invpcid smap xsaveopt arat md_clear arch_capabilities\u000abugs		: spectre_v1 spectre_v2 spec_store_bypass swapgs\u000abogomips	: 5000.02\u000aclflush size	: 64\u000acache_alignment	: 64\u000aaddress sizes	: 46 bits physical, 48 bits virtual\u000apower management:\u000a\u000aprocessor	: 1\u000avendor_id	: GenuineIntel\u000acpu family	: 6\u000amodel		: 63\u000amodel name	: Intel(R) Xeon(R) Processor @ 2.50GHz\u000astepping	: 2\u000amicrocode	: 0x1\u000acpu MHz		: 2500.010\u000acache size	: 36608 KB\u000aphysical id	: 0\u000asiblings	: 2\u000acore id		: 1\u000acpu cores	: 2\u000aapicid		: 1\u000ainitial apicid	: 1\u000afpu		: yes\u000afpu_exception	: yes\u000acpuid level	: 13\u000awp		: yes\u000aflags		: fpu vme de pse tsc msr pae mce cx8 apic sep mtrr pge mca cmov pat pse36 clflush mmx fxsr sse sse2 ht syscall nx rdtscp lm constant_tsc rep_good nopl xtopology nonstop_tsc cpuid tsc_known_freq pni pclmulqdq ssse3 fma cx16 pcid sse4_1 sse4_2 x2apic movbe popcnt tsc_deadline_timer aes xsave avx f16c rdrand hypervisor lahf_lm abm cpuid_fault invpcid_single ssbd ibrs ibpb stibp ibrs_enhanced fsgsbase tsc_adjust bmi1 avx2 smep bmi2 erms invpcid smap xsaveopt arat md_clear arch_capabilities\u000abugs		: spectre_v1 spectre_v2 spec_store_bypass swapgs\u000abogomips	: 5000.02\u000aclflush size	: 64\u000acache_alignment	: 64\u000aaddress sizes	: 46 bits physical, 48 bits virtual\u000apower management:\u000a\u000a
p534
sV/proc/meminfo
p535
VMemTotal:        1717184 kB\u000aMemFree:         1121784 kB\u000aMemAvailable:    1486432 kB\u000aBuffers:           14764 kB\u000aCached:           464172 kB\u000aSwapCached:            0 kB\u000aActive:            93056 kB\u000aInactive:         446912 kB\u000aActive(anon):      61024 kB\u000aInactive(anon):      216 kB\u000aActive(file):      32032 kB\u000aInactive(file):   446696 kB\u000aUnevictable:           0 kB\u000aMlocked:               0 kB\u000aSwapTotal:             0 kB\u000aSwapFree:              0 kB\u000aDirty:               156 kB\u000aWriteback:             0 kB\u000aAnonPages:         61024 kB\u000aMapped:            34180 kB\u000aShmem:               220 kB\u000aSlab:              42980 kB\u000aSReclaimable:      32852 kB\u000aSUnreclaim:        10128 kB\u000aKernelStack:        1152 kB\u000aPageTables:         1320 kB\u000aNFS_Unstable:          0 kB\u000aBounce:                0 kB\u000aWritebackTmp:          0 kB\u000aCommitLimit:      858592 kB\u000aCommitted_AS:     251700 kB\u000aVmallocTotal:   34359738367 kB\u000aVmallocUsed:           0 kB\u000aVmallocChunk:          0 kB\u000aAnonHugePages:         0 kB\u000aShmemHugePages:        0 kB\u000aShmemPmdMapped:        0 kB\u000aHugePages_Total:       0\u000aHugePages_Free:        0\u000aHugePages_Rsvd:        0\u000aHugePages_Surp:        0\u000aHugepagesize:       2048 kB\u000aDirectMap4k:       23552 kB\u000aDirectMap2M:     1738752 kB\u000a
p536
ssVstatus_key
p537
Vpywren.jobs/44b5c39d-448e-4d4f-aa52-f69c22778abd/00011/status.json
p538
sVend_time
p539
F1609154211.5686719
sVlog_group_name
p540
V/aws/lambda/pywren_redis_2
p541
sVdata_key
p542
Vpywren.jobs/44b5c39d-448e-4d4f-aa52-f69c22778abd/aggdata.pickle
p543
sa(dp544
Vcallset_id
p545
V44b5c39d-448e-4d4f-aa52-f69c22778abd
p546
sVlog_stream_name
p547
V2020/12/28/[$LATEST]bf0ecfac47f7462d9c0dc76140dd607a
p548
sVstdout
p549
V
sVfunc_key
p550
Vpywren.jobs/44b5c39d-448e-4d4f-aa52-f69c22778abd/func.pickle
p551
sVfree_disk_bytes
p552
I538333184
sVruntime_cached
p553
I00
sVretcode
p554
I0
sVcall_id
p555
V00012
p556
sVoutput_key
p557
Vpywren.jobs/44b5c39d-448e-4d4f-aa52-f69c22778abd/00012/output.pickle
p558
sVruntime_s3_key_used
p559
V6ea717-pywren.runtimes/default_2.7.tar.gz.0076
p560
sVaws_request_id
p561
Vb9d5c830-c99b-4bc2-ac3a-db97cc4cdcfa
p562
sVexec_time
p563
F64.372576951980591
sVstart_time
p564
F1609154131.708118
sVsetup_time
p565
F7.099606990814209
sVruntime_s3_bucket_used
p566
Vpywren-runtimes-public-us-west-2
p567
sVexception
p568
NsVhost_submit_time
p569
F1609154130.9815421
sVserver_info
p570
(dp571
Vuname
p572
V('Linux', '169.254.20.237', '4.14.203-112.332.amzn2.x86_64', '#1 SMP Wed Nov 4 20:46:34 UTC 2020', 'x86_64', 'x86_64')
p573
sV/proc/self/cgroup
p574
VMemTotal:        1717184 kB\u000aMemFree:         1119880 kB\u000aMemAvailable:    1485948 kB\u000aBuffers:           17000 kB\u000aCached:           463256 kB\u000aSwapCached:            0 kB\u000aActive:            93680 kB\u000aInactive:         447324 kB\u000aActive(anon):      60740 kB\u000aInactive(anon):      216 kB\u000aActive(file):      32940 kB\u000aInactive(file):   447108 kB\u000aUnevictable:           0 kB\u000aMlocked:               0 kB\u000aSwapTotal:             0 kB\u000aSwapFree:              0 kB\u000aDirty:               360 kB\u000aWriteback:             0 kB\u000aAnonPages:         60736 kB\u000aMapped:            34960 kB\u000aShmem:               220 kB\u000aSlab:              43420 kB\u000aSReclaimable:      33052 kB\u000aSUnreclaim:        10368 kB\u000aKernelStack:        1152 kB\u000aPageTables:         1356 kB\u000aNFS_Unstable:          0 kB\u000aBounce:                0 kB\u000aWritebackTmp:          0 kB\u000aCommitLimit:      858592 kB\u000aCommitted_AS:     253812 kB\u000aVmallocTotal:   34359738367 kB\u000aVmallocUsed:           0 kB\u000aVmallocChunk:          0 kB\u000aAnonHugePages:         0 kB\u000aShmemHugePages:        0 kB\u000aShmemPmdMapped:        0 kB\u000aHugePages_Total:       0\u000aHugePages_Free:        0\u000aHugePages_Rsvd:        0\u000aHugePages_Surp:        0\u000aHugepagesize:       2048 kB\u000aDirectMap4k:       21504 kB\u000aDirectMap2M:     1740800 kB\u000a
p575
sV/proc/cgroups
p576
V#subsys_name	hierarchy	num_cgroups	enabled\u000acpuset	8	1	1\u000acpu	2	5	1\u000acpuacct	2	5	1\u000ablkio	6	1	1\u000amemory	9	5	1\u000adevices	5	1	1\u000afreezer	11	2	1\u000anet_cls	7	1	1\u000aperf_event	10	1	1\u000anet_prio	7	1	1\u000ahugetlb	4	1	1\u000apids	3	1	1\u000a
p577
sV/proc/cpuinfo
p578
Vprocessor	: 0\u000avendor_id	: GenuineIntel\u000acpu family	: 6\u000amodel		: 63\u000amodel name	: Intel(R) Xeon(R) Processor @ 2.50GHz\u000astepping	: 2\u000amicrocode	: 0x1\u000acpu MHz		: 2500.010\u000acache size	: 36608 KB\u000aphysical id	: 0\u000asiblings	: 2\u000acore id		: 0\u000acpu cores	: 2\u000aapicid		: 0\u000ainitial apicid	: 0\u000afpu		: yes\u000afpu_exception	: yes\u000acpuid level	: 13\u000awp		: yes\u000aflags		: fpu vme de pse tsc msr pae mce cx8 apic sep mtrr pge mca cmov pat pse36 clflush mmx fxsr sse sse2 ht syscall nx rdtscp lm constant_tsc rep_good nopl xtopology nonstop_tsc cpuid tsc_known_freq pni pclmulqdq ssse3 fma cx16 pcid sse4_1 sse4_2 x2apic movbe popcnt tsc_deadline_timer aes xsave avx f16c rdrand hypervisor lahf_lm abm cpuid_fault invpcid_single ssbd ibrs ibpb stibp ibrs_enhanced fsgsbase tsc_adjust bmi1 avx2 smep bmi2 erms invpcid smap xsaveopt arat md_clear arch_capabilities\u000abugs		: spectre_v1 spectre_v2 spec_store_bypass swapgs\u000abogomips	: 5000.02\u000aclflush size	: 64\u000acache_alignment	: 64\u000aaddress sizes	: 46 bits physical, 48 bits virtual\u000apower management:\u000a\u000aprocessor	: 1\u000avendor_id	: GenuineIntel\u000acpu family	: 6\u000amodel		: 63\u000amodel name	: Intel(R) Xeon(R) Processor @ 2.50GHz\u000astepping	: 2\u000amicrocode	: 0x1\u000acpu MHz		: 2500.010\u000acache size	: 36608 KB\u000aphysical id	: 0\u000asiblings	: 2\u000acore id		: 1\u000acpu cores	: 2\u000aapicid		: 1\u000ainitial apicid	: 1\u000afpu		: yes\u000afpu_exception	: yes\u000acpuid level	: 13\u000awp		: yes\u000aflags		: fpu vme de pse tsc msr pae mce cx8 apic sep mtrr pge mca cmov pat pse36 clflush mmx fxsr sse sse2 ht syscall nx rdtscp lm constant_tsc rep_good nopl xtopology nonstop_tsc cpuid tsc_known_freq pni pclmulqdq ssse3 fma cx16 pcid sse4_1 sse4_2 x2apic movbe popcnt tsc_deadline_timer aes xsave avx f16c rdrand hypervisor lahf_lm abm cpuid_fault invpcid_single ssbd ibrs ibpb stibp ibrs_enhanced fsgsbase tsc_adjust bmi1 avx2 smep bmi2 erms invpcid smap xsaveopt arat md_clear arch_capabilities\u000abugs		: spectre_v1 spectre_v2 spec_store_bypass swapgs\u000abogomips	: 5000.02\u000aclflush size	: 64\u000acache_alignment	: 64\u000aaddress sizes	: 46 bits physical, 48 bits virtual\u000apower management:\u000a\u000a
p579
sV/proc/meminfo
p580
VMemTotal:        1717184 kB\u000aMemFree:         1119880 kB\u000aMemAvailable:    1485948 kB\u000aBuffers:           17000 kB\u000aCached:           463256 kB\u000aSwapCached:            0 kB\u000aActive:            93680 kB\u000aInactive:         447324 kB\u000aActive(anon):      60740 kB\u000aInactive(anon):      216 kB\u000aActive(file):      32940 kB\u000aInactive(file):   447108 kB\u000aUnevictable:           0 kB\u000aMlocked:               0 kB\u000aSwapTotal:             0 kB\u000aSwapFree:              0 kB\u000aDirty:               360 kB\u000aWriteback:             0 kB\u000aAnonPages:         60736 kB\u000aMapped:            34960 kB\u000aShmem:               220 kB\u000aSlab:              43420 kB\u000aSReclaimable:      33052 kB\u000aSUnreclaim:        10368 kB\u000aKernelStack:        1152 kB\u000aPageTables:         1356 kB\u000aNFS_Unstable:          0 kB\u000aBounce:                0 kB\u000aWritebackTmp:          0 kB\u000aCommitLimit:      858592 kB\u000aCommitted_AS:     253812 kB\u000aVmallocTotal:   34359738367 kB\u000aVmallocUsed:           0 kB\u000aVmallocChunk:          0 kB\u000aAnonHugePages:         0 kB\u000aShmemHugePages:        0 kB\u000aShmemPmdMapped:        0 kB\u000aHugePages_Total:       0\u000aHugePages_Free:        0\u000aHugePages_Rsvd:        0\u000aHugePages_Surp:        0\u000aHugepagesize:       2048 kB\u000aDirectMap4k:       21504 kB\u000aDirectMap2M:     1740800 kB\u000a
p581
ssVstatus_key
p582
Vpywren.jobs/44b5c39d-448e-4d4f-aa52-f69c22778abd/00012/status.json
p583
sVend_time
p584
F1609154203.1802959
sVlog_group_name
p585
V/aws/lambda/pywren_redis_2
p586
sVdata_key
p587
Vpywren.jobs/44b5c39d-448e-4d4f-aa52-f69c22778abd/aggdata.pickle
p588
sa(dp589
Vcallset_id
p590
V44b5c39d-448e-4d4f-aa52-f69c22778abd
p591
sVlog_stream_name
p592
V2020/12/28/[$LATEST]9400168c106240e4ba1ebbaab33ef3ec
p593
sVstdout
p594
V
sVfunc_key
p595
Vpywren.jobs/44b5c39d-448e-4d4f-aa52-f69c22778abd/func.pickle
p596
sVfree_disk_bytes
p597
I538333184
sVruntime_cached
p598
I00
sVretcode
p599
I0
sVcall_id
p600
V00013
p601
sVoutput_key
p602
Vpywren.jobs/44b5c39d-448e-4d4f-aa52-f69c22778abd/00013/output.pickle
p603
sVruntime_s3_key_used
p604
V30c0f7-pywren.runtimes/default_2.7.tar.gz.0004
p605
sVaws_request_id
p606
V9ed100d1-c0d7-4249-aef6-5c1bfbdae09d
p607
sVexec_time
p608
F64.421121835708618
sVstart_time
p609
F1609154131.7230141
sVsetup_time
p610
F7.1917309761047363
sVruntime_s3_bucket_used
p611
Vpywren-runtimes-public-us-west-2
p612
sVexception
p613
NsVhost_submit_time
p614
F1609154130.9872251
sVserver_info
p615
(dp616
Vuname
p617
V('Linux', '169.254.56.253', '4.14.203-112.332.amzn2.x86_64', '#1 SMP Wed Nov 4 20:46:34 UTC 2020', 'x86_64', 'x86_64')
p618
sV/proc/self/cgroup
p619
VMemTotal:        1717184 kB\u000aMemFree:         1118348 kB\u000aMemAvailable:    1485940 kB\u000aBuffers:           17368 kB\u000aCached:           464404 kB\u000aSwapCached:            0 kB\u000aActive:            94332 kB\u000aInactive:         448448 kB\u000aActive(anon):      60996 kB\u000aInactive(anon):      216 kB\u000aActive(file):      33336 kB\u000aInactive(file):   448232 kB\u000aUnevictable:           0 kB\u000aMlocked:               0 kB\u000aSwapTotal:             0 kB\u000aSwapFree:              0 kB\u000aDirty:               156 kB\u000aWriteback:             0 kB\u000aAnonPages:         60908 kB\u000aMapped:            35464 kB\u000aShmem:               220 kB\u000aSlab:              43620 kB\u000aSReclaimable:      33060 kB\u000aSUnreclaim:        10560 kB\u000aKernelStack:        1168 kB\u000aPageTables:         1372 kB\u000aNFS_Unstable:          0 kB\u000aBounce:                0 kB\u000aWritebackTmp:          0 kB\u000aCommitLimit:      858592 kB\u000aCommitted_AS:     251708 kB\u000aVmallocTotal:   34359738367 kB\u000aVmallocUsed:           0 kB\u000aVmallocChunk:          0 kB\u000aAnonHugePages:         0 kB\u000aShmemHugePages:        0 kB\u000aShmemPmdMapped:        0 kB\u000aHugePages_Total:       0\u000aHugePages_Free:        0\u000aHugePages_Rsvd:        0\u000aHugePages_Surp:        0\u000aHugepagesize:       2048 kB\u000aDirectMap4k:       21504 kB\u000aDirectMap2M:     1740800 kB\u000a
p620
sV/proc/cgroups
p621
V#subsys_name	hierarchy	num_cgroups	enabled\u000acpuset	11	1	1\u000acpu	5	5	1\u000acpuacct	5	5	1\u000ablkio	3	1	1\u000amemory	2	5	1\u000adevices	6	1	1\u000afreezer	4	2	1\u000anet_cls	10	1	1\u000aperf_event	9	1	1\u000anet_prio	10	1	1\u000ahugetlb	7	1	1\u000apids	8	1	1\u000a
p622
sV/proc/cpuinfo
p623
Vprocessor	: 0\u000avendor_id	: GenuineIntel\u000acpu family	: 6\u000amodel		: 63\u000amodel name	: Intel(R) Xeon(R) Processor @ 2.50GHz\u000astepping	: 2\u000amicrocode	: 0x1\u000acpu MHz		: 2500.014\u000acache size	: 33792 KB\u000aphysical id	: 0\u000asiblings	: 2\u000acore id		: 0\u000acpu cores	: 2\u000aapicid		: 0\u000ainitial apicid	: 0\u000afpu		: yes\u000afpu_exception	: yes\u000acpuid level	: 13\u000awp		: yes\u000aflags		: fpu vme de pse tsc msr pae mce cx8 apic sep mtrr pge mca cmov pat pse36 clflush mmx fxsr sse sse2 ht syscall nx rdtscp lm constant_tsc rep_good nopl xtopology nonstop_tsc cpuid tsc_known_freq pni pclmulqdq ssse3 fma cx16 pcid sse4_1 sse4_2 x2apic movbe popcnt tsc_deadline_timer aes xsave avx f16c rdrand hypervisor lahf_lm abm cpuid_fault invpcid_single pti ssbd ibrs ibpb stibp fsgsbase tsc_adjust bmi1 avx2 smep bmi2 erms invpcid smap xsaveopt arat md_clear arch_capabilities\u000abugs		: cpu_meltdown spectre_v1 spectre_v2 spec_store_bypass l1tf mds swapgs\u000abogomips	: 5000.02\u000aclflush size	: 64\u000acache_alignment	: 64\u000aaddress sizes	: 46 bits physical, 48 bits virtual\u000apower management:\u000a\u000aprocessor	: 1\u000avendor_id	: GenuineIntel\u000acpu family	: 6\u000amodel		: 63\u000amodel name	: Intel(R) Xeon(R) Processor @ 2.50GHz\u000astepping	: 2\u000amicrocode	: 0x1\u000acpu MHz		: 2500.014\u000acache size	: 33792 KB\u000aphysical id	: 0\u000asiblings	: 2\u000acore id		: 1\u000acpu cores	: 2\u000aapicid		: 1\u000ainitial apicid	: 1\u000afpu		: yes\u000afpu_exception	: yes\u000acpuid level	: 13\u000awp		: yes\u000aflags		: fpu vme de pse tsc msr pae mce cx8 apic sep mtrr pge mca cmov pat pse36 clflush mmx fxsr sse sse2 ht syscall nx rdtscp lm constant_tsc rep_good nopl xtopology nonstop_tsc cpuid tsc_known_freq pni pclmulqdq ssse3 fma cx16 pcid sse4_1 sse4_2 x2apic movbe popcnt tsc_deadline_timer aes xsave avx f16c rdrand hypervisor lahf_lm abm cpuid_fault invpcid_single pti ssbd ibrs ibpb stibp fsgsbase tsc_adjust bmi1 avx2 smep bmi2 erms invpcid smap xsaveopt arat md_clear arch_capabilities\u000abugs		: cpu_meltdown spectre_v1 spectre_v2 spec_store_bypass l1tf mds swapgs\u000abogomips	: 5000.02\u000aclflush size	: 64\u000acache_alignment	: 64\u000aaddress sizes	: 46 bits physical, 48 bits virtual\u000apower management:\u000a\u000a
p624
sV/proc/meminfo
p625
VMemTotal:        1717184 kB\u000aMemFree:         1118348 kB\u000aMemAvailable:    1485940 kB\u000aBuffers:           17368 kB\u000aCached:           464404 kB\u000aSwapCached:            0 kB\u000aActive:            94332 kB\u000aInactive:         448448 kB\u000aActive(anon):      60996 kB\u000aInactive(anon):      216 kB\u000aActive(file):      33336 kB\u000aInactive(file):   448232 kB\u000aUnevictable:           0 kB\u000aMlocked:               0 kB\u000aSwapTotal:             0 kB\u000aSwapFree:              0 kB\u000aDirty:               156 kB\u000aWriteback:             0 kB\u000aAnonPages:         60908 kB\u000aMapped:            35464 kB\u000aShmem:               220 kB\u000aSlab:              43620 kB\u000aSReclaimable:      33060 kB\u000aSUnreclaim:        10560 kB\u000aKernelStack:        1168 kB\u000aPageTables:         1372 kB\u000aNFS_Unstable:          0 kB\u000aBounce:                0 kB\u000aWritebackTmp:          0 kB\u000aCommitLimit:      858592 kB\u000aCommitted_AS:     251708 kB\u000aVmallocTotal:   34359738367 kB\u000aVmallocUsed:           0 kB\u000aVmallocChunk:          0 kB\u000aAnonHugePages:         0 kB\u000aShmemHugePages:        0 kB\u000aShmemPmdMapped:        0 kB\u000aHugePages_Total:       0\u000aHugePages_Free:        0\u000aHugePages_Rsvd:        0\u000aHugePages_Surp:        0\u000aHugepagesize:       2048 kB\u000aDirectMap4k:       21504 kB\u000aDirectMap2M:     1740800 kB\u000a
p626
ssVstatus_key
p627
Vpywren.jobs/44b5c39d-448e-4d4f-aa52-f69c22778abd/00013/status.json
p628
sVend_time
p629
F1609154203.3358591
sVlog_group_name
p630
V/aws/lambda/pywren_redis_2
p631
sVdata_key
p632
Vpywren.jobs/44b5c39d-448e-4d4f-aa52-f69c22778abd/aggdata.pickle
p633
sa(dp634
Vcallset_id
p635
V44b5c39d-448e-4d4f-aa52-f69c22778abd
p636
sVlog_stream_name
p637
V2020/12/28/[$LATEST]a3bfb5c72d33409fa652035e6b5a9aba
p638
sVstdout
p639
V
sVfunc_key
p640
Vpywren.jobs/44b5c39d-448e-4d4f-aa52-f69c22778abd/func.pickle
p641
sVfree_disk_bytes
p642
I538333184
sVruntime_cached
p643
I00
sVretcode
p644
I0
sVcall_id
p645
V00014
p646
sVoutput_key
p647
Vpywren.jobs/44b5c39d-448e-4d4f-aa52-f69c22778abd/00014/output.pickle
p648
sVruntime_s3_key_used
p649
V07c439-pywren.runtimes/default_2.7.tar.gz.0069
p650
sVaws_request_id
p651
Vfba4c586-f0a2-4183-a51a-ee2909b5d5b4
p652
sVexec_time
p653
F62.441099166870117
sVstart_time
p654
F1609154132.0359039
sVsetup_time
p655
F7.7051379680633545
sVruntime_s3_bucket_used
p656
Vpywren-runtimes-public-us-west-2
p657
sVexception
p658
NsVhost_submit_time
p659
F1609154130.9982541
sVserver_info
p660
(dp661
Vuname
p662
V('Linux', '169.254.58.77', '4.14.203-112.332.amzn2.x86_64', '#1 SMP Wed Nov 4 20:46:34 UTC 2020', 'x86_64', 'x86_64')
p663
sV/proc/self/cgroup
p664
VMemTotal:        1717184 kB\u000aMemFree:         1120804 kB\u000aMemAvailable:    1485500 kB\u000aBuffers:           14716 kB\u000aCached:           464296 kB\u000aSwapCached:            0 kB\u000aActive:            93092 kB\u000aInactive:         447172 kB\u000aActive(anon):      61244 kB\u000aInactive(anon):      216 kB\u000aActive(file):      31848 kB\u000aInactive(file):   446956 kB\u000aUnevictable:           0 kB\u000aMlocked:               0 kB\u000aSwapTotal:             0 kB\u000aSwapFree:              0 kB\u000aDirty:               276 kB\u000aWriteback:             0 kB\u000aAnonPages:         61240 kB\u000aMapped:            34340 kB\u000aShmem:               220 kB\u000aSlab:              43620 kB\u000aSReclaimable:      32800 kB\u000aSUnreclaim:        10820 kB\u000aKernelStack:        1264 kB\u000aPageTables:         1324 kB\u000aNFS_Unstable:          0 kB\u000aBounce:                0 kB\u000aWritebackTmp:          0 kB\u000aCommitLimit:      858592 kB\u000aCommitted_AS:     253816 kB\u000aVmallocTotal:   34359738367 kB\u000aVmallocUsed:           0 kB\u000aVmallocChunk:          0 kB\u000aAnonHugePages:         0 kB\u000aShmemHugePages:        0 kB\u000aShmemPmdMapped:        0 kB\u000aHugePages_Total:       0\u000aHugePages_Free:        0\u000aHugePages_Rsvd:        0\u000aHugePages_Surp:        0\u000aHugepagesize:       2048 kB\u000aDirectMap4k:       21504 kB\u000aDirectMap2M:     1740800 kB\u000a
p665
sV/proc/cgroups
p666
V#subsys_name	hierarchy	num_cgroups	enabled\u000acpuset	10	1	1\u000acpu	3	5	1\u000acpuacct	3	5	1\u000ablkio	4	1	1\u000amemory	9	5	1\u000adevices	6	1	1\u000afreezer	7	2	1\u000anet_cls	2	1	1\u000aperf_event	8	1	1\u000anet_prio	2	1	1\u000ahugetlb	11	1	1\u000apids	5	1	1\u000a
p667
sV/proc/cpuinfo
p668
