(dp1
S'run_statuses'
p2
(lp3
(dp4
Vcallset_id
p5
V3217b1e7-1bc5-42c7-a58d-4646d153433a
p6
sVlog_stream_name
p7
V2020/12/28/[$LATEST]7a2be11696e84d5daa1a87ff81c040bd
p8
sVstdout
p9
V
sVfunc_key
p10
Vpywren.jobs/3217b1e7-1bc5-42c7-a58d-4646d153433a/func.pickle
p11
sVfree_disk_bytes
p12
I120975360
sVruntime_cached
p13
I01
sVretcode
p14
I0
sVcall_id
p15
V00000
p16
sVoutput_key
p17
Vpywren.jobs/3217b1e7-1bc5-42c7-a58d-4646d153433a/00000/output.pickle
p18
sVruntime_s3_key_used
p19
V5ec09a-pywren.runtimes/default_2.7.tar.gz.0009
p20
sVaws_request_id
p21
V68ce5991-e5db-4297-8a40-bb5a0f349211
p22
sVexec_time
p23
F102.53394293785095
sVstart_time
p24
F1609154091.114629
sVsetup_time
p25
F0.091942071914672852
sVruntime_s3_bucket_used
p26
Vpywren-runtimes-public-us-west-2
p27
sVexception
p28
NsVhost_submit_time
p29
F1609154090.91045
sVserver_info
p30
(dp31
Vuname
p32
V('Linux', '169.254.55.205', '4.14.203-112.332.amzn2.x86_64', '#1 SMP Wed Nov 4 20:46:34 UTC 2020', 'x86_64', 'x86_64')
p33
sV/proc/self/cgroup
p34
VMemTotal:        1717184 kB\u000aMemFree:         1113228 kB\u000aMemAvailable:    1483616 kB\u000aBuffers:           18292 kB\u000aCached:           466264 kB\u000aSwapCached:            0 kB\u000aActive:           107796 kB\u000aInactive:         438264 kB\u000aActive(anon):      61476 kB\u000aInactive(anon):      216 kB\u000aActive(file):      46320 kB\u000aInactive(file):   438048 kB\u000aUnevictable:           0 kB\u000aMlocked:               0 kB\u000aSwapTotal:             0 kB\u000aSwapFree:              0 kB\u000aDirty:                 8 kB\u000aWriteback:             0 kB\u000aAnonPages:         61500 kB\u000aMapped:            35188 kB\u000aShmem:               220 kB\u000aSlab:              44888 kB\u000aSReclaimable:      33056 kB\u000aSUnreclaim:        11832 kB\u000aKernelStack:        1136 kB\u000aPageTables:         1340 kB\u000aNFS_Unstable:          0 kB\u000aBounce:                0 kB\u000aWritebackTmp:          0 kB\u000aCommitLimit:      858592 kB\u000aCommitted_AS:     251948 kB\u000aVmallocTotal:   34359738367 kB\u000aVmallocUsed:           0 kB\u000aVmallocChunk:          0 kB\u000aAnonHugePages:         0 kB\u000aShmemHugePages:        0 kB\u000aShmemPmdMapped:        0 kB\u000aHugePages_Total:       0\u000aHugePages_Free:        0\u000aHugePages_Rsvd:        0\u000aHugePages_Surp:        0\u000aHugepagesize:       2048 kB\u000aDirectMap4k:       21504 kB\u000aDirectMap2M:     1740800 kB\u000a
p35
sV/proc/cgroups
p36
V#subsys_name	hierarchy	num_cgroups	enabled\u000acpuset	4	1	1\u000acpu	3	5	1\u000acpuacct	3	5	1\u000ablkio	11	1	1\u000amemory	6	5	1\u000adevices	2	1	1\u000afreezer	9	2	1\u000anet_cls	7	1	1\u000aperf_event	5	1	1\u000anet_prio	7	1	1\u000ahugetlb	8	1	1\u000apids	10	1	1\u000a
p37
sV/proc/cpuinfo
p38
Vprocessor	: 0\u000avendor_id	: GenuineIntel\u000acpu family	: 6\u000amodel		: 63\u000amodel name	: Intel(R) Xeon(R) Processor @ 2.50GHz\u000astepping	: 2\u000amicrocode	: 0x1\u000acpu MHz		: 2500.014\u000acache size	: 36608 KB\u000aphysical id	: 0\u000asiblings	: 2\u000acore id		: 0\u000acpu cores	: 2\u000aapicid		: 0\u000ainitial apicid	: 0\u000afpu		: yes\u000afpu_exception	: yes\u000acpuid level	: 13\u000awp		: yes\u000aflags		: fpu vme de pse tsc msr pae mce cx8 apic sep mtrr pge mca cmov pat pse36 clflush mmx fxsr sse sse2 ht syscall nx rdtscp lm constant_tsc rep_good nopl xtopology nonstop_tsc cpuid tsc_known_freq pni pclmulqdq ssse3 fma cx16 pcid sse4_1 sse4_2 x2apic movbe popcnt tsc_deadline_timer aes xsave avx f16c rdrand hypervisor lahf_lm abm cpuid_fault invpcid_single ssbd ibrs ibpb stibp ibrs_enhanced fsgsbase tsc_adjust bmi1 avx2 smep bmi2 erms invpcid smap xsaveopt arat md_clear arch_capabilities\u000abugs		: spectre_v1 spectre_v2 spec_store_bypass swapgs\u000abogomips	: 5000.02\u000aclflush size	: 64\u000acache_alignment	: 64\u000aaddress sizes	: 46 bits physical, 48 bits virtual\u000apower management:\u000a\u000aprocessor	: 1\u000avendor_id	: GenuineIntel\u000acpu family	: 6\u000amodel		: 63\u000amodel name	: Intel(R) Xeon(R) Processor @ 2.50GHz\u000astepping	: 2\u000amicrocode	: 0x1\u000acpu MHz		: 2500.014\u000acache size	: 36608 KB\u000aphysical id	: 0\u000asiblings	: 2\u000acore id		: 1\u000acpu cores	: 2\u000aapicid		: 1\u000ainitial apicid	: 1\u000afpu		: yes\u000afpu_exception	: yes\u000acpuid level	: 13\u000awp		: yes\u000aflags		: fpu vme de pse tsc msr pae mce cx8 apic sep mtrr pge mca cmov pat pse36 clflush mmx fxsr sse sse2 ht syscall nx rdtscp lm constant_tsc rep_good nopl xtopology nonstop_tsc cpuid tsc_known_freq pni pclmulqdq ssse3 fma cx16 pcid sse4_1 sse4_2 x2apic movbe popcnt tsc_deadline_timer aes xsave avx f16c rdrand hypervisor lahf_lm abm cpuid_fault invpcid_single ssbd ibrs ibpb stibp ibrs_enhanced fsgsbase tsc_adjust bmi1 avx2 smep bmi2 erms invpcid smap xsaveopt arat md_clear arch_capabilities\u000abugs		: spectre_v1 spectre_v2 spec_store_bypass swapgs\u000abogomips	: 5000.02\u000aclflush size	: 64\u000acache_alignment	: 64\u000aaddress sizes	: 46 bits physical, 48 bits virtual\u000apower management:\u000a\u000a
p39
sV/proc/meminfo
p40
VMemTotal:        1717184 kB\u000aMemFree:         1113228 kB\u000aMemAvailable:    1483616 kB\u000aBuffers:           18292 kB\u000aCached:           466264 kB\u000aSwapCached:            0 kB\u000aActive:           107796 kB\u000aInactive:         438264 kB\u000aActive(anon):      61476 kB\u000aInactive(anon):      216 kB\u000aActive(file):      46320 kB\u000aInactive(file):   438048 kB\u000aUnevictable:           0 kB\u000aMlocked:               0 kB\u000aSwapTotal:             0 kB\u000aSwapFree:              0 kB\u000aDirty:                 8 kB\u000aWriteback:             0 kB\u000aAnonPages:         61500 kB\u000aMapped:            35188 kB\u000aShmem:               220 kB\u000aSlab:              44888 kB\u000aSReclaimable:      33056 kB\u000aSUnreclaim:        11832 kB\u000aKernelStack:        1136 kB\u000aPageTables:         1340 kB\u000aNFS_Unstable:          0 kB\u000aBounce:                0 kB\u000aWritebackTmp:          0 kB\u000aCommitLimit:      858592 kB\u000aCommitted_AS:     251948 kB\u000aVmallocTotal:   34359738367 kB\u000aVmallocUsed:           0 kB\u000aVmallocChunk:          0 kB\u000aAnonHugePages:         0 kB\u000aShmemHugePages:        0 kB\u000aShmemPmdMapped:        0 kB\u000aHugePages_Total:       0\u000aHugePages_Free:        0\u000aHugePages_Rsvd:        0\u000aHugePages_Surp:        0\u000aHugepagesize:       2048 kB\u000aDirectMap4k:       21504 kB\u000aDirectMap2M:     1740800 kB\u000a
p41
ssVstatus_key
p42
Vpywren.jobs/3217b1e7-1bc5-42c7-a58d-4646d153433a/00000/status.json
p43
sVend_time
p44
F1609154193.7405081
sVlog_group_name
p45
V/aws/lambda/pywren_redis_2
p46
sVdata_key
p47
Vpywren.jobs/3217b1e7-1bc5-42c7-a58d-4646d153433a/aggdata.pickle
p48
sa(dp49
Vcallset_id
p50
V3217b1e7-1bc5-42c7-a58d-4646d153433a
p51
sVlog_stream_name
p52
V2020/12/28/[$LATEST]f6e209acb8f945aabf0ee6bb83771eaf
p53
sVstdout
p54
V
sVfunc_key
p55
Vpywren.jobs/3217b1e7-1bc5-42c7-a58d-4646d153433a/func.pickle
p56
sVfree_disk_bytes
p57
I120975360
sVruntime_cached
p58
I01
sVretcode
p59
I0
sVcall_id
p60
V00001
p61
sVoutput_key
p62
Vpywren.jobs/3217b1e7-1bc5-42c7-a58d-4646d153433a/00001/output.pickle
p63
sVruntime_s3_key_used
p64
V7d6d50-pywren.runtimes/default_2.7.tar.gz.0021
p65
sVaws_request_id
p66
V3f3ecf28-b0ce-4d74-8b96-ef49befcffec
p67
sVexec_time
p68
F134.85599398612976
sVstart_time
p69
F1609154091.2025981
sVsetup_time
p70
F0.069471836090087891
sVruntime_s3_bucket_used
p71
Vpywren-runtimes-public-us-west-2
p72
sVexception
p73
NsVhost_submit_time
p74
F1609154090.9226439
sVserver_info
p75
(dp76
Vuname
p77
V('Linux', '169.254.246.229', '4.14.203-112.332.amzn2.x86_64', '#1 SMP Wed Nov 4 20:46:34 UTC 2020', 'x86_64', 'x86_64')
p78
sV/proc/self/cgroup
p79
VMemTotal:        5650800 kB\u000aMemFree:         5032800 kB\u000aMemAvailable:    5321528 kB\u000aBuffers:           16560 kB\u000aCached:           465956 kB\u000aSwapCached:            0 kB\u000aActive:           108712 kB\u000aInactive:         437164 kB\u000aActive(anon):      63328 kB\u000aInactive(anon):      212 kB\u000aActive(file):      45384 kB\u000aInactive(file):   436952 kB\u000aUnevictable:           0 kB\u000aMlocked:               0 kB\u000aSwapTotal:             0 kB\u000aSwapFree:              0 kB\u000aDirty:                 8 kB\u000aWriteback:             0 kB\u000aAnonPages:         63320 kB\u000aMapped:            34884 kB\u000aShmem:               220 kB\u000aSlab:              45660 kB\u000aSReclaimable:      33820 kB\u000aSUnreclaim:        11840 kB\u000aKernelStack:        1352 kB\u000aPageTables:         1384 kB\u000aNFS_Unstable:          0 kB\u000aBounce:                0 kB\u000aWritebackTmp:          0 kB\u000aCommitLimit:     2825400 kB\u000aCommitted_AS:     265236 kB\u000aVmallocTotal:   34359738367 kB\u000aVmallocUsed:           0 kB\u000aVmallocChunk:          0 kB\u000aAnonHugePages:         0 kB\u000aShmemHugePages:        0 kB\u000aShmemPmdMapped:        0 kB\u000aHugePages_Total:       0\u000aHugePages_Free:        0\u000aHugePages_Rsvd:        0\u000aHugePages_Surp:        0\u000aHugepagesize:       2048 kB\u000aDirectMap4k:       23552 kB\u000aDirectMap2M:     5801984 kB\u000a
p80
sV/proc/cgroups
p81
V#subsys_name	hierarchy	num_cgroups	enabled\u000acpuset	11	1	1\u000acpu	10	5	1\u000acpuacct	10	5	1\u000ablkio	2	1	1\u000amemory	8	5	1\u000adevices	7	1	1\u000afreezer	9	2	1\u000anet_cls	5	1	1\u000aperf_event	4	1	1\u000anet_prio	5	1	1\u000ahugetlb	6	1	1\u000apids	3	1	1\u000a
p82
sV/proc/cpuinfo
p83
Vprocessor	: 0\u000avendor_id	: GenuineIntel\u000acpu family	: 6\u000amodel		: 63\u000amodel name	: Intel(R) Xeon(R) Processor @ 2.50GHz\u000astepping	: 2\u000amicrocode	: 0x1\u000acpu MHz		: 2500.010\u000acache size	: 36608 KB\u000aphysical id	: 0\u000asiblings	: 3\u000acore id		: 0\u000acpu cores	: 3\u000aapicid		: 0\u000ainitial apicid	: 0\u000afpu		: yes\u000afpu_exception	: yes\u000acpuid level	: 13\u000awp		: yes\u000aflags		: fpu vme de pse tsc msr pae mce cx8 apic sep mtrr pge mca cmov pat pse36 clflush mmx fxsr sse sse2 ht syscall nx rdtscp lm constant_tsc rep_good nopl xtopology nonstop_tsc cpuid tsc_known_freq pni pclmulqdq ssse3 fma cx16 pcid sse4_1 sse4_2 x2apic movbe popcnt tsc_deadline_timer aes xsave avx f16c rdrand hypervisor lahf_lm abm cpuid_fault invpcid_single ssbd ibrs ibpb stibp ibrs_enhanced fsgsbase tsc_adjust bmi1 avx2 smep bmi2 erms invpcid smap xsaveopt arat md_clear arch_capabilities\u000abugs		: spectre_v1 spectre_v2 spec_store_bypass swapgs\u000abogomips	: 5000.02\u000aclflush size	: 64\u000acache_alignment	: 64\u000aaddress sizes	: 46 bits physical, 48 bits virtual\u000apower management:\u000a\u000aprocessor	: 1\u000avendor_id	: GenuineIntel\u000acpu family	: 6\u000amodel		: 63\u000amodel name	: Intel(R) Xeon(R) Processor @ 2.50GHz\u000astepping	: 2\u000amicrocode	: 0x1\u000acpu MHz		: 2500.010\u000acache size	: 36608 KB\u000aphysical id	: 0\u000asiblings	: 3\u000acore id		: 1\u000acpu cores	: 3\u000aapicid		: 1\u000ainitial apicid	: 1\u000afpu		: yes\u000afpu_exception	: yes\u000acpuid level	: 13\u000awp		: yes\u000aflags		: fpu vme de pse tsc msr pae mce cx8 apic sep mtrr pge mca cmov pat pse36 clflush mmx fxsr sse sse2 ht syscall nx rdtscp lm constant_tsc rep_good nopl xtopology nonstop_tsc cpuid tsc_known_freq pni pclmulqdq ssse3 fma cx16 pcid sse4_1 sse4_2 x2apic movbe popcnt tsc_deadline_timer aes xsave avx f16c rdrand hypervisor lahf_lm abm cpuid_fault invpcid_single ssbd ibrs ibpb stibp ibrs_enhanced fsgsbase tsc_adjust bmi1 avx2 smep bmi2 erms invpcid smap xsaveopt arat md_clear arch_capabilities\u000abugs		: spectre_v1 spectre_v2 spec_store_bypass swapgs\u000abogomips	: 5000.02\u000aclflush size	: 64\u000acache_alignment	: 64\u000aaddress sizes	: 46 bits physical, 48 bits virtual\u000apower management:\u000a\u000aprocessor	: 2\u000avendor_id	: GenuineIntel\u000acpu family	: 6\u000amodel		: 63\u000amodel name	: Intel(R) Xeon(R) Processor @ 2.50GHz\u000astepping	: 2\u000amicrocode	: 0x1\u000acpu MHz		: 2500.010\u000acache size	: 36608 KB\u000aphysical id	: 0\u000asiblings	: 3\u000acore id		: 2\u000acpu cores	: 3\u000aapicid		: 2\u000ainitial apicid	: 2\u000afpu		: yes\u000afpu_exception	: yes\u000acpuid level	: 13\u000awp		: yes\u000aflags		: fpu vme de pse tsc msr pae mce cx8 apic sep mtrr pge mca cmov pat pse36 clflush mmx fxsr sse sse2 ht syscall nx rdtscp lm constant_tsc rep_good nopl xtopology nonstop_tsc cpuid tsc_known_freq pni pclmulqdq ssse3 fma cx16 pcid sse4_1 sse4_2 x2apic movbe popcnt tsc_deadline_timer aes xsave avx f16c rdrand hypervisor lahf_lm abm cpuid_fault invpcid_single ssbd ibrs ibpb stibp ibrs_enhanced fsgsbase tsc_adjust bmi1 avx2 smep bmi2 erms invpcid smap xsaveopt arat md_clear arch_capabilities\u000abugs		: spectre_v1 spectre_v2 spec_store_bypass swapgs\u000abogomips	: 5000.02\u000aclflush size	: 64\u000acache_alignment	: 64\u000aaddress sizes	: 46 bits physical, 48 bits virtual\u000apower management:\u000a\u000a
p84
sV/proc/meminfo
p85
VMemTotal:        5650800 kB\u000aMemFree:         5032800 kB\u000aMemAvailable:    5321528 kB\u000aBuffers:           16560 kB\u000aCached:           465956 kB\u000aSwapCached:            0 kB\u000aActive:           108712 kB\u000aInactive:         437164 kB\u000aActive(anon):      63328 kB\u000aInactive(anon):      212 kB\u000aActive(file):      45384 kB\u000aInactive(file):   436952 kB\u000aUnevictable:           0 kB\u000aMlocked:               0 kB\u000aSwapTotal:             0 kB\u000aSwapFree:              0 kB\u000aDirty:                 8 kB\u000aWriteback:             0 kB\u000aAnonPages:         63320 kB\u000aMapped:            34884 kB\u000aShmem:               220 kB\u000aSlab:              45660 kB\u000aSReclaimable:      33820 kB\u000aSUnreclaim:        11840 kB\u000aKernelStack:        1352 kB\u000aPageTables:         1384 kB\u000aNFS_Unstable:          0 kB\u000aBounce:                0 kB\u000aWritebackTmp:          0 kB\u000aCommitLimit:     2825400 kB\u000aCommitted_AS:     265236 kB\u000aVmallocTotal:   34359738367 kB\u000aVmallocUsed:           0 kB\u000aVmallocChunk:          0 kB\u000aAnonHugePages:         0 kB\u000aShmemHugePages:        0 kB\u000aShmemPmdMapped:        0 kB\u000aHugePages_Total:       0\u000aHugePages_Free:        0\u000aHugePages_Rsvd:        0\u000aHugePages_Surp:        0\u000aHugepagesize:       2048 kB\u000aDirectMap4k:       23552 kB\u000aDirectMap2M:     5801984 kB\u000a
p86
ssVstatus_key
p87
Vpywren.jobs/3217b1e7-1bc5-42c7-a58d-4646d153433a/00001/status.json
p88
sVend_time
p89
F1609154226.128057
sVlog_group_name
p90
V/aws/lambda/pywren_redis_2
p91
sVdata_key
p92
Vpywren.jobs/3217b1e7-1bc5-42c7-a58d-4646d153433a/aggdata.pickle
p93
sa(dp94
Vcallset_id
p95
V3217b1e7-1bc5-42c7-a58d-4646d153433a
p96
sVlog_stream_name
p97
V2020/12/28/[$LATEST]5571b0b67a804d46bb856fa202eaa8f3
p98
sVstdout
p99
V
sVfunc_key
p100
Vpywren.jobs/3217b1e7-1bc5-42c7-a58d-4646d153433a/func.pickle
p101
sVfree_disk_bytes
p102
I120975360
sVruntime_cached
p103
I01
sVretcode
p104
I0
sVcall_id
p105
V00002
p106
sVoutput_key
p107
Vpywren.jobs/3217b1e7-1bc5-42c7-a58d-4646d153433a/00002/output.pickle
p108
sVruntime_s3_key_used
p109
V2c12dc-pywren.runtimes/default_2.7.tar.gz.0072
p110
sVaws_request_id
p111
Va6394de1-aa17-4e54-b140-041503546868
p112
sVexec_time
p113
F106.95868706703186
sVstart_time
p114
F1609154091.1158171
sVsetup_time
p115
F0.068141937255859375
sVruntime_s3_bucket_used
p116
Vpywren-runtimes-public-us-west-2
p117
sVexception
p118
NsVhost_submit_time
p119
F1609154090.9180911
sVserver_info
p120
(dp121
Vuname
p122
V('Linux', '169.254.3.157', '4.14.203-112.332.amzn2.x86_64', '#1 SMP Wed Nov 4 20:46:34 UTC 2020', 'x86_64', 'x86_64')
p123
sV/proc/self/cgroup
p124
VMemTotal:        1717184 kB\u000aMemFree:         1118068 kB\u000aMemAvailable:    1485364 kB\u000aBuffers:           15588 kB\u000aCached:           465920 kB\u000aSwapCached:            0 kB\u000aActive:           104772 kB\u000aInactive:         438264 kB\u000aActive(anon):      61488 kB\u000aInactive(anon):      216 kB\u000aActive(file):      43284 kB\u000aInactive(file):   438048 kB\u000aUnevictable:           0 kB\u000aMlocked:               0 kB\u000aSwapTotal:             0 kB\u000aSwapFree:              0 kB\u000aDirty:               188 kB\u000aWriteback:             0 kB\u000aAnonPages:         61432 kB\u000aMapped:            34808 kB\u000aShmem:               220 kB\u000aSlab:              43288 kB\u000aSReclaimable:      32944 kB\u000aSUnreclaim:        10344 kB\u000aKernelStack:        1152 kB\u000aPageTables:         1448 kB\u000aNFS_Unstable:          0 kB\u000aBounce:                0 kB\u000aWritebackTmp:          0 kB\u000aCommitLimit:      858592 kB\u000aCommitted_AS:     262456 kB\u000aVmallocTotal:   34359738367 kB\u000aVmallocUsed:           0 kB\u000aVmallocChunk:          0 kB\u000aAnonHugePages:         0 kB\u000aShmemHugePages:        0 kB\u000aShmemPmdMapped:        0 kB\u000aHugePages_Total:       0\u000aHugePages_Free:        0\u000aHugePages_Rsvd:        0\u000aHugePages_Surp:        0\u000aHugepagesize:       2048 kB\u000aDirectMap4k:       21504 kB\u000aDirectMap2M:     1740800 kB\u000a
p125
sV/proc/cgroups
p126
V#subsys_name	hierarchy	num_cgroups	enabled\u000acpuset	8	1	1\u000acpu	2	5	1\u000acpuacct	2	5	1\u000ablkio	11	1	1\u000amemory	10	5	1\u000adevices	6	1	1\u000afreezer	9	2	1\u000anet_cls	4	1	1\u000aperf_event	7	1	1\u000anet_prio	4	1	1\u000ahugetlb	5	1	1\u000apids	3	1	1\u000a
p127
sV/proc/cpuinfo
p128
Vprocessor	: 0\u000avendor_id	: GenuineIntel\u000acpu family	: 6\u000amodel		: 63\u000amodel name	: Intel(R) Xeon(R) Processor @ 2.50GHz\u000astepping	: 2\u000amicrocode	: 0x1\u000acpu MHz		: 2500.010\u000acache size	: 33792 KB\u000aphysical id	: 0\u000asiblings	: 2\u000acore id		: 0\u000acpu cores	: 2\u000aapicid		: 0\u000ainitial apicid	: 0\u000afpu		: yes\u000afpu_exception	: yes\u000acpuid level	: 13\u000awp		: yes\u000aflags		: fpu vme de pse tsc msr pae mce cx8 apic sep mtrr pge mca cmov pat pse36 clflush mmx fxsr sse sse2 ht syscall nx rdtscp lm constant_tsc rep_good nopl xtopology nonstop_tsc cpuid tsc_known_freq pni pclmulqdq ssse3 fma cx16 pcid sse4_1 sse4_2 x2apic movbe popcnt tsc_deadline_timer aes xsave avx f16c rdrand hypervisor lahf_lm abm cpuid_fault invpcid_single pti ssbd ibrs ibpb stibp fsgsbase tsc_adjust bmi1 avx2 smep bmi2 erms invpcid smap xsaveopt arat md_clear arch_capabilities\u000abugs		: cpu_meltdown spectre_v1 spectre_v2 spec_store_bypass l1tf mds swapgs\u000abogomips	: 5000.02\u000aclflush size	: 64\u000acache_alignment	: 64\u000aaddress sizes	: 46 bits physical, 48 bits virtual\u000apower management:\u000a\u000aprocessor	: 1\u000avendor_id	: GenuineIntel\u000acpu family	: 6\u000amodel		: 63\u000amodel name	: Intel(R) Xeon(R) Processor @ 2.50GHz\u000astepping	: 2\u000amicrocode	: 0x1\u000acpu MHz		: 2500.010\u000acache size	: 33792 KB\u000aphysical id	: 0\u000asiblings	: 2\u000acore id		: 1\u000acpu cores	: 2\u000aapicid		: 1\u000ainitial apicid	: 1\u000afpu		: yes\u000afpu_exception	: yes\u000acpuid level	: 13\u000awp		: yes\u000aflags		: fpu vme de pse tsc msr pae mce cx8 apic sep mtrr pge mca cmov pat pse36 clflush mmx fxsr sse sse2 ht syscall nx rdtscp lm constant_tsc rep_good nopl xtopology nonstop_tsc cpuid tsc_known_freq pni pclmulqdq ssse3 fma cx16 pcid sse4_1 sse4_2 x2apic movbe popcnt tsc_deadline_timer aes xsave avx f16c rdrand hypervisor lahf_lm abm cpuid_fault invpcid_single pti ssbd ibrs ibpb stibp fsgsbase tsc_adjust bmi1 avx2 smep bmi2 erms invpcid smap xsaveopt arat md_clear arch_capabilities\u000abugs		: cpu_meltdown spectre_v1 spectre_v2 spec_store_bypass l1tf mds swapgs\u000abogomips	: 5000.02\u000aclflush size	: 64\u000acache_alignment	: 64\u000aaddress sizes	: 46 bits physical, 48 bits virtual\u000apower management:\u000a\u000a
p129
sV/proc/meminfo
p130
VMemTotal:        1717184 kB\u000aMemFree:         1118068 kB\u000aMemAvailable:    1485364 kB\u000aBuffers:           15588 kB\u000aCached:           465920 kB\u000aSwapCached:            0 kB\u000aActive:           104772 kB\u000aInactive:         438264 kB\u000aActive(anon):      61488 kB\u000aInactive(anon):      216 kB\u000aActive(file):      43284 kB\u000aInactive(file):   438048 kB\u000aUnevictable:           0 kB\u000aMlocked:               0 kB\u000aSwapTotal:             0 kB\u000aSwapFree:              0 kB\u000aDirty:               188 kB\u000aWriteback:             0 kB\u000aAnonPages:         61432 kB\u000aMapped:            34808 kB\u000aShmem:               220 kB\u000aSlab:              43288 kB\u000aSReclaimable:      32944 kB\u000aSUnreclaim:        10344 kB\u000aKernelStack:        1152 kB\u000aPageTables:         1448 kB\u000aNFS_Unstable:          0 kB\u000aBounce:                0 kB\u000aWritebackTmp:          0 kB\u000aCommitLimit:      858592 kB\u000aCommitted_AS:     262456 kB\u000aVmallocTotal:   34359738367 kB\u000aVmallocUsed:           0 kB\u000aVmallocChunk:          0 kB\u000aAnonHugePages:         0 kB\u000aShmemHugePages:        0 kB\u000aShmemPmdMapped:        0 kB\u000aHugePages_Total:       0\u000aHugePages_Free:        0\u000aHugePages_Rsvd:        0\u000aHugePages_Surp:        0\u000aHugepagesize:       2048 kB\u000aDirectMap4k:       21504 kB\u000aDirectMap2M:     1740800 kB\u000a
p131
ssVstatus_key
p132
Vpywren.jobs/3217b1e7-1bc5-42c7-a58d-4646d153433a/00002/status.json
p133
sVend_time
p134
F1609154198.1426389
sVlog_group_name
p135
V/aws/lambda/pywren_redis_2
p136
sVdata_key
p137
Vpywren.jobs/3217b1e7-1bc5-42c7-a58d-4646d153433a/aggdata.pickle
p138
sa(dp139
Vcallset_id
p140
V3217b1e7-1bc5-42c7-a58d-4646d153433a
p141
sVlog_stream_name
p142
V2020/12/28/[$LATEST]513cd332b6184be0b4fab7bbcdc36931
p143
sVstdout
p144
V
sVfunc_key
p145
Vpywren.jobs/3217b1e7-1bc5-42c7-a58d-4646d153433a/func.pickle
p146
sVfree_disk_bytes
p147
I120975360
sVruntime_cached
p148
I01
sVretcode
p149
I0
sVcall_id
p150
V00003
p151
sVoutput_key
p152
Vpywren.jobs/3217b1e7-1bc5-42c7-a58d-4646d153433a/00003/output.pickle
p153
sVruntime_s3_key_used
p154
V83f1d4-pywren.runtimes/default_2.7.tar.gz.0024
p155
sVaws_request_id
p156
Vef63b134-5df5-4235-bdbf-1e3ff9133008
p157
sVexec_time
p158
F102.49818801879883
sVstart_time
p159
F1609154091.188627
sVsetup_time
p160
F0.10511088371276855
sVruntime_s3_bucket_used
p161
Vpywren-runtimes-public-us-west-2
p162
sVexception
p163
NsVhost_submit_time
p164
F1609154090.933135
sVserver_info
p165
(dp166
Vuname
p167
V('Linux', '169.254.37.245', '4.14.203-112.332.amzn2.x86_64', '#1 SMP Wed Nov 4 20:46:34 UTC 2020', 'x86_64', 'x86_64')
p168
sV/proc/self/cgroup
p169
VMemTotal:        1717184 kB\u000aMemFree:         1118048 kB\u000aMemAvailable:    1485352 kB\u000aBuffers:           15684 kB\u000aCached:           465836 kB\u000aSwapCached:            0 kB\u000aActive:           104948 kB\u000aInactive:         437912 kB\u000aActive(anon):      61332 kB\u000aInactive(anon):      216 kB\u000aActive(file):      43616 kB\u000aInactive(file):   437696 kB\u000aUnevictable:           0 kB\u000aMlocked:               0 kB\u000aSwapTotal:             0 kB\u000aSwapFree:              0 kB\u000aDirty:                 8 kB\u000aWriteback:             0 kB\u000aAnonPages:         61380 kB\u000aMapped:            34556 kB\u000aShmem:               220 kB\u000aSlab:              43508 kB\u000aSReclaimable:      33000 kB\u000aSUnreclaim:        10508 kB\u000aKernelStack:        1136 kB\u000aPageTables:         1280 kB\u000aNFS_Unstable:          0 kB\u000aBounce:                0 kB\u000aWritebackTmp:          0 kB\u000aCommitLimit:      858592 kB\u000aCommitted_AS:     254332 kB\u000aVmallocTotal:   34359738367 kB\u000aVmallocUsed:           0 kB\u000aVmallocChunk:          0 kB\u000aAnonHugePages:         0 kB\u000aShmemHugePages:        0 kB\u000aShmemPmdMapped:        0 kB\u000aHugePages_Total:       0\u000aHugePages_Free:        0\u000aHugePages_Rsvd:        0\u000aHugePages_Surp:        0\u000aHugepagesize:       2048 kB\u000aDirectMap4k:       21504 kB\u000aDirectMap2M:     1740800 kB\u000a
p170
sV/proc/cgroups
p171
V#subsys_name	hierarchy	num_cgroups	enabled\u000acpuset	11	1	1\u000acpu	6	5	1\u000acpuacct	6	5	1\u000ablkio	3	1	1\u000amemory	10	5	1\u000adevices	8	1	1\u000afreezer	9	2	1\u000anet_cls	5	1	1\u000aperf_event	2	1	1\u000anet_prio	5	1	1\u000ahugetlb	7	1	1\u000apids	4	1	1\u000a
p172
sV/proc/cpuinfo
p173
Vprocessor	: 0\u000avendor_id	: GenuineIntel\u000acpu family	: 6\u000amodel		: 63\u000amodel name	: Intel(R) Xeon(R) Processor @ 2.50GHz\u000astepping	: 2\u000amicrocode	: 0x1\u000acpu MHz		: 2500.010\u000acache size	: 36608 KB\u000aphysical id	: 0\u000asiblings	: 2\u000acore id		: 0\u000acpu cores	: 2\u000aapicid		: 0\u000ainitial apicid	: 0\u000afpu		: yes\u000afpu_exception	: yes\u000acpuid level	: 13\u000awp		: yes\u000aflags		: fpu vme de pse tsc msr pae mce cx8 apic sep mtrr pge mca cmov pat pse36 clflush mmx fxsr sse sse2 ht syscall nx rdtscp lm constant_tsc rep_good nopl xtopology nonstop_tsc cpuid tsc_known_freq pni pclmulqdq ssse3 fma cx16 pcid sse4_1 sse4_2 x2apic movbe popcnt tsc_deadline_timer aes xsave avx f16c rdrand hypervisor lahf_lm abm cpuid_fault invpcid_single ssbd ibrs ibpb stibp ibrs_enhanced fsgsbase tsc_adjust bmi1 avx2 smep bmi2 erms invpcid smap xsaveopt arat md_clear arch_capabilities\u000abugs		: spectre_v1 spectre_v2 spec_store_bypass swapgs\u000abogomips	: 5000.02\u000aclflush size	: 64\u000acache_alignment	: 64\u000aaddress sizes	: 46 bits physical, 48 bits virtual\u000apower management:\u000a\u000aprocessor	: 1\u000avendor_id	: GenuineIntel\u000acpu family	: 6\u000amodel		: 63\u000amodel name	: Intel(R) Xeon(R) Processor @ 2.50GHz\u000astepping	: 2\u000amicrocode	: 0x1\u000acpu MHz		: 2500.010\u000acache size	: 36608 KB\u000aphysical id	: 0\u000asiblings	: 2\u000acore id		: 1\u000acpu cores	: 2\u000aapicid		: 1\u000ainitial apicid	: 1\u000afpu		: yes\u000afpu_exception	: yes\u000acpuid level	: 13\u000awp		: yes\u000aflags		: fpu vme de pse tsc msr pae mce cx8 apic sep mtrr pge mca cmov pat pse36 clflush mmx fxsr sse sse2 ht syscall nx rdtscp lm constant_tsc rep_good nopl xtopology nonstop_tsc cpuid tsc_known_freq pni pclmulqdq ssse3 fma cx16 pcid sse4_1 sse4_2 x2apic movbe popcnt tsc_deadline_timer aes xsave avx f16c rdrand hypervisor lahf_lm abm cpuid_fault invpcid_single ssbd ibrs ibpb stibp ibrs_enhanced fsgsbase tsc_adjust bmi1 avx2 smep bmi2 erms invpcid smap xsaveopt arat md_clear arch_capabilities\u000abugs		: spectre_v1 spectre_v2 spec_store_bypass swapgs\u000abogomips	: 5000.02\u000aclflush size	: 64\u000acache_alignment	: 64\u000aaddress sizes	: 46 bits physical, 48 bits virtual\u000apower management:\u000a\u000a
p174
sV/proc/meminfo
p175
VMemTotal:        1717184 kB\u000aMemFree:         1118048 kB\u000aMemAvailable:    1485352 kB\u000aBuffers:           15684 kB\u000aCached:           465836 kB\u000aSwapCached:            0 kB\u000aActive:           104948 kB\u000aInactive:         437912 kB\u000aActive(anon):      61332 kB\u000aInactive(anon):      216 kB\u000aActive(file):      43616 kB\u000aInactive(file):   437696 kB\u000aUnevictable:           0 kB\u000aMlocked:               0 kB\u000aSwapTotal:             0 kB\u000aSwapFree:              0 kB\u000aDirty:                 8 kB\u000aWriteback:             0 kB\u000aAnonPages:         61380 kB\u000aMapped:            34556 kB\u000aShmem:               220 kB\u000aSlab:              43508 kB\u000aSReclaimable:      33000 kB\u000aSUnreclaim:        10508 kB\u000aKernelStack:        1136 kB\u000aPageTables:         1280 kB\u000aNFS_Unstable:          0 kB\u000aBounce:                0 kB\u000aWritebackTmp:          0 kB\u000aCommitLimit:      858592 kB\u000aCommitted_AS:     254332 kB\u000aVmallocTotal:   34359738367 kB\u000aVmallocUsed:           0 kB\u000aVmallocChunk:          0 kB\u000aAnonHugePages:         0 kB\u000aShmemHugePages:        0 kB\u000aShmemPmdMapped:        0 kB\u000aHugePages_Total:       0\u000aHugePages_Free:        0\u000aHugePages_Rsvd:        0\u000aHugePages_Surp:        0\u000aHugepagesize:       2048 kB\u000aDirectMap4k:       21504 kB\u000aDirectMap2M:     1740800 kB\u000a
p176
ssVstatus_key
p177
Vpywren.jobs/3217b1e7-1bc5-42c7-a58d-4646d153433a/00003/status.json
p178
sVend_time
p179
F1609154193.7919209
sVlog_group_name
p180
V/aws/lambda/pywren_redis_2
p181
sVdata_key
p182
Vpywren.jobs/3217b1e7-1bc5-42c7-a58d-4646d153433a/aggdata.pickle
p183
sa(dp184
Vcallset_id
p185
V3217b1e7-1bc5-42c7-a58d-4646d153433a
p186
sVlog_stream_name
p187
V2020/12/28/[$LATEST]5e6b20824aca4a7a9001d38b137231d7
p188
sVstdout
p189
V
sVfunc_key
p190
Vpywren.jobs/3217b1e7-1bc5-42c7-a58d-4646d153433a/func.pickle
p191
sVfree_disk_bytes
p192
I120975360
sVruntime_cached
p193
I01
sVretcode
p194
I0
sVcall_id
p195
V00004
p196
sVoutput_key
p197
Vpywren.jobs/3217b1e7-1bc5-42c7-a58d-4646d153433a/00004/output.pickle
p198
sVruntime_s3_key_used
p199
V8af9a8-pywren.runtimes/default_2.7.tar.gz.0016
p200
sVaws_request_id
p201
V321929b0-5889-43fe-9912-acae147bd4c0
p202
sVexec_time
p203
F102.54188799858093
sVstart_time
p204
F1609154091.2044029
sVsetup_time
p205
F0.077401161193847656
sVruntime_s3_bucket_used
p206
Vpywren-runtimes-public-us-west-2
p207
sVexception
p208
NsVhost_submit_time
p209
F1609154090.928684
sVserver_info
p210
(dp211
Vuname
p212
V('Linux', '169.254.81.197', '4.14.203-112.332.amzn2.x86_64', '#1 SMP Wed Nov 4 20:46:34 UTC 2020', 'x86_64', 'x86_64')
p213
sV/proc/self/cgroup
p214
VMemTotal:        1717184 kB\u000aMemFree:         1115792 kB\u000aMemAvailable:    1485516 kB\u000aBuffers:           17584 kB\u000aCached:           466432 kB\u000aSwapCached:            0 kB\u000aActive:           107004 kB\u000aInactive:         438440 kB\u000aActive(anon):      61420 kB\u000aInactive(anon):      216 kB\u000aActive(file):      45584 kB\u000aInactive(file):   438224 kB\u000aUnevictable:           0 kB\u000aMlocked:               0 kB\u000aSwapTotal:             0 kB\u000aSwapFree:              0 kB\u000aDirty:               240 kB\u000aWriteback:             0 kB\u000aAnonPages:         61416 kB\u000aMapped:            35228 kB\u000aShmem:               220 kB\u000aSlab:              43136 kB\u000aSReclaimable:      32844 kB\u000aSUnreclaim:        10292 kB\u000aKernelStack:        1152 kB\u000aPageTables:         1352 kB\u000aNFS_Unstable:          0 kB\u000aBounce:                0 kB\u000aWritebackTmp:          0 kB\u000aCommitLimit:      858592 kB\u000aCommitted_AS:     262524 kB\u000aVmallocTotal:   34359738367 kB\u000aVmallocUsed:           0 kB\u000aVmallocChunk:          0 kB\u000aAnonHugePages:         0 kB\u000aShmemHugePages:        0 kB\u000aShmemPmdMapped:        0 kB\u000aHugePages_Total:       0\u000aHugePages_Free:        0\u000aHugePages_Rsvd:        0\u000aHugePages_Surp:        0\u000aHugepagesize:       2048 kB\u000aDirectMap4k:       19456 kB\u000aDirectMap2M:     1742848 kB\u000a
p215
sV/proc/cgroups
p216
V#subsys_name	hierarchy	num_cgroups	enabled\u000acpuset	3	1	1\u000acpu	4	5	1\u000acpuacct	4	5	1\u000ablkio	8	1	1\u000amemory	9	5	1\u000adevices	10	1	1\u000afreezer	7	2	1\u000anet_cls	2	1	1\u000aperf_event	6	1	1\u000anet_prio	2	1	1\u000ahugetlb	5	1	1\u000apids	11	1	1\u000a
p217
sV/proc/cpuinfo
p218
Vprocessor	: 0\u000avendor_id	: GenuineIntel\u000acpu family	: 6\u000amodel		: 63\u000amodel name	: Intel(R) Xeon(R) Processor @ 2.50GHz\u000astepping	: 2\u000amicrocode	: 0x1\u000acpu MHz		: 2500.022\u000acache size	: 33792 KB\u000aphysical id	: 0\u000asiblings	: 2\u000acore id		: 0\u000acpu cores	: 2\u000aapicid		: 0\u000ainitial apicid	: 0\u000afpu		: yes\u000afpu_exception	: yes\u000acpuid level	: 13\u000awp		: yes\u000aflags		: fpu vme de pse tsc msr pae mce cx8 apic sep mtrr pge mca cmov pat pse36 clflush mmx fxsr sse sse2 ht syscall nx rdtscp lm constant_tsc rep_good nopl xtopology nonstop_tsc cpuid tsc_known_freq pni pclmulqdq ssse3 fma cx16 pcid sse4_1 sse4_2 x2apic movbe popcnt tsc_deadline_timer aes xsave avx f16c rdrand hypervisor lahf_lm abm cpuid_fault invpcid_single pti ssbd ibrs ibpb stibp fsgsbase tsc_adjust bmi1 avx2 smep bmi2 erms invpcid smap xsaveopt arat md_clear arch_capabilities\u000abugs		: cpu_meltdown spectre_v1 spectre_v2 spec_store_bypass l1tf mds swapgs\u000abogomips	: 5000.04\u000aclflush size	: 64\u000acache_alignment	: 64\u000aaddress sizes	: 46 bits physical, 48 bits virtual\u000apower management:\u000a\u000aprocessor	: 1\u000avendor_id	: GenuineIntel\u000acpu family	: 6\u000amodel		: 63\u000amodel name	: Intel(R) Xeon(R) Processor @ 2.50GHz\u000astepping	: 2\u000amicrocode	: 0x1\u000acpu MHz		: 2500.022\u000acache size	: 33792 KB\u000aphysical id	: 0\u000asiblings	: 2\u000acore id		: 1\u000acpu cores	: 2\u000aapicid		: 1\u000ainitial apicid	: 1\u000afpu		: yes\u000afpu_exception	: yes\u000acpuid level	: 13\u000awp		: yes\u000aflags		: fpu vme de pse tsc msr pae mce cx8 apic sep mtrr pge mca cmov pat pse36 clflush mmx fxsr sse sse2 ht syscall nx rdtscp lm constant_tsc rep_good nopl xtopology nonstop_tsc cpuid tsc_known_freq pni pclmulqdq ssse3 fma cx16 pcid sse4_1 sse4_2 x2apic movbe popcnt tsc_deadline_timer aes xsave avx f16c rdrand hypervisor lahf_lm abm cpuid_fault invpcid_single pti ssbd ibrs ibpb stibp fsgsbase tsc_adjust bmi1 avx2 smep bmi2 erms invpcid smap xsaveopt arat md_clear arch_capabilities\u000abugs		: cpu_meltdown spectre_v1 spectre_v2 spec_store_bypass l1tf mds swapgs\u000abogomips	: 5000.04\u000aclflush size	: 64\u000acache_alignment	: 64\u000aaddress sizes	: 46 bits physical, 48 bits virtual\u000apower management:\u000a\u000a
p219
sV/proc/meminfo
p220
VMemTotal:        1717184 kB\u000aMemFree:         1115792 kB\u000aMemAvailable:    1485516 kB\u000aBuffers:           17584 kB\u000aCached:           466432 kB\u000aSwapCached:            0 kB\u000aActive:           107004 kB\u000aInactive:         438440 kB\u000aActive(anon):      61420 kB\u000aInactive(anon):      216 kB\u000aActive(file):      45584 kB\u000aInactive(file):   438224 kB\u000aUnevictable:           0 kB\u000aMlocked:               0 kB\u000aSwapTotal:             0 kB\u000aSwapFree:              0 kB\u000aDirty:               240 kB\u000aWriteback:             0 kB\u000aAnonPages:         61416 kB\u000aMapped:            35228 kB\u000aShmem:               220 kB\u000aSlab:              43136 kB\u000aSReclaimable:      32844 kB\u000aSUnreclaim:        10292 kB\u000aKernelStack:        1152 kB\u000aPageTables:         1352 kB\u000aNFS_Unstable:          0 kB\u000aBounce:                0 kB\u000aWritebackTmp:          0 kB\u000aCommitLimit:      858592 kB\u000aCommitted_AS:     262524 kB\u000aVmallocTotal:   34359738367 kB\u000aVmallocUsed:           0 kB\u000aVmallocChunk:          0 kB\u000aAnonHugePages:         0 kB\u000aShmemHugePages:        0 kB\u000aShmemPmdMapped:        0 kB\u000aHugePages_Total:       0\u000aHugePages_Free:        0\u000aHugePages_Rsvd:        0\u000aHugePages_Surp:        0\u000aHugepagesize:       2048 kB\u000aDirectMap4k:       19456 kB\u000aDirectMap2M:     1742848 kB\u000a
p221
ssVstatus_key
p222
Vpywren.jobs/3217b1e7-1bc5-42c7-a58d-4646d153433a/00004/status.json
p223
sVend_time
p224
F1609154193.8236859
sVlog_group_name
p225
V/aws/lambda/pywren_redis_2
p226
sVdata_key
p227
Vpywren.jobs/3217b1e7-1bc5-42c7-a58d-4646d153433a/aggdata.pickle
p228
sa(dp229
Vcallset_id
p230
V3217b1e7-1bc5-42c7-a58d-4646d153433a
p231
sVlog_stream_name
p232
V2020/12/28/[$LATEST]ffc7d0672ab043eaaba3eef5449a924b
p233
sVstdout
p234
V
sVfunc_key
p235
Vpywren.jobs/3217b1e7-1bc5-42c7-a58d-4646d153433a/func.pickle
p236
sVfree_disk_bytes
p237
I120975360
sVruntime_cached
p238
I01
sVretcode
p239
I0
sVcall_id
p240
V00005
p241
sVoutput_key
p242
Vpywren.jobs/3217b1e7-1bc5-42c7-a58d-4646d153433a/00005/output.pickle
p243
sVruntime_s3_key_used
p244
V5b826d-pywren.runtimes/default_2.7.tar.gz.0013
p245
sVaws_request_id
p246
V7dd2c256-c5b5-4db5-a5f2-19c9ede591a1
p247
sVexec_time
p248
F102.61103200912476
sVstart_time
p249
F1609154091.1795599
sVsetup_time
p250
F0.086455106735229492
sVruntime_s3_bucket_used
p251
Vpywren-runtimes-public-us-west-2
p252
sVexception
p253
NsVhost_submit_time
p254
F1609154090.938518
sVserver_info
p255
(dp256
Vuname
p257
V('Linux', '169.254.208.37', '4.14.203-112.332.amzn2.x86_64', '#1 SMP Wed Nov 4 20:46:34 UTC 2020', 'x86_64', 'x86_64')
p258
sV/proc/self/cgroup
p259
VMemTotal:        1717184 kB\u000aMemFree:         1114424 kB\u000aMemAvailable:    1484624 kB\u000aBuffers:           18060 kB\u000aCached:           466240 kB\u000aSwapCached:            0 kB\u000aActive:           107216 kB\u000aInactive:         438388 kB\u000aActive(anon):      61296 kB\u000aInactive(anon):      216 kB\u000aActive(file):      45920 kB\u000aInactive(file):   438172 kB\u000aUnevictable:           0 kB\u000aMlocked:               0 kB\u000aSwapTotal:             0 kB\u000aSwapFree:              0 kB\u000aDirty:                 4 kB\u000aWriteback:             0 kB\u000aAnonPages:         61292 kB\u000aMapped:            34984 kB\u000aShmem:               220 kB\u000aSlab:              44660 kB\u000aSReclaimable:      33232 kB\u000aSUnreclaim:        11428 kB\u000aKernelStack:        1136 kB\u000aPageTables:         1356 kB\u000aNFS_Unstable:          0 kB\u000aBounce:                0 kB\u000aWritebackTmp:          0 kB\u000aCommitLimit:      858592 kB\u000aCommitted_AS:     251992 kB\u000aVmallocTotal:   34359738367 kB\u000aVmallocUsed:           0 kB\u000aVmallocChunk:          0 kB\u000aAnonHugePages:         0 kB\u000aShmemHugePages:        0 kB\u000aShmemPmdMapped:        0 kB\u000aHugePages_Total:       0\u000aHugePages_Free:        0\u000aHugePages_Rsvd:        0\u000aHugePages_Surp:        0\u000aHugepagesize:       2048 kB\u000aDirectMap4k:       21504 kB\u000aDirectMap2M:     1740800 kB\u000a
p260
sV/proc/cgroups
p261
V#subsys_name	hierarchy	num_cgroups	enabled\u000acpuset	10	1	1\u000acpu	6	5	1\u000acpuacct	6	5	1\u000ablkio	9	1	1\u000amemory	4	5	1\u000adevices	5	1	1\u000afreezer	11	2	1\u000anet_cls	2	1	1\u000aperf_event	8	1	1\u000anet_prio	2	1	1\u000ahugetlb	3	1	1\u000apids	7	1	1\u000a
p262
sV/proc/cpuinfo
p263
Vprocessor	: 0\u000avendor_id	: GenuineIntel\u000acpu family	: 6\u000amodel		: 63\u000amodel name	: Intel(R) Xeon(R) Processor @ 2.50GHz\u000astepping	: 2\u000amicrocode	: 0x1\u000acpu MHz		: 2500.008\u000acache size	: 36608 KB\u000aphysical id	: 0\u000asiblings	: 2\u000acore id		: 0\u000acpu cores	: 2\u000aapicid		: 0\u000ainitial apicid	: 0\u000afpu		: yes\u000afpu_exception	: yes\u000acpuid level	: 13\u000awp		: yes\u000aflags		: fpu vme de pse tsc msr pae mce cx8 apic sep mtrr pge mca cmov pat pse36 clflush mmx fxsr sse sse2 ht syscall nx rdtscp lm constant_tsc rep_good nopl xtopology nonstop_tsc cpuid tsc_known_freq pni pclmulqdq ssse3 fma cx16 pcid sse4_1 sse4_2 x2apic movbe popcnt tsc_deadline_timer aes xsave avx f16c rdrand hypervisor lahf_lm abm cpuid_fault invpcid_single ssbd ibrs ibpb stibp ibrs_enhanced fsgsbase tsc_adjust bmi1 avx2 smep bmi2 erms invpcid smap xsaveopt arat md_clear arch_capabilities\u000abugs		: spectre_v1 spectre_v2 spec_store_bypass swapgs\u000abogomips	: 5000.01\u000aclflush size	: 64\u000acache_alignment	: 64\u000aaddress sizes	: 46 bits physical, 48 bits virtual\u000apower management:\u000a\u000aprocessor	: 1\u000avendor_id	: GenuineIntel\u000acpu family	: 6\u000amodel		: 63\u000amodel name	: Intel(R) Xeon(R) Processor @ 2.50GHz\u000astepping	: 2\u000amicrocode	: 0x1\u000acpu MHz		: 2500.008\u000acache size	: 36608 KB\u000aphysical id	: 0\u000asiblings	: 2\u000acore id		: 1\u000acpu cores	: 2\u000aapicid		: 1\u000ainitial apicid	: 1\u000afpu		: yes\u000afpu_exception	: yes\u000acpuid level	: 13\u000awp		: yes\u000aflags		: fpu vme de pse tsc msr pae mce cx8 apic sep mtrr pge mca cmov pat pse36 clflush mmx fxsr sse sse2 ht syscall nx rdtscp lm constant_tsc rep_good nopl xtopology nonstop_tsc cpuid tsc_known_freq pni pclmulqdq ssse3 fma cx16 pcid sse4_1 sse4_2 x2apic movbe popcnt tsc_deadline_timer aes xsave avx f16c rdrand hypervisor lahf_lm abm cpuid_fault invpcid_single ssbd ibrs ibpb stibp ibrs_enhanced fsgsbase tsc_adjust bmi1 avx2 smep bmi2 erms invpcid smap xsaveopt arat md_clear arch_capabilities\u000abugs		: spectre_v1 spectre_v2 spec_store_bypass swapgs\u000abogomips	: 5000.01\u000aclflush size	: 64\u000acache_alignment	: 64\u000aaddress sizes	: 46 bits physical, 48 bits virtual\u000apower management:\u000a\u000a
p264
sV/proc/meminfo
p265
VMemTotal:        1717184 kB\u000aMemFree:         1114424 kB\u000aMemAvailable:    1484624 kB\u000aBuffers:           18060 kB\u000aCached:           466240 kB\u000aSwapCached:            0 kB\u000aActive:           107216 kB\u000aInactive:         438388 kB\u000aActive(anon):      61296 kB\u000aInactive(anon):      216 kB\u000aActive(file):      45920 kB\u000aInactive(file):   438172 kB\u000aUnevictable:           0 kB\u000aMlocked:               0 kB\u000aSwapTotal:             0 kB\u000aSwapFree:              0 kB\u000aDirty:                 4 kB\u000aWriteback:             0 kB\u000aAnonPages:         61292 kB\u000aMapped:            34984 kB\u000aShmem:               220 kB\u000aSlab:              44660 kB\u000aSReclaimable:      33232 kB\u000aSUnreclaim:        11428 kB\u000aKernelStack:        1136 kB\u000aPageTables:         1356 kB\u000aNFS_Unstable:          0 kB\u000aBounce:                0 kB\u000aWritebackTmp:          0 kB\u000aCommitLimit:      858592 kB\u000aCommitted_AS:     251992 kB\u000aVmallocTotal:   34359738367 kB\u000aVmallocUsed:           0 kB\u000aVmallocChunk:          0 kB\u000aAnonHugePages:         0 kB\u000aShmemHugePages:        0 kB\u000aShmemPmdMapped:        0 kB\u000aHugePages_Total:       0\u000aHugePages_Free:        0\u000aHugePages_Rsvd:        0\u000aHugePages_Surp:        0\u000aHugepagesize:       2048 kB\u000aDirectMap4k:       21504 kB\u000aDirectMap2M:     1740800 kB\u000a
p266
ssVstatus_key
p267
Vpywren.jobs/3217b1e7-1bc5-42c7-a58d-4646d153433a/00005/status.json
p268
sVend_time
p269
F1609154193.8770421
sVlog_group_name
p270
V/aws/lambda/pywren_redis_2
p271
sVdata_key
p272
Vpywren.jobs/3217b1e7-1bc5-42c7-a58d-4646d153433a/aggdata.pickle
p273
sa(dp274
Vcallset_id
p275
V3217b1e7-1bc5-42c7-a58d-4646d153433a
p276
sVlog_stream_name
p277
V2020/12/28/[$LATEST]703bb6fb5023467392bd408a80a468e2
p278
sVstdout
p279
V
sVfunc_key
p280
Vpywren.jobs/3217b1e7-1bc5-42c7-a58d-4646d153433a/func.pickle
p281
sVfree_disk_bytes
p282
I120975360
sVruntime_cached
p283
I01
sVretcode
p284
I0
sVcall_id
p285
V00006
p286
sVoutput_key
p287
Vpywren.jobs/3217b1e7-1bc5-42c7-a58d-4646d153433a/00006/output.pickle
p288
sVruntime_s3_key_used
p289
V6fb970-pywren.runtimes/default_2.7.tar.gz.0026
p290
sVaws_request_id
p291
Ve3870415-9ac6-49e7-8316-ef0d38aee237
p292
sVexec_time
p293
F116.53824615478516
sVstart_time
p294
F1609154091.1809039
sVsetup_time
p295
F0.067795991897583008
sVruntime_s3_bucket_used
p296
Vpywren-runtimes-public-us-west-2
p297
sVexception
p298
NsVhost_submit_time
p299
F1609154090.945673
sVserver_info
p300
(dp301
Vuname
p302
V('Linux', '169.254.51.197', '4.14.203-112.332.amzn2.x86_64', '#1 SMP Wed Nov 4 20:46:34 UTC 2020', 'x86_64', 'x86_64')
p303
sV/proc/self/cgroup
p304
VMemTotal:        1717184 kB\u000aMemFree:         1114812 kB\u000aMemAvailable:    1483792 kB\u000aBuffers:           18688 kB\u000aCached:           464456 kB\u000aSwapCached:            0 kB\u000aActive:           108512 kB\u000aInactive:         436616 kB\u000aActive(anon):      61976 kB\u000aInactive(anon):      216 kB\u000aActive(file):      46536 kB\u000aInactive(file):   436400 kB\u000aUnevictable:           0 kB\u000aMlocked:               0 kB\u000aSwapTotal:             0 kB\u000aSwapFree:              0 kB\u000aDirty:               228 kB\u000aWriteback:             0 kB\u000aAnonPages:         61984 kB\u000aMapped:            35496 kB\u000aShmem:               220 kB\u000aSlab:              44320 kB\u000aSReclaimable:      33104 kB\u000aSUnreclaim:        11216 kB\u000aKernelStack:        1152 kB\u000aPageTables:         1292 kB\u000aNFS_Unstable:          0 kB\u000aBounce:                0 kB\u000aWritebackTmp:          0 kB\u000aCommitLimit:      858592 kB\u000aCommitted_AS:     253024 kB\u000aVmallocTotal:   34359738367 kB\u000aVmallocUsed:           0 kB\u000aVmallocChunk:          0 kB\u000aAnonHugePages:         0 kB\u000aShmemHugePages:        0 kB\u000aShmemPmdMapped:        0 kB\u000aHugePages_Total:       0\u000aHugePages_Free:        0\u000aHugePages_Rsvd:        0\u000aHugePages_Surp:        0\u000aHugepagesize:       2048 kB\u000aDirectMap4k:       21504 kB\u000aDirectMap2M:     1740800 kB\u000a
p305
sV/proc/cgroups
p306
V#subsys_name	hierarchy	num_cgroups	enabled\u000acpuset	11	1	1\u000acpu	2	5	1\u000acpuacct	2	5	1\u000ablkio	9	1	1\u000amemory	8	5	1\u000adevices	4	1	1\u000afreezer	10	2	1\u000anet_cls	7	1	1\u000aperf_event	3	1	1\u000anet_prio	7	1	1\u000ahugetlb	6	1	1\u000apids	5	1	1\u000a
p307
sV/proc/cpuinfo
p308
Vprocessor	: 0\u000avendor_id	: GenuineIntel\u000acpu family	: 6\u000amodel		: 63\u000amodel name	: Intel(R) Xeon(R) Processor @ 2.50GHz\u000astepping	: 2\u000amicrocode	: 0x1\u000acpu MHz		: 2500.012\u000acache size	: 33792 KB\u000aphysical id	: 0\u000asiblings	: 2\u000acore id		: 0\u000acpu cores	: 2\u000aapicid		: 0\u000ainitial apicid	: 0\u000afpu		: yes\u000afpu_exception	: yes\u000acpuid level	: 13\u000awp		: yes\u000aflags		: fpu vme de pse tsc msr pae mce cx8 apic sep mtrr pge mca cmov pat pse36 clflush mmx fxsr sse sse2 ht syscall nx rdtscp lm constant_tsc rep_good nopl xtopology nonstop_tsc cpuid tsc_known_freq pni pclmulqdq ssse3 fma cx16 pcid sse4_1 sse4_2 x2apic movbe popcnt tsc_deadline_timer aes xsave avx f16c rdrand hypervisor lahf_lm abm cpuid_fault invpcid_single pti ssbd ibrs ibpb stibp fsgsbase tsc_adjust bmi1 avx2 smep bmi2 erms invpcid smap xsaveopt arat md_clear arch_capabilities\u000abugs		: cpu_meltdown spectre_v1 spectre_v2 spec_store_bypass l1tf mds swapgs\u000abogomips	: 5000.02\u000aclflush size	: 64\u000acache_alignment	: 64\u000aaddress sizes	: 46 bits physical, 48 bits virtual\u000apower management:\u000a\u000aprocessor	: 1\u000avendor_id	: GenuineIntel\u000acpu family	: 6\u000amodel		: 63\u000amodel name	: Intel(R) Xeon(R) Processor @ 2.50GHz\u000astepping	: 2\u000amicrocode	: 0x1\u000acpu MHz		: 2500.012\u000acache size	: 33792 KB\u000aphysical id	: 0\u000asiblings	: 2\u000acore id		: 1\u000acpu cores	: 2\u000aapicid		: 1\u000ainitial apicid	: 1\u000afpu		: yes\u000afpu_exception	: yes\u000acpuid level	: 13\u000awp		: yes\u000aflags		: fpu vme de pse tsc msr pae mce cx8 apic sep mtrr pge mca cmov pat pse36 clflush mmx fxsr sse sse2 ht syscall nx rdtscp lm constant_tsc rep_good nopl xtopology nonstop_tsc cpuid tsc_known_freq pni pclmulqdq ssse3 fma cx16 pcid sse4_1 sse4_2 x2apic movbe popcnt tsc_deadline_timer aes xsave avx f16c rdrand hypervisor lahf_lm abm cpuid_fault invpcid_single pti ssbd ibrs ibpb stibp fsgsbase tsc_adjust bmi1 avx2 smep bmi2 erms invpcid smap xsaveopt arat md_clear arch_capabilities\u000abugs		: cpu_meltdown spectre_v1 spectre_v2 spec_store_bypass l1tf mds swapgs\u000abogomips	: 5000.02\u000aclflush size	: 64\u000acache_alignment	: 64\u000aaddress sizes	: 46 bits physical, 48 bits virtual\u000apower management:\u000a\u000a
p309
sV/proc/meminfo
p310
VMemTotal:        1717184 kB\u000aMemFree:         1114812 kB\u000aMemAvailable:    1483792 kB\u000aBuffers:           18688 kB\u000aCached:           464456 kB\u000aSwapCached:            0 kB\u000aActive:           108512 kB\u000aInactive:         436616 kB\u000aActive(anon):      61976 kB\u000aInactive(anon):      216 kB\u000aActive(file):      46536 kB\u000aInactive(file):   436400 kB\u000aUnevictable:           0 kB\u000aMlocked:               0 kB\u000aSwapTotal:             0 kB\u000aSwapFree:              0 kB\u000aDirty:               228 kB\u000aWriteback:             0 kB\u000aAnonPages:         61984 kB\u000aMapped:            35496 kB\u000aShmem:               220 kB\u000aSlab:              44320 kB\u000aSReclaimable:      33104 kB\u000aSUnreclaim:        11216 kB\u000aKernelStack:        1152 kB\u000aPageTables:         1292 kB\u000aNFS_Unstable:          0 kB\u000aBounce:                0 kB\u000aWritebackTmp:          0 kB\u000aCommitLimit:      858592 kB\u000aCommitted_AS:     253024 kB\u000aVmallocTotal:   34359738367 kB\u000aVmallocUsed:           0 kB\u000aVmallocChunk:          0 kB\u000aAnonHugePages:         0 kB\u000aShmemHugePages:        0 kB\u000aShmemPmdMapped:        0 kB\u000aHugePages_Total:       0\u000aHugePages_Free:        0\u000aHugePages_Rsvd:        0\u000aHugePages_Surp:        0\u000aHugepagesize:       2048 kB\u000aDirectMap4k:       21504 kB\u000aDirectMap2M:     1740800 kB\u000a
p311
ssVstatus_key
p312
Vpywren.jobs/3217b1e7-1bc5-42c7-a58d-4646d153433a/00006/status.json
p313
sVend_time
p314
F1609154207.7869401
sVlog_group_name
p315
V/aws/lambda/pywren_redis_2
p316
sVdata_key
p317
Vpywren.jobs/3217b1e7-1bc5-42c7-a58d-4646d153433a/aggdata.pickle
p318
sa(dp319
Vcallset_id
p320
V3217b1e7-1bc5-42c7-a58d-4646d153433a
p321
sVlog_stream_name
p322
V2020/12/28/[$LATEST]678eae1b82cd49fdbeff644cdbb4bf04
p323
sVstdout
p324
V
sVfunc_key
p325
Vpywren.jobs/3217b1e7-1bc5-42c7-a58d-4646d153433a/func.pickle
p326
sVfree_disk_bytes
p327
I120975360
sVruntime_cached
p328
I01
sVretcode
p329
I0
sVcall_id
p330
V00007
p331
sVoutput_key
p332
Vpywren.jobs/3217b1e7-1bc5-42c7-a58d-4646d153433a/00007/output.pickle
p333
sVruntime_s3_key_used
p334
Vb96969-pywren.runtimes/default_2.7.tar.gz.0093
p335
sVaws_request_id
p336
Vbed738a0-5574-4176-b5fd-a4680a3464c0
p337
sVexec_time
p338
F154.84931492805481
sVstart_time
p339
F1609154091.1801209
sVsetup_time
p340
F0.10554003715515137
sVruntime_s3_bucket_used
p341
Vpywren-runtimes-public-us-west-2
p342
sVexception
p343
NsVhost_submit_time
p344
F1609154090.951396
sVserver_info
p345
(dp346
Vuname
p347
V('Linux', '169.254.25.237', '4.14.203-112.332.amzn2.x86_64', '#1 SMP Wed Nov 4 20:46:34 UTC 2020', 'x86_64', 'x86_64')
p348
sV/proc/self/cgroup
p349
VMemTotal:        1717184 kB\u000aMemFree:         1113992 kB\u000aMemAvailable:    1484604 kB\u000aBuffers:           18356 kB\u000aCached:           466476 kB\u000aSwapCached:            0 kB\u000aActive:           108496 kB\u000aInactive:         438496 kB\u000aActive(anon):      62144 kB\u000aInactive(anon):      216 kB\u000aActive(file):      46352 kB\u000aInactive(file):   438280 kB\u000aUnevictable:           0 kB\u000aMlocked:               0 kB\u000aSwapTotal:             0 kB\u000aSwapFree:              0 kB\u000aDirty:               232 kB\u000aWriteback:             0 kB\u000aAnonPages:         62148 kB\u000aMapped:            35260 kB\u000aShmem:               220 kB\u000aSlab:              43280 kB\u000aSReclaimable:      32976 kB\u000aSUnreclaim:        10304 kB\u000aKernelStack:        1136 kB\u000aPageTables:         1336 kB\u000aNFS_Unstable:          0 kB\u000aBounce:                0 kB\u000aWritebackTmp:          0 kB\u000aCommitLimit:      858592 kB\u000aCommitted_AS:     250964 kB\u000aVmallocTotal:   34359738367 kB\u000aVmallocUsed:           0 kB\u000aVmallocChunk:          0 kB\u000aAnonHugePages:         0 kB\u000aShmemHugePages:        0 kB\u000aShmemPmdMapped:        0 kB\u000aHugePages_Total:       0\u000aHugePages_Free:        0\u000aHugePages_Rsvd:        0\u000aHugePages_Surp:        0\u000aHugepagesize:       2048 kB\u000aDirectMap4k:       21504 kB\u000aDirectMap2M:     1740800 kB\u000a
p350
sV/proc/cgroups
p351
V#subsys_name	hierarchy	num_cgroups	enabled\u000acpuset	9	1	1\u000acpu	11	5	1\u000acpuacct	11	5	1\u000ablkio	7	1	1\u000amemory	4	5	1\u000adevices	8	1	1\u000afreezer	2	2	1\u000anet_cls	5	1	1\u000aperf_event	10	1	1\u000anet_prio	5	1	1\u000ahugetlb	6	1	1\u000apids	3	1	1\u000a
p352
sV/proc/cpuinfo
p353
Vprocessor	: 0\u000avendor_id	: GenuineIntel\u000acpu family	: 6\u000amodel		: 63\u000amodel name	: Intel(R) Xeon(R) Processor @ 2.50GHz\u000astepping	: 2\u000amicrocode	: 0x1\u000acpu MHz		: 2500.010\u000acache size	: 36608 KB\u000aphysical id	: 0\u000asiblings	: 2\u000acore id		: 0\u000acpu cores	: 2\u000aapicid		: 0\u000ainitial apicid	: 0\u000afpu		: yes\u000afpu_exception	: yes\u000acpuid level	: 13\u000awp		: yes\u000aflags		: fpu vme de pse tsc msr pae mce cx8 apic sep mtrr pge mca cmov pat pse36 clflush mmx fxsr sse sse2 ht syscall nx rdtscp lm constant_tsc rep_good nopl xtopology nonstop_tsc cpuid tsc_known_freq pni pclmulqdq ssse3 fma cx16 pcid sse4_1 sse4_2 x2apic movbe popcnt tsc_deadline_timer aes xsave avx f16c rdrand hypervisor lahf_lm abm cpuid_fault invpcid_single ssbd ibrs ibpb stibp ibrs_enhanced fsgsbase tsc_adjust bmi1 avx2 smep bmi2 erms invpcid smap xsaveopt arat md_clear arch_capabilities\u000abugs		: spectre_v1 spectre_v2 spec_store_bypass swapgs\u000abogomips	: 5000.02\u000aclflush size	: 64\u000acache_alignment	: 64\u000aaddress sizes	: 46 bits physical, 48 bits virtual\u000apower management:\u000a\u000aprocessor	: 1\u000avendor_id	: GenuineIntel\u000acpu family	: 6\u000amodel		: 63\u000amodel name	: Intel(R) Xeon(R) Processor @ 2.50GHz\u000astepping	: 2\u000amicrocode	: 0x1\u000acpu MHz		: 2500.010\u000acache size	: 36608 KB\u000aphysical id	: 0\u000asiblings	: 2\u000acore id		: 1\u000acpu cores	: 2\u000aapicid		: 1\u000ainitial apicid	: 1\u000afpu		: yes\u000afpu_exception	: yes\u000acpuid level	: 13\u000awp		: yes\u000aflags		: fpu vme de pse tsc msr pae mce cx8 apic sep mtrr pge mca cmov pat pse36 clflush mmx fxsr sse sse2 ht syscall nx rdtscp lm constant_tsc rep_good nopl xtopology nonstop_tsc cpuid tsc_known_freq pni pclmulqdq ssse3 fma cx16 pcid sse4_1 sse4_2 x2apic movbe popcnt tsc_deadline_timer aes xsave avx f16c rdrand hypervisor lahf_lm abm cpuid_fault invpcid_single ssbd ibrs ibpb stibp ibrs_enhanced fsgsbase tsc_adjust bmi1 avx2 smep bmi2 erms invpcid smap xsaveopt arat md_clear arch_capabilities\u000abugs		: spectre_v1 spectre_v2 spec_store_bypass swapgs\u000abogomips	: 5000.02\u000aclflush size	: 64\u000acache_alignment	: 64\u000aaddress sizes	: 46 bits physical, 48 bits virtual\u000apower management:\u000a\u000a
p354
sV/proc/meminfo
p355
VMemTotal:        1717184 kB\u000aMemFree:         1113992 kB\u000aMemAvailable:    1484604 kB\u000aBuffers:           18356 kB\u000aCached:           466476 kB\u000aSwapCached:            0 kB\u000aActive:           108496 kB\u000aInactive:         438496 kB\u000aActive(anon):      62144 kB\u000aInactive(anon):      216 kB\u000aActive(file):      46352 kB\u000aInactive(file):   438280 kB\u000aUnevictable:           0 kB\u000aMlocked:               0 kB\u000aSwapTotal:             0 kB\u000aSwapFree:              0 kB\u000aDirty:               232 kB\u000aWriteback:             0 kB\u000aAnonPages:         62148 kB\u000aMapped:            35260 kB\u000aShmem:               220 kB\u000aSlab:              43280 kB\u000aSReclaimable:      32976 kB\u000aSUnreclaim:        10304 kB\u000aKernelStack:        1136 kB\u000aPageTables:         1336 kB\u000aNFS_Unstable:          0 kB\u000aBounce:                0 kB\u000aWritebackTmp:          0 kB\u000aCommitLimit:      858592 kB\u000aCommitted_AS:     250964 kB\u000aVmallocTotal:   34359738367 kB\u000aVmallocUsed:           0 kB\u000aVmallocChunk:          0 kB\u000aAnonHugePages:         0 kB\u000aShmemHugePages:        0 kB\u000aShmemPmdMapped:        0 kB\u000aHugePages_Total:       0\u000aHugePages_Free:        0\u000aHugePages_Rsvd:        0\u000aHugePages_Surp:        0\u000aHugepagesize:       2048 kB\u000aDirectMap4k:       21504 kB\u000aDirectMap2M:     1740800 kB\u000a
p356
ssVstatus_key
p357
Vpywren.jobs/3217b1e7-1bc5-42c7-a58d-4646d153433a/00007/status.json
p358
sVend_time
p359
F1609154246.134969
sVlog_group_name
p360
V/aws/lambda/pywren_redis_2
p361
sVdata_key
p362
Vpywren.jobs/3217b1e7-1bc5-42c7-a58d-4646d153433a/aggdata.pickle
p363
sa(dp364
Vcallset_id
p365
V3217b1e7-1bc5-42c7-a58d-4646d153433a
p366
sVlog_stream_name
p367
V2020/12/28/[$LATEST]0a7add273c9347a69c456f01d0472f03
p368
sVstdout
p369
V
sVfunc_key
p370
Vpywren.jobs/3217b1e7-1bc5-42c7-a58d-4646d153433a/func.pickle
p371
sVfree_disk_bytes
p372
I120975360
sVruntime_cached
p373
I01
sVretcode
p374
I0
sVcall_id
p375
V00008
p376
sVoutput_key
p377
Vpywren.jobs/3217b1e7-1bc5-42c7-a58d-4646d153433a/00008/output.pickle
p378
sVruntime_s3_key_used
p379
Vbc07c9-pywren.runtimes/default_2.7.tar.gz.0058
p380
sVaws_request_id
p381
V6f1bcbac-eddd-4b26-ab74-5851334930fe
p382
sVexec_time
p383
F120.59190201759338
sVstart_time
p384
F1609154091.1911011
sVsetup_time
p385
F0.096925020217895508
sVruntime_s3_bucket_used
p386
Vpywren-runtimes-public-us-west-2
p387
sVexception
p388
NsVhost_submit_time
p389
F1609154090.9498501
sVserver_info
p390
(dp391
Vuname
p392
V('Linux', '169.254.109.205', '4.14.203-112.332.amzn2.x86_64', '#1 SMP Wed Nov 4 20:46:34 UTC 2020', 'x86_64', 'x86_64')
p393
sV/proc/self/cgroup
p394
VMemTotal:        1717184 kB\u000aMemFree:         1114236 kB\u000aMemAvailable:    1484756 kB\u000aBuffers:           18272 kB\u000aCached:           466480 kB\u000aSwapCached:            0 kB\u000aActive:           109120 kB\u000aInactive:         437708 kB\u000aActive(anon):      62068 kB\u000aInactive(anon):      216 kB\u000aActive(file):      47052 kB\u000aInactive(file):   437492 kB\u000aUnevictable:           0 kB\u000aMlocked:               0 kB\u000aSwapTotal:             0 kB\u000aSwapFree:              0 kB\u000aDirty:                12 kB\u000aWriteback:             0 kB\u000aAnonPages:         62060 kB\u000aMapped:            35300 kB\u000aShmem:               220 kB\u000aSlab:              43360 kB\u000aSReclaimable:      32964 kB\u000aSUnreclaim:        10396 kB\u000aKernelStack:        1144 kB\u000aPageTables:         1268 kB\u000aNFS_Unstable:          0 kB\u000aBounce:                0 kB\u000aWritebackTmp:          0 kB\u000aCommitLimit:      858592 kB\u000aCommitted_AS:     254344 kB\u000aVmallocTotal:   34359738367 kB\u000aVmallocUsed:           0 kB\u000aVmallocChunk:          0 kB\u000aAnonHugePages:         0 kB\u000aShmemHugePages:        0 kB\u000aShmemPmdMapped:        0 kB\u000aHugePages_Total:       0\u000aHugePages_Free:        0\u000aHugePages_Rsvd:        0\u000aHugePages_Surp:        0\u000aHugepagesize:       2048 kB\u000aDirectMap4k:       23552 kB\u000aDirectMap2M:     1738752 kB\u000a
p395
sV/proc/cgroups
p396
V#subsys_name	hierarchy	num_cgroups	enabled\u000acpuset	9	1	1\u000acpu	8	5	1\u000acpuacct	8	5	1\u000ablkio	10	1	1\u000amemory	6	5	1\u000adevices	3	1	1\u000afreezer	5	2	1\u000anet_cls	7	1	1\u000aperf_event	11	1	1\u000anet_prio	7	1	1\u000ahugetlb	4	1	1\u000apids	2	1	1\u000a
p397
sV/proc/cpuinfo
p398
Vprocessor	: 0\u000avendor_id	: GenuineIntel\u000acpu family	: 6\u000amodel		: 63\u000amodel name	: Intel(R) Xeon(R) Processor @ 2.50GHz\u000astepping	: 2\u000amicrocode	: 0x1\u000acpu MHz		: 2500.012\u000acache size	: 33792 KB\u000aphysical id	: 0\u000asiblings	: 2\u000acore id		: 0\u000acpu cores	: 2\u000aapicid		: 0\u000ainitial apicid	: 0\u000afpu		: yes\u000afpu_exception	: yes\u000acpuid level	: 13\u000awp		: yes\u000aflags		: fpu vme de pse tsc msr pae mce cx8 apic sep mtrr pge mca cmov pat pse36 clflush mmx fxsr sse sse2 ht syscall nx rdtscp lm constant_tsc rep_good nopl xtopology nonstop_tsc cpuid tsc_known_freq pni pclmulqdq ssse3 fma cx16 pcid sse4_1 sse4_2 x2apic movbe popcnt tsc_deadline_timer aes xsave avx f16c rdrand hypervisor lahf_lm abm cpuid_fault invpcid_single pti ssbd ibrs ibpb stibp fsgsbase tsc_adjust bmi1 avx2 smep bmi2 erms invpcid smap xsaveopt arat md_clear arch_capabilities\u000abugs		: cpu_meltdown spectre_v1 spectre_v2 spec_store_bypass l1tf mds swapgs\u000abogomips	: 5000.02\u000aclflush size	: 64\u000acache_alignment	: 64\u000aaddress sizes	: 46 bits physical, 48 bits virtual\u000apower management:\u000a\u000aprocessor	: 1\u000avendor_id	: GenuineIntel\u000acpu family	: 6\u000amodel		: 63\u000amodel name	: Intel(R) Xeon(R) Processor @ 2.50GHz\u000astepping	: 2\u000amicrocode	: 0x1\u000acpu MHz		: 2500.012\u000acache size	: 33792 KB\u000aphysical id	: 0\u000asiblings	: 2\u000acore id		: 1\u000acpu cores	: 2\u000aapicid		: 1\u000ainitial apicid	: 1\u000afpu		: yes\u000afpu_exception	: yes\u000acpuid level	: 13\u000awp		: yes\u000aflags		: fpu vme de pse tsc msr pae mce cx8 apic sep mtrr pge mca cmov pat pse36 clflush mmx fxsr sse sse2 ht syscall nx rdtscp lm constant_tsc rep_good nopl xtopology nonstop_tsc cpuid tsc_known_freq pni pclmulqdq ssse3 fma cx16 pcid sse4_1 sse4_2 x2apic movbe popcnt tsc_deadline_timer aes xsave avx f16c rdrand hypervisor lahf_lm abm cpuid_fault invpcid_single pti ssbd ibrs ibpb stibp fsgsbase tsc_adjust bmi1 avx2 smep bmi2 erms invpcid smap xsaveopt arat md_clear arch_capabilities\u000abugs		: cpu_meltdown spectre_v1 spectre_v2 spec_store_bypass l1tf mds swapgs\u000abogomips	: 5000.02\u000aclflush size	: 64\u000acache_alignment	: 64\u000aaddress sizes	: 46 bits physical, 48 bits virtual\u000apower management:\u000a\u000a
p399
sV/proc/meminfo
p400
VMemTotal:        1717184 kB\u000aMemFree:         1114236 kB\u000aMemAvailable:    1484756 kB\u000aBuffers:           18272 kB\u000aCached:           466480 kB\u000aSwapCached:            0 kB\u000aActive:           109120 kB\u000aInactive:         437708 kB\u000aActive(anon):      62068 kB\u000aInactive(anon):      216 kB\u000aActive(file):      47052 kB\u000aInactive(file):   437492 kB\u000aUnevictable:           0 kB\u000aMlocked:               0 kB\u000aSwapTotal:             0 kB\u000aSwapFree:              0 kB\u000aDirty:                12 kB\u000aWriteback:             0 kB\u000aAnonPages:         62060 kB\u000aMapped:            35300 kB\u000aShmem:               220 kB\u000aSlab:              43360 kB\u000aSReclaimable:      32964 kB\u000aSUnreclaim:        10396 kB\u000aKernelStack:        1144 kB\u000aPageTables:         1268 kB\u000aNFS_Unstable:          0 kB\u000aBounce:                0 kB\u000aWritebackTmp:          0 kB\u000aCommitLimit:      858592 kB\u000aCommitted_AS:     254344 kB\u000aVmallocTotal:   34359738367 kB\u000aVmallocUsed:           0 kB\u000aVmallocChunk:          0 kB\u000aAnonHugePages:         0 kB\u000aShmemHugePages:        0 kB\u000aShmemPmdMapped:        0 kB\u000aHugePages_Total:       0\u000aHugePages_Free:        0\u000aHugePages_Rsvd:        0\u000aHugePages_Surp:        0\u000aHugepagesize:       2048 kB\u000aDirectMap4k:       23552 kB\u000aDirectMap2M:     1738752 kB\u000a
p401
ssVstatus_key
p402
Vpywren.jobs/3217b1e7-1bc5-42c7-a58d-4646d153433a/00008/status.json
p403
sVend_time
p404
F1609154211.8799231
sVlog_group_name
p405
V/aws/lambda/pywren_redis_2
p406
sVdata_key
p407
Vpywren.jobs/3217b1e7-1bc5-42c7-a58d-4646d153433a/aggdata.pickle
p408
sa(dp409
Vcallset_id
p410
V3217b1e7-1bc5-42c7-a58d-4646d153433a
p411
sVlog_stream_name
p412
V2020/12/28/[$LATEST]3c29ed73c7f34bf8b7d78108e5f5bf6f
p413
sVstdout
p414
V
sVfunc_key
p415
Vpywren.jobs/3217b1e7-1bc5-42c7-a58d-4646d153433a/func.pickle
p416
sVfree_disk_bytes
p417
I120975360
sVruntime_cached
p418
I01
sVretcode
p419
I0
sVcall_id
p420
V00009
p421
sVoutput_key
p422
Vpywren.jobs/3217b1e7-1bc5-42c7-a58d-4646d153433a/00009/output.pickle
p423
sVruntime_s3_key_used
p424
V334bcf-pywren.runtimes/default_2.7.tar.gz.0082
p425
sVaws_request_id
p426
Ve01c46f4-6741-41e6-960f-8ee4155c7d4b
p427
sVexec_time
p428
F108.44160294532776
sVstart_time
p429
F1609154091.170759
sVsetup_time
p430
F0.072461128234863281
sVruntime_s3_bucket_used
p431
Vpywren-runtimes-public-us-west-2
p432
sVexception
p433
NsVhost_submit_time
p434
F1609154090.966177
sVserver_info
p435
(dp436
Vuname
p437
V('Linux', '169.254.220.229', '4.14.203-112.332.amzn2.x86_64', '#1 SMP Wed Nov 4 20:46:34 UTC 2020', 'x86_64', 'x86_64')
p438
sV/proc/self/cgroup
p439
VMemTotal:        1717184 kB\u000aMemFree:         1115688 kB\u000aMemAvailable:    1484208 kB\u000aBuffers:           18236 kB\u000aCached:           464420 kB\u000aSwapCached:            0 kB\u000aActive:           108064 kB\u000aInactive:         436660 kB\u000aActive(anon):      62048 kB\u000aInactive(anon):      216 kB\u000aActive(file):      46016 kB\u000aInactive(file):   436444 kB\u000aUnevictable:           0 kB\u000aMlocked:               0 kB\u000aSwapTotal:             0 kB\u000aSwapFree:              0 kB\u000aDirty:                 0 kB\u000aWriteback:             0 kB\u000aAnonPages:         62056 kB\u000aMapped:            35660 kB\u000aShmem:               220 kB\u000aSlab:              44080 kB\u000aSReclaimable:      33136 kB\u000aSUnreclaim:        10944 kB\u000aKernelStack:        1152 kB\u000aPageTables:         1408 kB\u000aNFS_Unstable:          0 kB\u000aBounce:                0 kB\u000aWritebackTmp:          0 kB\u000aCommitLimit:      858592 kB\u000aCommitted_AS:     254328 kB\u000aVmallocTotal:   34359738367 kB\u000aVmallocUsed:           0 kB\u000aVmallocChunk:          0 kB\u000aAnonHugePages:         0 kB\u000aShmemHugePages:        0 kB\u000aShmemPmdMapped:        0 kB\u000aHugePages_Total:       0\u000aHugePages_Free:        0\u000aHugePages_Rsvd:        0\u000aHugePages_Surp:        0\u000aHugepagesize:       2048 kB\u000aDirectMap4k:       21504 kB\u000aDirectMap2M:     1740800 kB\u000a
p440
sV/proc/cgroups
p441
V#subsys_name	hierarchy	num_cgroups	enabled\u000acpuset	10	1	1\u000acpu	2	5	1\u000acpuacct	2	5	1\u000ablkio	9	1	1\u000amemory	3	5	1\u000adevices	8	1	1\u000afreezer	4	2	1\u000anet_cls	6	1	1\u000aperf_event	5	1	1\u000anet_prio	6	1	1\u000ahugetlb	11	1	1\u000apids	7	1	1\u000a
p442
sV/proc/cpuinfo
p443
Vprocessor	: 0\u000avendor_id	: GenuineIntel\u000acpu family	: 6\u000amodel		: 63\u000amodel name	: Intel(R) Xeon(R) Processor @ 2.50GHz\u000astepping	: 2\u000amicrocode	: 0x1\u000acpu MHz		: 2500.010\u000acache size	: 33792 KB\u000aphysical id	: 0\u000asiblings	: 2\u000acore id		: 0\u000acpu cores	: 2\u000aapicid		: 0\u000ainitial apicid	: 0\u000afpu		: yes\u000afpu_exception	: yes\u000acpuid level	: 13\u000awp		: yes\u000aflags		: fpu vme de pse tsc msr pae mce cx8 apic sep mtrr pge mca cmov pat pse36 clflush mmx fxsr sse sse2 ht syscall nx rdtscp lm constant_tsc rep_good nopl xtopology nonstop_tsc cpuid tsc_known_freq pni pclmulqdq ssse3 fma cx16 pcid sse4_1 sse4_2 x2apic movbe popcnt tsc_deadline_timer aes xsave avx f16c rdrand hypervisor lahf_lm abm cpuid_fault invpcid_single pti ssbd ibrs ibpb stibp fsgsbase tsc_adjust bmi1 avx2 smep bmi2 erms invpcid smap xsaveopt arat md_clear arch_capabilities\u000abugs		: cpu_meltdown spectre_v1 spectre_v2 spec_store_bypass l1tf mds swapgs\u000abogomips	: 5000.02\u000aclflush size	: 64\u000acache_alignment	: 64\u000aaddress sizes	: 46 bits physical, 48 bits virtual\u000apower management:\u000a\u000aprocessor	: 1\u000avendor_id	: GenuineIntel\u000acpu family	: 6\u000amodel		: 63\u000amodel name	: Intel(R) Xeon(R) Processor @ 2.50GHz\u000astepping	: 2\u000amicrocode	: 0x1\u000acpu MHz		: 2500.010\u000acache size	: 33792 KB\u000aphysical id	: 0\u000asiblings	: 2\u000acore id		: 1\u000acpu cores	: 2\u000aapicid		: 1\u000ainitial apicid	: 1\u000afpu		: yes\u000afpu_exception	: yes\u000acpuid level	: 13\u000awp		: yes\u000aflags		: fpu vme de pse tsc msr pae mce cx8 apic sep mtrr pge mca cmov pat pse36 clflush mmx fxsr sse sse2 ht syscall nx rdtscp lm constant_tsc rep_good nopl xtopology nonstop_tsc cpuid tsc_known_freq pni pclmulqdq ssse3 fma cx16 pcid sse4_1 sse4_2 x2apic movbe popcnt tsc_deadline_timer aes xsave avx f16c rdrand hypervisor lahf_lm abm cpuid_fault invpcid_single pti ssbd ibrs ibpb stibp fsgsbase tsc_adjust bmi1 avx2 smep bmi2 erms invpcid smap xsaveopt arat md_clear arch_capabilities\u000abugs		: cpu_meltdown spectre_v1 spectre_v2 spec_store_bypass l1tf mds swapgs\u000abogomips	: 5000.02\u000aclflush size	: 64\u000acache_alignment	: 64\u000aaddress sizes	: 46 bits physical, 48 bits virtual\u000apower management:\u000a\u000a
p444
sV/proc/meminfo
p445
VMemTotal:        1717184 kB\u000aMemFree:         1115688 kB\u000aMemAvailable:    1484208 kB\u000aBuffers:           18236 kB\u000aCached:           464420 kB\u000aSwapCached:            0 kB\u000aActive:           108064 kB\u000aInactive:         436660 kB\u000aActive(anon):      62048 kB\u000aInactive(anon):      216 kB\u000aActive(file):      46016 kB\u000aInactive(file):   436444 kB\u000aUnevictable:           0 kB\u000aMlocked:               0 kB\u000aSwapTotal:             0 kB\u000aSwapFree:              0 kB\u000aDirty:                 0 kB\u000aWriteback:             0 kB\u000aAnonPages:         62056 kB\u000aMapped:            35660 kB\u000aShmem:               220 kB\u000aSlab:              44080 kB\u000aSReclaimable:      33136 kB\u000aSUnreclaim:        10944 kB\u000aKernelStack:        1152 kB\u000aPageTables:         1408 kB\u000aNFS_Unstable:          0 kB\u000aBounce:                0 kB\u000aWritebackTmp:          0 kB\u000aCommitLimit:      858592 kB\u000aCommitted_AS:     254328 kB\u000aVmallocTotal:   34359738367 kB\u000aVmallocUsed:           0 kB\u000aVmallocChunk:          0 kB\u000aAnonHugePages:         0 kB\u000aShmemHugePages:        0 kB\u000aShmemPmdMapped:        0 kB\u000aHugePages_Total:       0\u000aHugePages_Free:        0\u000aHugePages_Rsvd:        0\u000aHugePages_Surp:        0\u000aHugepagesize:       2048 kB\u000aDirectMap4k:       21504 kB\u000aDirectMap2M:     1740800 kB\u000a
p446
ssVstatus_key
p447
Vpywren.jobs/3217b1e7-1bc5-42c7-a58d-4646d153433a/00009/status.json
p448
sVend_time
p449
F1609154199.6848149
sVlog_group_name
p450
V/aws/lambda/pywren_redis_2
p451
sVdata_key
p452
Vpywren.jobs/3217b1e7-1bc5-42c7-a58d-4646d153433a/aggdata.pickle
p453
sa(dp454
Vcallset_id
p455
V3217b1e7-1bc5-42c7-a58d-4646d153433a
p456
sVlog_stream_name
p457
V2020/12/28/[$LATEST]5181267a9b284e778c7ee97d3f5b545a
p458
sVstdout
p459
V
sVfunc_key
p460
Vpywren.jobs/3217b1e7-1bc5-42c7-a58d-4646d153433a/func.pickle
p461
sVfree_disk_bytes
p462
I120975360
sVruntime_cached
p463
I01
sVretcode
p464
I0
sVcall_id
p465
V00010
p466
sVoutput_key
p467
Vpywren.jobs/3217b1e7-1bc5-42c7-a58d-4646d153433a/00010/output.pickle
p468
sVruntime_s3_key_used
p469
V09bc9d-pywren.runtimes/default_2.7.tar.gz.0041
p470
sVaws_request_id
p471
V8d7cadb9-c869-4f00-8c18-2d5479bbb6d5
p472
sVexec_time
p473
F102.59303092956543
sVstart_time
p474
F1609154091.186002
sVsetup_time
p475
F0.11193704605102539
sVruntime_s3_bucket_used
p476
Vpywren-runtimes-public-us-west-2
p477
sVexception
p478
NsVhost_submit_time
p479
F1609154090.9686849
sVserver_info
p480
(dp481
Vuname
p482
V('Linux', '169.254.171.181', '4.14.203-112.332.amzn2.x86_64', '#1 SMP Wed Nov 4 20:46:34 UTC 2020', 'x86_64', 'x86_64')
p483
sV/proc/self/cgroup
p484
VMemTotal:        1717184 kB\u000aMemFree:         1112496 kB\u000aMemAvailable:    1483844 kB\u000aBuffers:           18836 kB\u000aCached:           466632 kB\u000aSwapCached:            0 kB\u000aActive:           108632 kB\u000aInactive:         438668 kB\u000aActive(anon):      61824 kB\u000aInactive(anon):      216 kB\u000aActive(file):      46808 kB\u000aInactive(file):   438452 kB\u000aUnevictable:           0 kB\u000aMlocked:               0 kB\u000aSwapTotal:             0 kB\u000aSwapFree:              0 kB\u000aDirty:                 8 kB\u000aWriteback:             0 kB\u000aAnonPages:         61820 kB\u000aMapped:            35396 kB\u000aShmem:               220 kB\u000aSlab:              44440 kB\u000aSReclaimable:      33188 kB\u000aSUnreclaim:        11252 kB\u000aKernelStack:        1136 kB\u000aPageTables:         1344 kB\u000aNFS_Unstable:          0 kB\u000aBounce:                0 kB\u000aWritebackTmp:          0 kB\u000aCommitLimit:      858592 kB\u000aCommitted_AS:     252908 kB\u000aVmallocTotal:   34359738367 kB\u000aVmallocUsed:           0 kB\u000aVmallocChunk:          0 kB\u000aAnonHugePages:         0 kB\u000aShmemHugePages:        0 kB\u000aShmemPmdMapped:        0 kB\u000aHugePages_Total:       0\u000aHugePages_Free:        0\u000aHugePages_Rsvd:        0\u000aHugePages_Surp:        0\u000aHugepagesize:       2048 kB\u000aDirectMap4k:       21504 kB\u000aDirectMap2M:     1740800 kB\u000a
p485
sV/proc/cgroups
p486
V#subsys_name	hierarchy	num_cgroups	enabled\u000acpuset	6	1	1\u000acpu	2	5	1\u000acpuacct	2	5	1\u000ablkio	4	1	1\u000amemory	11	5	1\u000adevices	5	1	1\u000afreezer	10	2	1\u000anet_cls	7	1	1\u000aperf_event	8	1	1\u000anet_prio	7	1	1\u000ahugetlb	3	1	1\u000apids	9	1	1\u000a
p487
sV/proc/cpuinfo
p488
Vprocessor	: 0\u000avendor_id	: GenuineIntel\u000acpu family	: 6\u000amodel		: 63\u000amodel name	: Intel(R) Xeon(R) Processor @ 2.50GHz\u000astepping	: 2\u000amicrocode	: 0x1\u000acpu MHz		: 2500.010\u000acache size	: 36608 KB\u000aphysical id	: 0\u000asiblings	: 2\u000acore id		: 0\u000acpu cores	: 2\u000aapicid		: 0\u000ainitial apicid	: 0\u000afpu		: yes\u000afpu_exception	: yes\u000acpuid level	: 13\u000awp		: yes\u000aflags		: fpu vme de pse tsc msr pae mce cx8 apic sep mtrr pge mca cmov pat pse36 clflush mmx fxsr sse sse2 ht syscall nx rdtscp lm constant_tsc rep_good nopl xtopology nonstop_tsc cpuid tsc_known_freq pni pclmulqdq ssse3 fma cx16 pcid sse4_1 sse4_2 x2apic movbe popcnt tsc_deadline_timer aes xsave avx f16c rdrand hypervisor lahf_lm abm cpuid_fault invpcid_single ssbd ibrs ibpb stibp ibrs_enhanced fsgsbase tsc_adjust bmi1 avx2 smep bmi2 erms invpcid smap xsaveopt arat md_clear arch_capabilities\u000abugs		: spectre_v1 spectre_v2 spec_store_bypass swapgs\u000abogomips	: 5000.02\u000aclflush size	: 64\u000acache_alignment	: 64\u000aaddress sizes	: 46 bits physical, 48 bits virtual\u000apower management:\u000a\u000aprocessor	: 1\u000avendor_id	: GenuineIntel\u000acpu family	: 6\u000amodel		: 63\u000amodel name	: Intel(R) Xeon(R) Processor @ 2.50GHz\u000astepping	: 2\u000amicrocode	: 0x1\u000acpu MHz		: 2500.010\u000acache size	: 36608 KB\u000aphysical id	: 0\u000asiblings	: 2\u000acore id		: 1\u000acpu cores	: 2\u000aapicid		: 1\u000ainitial apicid	: 1\u000afpu		: yes\u000afpu_exception	: yes\u000acpuid level	: 13\u000awp		: yes\u000aflags		: fpu vme de pse tsc msr pae mce cx8 apic sep mtrr pge mca cmov pat pse36 clflush mmx fxsr sse sse2 ht syscall nx rdtscp lm constant_tsc rep_good nopl xtopology nonstop_tsc cpuid tsc_known_freq pni pclmulqdq ssse3 fma cx16 pcid sse4_1 sse4_2 x2apic movbe popcnt tsc_deadline_timer aes xsave avx f16c rdrand hypervisor lahf_lm abm cpuid_fault invpcid_single ssbd ibrs ibpb stibp ibrs_enhanced fsgsbase tsc_adjust bmi1 avx2 smep bmi2 erms invpcid smap xsaveopt arat md_clear arch_capabilities\u000abugs		: spectre_v1 spectre_v2 spec_store_bypass swapgs\u000abogomips	: 5000.02\u000aclflush size	: 64\u000acache_alignment	: 64\u000aaddress sizes	: 46 bits physical, 48 bits virtual\u000apower management:\u000a\u000a
p489
sV/proc/meminfo
p490
VMemTotal:        1717184 kB\u000aMemFree:         1112496 kB\u000aMemAvailable:    1483844 kB\u000aBuffers:           18836 kB\u000aCached:           466632 kB\u000aSwapCached:            0 kB\u000aActive:           108632 kB\u000aInactive:         438668 kB\u000aActive(anon):      61824 kB\u000aInactive(anon):      216 kB\u000aActive(file):      46808 kB\u000aInactive(file):   438452 kB\u000aUnevictable:           0 kB\u000aMlocked:               0 kB\u000aSwapTotal:             0 kB\u000aSwapFree:              0 kB\u000aDirty:                 8 kB\u000aWriteback:             0 kB\u000aAnonPages:         61820 kB\u000aMapped:            35396 kB\u000aShmem:               220 kB\u000aSlab:              44440 kB\u000aSReclaimable:      33188 kB\u000aSUnreclaim:        11252 kB\u000aKernelStack:        1136 kB\u000aPageTables:         1344 kB\u000aNFS_Unstable:          0 kB\u000aBounce:                0 kB\u000aWritebackTmp:          0 kB\u000aCommitLimit:      858592 kB\u000aCommitted_AS:     252908 kB\u000aVmallocTotal:   34359738367 kB\u000aVmallocUsed:           0 kB\u000aVmallocChunk:          0 kB\u000aAnonHugePages:         0 kB\u000aShmemHugePages:        0 kB\u000aShmemPmdMapped:        0 kB\u000aHugePages_Total:       0\u000aHugePages_Free:        0\u000aHugePages_Rsvd:        0\u000aHugePages_Surp:        0\u000aHugepagesize:       2048 kB\u000aDirectMap4k:       21504 kB\u000aDirectMap2M:     1740800 kB\u000a
p491
ssVstatus_key
p492
Vpywren.jobs/3217b1e7-1bc5-42c7-a58d-4646d153433a/00010/status.json
p493
sVend_time
p494
F1609154193.890965
sVlog_group_name
p495
V/aws/lambda/pywren_redis_2
p496
sVdata_key
p497
Vpywren.jobs/3217b1e7-1bc5-42c7-a58d-4646d153433a/aggdata.pickle
p498
sa(dp499
Vcallset_id
p500
V3217b1e7-1bc5-42c7-a58d-4646d153433a
p501
sVlog_stream_name
p502
V2020/12/28/[$LATEST]be54571c6fe443aaad3887f6ba5060fc
p503
sVstdout
p504
V
sVfunc_key
p505
Vpywren.jobs/3217b1e7-1bc5-42c7-a58d-4646d153433a/func.pickle
p506
sVfree_disk_bytes
p507
I120975360
sVruntime_cached
p508
I01
sVretcode
p509
I0
sVcall_id
p510
V00011
p511
sVoutput_key
p512
Vpywren.jobs/3217b1e7-1bc5-42c7-a58d-4646d153433a/00011/output.pickle
p513
sVruntime_s3_key_used
p514
Vc1288d-pywren.runtimes/default_2.7.tar.gz.0046
p515
sVaws_request_id
p516
V01989baa-0d9e-4f7a-815b-c19e285193bd
p517
sVexec_time
p518
F101.49203896522522
sVstart_time
p519
F1609154091.1931541
sVsetup_time
p520
F0.073197841644287109
sVruntime_s3_bucket_used
p521
Vpywren-runtimes-public-us-west-2
p522
sVexception
p523
NsVhost_submit_time
p524
F1609154090.9808171
sVserver_info
p525
(dp526
Vuname
p527
V('Linux', '169.254.122.45', '4.14.203-112.332.amzn2.x86_64', '#1 SMP Wed Nov 4 20:46:34 UTC 2020', 'x86_64', 'x86_64')
p528
sV/proc/self/cgroup
p529
VMemTotal:        1717184 kB\u000aMemFree:         1112816 kB\u000aMemAvailable:    1484156 kB\u000aBuffers:           18688 kB\u000aCached:           466612 kB\u000aSwapCached:            0 kB\u000aActive:           108748 kB\u000aInactive:         438488 kB\u000aActive(anon):      61864 kB\u000aInactive(anon):      212 kB\u000aActive(file):      46884 kB\u000aInactive(file):   438276 kB\u000aUnevictable:           0 kB\u000aMlocked:               0 kB\u000aSwapTotal:             0 kB\u000aSwapFree:              0 kB\u000aDirty:               224 kB\u000aWriteback:             0 kB\u000aAnonPages:         61924 kB\u000aMapped:            35572 kB\u000aShmem:               220 kB\u000aSlab:              44612 kB\u000aSReclaimable:      33372 kB\u000aSUnreclaim:        11240 kB\u000aKernelStack:        1152 kB\u000aPageTables:         1328 kB\u000aNFS_Unstable:          0 kB\u000aBounce:                0 kB\u000aWritebackTmp:          0 kB\u000aCommitLimit:      858592 kB\u000aCommitted_AS:     262520 kB\u000aVmallocTotal:   34359738367 kB\u000aVmallocUsed:           0 kB\u000aVmallocChunk:          0 kB\u000aAnonHugePages:         0 kB\u000aShmemHugePages:        0 kB\u000aShmemPmdMapped:        0 kB\u000aHugePages_Total:       0\u000aHugePages_Free:        0\u000aHugePages_Rsvd:        0\u000aHugePages_Surp:        0\u000aHugepagesize:       2048 kB\u000aDirectMap4k:       21504 kB\u000aDirectMap2M:     1740800 kB\u000a
p530
sV/proc/cgroups
p531
V#subsys_name	hierarchy	num_cgroups	enabled\u000acpuset	8	1	1\u000acpu	6	5	1\u000acpuacct	6	5	1\u000ablkio	10	1	1\u000amemory	2	5	1\u000adevices	3	1	1\u000afreezer	5	2	1\u000anet_cls	4	1	1\u000aperf_event	11	1	1\u000anet_prio	4	1	1\u000ahugetlb	9	1	1\u000apids	7	1	1\u000a
p532
sV/proc/cpuinfo
p533
Vprocessor	: 0\u000avendor_id	: GenuineIntel\u000acpu family	: 6\u000amodel		: 63\u000amodel name	: Intel(R) Xeon(R) Processor @ 2.50GHz\u000astepping	: 2\u000amicrocode	: 0x1\u000acpu MHz		: 2500.014\u000acache size	: 36608 KB\u000aphysical id	: 0\u000asiblings	: 2\u000acore id		: 0\u000acpu cores	: 2\u000aapicid		: 0\u000ainitial apicid	: 0\u000afpu		: yes\u000afpu_exception	: yes\u000acpuid level	: 13\u000awp		: yes\u000aflags		: fpu vme de pse tsc msr pae mce cx8 apic sep mtrr pge mca cmov pat pse36 clflush mmx fxsr sse sse2 ht syscall nx rdtscp lm constant_tsc rep_good nopl xtopology nonstop_tsc cpuid tsc_known_freq pni pclmulqdq ssse3 fma cx16 pcid sse4_1 sse4_2 x2apic movbe popcnt tsc_deadline_timer aes xsave avx f16c rdrand hypervisor lahf_lm abm cpuid_fault invpcid_single ssbd ibrs ibpb stibp ibrs_enhanced fsgsbase tsc_adjust bmi1 avx2 smep bmi2 erms invpcid smap xsaveopt arat md_clear arch_capabilities\u000abugs		: spectre_v1 spectre_v2 spec_store_bypass swapgs\u000abogomips	: 5000.02\u000aclflush size	: 64\u000acache_alignment	: 64\u000aaddress sizes	: 46 bits physical, 48 bits virtual\u000apower management:\u000a\u000aprocessor	: 1\u000avendor_id	: GenuineIntel\u000acpu family	: 6\u000amodel		: 63\u000amodel name	: Intel(R) Xeon(R) Processor @ 2.50GHz\u000astepping	: 2\u000amicrocode	: 0x1\u000acpu MHz		: 2500.014\u000acache size	: 36608 KB\u000aphysical id	: 0\u000asiblings	: 2\u000acore id		: 1\u000acpu cores	: 2\u000aapicid		: 1\u000ainitial apicid	: 1\u000afpu		: yes\u000afpu_exception	: yes\u000acpuid level	: 13\u000awp		: yes\u000aflags		: fpu vme de pse tsc msr pae mce cx8 apic sep mtrr pge mca cmov pat pse36 clflush mmx fxsr sse sse2 ht syscall nx rdtscp lm constant_tsc rep_good nopl xtopology nonstop_tsc cpuid tsc_known_freq pni pclmulqdq ssse3 fma cx16 pcid sse4_1 sse4_2 x2apic movbe popcnt tsc_deadline_timer aes xsave avx f16c rdrand hypervisor lahf_lm abm cpuid_fault invpcid_single ssbd ibrs ibpb stibp ibrs_enhanced fsgsbase tsc_adjust bmi1 avx2 smep bmi2 erms invpcid smap xsaveopt arat md_clear arch_capabilities\u000abugs		: spectre_v1 spectre_v2 spec_store_bypass swapgs\u000abogomips	: 5000.02\u000aclflush size	: 64\u000acache_alignment	: 64\u000aaddress sizes	: 46 bits physical, 48 bits virtual\u000apower management:\u000a\u000a
p534
sV/proc/meminfo
p535
VMemTotal:        1717184 kB\u000aMemFree:         1112816 kB\u000aMemAvailable:    1484156 kB\u000aBuffers:           18688 kB\u000aCached:           466612 kB\u000aSwapCached:            0 kB\u000aActive:           108748 kB\u000aInactive:         438488 kB\u000aActive(anon):      61864 kB\u000aInactive(anon):      212 kB\u000aActive(file):      46884 kB\u000aInactive(file):   438276 kB\u000aUnevictable:           0 kB\u000aMlocked:               0 kB\u000aSwapTotal:             0 kB\u000aSwapFree:              0 kB\u000aDirty:               224 kB\u000aWriteback:             0 kB\u000aAnonPages:         61924 kB\u000aMapped:            35572 kB\u000aShmem:               220 kB\u000aSlab:              44612 kB\u000aSReclaimable:      33372 kB\u000aSUnreclaim:        11240 kB\u000aKernelStack:        1152 kB\u000aPageTables:         1328 kB\u000aNFS_Unstable:          0 kB\u000aBounce:                0 kB\u000aWritebackTmp:          0 kB\u000aCommitLimit:      858592 kB\u000aCommitted_AS:     262520 kB\u000aVmallocTotal:   34359738367 kB\u000aVmallocUsed:           0 kB\u000aVmallocChunk:          0 kB\u000aAnonHugePages:         0 kB\u000aShmemHugePages:        0 kB\u000aShmemPmdMapped:        0 kB\u000aHugePages_Total:       0\u000aHugePages_Free:        0\u000aHugePages_Rsvd:        0\u000aHugePages_Surp:        0\u000aHugepagesize:       2048 kB\u000aDirectMap4k:       21504 kB\u000aDirectMap2M:     1740800 kB\u000a
p536
ssVstatus_key
p537
Vpywren.jobs/3217b1e7-1bc5-42c7-a58d-4646d153433a/00011/status.json
p538
sVend_time
p539
F1609154192.758384
sVlog_group_name
p540
V/aws/lambda/pywren_redis_2
p541
sVdata_key
p542
Vpywren.jobs/3217b1e7-1bc5-42c7-a58d-4646d153433a/aggdata.pickle
p543
sa(dp544
Vcallset_id
p545
V3217b1e7-1bc5-42c7-a58d-4646d153433a
p546
sVlog_stream_name
p547
V2020/12/28/[$LATEST]3fd4fe11f5ff499aa77da39734b0ea6a
p548
sVstdout
p549
V
sVfunc_key
p550
Vpywren.jobs/3217b1e7-1bc5-42c7-a58d-4646d153433a/func.pickle
p551
sVfree_disk_bytes
p552
I120975360
sVruntime_cached
p553
I01
sVretcode
p554
I0
sVcall_id
p555
V00012
p556
sVoutput_key
p557
Vpywren.jobs/3217b1e7-1bc5-42c7-a58d-4646d153433a/00012/output.pickle
p558
sVruntime_s3_key_used
p559
V05f4ec-pywren.runtimes/default_2.7.tar.gz.0098
p560
sVaws_request_id
p561
V396ba5af-4b18-470d-a9ee-fce8974a8a65
p562
sVexec_time
p563
F112.48999500274658
sVstart_time
p564
F1609154091.1823709
sVsetup_time
p565
F0.083967208862304688
sVruntime_s3_bucket_used
p566
Vpywren-runtimes-public-us-west-2
p567
sVexception
p568
NsVhost_submit_time
p569
F1609154090.986151
sVserver_info
p570
(dp571
Vuname
p572
V('Linux', '169.254.97.77', '4.14.203-112.332.amzn2.x86_64', '#1 SMP Wed Nov 4 20:46:34 UTC 2020', 'x86_64', 'x86_64')
p573
sV/proc/self/cgroup
p574
VMemTotal:        1717184 kB\u000aMemFree:         1113900 kB\u000aMemAvailable:    1484500 kB\u000aBuffers:           18112 kB\u000aCached:           466520 kB\u000aSwapCached:            0 kB\u000aActive:           107952 kB\u000aInactive:         438292 kB\u000aActive(anon):      61560 kB\u000aInactive(anon):      216 kB\u000aActive(file):      46392 kB\u000aInactive(file):   438076 kB\u000aUnevictable:           0 kB\u000aMlocked:               0 kB\u000aSwapTotal:             0 kB\u000aSwapFree:              0 kB\u000aDirty:               224 kB\u000aWriteback:             0 kB\u000aAnonPages:         61516 kB\u000aMapped:            35548 kB\u000aShmem:               220 kB\u000aSlab:              44276 kB\u000aSReclaimable:      33280 kB\u000aSUnreclaim:        10996 kB\u000aKernelStack:        1152 kB\u000aPageTables:         1436 kB\u000aNFS_Unstable:          0 kB\u000aBounce:                0 kB\u000aWritebackTmp:          0 kB\u000aCommitLimit:      858592 kB\u000aCommitted_AS:     254348 kB\u000aVmallocTotal:   34359738367 kB\u000aVmallocUsed:           0 kB\u000aVmallocChunk:          0 kB\u000aAnonHugePages:         0 kB\u000aShmemHugePages:        0 kB\u000aShmemPmdMapped:        0 kB\u000aHugePages_Total:       0\u000aHugePages_Free:        0\u000aHugePages_Rsvd:        0\u000aHugePages_Surp:        0\u000aHugepagesize:       2048 kB\u000aDirectMap4k:       23552 kB\u000aDirectMap2M:     1738752 kB\u000a
p575
sV/proc/cgroups
p576
V#subsys_name	hierarchy	num_cgroups	enabled\u000acpuset	6	1	1\u000acpu	2	5	1\u000acpuacct	2	5	1\u000ablkio	11	1	1\u000amemory	5	5	1\u000adevices	4	1	1\u000afreezer	10	2	1\u000anet_cls	3	1	1\u000aperf_event	7	1	1\u000anet_prio	3	1	1\u000ahugetlb	8	1	1\u000apids	9	1	1\u000a
p577
sV/proc/cpuinfo
p578
Vprocessor	: 0\u000avendor_id	: GenuineIntel\u000acpu family	: 6\u000amodel		: 63\u000amodel name	: Intel(R) Xeon(R) Processor @ 2.50GHz\u000astepping	: 2\u000amicrocode	: 0x1\u000acpu MHz		: 2500.010\u000acache size	: 36608 KB\u000aphysical id	: 0\u000asiblings	: 2\u000acore id		: 0\u000acpu cores	: 2\u000aapicid		: 0\u000ainitial apicid	: 0\u000afpu		: yes\u000afpu_exception	: yes\u000acpuid level	: 13\u000awp		: yes\u000aflags		: fpu vme de pse tsc msr pae mce cx8 apic sep mtrr pge mca cmov pat pse36 clflush mmx fxsr sse sse2 ht syscall nx rdtscp lm constant_tsc rep_good nopl xtopology nonstop_tsc cpuid tsc_known_freq pni pclmulqdq ssse3 fma cx16 pcid sse4_1 sse4_2 x2apic movbe popcnt tsc_deadline_timer aes xsave avx f16c rdrand hypervisor lahf_lm abm cpuid_fault invpcid_single ssbd ibrs ibpb stibp ibrs_enhanced fsgsbase tsc_adjust bmi1 avx2 smep bmi2 erms invpcid smap xsaveopt arat md_clear arch_capabilities\u000abugs		: spectre_v1 spectre_v2 spec_store_bypass swapgs\u000abogomips	: 5000.02\u000aclflush size	: 64\u000acache_alignment	: 64\u000aaddress sizes	: 46 bits physical, 48 bits virtual\u000apower management:\u000a\u000aprocessor	: 1\u000avendor_id	: GenuineIntel\u000acpu family	: 6\u000amodel		: 63\u000amodel name	: Intel(R) Xeon(R) Processor @ 2.50GHz\u000astepping	: 2\u000amicrocode	: 0x1\u000acpu MHz		: 2500.010\u000acache size	: 36608 KB\u000aphysical id	: 0\u000asiblings	: 2\u000acore id		: 1\u000acpu cores	: 2\u000aapicid		: 1\u000ainitial apicid	: 1\u000afpu		: yes\u000afpu_exception	: yes\u000acpuid level	: 13\u000awp		: yes\u000aflags		: fpu vme de pse tsc msr pae mce cx8 apic sep mtrr pge mca cmov pat pse36 clflush mmx fxsr sse sse2 ht syscall nx rdtscp lm constant_tsc rep_good nopl xtopology nonstop_tsc cpuid tsc_known_freq pni pclmulqdq ssse3 fma cx16 pcid sse4_1 sse4_2 x2apic movbe popcnt tsc_deadline_timer aes xsave avx f16c rdrand hypervisor lahf_lm abm cpuid_fault invpcid_single ssbd ibrs ibpb stibp ibrs_enhanced fsgsbase tsc_adjust bmi1 avx2 smep bmi2 erms invpcid smap xsaveopt arat md_clear arch_capabilities\u000abugs		: spectre_v1 spectre_v2 spec_store_bypass swapgs\u000abogomips	: 5000.02\u000aclflush size	: 64\u000acache_alignment	: 64\u000aaddress sizes	: 46 bits physical, 48 bits virtual\u000apower management:\u000a\u000a
p579
sV/proc/meminfo
p580
VMemTotal:        1717184 kB\u000aMemFree:         1113900 kB\u000aMemAvailable:    1484500 kB\u000aBuffers:           18112 kB\u000aCached:           466520 kB\u000aSwapCached:            0 kB\u000aActive:           107952 kB\u000aInactive:         438292 kB\u000aActive(anon):      61560 kB\u000aInactive(anon):      216 kB\u000aActive(file):      46392 kB\u000aInactive(file):   438076 kB\u000aUnevictable:           0 kB\u000aMlocked:               0 kB\u000aSwapTotal:             0 kB\u000aSwapFree:              0 kB\u000aDirty:               224 kB\u000aWriteback:             0 kB\u000aAnonPages:         61516 kB\u000aMapped:            35548 kB\u000aShmem:               220 kB\u000aSlab:              44276 kB\u000aSReclaimable:      33280 kB\u000aSUnreclaim:        10996 kB\u000aKernelStack:        1152 kB\u000aPageTables:         1436 kB\u000aNFS_Unstable:          0 kB\u000aBounce:                0 kB\u000aWritebackTmp:          0 kB\u000aCommitLimit:      858592 kB\u000aCommitted_AS:     254348 kB\u000aVmallocTotal:   34359738367 kB\u000aVmallocUsed:           0 kB\u000aVmallocChunk:          0 kB\u000aAnonHugePages:         0 kB\u000aShmemHugePages:        0 kB\u000aShmemPmdMapped:        0 kB\u000aHugePages_Total:       0\u000aHugePages_Free:        0\u000aHugePages_Rsvd:        0\u000aHugePages_Surp:        0\u000aHugepagesize:       2048 kB\u000aDirectMap4k:       23552 kB\u000aDirectMap2M:     1738752 kB\u000a
p581
ssVstatus_key
p582
Vpywren.jobs/3217b1e7-1bc5-42c7-a58d-4646d153433a/00012/status.json
p583
sVend_time
p584
F1609154203.7563269
sVlog_group_name
p585
V/aws/lambda/pywren_redis_2
p586
sVdata_key
p587
Vpywren.jobs/3217b1e7-1bc5-42c7-a58d-4646d153433a/aggdata.pickle
p588
sa(dp589
Vcallset_id
p590
V3217b1e7-1bc5-42c7-a58d-4646d153433a
p591
sVlog_stream_name
p592
V2020/12/28/[$LATEST]e197904020274737a2f7eb7219aec6ab
p593
sVstdout
p594
V
sVfunc_key
p595
Vpywren.jobs/3217b1e7-1bc5-42c7-a58d-4646d153433a/func.pickle
p596
sVfree_disk_bytes
p597
I120975360
sVruntime_cached
p598
I01
sVretcode
p599
I0
sVcall_id
p600
V00013
p601
sVoutput_key
p602
Vpywren.jobs/3217b1e7-1bc5-42c7-a58d-4646d153433a/00013/output.pickle
p603
sVruntime_s3_key_used
p604
Vc35ecc-pywren.runtimes/default_2.7.tar.gz.0005
p605
sVaws_request_id
p606
V214d8d88-5f5a-4cd0-a4f5-e5a137788101
p607
sVexec_time
p608
F136.69111394882202
sVstart_time
p609
F1609154091.1833639
sVsetup_time
p610
F0.084557056427001953
sVruntime_s3_bucket_used
p611
Vpywren-runtimes-public-us-west-2
p612
sVexception
p613
NsVhost_submit_time
p614
F1609154090.993227
sVserver_info
p615
(dp616
Vuname
p617
V('Linux', '169.254.138.77', '4.14.203-112.332.amzn2.x86_64', '#1 SMP Wed Nov 4 20:46:34 UTC 2020', 'x86_64', 'x86_64')
p618
sV/proc/self/cgroup
p619
VMemTotal:        1717184 kB\u000aMemFree:         1115016 kB\u000aMemAvailable:    1485424 kB\u000aBuffers:           18252 kB\u000aCached:           466328 kB\u000aSwapCached:            0 kB\u000aActive:           107780 kB\u000aInactive:         438252 kB\u000aActive(anon):      61456 kB\u000aInactive(anon):      216 kB\u000aActive(file):      46324 kB\u000aInactive(file):   438036 kB\u000aUnevictable:           0 kB\u000aMlocked:               0 kB\u000aSwapTotal:             0 kB\u000aSwapFree:              0 kB\u000aDirty:                 4 kB\u000aWriteback:             0 kB\u000aAnonPages:         61380 kB\u000aMapped:            35436 kB\u000aShmem:               220 kB\u000aSlab:              43532 kB\u000aSReclaimable:      33112 kB\u000aSUnreclaim:        10420 kB\u000aKernelStack:        1168 kB\u000aPageTables:         1324 kB\u000aNFS_Unstable:          0 kB\u000aBounce:                0 kB\u000aWritebackTmp:          0 kB\u000aCommitLimit:      858592 kB\u000aCommitted_AS:     262472 kB\u000aVmallocTotal:   34359738367 kB\u000aVmallocUsed:           0 kB\u000aVmallocChunk:          0 kB\u000aAnonHugePages:         0 kB\u000aShmemHugePages:        0 kB\u000aShmemPmdMapped:        0 kB\u000aHugePages_Total:       0\u000aHugePages_Free:        0\u000aHugePages_Rsvd:        0\u000aHugePages_Surp:        0\u000aHugepagesize:       2048 kB\u000aDirectMap4k:       21504 kB\u000aDirectMap2M:     1740800 kB\u000a
p620
sV/proc/cgroups
p621
V#subsys_name	hierarchy	num_cgroups	enabled\u000acpuset	11	1	1\u000acpu	7	5	1\u000acpuacct	7	5	1\u000ablkio	3	1	1\u000amemory	2	5	1\u000adevices	10	1	1\u000afreezer	8	2	1\u000anet_cls	6	1	1\u000aperf_event	9	1	1\u000anet_prio	6	1	1\u000ahugetlb	4	1	1\u000apids	5	1	1\u000a
p622
sV/proc/cpuinfo
p623
Vprocessor	: 0\u000avendor_id	: GenuineIntel\u000acpu family	: 6\u000amodel		: 63\u000amodel name	: Intel(R) Xeon(R) Processor @ 2.50GHz\u000astepping	: 2\u000amicrocode	: 0x1\u000acpu MHz		: 2500.010\u000acache size	: 33792 KB\u000aphysical id	: 0\u000asiblings	: 2\u000acore id		: 0\u000acpu cores	: 2\u000aapicid		: 0\u000ainitial apicid	: 0\u000afpu		: yes\u000afpu_exception	: yes\u000acpuid level	: 13\u000awp		: yes\u000aflags		: fpu vme de pse tsc msr pae mce cx8 apic sep mtrr pge mca cmov pat pse36 clflush mmx fxsr sse sse2 ht syscall nx rdtscp lm constant_tsc rep_good nopl xtopology nonstop_tsc cpuid tsc_known_freq pni pclmulqdq ssse3 fma cx16 pcid sse4_1 sse4_2 x2apic movbe popcnt tsc_deadline_timer aes xsave avx f16c rdrand hypervisor lahf_lm abm cpuid_fault invpcid_single pti ssbd ibrs ibpb stibp fsgsbase tsc_adjust bmi1 avx2 smep bmi2 erms invpcid smap xsaveopt arat md_clear arch_capabilities\u000abugs		: cpu_meltdown spectre_v1 spectre_v2 spec_store_bypass l1tf mds swapgs\u000abogomips	: 5000.02\u000aclflush size	: 64\u000acache_alignment	: 64\u000aaddress sizes	: 46 bits physical, 48 bits virtual\u000apower management:\u000a\u000aprocessor	: 1\u000avendor_id	: GenuineIntel\u000acpu family	: 6\u000amodel		: 63\u000amodel name	: Intel(R) Xeon(R) Processor @ 2.50GHz\u000astepping	: 2\u000amicrocode	: 0x1\u000acpu MHz		: 2500.010\u000acache size	: 33792 KB\u000aphysical id	: 0\u000asiblings	: 2\u000acore id		: 1\u000acpu cores	: 2\u000aapicid		: 1\u000ainitial apicid	: 1\u000afpu		: yes\u000afpu_exception	: yes\u000acpuid level	: 13\u000awp		: yes\u000aflags		: fpu vme de pse tsc msr pae mce cx8 apic sep mtrr pge mca cmov pat pse36 clflush mmx fxsr sse sse2 ht syscall nx rdtscp lm constant_tsc rep_good nopl xtopology nonstop_tsc cpuid tsc_known_freq pni pclmulqdq ssse3 fma cx16 pcid sse4_1 sse4_2 x2apic movbe popcnt tsc_deadline_timer aes xsave avx f16c rdrand hypervisor lahf_lm abm cpuid_fault invpcid_single pti ssbd ibrs ibpb stibp fsgsbase tsc_adjust bmi1 avx2 smep bmi2 erms invpcid smap xsaveopt arat md_clear arch_capabilities\u000abugs		: cpu_meltdown spectre_v1 spectre_v2 spec_store_bypass l1tf mds swapgs\u000abogomips	: 5000.02\u000aclflush size	: 64\u000acache_alignment	: 64\u000aaddress sizes	: 46 bits physical, 48 bits virtual\u000apower management:\u000a\u000a
p624
sV/proc/meminfo
p625
VMemTotal:        1717184 kB\u000aMemFree:         1115016 kB\u000aMemAvailable:    1485424 kB\u000aBuffers:           18252 kB\u000aCached:           466328 kB\u000aSwapCached:            0 kB\u000aActive:           107780 kB\u000aInactive:         438252 kB\u000aActive(anon):      61456 kB\u000aInactive(anon):      216 kB\u000aActive(file):      46324 kB\u000aInactive(file):   438036 kB\u000aUnevictable:           0 kB\u000aMlocked:               0 kB\u000aSwapTotal:             0 kB\u000aSwapFree:              0 kB\u000aDirty:                 4 kB\u000aWriteback:             0 kB\u000aAnonPages:         61380 kB\u000aMapped:            35436 kB\u000aShmem:               220 kB\u000aSlab:              43532 kB\u000aSReclaimable:      33112 kB\u000aSUnreclaim:        10420 kB\u000aKernelStack:        1168 kB\u000aPageTables:         1324 kB\u000aNFS_Unstable:          0 kB\u000aBounce:                0 kB\u000aWritebackTmp:          0 kB\u000aCommitLimit:      858592 kB\u000aCommitted_AS:     262472 kB\u000aVmallocTotal:   34359738367 kB\u000aVmallocUsed:           0 kB\u000aVmallocChunk:          0 kB\u000aAnonHugePages:         0 kB\u000aShmemHugePages:        0 kB\u000aShmemPmdMapped:        0 kB\u000aHugePages_Total:       0\u000aHugePages_Free:        0\u000aHugePages_Rsvd:        0\u000aHugePages_Surp:        0\u000aHugepagesize:       2048 kB\u000aDirectMap4k:       21504 kB\u000aDirectMap2M:     1740800 kB\u000a
p626
ssVstatus_key
p627
Vpywren.jobs/3217b1e7-1bc5-42c7-a58d-4646d153433a/00013/status.json
p628
sVend_time
p629
F1609154227.959028
sVlog_group_name
p630
V/aws/lambda/pywren_redis_2
p631
sVdata_key
p632
Vpywren.jobs/3217b1e7-1bc5-42c7-a58d-4646d153433a/aggdata.pickle
p633
sa(dp634
Vcallset_id
p635
V3217b1e7-1bc5-42c7-a58d-4646d153433a
p636
sVlog_stream_name
p637
V2020/12/28/[$LATEST]1a9a1e311c6e4d5d900f34f6ad43b864
p638
sVstdout
p639
V
sVfunc_key
p640
Vpywren.jobs/3217b1e7-1bc5-42c7-a58d-4646d153433a/func.pickle
p641
sVfree_disk_bytes
p642
I120975360
sVruntime_cached
p643
I01
sVretcode
p644
I0
sVcall_id
p645
V00014
p646
sVoutput_key
p647
Vpywren.jobs/3217b1e7-1bc5-42c7-a58d-4646d153433a/00014/output.pickle
p648
sVruntime_s3_key_used
p649
V4a1b0c-pywren.runtimes/default_2.7.tar.gz.0092
p650
sVaws_request_id
p651
Vf62734a6-589d-44e6-b894-149cada4cc28
p652
sVexec_time
p653
F101.25469708442688
sVstart_time
p654
F1609154091.2680049
sVsetup_time
p655
F0.077286005020141602
sVruntime_s3_bucket_used
p656
Vpywren-runtimes-public-us-west-2
p657
sVexception
p658
NsVhost_submit_time
p659
F1609154090.999408
sVserver_info
p660
(dp661
Vuname
p662
V('Linux', '169.254.86.221', '4.14.203-112.332.amzn2.x86_64', '#1 SMP Wed Nov 4 20:46:34 UTC 2020', 'x86_64', 'x86_64')
p663
sV/proc/self/cgroup
p664
VMemTotal:        1717184 kB\u000aMemFree:         1114268 kB\u000aMemAvailable:    1482912 kB\u000aBuffers:           16780 kB\u000aCached:           465968 kB\u000aSwapCached:            0 kB\u000aActive:           107892 kB\u000aInactive:         437584 kB\u000aActive(anon):      62696 kB\u000aInactive(anon):      216 kB\u000aActive(file):      45196 kB\u000aInactive(file):   437368 kB\u000aUnevictable:           0 kB\u000aMlocked:               0 kB\u000aSwapTotal:             0 kB\u000aSwapFree:              0 kB\u000aDirty:               204 kB\u000aWriteback:             0 kB\u000aAnonPages:         62716 kB\u000aMapped:            34840 kB\u000aShmem:               220 kB\u000aSlab:              44732 kB\u000aSReclaimable:      33176 kB\u000aSUnreclaim:        11556 kB\u000aKernelStack:        1152 kB\u000aPageTables:         1344 kB\u000aNFS_Unstable:          0 kB\u000aBounce:                0 kB\u000aWritebackTmp:          0 kB\u000aCommitLimit:      858592 kB\u000aCommitted_AS:     255308 kB\u000aVmallocTotal:   34359738367 kB\u000aVmallocUsed:           0 kB\u000aVmallocChunk:          0 kB\u000aAnonHugePages:         0 kB\u000aShmemHugePages:        0 kB\u000aShmemPmdMapped:        0 kB\u000aHugePages_Total:       0\u000aHugePages_Free:        0\u000aHugePages_Rsvd:        0\u000aHugePages_Surp:        0\u000aHugepagesize:       2048 kB\u000aDirectMap4k:       19456 kB\u000aDirectMap2M:     1742848 kB\u000a
p665
sV/proc/cgroups
p666
V#subsys_name	hierarchy	num_cgroups	enabled\u000acpuset	8	1	1\u000acpu	7	5	1\u000acpuacct	7	5	1\u000ablkio	11	1	1\u000amemory	2	5	1\u000adevices	6	1	1\u000afreezer	3	2	1\u000anet_cls	4	1	1\u000aperf_event	9	1	1\u000anet_prio	4	1	1\u000ahugetlb	5	1	1\u000apids	10	1	1\u000a
p667
sV/proc/cpuinfo
p668
