(dp1
S'run_statuses'
p2
(lp3
(dp4
Vcallset_id
p5
Vcdf63a7a-db2f-4e3a-97bc-360a3dda9d6d
p6
sVlog_stream_name
p7
V2020/12/27/[$LATEST]a3682ef6b8dd48c9abaffe3dca55843c
p8
sVstdout
p9
V
sVfunc_key
p10
Vpywren.jobs/cdf63a7a-db2f-4e3a-97bc-360a3dda9d6d/func.pickle
p11
sVfree_disk_bytes
p12
I538333184
sVruntime_cached
p13
I00
sVretcode
p14
I0
sVcall_id
p15
V00000
p16
sVoutput_key
p17
Vpywren.jobs/cdf63a7a-db2f-4e3a-97bc-360a3dda9d6d/00000/output.pickle
p18
sVruntime_s3_key_used
p19
V1194bd-pywren.runtimes/default_2.7.tar.gz.0000
p20
sVaws_request_id
p21
V743159e8-603f-40f8-a720-df72835d5004
p22
sVexec_time
p23
F42.192977905273438
sVstart_time
p24
F1609057623.6057069
sVsetup_time
p25
F7.1349360942840576
sVruntime_s3_bucket_used
p26
Vpywren-runtimes-public-us-west-2
p27
sVexception
p28
NsVhost_submit_time
p29
F1609057622.833719
sVserver_info
p30
(dp31
Vuname
p32
V('Linux', '169.254.216.181', '4.14.203-112.332.amzn2.x86_64', '#1 SMP Wed Nov 4 20:46:34 UTC 2020', 'x86_64', 'x86_64')
p33
sV/proc/self/cgroup
p34
VMemTotal:        1717184 kB\u000aMemFree:         1120376 kB\u000aMemAvailable:    1486648 kB\u000aBuffers:           16940 kB\u000aCached:           463692 kB\u000aSwapCached:            0 kB\u000aActive:            94516 kB\u000aInactive:         447228 kB\u000aActive(anon):      61100 kB\u000aInactive(anon):      216 kB\u000aActive(file):      33416 kB\u000aInactive(file):   447012 kB\u000aUnevictable:           0 kB\u000aMlocked:               0 kB\u000aSwapTotal:             0 kB\u000aSwapFree:              0 kB\u000aDirty:               336 kB\u000aWriteback:             0 kB\u000aAnonPages:         61100 kB\u000aMapped:            34992 kB\u000aShmem:               220 kB\u000aSlab:              42520 kB\u000aSReclaimable:      32704 kB\u000aSUnreclaim:         9816 kB\u000aKernelStack:        1152 kB\u000aPageTables:         1328 kB\u000aNFS_Unstable:          0 kB\u000aBounce:                0 kB\u000aWritebackTmp:          0 kB\u000aCommitLimit:      858592 kB\u000aCommitted_AS:     253544 kB\u000aVmallocTotal:   34359738367 kB\u000aVmallocUsed:           0 kB\u000aVmallocChunk:          0 kB\u000aAnonHugePages:         0 kB\u000aShmemHugePages:        0 kB\u000aShmemPmdMapped:        0 kB\u000aHugePages_Total:       0\u000aHugePages_Free:        0\u000aHugePages_Rsvd:        0\u000aHugePages_Surp:        0\u000aHugepagesize:       2048 kB\u000aDirectMap4k:       19456 kB\u000aDirectMap2M:     1742848 kB\u000a
p35
sV/proc/cgroups
p36
V#subsys_name	hierarchy	num_cgroups	enabled\u000acpuset	6	1	1\u000acpu	2	5	1\u000acpuacct	2	5	1\u000ablkio	7	1	1\u000amemory	3	5	1\u000adevices	11	1	1\u000afreezer	10	2	1\u000anet_cls	8	1	1\u000aperf_event	5	1	1\u000anet_prio	8	1	1\u000ahugetlb	4	1	1\u000apids	9	1	1\u000a
p37
sV/proc/cpuinfo
p38
Vprocessor	: 0\u000avendor_id	: GenuineIntel\u000acpu family	: 6\u000amodel		: 63\u000amodel name	: Intel(R) Xeon(R) Processor @ 2.50GHz\u000astepping	: 2\u000amicrocode	: 0x1\u000acpu MHz		: 2500.014\u000acache size	: 33792 KB\u000aphysical id	: 0\u000asiblings	: 2\u000acore id		: 0\u000acpu cores	: 2\u000aapicid		: 0\u000ainitial apicid	: 0\u000afpu		: yes\u000afpu_exception	: yes\u000acpuid level	: 13\u000awp		: yes\u000aflags		: fpu vme de pse tsc msr pae mce cx8 apic sep mtrr pge mca cmov pat pse36 clflush mmx fxsr sse sse2 ht syscall nx rdtscp lm constant_tsc rep_good nopl xtopology nonstop_tsc cpuid tsc_known_freq pni pclmulqdq ssse3 fma cx16 pcid sse4_1 sse4_2 x2apic movbe popcnt tsc_deadline_timer aes xsave avx f16c rdrand hypervisor lahf_lm abm cpuid_fault invpcid_single pti ssbd ibrs ibpb stibp fsgsbase tsc_adjust bmi1 avx2 smep bmi2 erms invpcid smap xsaveopt arat md_clear arch_capabilities\u000abugs		: cpu_meltdown spectre_v1 spectre_v2 spec_store_bypass l1tf mds swapgs\u000abogomips	: 5000.02\u000aclflush size	: 64\u000acache_alignment	: 64\u000aaddress sizes	: 46 bits physical, 48 bits virtual\u000apower management:\u000a\u000aprocessor	: 1\u000avendor_id	: GenuineIntel\u000acpu family	: 6\u000amodel		: 63\u000amodel name	: Intel(R) Xeon(R) Processor @ 2.50GHz\u000astepping	: 2\u000amicrocode	: 0x1\u000acpu MHz		: 2500.014\u000acache size	: 33792 KB\u000aphysical id	: 0\u000asiblings	: 2\u000acore id		: 1\u000acpu cores	: 2\u000aapicid		: 1\u000ainitial apicid	: 1\u000afpu		: yes\u000afpu_exception	: yes\u000acpuid level	: 13\u000awp		: yes\u000aflags		: fpu vme de pse tsc msr pae mce cx8 apic sep mtrr pge mca cmov pat pse36 clflush mmx fxsr sse sse2 ht syscall nx rdtscp lm constant_tsc rep_good nopl xtopology nonstop_tsc cpuid tsc_known_freq pni pclmulqdq ssse3 fma cx16 pcid sse4_1 sse4_2 x2apic movbe popcnt tsc_deadline_timer aes xsave avx f16c rdrand hypervisor lahf_lm abm cpuid_fault invpcid_single pti ssbd ibrs ibpb stibp fsgsbase tsc_adjust bmi1 avx2 smep bmi2 erms invpcid smap xsaveopt arat md_clear arch_capabilities\u000abugs		: cpu_meltdown spectre_v1 spectre_v2 spec_store_bypass l1tf mds swapgs\u000abogomips	: 5000.02\u000aclflush size	: 64\u000acache_alignment	: 64\u000aaddress sizes	: 46 bits physical, 48 bits virtual\u000apower management:\u000a\u000a
p39
sV/proc/meminfo
p40
VMemTotal:        1717184 kB\u000aMemFree:         1120376 kB\u000aMemAvailable:    1486648 kB\u000aBuffers:           16940 kB\u000aCached:           463692 kB\u000aSwapCached:            0 kB\u000aActive:            94516 kB\u000aInactive:         447228 kB\u000aActive(anon):      61100 kB\u000aInactive(anon):      216 kB\u000aActive(file):      33416 kB\u000aInactive(file):   447012 kB\u000aUnevictable:           0 kB\u000aMlocked:               0 kB\u000aSwapTotal:             0 kB\u000aSwapFree:              0 kB\u000aDirty:               336 kB\u000aWriteback:             0 kB\u000aAnonPages:         61100 kB\u000aMapped:            34992 kB\u000aShmem:               220 kB\u000aSlab:              42520 kB\u000aSReclaimable:      32704 kB\u000aSUnreclaim:         9816 kB\u000aKernelStack:        1152 kB\u000aPageTables:         1328 kB\u000aNFS_Unstable:          0 kB\u000aBounce:                0 kB\u000aWritebackTmp:          0 kB\u000aCommitLimit:      858592 kB\u000aCommitted_AS:     253544 kB\u000aVmallocTotal:   34359738367 kB\u000aVmallocUsed:           0 kB\u000aVmallocChunk:          0 kB\u000aAnonHugePages:         0 kB\u000aShmemHugePages:        0 kB\u000aShmemPmdMapped:        0 kB\u000aHugePages_Total:       0\u000aHugePages_Free:        0\u000aHugePages_Rsvd:        0\u000aHugePages_Surp:        0\u000aHugepagesize:       2048 kB\u000aDirectMap4k:       19456 kB\u000aDirectMap2M:     1742848 kB\u000a
p41
ssVstatus_key
p42
Vpywren.jobs/cdf63a7a-db2f-4e3a-97bc-360a3dda9d6d/00000/status.json
p43
sVend_time
p44
F1609057672.933615
sVlog_group_name
p45
V/aws/lambda/pywren_redis_2
p46
sVdata_key
p47
Vpywren.jobs/cdf63a7a-db2f-4e3a-97bc-360a3dda9d6d/aggdata.pickle
p48
sa(dp49
Vcallset_id
p50
Vcdf63a7a-db2f-4e3a-97bc-360a3dda9d6d
p51
sVlog_stream_name
p52
V2020/12/27/[$LATEST]25c86794ab74454bb1dfab24d459aa89
p53
sVstdout
p54
V
sVfunc_key
p55
Vpywren.jobs/cdf63a7a-db2f-4e3a-97bc-360a3dda9d6d/func.pickle
p56
sVfree_disk_bytes
p57
I538333184
sVruntime_cached
p58
I00
sVretcode
p59
I0
sVcall_id
p60
V00001
p61
sVoutput_key
p62
Vpywren.jobs/cdf63a7a-db2f-4e3a-97bc-360a3dda9d6d/00001/output.pickle
p63
sVruntime_s3_key_used
p64
V445d59-pywren.runtimes/default_2.7.tar.gz.0085
p65
sVaws_request_id
p66
V81ac22be-245f-4f4c-b6c7-466a39d46092
p67
sVexec_time
p68
F41.00629711151123
sVstart_time
p69
F1609057623.5666261
sVsetup_time
p70
F7.1335089206695557
sVruntime_s3_bucket_used
p71
Vpywren-runtimes-public-us-west-2
p72
sVexception
p73
NsVhost_submit_time
p74
F1609057622.840235
sVserver_info
p75
(dp76
Vuname
p77
V('Linux', '169.254.36.229', '4.14.203-112.332.amzn2.x86_64', '#1 SMP Wed Nov 4 20:46:34 UTC 2020', 'x86_64', 'x86_64')
p78
sV/proc/self/cgroup
p79
VMemTotal:        1717184 kB\u000aMemFree:         1122596 kB\u000aMemAvailable:    1486060 kB\u000aBuffers:           17096 kB\u000aCached:           460676 kB\u000aSwapCached:            0 kB\u000aActive:            94116 kB\u000aInactive:         444872 kB\u000aActive(anon):      61212 kB\u000aInactive(anon):      216 kB\u000aActive(file):      32904 kB\u000aInactive(file):   444656 kB\u000aUnevictable:           0 kB\u000aMlocked:               0 kB\u000aSwapTotal:             0 kB\u000aSwapFree:              0 kB\u000aDirty:                 4 kB\u000aWriteback:             0 kB\u000aAnonPages:         61188 kB\u000aMapped:            34836 kB\u000aShmem:               220 kB\u000aSlab:              43088 kB\u000aSReclaimable:      32820 kB\u000aSUnreclaim:        10268 kB\u000aKernelStack:        1176 kB\u000aPageTables:         1388 kB\u000aNFS_Unstable:          0 kB\u000aBounce:                0 kB\u000aWritebackTmp:          0 kB\u000aCommitLimit:      858592 kB\u000aCommitted_AS:     251608 kB\u000aVmallocTotal:   34359738367 kB\u000aVmallocUsed:           0 kB\u000aVmallocChunk:          0 kB\u000aAnonHugePages:         0 kB\u000aShmemHugePages:        0 kB\u000aShmemPmdMapped:        0 kB\u000aHugePages_Total:       0\u000aHugePages_Free:        0\u000aHugePages_Rsvd:        0\u000aHugePages_Surp:        0\u000aHugepagesize:       2048 kB\u000aDirectMap4k:       23552 kB\u000aDirectMap2M:     1738752 kB\u000a
p80
sV/proc/cgroups
p81
V#subsys_name	hierarchy	num_cgroups	enabled\u000acpuset	11	1	1\u000acpu	7	5	1\u000acpuacct	7	5	1\u000ablkio	3	1	1\u000amemory	9	5	1\u000adevices	2	1	1\u000afreezer	8	2	1\u000anet_cls	4	1	1\u000aperf_event	5	1	1\u000anet_prio	4	1	1\u000ahugetlb	10	1	1\u000apids	6	1	1\u000a
p82
sV/proc/cpuinfo
p83
Vprocessor	: 0\u000avendor_id	: GenuineIntel\u000acpu family	: 6\u000amodel		: 63\u000amodel name	: Intel(R) Xeon(R) Processor @ 2.50GHz\u000astepping	: 2\u000amicrocode	: 0x1\u000acpu MHz		: 2500.010\u000acache size	: 36608 KB\u000aphysical id	: 0\u000asiblings	: 2\u000acore id		: 0\u000acpu cores	: 2\u000aapicid		: 0\u000ainitial apicid	: 0\u000afpu		: yes\u000afpu_exception	: yes\u000acpuid level	: 13\u000awp		: yes\u000aflags		: fpu vme de pse tsc msr pae mce cx8 apic sep mtrr pge mca cmov pat pse36 clflush mmx fxsr sse sse2 ht syscall nx rdtscp lm constant_tsc rep_good nopl xtopology nonstop_tsc cpuid tsc_known_freq pni pclmulqdq ssse3 fma cx16 pcid sse4_1 sse4_2 x2apic movbe popcnt tsc_deadline_timer aes xsave avx f16c rdrand hypervisor lahf_lm abm cpuid_fault invpcid_single ssbd ibrs ibpb stibp ibrs_enhanced fsgsbase tsc_adjust bmi1 avx2 smep bmi2 erms invpcid smap xsaveopt arat md_clear arch_capabilities\u000abugs		: spectre_v1 spectre_v2 spec_store_bypass swapgs\u000abogomips	: 5000.02\u000aclflush size	: 64\u000acache_alignment	: 64\u000aaddress sizes	: 46 bits physical, 48 bits virtual\u000apower management:\u000a\u000aprocessor	: 1\u000avendor_id	: GenuineIntel\u000acpu family	: 6\u000amodel		: 63\u000amodel name	: Intel(R) Xeon(R) Processor @ 2.50GHz\u000astepping	: 2\u000amicrocode	: 0x1\u000acpu MHz		: 2500.010\u000acache size	: 36608 KB\u000aphysical id	: 0\u000asiblings	: 2\u000acore id		: 1\u000acpu cores	: 2\u000aapicid		: 1\u000ainitial apicid	: 1\u000afpu		: yes\u000afpu_exception	: yes\u000acpuid level	: 13\u000awp		: yes\u000aflags		: fpu vme de pse tsc msr pae mce cx8 apic sep mtrr pge mca cmov pat pse36 clflush mmx fxsr sse sse2 ht syscall nx rdtscp lm constant_tsc rep_good nopl xtopology nonstop_tsc cpuid tsc_known_freq pni pclmulqdq ssse3 fma cx16 pcid sse4_1 sse4_2 x2apic movbe popcnt tsc_deadline_timer aes xsave avx f16c rdrand hypervisor lahf_lm abm cpuid_fault invpcid_single ssbd ibrs ibpb stibp ibrs_enhanced fsgsbase tsc_adjust bmi1 avx2 smep bmi2 erms invpcid smap xsaveopt arat md_clear arch_capabilities\u000abugs		: spectre_v1 spectre_v2 spec_store_bypass swapgs\u000abogomips	: 5000.02\u000aclflush size	: 64\u000acache_alignment	: 64\u000aaddress sizes	: 46 bits physical, 48 bits virtual\u000apower management:\u000a\u000a
p84
sV/proc/meminfo
p85
VMemTotal:        1717184 kB\u000aMemFree:         1122596 kB\u000aMemAvailable:    1486060 kB\u000aBuffers:           17096 kB\u000aCached:           460676 kB\u000aSwapCached:            0 kB\u000aActive:            94116 kB\u000aInactive:         444872 kB\u000aActive(anon):      61212 kB\u000aInactive(anon):      216 kB\u000aActive(file):      32904 kB\u000aInactive(file):   444656 kB\u000aUnevictable:           0 kB\u000aMlocked:               0 kB\u000aSwapTotal:             0 kB\u000aSwapFree:              0 kB\u000aDirty:                 4 kB\u000aWriteback:             0 kB\u000aAnonPages:         61188 kB\u000aMapped:            34836 kB\u000aShmem:               220 kB\u000aSlab:              43088 kB\u000aSReclaimable:      32820 kB\u000aSUnreclaim:        10268 kB\u000aKernelStack:        1176 kB\u000aPageTables:         1388 kB\u000aNFS_Unstable:          0 kB\u000aBounce:                0 kB\u000aWritebackTmp:          0 kB\u000aCommitLimit:      858592 kB\u000aCommitted_AS:     251608 kB\u000aVmallocTotal:   34359738367 kB\u000aVmallocUsed:           0 kB\u000aVmallocChunk:          0 kB\u000aAnonHugePages:         0 kB\u000aShmemHugePages:        0 kB\u000aShmemPmdMapped:        0 kB\u000aHugePages_Total:       0\u000aHugePages_Free:        0\u000aHugePages_Rsvd:        0\u000aHugePages_Surp:        0\u000aHugepagesize:       2048 kB\u000aDirectMap4k:       23552 kB\u000aDirectMap2M:     1738752 kB\u000a
p86
ssVstatus_key
p87
Vpywren.jobs/cdf63a7a-db2f-4e3a-97bc-360a3dda9d6d/00001/status.json
p88
sVend_time
p89
F1609057671.7064259
sVlog_group_name
p90
V/aws/lambda/pywren_redis_2
p91
sVdata_key
p92
Vpywren.jobs/cdf63a7a-db2f-4e3a-97bc-360a3dda9d6d/aggdata.pickle
p93
sa(dp94
Vcallset_id
p95
Vcdf63a7a-db2f-4e3a-97bc-360a3dda9d6d
p96
sVlog_stream_name
p97
V2020/12/27/[$LATEST]06180b86707147f18b760c81245301fb
p98
sVstdout
p99
V
sVfunc_key
p100
Vpywren.jobs/cdf63a7a-db2f-4e3a-97bc-360a3dda9d6d/func.pickle
p101
sVfree_disk_bytes
p102
I538333184
sVruntime_cached
p103
I00
sVretcode
p104
I0
sVcall_id
p105
V00002
p106
sVoutput_key
p107
Vpywren.jobs/cdf63a7a-db2f-4e3a-97bc-360a3dda9d6d/00002/output.pickle
p108
sVruntime_s3_key_used
p109
V2c12dc-pywren.runtimes/default_2.7.tar.gz.0072
p110
sVaws_request_id
p111
Vf2cf6bf1-b84b-44fe-aff5-411675faa439
p112
sVexec_time
p113
F42.236262798309326
sVstart_time
p114
F1609057623.577378
sVsetup_time
p115
F6.9723560810089111
sVruntime_s3_bucket_used
p116
Vpywren-runtimes-public-us-west-2
p117
sVexception
p118
NsVhost_submit_time
p119
F1609057622.844538
sVserver_info
p120
(dp121
Vuname
p122
V('Linux', '169.254.218.157', '4.14.203-112.332.amzn2.x86_64', '#1 SMP Wed Nov 4 20:46:34 UTC 2020', 'x86_64', 'x86_64')
p123
sV/proc/self/cgroup
p124
VMemTotal:        1717184 kB\u000aMemFree:         1121904 kB\u000aMemAvailable:    1486040 kB\u000aBuffers:           17564 kB\u000aCached:           460908 kB\u000aSwapCached:            0 kB\u000aActive:            94588 kB\u000aInactive:         445196 kB\u000aActive(anon):      61304 kB\u000aInactive(anon):      216 kB\u000aActive(file):      33284 kB\u000aInactive(file):   444980 kB\u000aUnevictable:           0 kB\u000aMlocked:               0 kB\u000aSwapTotal:             0 kB\u000aSwapFree:              0 kB\u000aDirty:               356 kB\u000aWriteback:             0 kB\u000aAnonPages:         61372 kB\u000aMapped:            35288 kB\u000aShmem:               220 kB\u000aSlab:              42784 kB\u000aSReclaimable:      32760 kB\u000aSUnreclaim:        10024 kB\u000aKernelStack:        1152 kB\u000aPageTables:         1392 kB\u000aNFS_Unstable:          0 kB\u000aBounce:                0 kB\u000aWritebackTmp:          0 kB\u000aCommitLimit:      858592 kB\u000aCommitted_AS:     253544 kB\u000aVmallocTotal:   34359738367 kB\u000aVmallocUsed:           0 kB\u000aVmallocChunk:          0 kB\u000aAnonHugePages:         0 kB\u000aShmemHugePages:        0 kB\u000aShmemPmdMapped:        0 kB\u000aHugePages_Total:       0\u000aHugePages_Free:        0\u000aHugePages_Rsvd:        0\u000aHugePages_Surp:        0\u000aHugepagesize:       2048 kB\u000aDirectMap4k:       21504 kB\u000aDirectMap2M:     1740800 kB\u000a
p125
sV/proc/cgroups
p126
V#subsys_name	hierarchy	num_cgroups	enabled\u000acpuset	5	1	1\u000acpu	3	5	1\u000acpuacct	3	5	1\u000ablkio	11	1	1\u000amemory	8	5	1\u000adevices	10	1	1\u000afreezer	7	2	1\u000anet_cls	2	1	1\u000aperf_event	6	1	1\u000anet_prio	2	1	1\u000ahugetlb	4	1	1\u000apids	9	1	1\u000a
p127
sV/proc/cpuinfo
p128
Vprocessor	: 0\u000avendor_id	: GenuineIntel\u000acpu family	: 6\u000amodel		: 63\u000amodel name	: Intel(R) Xeon(R) Processor @ 2.50GHz\u000astepping	: 2\u000amicrocode	: 0x1\u000acpu MHz		: 2500.010\u000acache size	: 36608 KB\u000aphysical id	: 0\u000asiblings	: 2\u000acore id		: 0\u000acpu cores	: 2\u000aapicid		: 0\u000ainitial apicid	: 0\u000afpu		: yes\u000afpu_exception	: yes\u000acpuid level	: 13\u000awp		: yes\u000aflags		: fpu vme de pse tsc msr pae mce cx8 apic sep mtrr pge mca cmov pat pse36 clflush mmx fxsr sse sse2 ht syscall nx rdtscp lm constant_tsc rep_good nopl xtopology nonstop_tsc cpuid tsc_known_freq pni pclmulqdq ssse3 fma cx16 pcid sse4_1 sse4_2 x2apic movbe popcnt tsc_deadline_timer aes xsave avx f16c rdrand hypervisor lahf_lm abm cpuid_fault invpcid_single ssbd ibrs ibpb stibp ibrs_enhanced fsgsbase tsc_adjust bmi1 avx2 smep bmi2 erms invpcid smap xsaveopt arat md_clear arch_capabilities\u000abugs		: spectre_v1 spectre_v2 spec_store_bypass swapgs\u000abogomips	: 5000.02\u000aclflush size	: 64\u000acache_alignment	: 64\u000aaddress sizes	: 46 bits physical, 48 bits virtual\u000apower management:\u000a\u000aprocessor	: 1\u000avendor_id	: GenuineIntel\u000acpu family	: 6\u000amodel		: 63\u000amodel name	: Intel(R) Xeon(R) Processor @ 2.50GHz\u000astepping	: 2\u000amicrocode	: 0x1\u000acpu MHz		: 2500.010\u000acache size	: 36608 KB\u000aphysical id	: 0\u000asiblings	: 2\u000acore id		: 1\u000acpu cores	: 2\u000aapicid		: 1\u000ainitial apicid	: 1\u000afpu		: yes\u000afpu_exception	: yes\u000acpuid level	: 13\u000awp		: yes\u000aflags		: fpu vme de pse tsc msr pae mce cx8 apic sep mtrr pge mca cmov pat pse36 clflush mmx fxsr sse sse2 ht syscall nx rdtscp lm constant_tsc rep_good nopl xtopology nonstop_tsc cpuid tsc_known_freq pni pclmulqdq ssse3 fma cx16 pcid sse4_1 sse4_2 x2apic movbe popcnt tsc_deadline_timer aes xsave avx f16c rdrand hypervisor lahf_lm abm cpuid_fault invpcid_single ssbd ibrs ibpb stibp ibrs_enhanced fsgsbase tsc_adjust bmi1 avx2 smep bmi2 erms invpcid smap xsaveopt arat md_clear arch_capabilities\u000abugs		: spectre_v1 spectre_v2 spec_store_bypass swapgs\u000abogomips	: 5000.02\u000aclflush size	: 64\u000acache_alignment	: 64\u000aaddress sizes	: 46 bits physical, 48 bits virtual\u000apower management:\u000a\u000a
p129
sV/proc/meminfo
p130
VMemTotal:        1717184 kB\u000aMemFree:         1121904 kB\u000aMemAvailable:    1486040 kB\u000aBuffers:           17564 kB\u000aCached:           460908 kB\u000aSwapCached:            0 kB\u000aActive:            94588 kB\u000aInactive:         445196 kB\u000aActive(anon):      61304 kB\u000aInactive(anon):      216 kB\u000aActive(file):      33284 kB\u000aInactive(file):   444980 kB\u000aUnevictable:           0 kB\u000aMlocked:               0 kB\u000aSwapTotal:             0 kB\u000aSwapFree:              0 kB\u000aDirty:               356 kB\u000aWriteback:             0 kB\u000aAnonPages:         61372 kB\u000aMapped:            35288 kB\u000aShmem:               220 kB\u000aSlab:              42784 kB\u000aSReclaimable:      32760 kB\u000aSUnreclaim:        10024 kB\u000aKernelStack:        1152 kB\u000aPageTables:         1392 kB\u000aNFS_Unstable:          0 kB\u000aBounce:                0 kB\u000aWritebackTmp:          0 kB\u000aCommitLimit:      858592 kB\u000aCommitted_AS:     253544 kB\u000aVmallocTotal:   34359738367 kB\u000aVmallocUsed:           0 kB\u000aVmallocChunk:          0 kB\u000aAnonHugePages:         0 kB\u000aShmemHugePages:        0 kB\u000aShmemPmdMapped:        0 kB\u000aHugePages_Total:       0\u000aHugePages_Free:        0\u000aHugePages_Rsvd:        0\u000aHugePages_Surp:        0\u000aHugepagesize:       2048 kB\u000aDirectMap4k:       21504 kB\u000aDirectMap2M:     1740800 kB\u000a
p131
ssVstatus_key
p132
Vpywren.jobs/cdf63a7a-db2f-4e3a-97bc-360a3dda9d6d/00002/status.json
p133
sVend_time
p134
F1609057672.78599
sVlog_group_name
p135
V/aws/lambda/pywren_redis_2
p136
sVdata_key
p137
Vpywren.jobs/cdf63a7a-db2f-4e3a-97bc-360a3dda9d6d/aggdata.pickle
p138
sa(dp139
Vcallset_id
p140
Vcdf63a7a-db2f-4e3a-97bc-360a3dda9d6d
p141
sVlog_stream_name
p142
V2020/12/27/[$LATEST]035eaeac719f4a96ae12f72430bf44a5
p143
sVstdout
p144
V
sVfunc_key
p145
Vpywren.jobs/cdf63a7a-db2f-4e3a-97bc-360a3dda9d6d/func.pickle
p146
sVfree_disk_bytes
p147
I538333184
sVruntime_cached
p148
I00
sVretcode
p149
I0
sVcall_id
p150
V00003
p151
sVoutput_key
p152
Vpywren.jobs/cdf63a7a-db2f-4e3a-97bc-360a3dda9d6d/00003/output.pickle
p153
sVruntime_s3_key_used
p154
V6075c1-pywren.runtimes/default_2.7.tar.gz.0014
p155
sVaws_request_id
p156
V5fa8103e-45ca-452b-8668-76abdbc40e9d
p157
sVexec_time
p158
F42.267064094543457
sVstart_time
p159
F1609057623.6420741
sVsetup_time
p160
F7.0866758823394775
sVruntime_s3_bucket_used
p161
Vpywren-runtimes-public-us-west-2
p162
sVexception
p163
NsVhost_submit_time
p164
F1609057622.849252
sVserver_info
p165
(dp166
Vuname
p167
V('Linux', '169.254.179.229', '4.14.203-112.332.amzn2.x86_64', '#1 SMP Wed Nov 4 20:46:34 UTC 2020', 'x86_64', 'x86_64')
p168
sV/proc/self/cgroup
p169
VMemTotal:        1717184 kB\u000aMemFree:         1118896 kB\u000aMemAvailable:    1485996 kB\u000aBuffers:           17560 kB\u000aCached:           463912 kB\u000aSwapCached:            0 kB\u000aActive:            95076 kB\u000aInactive:         447432 kB\u000aActive(anon):      61032 kB\u000aInactive(anon):      216 kB\u000aActive(file):      34044 kB\u000aInactive(file):   447216 kB\u000aUnevictable:           0 kB\u000aMlocked:               0 kB\u000aSwapTotal:             0 kB\u000aSwapFree:              0 kB\u000aDirty:               120 kB\u000aWriteback:             0 kB\u000aAnonPages:         61108 kB\u000aMapped:            35276 kB\u000aShmem:               220 kB\u000aSlab:              43020 kB\u000aSReclaimable:      32696 kB\u000aSUnreclaim:        10324 kB\u000aKernelStack:        1176 kB\u000aPageTables:         1416 kB\u000aNFS_Unstable:          0 kB\u000aBounce:                0 kB\u000aWritebackTmp:          0 kB\u000aCommitLimit:      858592 kB\u000aCommitted_AS:     253468 kB\u000aVmallocTotal:   34359738367 kB\u000aVmallocUsed:           0 kB\u000aVmallocChunk:          0 kB\u000aAnonHugePages:         0 kB\u000aShmemHugePages:        0 kB\u000aShmemPmdMapped:        0 kB\u000aHugePages_Total:       0\u000aHugePages_Free:        0\u000aHugePages_Rsvd:        0\u000aHugePages_Surp:        0\u000aHugepagesize:       2048 kB\u000aDirectMap4k:       23552 kB\u000aDirectMap2M:     1738752 kB\u000a
p170
sV/proc/cgroups
p171
V#subsys_name	hierarchy	num_cgroups	enabled\u000acpuset	5	1	1\u000acpu	9	5	1\u000acpuacct	9	5	1\u000ablkio	6	1	1\u000amemory	11	5	1\u000adevices	7	1	1\u000afreezer	10	2	1\u000anet_cls	3	1	1\u000aperf_event	2	1	1\u000anet_prio	3	1	1\u000ahugetlb	4	1	1\u000apids	8	1	1\u000a
p172
sV/proc/cpuinfo
p173
Vprocessor	: 0\u000avendor_id	: GenuineIntel\u000acpu family	: 6\u000amodel		: 63\u000amodel name	: Intel(R) Xeon(R) Processor @ 2.50GHz\u000astepping	: 2\u000amicrocode	: 0x1\u000acpu MHz		: 2500.012\u000acache size	: 33792 KB\u000aphysical id	: 0\u000asiblings	: 2\u000acore id		: 0\u000acpu cores	: 2\u000aapicid		: 0\u000ainitial apicid	: 0\u000afpu		: yes\u000afpu_exception	: yes\u000acpuid level	: 13\u000awp		: yes\u000aflags		: fpu vme de pse tsc msr pae mce cx8 apic sep mtrr pge mca cmov pat pse36 clflush mmx fxsr sse sse2 ht syscall nx rdtscp lm constant_tsc rep_good nopl xtopology nonstop_tsc cpuid tsc_known_freq pni pclmulqdq ssse3 fma cx16 pcid sse4_1 sse4_2 x2apic movbe popcnt tsc_deadline_timer aes xsave avx f16c rdrand hypervisor lahf_lm abm cpuid_fault invpcid_single pti ssbd ibrs ibpb stibp fsgsbase tsc_adjust bmi1 avx2 smep bmi2 erms invpcid smap xsaveopt arat md_clear arch_capabilities\u000abugs		: cpu_meltdown spectre_v1 spectre_v2 spec_store_bypass l1tf mds swapgs\u000abogomips	: 5000.02\u000aclflush size	: 64\u000acache_alignment	: 64\u000aaddress sizes	: 46 bits physical, 48 bits virtual\u000apower management:\u000a\u000aprocessor	: 1\u000avendor_id	: GenuineIntel\u000acpu family	: 6\u000amodel		: 63\u000amodel name	: Intel(R) Xeon(R) Processor @ 2.50GHz\u000astepping	: 2\u000amicrocode	: 0x1\u000acpu MHz		: 2500.012\u000acache size	: 33792 KB\u000aphysical id	: 0\u000asiblings	: 2\u000acore id		: 1\u000acpu cores	: 2\u000aapicid		: 1\u000ainitial apicid	: 1\u000afpu		: yes\u000afpu_exception	: yes\u000acpuid level	: 13\u000awp		: yes\u000aflags		: fpu vme de pse tsc msr pae mce cx8 apic sep mtrr pge mca cmov pat pse36 clflush mmx fxsr sse sse2 ht syscall nx rdtscp lm constant_tsc rep_good nopl xtopology nonstop_tsc cpuid tsc_known_freq pni pclmulqdq ssse3 fma cx16 pcid sse4_1 sse4_2 x2apic movbe popcnt tsc_deadline_timer aes xsave avx f16c rdrand hypervisor lahf_lm abm cpuid_fault invpcid_single pti ssbd ibrs ibpb stibp fsgsbase tsc_adjust bmi1 avx2 smep bmi2 erms invpcid smap xsaveopt arat md_clear arch_capabilities\u000abugs		: cpu_meltdown spectre_v1 spectre_v2 spec_store_bypass l1tf mds swapgs\u000abogomips	: 5000.02\u000aclflush size	: 64\u000acache_alignment	: 64\u000aaddress sizes	: 46 bits physical, 48 bits virtual\u000apower management:\u000a\u000a
p174
sV/proc/meminfo
p175
VMemTotal:        1717184 kB\u000aMemFree:         1118896 kB\u000aMemAvailable:    1485996 kB\u000aBuffers:           17560 kB\u000aCached:           463912 kB\u000aSwapCached:            0 kB\u000aActive:            95076 kB\u000aInactive:         447432 kB\u000aActive(anon):      61032 kB\u000aInactive(anon):      216 kB\u000aActive(file):      34044 kB\u000aInactive(file):   447216 kB\u000aUnevictable:           0 kB\u000aMlocked:               0 kB\u000aSwapTotal:             0 kB\u000aSwapFree:              0 kB\u000aDirty:               120 kB\u000aWriteback:             0 kB\u000aAnonPages:         61108 kB\u000aMapped:            35276 kB\u000aShmem:               220 kB\u000aSlab:              43020 kB\u000aSReclaimable:      32696 kB\u000aSUnreclaim:        10324 kB\u000aKernelStack:        1176 kB\u000aPageTables:         1416 kB\u000aNFS_Unstable:          0 kB\u000aBounce:                0 kB\u000aWritebackTmp:          0 kB\u000aCommitLimit:      858592 kB\u000aCommitted_AS:     253468 kB\u000aVmallocTotal:   34359738367 kB\u000aVmallocUsed:           0 kB\u000aVmallocChunk:          0 kB\u000aAnonHugePages:         0 kB\u000aShmemHugePages:        0 kB\u000aShmemPmdMapped:        0 kB\u000aHugePages_Total:       0\u000aHugePages_Free:        0\u000aHugePages_Rsvd:        0\u000aHugePages_Surp:        0\u000aHugepagesize:       2048 kB\u000aDirectMap4k:       23552 kB\u000aDirectMap2M:     1738752 kB\u000a
p176
ssVstatus_key
p177
Vpywren.jobs/cdf63a7a-db2f-4e3a-97bc-360a3dda9d6d/00003/status.json
p178
sVend_time
p179
F1609057672.9958069
sVlog_group_name
p180
V/aws/lambda/pywren_redis_2
p181
sVdata_key
p182
Vpywren.jobs/cdf63a7a-db2f-4e3a-97bc-360a3dda9d6d/aggdata.pickle
p183
sa(dp184
Vcallset_id
p185
Vcdf63a7a-db2f-4e3a-97bc-360a3dda9d6d
p186
sVlog_stream_name
p187
V2020/12/27/[$LATEST]310fba75126443fe82f113e558e48fac
p188
sVstdout
p189
V
sVfunc_key
p190
Vpywren.jobs/cdf63a7a-db2f-4e3a-97bc-360a3dda9d6d/func.pickle
p191
sVfree_disk_bytes
p192
I538333184
sVruntime_cached
p193
I00
sVretcode
p194
I0
sVcall_id
p195
V00004
p196
sVoutput_key
p197
Vpywren.jobs/cdf63a7a-db2f-4e3a-97bc-360a3dda9d6d/00004/output.pickle
p198
sVruntime_s3_key_used
p199
Vc35ecc-pywren.runtimes/default_2.7.tar.gz.0005
p200
sVaws_request_id
p201
V52189cc7-433c-4906-8b6e-240c9deceb55
p202
sVexec_time
p203
F41.096612930297852
sVstart_time
p204
F1609057623.628978
sVsetup_time
p205
F7.203650951385498
sVruntime_s3_bucket_used
p206
Vpywren-runtimes-public-us-west-2
p207
sVexception
p208
NsVhost_submit_time
p209
F1609057622.8625529
sVserver_info
p210
(dp211
Vuname
p212
V('Linux', '169.254.105.13', '4.14.203-112.332.amzn2.x86_64', '#1 SMP Wed Nov 4 20:46:34 UTC 2020', 'x86_64', 'x86_64')
p213
sV/proc/self/cgroup
p214
VMemTotal:        1717184 kB\u000aMemFree:         1118648 kB\u000aMemAvailable:    1485768 kB\u000aBuffers:           17144 kB\u000aCached:           464312 kB\u000aSwapCached:            0 kB\u000aActive:            95640 kB\u000aInactive:         446896 kB\u000aActive(anon):      61072 kB\u000aInactive(anon):      216 kB\u000aActive(file):      34568 kB\u000aInactive(file):   446680 kB\u000aUnevictable:           0 kB\u000aMlocked:               0 kB\u000aSwapTotal:             0 kB\u000aSwapFree:              0 kB\u000aDirty:               360 kB\u000aWriteback:             0 kB\u000aAnonPages:         61068 kB\u000aMapped:            35060 kB\u000aShmem:               220 kB\u000aSlab:              43264 kB\u000aSReclaimable:      32756 kB\u000aSUnreclaim:        10508 kB\u000aKernelStack:        1152 kB\u000aPageTables:         1332 kB\u000aNFS_Unstable:          0 kB\u000aBounce:                0 kB\u000aWritebackTmp:          0 kB\u000aCommitLimit:      858592 kB\u000aCommitted_AS:     252888 kB\u000aVmallocTotal:   34359738367 kB\u000aVmallocUsed:           0 kB\u000aVmallocChunk:          0 kB\u000aAnonHugePages:         0 kB\u000aShmemHugePages:        0 kB\u000aShmemPmdMapped:        0 kB\u000aHugePages_Total:       0\u000aHugePages_Free:        0\u000aHugePages_Rsvd:        0\u000aHugePages_Surp:        0\u000aHugepagesize:       2048 kB\u000aDirectMap4k:       21504 kB\u000aDirectMap2M:     1740800 kB\u000a
p215
sV/proc/cgroups
p216
V#subsys_name	hierarchy	num_cgroups	enabled\u000acpuset	6	1	1\u000acpu	10	5	1\u000acpuacct	10	5	1\u000ablkio	8	1	1\u000amemory	3	5	1\u000adevices	2	1	1\u000afreezer	9	2	1\u000anet_cls	4	1	1\u000aperf_event	11	1	1\u000anet_prio	4	1	1\u000ahugetlb	5	1	1\u000apids	7	1	1\u000a
p217
sV/proc/cpuinfo
p218
Vprocessor	: 0\u000avendor_id	: GenuineIntel\u000acpu family	: 6\u000amodel		: 63\u000amodel name	: Intel(R) Xeon(R) Processor @ 2.50GHz\u000astepping	: 2\u000amicrocode	: 0x1\u000acpu MHz		: 2500.010\u000acache size	: 33792 KB\u000aphysical id	: 0\u000asiblings	: 2\u000acore id		: 0\u000acpu cores	: 2\u000aapicid		: 0\u000ainitial apicid	: 0\u000afpu		: yes\u000afpu_exception	: yes\u000acpuid level	: 13\u000awp		: yes\u000aflags		: fpu vme de pse tsc msr pae mce cx8 apic sep mtrr pge mca cmov pat pse36 clflush mmx fxsr sse sse2 ht syscall nx rdtscp lm constant_tsc rep_good nopl xtopology nonstop_tsc cpuid tsc_known_freq pni pclmulqdq ssse3 fma cx16 pcid sse4_1 sse4_2 x2apic movbe popcnt tsc_deadline_timer aes xsave avx f16c rdrand hypervisor lahf_lm abm cpuid_fault invpcid_single pti ssbd ibrs ibpb stibp fsgsbase tsc_adjust bmi1 avx2 smep bmi2 erms invpcid smap xsaveopt arat md_clear arch_capabilities\u000abugs		: cpu_meltdown spectre_v1 spectre_v2 spec_store_bypass l1tf mds swapgs\u000abogomips	: 5000.02\u000aclflush size	: 64\u000acache_alignment	: 64\u000aaddress sizes	: 46 bits physical, 48 bits virtual\u000apower management:\u000a\u000aprocessor	: 1\u000avendor_id	: GenuineIntel\u000acpu family	: 6\u000amodel		: 63\u000amodel name	: Intel(R) Xeon(R) Processor @ 2.50GHz\u000astepping	: 2\u000amicrocode	: 0x1\u000acpu MHz		: 2500.010\u000acache size	: 33792 KB\u000aphysical id	: 0\u000asiblings	: 2\u000acore id		: 1\u000acpu cores	: 2\u000aapicid		: 1\u000ainitial apicid	: 1\u000afpu		: yes\u000afpu_exception	: yes\u000acpuid level	: 13\u000awp		: yes\u000aflags		: fpu vme de pse tsc msr pae mce cx8 apic sep mtrr pge mca cmov pat pse36 clflush mmx fxsr sse sse2 ht syscall nx rdtscp lm constant_tsc rep_good nopl xtopology nonstop_tsc cpuid tsc_known_freq pni pclmulqdq ssse3 fma cx16 pcid sse4_1 sse4_2 x2apic movbe popcnt tsc_deadline_timer aes xsave avx f16c rdrand hypervisor lahf_lm abm cpuid_fault invpcid_single pti ssbd ibrs ibpb stibp fsgsbase tsc_adjust bmi1 avx2 smep bmi2 erms invpcid smap xsaveopt arat md_clear arch_capabilities\u000abugs		: cpu_meltdown spectre_v1 spectre_v2 spec_store_bypass l1tf mds swapgs\u000abogomips	: 5000.02\u000aclflush size	: 64\u000acache_alignment	: 64\u000aaddress sizes	: 46 bits physical, 48 bits virtual\u000apower management:\u000a\u000a
p219
sV/proc/meminfo
p220
VMemTotal:        1717184 kB\u000aMemFree:         1118648 kB\u000aMemAvailable:    1485768 kB\u000aBuffers:           17144 kB\u000aCached:           464312 kB\u000aSwapCached:            0 kB\u000aActive:            95640 kB\u000aInactive:         446896 kB\u000aActive(anon):      61072 kB\u000aInactive(anon):      216 kB\u000aActive(file):      34568 kB\u000aInactive(file):   446680 kB\u000aUnevictable:           0 kB\u000aMlocked:               0 kB\u000aSwapTotal:             0 kB\u000aSwapFree:              0 kB\u000aDirty:               360 kB\u000aWriteback:             0 kB\u000aAnonPages:         61068 kB\u000aMapped:            35060 kB\u000aShmem:               220 kB\u000aSlab:              43264 kB\u000aSReclaimable:      32756 kB\u000aSUnreclaim:        10508 kB\u000aKernelStack:        1152 kB\u000aPageTables:         1332 kB\u000aNFS_Unstable:          0 kB\u000aBounce:                0 kB\u000aWritebackTmp:          0 kB\u000aCommitLimit:      858592 kB\u000aCommitted_AS:     252888 kB\u000aVmallocTotal:   34359738367 kB\u000aVmallocUsed:           0 kB\u000aVmallocChunk:          0 kB\u000aAnonHugePages:         0 kB\u000aShmemHugePages:        0 kB\u000aShmemPmdMapped:        0 kB\u000aHugePages_Total:       0\u000aHugePages_Free:        0\u000aHugePages_Rsvd:        0\u000aHugePages_Surp:        0\u000aHugepagesize:       2048 kB\u000aDirectMap4k:       21504 kB\u000aDirectMap2M:     1740800 kB\u000a
p221
ssVstatus_key
p222
Vpywren.jobs/cdf63a7a-db2f-4e3a-97bc-360a3dda9d6d/00004/status.json
p223
sVend_time
p224
F1609057671.9292359
sVlog_group_name
p225
V/aws/lambda/pywren_redis_2
p226
sVdata_key
p227
Vpywren.jobs/cdf63a7a-db2f-4e3a-97bc-360a3dda9d6d/aggdata.pickle
p228
sa(dp229
Vcallset_id
p230
Vcdf63a7a-db2f-4e3a-97bc-360a3dda9d6d
p231
sVlog_stream_name
p232
V2020/12/27/[$LATEST]1586a24dc9f14bcd8890ce21cfb09822
p233
sVstdout
p234
V
sVfunc_key
p235
Vpywren.jobs/cdf63a7a-db2f-4e3a-97bc-360a3dda9d6d/func.pickle
p236
sVfree_disk_bytes
p237
I538333184
sVruntime_cached
p238
I00
sVretcode
p239
I0
sVcall_id
p240
V00005
p241
sVoutput_key
p242
Vpywren.jobs/cdf63a7a-db2f-4e3a-97bc-360a3dda9d6d/00005/output.pickle
p243
sVruntime_s3_key_used
p244
V366737-pywren.runtimes/default_2.7.tar.gz.0052
p245
sVaws_request_id
p246
Vc6e18315-e8d7-4bf6-a3d5-e78d667844e0
p247
sVexec_time
p248
F42.292711973190308
sVstart_time
p249
F1609057623.939898
sVsetup_time
p250
F7.7696080207824707
sVruntime_s3_bucket_used
p251
Vpywren-runtimes-public-us-west-2
p252
sVexception
p253
NsVhost_submit_time
p254
F1609057622.8580639
sVserver_info
p255
(dp256
Vuname
p257
V('Linux', '169.254.224.77', '4.14.203-112.332.amzn2.x86_64', '#1 SMP Wed Nov 4 20:46:34 UTC 2020', 'x86_64', 'x86_64')
p258
sV/proc/self/cgroup
p259
VMemTotal:        1717184 kB\u000aMemFree:         1122212 kB\u000aMemAvailable:    1486340 kB\u000aBuffers:           14760 kB\u000aCached:           463776 kB\u000aSwapCached:            0 kB\u000aActive:            93276 kB\u000aInactive:         446236 kB\u000aActive(anon):      60968 kB\u000aInactive(anon):      216 kB\u000aActive(file):      32308 kB\u000aInactive(file):   446020 kB\u000aUnevictable:           0 kB\u000aMlocked:               0 kB\u000aSwapTotal:             0 kB\u000aSwapFree:              0 kB\u000aDirty:               124 kB\u000aWriteback:             0 kB\u000aAnonPages:         60964 kB\u000aMapped:            34288 kB\u000aShmem:               220 kB\u000aSlab:              42756 kB\u000aSReclaimable:      32616 kB\u000aSUnreclaim:        10140 kB\u000aKernelStack:        1184 kB\u000aPageTables:         1328 kB\u000aNFS_Unstable:          0 kB\u000aBounce:                0 kB\u000aWritebackTmp:          0 kB\u000aCommitLimit:      858592 kB\u000aCommitted_AS:     253820 kB\u000aVmallocTotal:   34359738367 kB\u000aVmallocUsed:           0 kB\u000aVmallocChunk:          0 kB\u000aAnonHugePages:         0 kB\u000aShmemHugePages:        0 kB\u000aShmemPmdMapped:        0 kB\u000aHugePages_Total:       0\u000aHugePages_Free:        0\u000aHugePages_Rsvd:        0\u000aHugePages_Surp:        0\u000aHugepagesize:       2048 kB\u000aDirectMap4k:       21504 kB\u000aDirectMap2M:     1740800 kB\u000a
p260
sV/proc/cgroups
p261
V#subsys_name	hierarchy	num_cgroups	enabled\u000acpuset	4	1	1\u000acpu	3	5	1\u000acpuacct	3	5	1\u000ablkio	11	1	1\u000amemory	8	5	1\u000adevices	10	1	1\u000afreezer	6	2	1\u000anet_cls	2	1	1\u000aperf_event	9	1	1\u000anet_prio	2	1	1\u000ahugetlb	7	1	1\u000apids	5	1	1\u000a
p262
sV/proc/cpuinfo
p263
Vprocessor	: 0\u000avendor_id	: GenuineIntel\u000acpu family	: 6\u000amodel		: 63\u000amodel name	: Intel(R) Xeon(R) Processor @ 2.50GHz\u000astepping	: 2\u000amicrocode	: 0x1\u000acpu MHz		: 2500.010\u000acache size	: 33792 KB\u000aphysical id	: 0\u000asiblings	: 2\u000acore id		: 0\u000acpu cores	: 2\u000aapicid		: 0\u000ainitial apicid	: 0\u000afpu		: yes\u000afpu_exception	: yes\u000acpuid level	: 13\u000awp		: yes\u000aflags		: fpu vme de pse tsc msr pae mce cx8 apic sep mtrr pge mca cmov pat pse36 clflush mmx fxsr sse sse2 ht syscall nx rdtscp lm constant_tsc rep_good nopl xtopology nonstop_tsc cpuid tsc_known_freq pni pclmulqdq ssse3 fma cx16 pcid sse4_1 sse4_2 x2apic movbe popcnt tsc_deadline_timer aes xsave avx f16c rdrand hypervisor lahf_lm abm cpuid_fault invpcid_single pti ssbd ibrs ibpb stibp fsgsbase tsc_adjust bmi1 avx2 smep bmi2 erms invpcid smap xsaveopt arat md_clear arch_capabilities\u000abugs		: cpu_meltdown spectre_v1 spectre_v2 spec_store_bypass l1tf mds swapgs\u000abogomips	: 5000.02\u000aclflush size	: 64\u000acache_alignment	: 64\u000aaddress sizes	: 46 bits physical, 48 bits virtual\u000apower management:\u000a\u000aprocessor	: 1\u000avendor_id	: GenuineIntel\u000acpu family	: 6\u000amodel		: 63\u000amodel name	: Intel(R) Xeon(R) Processor @ 2.50GHz\u000astepping	: 2\u000amicrocode	: 0x1\u000acpu MHz		: 2500.010\u000acache size	: 33792 KB\u000aphysical id	: 0\u000asiblings	: 2\u000acore id		: 1\u000acpu cores	: 2\u000aapicid		: 1\u000ainitial apicid	: 1\u000afpu		: yes\u000afpu_exception	: yes\u000acpuid level	: 13\u000awp		: yes\u000aflags		: fpu vme de pse tsc msr pae mce cx8 apic sep mtrr pge mca cmov pat pse36 clflush mmx fxsr sse sse2 ht syscall nx rdtscp lm constant_tsc rep_good nopl xtopology nonstop_tsc cpuid tsc_known_freq pni pclmulqdq ssse3 fma cx16 pcid sse4_1 sse4_2 x2apic movbe popcnt tsc_deadline_timer aes xsave avx f16c rdrand hypervisor lahf_lm abm cpuid_fault invpcid_single pti ssbd ibrs ibpb stibp fsgsbase tsc_adjust bmi1 avx2 smep bmi2 erms invpcid smap xsaveopt arat md_clear arch_capabilities\u000abugs		: cpu_meltdown spectre_v1 spectre_v2 spec_store_bypass l1tf mds swapgs\u000abogomips	: 5000.02\u000aclflush size	: 64\u000acache_alignment	: 64\u000aaddress sizes	: 46 bits physical, 48 bits virtual\u000apower management:\u000a\u000a
p264
sV/proc/meminfo
p265
VMemTotal:        1717184 kB\u000aMemFree:         1122212 kB\u000aMemAvailable:    1486340 kB\u000aBuffers:           14760 kB\u000aCached:           463776 kB\u000aSwapCached:            0 kB\u000aActive:            93276 kB\u000aInactive:         446236 kB\u000aActive(anon):      60968 kB\u000aInactive(anon):      216 kB\u000aActive(file):      32308 kB\u000aInactive(file):   446020 kB\u000aUnevictable:           0 kB\u000aMlocked:               0 kB\u000aSwapTotal:             0 kB\u000aSwapFree:              0 kB\u000aDirty:               124 kB\u000aWriteback:             0 kB\u000aAnonPages:         60964 kB\u000aMapped:            34288 kB\u000aShmem:               220 kB\u000aSlab:              42756 kB\u000aSReclaimable:      32616 kB\u000aSUnreclaim:        10140 kB\u000aKernelStack:        1184 kB\u000aPageTables:         1328 kB\u000aNFS_Unstable:          0 kB\u000aBounce:                0 kB\u000aWritebackTmp:          0 kB\u000aCommitLimit:      858592 kB\u000aCommitted_AS:     253820 kB\u000aVmallocTotal:   34359738367 kB\u000aVmallocUsed:           0 kB\u000aVmallocChunk:          0 kB\u000aAnonHugePages:         0 kB\u000aShmemHugePages:        0 kB\u000aShmemPmdMapped:        0 kB\u000aHugePages_Total:       0\u000aHugePages_Free:        0\u000aHugePages_Rsvd:        0\u000aHugePages_Surp:        0\u000aHugepagesize:       2048 kB\u000aDirectMap4k:       21504 kB\u000aDirectMap2M:     1740800 kB\u000a
p266
ssVstatus_key
p267
Vpywren.jobs/cdf63a7a-db2f-4e3a-97bc-360a3dda9d6d/00005/status.json
p268
sVend_time
p269
F1609057674.0022111
sVlog_group_name
p270
V/aws/lambda/pywren_redis_2
p271
sVdata_key
p272
Vpywren.jobs/cdf63a7a-db2f-4e3a-97bc-360a3dda9d6d/aggdata.pickle
p273
sa(dp274
Vcallset_id
p275
Vcdf63a7a-db2f-4e3a-97bc-360a3dda9d6d
p276
sVlog_stream_name
p277
V2020/12/27/[$LATEST]3615ed98ce274956bd9d09dbbfdba69e
p278
sVstdout
p279
V
sVfunc_key
p280
Vpywren.jobs/cdf63a7a-db2f-4e3a-97bc-360a3dda9d6d/func.pickle
p281
sVfree_disk_bytes
p282
I538333184
sVruntime_cached
p283
I00
sVretcode
p284
I0
sVcall_id
p285
V00006
p286
sVoutput_key
p287
Vpywren.jobs/cdf63a7a-db2f-4e3a-97bc-360a3dda9d6d/00006/output.pickle
p288
sVruntime_s3_key_used
p289
V85df1b-pywren.runtimes/default_2.7.tar.gz.0066
p290
sVaws_request_id
p291
V657dff31-183a-4763-b496-44a6338b3a4b
p292
sVexec_time
p293
F42.259945154190063
sVstart_time
p294
F1609057623.617208
sVsetup_time
p295
F7.2383549213409424
sVruntime_s3_bucket_used
p296
Vpywren-runtimes-public-us-west-2
p297
sVexception
p298
NsVhost_submit_time
p299
F1609057622.86937
sVserver_info
p300
(dp301
Vuname
p302
V('Linux', '169.254.194.253', '4.14.203-112.332.amzn2.x86_64', '#1 SMP Wed Nov 4 20:46:34 UTC 2020', 'x86_64', 'x86_64')
p303
sV/proc/self/cgroup
p304
VMemTotal:        1717184 kB\u000aMemFree:         1118668 kB\u000aMemAvailable:    1486212 kB\u000aBuffers:           17956 kB\u000aCached:           463920 kB\u000aSwapCached:            0 kB\u000aActive:            95340 kB\u000aInactive:         447472 kB\u000aActive(anon):      60928 kB\u000aInactive(anon):      216 kB\u000aActive(file):      34412 kB\u000aInactive(file):   447256 kB\u000aUnevictable:           0 kB\u000aMlocked:               0 kB\u000aSwapTotal:             0 kB\u000aSwapFree:              0 kB\u000aDirty:               348 kB\u000aWriteback:             0 kB\u000aAnonPages:         60924 kB\u000aMapped:            35312 kB\u000aShmem:               220 kB\u000aSlab:              43004 kB\u000aSReclaimable:      32768 kB\u000aSUnreclaim:        10236 kB\u000aKernelStack:        1152 kB\u000aPageTables:         1348 kB\u000aNFS_Unstable:          0 kB\u000aBounce:                0 kB\u000aWritebackTmp:          0 kB\u000aCommitLimit:      858592 kB\u000aCommitted_AS:     253556 kB\u000aVmallocTotal:   34359738367 kB\u000aVmallocUsed:           0 kB\u000aVmallocChunk:          0 kB\u000aAnonHugePages:         0 kB\u000aShmemHugePages:        0 kB\u000aShmemPmdMapped:        0 kB\u000aHugePages_Total:       0\u000aHugePages_Free:        0\u000aHugePages_Rsvd:        0\u000aHugePages_Surp:        0\u000aHugepagesize:       2048 kB\u000aDirectMap4k:       21504 kB\u000aDirectMap2M:     1740800 kB\u000a
p305
sV/proc/cgroups
p306
V#subsys_name	hierarchy	num_cgroups	enabled\u000acpuset	8	1	1\u000acpu	5	5	1\u000acpuacct	5	5	1\u000ablkio	9	1	1\u000amemory	4	5	1\u000adevices	11	1	1\u000afreezer	10	2	1\u000anet_cls	7	1	1\u000aperf_event	3	1	1\u000anet_prio	7	1	1\u000ahugetlb	6	1	1\u000apids	2	1	1\u000a
p307
sV/proc/cpuinfo
p308
Vprocessor	: 0\u000avendor_id	: GenuineIntel\u000acpu family	: 6\u000amodel		: 63\u000amodel name	: Intel(R) Xeon(R) Processor @ 2.50GHz\u000astepping	: 2\u000amicrocode	: 0x1\u000acpu MHz		: 2500.010\u000acache size	: 33792 KB\u000aphysical id	: 0\u000asiblings	: 2\u000acore id		: 0\u000acpu cores	: 2\u000aapicid		: 0\u000ainitial apicid	: 0\u000afpu		: yes\u000afpu_exception	: yes\u000acpuid level	: 13\u000awp		: yes\u000aflags		: fpu vme de pse tsc msr pae mce cx8 apic sep mtrr pge mca cmov pat pse36 clflush mmx fxsr sse sse2 ht syscall nx rdtscp lm constant_tsc rep_good nopl xtopology nonstop_tsc cpuid tsc_known_freq pni pclmulqdq ssse3 fma cx16 pcid sse4_1 sse4_2 x2apic movbe popcnt tsc_deadline_timer aes xsave avx f16c rdrand hypervisor lahf_lm abm cpuid_fault invpcid_single pti ssbd ibrs ibpb stibp fsgsbase tsc_adjust bmi1 avx2 smep bmi2 erms invpcid smap xsaveopt arat md_clear arch_capabilities\u000abugs		: cpu_meltdown spectre_v1 spectre_v2 spec_store_bypass l1tf mds swapgs\u000abogomips	: 5000.02\u000aclflush size	: 64\u000acache_alignment	: 64\u000aaddress sizes	: 46 bits physical, 48 bits virtual\u000apower management:\u000a\u000aprocessor	: 1\u000avendor_id	: GenuineIntel\u000acpu family	: 6\u000amodel		: 63\u000amodel name	: Intel(R) Xeon(R) Processor @ 2.50GHz\u000astepping	: 2\u000amicrocode	: 0x1\u000acpu MHz		: 2500.010\u000acache size	: 33792 KB\u000aphysical id	: 0\u000asiblings	: 2\u000acore id		: 1\u000acpu cores	: 2\u000aapicid		: 1\u000ainitial apicid	: 1\u000afpu		: yes\u000afpu_exception	: yes\u000acpuid level	: 13\u000awp		: yes\u000aflags		: fpu vme de pse tsc msr pae mce cx8 apic sep mtrr pge mca cmov pat pse36 clflush mmx fxsr sse sse2 ht syscall nx rdtscp lm constant_tsc rep_good nopl xtopology nonstop_tsc cpuid tsc_known_freq pni pclmulqdq ssse3 fma cx16 pcid sse4_1 sse4_2 x2apic movbe popcnt tsc_deadline_timer aes xsave avx f16c rdrand hypervisor lahf_lm abm cpuid_fault invpcid_single pti ssbd ibrs ibpb stibp fsgsbase tsc_adjust bmi1 avx2 smep bmi2 erms invpcid smap xsaveopt arat md_clear arch_capabilities\u000abugs		: cpu_meltdown spectre_v1 spectre_v2 spec_store_bypass l1tf mds swapgs\u000abogomips	: 5000.02\u000aclflush size	: 64\u000acache_alignment	: 64\u000aaddress sizes	: 46 bits physical, 48 bits virtual\u000apower management:\u000a\u000a
p309
sV/proc/meminfo
p310
VMemTotal:        1717184 kB\u000aMemFree:         1118668 kB\u000aMemAvailable:    1486212 kB\u000aBuffers:           17956 kB\u000aCached:           463920 kB\u000aSwapCached:            0 kB\u000aActive:            95340 kB\u000aInactive:         447472 kB\u000aActive(anon):      60928 kB\u000aInactive(anon):      216 kB\u000aActive(file):      34412 kB\u000aInactive(file):   447256 kB\u000aUnevictable:           0 kB\u000aMlocked:               0 kB\u000aSwapTotal:             0 kB\u000aSwapFree:              0 kB\u000aDirty:               348 kB\u000aWriteback:             0 kB\u000aAnonPages:         60924 kB\u000aMapped:            35312 kB\u000aShmem:               220 kB\u000aSlab:              43004 kB\u000aSReclaimable:      32768 kB\u000aSUnreclaim:        10236 kB\u000aKernelStack:        1152 kB\u000aPageTables:         1348 kB\u000aNFS_Unstable:          0 kB\u000aBounce:                0 kB\u000aWritebackTmp:          0 kB\u000aCommitLimit:      858592 kB\u000aCommitted_AS:     253556 kB\u000aVmallocTotal:   34359738367 kB\u000aVmallocUsed:           0 kB\u000aVmallocChunk:          0 kB\u000aAnonHugePages:         0 kB\u000aShmemHugePages:        0 kB\u000aShmemPmdMapped:        0 kB\u000aHugePages_Total:       0\u000aHugePages_Free:        0\u000aHugePages_Rsvd:        0\u000aHugePages_Surp:        0\u000aHugepagesize:       2048 kB\u000aDirectMap4k:       21504 kB\u000aDirectMap2M:     1740800 kB\u000a
p311
ssVstatus_key
p312
Vpywren.jobs/cdf63a7a-db2f-4e3a-97bc-360a3dda9d6d/00006/status.json
p313
sVend_time
p314
F1609057673.1155021
sVlog_group_name
p315
V/aws/lambda/pywren_redis_2
p316
sVdata_key
p317
Vpywren.jobs/cdf63a7a-db2f-4e3a-97bc-360a3dda9d6d/aggdata.pickle
p318
sa(dp319
Vcallset_id
p320
Vcdf63a7a-db2f-4e3a-97bc-360a3dda9d6d
p321
sVlog_stream_name
p322
V2020/12/27/[$LATEST]084977094548400ba2f7a9c35fcea8dc
p323
sVstdout
p324
V
sVfunc_key
p325
Vpywren.jobs/cdf63a7a-db2f-4e3a-97bc-360a3dda9d6d/func.pickle
p326
sVfree_disk_bytes
p327
I538333184
sVruntime_cached
p328
I00
sVretcode
p329
I0
sVcall_id
p330
V00007
p331
sVoutput_key
p332
Vpywren.jobs/cdf63a7a-db2f-4e3a-97bc-360a3dda9d6d/00007/output.pickle
p333
sVruntime_s3_key_used
p334
Vea2cc7-pywren.runtimes/default_2.7.tar.gz.0073
p335
sVaws_request_id
p336
V87f99945-026f-4238-80c9-5c8ae0dd95a2
p337
sVexec_time
p338
F42.289832830429077
sVstart_time
p339
F1609057623.6651821
sVsetup_time
p340
F7.2057600021362305
sVruntime_s3_bucket_used
p341
Vpywren-runtimes-public-us-west-2
p342
sVexception
p343
NsVhost_submit_time
p344
F1609057622.8767459
sVserver_info
p345
(dp346
Vuname
p347
V('Linux', '169.254.143.61', '4.14.203-112.332.amzn2.x86_64', '#1 SMP Wed Nov 4 20:46:34 UTC 2020', 'x86_64', 'x86_64')
p348
sV/proc/self/cgroup
p349
VMemTotal:        1717184 kB\u000aMemFree:         1118376 kB\u000aMemAvailable:    1486336 kB\u000aBuffers:           17716 kB\u000aCached:           464508 kB\u000aSwapCached:            0 kB\u000aActive:            95964 kB\u000aInactive:         447176 kB\u000aActive(anon):      60908 kB\u000aInactive(anon):      216 kB\u000aActive(file):      35056 kB\u000aInactive(file):   446960 kB\u000aUnevictable:           0 kB\u000aMlocked:               0 kB\u000aSwapTotal:             0 kB\u000aSwapFree:              0 kB\u000aDirty:               132 kB\u000aWriteback:             0 kB\u000aAnonPages:         60908 kB\u000aMapped:            35212 kB\u000aShmem:               220 kB\u000aSlab:              42848 kB\u000aSReclaimable:      32900 kB\u000aSUnreclaim:         9948 kB\u000aKernelStack:        1152 kB\u000aPageTables:         1348 kB\u000aNFS_Unstable:          0 kB\u000aBounce:                0 kB\u000aWritebackTmp:          0 kB\u000aCommitLimit:      858592 kB\u000aCommitted_AS:     251708 kB\u000aVmallocTotal:   34359738367 kB\u000aVmallocUsed:           0 kB\u000aVmallocChunk:          0 kB\u000aAnonHugePages:         0 kB\u000aShmemHugePages:        0 kB\u000aShmemPmdMapped:        0 kB\u000aHugePages_Total:       0\u000aHugePages_Free:        0\u000aHugePages_Rsvd:        0\u000aHugePages_Surp:        0\u000aHugepagesize:       2048 kB\u000aDirectMap4k:       19456 kB\u000aDirectMap2M:     1742848 kB\u000a
p350
sV/proc/cgroups
p351
V#subsys_name	hierarchy	num_cgroups	enabled\u000acpuset	10	1	1\u000acpu	3	5	1\u000acpuacct	3	5	1\u000ablkio	11	1	1\u000amemory	2	5	1\u000adevices	6	1	1\u000afreezer	8	2	1\u000anet_cls	5	1	1\u000aperf_event	4	1	1\u000anet_prio	5	1	1\u000ahugetlb	7	1	1\u000apids	9	1	1\u000a
p352
sV/proc/cpuinfo
p353
Vprocessor	: 0\u000avendor_id	: GenuineIntel\u000acpu family	: 6\u000amodel		: 63\u000amodel name	: Intel(R) Xeon(R) Processor @ 2.50GHz\u000astepping	: 2\u000amicrocode	: 0x1\u000acpu MHz		: 2500.010\u000acache size	: 33792 KB\u000aphysical id	: 0\u000asiblings	: 2\u000acore id		: 0\u000acpu cores	: 2\u000aapicid		: 0\u000ainitial apicid	: 0\u000afpu		: yes\u000afpu_exception	: yes\u000acpuid level	: 13\u000awp		: yes\u000aflags		: fpu vme de pse tsc msr pae mce cx8 apic sep mtrr pge mca cmov pat pse36 clflush mmx fxsr sse sse2 ht syscall nx rdtscp lm constant_tsc rep_good nopl xtopology nonstop_tsc cpuid tsc_known_freq pni pclmulqdq ssse3 fma cx16 pcid sse4_1 sse4_2 x2apic movbe popcnt tsc_deadline_timer aes xsave avx f16c rdrand hypervisor lahf_lm abm cpuid_fault invpcid_single pti ssbd ibrs ibpb stibp fsgsbase tsc_adjust bmi1 avx2 smep bmi2 erms invpcid smap xsaveopt arat md_clear arch_capabilities\u000abugs		: cpu_meltdown spectre_v1 spectre_v2 spec_store_bypass l1tf mds swapgs\u000abogomips	: 5000.02\u000aclflush size	: 64\u000acache_alignment	: 64\u000aaddress sizes	: 46 bits physical, 48 bits virtual\u000apower management:\u000a\u000aprocessor	: 1\u000avendor_id	: GenuineIntel\u000acpu family	: 6\u000amodel		: 63\u000amodel name	: Intel(R) Xeon(R) Processor @ 2.50GHz\u000astepping	: 2\u000amicrocode	: 0x1\u000acpu MHz		: 2500.010\u000acache size	: 33792 KB\u000aphysical id	: 0\u000asiblings	: 2\u000acore id		: 1\u000acpu cores	: 2\u000aapicid		: 1\u000ainitial apicid	: 1\u000afpu		: yes\u000afpu_exception	: yes\u000acpuid level	: 13\u000awp		: yes\u000aflags		: fpu vme de pse tsc msr pae mce cx8 apic sep mtrr pge mca cmov pat pse36 clflush mmx fxsr sse sse2 ht syscall nx rdtscp lm constant_tsc rep_good nopl xtopology nonstop_tsc cpuid tsc_known_freq pni pclmulqdq ssse3 fma cx16 pcid sse4_1 sse4_2 x2apic movbe popcnt tsc_deadline_timer aes xsave avx f16c rdrand hypervisor lahf_lm abm cpuid_fault invpcid_single pti ssbd ibrs ibpb stibp fsgsbase tsc_adjust bmi1 avx2 smep bmi2 erms invpcid smap xsaveopt arat md_clear arch_capabilities\u000abugs		: cpu_meltdown spectre_v1 spectre_v2 spec_store_bypass l1tf mds swapgs\u000abogomips	: 5000.02\u000aclflush size	: 64\u000acache_alignment	: 64\u000aaddress sizes	: 46 bits physical, 48 bits virtual\u000apower management:\u000a\u000a
p354
sV/proc/meminfo
p355
VMemTotal:        1717184 kB\u000aMemFree:         1118376 kB\u000aMemAvailable:    1486336 kB\u000aBuffers:           17716 kB\u000aCached:           464508 kB\u000aSwapCached:            0 kB\u000aActive:            95964 kB\u000aInactive:         447176 kB\u000aActive(anon):      60908 kB\u000aInactive(anon):      216 kB\u000aActive(file):      35056 kB\u000aInactive(file):   446960 kB\u000aUnevictable:           0 kB\u000aMlocked:               0 kB\u000aSwapTotal:             0 kB\u000aSwapFree:              0 kB\u000aDirty:               132 kB\u000aWriteback:             0 kB\u000aAnonPages:         60908 kB\u000aMapped:            35212 kB\u000aShmem:               220 kB\u000aSlab:              42848 kB\u000aSReclaimable:      32900 kB\u000aSUnreclaim:         9948 kB\u000aKernelStack:        1152 kB\u000aPageTables:         1348 kB\u000aNFS_Unstable:          0 kB\u000aBounce:                0 kB\u000aWritebackTmp:          0 kB\u000aCommitLimit:      858592 kB\u000aCommitted_AS:     251708 kB\u000aVmallocTotal:   34359738367 kB\u000aVmallocUsed:           0 kB\u000aVmallocChunk:          0 kB\u000aAnonHugePages:         0 kB\u000aShmemHugePages:        0 kB\u000aShmemPmdMapped:        0 kB\u000aHugePages_Total:       0\u000aHugePages_Free:        0\u000aHugePages_Rsvd:        0\u000aHugePages_Surp:        0\u000aHugepagesize:       2048 kB\u000aDirectMap4k:       19456 kB\u000aDirectMap2M:     1742848 kB\u000a
p356
ssVstatus_key
p357
Vpywren.jobs/cdf63a7a-db2f-4e3a-97bc-360a3dda9d6d/00007/status.json
p358
sVend_time
p359
F1609057673.160769
sVlog_group_name
p360
V/aws/lambda/pywren_redis_2
p361
sVdata_key
p362
Vpywren.jobs/cdf63a7a-db2f-4e3a-97bc-360a3dda9d6d/aggdata.pickle
p363
sa(dp364
Vcallset_id
p365
Vcdf63a7a-db2f-4e3a-97bc-360a3dda9d6d
p366
sVlog_stream_name
p367
V2020/12/27/[$LATEST]50926e7b42ef4d8daf21679c45182304
p368
sVstdout
p369
V
sVfunc_key
p370
Vpywren.jobs/cdf63a7a-db2f-4e3a-97bc-360a3dda9d6d/func.pickle
p371
sVfree_disk_bytes
p372
I538333184
sVruntime_cached
p373
I00
sVretcode
p374
I0
sVcall_id
p375
V00008
p376
sVoutput_key
p377
Vpywren.jobs/cdf63a7a-db2f-4e3a-97bc-360a3dda9d6d/00008/output.pickle
p378
sVruntime_s3_key_used
p379
Vb96969-pywren.runtimes/default_2.7.tar.gz.0093
p380
sVaws_request_id
p381
V009112ae-5178-4fe4-9a90-d622a8767049
p382
sVexec_time
p383
F42.204710006713867
sVstart_time
p384
F1609057623.657743
sVsetup_time
p385
F7.3833959102630615
sVruntime_s3_bucket_used
p386
Vpywren-runtimes-public-us-west-2
p387
sVexception
p388
NsVhost_submit_time
p389
F1609057622.881222
sVserver_info
p390
(dp391
Vuname
p392
V('Linux', '169.254.160.13', '4.14.203-112.332.amzn2.x86_64', '#1 SMP Wed Nov 4 20:46:34 UTC 2020', 'x86_64', 'x86_64')
p393
sV/proc/self/cgroup
p394
VMemTotal:        1717184 kB\u000aMemFree:         1122936 kB\u000aMemAvailable:    1486044 kB\u000aBuffers:           14352 kB\u000aCached:           463184 kB\u000aSwapCached:            0 kB\u000aActive:            92528 kB\u000aInactive:         446060 kB\u000aActive(anon):      61044 kB\u000aInactive(anon):      216 kB\u000aActive(file):      31484 kB\u000aInactive(file):   445844 kB\u000aUnevictable:           0 kB\u000aMlocked:               0 kB\u000aSwapTotal:             0 kB\u000aSwapFree:              0 kB\u000aDirty:               144 kB\u000aWriteback:             0 kB\u000aAnonPages:         61040 kB\u000aMapped:            34560 kB\u000aShmem:               220 kB\u000aSlab:              42628 kB\u000aSReclaimable:      32572 kB\u000aSUnreclaim:        10056 kB\u000aKernelStack:        1248 kB\u000aPageTables:         1340 kB\u000aNFS_Unstable:          0 kB\u000aBounce:                0 kB\u000aWritebackTmp:          0 kB\u000aCommitLimit:      858592 kB\u000aCommitted_AS:     253540 kB\u000aVmallocTotal:   34359738367 kB\u000aVmallocUsed:           0 kB\u000aVmallocChunk:          0 kB\u000aAnonHugePages:         0 kB\u000aShmemHugePages:        0 kB\u000aShmemPmdMapped:        0 kB\u000aHugePages_Total:       0\u000aHugePages_Free:        0\u000aHugePages_Rsvd:        0\u000aHugePages_Surp:        0\u000aHugepagesize:       2048 kB\u000aDirectMap4k:       23552 kB\u000aDirectMap2M:     1738752 kB\u000a
p395
sV/proc/cgroups
p396
V#subsys_name	hierarchy	num_cgroups	enabled\u000acpuset	3	1	1\u000acpu	7	5	1\u000acpuacct	7	5	1\u000ablkio	6	1	1\u000amemory	9	5	1\u000adevices	5	1	1\u000afreezer	10	2	1\u000anet_cls	2	1	1\u000aperf_event	4	1	1\u000anet_prio	2	1	1\u000ahugetlb	8	1	1\u000apids	11	1	1\u000a
p397
sV/proc/cpuinfo
p398
Vprocessor	: 0\u000avendor_id	: GenuineIntel\u000acpu family	: 6\u000amodel		: 63\u000amodel name	: Intel(R) Xeon(R) Processor @ 2.50GHz\u000astepping	: 2\u000amicrocode	: 0x1\u000acpu MHz		: 2500.008\u000acache size	: 36608 KB\u000aphysical id	: 0\u000asiblings	: 2\u000acore id		: 0\u000acpu cores	: 2\u000aapicid		: 0\u000ainitial apicid	: 0\u000afpu		: yes\u000afpu_exception	: yes\u000acpuid level	: 13\u000awp		: yes\u000aflags		: fpu vme de pse tsc msr pae mce cx8 apic sep mtrr pge mca cmov pat pse36 clflush mmx fxsr sse sse2 ht syscall nx rdtscp lm constant_tsc rep_good nopl xtopology nonstop_tsc cpuid tsc_known_freq pni pclmulqdq ssse3 fma cx16 pcid sse4_1 sse4_2 x2apic movbe popcnt tsc_deadline_timer aes xsave avx f16c rdrand hypervisor lahf_lm abm cpuid_fault invpcid_single ssbd ibrs ibpb stibp ibrs_enhanced fsgsbase tsc_adjust bmi1 avx2 smep bmi2 erms invpcid smap xsaveopt arat md_clear arch_capabilities\u000abugs		: spectre_v1 spectre_v2 spec_store_bypass swapgs\u000abogomips	: 5000.01\u000aclflush size	: 64\u000acache_alignment	: 64\u000aaddress sizes	: 46 bits physical, 48 bits virtual\u000apower management:\u000a\u000aprocessor	: 1\u000avendor_id	: GenuineIntel\u000acpu family	: 6\u000amodel		: 63\u000amodel name	: Intel(R) Xeon(R) Processor @ 2.50GHz\u000astepping	: 2\u000amicrocode	: 0x1\u000acpu MHz		: 2500.008\u000acache size	: 36608 KB\u000aphysical id	: 0\u000asiblings	: 2\u000acore id		: 1\u000acpu cores	: 2\u000aapicid		: 1\u000ainitial apicid	: 1\u000afpu		: yes\u000afpu_exception	: yes\u000acpuid level	: 13\u000awp		: yes\u000aflags		: fpu vme de pse tsc msr pae mce cx8 apic sep mtrr pge mca cmov pat pse36 clflush mmx fxsr sse sse2 ht syscall nx rdtscp lm constant_tsc rep_good nopl xtopology nonstop_tsc cpuid tsc_known_freq pni pclmulqdq ssse3 fma cx16 pcid sse4_1 sse4_2 x2apic movbe popcnt tsc_deadline_timer aes xsave avx f16c rdrand hypervisor lahf_lm abm cpuid_fault invpcid_single ssbd ibrs ibpb stibp ibrs_enhanced fsgsbase tsc_adjust bmi1 avx2 smep bmi2 erms invpcid smap xsaveopt arat md_clear arch_capabilities\u000abugs		: spectre_v1 spectre_v2 spec_store_bypass swapgs\u000abogomips	: 5000.01\u000aclflush size	: 64\u000acache_alignment	: 64\u000aaddress sizes	: 46 bits physical, 48 bits virtual\u000apower management:\u000a\u000a
p399
sV/proc/meminfo
p400
VMemTotal:        1717184 kB\u000aMemFree:         1122936 kB\u000aMemAvailable:    1486044 kB\u000aBuffers:           14352 kB\u000aCached:           463184 kB\u000aSwapCached:            0 kB\u000aActive:            92528 kB\u000aInactive:         446060 kB\u000aActive(anon):      61044 kB\u000aInactive(anon):      216 kB\u000aActive(file):      31484 kB\u000aInactive(file):   445844 kB\u000aUnevictable:           0 kB\u000aMlocked:               0 kB\u000aSwapTotal:             0 kB\u000aSwapFree:              0 kB\u000aDirty:               144 kB\u000aWriteback:             0 kB\u000aAnonPages:         61040 kB\u000aMapped:            34560 kB\u000aShmem:               220 kB\u000aSlab:              42628 kB\u000aSReclaimable:      32572 kB\u000aSUnreclaim:        10056 kB\u000aKernelStack:        1248 kB\u000aPageTables:         1340 kB\u000aNFS_Unstable:          0 kB\u000aBounce:                0 kB\u000aWritebackTmp:          0 kB\u000aCommitLimit:      858592 kB\u000aCommitted_AS:     253540 kB\u000aVmallocTotal:   34359738367 kB\u000aVmallocUsed:           0 kB\u000aVmallocChunk:          0 kB\u000aAnonHugePages:         0 kB\u000aShmemHugePages:        0 kB\u000aShmemPmdMapped:        0 kB\u000aHugePages_Total:       0\u000aHugePages_Free:        0\u000aHugePages_Rsvd:        0\u000aHugePages_Surp:        0\u000aHugepagesize:       2048 kB\u000aDirectMap4k:       23552 kB\u000aDirectMap2M:     1738752 kB\u000a
p401
ssVstatus_key
p402
Vpywren.jobs/cdf63a7a-db2f-4e3a-97bc-360a3dda9d6d/00008/status.json
p403
sVend_time
p404
F1609057673.2458429
sVlog_group_name
p405
V/aws/lambda/pywren_redis_2
p406
sVdata_key
p407
Vpywren.jobs/cdf63a7a-db2f-4e3a-97bc-360a3dda9d6d/aggdata.pickle
p408
sa(dp409
Vcallset_id
p410
Vcdf63a7a-db2f-4e3a-97bc-360a3dda9d6d
p411
sVlog_stream_name
p412
V2020/12/27/[$LATEST]13f11a8607f3462b956521c052fd08b5
p413
sVstdout
p414
V
sVfunc_key
p415
Vpywren.jobs/cdf63a7a-db2f-4e3a-97bc-360a3dda9d6d/func.pickle
p416
sVfree_disk_bytes
p417
I538333184
sVruntime_cached
p418
I00
sVretcode
p419
I0
sVcall_id
p420
V00009
p421
sVoutput_key
p422
Vpywren.jobs/cdf63a7a-db2f-4e3a-97bc-360a3dda9d6d/00009/output.pickle
p423
sVruntime_s3_key_used
p424
V82c403-pywren.runtimes/default_2.7.tar.gz.0090
p425
sVaws_request_id
p426
V90def38b-3bc3-414e-bb91-72367fb7662c
p427
sVexec_time
p428
F42.211605072021484
sVstart_time
p429
F1609057623.608341
sVsetup_time
p430
F7.0184800624847412
sVruntime_s3_bucket_used
p431
Vpywren-runtimes-public-us-west-2
p432
sVexception
p433
NsVhost_submit_time
p434
F1609057622.8881719
sVserver_info
p435
(dp436
Vuname
p437
V('Linux', '169.254.35.109', '4.14.203-112.332.amzn2.x86_64', '#1 SMP Wed Nov 4 20:46:34 UTC 2020', 'x86_64', 'x86_64')
p438
sV/proc/self/cgroup
p439
VMemTotal:        1717184 kB\u000aMemFree:         1123688 kB\u000aMemAvailable:    1485844 kB\u000aBuffers:           16364 kB\u000aCached:           460120 kB\u000aSwapCached:            0 kB\u000aActive:            93524 kB\u000aInactive:         444312 kB\u000aActive(anon):      61344 kB\u000aInactive(anon):      216 kB\u000aActive(file):      32180 kB\u000aInactive(file):   444096 kB\u000aUnevictable:           0 kB\u000aMlocked:               0 kB\u000aSwapTotal:             0 kB\u000aSwapFree:              0 kB\u000aDirty:               360 kB\u000aWriteback:             0 kB\u000aAnonPages:         61340 kB\u000aMapped:            34644 kB\u000aShmem:               220 kB\u000aSlab:              42960 kB\u000aSReclaimable:      32776 kB\u000aSUnreclaim:        10184 kB\u000aKernelStack:        1152 kB\u000aPageTables:         1320 kB\u000aNFS_Unstable:          0 kB\u000aBounce:                0 kB\u000aWritebackTmp:          0 kB\u000aCommitLimit:      858592 kB\u000aCommitted_AS:     253556 kB\u000aVmallocTotal:   34359738367 kB\u000aVmallocUsed:           0 kB\u000aVmallocChunk:          0 kB\u000aAnonHugePages:         0 kB\u000aShmemHugePages:        0 kB\u000aShmemPmdMapped:        0 kB\u000aHugePages_Total:       0\u000aHugePages_Free:        0\u000aHugePages_Rsvd:        0\u000aHugePages_Surp:        0\u000aHugepagesize:       2048 kB\u000aDirectMap4k:       23552 kB\u000aDirectMap2M:     1738752 kB\u000a
p440
sV/proc/cgroups
p441
V#subsys_name	hierarchy	num_cgroups	enabled\u000acpuset	3	1	1\u000acpu	7	5	1\u000acpuacct	7	5	1\u000ablkio	11	1	1\u000amemory	9	5	1\u000adevices	10	1	1\u000afreezer	4	2	1\u000anet_cls	8	1	1\u000aperf_event	2	1	1\u000anet_prio	8	1	1\u000ahugetlb	5	1	1\u000apids	6	1	1\u000a
p442
sV/proc/cpuinfo
p443
Vprocessor	: 0\u000avendor_id	: GenuineIntel\u000acpu family	: 6\u000amodel		: 63\u000amodel name	: Intel(R) Xeon(R) Processor @ 2.50GHz\u000astepping	: 2\u000amicrocode	: 0x1\u000acpu MHz		: 2500.008\u000acache size	: 36608 KB\u000aphysical id	: 0\u000asiblings	: 2\u000acore id		: 0\u000acpu cores	: 2\u000aapicid		: 0\u000ainitial apicid	: 0\u000afpu		: yes\u000afpu_exception	: yes\u000acpuid level	: 13\u000awp		: yes\u000aflags		: fpu vme de pse tsc msr pae mce cx8 apic sep mtrr pge mca cmov pat pse36 clflush mmx fxsr sse sse2 ht syscall nx rdtscp lm constant_tsc rep_good nopl xtopology nonstop_tsc cpuid tsc_known_freq pni pclmulqdq ssse3 fma cx16 pcid sse4_1 sse4_2 x2apic movbe popcnt tsc_deadline_timer aes xsave avx f16c rdrand hypervisor lahf_lm abm cpuid_fault invpcid_single ssbd ibrs ibpb stibp ibrs_enhanced fsgsbase tsc_adjust bmi1 avx2 smep bmi2 erms invpcid smap xsaveopt arat md_clear arch_capabilities\u000abugs		: spectre_v1 spectre_v2 spec_store_bypass swapgs\u000abogomips	: 5000.01\u000aclflush size	: 64\u000acache_alignment	: 64\u000aaddress sizes	: 46 bits physical, 48 bits virtual\u000apower management:\u000a\u000aprocessor	: 1\u000avendor_id	: GenuineIntel\u000acpu family	: 6\u000amodel		: 63\u000amodel name	: Intel(R) Xeon(R) Processor @ 2.50GHz\u000astepping	: 2\u000amicrocode	: 0x1\u000acpu MHz		: 2500.008\u000acache size	: 36608 KB\u000aphysical id	: 0\u000asiblings	: 2\u000acore id		: 1\u000acpu cores	: 2\u000aapicid		: 1\u000ainitial apicid	: 1\u000afpu		: yes\u000afpu_exception	: yes\u000acpuid level	: 13\u000awp		: yes\u000aflags		: fpu vme de pse tsc msr pae mce cx8 apic sep mtrr pge mca cmov pat pse36 clflush mmx fxsr sse sse2 ht syscall nx rdtscp lm constant_tsc rep_good nopl xtopology nonstop_tsc cpuid tsc_known_freq pni pclmulqdq ssse3 fma cx16 pcid sse4_1 sse4_2 x2apic movbe popcnt tsc_deadline_timer aes xsave avx f16c rdrand hypervisor lahf_lm abm cpuid_fault invpcid_single ssbd ibrs ibpb stibp ibrs_enhanced fsgsbase tsc_adjust bmi1 avx2 smep bmi2 erms invpcid smap xsaveopt arat md_clear arch_capabilities\u000abugs		: spectre_v1 spectre_v2 spec_store_bypass swapgs\u000abogomips	: 5000.01\u000aclflush size	: 64\u000acache_alignment	: 64\u000aaddress sizes	: 46 bits physical, 48 bits virtual\u000apower management:\u000a\u000a
p444
sV/proc/meminfo
p445
VMemTotal:        1717184 kB\u000aMemFree:         1123688 kB\u000aMemAvailable:    1485844 kB\u000aBuffers:           16364 kB\u000aCached:           460120 kB\u000aSwapCached:            0 kB\u000aActive:            93524 kB\u000aInactive:         444312 kB\u000aActive(anon):      61344 kB\u000aInactive(anon):      216 kB\u000aActive(file):      32180 kB\u000aInactive(file):   444096 kB\u000aUnevictable:           0 kB\u000aMlocked:               0 kB\u000aSwapTotal:             0 kB\u000aSwapFree:              0 kB\u000aDirty:               360 kB\u000aWriteback:             0 kB\u000aAnonPages:         61340 kB\u000aMapped:            34644 kB\u000aShmem:               220 kB\u000aSlab:              42960 kB\u000aSReclaimable:      32776 kB\u000aSUnreclaim:        10184 kB\u000aKernelStack:        1152 kB\u000aPageTables:         1320 kB\u000aNFS_Unstable:          0 kB\u000aBounce:                0 kB\u000aWritebackTmp:          0 kB\u000aCommitLimit:      858592 kB\u000aCommitted_AS:     253556 kB\u000aVmallocTotal:   34359738367 kB\u000aVmallocUsed:           0 kB\u000aVmallocChunk:          0 kB\u000aAnonHugePages:         0 kB\u000aShmemHugePages:        0 kB\u000aShmemPmdMapped:        0 kB\u000aHugePages_Total:       0\u000aHugePages_Free:        0\u000aHugePages_Rsvd:        0\u000aHugePages_Surp:        0\u000aHugepagesize:       2048 kB\u000aDirectMap4k:       23552 kB\u000aDirectMap2M:     1738752 kB\u000a
p446
ssVstatus_key
p447
Vpywren.jobs/cdf63a7a-db2f-4e3a-97bc-360a3dda9d6d/00009/status.json
p448
sVend_time
p449
F1609057672.838419
sVlog_group_name
p450
V/aws/lambda/pywren_redis_2
p451
sVdata_key
p452
Vpywren.jobs/cdf63a7a-db2f-4e3a-97bc-360a3dda9d6d/aggdata.pickle
p453
sa(dp454
Vcallset_id
p455
Vcdf63a7a-db2f-4e3a-97bc-360a3dda9d6d
p456
sVlog_stream_name
p457
V2020/12/27/[$LATEST]2d5979cd266247189b49d972b343e5ba
p458
sVstdout
p459
V
sVfunc_key
p460
Vpywren.jobs/cdf63a7a-db2f-4e3a-97bc-360a3dda9d6d/func.pickle
p461
sVfree_disk_bytes
p462
I538333184
sVruntime_cached
p463
I00
sVretcode
p464
I0
sVcall_id
p465
V00010
p466
sVoutput_key
p467
Vpywren.jobs/cdf63a7a-db2f-4e3a-97bc-360a3dda9d6d/00010/output.pickle
p468
sVruntime_s3_key_used
p469
V1194bd-pywren.runtimes/default_2.7.tar.gz.0000
p470
sVaws_request_id
p471
V5404e576-9314-4c56-a3b8-527f28363dd5
p472
sVexec_time
p473
F42.250350952148438
sVstart_time
p474
F1609057623.656672
sVsetup_time
p475
F6.9648580551147461
sVruntime_s3_bucket_used
p476
Vpywren-runtimes-public-us-west-2
p477
sVexception
p478
NsVhost_submit_time
p479
F1609057622.90154
sVserver_info
p480
(dp481
Vuname
p482
V('Linux', '169.254.0.85', '4.14.203-112.332.amzn2.x86_64', '#1 SMP Wed Nov 4 20:46:34 UTC 2020', 'x86_64', 'x86_64')
p483
sV/proc/self/cgroup
p484
VMemTotal:        1717184 kB\u000aMemFree:         1127336 kB\u000aMemAvailable:    1486136 kB\u000aBuffers:           13868 kB\u000aCached:           459324 kB\u000aSwapCached:            0 kB\u000aActive:            90420 kB\u000aInactive:         443684 kB\u000aActive(anon):      60904 kB\u000aInactive(anon):      216 kB\u000aActive(file):      29516 kB\u000aInactive(file):   443468 kB\u000aUnevictable:           0 kB\u000aMlocked:               0 kB\u000aSwapTotal:             0 kB\u000aSwapFree:              0 kB\u000aDirty:               304 kB\u000aWriteback:             0 kB\u000aAnonPages:         60900 kB\u000aMapped:            33936 kB\u000aShmem:               220 kB\u000aSlab:              42636 kB\u000aSReclaimable:      32644 kB\u000aSUnreclaim:         9992 kB\u000aKernelStack:        1264 kB\u000aPageTables:         1340 kB\u000aNFS_Unstable:          0 kB\u000aBounce:                0 kB\u000aWritebackTmp:          0 kB\u000aCommitLimit:      858592 kB\u000aCommitted_AS:     253548 kB\u000aVmallocTotal:   34359738367 kB\u000aVmallocUsed:           0 kB\u000aVmallocChunk:          0 kB\u000aAnonHugePages:         0 kB\u000aShmemHugePages:        0 kB\u000aShmemPmdMapped:        0 kB\u000aHugePages_Total:       0\u000aHugePages_Free:        0\u000aHugePages_Rsvd:        0\u000aHugePages_Surp:        0\u000aHugepagesize:       2048 kB\u000aDirectMap4k:       21504 kB\u000aDirectMap2M:     1740800 kB\u000a
p485
sV/proc/cgroups
p486
V#subsys_name	hierarchy	num_cgroups	enabled\u000acpuset	6	1	1\u000acpu	2	5	1\u000acpuacct	2	5	1\u000ablkio	11	1	1\u000amemory	8	5	1\u000adevices	4	1	1\u000afreezer	7	2	1\u000anet_cls	10	1	1\u000aperf_event	9	1	1\u000anet_prio	10	1	1\u000ahugetlb	5	1	1\u000apids	3	1	1\u000a
p487
sV/proc/cpuinfo
p488
Vprocessor	: 0\u000avendor_id	: GenuineIntel\u000acpu family	: 6\u000amodel		: 63\u000amodel name	: Intel(R) Xeon(R) Processor @ 2.50GHz\u000astepping	: 2\u000amicrocode	: 0x1\u000acpu MHz		: 2500.008\u000acache size	: 33792 KB\u000aphysical id	: 0\u000asiblings	: 2\u000acore id		: 0\u000acpu cores	: 2\u000aapicid		: 0\u000ainitial apicid	: 0\u000afpu		: yes\u000afpu_exception	: yes\u000acpuid level	: 13\u000awp		: yes\u000aflags		: fpu vme de pse tsc msr pae mce cx8 apic sep mtrr pge mca cmov pat pse36 clflush mmx fxsr sse sse2 ht syscall nx rdtscp lm constant_tsc rep_good nopl xtopology nonstop_tsc cpuid tsc_known_freq pni pclmulqdq ssse3 fma cx16 pcid sse4_1 sse4_2 x2apic movbe popcnt tsc_deadline_timer aes xsave avx f16c rdrand hypervisor lahf_lm abm cpuid_fault invpcid_single pti ssbd ibrs ibpb stibp fsgsbase tsc_adjust bmi1 avx2 smep bmi2 erms invpcid smap xsaveopt arat md_clear arch_capabilities\u000abugs		: cpu_meltdown spectre_v1 spectre_v2 spec_store_bypass l1tf mds swapgs\u000abogomips	: 5000.01\u000aclflush size	: 64\u000acache_alignment	: 64\u000aaddress sizes	: 46 bits physical, 48 bits virtual\u000apower management:\u000a\u000aprocessor	: 1\u000avendor_id	: GenuineIntel\u000acpu family	: 6\u000amodel		: 63\u000amodel name	: Intel(R) Xeon(R) Processor @ 2.50GHz\u000astepping	: 2\u000amicrocode	: 0x1\u000acpu MHz		: 2500.008\u000acache size	: 33792 KB\u000aphysical id	: 0\u000asiblings	: 2\u000acore id		: 1\u000acpu cores	: 2\u000aapicid		: 1\u000ainitial apicid	: 1\u000afpu		: yes\u000afpu_exception	: yes\u000acpuid level	: 13\u000awp		: yes\u000aflags		: fpu vme de pse tsc msr pae mce cx8 apic sep mtrr pge mca cmov pat pse36 clflush mmx fxsr sse sse2 ht syscall nx rdtscp lm constant_tsc rep_good nopl xtopology nonstop_tsc cpuid tsc_known_freq pni pclmulqdq ssse3 fma cx16 pcid sse4_1 sse4_2 x2apic movbe popcnt tsc_deadline_timer aes xsave avx f16c rdrand hypervisor lahf_lm abm cpuid_fault invpcid_single pti ssbd ibrs ibpb stibp fsgsbase tsc_adjust bmi1 avx2 smep bmi2 erms invpcid smap xsaveopt arat md_clear arch_capabilities\u000abugs		: cpu_meltdown spectre_v1 spectre_v2 spec_store_bypass l1tf mds swapgs\u000abogomips	: 5000.01\u000aclflush size	: 64\u000acache_alignment	: 64\u000aaddress sizes	: 46 bits physical, 48 bits virtual\u000apower management:\u000a\u000a
p489
sV/proc/meminfo
p490
VMemTotal:        1717184 kB\u000aMemFree:         1127336 kB\u000aMemAvailable:    1486136 kB\u000aBuffers:           13868 kB\u000aCached:           459324 kB\u000aSwapCached:            0 kB\u000aActive:            90420 kB\u000aInactive:         443684 kB\u000aActive(anon):      60904 kB\u000aInactive(anon):      216 kB\u000aActive(file):      29516 kB\u000aInactive(file):   443468 kB\u000aUnevictable:           0 kB\u000aMlocked:               0 kB\u000aSwapTotal:             0 kB\u000aSwapFree:              0 kB\u000aDirty:               304 kB\u000aWriteback:             0 kB\u000aAnonPages:         60900 kB\u000aMapped:            33936 kB\u000aShmem:               220 kB\u000aSlab:              42636 kB\u000aSReclaimable:      32644 kB\u000aSUnreclaim:         9992 kB\u000aKernelStack:        1264 kB\u000aPageTables:         1340 kB\u000aNFS_Unstable:          0 kB\u000aBounce:                0 kB\u000aWritebackTmp:          0 kB\u000aCommitLimit:      858592 kB\u000aCommitted_AS:     253548 kB\u000aVmallocTotal:   34359738367 kB\u000aVmallocUsed:           0 kB\u000aVmallocChunk:          0 kB\u000aAnonHugePages:         0 kB\u000aShmemHugePages:        0 kB\u000aShmemPmdMapped:        0 kB\u000aHugePages_Total:       0\u000aHugePages_Free:        0\u000aHugePages_Rsvd:        0\u000aHugePages_Surp:        0\u000aHugepagesize:       2048 kB\u000aDirectMap4k:       21504 kB\u000aDirectMap2M:     1740800 kB\u000a
p491
ssVstatus_key
p492
Vpywren.jobs/cdf63a7a-db2f-4e3a-97bc-360a3dda9d6d/00010/status.json
p493
sVend_time
p494
F1609057672.871876
sVlog_group_name
p495
V/aws/lambda/pywren_redis_2
p496
sVdata_key
p497
Vpywren.jobs/cdf63a7a-db2f-4e3a-97bc-360a3dda9d6d/aggdata.pickle
p498
sa(dp499
Vcallset_id
p500
Vcdf63a7a-db2f-4e3a-97bc-360a3dda9d6d
p501
sVlog_stream_name
p502
V2020/12/27/[$LATEST]0546da5115d64549bb8e1e6ae7405ab4
p503
sVstdout
p504
V
sVfunc_key
p505
Vpywren.jobs/cdf63a7a-db2f-4e3a-97bc-360a3dda9d6d/func.pickle
p506
sVfree_disk_bytes
p507
I538333184
sVruntime_cached
p508
I00
sVretcode
p509
I0
sVcall_id
p510
V00011
p511
sVoutput_key
p512
Vpywren.jobs/cdf63a7a-db2f-4e3a-97bc-360a3dda9d6d/00011/output.pickle
p513
sVruntime_s3_key_used
p514
V07c439-pywren.runtimes/default_2.7.tar.gz.0069
p515
sVaws_request_id
p516
Ve900c12a-5ebb-44bd-8960-7a94f96e768e
p517
sVexec_time
p518
F42.277119874954224
sVstart_time
p519
F1609057623.706567
sVsetup_time
p520
F7.4541220664978027
sVruntime_s3_bucket_used
p521
Vpywren-runtimes-public-us-west-2
p522
sVexception
p523
NsVhost_submit_time
p524
F1609057622.8961661
sVserver_info
p525
(dp526
Vuname
p527
V('Linux', '169.254.1.213', '4.14.203-112.332.amzn2.x86_64', '#1 SMP Wed Nov 4 20:46:34 UTC 2020', 'x86_64', 'x86_64')
p528
sV/proc/self/cgroup
p529
VMemTotal:        1717184 kB\u000aMemFree:         1123488 kB\u000aMemAvailable:    1485884 kB\u000aBuffers:           14228 kB\u000aCached:           462516 kB\u000aSwapCached:            0 kB\u000aActive:            91144 kB\u000aInactive:         446716 kB\u000aActive(anon):      61108 kB\u000aInactive(anon):      216 kB\u000aActive(file):      30036 kB\u000aInactive(file):   446500 kB\u000aUnevictable:           0 kB\u000aMlocked:               0 kB\u000aSwapTotal:             0 kB\u000aSwapFree:              0 kB\u000aDirty:               144 kB\u000aWriteback:             0 kB\u000aAnonPages:         61152 kB\u000aMapped:            34644 kB\u000aShmem:               220 kB\u000aSlab:              42940 kB\u000aSReclaimable:      32736 kB\u000aSUnreclaim:        10204 kB\u000aKernelStack:        1280 kB\u000aPageTables:         1400 kB\u000aNFS_Unstable:          0 kB\u000aBounce:                0 kB\u000aWritebackTmp:          0 kB\u000aCommitLimit:      858592 kB\u000aCommitted_AS:     252112 kB\u000aVmallocTotal:   34359738367 kB\u000aVmallocUsed:           0 kB\u000aVmallocChunk:          0 kB\u000aAnonHugePages:         0 kB\u000aShmemHugePages:        0 kB\u000aShmemPmdMapped:        0 kB\u000aHugePages_Total:       0\u000aHugePages_Free:        0\u000aHugePages_Rsvd:        0\u000aHugePages_Surp:        0\u000aHugepagesize:       2048 kB\u000aDirectMap4k:       25600 kB\u000aDirectMap2M:     1736704 kB\u000a
p530
sV/proc/cgroups
p531
V#subsys_name	hierarchy	num_cgroups	enabled\u000acpuset	10	1	1\u000acpu	11	5	1\u000acpuacct	11	5	1\u000ablkio	3	1	1\u000amemory	9	5	1\u000adevices	4	1	1\u000afreezer	6	2	1\u000anet_cls	2	1	1\u000aperf_event	7	1	1\u000anet_prio	2	1	1\u000ahugetlb	5	1	1\u000apids	8	1	1\u000a
p532
sV/proc/cpuinfo
p533
Vprocessor	: 0\u000avendor_id	: GenuineIntel\u000acpu family	: 6\u000amodel		: 63\u000amodel name	: Intel(R) Xeon(R) Processor @ 2.50GHz\u000astepping	: 2\u000amicrocode	: 0x1\u000acpu MHz		: 2500.010\u000acache size	: 36608 KB\u000aphysical id	: 0\u000asiblings	: 2\u000acore id		: 0\u000acpu cores	: 2\u000aapicid		: 0\u000ainitial apicid	: 0\u000afpu		: yes\u000afpu_exception	: yes\u000acpuid level	: 13\u000awp		: yes\u000aflags		: fpu vme de pse tsc msr pae mce cx8 apic sep mtrr pge mca cmov pat pse36 clflush mmx fxsr sse sse2 ht syscall nx rdtscp lm constant_tsc rep_good nopl xtopology nonstop_tsc cpuid tsc_known_freq pni pclmulqdq ssse3 fma cx16 pcid sse4_1 sse4_2 x2apic movbe popcnt tsc_deadline_timer aes xsave avx f16c rdrand hypervisor lahf_lm abm cpuid_fault invpcid_single ssbd ibrs ibpb stibp ibrs_enhanced fsgsbase tsc_adjust bmi1 avx2 smep bmi2 erms invpcid smap xsaveopt arat md_clear arch_capabilities\u000abugs		: spectre_v1 spectre_v2 spec_store_bypass swapgs\u000abogomips	: 5000.02\u000aclflush size	: 64\u000acache_alignment	: 64\u000aaddress sizes	: 46 bits physical, 48 bits virtual\u000apower management:\u000a\u000aprocessor	: 1\u000avendor_id	: GenuineIntel\u000acpu family	: 6\u000amodel		: 63\u000amodel name	: Intel(R) Xeon(R) Processor @ 2.50GHz\u000astepping	: 2\u000amicrocode	: 0x1\u000acpu MHz		: 2500.010\u000acache size	: 36608 KB\u000aphysical id	: 0\u000asiblings	: 2\u000acore id		: 1\u000acpu cores	: 2\u000aapicid		: 1\u000ainitial apicid	: 1\u000afpu		: yes\u000afpu_exception	: yes\u000acpuid level	: 13\u000awp		: yes\u000aflags		: fpu vme de pse tsc msr pae mce cx8 apic sep mtrr pge mca cmov pat pse36 clflush mmx fxsr sse sse2 ht syscall nx rdtscp lm constant_tsc rep_good nopl xtopology nonstop_tsc cpuid tsc_known_freq pni pclmulqdq ssse3 fma cx16 pcid sse4_1 sse4_2 x2apic movbe popcnt tsc_deadline_timer aes xsave avx f16c rdrand hypervisor lahf_lm abm cpuid_fault invpcid_single ssbd ibrs ibpb stibp ibrs_enhanced fsgsbase tsc_adjust bmi1 avx2 smep bmi2 erms invpcid smap xsaveopt arat md_clear arch_capabilities\u000abugs		: spectre_v1 spectre_v2 spec_store_bypass swapgs\u000abogomips	: 5000.02\u000aclflush size	: 64\u000acache_alignment	: 64\u000aaddress sizes	: 46 bits physical, 48 bits virtual\u000apower management:\u000a\u000a
p534
sV/proc/meminfo
p535
VMemTotal:        1717184 kB\u000aMemFree:         1123488 kB\u000aMemAvailable:    1485884 kB\u000aBuffers:           14228 kB\u000aCached:           462516 kB\u000aSwapCached:            0 kB\u000aActive:            91144 kB\u000aInactive:         446716 kB\u000aActive(anon):      61108 kB\u000aInactive(anon):      216 kB\u000aActive(file):      30036 kB\u000aInactive(file):   446500 kB\u000aUnevictable:           0 kB\u000aMlocked:               0 kB\u000aSwapTotal:             0 kB\u000aSwapFree:              0 kB\u000aDirty:               144 kB\u000aWriteback:             0 kB\u000aAnonPages:         61152 kB\u000aMapped:            34644 kB\u000aShmem:               220 kB\u000aSlab:              42940 kB\u000aSReclaimable:      32736 kB\u000aSUnreclaim:        10204 kB\u000aKernelStack:        1280 kB\u000aPageTables:         1400 kB\u000aNFS_Unstable:          0 kB\u000aBounce:                0 kB\u000aWritebackTmp:          0 kB\u000aCommitLimit:      858592 kB\u000aCommitted_AS:     252112 kB\u000aVmallocTotal:   34359738367 kB\u000aVmallocUsed:           0 kB\u000aVmallocChunk:          0 kB\u000aAnonHugePages:         0 kB\u000aShmemHugePages:        0 kB\u000aShmemPmdMapped:        0 kB\u000aHugePages_Total:       0\u000aHugePages_Free:        0\u000aHugePages_Rsvd:        0\u000aHugePages_Surp:        0\u000aHugepagesize:       2048 kB\u000aDirectMap4k:       25600 kB\u000aDirectMap2M:     1736704 kB\u000a
p536
ssVstatus_key
p537
Vpywren.jobs/cdf63a7a-db2f-4e3a-97bc-360a3dda9d6d/00011/status.json
p538
sVend_time
p539
F1609057673.437803
sVlog_group_name
p540
V/aws/lambda/pywren_redis_2
p541
sVdata_key
p542
Vpywren.jobs/cdf63a7a-db2f-4e3a-97bc-360a3dda9d6d/aggdata.pickle
p543
sa(dp544
Vcallset_id
p545
Vcdf63a7a-db2f-4e3a-97bc-360a3dda9d6d
p546
sVlog_stream_name
p547
V2020/12/27/[$LATEST]24d9469253fe46f9869f22a1c5f8648f
p548
sVstdout
p549
V
sVfunc_key
p550
Vpywren.jobs/cdf63a7a-db2f-4e3a-97bc-360a3dda9d6d/func.pickle
p551
sVfree_disk_bytes
p552
I538333184
sVruntime_cached
p553
I00
sVretcode
p554
I0
sVcall_id
p555
V00012
p556
sVoutput_key
p557
Vpywren.jobs/cdf63a7a-db2f-4e3a-97bc-360a3dda9d6d/00012/output.pickle
p558
sVruntime_s3_key_used
p559
V327cf3-pywren.runtimes/default_2.7.tar.gz.0031
p560
sVaws_request_id
p561
Vc7b26649-62e0-4185-bec2-5e0c086fb3be
p562
sVexec_time
p563
F42.273077964782715
sVstart_time
p564
F1609057623.714504
sVsetup_time
p565
F7.1470019817352295
sVruntime_s3_bucket_used
p566
Vpywren-runtimes-public-us-west-2
p567
sVexception
p568
NsVhost_submit_time
p569
F1609057622.9059241
sVserver_info
p570
(dp571
Vuname
p572
V('Linux', '169.254.86.13', '4.14.203-112.332.amzn2.x86_64', '#1 SMP Wed Nov 4 20:46:34 UTC 2020', 'x86_64', 'x86_64')
p573
sV/proc/self/cgroup
p574
VMemTotal:        1717184 kB\u000aMemFree:         1119992 kB\u000aMemAvailable:    1486080 kB\u000aBuffers:           16884 kB\u000aCached:           463476 kB\u000aSwapCached:            0 kB\u000aActive:            94048 kB\u000aInactive:         447308 kB\u000aActive(anon):      60984 kB\u000aInactive(anon):      216 kB\u000aActive(file):      33064 kB\u000aInactive(file):   447092 kB\u000aUnevictable:           0 kB\u000aMlocked:               0 kB\u000aSwapTotal:             0 kB\u000aSwapFree:              0 kB\u000aDirty:               336 kB\u000aWriteback:             0 kB\u000aAnonPages:         60984 kB\u000aMapped:            35268 kB\u000aShmem:               220 kB\u000aSlab:              42992 kB\u000aSReclaimable:      32880 kB\u000aSUnreclaim:        10112 kB\u000aKernelStack:        1152 kB\u000aPageTables:         1332 kB\u000aNFS_Unstable:          0 kB\u000aBounce:                0 kB\u000aWritebackTmp:          0 kB\u000aCommitLimit:      858592 kB\u000aCommitted_AS:     253504 kB\u000aVmallocTotal:   34359738367 kB\u000aVmallocUsed:           0 kB\u000aVmallocChunk:          0 kB\u000aAnonHugePages:         0 kB\u000aShmemHugePages:        0 kB\u000aShmemPmdMapped:        0 kB\u000aHugePages_Total:       0\u000aHugePages_Free:        0\u000aHugePages_Rsvd:        0\u000aHugePages_Surp:        0\u000aHugepagesize:       2048 kB\u000aDirectMap4k:       23552 kB\u000aDirectMap2M:     1738752 kB\u000a
p575
sV/proc/cgroups
p576
V#subsys_name	hierarchy	num_cgroups	enabled\u000acpuset	7	1	1\u000acpu	3	5	1\u000acpuacct	3	5	1\u000ablkio	9	1	1\u000amemory	6	5	1\u000adevices	10	1	1\u000afreezer	4	2	1\u000anet_cls	8	1	1\u000aperf_event	11	1	1\u000anet_prio	8	1	1\u000ahugetlb	2	1	1\u000apids	5	1	1\u000a
p577
sV/proc/cpuinfo
p578
Vprocessor	: 0\u000avendor_id	: GenuineIntel\u000acpu family	: 6\u000amodel		: 63\u000amodel name	: Intel(R) Xeon(R) Processor @ 2.50GHz\u000astepping	: 2\u000amicrocode	: 0x1\u000acpu MHz		: 2500.010\u000acache size	: 33792 KB\u000aphysical id	: 0\u000asiblings	: 2\u000acore id		: 0\u000acpu cores	: 2\u000aapicid		: 0\u000ainitial apicid	: 0\u000afpu		: yes\u000afpu_exception	: yes\u000acpuid level	: 13\u000awp		: yes\u000aflags		: fpu vme de pse tsc msr pae mce cx8 apic sep mtrr pge mca cmov pat pse36 clflush mmx fxsr sse sse2 ht syscall nx rdtscp lm constant_tsc rep_good nopl xtopology nonstop_tsc cpuid tsc_known_freq pni pclmulqdq ssse3 fma cx16 pcid sse4_1 sse4_2 x2apic movbe popcnt tsc_deadline_timer aes xsave avx f16c rdrand hypervisor lahf_lm abm cpuid_fault invpcid_single pti ssbd ibrs ibpb stibp fsgsbase tsc_adjust bmi1 avx2 smep bmi2 erms invpcid smap xsaveopt arat md_clear arch_capabilities\u000abugs		: cpu_meltdown spectre_v1 spectre_v2 spec_store_bypass l1tf mds swapgs\u000abogomips	: 5000.02\u000aclflush size	: 64\u000acache_alignment	: 64\u000aaddress sizes	: 46 bits physical, 48 bits virtual\u000apower management:\u000a\u000aprocessor	: 1\u000avendor_id	: GenuineIntel\u000acpu family	: 6\u000amodel		: 63\u000amodel name	: Intel(R) Xeon(R) Processor @ 2.50GHz\u000astepping	: 2\u000amicrocode	: 0x1\u000acpu MHz		: 2500.010\u000acache size	: 33792 KB\u000aphysical id	: 0\u000asiblings	: 2\u000acore id		: 1\u000acpu cores	: 2\u000aapicid		: 1\u000ainitial apicid	: 1\u000afpu		: yes\u000afpu_exception	: yes\u000acpuid level	: 13\u000awp		: yes\u000aflags		: fpu vme de pse tsc msr pae mce cx8 apic sep mtrr pge mca cmov pat pse36 clflush mmx fxsr sse sse2 ht syscall nx rdtscp lm constant_tsc rep_good nopl xtopology nonstop_tsc cpuid tsc_known_freq pni pclmulqdq ssse3 fma cx16 pcid sse4_1 sse4_2 x2apic movbe popcnt tsc_deadline_timer aes xsave avx f16c rdrand hypervisor lahf_lm abm cpuid_fault invpcid_single pti ssbd ibrs ibpb stibp fsgsbase tsc_adjust bmi1 avx2 smep bmi2 erms invpcid smap xsaveopt arat md_clear arch_capabilities\u000abugs		: cpu_meltdown spectre_v1 spectre_v2 spec_store_bypass l1tf mds swapgs\u000abogomips	: 5000.02\u000aclflush size	: 64\u000acache_alignment	: 64\u000aaddress sizes	: 46 bits physical, 48 bits virtual\u000apower management:\u000a\u000a
p579
sV/proc/meminfo
p580
VMemTotal:        1717184 kB\u000aMemFree:         1119992 kB\u000aMemAvailable:    1486080 kB\u000aBuffers:           16884 kB\u000aCached:           463476 kB\u000aSwapCached:            0 kB\u000aActive:            94048 kB\u000aInactive:         447308 kB\u000aActive(anon):      60984 kB\u000aInactive(anon):      216 kB\u000aActive(file):      33064 kB\u000aInactive(file):   447092 kB\u000aUnevictable:           0 kB\u000aMlocked:               0 kB\u000aSwapTotal:             0 kB\u000aSwapFree:              0 kB\u000aDirty:               336 kB\u000aWriteback:             0 kB\u000aAnonPages:         60984 kB\u000aMapped:            35268 kB\u000aShmem:               220 kB\u000aSlab:              42992 kB\u000aSReclaimable:      32880 kB\u000aSUnreclaim:        10112 kB\u000aKernelStack:        1152 kB\u000aPageTables:         1332 kB\u000aNFS_Unstable:          0 kB\u000aBounce:                0 kB\u000aWritebackTmp:          0 kB\u000aCommitLimit:      858592 kB\u000aCommitted_AS:     253504 kB\u000aVmallocTotal:   34359738367 kB\u000aVmallocUsed:           0 kB\u000aVmallocChunk:          0 kB\u000aAnonHugePages:         0 kB\u000aShmemHugePages:        0 kB\u000aShmemPmdMapped:        0 kB\u000aHugePages_Total:       0\u000aHugePages_Free:        0\u000aHugePages_Rsvd:        0\u000aHugePages_Surp:        0\u000aHugepagesize:       2048 kB\u000aDirectMap4k:       23552 kB\u000aDirectMap2M:     1738752 kB\u000a
p581
ssVstatus_key
p582
Vpywren.jobs/cdf63a7a-db2f-4e3a-97bc-360a3dda9d6d/00012/status.json
p583
sVend_time
p584
F1609057673.1345789
sVlog_group_name
p585
V/aws/lambda/pywren_redis_2
p586
sVdata_key
p587
Vpywren.jobs/cdf63a7a-db2f-4e3a-97bc-360a3dda9d6d/aggdata.pickle
p588
sa(dp589
Vcallset_id
p590
Vcdf63a7a-db2f-4e3a-97bc-360a3dda9d6d
p591
sVlog_stream_name
p592
V2020/12/27/[$LATEST]71bfb745470e4c26b4d1e40a9710c0df
p593
sVstdout
p594
V
sVfunc_key
p595
Vpywren.jobs/cdf63a7a-db2f-4e3a-97bc-360a3dda9d6d/func.pickle
p596
sVfree_disk_bytes
p597
I538333184
sVruntime_cached
p598
I00
sVretcode
p599
I0
sVcall_id
p600
V00013
p601
sVoutput_key
p602
Vpywren.jobs/cdf63a7a-db2f-4e3a-97bc-360a3dda9d6d/00013/output.pickle
p603
sVruntime_s3_key_used
p604
Vcd5225-pywren.runtimes/default_2.7.tar.gz.0011
p605
sVaws_request_id
p606
Ve0e40afb-7643-47fb-890a-b59872da6b33
p607
sVexec_time
p608
F42.237543106079102
sVstart_time
p609
F1609057623.7033219
sVsetup_time
p610
F7.0512480735778809
sVruntime_s3_bucket_used
p611
Vpywren-runtimes-public-us-west-2
p612
sVexception
p613
NsVhost_submit_time
p614
F1609057622.9157619
sVserver_info
p615
(dp616
Vuname
p617
V('Linux', '169.254.252.45', '4.14.203-112.332.amzn2.x86_64', '#1 SMP Wed Nov 4 20:46:34 UTC 2020', 'x86_64', 'x86_64')
p618
sV/proc/self/cgroup
p619
VMemTotal:        1717184 kB\u000aMemFree:         1121752 kB\u000aMemAvailable:    1486272 kB\u000aBuffers:           17756 kB\u000aCached:           461064 kB\u000aSwapCached:            0 kB\u000aActive:            94552 kB\u000aInactive:         445200 kB\u000aActive(anon):      60924 kB\u000aInactive(anon):      216 kB\u000aActive(file):      33628 kB\u000aInactive(file):   444984 kB\u000aUnevictable:           0 kB\u000aMlocked:               0 kB\u000aSwapTotal:             0 kB\u000aSwapFree:              0 kB\u000aDirty:               344 kB\u000aWriteback:             0 kB\u000aAnonPages:         60920 kB\u000aMapped:            35220 kB\u000aShmem:               220 kB\u000aSlab:              42784 kB\u000aSReclaimable:      32832 kB\u000aSUnreclaim:         9952 kB\u000aKernelStack:        1152 kB\u000aPageTables:         1352 kB\u000aNFS_Unstable:          0 kB\u000aBounce:                0 kB\u000aWritebackTmp:          0 kB\u000aCommitLimit:      858592 kB\u000aCommitted_AS:     252692 kB\u000aVmallocTotal:   34359738367 kB\u000aVmallocUsed:           0 kB\u000aVmallocChunk:          0 kB\u000aAnonHugePages:         0 kB\u000aShmemHugePages:        0 kB\u000aShmemPmdMapped:        0 kB\u000aHugePages_Total:       0\u000aHugePages_Free:        0\u000aHugePages_Rsvd:        0\u000aHugePages_Surp:        0\u000aHugepagesize:       2048 kB\u000aDirectMap4k:       23552 kB\u000aDirectMap2M:     1738752 kB\u000a
p620
sV/proc/cgroups
p621
V#subsys_name	hierarchy	num_cgroups	enabled\u000acpuset	10	1	1\u000acpu	8	5	1\u000acpuacct	8	5	1\u000ablkio	11	1	1\u000amemory	6	5	1\u000adevices	4	1	1\u000afreezer	9	2	1\u000anet_cls	3	1	1\u000aperf_event	2	1	1\u000anet_prio	3	1	1\u000ahugetlb	7	1	1\u000apids	5	1	1\u000a
p622
sV/proc/cpuinfo
p623
Vprocessor	: 0\u000avendor_id	: GenuineIntel\u000acpu family	: 6\u000amodel		: 63\u000amodel name	: Intel(R) Xeon(R) Processor @ 2.50GHz\u000astepping	: 2\u000amicrocode	: 0x1\u000acpu MHz		: 2500.006\u000acache size	: 36608 KB\u000aphysical id	: 0\u000asiblings	: 2\u000acore id		: 0\u000acpu cores	: 2\u000aapicid		: 0\u000ainitial apicid	: 0\u000afpu		: yes\u000afpu_exception	: yes\u000acpuid level	: 13\u000awp		: yes\u000aflags		: fpu vme de pse tsc msr pae mce cx8 apic sep mtrr pge mca cmov pat pse36 clflush mmx fxsr sse sse2 ht syscall nx rdtscp lm constant_tsc rep_good nopl xtopology nonstop_tsc cpuid tsc_known_freq pni pclmulqdq ssse3 fma cx16 pcid sse4_1 sse4_2 x2apic movbe popcnt tsc_deadline_timer aes xsave avx f16c rdrand hypervisor lahf_lm abm cpuid_fault invpcid_single ssbd ibrs ibpb stibp ibrs_enhanced fsgsbase tsc_adjust bmi1 avx2 smep bmi2 erms invpcid smap xsaveopt arat md_clear arch_capabilities\u000abugs		: spectre_v1 spectre_v2 spec_store_bypass swapgs\u000abogomips	: 5000.01\u000aclflush size	: 64\u000acache_alignment	: 64\u000aaddress sizes	: 46 bits physical, 48 bits virtual\u000apower management:\u000a\u000aprocessor	: 1\u000avendor_id	: GenuineIntel\u000acpu family	: 6\u000amodel		: 63\u000amodel name	: Intel(R) Xeon(R) Processor @ 2.50GHz\u000astepping	: 2\u000amicrocode	: 0x1\u000acpu MHz		: 2500.006\u000acache size	: 36608 KB\u000aphysical id	: 0\u000asiblings	: 2\u000acore id		: 1\u000acpu cores	: 2\u000aapicid		: 1\u000ainitial apicid	: 1\u000afpu		: yes\u000afpu_exception	: yes\u000acpuid level	: 13\u000awp		: yes\u000aflags		: fpu vme de pse tsc msr pae mce cx8 apic sep mtrr pge mca cmov pat pse36 clflush mmx fxsr sse sse2 ht syscall nx rdtscp lm constant_tsc rep_good nopl xtopology nonstop_tsc cpuid tsc_known_freq pni pclmulqdq ssse3 fma cx16 pcid sse4_1 sse4_2 x2apic movbe popcnt tsc_deadline_timer aes xsave avx f16c rdrand hypervisor lahf_lm abm cpuid_fault invpcid_single ssbd ibrs ibpb stibp ibrs_enhanced fsgsbase tsc_adjust bmi1 avx2 smep bmi2 erms invpcid smap xsaveopt arat md_clear arch_capabilities\u000abugs		: spectre_v1 spectre_v2 spec_store_bypass swapgs\u000abogomips	: 5000.01\u000aclflush size	: 64\u000acache_alignment	: 64\u000aaddress sizes	: 46 bits physical, 48 bits virtual\u000apower management:\u000a\u000a
p624
sV/proc/meminfo
p625
VMemTotal:        1717184 kB\u000aMemFree:         1121752 kB\u000aMemAvailable:    1486272 kB\u000aBuffers:           17756 kB\u000aCached:           461064 kB\u000aSwapCached:            0 kB\u000aActive:            94552 kB\u000aInactive:         445200 kB\u000aActive(anon):      60924 kB\u000aInactive(anon):      216 kB\u000aActive(file):      33628 kB\u000aInactive(file):   444984 kB\u000aUnevictable:           0 kB\u000aMlocked:               0 kB\u000aSwapTotal:             0 kB\u000aSwapFree:              0 kB\u000aDirty:               344 kB\u000aWriteback:             0 kB\u000aAnonPages:         60920 kB\u000aMapped:            35220 kB\u000aShmem:               220 kB\u000aSlab:              42784 kB\u000aSReclaimable:      32832 kB\u000aSUnreclaim:         9952 kB\u000aKernelStack:        1152 kB\u000aPageTables:         1352 kB\u000aNFS_Unstable:          0 kB\u000aBounce:                0 kB\u000aWritebackTmp:          0 kB\u000aCommitLimit:      858592 kB\u000aCommitted_AS:     252692 kB\u000aVmallocTotal:   34359738367 kB\u000aVmallocUsed:           0 kB\u000aVmallocChunk:          0 kB\u000aAnonHugePages:         0 kB\u000aShmemHugePages:        0 kB\u000aShmemPmdMapped:        0 kB\u000aHugePages_Total:       0\u000aHugePages_Free:        0\u000aHugePages_Rsvd:        0\u000aHugePages_Surp:        0\u000aHugepagesize:       2048 kB\u000aDirectMap4k:       23552 kB\u000aDirectMap2M:     1738752 kB\u000a
p626
ssVstatus_key
p627
Vpywren.jobs/cdf63a7a-db2f-4e3a-97bc-360a3dda9d6d/00013/status.json
p628
sVend_time
p629
F1609057672.992106
sVlog_group_name
p630
V/aws/lambda/pywren_redis_2
p631
sVdata_key
p632
Vpywren.jobs/cdf63a7a-db2f-4e3a-97bc-360a3dda9d6d/aggdata.pickle
p633
sa(dp634
Vcallset_id
p635
Vcdf63a7a-db2f-4e3a-97bc-360a3dda9d6d
p636
sVlog_stream_name
p637
V2020/12/27/[$LATEST]e2b34b01c02e45c2b895521ca7140374
p638
sVstdout
p639
V
sVfunc_key
p640
Vpywren.jobs/cdf63a7a-db2f-4e3a-97bc-360a3dda9d6d/func.pickle
p641
sVfree_disk_bytes
p642
I538333184
sVruntime_cached
p643
I00
sVretcode
p644
I0
sVcall_id
p645
V00014
p646
sVoutput_key
p647
Vpywren.jobs/cdf63a7a-db2f-4e3a-97bc-360a3dda9d6d/00014/output.pickle
p648
sVruntime_s3_key_used
p649
V334bcf-pywren.runtimes/default_2.7.tar.gz.0082
p650
sVaws_request_id
p651
V9eb6d021-7f5f-44c2-9741-c6ad42143881
p652
sVexec_time
p653
F42.253068923950195
sVstart_time
p654
F1609057623.686739
sVsetup_time
p655
F7.0989830493927002
sVruntime_s3_bucket_used
p656
Vpywren-runtimes-public-us-west-2
p657
sVexception
p658
NsVhost_submit_time
p659
F1609057622.9133339
sVserver_info
p660
(dp661
Vuname
p662
V('Linux', '169.254.89.101', '4.14.203-112.332.amzn2.x86_64', '#1 SMP Wed Nov 4 20:46:34 UTC 2020', 'x86_64', 'x86_64')
p663
sV/proc/self/cgroup
p664
VMemTotal:        1717184 kB\u000aMemFree:         1120092 kB\u000aMemAvailable:    1486764 kB\u000aBuffers:           17352 kB\u000aCached:           463720 kB\u000aSwapCached:            0 kB\u000aActive:            94604 kB\u000aInactive:         447420 kB\u000aActive(anon):      60944 kB\u000aInactive(anon):      216 kB\u000aActive(file):      33660 kB\u000aInactive(file):   447204 kB\u000aUnevictable:           0 kB\u000aMlocked:               0 kB\u000aSwapTotal:             0 kB\u000aSwapFree:              0 kB\u000aDirty:               128 kB\u000aWriteback:             0 kB\u000aAnonPages:         60940 kB\u000aMapped:            34972 kB\u000aShmem:               220 kB\u000aSlab:              42632 kB\u000aSReclaimable:      32628 kB\u000aSUnreclaim:        10004 kB\u000aKernelStack:        1152 kB\u000aPageTables:         1332 kB\u000aNFS_Unstable:          0 kB\u000aBounce:                0 kB\u000aWritebackTmp:          0 kB\u000aCommitLimit:      858592 kB\u000aCommitted_AS:     251716 kB\u000aVmallocTotal:   34359738367 kB\u000aVmallocUsed:           0 kB\u000aVmallocChunk:          0 kB\u000aAnonHugePages:         0 kB\u000aShmemHugePages:        0 kB\u000aShmemPmdMapped:        0 kB\u000aHugePages_Total:       0\u000aHugePages_Free:        0\u000aHugePages_Rsvd:        0\u000aHugePages_Surp:        0\u000aHugepagesize:       2048 kB\u000aDirectMap4k:       21504 kB\u000aDirectMap2M:     1740800 kB\u000a
p665
sV/proc/cgroups
p666
V#subsys_name	hierarchy	num_cgroups	enabled\u000acpuset	5	1	1\u000acpu	9	5	1\u000acpuacct	9	5	1\u000ablkio	10	1	1\u000amemory	7	5	1\u000adevices	2	1	1\u000afreezer	4	2	1\u000anet_cls	11	1	1\u000aperf_event	8	1	1\u000anet_prio	11	1	1\u000ahugetlb	6	1	1\u000apids	3	1	1\u000a
p667
sV/proc/cpuinfo
p668
