(dp1
S'run_statuses'
p2
(lp3
(dp4
Vcallset_id
p5
V452a8bf2-b190-4b88-9dc0-f09b5788b67d
p6
sVlog_stream_name
p7
V2020/12/27/[$LATEST]63b40676c0864bcd94f2d9acf42cbefa
p8
sVstdout
p9
V
sVfunc_key
p10
Vpywren.jobs/452a8bf2-b190-4b88-9dc0-f09b5788b67d/func.pickle
p11
sVfree_disk_bytes
p12
I538333184
sVruntime_cached
p13
I00
sVretcode
p14
I0
sVcall_id
p15
V00000
p16
sVoutput_key
p17
Vpywren.jobs/452a8bf2-b190-4b88-9dc0-f09b5788b67d/00000/output.pickle
p18
sVruntime_s3_key_used
p19
Vcd5225-pywren.runtimes/default_2.7.tar.gz.0011
p20
sVaws_request_id
p21
V3f051dd2-d064-4c94-8654-eacc38d5cc2d
p22
sVexec_time
p23
F62.486299991607666
sVstart_time
p24
F1609057603.5595911
sVsetup_time
p25
F7.0846469402313232
sVruntime_s3_bucket_used
p26
Vpywren-runtimes-public-us-west-2
p27
sVexception
p28
NsVhost_submit_time
p29
F1609057602.796721
sVserver_info
p30
(dp31
Vuname
p32
V('Linux', '169.254.207.5', '4.14.203-112.332.amzn2.x86_64', '#1 SMP Wed Nov 4 20:46:34 UTC 2020', 'x86_64', 'x86_64')
p33
sV/proc/self/cgroup
p34
VMemTotal:        1717184 kB\u000aMemFree:         1118104 kB\u000aMemAvailable:    1486140 kB\u000aBuffers:           17864 kB\u000aCached:           464508 kB\u000aSwapCached:            0 kB\u000aActive:            96116 kB\u000aInactive:         447228 kB\u000aActive(anon):      60964 kB\u000aInactive(anon):      216 kB\u000aActive(file):      35152 kB\u000aInactive(file):   447012 kB\u000aUnevictable:           0 kB\u000aMlocked:               0 kB\u000aSwapTotal:             0 kB\u000aSwapFree:              0 kB\u000aDirty:               356 kB\u000aWriteback:             0 kB\u000aAnonPages:         60960 kB\u000aMapped:            34948 kB\u000aShmem:               220 kB\u000aSlab:              42872 kB\u000aSReclaimable:      32760 kB\u000aSUnreclaim:        10112 kB\u000aKernelStack:        1152 kB\u000aPageTables:         1332 kB\u000aNFS_Unstable:          0 kB\u000aBounce:                0 kB\u000aWritebackTmp:          0 kB\u000aCommitLimit:      858592 kB\u000aCommitted_AS:     253532 kB\u000aVmallocTotal:   34359738367 kB\u000aVmallocUsed:           0 kB\u000aVmallocChunk:          0 kB\u000aAnonHugePages:         0 kB\u000aShmemHugePages:        0 kB\u000aShmemPmdMapped:        0 kB\u000aHugePages_Total:       0\u000aHugePages_Free:        0\u000aHugePages_Rsvd:        0\u000aHugePages_Surp:        0\u000aHugepagesize:       2048 kB\u000aDirectMap4k:       23552 kB\u000aDirectMap2M:     1738752 kB\u000a
p35
sV/proc/cgroups
p36
V#subsys_name	hierarchy	num_cgroups	enabled\u000acpuset	11	1	1\u000acpu	3	5	1\u000acpuacct	3	5	1\u000ablkio	4	1	1\u000amemory	10	5	1\u000adevices	7	1	1\u000afreezer	5	2	1\u000anet_cls	2	1	1\u000aperf_event	6	1	1\u000anet_prio	2	1	1\u000ahugetlb	9	1	1\u000apids	8	1	1\u000a
p37
sV/proc/cpuinfo
p38
Vprocessor	: 0\u000avendor_id	: GenuineIntel\u000acpu family	: 6\u000amodel		: 63\u000amodel name	: Intel(R) Xeon(R) Processor @ 2.50GHz\u000astepping	: 2\u000amicrocode	: 0x1\u000acpu MHz		: 2500.012\u000acache size	: 33792 KB\u000aphysical id	: 0\u000asiblings	: 2\u000acore id		: 0\u000acpu cores	: 2\u000aapicid		: 0\u000ainitial apicid	: 0\u000afpu		: yes\u000afpu_exception	: yes\u000acpuid level	: 13\u000awp		: yes\u000aflags		: fpu vme de pse tsc msr pae mce cx8 apic sep mtrr pge mca cmov pat pse36 clflush mmx fxsr sse sse2 ht syscall nx rdtscp lm constant_tsc rep_good nopl xtopology nonstop_tsc cpuid tsc_known_freq pni pclmulqdq ssse3 fma cx16 pcid sse4_1 sse4_2 x2apic movbe popcnt tsc_deadline_timer aes xsave avx f16c rdrand hypervisor lahf_lm abm cpuid_fault invpcid_single pti ssbd ibrs ibpb stibp fsgsbase tsc_adjust bmi1 avx2 smep bmi2 erms invpcid smap xsaveopt arat md_clear arch_capabilities\u000abugs		: cpu_meltdown spectre_v1 spectre_v2 spec_store_bypass l1tf mds swapgs\u000abogomips	: 5000.02\u000aclflush size	: 64\u000acache_alignment	: 64\u000aaddress sizes	: 46 bits physical, 48 bits virtual\u000apower management:\u000a\u000aprocessor	: 1\u000avendor_id	: GenuineIntel\u000acpu family	: 6\u000amodel		: 63\u000amodel name	: Intel(R) Xeon(R) Processor @ 2.50GHz\u000astepping	: 2\u000amicrocode	: 0x1\u000acpu MHz		: 2500.012\u000acache size	: 33792 KB\u000aphysical id	: 0\u000asiblings	: 2\u000acore id		: 1\u000acpu cores	: 2\u000aapicid		: 1\u000ainitial apicid	: 1\u000afpu		: yes\u000afpu_exception	: yes\u000acpuid level	: 13\u000awp		: yes\u000aflags		: fpu vme de pse tsc msr pae mce cx8 apic sep mtrr pge mca cmov pat pse36 clflush mmx fxsr sse sse2 ht syscall nx rdtscp lm constant_tsc rep_good nopl xtopology nonstop_tsc cpuid tsc_known_freq pni pclmulqdq ssse3 fma cx16 pcid sse4_1 sse4_2 x2apic movbe popcnt tsc_deadline_timer aes xsave avx f16c rdrand hypervisor lahf_lm abm cpuid_fault invpcid_single pti ssbd ibrs ibpb stibp fsgsbase tsc_adjust bmi1 avx2 smep bmi2 erms invpcid smap xsaveopt arat md_clear arch_capabilities\u000abugs		: cpu_meltdown spectre_v1 spectre_v2 spec_store_bypass l1tf mds swapgs\u000abogomips	: 5000.02\u000aclflush size	: 64\u000acache_alignment	: 64\u000aaddress sizes	: 46 bits physical, 48 bits virtual\u000apower management:\u000a\u000a
p39
sV/proc/meminfo
p40
VMemTotal:        1717184 kB\u000aMemFree:         1118104 kB\u000aMemAvailable:    1486140 kB\u000aBuffers:           17864 kB\u000aCached:           464508 kB\u000aSwapCached:            0 kB\u000aActive:            96116 kB\u000aInactive:         447228 kB\u000aActive(anon):      60964 kB\u000aInactive(anon):      216 kB\u000aActive(file):      35152 kB\u000aInactive(file):   447012 kB\u000aUnevictable:           0 kB\u000aMlocked:               0 kB\u000aSwapTotal:             0 kB\u000aSwapFree:              0 kB\u000aDirty:               356 kB\u000aWriteback:             0 kB\u000aAnonPages:         60960 kB\u000aMapped:            34948 kB\u000aShmem:               220 kB\u000aSlab:              42872 kB\u000aSReclaimable:      32760 kB\u000aSUnreclaim:        10112 kB\u000aKernelStack:        1152 kB\u000aPageTables:         1332 kB\u000aNFS_Unstable:          0 kB\u000aBounce:                0 kB\u000aWritebackTmp:          0 kB\u000aCommitLimit:      858592 kB\u000aCommitted_AS:     253532 kB\u000aVmallocTotal:   34359738367 kB\u000aVmallocUsed:           0 kB\u000aVmallocChunk:          0 kB\u000aAnonHugePages:         0 kB\u000aShmemHugePages:        0 kB\u000aShmemPmdMapped:        0 kB\u000aHugePages_Total:       0\u000aHugePages_Free:        0\u000aHugePages_Rsvd:        0\u000aHugePages_Surp:        0\u000aHugepagesize:       2048 kB\u000aDirectMap4k:       23552 kB\u000aDirectMap2M:     1738752 kB\u000a
p41
ssVstatus_key
p42
Vpywren.jobs/452a8bf2-b190-4b88-9dc0-f09b5788b67d/00000/status.json
p43
sVend_time
p44
F1609057673.130533
sVlog_group_name
p45
V/aws/lambda/pywren_redis_2
p46
sVdata_key
p47
Vpywren.jobs/452a8bf2-b190-4b88-9dc0-f09b5788b67d/aggdata.pickle
p48
sa(dp49
Vcallset_id
p50
V452a8bf2-b190-4b88-9dc0-f09b5788b67d
p51
sVlog_stream_name
p52
V2020/12/27/[$LATEST]c1248ed6d61446dbb4134368b64cefd4
p53
sVstdout
p54
V
sVfunc_key
p55
Vpywren.jobs/452a8bf2-b190-4b88-9dc0-f09b5788b67d/func.pickle
p56
sVfree_disk_bytes
p57
I538333184
sVruntime_cached
p58
I00
sVretcode
p59
I0
sVcall_id
p60
V00001
p61
sVoutput_key
p62
Vpywren.jobs/452a8bf2-b190-4b88-9dc0-f09b5788b67d/00001/output.pickle
p63
sVruntime_s3_key_used
p64
V022b0a-pywren.runtimes/default_2.7.tar.gz.0084
p65
sVaws_request_id
p66
V18db4583-7255-4cc9-8ff7-0307b7e391d0
p67
sVexec_time
p68
F62.373718976974487
sVstart_time
p69
F1609057603.538831
sVsetup_time
p70
F6.9938430786132812
sVruntime_s3_bucket_used
p71
Vpywren-runtimes-public-us-west-2
p72
sVexception
p73
NsVhost_submit_time
p74
F1609057602.8015399
sVserver_info
p75
(dp76
Vuname
p77
V('Linux', '169.254.11.49', '4.14.203-112.332.amzn2.x86_64', '#1 SMP Wed Nov 4 20:46:34 UTC 2020', 'x86_64', 'x86_64')
p78
sV/proc/self/cgroup
p79
VMemTotal:        1717184 kB\u000aMemFree:         1125540 kB\u000aMemAvailable:    1486220 kB\u000aBuffers:           14936 kB\u000aCached:           460056 kB\u000aSwapCached:            0 kB\u000aActive:            92140 kB\u000aInactive:         443944 kB\u000aActive(anon):      61084 kB\u000aInactive(anon):      216 kB\u000aActive(file):      31056 kB\u000aInactive(file):   443728 kB\u000aUnevictable:           0 kB\u000aMlocked:               0 kB\u000aSwapTotal:             0 kB\u000aSwapFree:              0 kB\u000aDirty:               144 kB\u000aWriteback:             0 kB\u000aAnonPages:         61080 kB\u000aMapped:            34528 kB\u000aShmem:               220 kB\u000aSlab:              42896 kB\u000aSReclaimable:      32808 kB\u000aSUnreclaim:        10088 kB\u000aKernelStack:        1152 kB\u000aPageTables:         1332 kB\u000aNFS_Unstable:          0 kB\u000aBounce:                0 kB\u000aWritebackTmp:          0 kB\u000aCommitLimit:      858592 kB\u000aCommitted_AS:     253832 kB\u000aVmallocTotal:   34359738367 kB\u000aVmallocUsed:           0 kB\u000aVmallocChunk:          0 kB\u000aAnonHugePages:         0 kB\u000aShmemHugePages:        0 kB\u000aShmemPmdMapped:        0 kB\u000aHugePages_Total:       0\u000aHugePages_Free:        0\u000aHugePages_Rsvd:        0\u000aHugePages_Surp:        0\u000aHugepagesize:       2048 kB\u000aDirectMap4k:       21504 kB\u000aDirectMap2M:     1740800 kB\u000a
p80
sV/proc/cgroups
p81
V#subsys_name	hierarchy	num_cgroups	enabled\u000acpuset	7	1	1\u000acpu	6	5	1\u000acpuacct	6	5	1\u000ablkio	5	1	1\u000amemory	9	5	1\u000adevices	10	1	1\u000afreezer	4	2	1\u000anet_cls	3	1	1\u000aperf_event	2	1	1\u000anet_prio	3	1	1\u000ahugetlb	8	1	1\u000apids	11	1	1\u000a
p82
sV/proc/cpuinfo
p83
Vprocessor	: 0\u000avendor_id	: GenuineIntel\u000acpu family	: 6\u000amodel		: 63\u000amodel name	: Intel(R) Xeon(R) Processor @ 2.50GHz\u000astepping	: 2\u000amicrocode	: 0x1\u000acpu MHz		: 2500.014\u000acache size	: 36608 KB\u000aphysical id	: 0\u000asiblings	: 2\u000acore id		: 0\u000acpu cores	: 2\u000aapicid		: 0\u000ainitial apicid	: 0\u000afpu		: yes\u000afpu_exception	: yes\u000acpuid level	: 13\u000awp		: yes\u000aflags		: fpu vme de pse tsc msr pae mce cx8 apic sep mtrr pge mca cmov pat pse36 clflush mmx fxsr sse sse2 ht syscall nx rdtscp lm constant_tsc rep_good nopl xtopology nonstop_tsc cpuid tsc_known_freq pni pclmulqdq ssse3 fma cx16 pcid sse4_1 sse4_2 x2apic movbe popcnt tsc_deadline_timer aes xsave avx f16c rdrand hypervisor lahf_lm abm cpuid_fault invpcid_single ssbd ibrs ibpb stibp ibrs_enhanced fsgsbase tsc_adjust bmi1 avx2 smep bmi2 erms invpcid smap xsaveopt arat md_clear arch_capabilities\u000abugs		: spectre_v1 spectre_v2 spec_store_bypass swapgs\u000abogomips	: 5000.02\u000aclflush size	: 64\u000acache_alignment	: 64\u000aaddress sizes	: 46 bits physical, 48 bits virtual\u000apower management:\u000a\u000aprocessor	: 1\u000avendor_id	: GenuineIntel\u000acpu family	: 6\u000amodel		: 63\u000amodel name	: Intel(R) Xeon(R) Processor @ 2.50GHz\u000astepping	: 2\u000amicrocode	: 0x1\u000acpu MHz		: 2500.014\u000acache size	: 36608 KB\u000aphysical id	: 0\u000asiblings	: 2\u000acore id		: 1\u000acpu cores	: 2\u000aapicid		: 1\u000ainitial apicid	: 1\u000afpu		: yes\u000afpu_exception	: yes\u000acpuid level	: 13\u000awp		: yes\u000aflags		: fpu vme de pse tsc msr pae mce cx8 apic sep mtrr pge mca cmov pat pse36 clflush mmx fxsr sse sse2 ht syscall nx rdtscp lm constant_tsc rep_good nopl xtopology nonstop_tsc cpuid tsc_known_freq pni pclmulqdq ssse3 fma cx16 pcid sse4_1 sse4_2 x2apic movbe popcnt tsc_deadline_timer aes xsave avx f16c rdrand hypervisor lahf_lm abm cpuid_fault invpcid_single ssbd ibrs ibpb stibp ibrs_enhanced fsgsbase tsc_adjust bmi1 avx2 smep bmi2 erms invpcid smap xsaveopt arat md_clear arch_capabilities\u000abugs		: spectre_v1 spectre_v2 spec_store_bypass swapgs\u000abogomips	: 5000.02\u000aclflush size	: 64\u000acache_alignment	: 64\u000aaddress sizes	: 46 bits physical, 48 bits virtual\u000apower management:\u000a\u000a
p84
sV/proc/meminfo
p85
VMemTotal:        1717184 kB\u000aMemFree:         1125540 kB\u000aMemAvailable:    1486220 kB\u000aBuffers:           14936 kB\u000aCached:           460056 kB\u000aSwapCached:            0 kB\u000aActive:            92140 kB\u000aInactive:         443944 kB\u000aActive(anon):      61084 kB\u000aInactive(anon):      216 kB\u000aActive(file):      31056 kB\u000aInactive(file):   443728 kB\u000aUnevictable:           0 kB\u000aMlocked:               0 kB\u000aSwapTotal:             0 kB\u000aSwapFree:              0 kB\u000aDirty:               144 kB\u000aWriteback:             0 kB\u000aAnonPages:         61080 kB\u000aMapped:            34528 kB\u000aShmem:               220 kB\u000aSlab:              42896 kB\u000aSReclaimable:      32808 kB\u000aSUnreclaim:        10088 kB\u000aKernelStack:        1152 kB\u000aPageTables:         1332 kB\u000aNFS_Unstable:          0 kB\u000aBounce:                0 kB\u000aWritebackTmp:          0 kB\u000aCommitLimit:      858592 kB\u000aCommitted_AS:     253832 kB\u000aVmallocTotal:   34359738367 kB\u000aVmallocUsed:           0 kB\u000aVmallocChunk:          0 kB\u000aAnonHugePages:         0 kB\u000aShmemHugePages:        0 kB\u000aShmemPmdMapped:        0 kB\u000aHugePages_Total:       0\u000aHugePages_Free:        0\u000aHugePages_Rsvd:        0\u000aHugePages_Surp:        0\u000aHugepagesize:       2048 kB\u000aDirectMap4k:       21504 kB\u000aDirectMap2M:     1740800 kB\u000a
p86
ssVstatus_key
p87
Vpywren.jobs/452a8bf2-b190-4b88-9dc0-f09b5788b67d/00001/status.json
p88
sVend_time
p89
F1609057672.906388
sVlog_group_name
p90
V/aws/lambda/pywren_redis_2
p91
sVdata_key
p92
Vpywren.jobs/452a8bf2-b190-4b88-9dc0-f09b5788b67d/aggdata.pickle
p93
sa(dp94
Vcallset_id
p95
V452a8bf2-b190-4b88-9dc0-f09b5788b67d
p96
sVlog_stream_name
p97
V2020/12/27/[$LATEST]3ebc4747a19f4ef3ae278324c42bcdee
p98
sVstdout
p99
V
sVfunc_key
p100
Vpywren.jobs/452a8bf2-b190-4b88-9dc0-f09b5788b67d/func.pickle
p101
sVfree_disk_bytes
p102
I538333184
sVruntime_cached
p103
I00
sVretcode
p104
I0
sVcall_id
p105
V00002
p106
sVoutput_key
p107
Vpywren.jobs/452a8bf2-b190-4b88-9dc0-f09b5788b67d/00002/output.pickle
p108
sVruntime_s3_key_used
p109
V48d2d6-pywren.runtimes/default_2.7.tar.gz.0063
p110
sVaws_request_id
p111
Va878adf4-1ce0-4a33-84bd-15a12beb5bfb
p112
sVexec_time
p113
F62.378299951553345
sVstart_time
p114
F1609057603.5722361
sVsetup_time
p115
F7.9151430130004883
sVruntime_s3_bucket_used
p116
Vpywren-runtimes-public-us-west-2
p117
sVexception
p118
NsVhost_submit_time
p119
F1609057602.7982171
sVserver_info
p120
(dp121
Vuname
p122
V('Linux', '169.254.224.149', '4.14.203-112.332.amzn2.x86_64', '#1 SMP Wed Nov 4 20:46:34 UTC 2020', 'x86_64', 'x86_64')
p123
sV/proc/self/cgroup
p124
VMemTotal:        1717184 kB\u000aMemFree:         1118300 kB\u000aMemAvailable:    1485928 kB\u000aBuffers:           17788 kB\u000aCached:           464128 kB\u000aSwapCached:            0 kB\u000aActive:            95328 kB\u000aInactive:         447672 kB\u000aActive(anon):      61076 kB\u000aInactive(anon):      216 kB\u000aActive(file):      34252 kB\u000aInactive(file):   447456 kB\u000aUnevictable:           0 kB\u000aMlocked:               0 kB\u000aSwapTotal:             0 kB\u000aSwapFree:              0 kB\u000aDirty:               348 kB\u000aWriteback:             0 kB\u000aAnonPages:         61072 kB\u000aMapped:            35180 kB\u000aShmem:               220 kB\u000aSlab:              43024 kB\u000aSReclaimable:      32856 kB\u000aSUnreclaim:        10168 kB\u000aKernelStack:        1168 kB\u000aPageTables:         1328 kB\u000aNFS_Unstable:          0 kB\u000aBounce:                0 kB\u000aWritebackTmp:          0 kB\u000aCommitLimit:      858592 kB\u000aCommitted_AS:     253472 kB\u000aVmallocTotal:   34359738367 kB\u000aVmallocUsed:           0 kB\u000aVmallocChunk:          0 kB\u000aAnonHugePages:         0 kB\u000aShmemHugePages:        0 kB\u000aShmemPmdMapped:        0 kB\u000aHugePages_Total:       0\u000aHugePages_Free:        0\u000aHugePages_Rsvd:        0\u000aHugePages_Surp:        0\u000aHugepagesize:       2048 kB\u000aDirectMap4k:       21504 kB\u000aDirectMap2M:     1740800 kB\u000a
p125
sV/proc/cgroups
p126
V#subsys_name	hierarchy	num_cgroups	enabled\u000acpuset	2	1	1\u000acpu	5	5	1\u000acpuacct	5	5	1\u000ablkio	7	1	1\u000amemory	11	5	1\u000adevices	8	1	1\u000afreezer	6	2	1\u000anet_cls	3	1	1\u000aperf_event	9	1	1\u000anet_prio	3	1	1\u000ahugetlb	4	1	1\u000apids	10	1	1\u000a
p127
sV/proc/cpuinfo
p128
Vprocessor	: 0\u000avendor_id	: GenuineIntel\u000acpu family	: 6\u000amodel		: 63\u000amodel name	: Intel(R) Xeon(R) Processor @ 2.50GHz\u000astepping	: 2\u000amicrocode	: 0x1\u000acpu MHz		: 2500.014\u000acache size	: 33792 KB\u000aphysical id	: 0\u000asiblings	: 2\u000acore id		: 0\u000acpu cores	: 2\u000aapicid		: 0\u000ainitial apicid	: 0\u000afpu		: yes\u000afpu_exception	: yes\u000acpuid level	: 13\u000awp		: yes\u000aflags		: fpu vme de pse tsc msr pae mce cx8 apic sep mtrr pge mca cmov pat pse36 clflush mmx fxsr sse sse2 ht syscall nx rdtscp lm constant_tsc rep_good nopl xtopology nonstop_tsc cpuid tsc_known_freq pni pclmulqdq ssse3 fma cx16 pcid sse4_1 sse4_2 x2apic movbe popcnt tsc_deadline_timer aes xsave avx f16c rdrand hypervisor lahf_lm abm cpuid_fault invpcid_single pti ssbd ibrs ibpb stibp fsgsbase tsc_adjust bmi1 avx2 smep bmi2 erms invpcid smap xsaveopt arat md_clear arch_capabilities\u000abugs		: cpu_meltdown spectre_v1 spectre_v2 spec_store_bypass l1tf mds swapgs\u000abogomips	: 5000.02\u000aclflush size	: 64\u000acache_alignment	: 64\u000aaddress sizes	: 46 bits physical, 48 bits virtual\u000apower management:\u000a\u000aprocessor	: 1\u000avendor_id	: GenuineIntel\u000acpu family	: 6\u000amodel		: 63\u000amodel name	: Intel(R) Xeon(R) Processor @ 2.50GHz\u000astepping	: 2\u000amicrocode	: 0x1\u000acpu MHz		: 2500.014\u000acache size	: 33792 KB\u000aphysical id	: 0\u000asiblings	: 2\u000acore id		: 1\u000acpu cores	: 2\u000aapicid		: 1\u000ainitial apicid	: 1\u000afpu		: yes\u000afpu_exception	: yes\u000acpuid level	: 13\u000awp		: yes\u000aflags		: fpu vme de pse tsc msr pae mce cx8 apic sep mtrr pge mca cmov pat pse36 clflush mmx fxsr sse sse2 ht syscall nx rdtscp lm constant_tsc rep_good nopl xtopology nonstop_tsc cpuid tsc_known_freq pni pclmulqdq ssse3 fma cx16 pcid sse4_1 sse4_2 x2apic movbe popcnt tsc_deadline_timer aes xsave avx f16c rdrand hypervisor lahf_lm abm cpuid_fault invpcid_single pti ssbd ibrs ibpb stibp fsgsbase tsc_adjust bmi1 avx2 smep bmi2 erms invpcid smap xsaveopt arat md_clear arch_capabilities\u000abugs		: cpu_meltdown spectre_v1 spectre_v2 spec_store_bypass l1tf mds swapgs\u000abogomips	: 5000.02\u000aclflush size	: 64\u000acache_alignment	: 64\u000aaddress sizes	: 46 bits physical, 48 bits virtual\u000apower management:\u000a\u000a
p129
sV/proc/meminfo
p130
VMemTotal:        1717184 kB\u000aMemFree:         1118300 kB\u000aMemAvailable:    1485928 kB\u000aBuffers:           17788 kB\u000aCached:           464128 kB\u000aSwapCached:            0 kB\u000aActive:            95328 kB\u000aInactive:         447672 kB\u000aActive(anon):      61076 kB\u000aInactive(anon):      216 kB\u000aActive(file):      34252 kB\u000aInactive(file):   447456 kB\u000aUnevictable:           0 kB\u000aMlocked:               0 kB\u000aSwapTotal:             0 kB\u000aSwapFree:              0 kB\u000aDirty:               348 kB\u000aWriteback:             0 kB\u000aAnonPages:         61072 kB\u000aMapped:            35180 kB\u000aShmem:               220 kB\u000aSlab:              43024 kB\u000aSReclaimable:      32856 kB\u000aSUnreclaim:        10168 kB\u000aKernelStack:        1168 kB\u000aPageTables:         1328 kB\u000aNFS_Unstable:          0 kB\u000aBounce:                0 kB\u000aWritebackTmp:          0 kB\u000aCommitLimit:      858592 kB\u000aCommitted_AS:     253472 kB\u000aVmallocTotal:   34359738367 kB\u000aVmallocUsed:           0 kB\u000aVmallocChunk:          0 kB\u000aAnonHugePages:         0 kB\u000aShmemHugePages:        0 kB\u000aShmemPmdMapped:        0 kB\u000aHugePages_Total:       0\u000aHugePages_Free:        0\u000aHugePages_Rsvd:        0\u000aHugePages_Surp:        0\u000aHugepagesize:       2048 kB\u000aDirectMap4k:       21504 kB\u000aDirectMap2M:     1740800 kB\u000a
p131
ssVstatus_key
p132
Vpywren.jobs/452a8bf2-b190-4b88-9dc0-f09b5788b67d/00002/status.json
p133
sVend_time
p134
F1609057673.865674
sVlog_group_name
p135
V/aws/lambda/pywren_redis_2
p136
sVdata_key
p137
Vpywren.jobs/452a8bf2-b190-4b88-9dc0-f09b5788b67d/aggdata.pickle
p138
sa(dp139
Vcallset_id
p140
V452a8bf2-b190-4b88-9dc0-f09b5788b67d
p141
sVlog_stream_name
p142
V2020/12/27/[$LATEST]198c17a6587646d88953bd69a6103680
p143
sVstdout
p144
V
sVfunc_key
p145
Vpywren.jobs/452a8bf2-b190-4b88-9dc0-f09b5788b67d/func.pickle
p146
sVfree_disk_bytes
p147
I538333184
sVruntime_cached
p148
I00
sVretcode
p149
I0
sVcall_id
p150
V00003
p151
sVoutput_key
p152
Vpywren.jobs/452a8bf2-b190-4b88-9dc0-f09b5788b67d/00003/output.pickle
p153
sVruntime_s3_key_used
p154
V3201af-pywren.runtimes/default_2.7.tar.gz.0051
p155
sVaws_request_id
p156
Va9b921cc-b2c8-4493-920b-dc1c3e98cf28
p157
sVexec_time
p158
F62.349082946777344
sVstart_time
p159
F1609057603.5435741
sVsetup_time
p160
F8.0834498405456543
sVruntime_s3_bucket_used
p161
Vpywren-runtimes-public-us-west-2
p162
sVexception
p163
NsVhost_submit_time
p164
F1609057602.8030851
sVserver_info
p165
(dp166
Vuname
p167
V('Linux', '169.254.235.21', '4.14.203-112.332.amzn2.x86_64', '#1 SMP Wed Nov 4 20:46:34 UTC 2020', 'x86_64', 'x86_64')
p168
sV/proc/self/cgroup
p169
VMemTotal:        1717184 kB\u000aMemFree:         1122912 kB\u000aMemAvailable:    1485452 kB\u000aBuffers:           14332 kB\u000aCached:           462576 kB\u000aSwapCached:            0 kB\u000aActive:            92060 kB\u000aInactive:         446220 kB\u000aActive(anon):      61364 kB\u000aInactive(anon):      216 kB\u000aActive(file):      30696 kB\u000aInactive(file):   446004 kB\u000aUnevictable:           0 kB\u000aMlocked:               0 kB\u000aSwapTotal:             0 kB\u000aSwapFree:              0 kB\u000aDirty:               156 kB\u000aWriteback:             0 kB\u000aAnonPages:         61368 kB\u000aMapped:            34040 kB\u000aShmem:               220 kB\u000aSlab:              42856 kB\u000aSReclaimable:      32696 kB\u000aSUnreclaim:        10160 kB\u000aKernelStack:        1296 kB\u000aPageTables:         1328 kB\u000aNFS_Unstable:          0 kB\u000aBounce:                0 kB\u000aWritebackTmp:          0 kB\u000aCommitLimit:      858592 kB\u000aCommitted_AS:     253752 kB\u000aVmallocTotal:   34359738367 kB\u000aVmallocUsed:           0 kB\u000aVmallocChunk:          0 kB\u000aAnonHugePages:         0 kB\u000aShmemHugePages:        0 kB\u000aShmemPmdMapped:        0 kB\u000aHugePages_Total:       0\u000aHugePages_Free:        0\u000aHugePages_Rsvd:        0\u000aHugePages_Surp:        0\u000aHugepagesize:       2048 kB\u000aDirectMap4k:       19456 kB\u000aDirectMap2M:     1742848 kB\u000a
p170
sV/proc/cgroups
p171
V#subsys_name	hierarchy	num_cgroups	enabled\u000acpuset	9	1	1\u000acpu	8	5	1\u000acpuacct	8	5	1\u000ablkio	11	1	1\u000amemory	3	5	1\u000adevices	6	1	1\u000afreezer	2	2	1\u000anet_cls	5	1	1\u000aperf_event	7	1	1\u000anet_prio	5	1	1\u000ahugetlb	10	1	1\u000apids	4	1	1\u000a
p172
sV/proc/cpuinfo
p173
Vprocessor	: 0\u000avendor_id	: GenuineIntel\u000acpu family	: 6\u000amodel		: 63\u000amodel name	: Intel(R) Xeon(R) Processor @ 2.50GHz\u000astepping	: 2\u000amicrocode	: 0x1\u000acpu MHz		: 2500.010\u000acache size	: 36608 KB\u000aphysical id	: 0\u000asiblings	: 2\u000acore id		: 0\u000acpu cores	: 2\u000aapicid		: 0\u000ainitial apicid	: 0\u000afpu		: yes\u000afpu_exception	: yes\u000acpuid level	: 13\u000awp		: yes\u000aflags		: fpu vme de pse tsc msr pae mce cx8 apic sep mtrr pge mca cmov pat pse36 clflush mmx fxsr sse sse2 ht syscall nx rdtscp lm constant_tsc rep_good nopl xtopology nonstop_tsc cpuid tsc_known_freq pni pclmulqdq ssse3 fma cx16 pcid sse4_1 sse4_2 x2apic movbe popcnt tsc_deadline_timer aes xsave avx f16c rdrand hypervisor lahf_lm abm cpuid_fault invpcid_single ssbd ibrs ibpb stibp ibrs_enhanced fsgsbase tsc_adjust bmi1 avx2 smep bmi2 erms invpcid smap xsaveopt arat md_clear arch_capabilities\u000abugs		: spectre_v1 spectre_v2 spec_store_bypass swapgs\u000abogomips	: 5000.02\u000aclflush size	: 64\u000acache_alignment	: 64\u000aaddress sizes	: 46 bits physical, 48 bits virtual\u000apower management:\u000a\u000aprocessor	: 1\u000avendor_id	: GenuineIntel\u000acpu family	: 6\u000amodel		: 63\u000amodel name	: Intel(R) Xeon(R) Processor @ 2.50GHz\u000astepping	: 2\u000amicrocode	: 0x1\u000acpu MHz		: 2500.010\u000acache size	: 36608 KB\u000aphysical id	: 0\u000asiblings	: 2\u000acore id		: 1\u000acpu cores	: 2\u000aapicid		: 1\u000ainitial apicid	: 1\u000afpu		: yes\u000afpu_exception	: yes\u000acpuid level	: 13\u000awp		: yes\u000aflags		: fpu vme de pse tsc msr pae mce cx8 apic sep mtrr pge mca cmov pat pse36 clflush mmx fxsr sse sse2 ht syscall nx rdtscp lm constant_tsc rep_good nopl xtopology nonstop_tsc cpuid tsc_known_freq pni pclmulqdq ssse3 fma cx16 pcid sse4_1 sse4_2 x2apic movbe popcnt tsc_deadline_timer aes xsave avx f16c rdrand hypervisor lahf_lm abm cpuid_fault invpcid_single ssbd ibrs ibpb stibp ibrs_enhanced fsgsbase tsc_adjust bmi1 avx2 smep bmi2 erms invpcid smap xsaveopt arat md_clear arch_capabilities\u000abugs		: spectre_v1 spectre_v2 spec_store_bypass swapgs\u000abogomips	: 5000.02\u000aclflush size	: 64\u000acache_alignment	: 64\u000aaddress sizes	: 46 bits physical, 48 bits virtual\u000apower management:\u000a\u000a
p174
sV/proc/meminfo
p175
VMemTotal:        1717184 kB\u000aMemFree:         1122912 kB\u000aMemAvailable:    1485452 kB\u000aBuffers:           14332 kB\u000aCached:           462576 kB\u000aSwapCached:            0 kB\u000aActive:            92060 kB\u000aInactive:         446220 kB\u000aActive(anon):      61364 kB\u000aInactive(anon):      216 kB\u000aActive(file):      30696 kB\u000aInactive(file):   446004 kB\u000aUnevictable:           0 kB\u000aMlocked:               0 kB\u000aSwapTotal:             0 kB\u000aSwapFree:              0 kB\u000aDirty:               156 kB\u000aWriteback:             0 kB\u000aAnonPages:         61368 kB\u000aMapped:            34040 kB\u000aShmem:               220 kB\u000aSlab:              42856 kB\u000aSReclaimable:      32696 kB\u000aSUnreclaim:        10160 kB\u000aKernelStack:        1296 kB\u000aPageTables:         1328 kB\u000aNFS_Unstable:          0 kB\u000aBounce:                0 kB\u000aWritebackTmp:          0 kB\u000aCommitLimit:      858592 kB\u000aCommitted_AS:     253752 kB\u000aVmallocTotal:   34359738367 kB\u000aVmallocUsed:           0 kB\u000aVmallocChunk:          0 kB\u000aAnonHugePages:         0 kB\u000aShmemHugePages:        0 kB\u000aShmemPmdMapped:        0 kB\u000aHugePages_Total:       0\u000aHugePages_Free:        0\u000aHugePages_Rsvd:        0\u000aHugePages_Surp:        0\u000aHugepagesize:       2048 kB\u000aDirectMap4k:       19456 kB\u000aDirectMap2M:     1742848 kB\u000a
p176
ssVstatus_key
p177
Vpywren.jobs/452a8bf2-b190-4b88-9dc0-f09b5788b67d/00003/status.json
p178
sVend_time
p179
F1609057673.9761021
sVlog_group_name
p180
V/aws/lambda/pywren_redis_2
p181
sVdata_key
p182
Vpywren.jobs/452a8bf2-b190-4b88-9dc0-f09b5788b67d/aggdata.pickle
p183
sa(dp184
Vcallset_id
p185
V452a8bf2-b190-4b88-9dc0-f09b5788b67d
p186
sVlog_stream_name
p187
V2020/12/27/[$LATEST]0af66e7e3314426297c45bdd4ab50333
p188
sVstdout
p189
V
sVfunc_key
p190
Vpywren.jobs/452a8bf2-b190-4b88-9dc0-f09b5788b67d/func.pickle
p191
sVfree_disk_bytes
p192
I538333184
sVruntime_cached
p193
I00
sVretcode
p194
I0
sVcall_id
p195
V00004
p196
sVoutput_key
p197
Vpywren.jobs/452a8bf2-b190-4b88-9dc0-f09b5788b67d/00004/output.pickle
p198
sVruntime_s3_key_used
p199
V9f25cd-pywren.runtimes/default_2.7.tar.gz.0086
p200
sVaws_request_id
p201
V9ba4ae98-dd5f-4f3a-8cf4-1fa09e9bf652
p202
sVexec_time
p203
F62.407618045806885
sVstart_time
p204
F1609057603.542408
sVsetup_time
p205
F7.1166529655456543
sVruntime_s3_bucket_used
p206
Vpywren-runtimes-public-us-west-2
p207
sVexception
p208
NsVhost_submit_time
p209
F1609057602.8215761
sVserver_info
p210
(dp211
Vuname
p212
V('Linux', '169.254.49.13', '4.14.203-112.332.amzn2.x86_64', '#1 SMP Wed Nov 4 20:46:34 UTC 2020', 'x86_64', 'x86_64')
p213
sV/proc/self/cgroup
p214
VMemTotal:        1717184 kB\u000aMemFree:         1119608 kB\u000aMemAvailable:    1486076 kB\u000aBuffers:           17508 kB\u000aCached:           463236 kB\u000aSwapCached:            0 kB\u000aActive:            94648 kB\u000aInactive:         447116 kB\u000aActive(anon):      60968 kB\u000aInactive(anon):      216 kB\u000aActive(file):      33680 kB\u000aInactive(file):   446900 kB\u000aUnevictable:           0 kB\u000aMlocked:               0 kB\u000aSwapTotal:             0 kB\u000aSwapFree:              0 kB\u000aDirty:               332 kB\u000aWriteback:             0 kB\u000aAnonPages:         61012 kB\u000aMapped:            34952 kB\u000aShmem:               220 kB\u000aSlab:              42924 kB\u000aSReclaimable:      32792 kB\u000aSUnreclaim:        10132 kB\u000aKernelStack:        1168 kB\u000aPageTables:         1308 kB\u000aNFS_Unstable:          0 kB\u000aBounce:                0 kB\u000aWritebackTmp:          0 kB\u000aCommitLimit:      858592 kB\u000aCommitted_AS:     253576 kB\u000aVmallocTotal:   34359738367 kB\u000aVmallocUsed:           0 kB\u000aVmallocChunk:          0 kB\u000aAnonHugePages:         0 kB\u000aShmemHugePages:        0 kB\u000aShmemPmdMapped:        0 kB\u000aHugePages_Total:       0\u000aHugePages_Free:        0\u000aHugePages_Rsvd:        0\u000aHugePages_Surp:        0\u000aHugepagesize:       2048 kB\u000aDirectMap4k:       21504 kB\u000aDirectMap2M:     1740800 kB\u000a
p215
sV/proc/cgroups
p216
V#subsys_name	hierarchy	num_cgroups	enabled\u000acpuset	4	1	1\u000acpu	6	5	1\u000acpuacct	6	5	1\u000ablkio	11	1	1\u000amemory	8	5	1\u000adevices	5	1	1\u000afreezer	2	2	1\u000anet_cls	3	1	1\u000aperf_event	10	1	1\u000anet_prio	3	1	1\u000ahugetlb	7	1	1\u000apids	9	1	1\u000a
p217
sV/proc/cpuinfo
p218
Vprocessor	: 0\u000avendor_id	: GenuineIntel\u000acpu family	: 6\u000amodel		: 63\u000amodel name	: Intel(R) Xeon(R) Processor @ 2.50GHz\u000astepping	: 2\u000amicrocode	: 0x1\u000acpu MHz		: 2500.012\u000acache size	: 33792 KB\u000aphysical id	: 0\u000asiblings	: 2\u000acore id		: 0\u000acpu cores	: 2\u000aapicid		: 0\u000ainitial apicid	: 0\u000afpu		: yes\u000afpu_exception	: yes\u000acpuid level	: 13\u000awp		: yes\u000aflags		: fpu vme de pse tsc msr pae mce cx8 apic sep mtrr pge mca cmov pat pse36 clflush mmx fxsr sse sse2 ht syscall nx rdtscp lm constant_tsc rep_good nopl xtopology nonstop_tsc cpuid tsc_known_freq pni pclmulqdq ssse3 fma cx16 pcid sse4_1 sse4_2 x2apic movbe popcnt tsc_deadline_timer aes xsave avx f16c rdrand hypervisor lahf_lm abm cpuid_fault invpcid_single pti ssbd ibrs ibpb stibp fsgsbase tsc_adjust bmi1 avx2 smep bmi2 erms invpcid smap xsaveopt arat md_clear arch_capabilities\u000abugs		: cpu_meltdown spectre_v1 spectre_v2 spec_store_bypass l1tf mds swapgs\u000abogomips	: 5000.02\u000aclflush size	: 64\u000acache_alignment	: 64\u000aaddress sizes	: 46 bits physical, 48 bits virtual\u000apower management:\u000a\u000aprocessor	: 1\u000avendor_id	: GenuineIntel\u000acpu family	: 6\u000amodel		: 63\u000amodel name	: Intel(R) Xeon(R) Processor @ 2.50GHz\u000astepping	: 2\u000amicrocode	: 0x1\u000acpu MHz		: 2500.012\u000acache size	: 33792 KB\u000aphysical id	: 0\u000asiblings	: 2\u000acore id		: 1\u000acpu cores	: 2\u000aapicid		: 1\u000ainitial apicid	: 1\u000afpu		: yes\u000afpu_exception	: yes\u000acpuid level	: 13\u000awp		: yes\u000aflags		: fpu vme de pse tsc msr pae mce cx8 apic sep mtrr pge mca cmov pat pse36 clflush mmx fxsr sse sse2 ht syscall nx rdtscp lm constant_tsc rep_good nopl xtopology nonstop_tsc cpuid tsc_known_freq pni pclmulqdq ssse3 fma cx16 pcid sse4_1 sse4_2 x2apic movbe popcnt tsc_deadline_timer aes xsave avx f16c rdrand hypervisor lahf_lm abm cpuid_fault invpcid_single pti ssbd ibrs ibpb stibp fsgsbase tsc_adjust bmi1 avx2 smep bmi2 erms invpcid smap xsaveopt arat md_clear arch_capabilities\u000abugs		: cpu_meltdown spectre_v1 spectre_v2 spec_store_bypass l1tf mds swapgs\u000abogomips	: 5000.02\u000aclflush size	: 64\u000acache_alignment	: 64\u000aaddress sizes	: 46 bits physical, 48 bits virtual\u000apower management:\u000a\u000a
p219
sV/proc/meminfo
p220
VMemTotal:        1717184 kB\u000aMemFree:         1119608 kB\u000aMemAvailable:    1486076 kB\u000aBuffers:           17508 kB\u000aCached:           463236 kB\u000aSwapCached:            0 kB\u000aActive:            94648 kB\u000aInactive:         447116 kB\u000aActive(anon):      60968 kB\u000aInactive(anon):      216 kB\u000aActive(file):      33680 kB\u000aInactive(file):   446900 kB\u000aUnevictable:           0 kB\u000aMlocked:               0 kB\u000aSwapTotal:             0 kB\u000aSwapFree:              0 kB\u000aDirty:               332 kB\u000aWriteback:             0 kB\u000aAnonPages:         61012 kB\u000aMapped:            34952 kB\u000aShmem:               220 kB\u000aSlab:              42924 kB\u000aSReclaimable:      32792 kB\u000aSUnreclaim:        10132 kB\u000aKernelStack:        1168 kB\u000aPageTables:         1308 kB\u000aNFS_Unstable:          0 kB\u000aBounce:                0 kB\u000aWritebackTmp:          0 kB\u000aCommitLimit:      858592 kB\u000aCommitted_AS:     253576 kB\u000aVmallocTotal:   34359738367 kB\u000aVmallocUsed:           0 kB\u000aVmallocChunk:          0 kB\u000aAnonHugePages:         0 kB\u000aShmemHugePages:        0 kB\u000aShmemPmdMapped:        0 kB\u000aHugePages_Total:       0\u000aHugePages_Free:        0\u000aHugePages_Rsvd:        0\u000aHugePages_Surp:        0\u000aHugepagesize:       2048 kB\u000aDirectMap4k:       21504 kB\u000aDirectMap2M:     1740800 kB\u000a
p221
ssVstatus_key
p222
Vpywren.jobs/452a8bf2-b190-4b88-9dc0-f09b5788b67d/00004/status.json
p223
sVend_time
p224
F1609057673.066673
sVlog_group_name
p225
V/aws/lambda/pywren_redis_2
p226
sVdata_key
p227
Vpywren.jobs/452a8bf2-b190-4b88-9dc0-f09b5788b67d/aggdata.pickle
p228
sa(dp229
Vcallset_id
p230
V452a8bf2-b190-4b88-9dc0-f09b5788b67d
p231
sVlog_stream_name
p232
V2020/12/27/[$LATEST]0e2c649647ab4103b2b2b3b97daf59a1
p233
sVstdout
p234
V
sVfunc_key
p235
Vpywren.jobs/452a8bf2-b190-4b88-9dc0-f09b5788b67d/func.pickle
p236
sVfree_disk_bytes
p237
I538333184
sVruntime_cached
p238
I00
sVretcode
p239
I0
sVcall_id
p240
V00005
p241
sVoutput_key
p242
Vpywren.jobs/452a8bf2-b190-4b88-9dc0-f09b5788b67d/00005/output.pickle
p243
sVruntime_s3_key_used
p244
V27245f-pywren.runtimes/default_2.7.tar.gz.0062
p245
sVaws_request_id
p246
V0967b3b6-2d59-45b7-8222-13003a5216ba
p247
sVexec_time
p248
F61.359240055084229
sVstart_time
p249
F1609057603.5514591
sVsetup_time
p250
F7.167374849319458
sVruntime_s3_bucket_used
p251
Vpywren-runtimes-public-us-west-2
p252
sVexception
p253
NsVhost_submit_time
p254
F1609057602.83286
sVserver_info
p255
(dp256
Vuname
p257
V('Linux', '169.254.236.45', '4.14.203-112.332.amzn2.x86_64', '#1 SMP Wed Nov 4 20:46:34 UTC 2020', 'x86_64', 'x86_64')
p258
sV/proc/self/cgroup
p259
VMemTotal:        1717184 kB\u000aMemFree:         1118756 kB\u000aMemAvailable:    1485424 kB\u000aBuffers:           17860 kB\u000aCached:           463156 kB\u000aSwapCached:            0 kB\u000aActive:            95200 kB\u000aInactive:         447312 kB\u000aActive(anon):      61488 kB\u000aInactive(anon):      216 kB\u000aActive(file):      33712 kB\u000aInactive(file):   447096 kB\u000aUnevictable:           0 kB\u000aMlocked:               0 kB\u000aSwapTotal:             0 kB\u000aSwapFree:              0 kB\u000aDirty:               144 kB\u000aWriteback:             0 kB\u000aAnonPages:         61440 kB\u000aMapped:            34900 kB\u000aShmem:               220 kB\u000aSlab:              43084 kB\u000aSReclaimable:      32732 kB\u000aSUnreclaim:        10352 kB\u000aKernelStack:        1176 kB\u000aPageTables:         1416 kB\u000aNFS_Unstable:          0 kB\u000aBounce:                0 kB\u000aWritebackTmp:          0 kB\u000aCommitLimit:      858592 kB\u000aCommitted_AS:     251688 kB\u000aVmallocTotal:   34359738367 kB\u000aVmallocUsed:           0 kB\u000aVmallocChunk:          0 kB\u000aAnonHugePages:         0 kB\u000aShmemHugePages:        0 kB\u000aShmemPmdMapped:        0 kB\u000aHugePages_Total:       0\u000aHugePages_Free:        0\u000aHugePages_Rsvd:        0\u000aHugePages_Surp:        0\u000aHugepagesize:       2048 kB\u000aDirectMap4k:       23552 kB\u000aDirectMap2M:     1738752 kB\u000a
p260
sV/proc/cgroups
p261
V#subsys_name	hierarchy	num_cgroups	enabled\u000acpuset	6	1	1\u000acpu	11	5	1\u000acpuacct	11	5	1\u000ablkio	9	1	1\u000amemory	8	5	1\u000adevices	4	1	1\u000afreezer	7	2	1\u000anet_cls	5	1	1\u000aperf_event	10	1	1\u000anet_prio	5	1	1\u000ahugetlb	2	1	1\u000apids	3	1	1\u000a
p262
sV/proc/cpuinfo
p263
Vprocessor	: 0\u000avendor_id	: GenuineIntel\u000acpu family	: 6\u000amodel		: 63\u000amodel name	: Intel(R) Xeon(R) Processor @ 2.50GHz\u000astepping	: 2\u000amicrocode	: 0x1\u000acpu MHz		: 2500.010\u000acache size	: 33792 KB\u000aphysical id	: 0\u000asiblings	: 2\u000acore id		: 0\u000acpu cores	: 2\u000aapicid		: 0\u000ainitial apicid	: 0\u000afpu		: yes\u000afpu_exception	: yes\u000acpuid level	: 13\u000awp		: yes\u000aflags		: fpu vme de pse tsc msr pae mce cx8 apic sep mtrr pge mca cmov pat pse36 clflush mmx fxsr sse sse2 ht syscall nx rdtscp lm constant_tsc rep_good nopl xtopology nonstop_tsc cpuid tsc_known_freq pni pclmulqdq ssse3 fma cx16 pcid sse4_1 sse4_2 x2apic movbe popcnt tsc_deadline_timer aes xsave avx f16c rdrand hypervisor lahf_lm abm cpuid_fault invpcid_single pti ssbd ibrs ibpb stibp fsgsbase tsc_adjust bmi1 avx2 smep bmi2 erms invpcid smap xsaveopt arat md_clear arch_capabilities\u000abugs		: cpu_meltdown spectre_v1 spectre_v2 spec_store_bypass l1tf mds swapgs\u000abogomips	: 5000.02\u000aclflush size	: 64\u000acache_alignment	: 64\u000aaddress sizes	: 46 bits physical, 48 bits virtual\u000apower management:\u000a\u000aprocessor	: 1\u000avendor_id	: GenuineIntel\u000acpu family	: 6\u000amodel		: 63\u000amodel name	: Intel(R) Xeon(R) Processor @ 2.50GHz\u000astepping	: 2\u000amicrocode	: 0x1\u000acpu MHz		: 2500.010\u000acache size	: 33792 KB\u000aphysical id	: 0\u000asiblings	: 2\u000acore id		: 1\u000acpu cores	: 2\u000aapicid		: 1\u000ainitial apicid	: 1\u000afpu		: yes\u000afpu_exception	: yes\u000acpuid level	: 13\u000awp		: yes\u000aflags		: fpu vme de pse tsc msr pae mce cx8 apic sep mtrr pge mca cmov pat pse36 clflush mmx fxsr sse sse2 ht syscall nx rdtscp lm constant_tsc rep_good nopl xtopology nonstop_tsc cpuid tsc_known_freq pni pclmulqdq ssse3 fma cx16 pcid sse4_1 sse4_2 x2apic movbe popcnt tsc_deadline_timer aes xsave avx f16c rdrand hypervisor lahf_lm abm cpuid_fault invpcid_single pti ssbd ibrs ibpb stibp fsgsbase tsc_adjust bmi1 avx2 smep bmi2 erms invpcid smap xsaveopt arat md_clear arch_capabilities\u000abugs		: cpu_meltdown spectre_v1 spectre_v2 spec_store_bypass l1tf mds swapgs\u000abogomips	: 5000.02\u000aclflush size	: 64\u000acache_alignment	: 64\u000aaddress sizes	: 46 bits physical, 48 bits virtual\u000apower management:\u000a\u000a
p264
sV/proc/meminfo
p265
VMemTotal:        1717184 kB\u000aMemFree:         1118756 kB\u000aMemAvailable:    1485424 kB\u000aBuffers:           17860 kB\u000aCached:           463156 kB\u000aSwapCached:            0 kB\u000aActive:            95200 kB\u000aInactive:         447312 kB\u000aActive(anon):      61488 kB\u000aInactive(anon):      216 kB\u000aActive(file):      33712 kB\u000aInactive(file):   447096 kB\u000aUnevictable:           0 kB\u000aMlocked:               0 kB\u000aSwapTotal:             0 kB\u000aSwapFree:              0 kB\u000aDirty:               144 kB\u000aWriteback:             0 kB\u000aAnonPages:         61440 kB\u000aMapped:            34900 kB\u000aShmem:               220 kB\u000aSlab:              43084 kB\u000aSReclaimable:      32732 kB\u000aSUnreclaim:        10352 kB\u000aKernelStack:        1176 kB\u000aPageTables:         1416 kB\u000aNFS_Unstable:          0 kB\u000aBounce:                0 kB\u000aWritebackTmp:          0 kB\u000aCommitLimit:      858592 kB\u000aCommitted_AS:     251688 kB\u000aVmallocTotal:   34359738367 kB\u000aVmallocUsed:           0 kB\u000aVmallocChunk:          0 kB\u000aAnonHugePages:         0 kB\u000aShmemHugePages:        0 kB\u000aShmemPmdMapped:        0 kB\u000aHugePages_Total:       0\u000aHugePages_Free:        0\u000aHugePages_Rsvd:        0\u000aHugePages_Surp:        0\u000aHugepagesize:       2048 kB\u000aDirectMap4k:       23552 kB\u000aDirectMap2M:     1738752 kB\u000a
p266
ssVstatus_key
p267
Vpywren.jobs/452a8bf2-b190-4b88-9dc0-f09b5788b67d/00005/status.json
p268
sVend_time
p269
F1609057672.078068
sVlog_group_name
p270
V/aws/lambda/pywren_redis_2
p271
sVdata_key
p272
Vpywren.jobs/452a8bf2-b190-4b88-9dc0-f09b5788b67d/aggdata.pickle
p273
sa(dp274
Vcallset_id
p275
V452a8bf2-b190-4b88-9dc0-f09b5788b67d
p276
sVlog_stream_name
p277
V2020/12/27/[$LATEST]6326a3d914d14fb8a7b9b157f3898e91
p278
sVstdout
p279
V
sVfunc_key
p280
Vpywren.jobs/452a8bf2-b190-4b88-9dc0-f09b5788b67d/func.pickle
p281
sVfree_disk_bytes
p282
I538333184
sVruntime_cached
p283
I00
sVretcode
p284
I0
sVcall_id
p285
V00006
p286
sVoutput_key
p287
Vpywren.jobs/452a8bf2-b190-4b88-9dc0-f09b5788b67d/00006/output.pickle
p288
sVruntime_s3_key_used
p289
V334bcf-pywren.runtimes/default_2.7.tar.gz.0082
p290
sVaws_request_id
p291
V344862ae-357b-480e-8381-4c7079d641ec
p292
sVexec_time
p293
F62.424323081970215
sVstart_time
p294
F1609057603.5588429
sVsetup_time
p295
F7.2546579837799072
sVruntime_s3_bucket_used
p296
Vpywren-runtimes-public-us-west-2
p297
sVexception
p298
NsVhost_submit_time
p299
F1609057602.838896
sVserver_info
p300
(dp301
Vuname
p302
V('Linux', '169.254.250.37', '4.14.203-112.332.amzn2.x86_64', '#1 SMP Wed Nov 4 20:46:34 UTC 2020', 'x86_64', 'x86_64')
p303
sV/proc/self/cgroup
p304
VMemTotal:        1717184 kB\u000aMemFree:         1120452 kB\u000aMemAvailable:    1485716 kB\u000aBuffers:           16972 kB\u000aCached:           462544 kB\u000aSwapCached:            0 kB\u000aActive:            94592 kB\u000aInactive:         446448 kB\u000aActive(anon):      61516 kB\u000aInactive(anon):      216 kB\u000aActive(file):      33076 kB\u000aInactive(file):   446232 kB\u000aUnevictable:           0 kB\u000aMlocked:               0 kB\u000aSwapTotal:             0 kB\u000aSwapFree:              0 kB\u000aDirty:               372 kB\u000aWriteback:             0 kB\u000aAnonPages:         61512 kB\u000aMapped:            34888 kB\u000aShmem:               220 kB\u000aSlab:              42780 kB\u000aSReclaimable:      32924 kB\u000aSUnreclaim:         9856 kB\u000aKernelStack:        1152 kB\u000aPageTables:         1328 kB\u000aNFS_Unstable:          0 kB\u000aBounce:                0 kB\u000aWritebackTmp:          0 kB\u000aCommitLimit:      858592 kB\u000aCommitted_AS:     253540 kB\u000aVmallocTotal:   34359738367 kB\u000aVmallocUsed:           0 kB\u000aVmallocChunk:          0 kB\u000aAnonHugePages:         0 kB\u000aShmemHugePages:        0 kB\u000aShmemPmdMapped:        0 kB\u000aHugePages_Total:       0\u000aHugePages_Free:        0\u000aHugePages_Rsvd:        0\u000aHugePages_Surp:        0\u000aHugepagesize:       2048 kB\u000aDirectMap4k:       25600 kB\u000aDirectMap2M:     1736704 kB\u000a
p305
sV/proc/cgroups
p306
V#subsys_name	hierarchy	num_cgroups	enabled\u000acpuset	7	1	1\u000acpu	6	5	1\u000acpuacct	6	5	1\u000ablkio	4	1	1\u000amemory	3	5	1\u000adevices	9	1	1\u000afreezer	10	2	1\u000anet_cls	2	1	1\u000aperf_event	5	1	1\u000anet_prio	2	1	1\u000ahugetlb	11	1	1\u000apids	8	1	1\u000a
p307
sV/proc/cpuinfo
p308
Vprocessor	: 0\u000avendor_id	: GenuineIntel\u000acpu family	: 6\u000amodel		: 63\u000amodel name	: Intel(R) Xeon(R) Processor @ 2.50GHz\u000astepping	: 2\u000amicrocode	: 0x1\u000acpu MHz		: 2500.006\u000acache size	: 33792 KB\u000aphysical id	: 0\u000asiblings	: 2\u000acore id		: 0\u000acpu cores	: 2\u000aapicid		: 0\u000ainitial apicid	: 0\u000afpu		: yes\u000afpu_exception	: yes\u000acpuid level	: 13\u000awp		: yes\u000aflags		: fpu vme de pse tsc msr pae mce cx8 apic sep mtrr pge mca cmov pat pse36 clflush mmx fxsr sse sse2 ht syscall nx rdtscp lm constant_tsc rep_good nopl xtopology nonstop_tsc cpuid tsc_known_freq pni pclmulqdq ssse3 fma cx16 pcid sse4_1 sse4_2 x2apic movbe popcnt tsc_deadline_timer aes xsave avx f16c rdrand hypervisor lahf_lm abm cpuid_fault invpcid_single pti ssbd ibrs ibpb stibp fsgsbase tsc_adjust bmi1 avx2 smep bmi2 erms invpcid smap xsaveopt arat md_clear arch_capabilities\u000abugs		: cpu_meltdown spectre_v1 spectre_v2 spec_store_bypass l1tf mds swapgs\u000abogomips	: 5000.01\u000aclflush size	: 64\u000acache_alignment	: 64\u000aaddress sizes	: 46 bits physical, 48 bits virtual\u000apower management:\u000a\u000aprocessor	: 1\u000avendor_id	: GenuineIntel\u000acpu family	: 6\u000amodel		: 63\u000amodel name	: Intel(R) Xeon(R) Processor @ 2.50GHz\u000astepping	: 2\u000amicrocode	: 0x1\u000acpu MHz		: 2500.006\u000acache size	: 33792 KB\u000aphysical id	: 0\u000asiblings	: 2\u000acore id		: 1\u000acpu cores	: 2\u000aapicid		: 1\u000ainitial apicid	: 1\u000afpu		: yes\u000afpu_exception	: yes\u000acpuid level	: 13\u000awp		: yes\u000aflags		: fpu vme de pse tsc msr pae mce cx8 apic sep mtrr pge mca cmov pat pse36 clflush mmx fxsr sse sse2 ht syscall nx rdtscp lm constant_tsc rep_good nopl xtopology nonstop_tsc cpuid tsc_known_freq pni pclmulqdq ssse3 fma cx16 pcid sse4_1 sse4_2 x2apic movbe popcnt tsc_deadline_timer aes xsave avx f16c rdrand hypervisor lahf_lm abm cpuid_fault invpcid_single pti ssbd ibrs ibpb stibp fsgsbase tsc_adjust bmi1 avx2 smep bmi2 erms invpcid smap xsaveopt arat md_clear arch_capabilities\u000abugs		: cpu_meltdown spectre_v1 spectre_v2 spec_store_bypass l1tf mds swapgs\u000abogomips	: 5000.01\u000aclflush size	: 64\u000acache_alignment	: 64\u000aaddress sizes	: 46 bits physical, 48 bits virtual\u000apower management:\u000a\u000a
p309
sV/proc/meminfo
p310
VMemTotal:        1717184 kB\u000aMemFree:         1120452 kB\u000aMemAvailable:    1485716 kB\u000aBuffers:           16972 kB\u000aCached:           462544 kB\u000aSwapCached:            0 kB\u000aActive:            94592 kB\u000aInactive:         446448 kB\u000aActive(anon):      61516 kB\u000aInactive(anon):      216 kB\u000aActive(file):      33076 kB\u000aInactive(file):   446232 kB\u000aUnevictable:           0 kB\u000aMlocked:               0 kB\u000aSwapTotal:             0 kB\u000aSwapFree:              0 kB\u000aDirty:               372 kB\u000aWriteback:             0 kB\u000aAnonPages:         61512 kB\u000aMapped:            34888 kB\u000aShmem:               220 kB\u000aSlab:              42780 kB\u000aSReclaimable:      32924 kB\u000aSUnreclaim:         9856 kB\u000aKernelStack:        1152 kB\u000aPageTables:         1328 kB\u000aNFS_Unstable:          0 kB\u000aBounce:                0 kB\u000aWritebackTmp:          0 kB\u000aCommitLimit:      858592 kB\u000aCommitted_AS:     253540 kB\u000aVmallocTotal:   34359738367 kB\u000aVmallocUsed:           0 kB\u000aVmallocChunk:          0 kB\u000aAnonHugePages:         0 kB\u000aShmemHugePages:        0 kB\u000aShmemPmdMapped:        0 kB\u000aHugePages_Total:       0\u000aHugePages_Free:        0\u000aHugePages_Rsvd:        0\u000aHugePages_Surp:        0\u000aHugepagesize:       2048 kB\u000aDirectMap4k:       25600 kB\u000aDirectMap2M:     1736704 kB\u000a
p311
ssVstatus_key
p312
Vpywren.jobs/452a8bf2-b190-4b88-9dc0-f09b5788b67d/00006/status.json
p313
sVend_time
p314
F1609057673.237818
sVlog_group_name
p315
V/aws/lambda/pywren_redis_2
p316
sVdata_key
p317
Vpywren.jobs/452a8bf2-b190-4b88-9dc0-f09b5788b67d/aggdata.pickle
p318
sa(dp319
Vcallset_id
p320
V452a8bf2-b190-4b88-9dc0-f09b5788b67d
p321
sVlog_stream_name
p322
V2020/12/27/[$LATEST]0dc44188d0974b3a9d4319d9f2080cb1
p323
sVstdout
p324
V
sVfunc_key
p325
Vpywren.jobs/452a8bf2-b190-4b88-9dc0-f09b5788b67d/func.pickle
p326
sVfree_disk_bytes
p327
I538333184
sVruntime_cached
p328
I00
sVretcode
p329
I0
sVcall_id
p330
V00007
p331
sVoutput_key
p332
Vpywren.jobs/452a8bf2-b190-4b88-9dc0-f09b5788b67d/00007/output.pickle
p333
sVruntime_s3_key_used
p334
V5be494-pywren.runtimes/default_2.7.tar.gz.0029
p335
sVaws_request_id
p336
V44f04c73-84e5-499e-888e-9ff9b41b2720
p337
sVexec_time
p338
F62.339589834213257
sVstart_time
p339
F1609057603.5596099
sVsetup_time
p340
F6.977243185043335
sVruntime_s3_bucket_used
p341
Vpywren-runtimes-public-us-west-2
p342
sVexception
p343
NsVhost_submit_time
p344
F1609057602.8446879
sVserver_info
p345
(dp346
Vuname
p347
V('Linux', '169.254.95.213', '4.14.203-112.332.amzn2.x86_64', '#1 SMP Wed Nov 4 20:46:34 UTC 2020', 'x86_64', 'x86_64')
p348
sV/proc/self/cgroup
p349
VMemTotal:        1717184 kB\u000aMemFree:         1119408 kB\u000aMemAvailable:    1485600 kB\u000aBuffers:           17164 kB\u000aCached:           463276 kB\u000aSwapCached:            0 kB\u000aActive:            94844 kB\u000aInactive:         447180 kB\u000aActive(anon):      61580 kB\u000aInactive(anon):      216 kB\u000aActive(file):      33264 kB\u000aInactive(file):   446964 kB\u000aUnevictable:           0 kB\u000aMlocked:               0 kB\u000aSwapTotal:             0 kB\u000aSwapFree:              0 kB\u000aDirty:               368 kB\u000aWriteback:             0 kB\u000aAnonPages:         61584 kB\u000aMapped:            35144 kB\u000aShmem:               220 kB\u000aSlab:              42716 kB\u000aSReclaimable:      32940 kB\u000aSUnreclaim:         9776 kB\u000aKernelStack:        1184 kB\u000aPageTables:         1364 kB\u000aNFS_Unstable:          0 kB\u000aBounce:                0 kB\u000aWritebackTmp:          0 kB\u000aCommitLimit:      858592 kB\u000aCommitted_AS:     261748 kB\u000aVmallocTotal:   34359738367 kB\u000aVmallocUsed:           0 kB\u000aVmallocChunk:          0 kB\u000aAnonHugePages:         0 kB\u000aShmemHugePages:        0 kB\u000aShmemPmdMapped:        0 kB\u000aHugePages_Total:       0\u000aHugePages_Free:        0\u000aHugePages_Rsvd:        0\u000aHugePages_Surp:        0\u000aHugepagesize:       2048 kB\u000aDirectMap4k:       21504 kB\u000aDirectMap2M:     1740800 kB\u000a
p350
sV/proc/cgroups
p351
V#subsys_name	hierarchy	num_cgroups	enabled\u000acpuset	6	1	1\u000acpu	11	5	1\u000acpuacct	11	5	1\u000ablkio	5	1	1\u000amemory	10	5	1\u000adevices	2	1	1\u000afreezer	8	2	1\u000anet_cls	3	1	1\u000aperf_event	9	1	1\u000anet_prio	3	1	1\u000ahugetlb	4	1	1\u000apids	7	1	1\u000a
p352
sV/proc/cpuinfo
p353
Vprocessor	: 0\u000avendor_id	: GenuineIntel\u000acpu family	: 6\u000amodel		: 63\u000amodel name	: Intel(R) Xeon(R) Processor @ 2.50GHz\u000astepping	: 2\u000amicrocode	: 0x1\u000acpu MHz		: 2499.994\u000acache size	: 36608 KB\u000aphysical id	: 0\u000asiblings	: 2\u000acore id		: 0\u000acpu cores	: 2\u000aapicid		: 0\u000ainitial apicid	: 0\u000afpu		: yes\u000afpu_exception	: yes\u000acpuid level	: 13\u000awp		: yes\u000aflags		: fpu vme de pse tsc msr pae mce cx8 apic sep mtrr pge mca cmov pat pse36 clflush mmx fxsr sse sse2 ht syscall nx rdtscp lm constant_tsc rep_good nopl xtopology nonstop_tsc cpuid tsc_known_freq pni pclmulqdq ssse3 fma cx16 pcid sse4_1 sse4_2 x2apic movbe popcnt tsc_deadline_timer aes xsave avx f16c rdrand hypervisor lahf_lm abm cpuid_fault invpcid_single ssbd ibrs ibpb stibp ibrs_enhanced fsgsbase tsc_adjust bmi1 avx2 smep bmi2 erms invpcid smap xsaveopt arat md_clear arch_capabilities\u000abugs		: spectre_v1 spectre_v2 spec_store_bypass swapgs\u000abogomips	: 4999.98\u000aclflush size	: 64\u000acache_alignment	: 64\u000aaddress sizes	: 46 bits physical, 48 bits virtual\u000apower management:\u000a\u000aprocessor	: 1\u000avendor_id	: GenuineIntel\u000acpu family	: 6\u000amodel		: 63\u000amodel name	: Intel(R) Xeon(R) Processor @ 2.50GHz\u000astepping	: 2\u000amicrocode	: 0x1\u000acpu MHz		: 2499.994\u000acache size	: 36608 KB\u000aphysical id	: 0\u000asiblings	: 2\u000acore id		: 1\u000acpu cores	: 2\u000aapicid		: 1\u000ainitial apicid	: 1\u000afpu		: yes\u000afpu_exception	: yes\u000acpuid level	: 13\u000awp		: yes\u000aflags		: fpu vme de pse tsc msr pae mce cx8 apic sep mtrr pge mca cmov pat pse36 clflush mmx fxsr sse sse2 ht syscall nx rdtscp lm constant_tsc rep_good nopl xtopology nonstop_tsc cpuid tsc_known_freq pni pclmulqdq ssse3 fma cx16 pcid sse4_1 sse4_2 x2apic movbe popcnt tsc_deadline_timer aes xsave avx f16c rdrand hypervisor lahf_lm abm cpuid_fault invpcid_single ssbd ibrs ibpb stibp ibrs_enhanced fsgsbase tsc_adjust bmi1 avx2 smep bmi2 erms invpcid smap xsaveopt arat md_clear arch_capabilities\u000abugs		: spectre_v1 spectre_v2 spec_store_bypass swapgs\u000abogomips	: 4999.98\u000aclflush size	: 64\u000acache_alignment	: 64\u000aaddress sizes	: 46 bits physical, 48 bits virtual\u000apower management:\u000a\u000a
p354
sV/proc/meminfo
p355
VMemTotal:        1717184 kB\u000aMemFree:         1119408 kB\u000aMemAvailable:    1485600 kB\u000aBuffers:           17164 kB\u000aCached:           463276 kB\u000aSwapCached:            0 kB\u000aActive:            94844 kB\u000aInactive:         447180 kB\u000aActive(anon):      61580 kB\u000aInactive(anon):      216 kB\u000aActive(file):      33264 kB\u000aInactive(file):   446964 kB\u000aUnevictable:           0 kB\u000aMlocked:               0 kB\u000aSwapTotal:             0 kB\u000aSwapFree:              0 kB\u000aDirty:               368 kB\u000aWriteback:             0 kB\u000aAnonPages:         61584 kB\u000aMapped:            35144 kB\u000aShmem:               220 kB\u000aSlab:              42716 kB\u000aSReclaimable:      32940 kB\u000aSUnreclaim:         9776 kB\u000aKernelStack:        1184 kB\u000aPageTables:         1364 kB\u000aNFS_Unstable:          0 kB\u000aBounce:                0 kB\u000aWritebackTmp:          0 kB\u000aCommitLimit:      858592 kB\u000aCommitted_AS:     261748 kB\u000aVmallocTotal:   34359738367 kB\u000aVmallocUsed:           0 kB\u000aVmallocChunk:          0 kB\u000aAnonHugePages:         0 kB\u000aShmemHugePages:        0 kB\u000aShmemPmdMapped:        0 kB\u000aHugePages_Total:       0\u000aHugePages_Free:        0\u000aHugePages_Rsvd:        0\u000aHugePages_Surp:        0\u000aHugepagesize:       2048 kB\u000aDirectMap4k:       21504 kB\u000aDirectMap2M:     1740800 kB\u000a
p356
ssVstatus_key
p357
Vpywren.jobs/452a8bf2-b190-4b88-9dc0-f09b5788b67d/00007/status.json
p358
sVend_time
p359
F1609057672.8764379
sVlog_group_name
p360
V/aws/lambda/pywren_redis_2
p361
sVdata_key
p362
Vpywren.jobs/452a8bf2-b190-4b88-9dc0-f09b5788b67d/aggdata.pickle
p363
sa(dp364
Vcallset_id
p365
V452a8bf2-b190-4b88-9dc0-f09b5788b67d
p366
sVlog_stream_name
p367
V2020/12/27/[$LATEST]cdec8fcde5394a15b53b67506ece24ec
p368
sVstdout
p369
V
sVfunc_key
p370
Vpywren.jobs/452a8bf2-b190-4b88-9dc0-f09b5788b67d/func.pickle
p371
sVfree_disk_bytes
p372
I538333184
sVruntime_cached
p373
I00
sVretcode
p374
I0
sVcall_id
p375
V00008
p376
sVoutput_key
p377
Vpywren.jobs/452a8bf2-b190-4b88-9dc0-f09b5788b67d/00008/output.pickle
p378
sVruntime_s3_key_used
p379
V6042b0-pywren.runtimes/default_2.7.tar.gz.0025
p380
sVaws_request_id
p381
V813757d2-a36a-48c5-9e38-e93204e75886
p382
sVexec_time
p383
F62.281519174575806
sVstart_time
p384
F1609057603.522706
sVsetup_time
p385
F6.8998708724975586
sVruntime_s3_bucket_used
p386
Vpywren-runtimes-public-us-west-2
p387
sVexception
p388
NsVhost_submit_time
p389
F1609057602.8462119
sVserver_info
p390
(dp391
Vuname
p392
V('Linux', '169.254.0.245', '4.14.203-112.332.amzn2.x86_64', '#1 SMP Wed Nov 4 20:46:34 UTC 2020', 'x86_64', 'x86_64')
p393
sV/proc/self/cgroup
p394
VMemTotal:        1717184 kB\u000aMemFree:         1126952 kB\u000aMemAvailable:    1486152 kB\u000aBuffers:           13808 kB\u000aCached:           459688 kB\u000aSwapCached:            0 kB\u000aActive:            90616 kB\u000aInactive:         443840 kB\u000aActive(anon):      60952 kB\u000aInactive(anon):      216 kB\u000aActive(file):      29664 kB\u000aInactive(file):   443624 kB\u000aUnevictable:           0 kB\u000aMlocked:               0 kB\u000aSwapTotal:             0 kB\u000aSwapFree:              0 kB\u000aDirty:               288 kB\u000aWriteback:             0 kB\u000aAnonPages:         60948 kB\u000aMapped:            34412 kB\u000aShmem:               220 kB\u000aSlab:              42828 kB\u000aSReclaimable:      32840 kB\u000aSUnreclaim:         9988 kB\u000aKernelStack:        1232 kB\u000aPageTables:         1324 kB\u000aNFS_Unstable:          0 kB\u000aBounce:                0 kB\u000aWritebackTmp:          0 kB\u000aCommitLimit:      858592 kB\u000aCommitted_AS:     252808 kB\u000aVmallocTotal:   34359738367 kB\u000aVmallocUsed:           0 kB\u000aVmallocChunk:          0 kB\u000aAnonHugePages:         0 kB\u000aShmemHugePages:        0 kB\u000aShmemPmdMapped:        0 kB\u000aHugePages_Total:       0\u000aHugePages_Free:        0\u000aHugePages_Rsvd:        0\u000aHugePages_Surp:        0\u000aHugepagesize:       2048 kB\u000aDirectMap4k:       23552 kB\u000aDirectMap2M:     1738752 kB\u000a
p395
sV/proc/cgroups
p396
V#subsys_name	hierarchy	num_cgroups	enabled\u000acpuset	10	1	1\u000acpu	5	5	1\u000acpuacct	5	5	1\u000ablkio	3	1	1\u000amemory	6	5	1\u000adevices	7	1	1\u000afreezer	8	2	1\u000anet_cls	9	1	1\u000aperf_event	2	1	1\u000anet_prio	9	1	1\u000ahugetlb	4	1	1\u000apids	11	1	1\u000a
p397
sV/proc/cpuinfo
p398
Vprocessor	: 0\u000avendor_id	: GenuineIntel\u000acpu family	: 6\u000amodel		: 63\u000amodel name	: Intel(R) Xeon(R) Processor @ 2.50GHz\u000astepping	: 2\u000amicrocode	: 0x1\u000acpu MHz		: 2500.014\u000acache size	: 36608 KB\u000aphysical id	: 0\u000asiblings	: 2\u000acore id		: 0\u000acpu cores	: 2\u000aapicid		: 0\u000ainitial apicid	: 0\u000afpu		: yes\u000afpu_exception	: yes\u000acpuid level	: 13\u000awp		: yes\u000aflags		: fpu vme de pse tsc msr pae mce cx8 apic sep mtrr pge mca cmov pat pse36 clflush mmx fxsr sse sse2 ht syscall nx rdtscp lm constant_tsc rep_good nopl xtopology nonstop_tsc cpuid tsc_known_freq pni pclmulqdq ssse3 fma cx16 pcid sse4_1 sse4_2 x2apic movbe popcnt tsc_deadline_timer aes xsave avx f16c rdrand hypervisor lahf_lm abm cpuid_fault invpcid_single ssbd ibrs ibpb stibp ibrs_enhanced fsgsbase tsc_adjust bmi1 avx2 smep bmi2 erms invpcid smap xsaveopt arat md_clear arch_capabilities\u000abugs		: spectre_v1 spectre_v2 spec_store_bypass swapgs\u000abogomips	: 5000.02\u000aclflush size	: 64\u000acache_alignment	: 64\u000aaddress sizes	: 46 bits physical, 48 bits virtual\u000apower management:\u000a\u000aprocessor	: 1\u000avendor_id	: GenuineIntel\u000acpu family	: 6\u000amodel		: 63\u000amodel name	: Intel(R) Xeon(R) Processor @ 2.50GHz\u000astepping	: 2\u000amicrocode	: 0x1\u000acpu MHz		: 2500.014\u000acache size	: 36608 KB\u000aphysical id	: 0\u000asiblings	: 2\u000acore id		: 1\u000acpu cores	: 2\u000aapicid		: 1\u000ainitial apicid	: 1\u000afpu		: yes\u000afpu_exception	: yes\u000acpuid level	: 13\u000awp		: yes\u000aflags		: fpu vme de pse tsc msr pae mce cx8 apic sep mtrr pge mca cmov pat pse36 clflush mmx fxsr sse sse2 ht syscall nx rdtscp lm constant_tsc rep_good nopl xtopology nonstop_tsc cpuid tsc_known_freq pni pclmulqdq ssse3 fma cx16 pcid sse4_1 sse4_2 x2apic movbe popcnt tsc_deadline_timer aes xsave avx f16c rdrand hypervisor lahf_lm abm cpuid_fault invpcid_single ssbd ibrs ibpb stibp ibrs_enhanced fsgsbase tsc_adjust bmi1 avx2 smep bmi2 erms invpcid smap xsaveopt arat md_clear arch_capabilities\u000abugs		: spectre_v1 spectre_v2 spec_store_bypass swapgs\u000abogomips	: 5000.02\u000aclflush size	: 64\u000acache_alignment	: 64\u000aaddress sizes	: 46 bits physical, 48 bits virtual\u000apower management:\u000a\u000a
p399
sV/proc/meminfo
p400
VMemTotal:        1717184 kB\u000aMemFree:         1126952 kB\u000aMemAvailable:    1486152 kB\u000aBuffers:           13808 kB\u000aCached:           459688 kB\u000aSwapCached:            0 kB\u000aActive:            90616 kB\u000aInactive:         443840 kB\u000aActive(anon):      60952 kB\u000aInactive(anon):      216 kB\u000aActive(file):      29664 kB\u000aInactive(file):   443624 kB\u000aUnevictable:           0 kB\u000aMlocked:               0 kB\u000aSwapTotal:             0 kB\u000aSwapFree:              0 kB\u000aDirty:               288 kB\u000aWriteback:             0 kB\u000aAnonPages:         60948 kB\u000aMapped:            34412 kB\u000aShmem:               220 kB\u000aSlab:              42828 kB\u000aSReclaimable:      32840 kB\u000aSUnreclaim:         9988 kB\u000aKernelStack:        1232 kB\u000aPageTables:         1324 kB\u000aNFS_Unstable:          0 kB\u000aBounce:                0 kB\u000aWritebackTmp:          0 kB\u000aCommitLimit:      858592 kB\u000aCommitted_AS:     252808 kB\u000aVmallocTotal:   34359738367 kB\u000aVmallocUsed:           0 kB\u000aVmallocChunk:          0 kB\u000aAnonHugePages:         0 kB\u000aShmemHugePages:        0 kB\u000aShmemPmdMapped:        0 kB\u000aHugePages_Total:       0\u000aHugePages_Free:        0\u000aHugePages_Rsvd:        0\u000aHugePages_Surp:        0\u000aHugepagesize:       2048 kB\u000aDirectMap4k:       23552 kB\u000aDirectMap2M:     1738752 kB\u000a
p401
ssVstatus_key
p402
Vpywren.jobs/452a8bf2-b190-4b88-9dc0-f09b5788b67d/00008/status.json
p403
sVend_time
p404
F1609057672.704092
sVlog_group_name
p405
V/aws/lambda/pywren_redis_2
p406
sVdata_key
p407
Vpywren.jobs/452a8bf2-b190-4b88-9dc0-f09b5788b67d/aggdata.pickle
p408
sa(dp409
Vcallset_id
p410
V452a8bf2-b190-4b88-9dc0-f09b5788b67d
p411
sVlog_stream_name
p412
V2020/12/27/[$LATEST]64c8206ed50f43f9a8137fb81cdd2dab
p413
sVstdout
p414
V
sVfunc_key
p415
Vpywren.jobs/452a8bf2-b190-4b88-9dc0-f09b5788b67d/func.pickle
p416
sVfree_disk_bytes
p417
I538333184
sVruntime_cached
p418
I00
sVretcode
p419
I0
sVcall_id
p420
V00009
p421
sVoutput_key
p422
Vpywren.jobs/452a8bf2-b190-4b88-9dc0-f09b5788b67d/00009/output.pickle
p423
sVruntime_s3_key_used
p424
Vf92bca-pywren.runtimes/default_2.7.tar.gz.0036
p425
sVaws_request_id
p426
V0e4acbd3-e7a2-4f79-be7f-03e9de94349c
p427
sVexec_time
p428
F62.307065010070801
sVstart_time
p429
F1609057603.626163
sVsetup_time
p430
F6.9486310482025146
sVruntime_s3_bucket_used
p431
Vpywren-runtimes-public-us-west-2
p432
sVexception
p433
NsVhost_submit_time
p434
F1609057602.85215
sVserver_info
p435
(dp436
Vuname
p437
V('Linux', '169.254.96.221', '4.14.203-112.332.amzn2.x86_64', '#1 SMP Wed Nov 4 20:46:34 UTC 2020', 'x86_64', 'x86_64')
p438
sV/proc/self/cgroup
p439
VMemTotal:        1717184 kB\u000aMemFree:         1123692 kB\u000aMemAvailable:    1486136 kB\u000aBuffers:           16604 kB\u000aCached:           460200 kB\u000aSwapCached:            0 kB\u000aActive:            93288 kB\u000aInactive:         444436 kB\u000aActive(anon):      60912 kB\u000aInactive(anon):      216 kB\u000aActive(file):      32376 kB\u000aInactive(file):   444220 kB\u000aUnevictable:           0 kB\u000aMlocked:               0 kB\u000aSwapTotal:             0 kB\u000aSwapFree:              0 kB\u000aDirty:               352 kB\u000aWriteback:             0 kB\u000aAnonPages:         60908 kB\u000aMapped:            34896 kB\u000aShmem:               220 kB\u000aSlab:              43132 kB\u000aSReclaimable:      32708 kB\u000aSUnreclaim:        10424 kB\u000aKernelStack:        1152 kB\u000aPageTables:         1344 kB\u000aNFS_Unstable:          0 kB\u000aBounce:                0 kB\u000aWritebackTmp:          0 kB\u000aCommitLimit:      858592 kB\u000aCommitted_AS:     252132 kB\u000aVmallocTotal:   34359738367 kB\u000aVmallocUsed:           0 kB\u000aVmallocChunk:          0 kB\u000aAnonHugePages:         0 kB\u000aShmemHugePages:        0 kB\u000aShmemPmdMapped:        0 kB\u000aHugePages_Total:       0\u000aHugePages_Free:        0\u000aHugePages_Rsvd:        0\u000aHugePages_Surp:        0\u000aHugepagesize:       2048 kB\u000aDirectMap4k:       23552 kB\u000aDirectMap2M:     1738752 kB\u000a
p440
sV/proc/cgroups
p441
V#subsys_name	hierarchy	num_cgroups	enabled\u000acpuset	6	1	1\u000acpu	4	5	1\u000acpuacct	4	5	1\u000ablkio	11	1	1\u000amemory	9	5	1\u000adevices	10	1	1\u000afreezer	5	2	1\u000anet_cls	8	1	1\u000aperf_event	7	1	1\u000anet_prio	8	1	1\u000ahugetlb	2	1	1\u000apids	3	1	1\u000a
p442
sV/proc/cpuinfo
p443
Vprocessor	: 0\u000avendor_id	: GenuineIntel\u000acpu family	: 6\u000amodel		: 63\u000amodel name	: Intel(R) Xeon(R) Processor @ 2.50GHz\u000astepping	: 2\u000amicrocode	: 0x1\u000acpu MHz		: 2499.994\u000acache size	: 36608 KB\u000aphysical id	: 0\u000asiblings	: 2\u000acore id		: 0\u000acpu cores	: 2\u000aapicid		: 0\u000ainitial apicid	: 0\u000afpu		: yes\u000afpu_exception	: yes\u000acpuid level	: 13\u000awp		: yes\u000aflags		: fpu vme de pse tsc msr pae mce cx8 apic sep mtrr pge mca cmov pat pse36 clflush mmx fxsr sse sse2 ht syscall nx rdtscp lm constant_tsc rep_good nopl xtopology nonstop_tsc cpuid tsc_known_freq pni pclmulqdq ssse3 fma cx16 pcid sse4_1 sse4_2 x2apic movbe popcnt tsc_deadline_timer aes xsave avx f16c rdrand hypervisor lahf_lm abm cpuid_fault invpcid_single ssbd ibrs ibpb stibp ibrs_enhanced fsgsbase tsc_adjust bmi1 avx2 smep bmi2 erms invpcid smap xsaveopt arat md_clear arch_capabilities\u000abugs		: spectre_v1 spectre_v2 spec_store_bypass swapgs\u000abogomips	: 4999.98\u000aclflush size	: 64\u000acache_alignment	: 64\u000aaddress sizes	: 46 bits physical, 48 bits virtual\u000apower management:\u000a\u000aprocessor	: 1\u000avendor_id	: GenuineIntel\u000acpu family	: 6\u000amodel		: 63\u000amodel name	: Intel(R) Xeon(R) Processor @ 2.50GHz\u000astepping	: 2\u000amicrocode	: 0x1\u000acpu MHz		: 2499.994\u000acache size	: 36608 KB\u000aphysical id	: 0\u000asiblings	: 2\u000acore id		: 1\u000acpu cores	: 2\u000aapicid		: 1\u000ainitial apicid	: 1\u000afpu		: yes\u000afpu_exception	: yes\u000acpuid level	: 13\u000awp		: yes\u000aflags		: fpu vme de pse tsc msr pae mce cx8 apic sep mtrr pge mca cmov pat pse36 clflush mmx fxsr sse sse2 ht syscall nx rdtscp lm constant_tsc rep_good nopl xtopology nonstop_tsc cpuid tsc_known_freq pni pclmulqdq ssse3 fma cx16 pcid sse4_1 sse4_2 x2apic movbe popcnt tsc_deadline_timer aes xsave avx f16c rdrand hypervisor lahf_lm abm cpuid_fault invpcid_single ssbd ibrs ibpb stibp ibrs_enhanced fsgsbase tsc_adjust bmi1 avx2 smep bmi2 erms invpcid smap xsaveopt arat md_clear arch_capabilities\u000abugs		: spectre_v1 spectre_v2 spec_store_bypass swapgs\u000abogomips	: 4999.98\u000aclflush size	: 64\u000acache_alignment	: 64\u000aaddress sizes	: 46 bits physical, 48 bits virtual\u000apower management:\u000a\u000a
p444
sV/proc/meminfo
p445
VMemTotal:        1717184 kB\u000aMemFree:         1123692 kB\u000aMemAvailable:    1486136 kB\u000aBuffers:           16604 kB\u000aCached:           460200 kB\u000aSwapCached:            0 kB\u000aActive:            93288 kB\u000aInactive:         444436 kB\u000aActive(anon):      60912 kB\u000aInactive(anon):      216 kB\u000aActive(file):      32376 kB\u000aInactive(file):   444220 kB\u000aUnevictable:           0 kB\u000aMlocked:               0 kB\u000aSwapTotal:             0 kB\u000aSwapFree:              0 kB\u000aDirty:               352 kB\u000aWriteback:             0 kB\u000aAnonPages:         60908 kB\u000aMapped:            34896 kB\u000aShmem:               220 kB\u000aSlab:              43132 kB\u000aSReclaimable:      32708 kB\u000aSUnreclaim:        10424 kB\u000aKernelStack:        1152 kB\u000aPageTables:         1344 kB\u000aNFS_Unstable:          0 kB\u000aBounce:                0 kB\u000aWritebackTmp:          0 kB\u000aCommitLimit:      858592 kB\u000aCommitted_AS:     252132 kB\u000aVmallocTotal:   34359738367 kB\u000aVmallocUsed:           0 kB\u000aVmallocChunk:          0 kB\u000aAnonHugePages:         0 kB\u000aShmemHugePages:        0 kB\u000aShmemPmdMapped:        0 kB\u000aHugePages_Total:       0\u000aHugePages_Free:        0\u000aHugePages_Rsvd:        0\u000aHugePages_Surp:        0\u000aHugepagesize:       2048 kB\u000aDirectMap4k:       23552 kB\u000aDirectMap2M:     1738752 kB\u000a
p446
ssVstatus_key
p447
Vpywren.jobs/452a8bf2-b190-4b88-9dc0-f09b5788b67d/00009/status.json
p448
sVend_time
p449
F1609057672.8818531
sVlog_group_name
p450
V/aws/lambda/pywren_redis_2
p451
sVdata_key
p452
Vpywren.jobs/452a8bf2-b190-4b88-9dc0-f09b5788b67d/aggdata.pickle
p453
sa(dp454
Vcallset_id
p455
V452a8bf2-b190-4b88-9dc0-f09b5788b67d
p456
sVlog_stream_name
p457
V2020/12/27/[$LATEST]b9080e8d42d744f482fb88d09303b284
p458
sVstdout
p459
V
sVfunc_key
p460
Vpywren.jobs/452a8bf2-b190-4b88-9dc0-f09b5788b67d/func.pickle
p461
sVfree_disk_bytes
p462
I538333184
sVruntime_cached
p463
I00
sVretcode
p464
I0
sVcall_id
p465
V00010
p466
sVoutput_key
p467
Vpywren.jobs/452a8bf2-b190-4b88-9dc0-f09b5788b67d/00010/output.pickle
p468
sVruntime_s3_key_used
p469
V05f4ec-pywren.runtimes/default_2.7.tar.gz.0098
p470
sVaws_request_id
p471
Vcb06658a-6b8a-4ae2-a1a5-6cf660c0d60e
p472
sVexec_time
p473
F62.839144945144653
sVstart_time
p474
F1609057603.5502191
sVsetup_time
p475
F7.0068669319152832
sVruntime_s3_bucket_used
p476
Vpywren-runtimes-public-us-west-2
p477
sVexception
p478
NsVhost_submit_time
p479
F1609057602.8598349
sVserver_info
p480
(dp481
Vuname
p482
V('Linux', '169.254.5.109', '4.14.203-112.332.amzn2.x86_64', '#1 SMP Wed Nov 4 20:46:34 UTC 2020', 'x86_64', 'x86_64')
p483
sV/proc/self/cgroup
p484
VMemTotal:        1717184 kB\u000aMemFree:         1122164 kB\u000aMemAvailable:    1485684 kB\u000aBuffers:           15036 kB\u000aCached:           462812 kB\u000aSwapCached:            0 kB\u000aActive:            92456 kB\u000aInactive:         446844 kB\u000aActive(anon):      61412 kB\u000aInactive(anon):      216 kB\u000aActive(file):      31044 kB\u000aInactive(file):   446628 kB\u000aUnevictable:           0 kB\u000aMlocked:               0 kB\u000aSwapTotal:             0 kB\u000aSwapFree:              0 kB\u000aDirty:               336 kB\u000aWriteback:             0 kB\u000aAnonPages:         61440 kB\u000aMapped:            34672 kB\u000aShmem:               220 kB\u000aSlab:              42784 kB\u000aSReclaimable:      32708 kB\u000aSUnreclaim:        10076 kB\u000aKernelStack:        1152 kB\u000aPageTables:         1328 kB\u000aNFS_Unstable:          0 kB\u000aBounce:                0 kB\u000aWritebackTmp:          0 kB\u000aCommitLimit:      858592 kB\u000aCommitted_AS:     253552 kB\u000aVmallocTotal:   34359738367 kB\u000aVmallocUsed:           0 kB\u000aVmallocChunk:          0 kB\u000aAnonHugePages:         0 kB\u000aShmemHugePages:        0 kB\u000aShmemPmdMapped:        0 kB\u000aHugePages_Total:       0\u000aHugePages_Free:        0\u000aHugePages_Rsvd:        0\u000aHugePages_Surp:        0\u000aHugepagesize:       2048 kB\u000aDirectMap4k:       23552 kB\u000aDirectMap2M:     1738752 kB\u000a
p485
sV/proc/cgroups
p486
V#subsys_name	hierarchy	num_cgroups	enabled\u000acpuset	5	1	1\u000acpu	3	5	1\u000acpuacct	3	5	1\u000ablkio	9	1	1\u000amemory	10	5	1\u000adevices	7	1	1\u000afreezer	4	2	1\u000anet_cls	6	1	1\u000aperf_event	11	1	1\u000anet_prio	6	1	1\u000ahugetlb	2	1	1\u000apids	8	1	1\u000a
p487
sV/proc/cpuinfo
p488
Vprocessor	: 0\u000avendor_id	: GenuineIntel\u000acpu family	: 6\u000amodel		: 63\u000amodel name	: Intel(R) Xeon(R) Processor @ 2.50GHz\u000astepping	: 2\u000amicrocode	: 0x1\u000acpu MHz		: 2500.010\u000acache size	: 33792 KB\u000aphysical id	: 0\u000asiblings	: 2\u000acore id		: 0\u000acpu cores	: 2\u000aapicid		: 0\u000ainitial apicid	: 0\u000afpu		: yes\u000afpu_exception	: yes\u000acpuid level	: 13\u000awp		: yes\u000aflags		: fpu vme de pse tsc msr pae mce cx8 apic sep mtrr pge mca cmov pat pse36 clflush mmx fxsr sse sse2 ht syscall nx rdtscp lm constant_tsc rep_good nopl xtopology nonstop_tsc cpuid tsc_known_freq pni pclmulqdq ssse3 fma cx16 pcid sse4_1 sse4_2 x2apic movbe popcnt tsc_deadline_timer aes xsave avx f16c rdrand hypervisor lahf_lm abm cpuid_fault invpcid_single pti ssbd ibrs ibpb stibp fsgsbase tsc_adjust bmi1 avx2 smep bmi2 erms invpcid smap xsaveopt arat md_clear arch_capabilities\u000abugs		: cpu_meltdown spectre_v1 spectre_v2 spec_store_bypass l1tf mds swapgs\u000abogomips	: 5000.02\u000aclflush size	: 64\u000acache_alignment	: 64\u000aaddress sizes	: 46 bits physical, 48 bits virtual\u000apower management:\u000a\u000aprocessor	: 1\u000avendor_id	: GenuineIntel\u000acpu family	: 6\u000amodel		: 63\u000amodel name	: Intel(R) Xeon(R) Processor @ 2.50GHz\u000astepping	: 2\u000amicrocode	: 0x1\u000acpu MHz		: 2500.010\u000acache size	: 33792 KB\u000aphysical id	: 0\u000asiblings	: 2\u000acore id		: 1\u000acpu cores	: 2\u000aapicid		: 1\u000ainitial apicid	: 1\u000afpu		: yes\u000afpu_exception	: yes\u000acpuid level	: 13\u000awp		: yes\u000aflags		: fpu vme de pse tsc msr pae mce cx8 apic sep mtrr pge mca cmov pat pse36 clflush mmx fxsr sse sse2 ht syscall nx rdtscp lm constant_tsc rep_good nopl xtopology nonstop_tsc cpuid tsc_known_freq pni pclmulqdq ssse3 fma cx16 pcid sse4_1 sse4_2 x2apic movbe popcnt tsc_deadline_timer aes xsave avx f16c rdrand hypervisor lahf_lm abm cpuid_fault invpcid_single pti ssbd ibrs ibpb stibp fsgsbase tsc_adjust bmi1 avx2 smep bmi2 erms invpcid smap xsaveopt arat md_clear arch_capabilities\u000abugs		: cpu_meltdown spectre_v1 spectre_v2 spec_store_bypass l1tf mds swapgs\u000abogomips	: 5000.02\u000aclflush size	: 64\u000acache_alignment	: 64\u000aaddress sizes	: 46 bits physical, 48 bits virtual\u000apower management:\u000a\u000a
p489
sV/proc/meminfo
p490
VMemTotal:        1717184 kB\u000aMemFree:         1122164 kB\u000aMemAvailable:    1485684 kB\u000aBuffers:           15036 kB\u000aCached:           462812 kB\u000aSwapCached:            0 kB\u000aActive:            92456 kB\u000aInactive:         446844 kB\u000aActive(anon):      61412 kB\u000aInactive(anon):      216 kB\u000aActive(file):      31044 kB\u000aInactive(file):   446628 kB\u000aUnevictable:           0 kB\u000aMlocked:               0 kB\u000aSwapTotal:             0 kB\u000aSwapFree:              0 kB\u000aDirty:               336 kB\u000aWriteback:             0 kB\u000aAnonPages:         61440 kB\u000aMapped:            34672 kB\u000aShmem:               220 kB\u000aSlab:              42784 kB\u000aSReclaimable:      32708 kB\u000aSUnreclaim:        10076 kB\u000aKernelStack:        1152 kB\u000aPageTables:         1328 kB\u000aNFS_Unstable:          0 kB\u000aBounce:                0 kB\u000aWritebackTmp:          0 kB\u000aCommitLimit:      858592 kB\u000aCommitted_AS:     253552 kB\u000aVmallocTotal:   34359738367 kB\u000aVmallocUsed:           0 kB\u000aVmallocChunk:          0 kB\u000aAnonHugePages:         0 kB\u000aShmemHugePages:        0 kB\u000aShmemPmdMapped:        0 kB\u000aHugePages_Total:       0\u000aHugePages_Free:        0\u000aHugePages_Rsvd:        0\u000aHugePages_Surp:        0\u000aHugepagesize:       2048 kB\u000aDirectMap4k:       23552 kB\u000aDirectMap2M:     1738752 kB\u000a
p491
ssVstatus_key
p492
Vpywren.jobs/452a8bf2-b190-4b88-9dc0-f09b5788b67d/00010/status.json
p493
sVend_time
p494
F1609057673.3962259
sVlog_group_name
p495
V/aws/lambda/pywren_redis_2
p496
sVdata_key
p497
Vpywren.jobs/452a8bf2-b190-4b88-9dc0-f09b5788b67d/aggdata.pickle
p498
sa(dp499
Vcallset_id
p500
V452a8bf2-b190-4b88-9dc0-f09b5788b67d
p501
sVlog_stream_name
p502
V2020/12/27/[$LATEST]4de6b53a173e4e579ef16e59b67c877e
p503
sVstdout
p504
V
sVfunc_key
p505
Vpywren.jobs/452a8bf2-b190-4b88-9dc0-f09b5788b67d/func.pickle
p506
sVfree_disk_bytes
p507
I538333184
sVruntime_cached
p508
I00
sVretcode
p509
I0
sVcall_id
p510
V00011
p511
sVoutput_key
p512
Vpywren.jobs/452a8bf2-b190-4b88-9dc0-f09b5788b67d/00011/output.pickle
p513
sVruntime_s3_key_used
p514
V30c0f7-pywren.runtimes/default_2.7.tar.gz.0004
p515
sVaws_request_id
p516
V08dd4bcf-fbf4-4e4e-940a-c6a56cd1efcf
p517
sVexec_time
p518
F62.349446058273315
sVstart_time
p519
F1609057603.6964281
sVsetup_time
p520
F7.2408149242401123
sVruntime_s3_bucket_used
p521
Vpywren-runtimes-public-us-west-2
p522
sVexception
p523
NsVhost_submit_time
p524
F1609057602.867619
sVserver_info
p525
(dp526
Vuname
p527
V('Linux', '169.254.188.149', '4.14.203-112.332.amzn2.x86_64', '#1 SMP Wed Nov 4 20:46:34 UTC 2020', 'x86_64', 'x86_64')
p528
sV/proc/self/cgroup
p529
VMemTotal:        1717184 kB\u000aMemFree:         1120492 kB\u000aMemAvailable:    1485936 kB\u000aBuffers:           17052 kB\u000aCached:           462764 kB\u000aSwapCached:            0 kB\u000aActive:            94196 kB\u000aInactive:         446784 kB\u000aActive(anon):      61156 kB\u000aInactive(anon):      216 kB\u000aActive(file):      33040 kB\u000aInactive(file):   446568 kB\u000aUnevictable:           0 kB\u000aMlocked:               0 kB\u000aSwapTotal:             0 kB\u000aSwapFree:              0 kB\u000aDirty:               120 kB\u000aWriteback:             0 kB\u000aAnonPages:         61076 kB\u000aMapped:            35004 kB\u000aShmem:               220 kB\u000aSlab:              42776 kB\u000aSReclaimable:      32688 kB\u000aSUnreclaim:        10088 kB\u000aKernelStack:        1168 kB\u000aPageTables:         1388 kB\u000aNFS_Unstable:          0 kB\u000aBounce:                0 kB\u000aWritebackTmp:          0 kB\u000aCommitLimit:      858592 kB\u000aCommitted_AS:     253556 kB\u000aVmallocTotal:   34359738367 kB\u000aVmallocUsed:           0 kB\u000aVmallocChunk:          0 kB\u000aAnonHugePages:         0 kB\u000aShmemHugePages:        0 kB\u000aShmemPmdMapped:        0 kB\u000aHugePages_Total:       0\u000aHugePages_Free:        0\u000aHugePages_Rsvd:        0\u000aHugePages_Surp:        0\u000aHugepagesize:       2048 kB\u000aDirectMap4k:       21504 kB\u000aDirectMap2M:     1740800 kB\u000a
p530
sV/proc/cgroups
p531
V#subsys_name	hierarchy	num_cgroups	enabled\u000acpuset	9	1	1\u000acpu	4	5	1\u000acpuacct	4	5	1\u000ablkio	3	1	1\u000amemory	2	5	1\u000adevices	10	1	1\u000afreezer	6	2	1\u000anet_cls	5	1	1\u000aperf_event	8	1	1\u000anet_prio	5	1	1\u000ahugetlb	11	1	1\u000apids	7	1	1\u000a
p532
sV/proc/cpuinfo
p533
Vprocessor	: 0\u000avendor_id	: GenuineIntel\u000acpu family	: 6\u000amodel		: 63\u000amodel name	: Intel(R) Xeon(R) Processor @ 2.50GHz\u000astepping	: 2\u000amicrocode	: 0x1\u000acpu MHz		: 2500.012\u000acache size	: 33792 KB\u000aphysical id	: 0\u000asiblings	: 2\u000acore id		: 0\u000acpu cores	: 2\u000aapicid		: 0\u000ainitial apicid	: 0\u000afpu		: yes\u000afpu_exception	: yes\u000acpuid level	: 13\u000awp		: yes\u000aflags		: fpu vme de pse tsc msr pae mce cx8 apic sep mtrr pge mca cmov pat pse36 clflush mmx fxsr sse sse2 ht syscall nx rdtscp lm constant_tsc rep_good nopl xtopology nonstop_tsc cpuid tsc_known_freq pni pclmulqdq ssse3 fma cx16 pcid sse4_1 sse4_2 x2apic movbe popcnt tsc_deadline_timer aes xsave avx f16c rdrand hypervisor lahf_lm abm cpuid_fault invpcid_single pti ssbd ibrs ibpb stibp fsgsbase tsc_adjust bmi1 avx2 smep bmi2 erms invpcid smap xsaveopt arat md_clear arch_capabilities\u000abugs		: cpu_meltdown spectre_v1 spectre_v2 spec_store_bypass l1tf mds swapgs\u000abogomips	: 5000.02\u000aclflush size	: 64\u000acache_alignment	: 64\u000aaddress sizes	: 46 bits physical, 48 bits virtual\u000apower management:\u000a\u000aprocessor	: 1\u000avendor_id	: GenuineIntel\u000acpu family	: 6\u000amodel		: 63\u000amodel name	: Intel(R) Xeon(R) Processor @ 2.50GHz\u000astepping	: 2\u000amicrocode	: 0x1\u000acpu MHz		: 2500.012\u000acache size	: 33792 KB\u000aphysical id	: 0\u000asiblings	: 2\u000acore id		: 1\u000acpu cores	: 2\u000aapicid		: 1\u000ainitial apicid	: 1\u000afpu		: yes\u000afpu_exception	: yes\u000acpuid level	: 13\u000awp		: yes\u000aflags		: fpu vme de pse tsc msr pae mce cx8 apic sep mtrr pge mca cmov pat pse36 clflush mmx fxsr sse sse2 ht syscall nx rdtscp lm constant_tsc rep_good nopl xtopology nonstop_tsc cpuid tsc_known_freq pni pclmulqdq ssse3 fma cx16 pcid sse4_1 sse4_2 x2apic movbe popcnt tsc_deadline_timer aes xsave avx f16c rdrand hypervisor lahf_lm abm cpuid_fault invpcid_single pti ssbd ibrs ibpb stibp fsgsbase tsc_adjust bmi1 avx2 smep bmi2 erms invpcid smap xsaveopt arat md_clear arch_capabilities\u000abugs		: cpu_meltdown spectre_v1 spectre_v2 spec_store_bypass l1tf mds swapgs\u000abogomips	: 5000.02\u000aclflush size	: 64\u000acache_alignment	: 64\u000aaddress sizes	: 46 bits physical, 48 bits virtual\u000apower management:\u000a\u000a
p534
sV/proc/meminfo
p535
VMemTotal:        1717184 kB\u000aMemFree:         1120492 kB\u000aMemAvailable:    1485936 kB\u000aBuffers:           17052 kB\u000aCached:           462764 kB\u000aSwapCached:            0 kB\u000aActive:            94196 kB\u000aInactive:         446784 kB\u000aActive(anon):      61156 kB\u000aInactive(anon):      216 kB\u000aActive(file):      33040 kB\u000aInactive(file):   446568 kB\u000aUnevictable:           0 kB\u000aMlocked:               0 kB\u000aSwapTotal:             0 kB\u000aSwapFree:              0 kB\u000aDirty:               120 kB\u000aWriteback:             0 kB\u000aAnonPages:         61076 kB\u000aMapped:            35004 kB\u000aShmem:               220 kB\u000aSlab:              42776 kB\u000aSReclaimable:      32688 kB\u000aSUnreclaim:        10088 kB\u000aKernelStack:        1168 kB\u000aPageTables:         1388 kB\u000aNFS_Unstable:          0 kB\u000aBounce:                0 kB\u000aWritebackTmp:          0 kB\u000aCommitLimit:      858592 kB\u000aCommitted_AS:     253556 kB\u000aVmallocTotal:   34359738367 kB\u000aVmallocUsed:           0 kB\u000aVmallocChunk:          0 kB\u000aAnonHugePages:         0 kB\u000aShmemHugePages:        0 kB\u000aShmemPmdMapped:        0 kB\u000aHugePages_Total:       0\u000aHugePages_Free:        0\u000aHugePages_Rsvd:        0\u000aHugePages_Surp:        0\u000aHugepagesize:       2048 kB\u000aDirectMap4k:       21504 kB\u000aDirectMap2M:     1740800 kB\u000a
p536
ssVstatus_key
p537
Vpywren.jobs/452a8bf2-b190-4b88-9dc0-f09b5788b67d/00011/status.json
p538
sVend_time
p539
F1609057673.286684
sVlog_group_name
p540
V/aws/lambda/pywren_redis_2
p541
sVdata_key
p542
Vpywren.jobs/452a8bf2-b190-4b88-9dc0-f09b5788b67d/aggdata.pickle
p543
sa(dp544
Vcallset_id
p545
V452a8bf2-b190-4b88-9dc0-f09b5788b67d
p546
sVlog_stream_name
p547
V2020/12/27/[$LATEST]c3a8111d9a2e49e4888c1b5fb0413c47
p548
sVstdout
p549
V
sVfunc_key
p550
Vpywren.jobs/452a8bf2-b190-4b88-9dc0-f09b5788b67d/func.pickle
p551
sVfree_disk_bytes
p552
I538333184
sVruntime_cached
p553
I00
sVretcode
p554
I0
sVcall_id
p555
V00012
p556
sVoutput_key
p557
Vpywren.jobs/452a8bf2-b190-4b88-9dc0-f09b5788b67d/00012/output.pickle
p558
sVruntime_s3_key_used
p559
Vc15ee4-pywren.runtimes/default_2.7.tar.gz.0057
p560
sVaws_request_id
p561
V54bde4ab-23a5-4750-bc6f-493671850fd2
p562
sVexec_time
p563
F62.353511095046997
sVstart_time
p564
F1609057603.724843
sVsetup_time
p565
F7.4490149021148682
sVruntime_s3_bucket_used
p566
Vpywren-runtimes-public-us-west-2
p567
sVexception
p568
NsVhost_submit_time
p569
F1609057602.873935
sVserver_info
p570
(dp571
Vuname
p572
V('Linux', '169.254.185.37', '4.14.203-112.332.amzn2.x86_64', '#1 SMP Wed Nov 4 20:46:34 UTC 2020', 'x86_64', 'x86_64')
p573
sV/proc/self/cgroup
p574
VMemTotal:        1717184 kB\u000aMemFree:         1126840 kB\u000aMemAvailable:    1485812 kB\u000aBuffers:           13912 kB\u000aCached:           459468 kB\u000aSwapCached:            0 kB\u000aActive:            90872 kB\u000aInactive:         443612 kB\u000aActive(anon):      61096 kB\u000aInactive(anon):      216 kB\u000aActive(file):      29776 kB\u000aInactive(file):   443396 kB\u000aUnevictable:           0 kB\u000aMlocked:               0 kB\u000aSwapTotal:             0 kB\u000aSwapFree:              0 kB\u000aDirty:               160 kB\u000aWriteback:             0 kB\u000aAnonPages:         61092 kB\u000aMapped:            34264 kB\u000aShmem:               220 kB\u000aSlab:              42884 kB\u000aSReclaimable:      32616 kB\u000aSUnreclaim:        10268 kB\u000aKernelStack:        1264 kB\u000aPageTables:         1336 kB\u000aNFS_Unstable:          0 kB\u000aBounce:                0 kB\u000aWritebackTmp:          0 kB\u000aCommitLimit:      858592 kB\u000aCommitted_AS:     259944 kB\u000aVmallocTotal:   34359738367 kB\u000aVmallocUsed:           0 kB\u000aVmallocChunk:          0 kB\u000aAnonHugePages:         0 kB\u000aShmemHugePages:        0 kB\u000aShmemPmdMapped:        0 kB\u000aHugePages_Total:       0\u000aHugePages_Free:        0\u000aHugePages_Rsvd:        0\u000aHugePages_Surp:        0\u000aHugepagesize:       2048 kB\u000aDirectMap4k:       19456 kB\u000aDirectMap2M:     1742848 kB\u000a
p575
sV/proc/cgroups
p576
V#subsys_name	hierarchy	num_cgroups	enabled\u000acpuset	3	1	1\u000acpu	11	5	1\u000acpuacct	11	5	1\u000ablkio	5	1	1\u000amemory	10	5	1\u000adevices	7	1	1\u000afreezer	2	2	1\u000anet_cls	6	1	1\u000aperf_event	8	1	1\u000anet_prio	6	1	1\u000ahugetlb	4	1	1\u000apids	9	1	1\u000a
p577
sV/proc/cpuinfo
p578
Vprocessor	: 0\u000avendor_id	: GenuineIntel\u000acpu family	: 6\u000amodel		: 63\u000amodel name	: Intel(R) Xeon(R) Processor @ 2.50GHz\u000astepping	: 2\u000amicrocode	: 0x1\u000acpu MHz		: 2500.012\u000acache size	: 36608 KB\u000aphysical id	: 0\u000asiblings	: 2\u000acore id		: 0\u000acpu cores	: 2\u000aapicid		: 0\u000ainitial apicid	: 0\u000afpu		: yes\u000afpu_exception	: yes\u000acpuid level	: 13\u000awp		: yes\u000aflags		: fpu vme de pse tsc msr pae mce cx8 apic sep mtrr pge mca cmov pat pse36 clflush mmx fxsr sse sse2 ht syscall nx rdtscp lm constant_tsc rep_good nopl xtopology nonstop_tsc cpuid tsc_known_freq pni pclmulqdq ssse3 fma cx16 pcid sse4_1 sse4_2 x2apic movbe popcnt tsc_deadline_timer aes xsave avx f16c rdrand hypervisor lahf_lm abm cpuid_fault invpcid_single ssbd ibrs ibpb stibp ibrs_enhanced fsgsbase tsc_adjust bmi1 avx2 smep bmi2 erms invpcid smap xsaveopt arat md_clear arch_capabilities\u000abugs		: spectre_v1 spectre_v2 spec_store_bypass swapgs\u000abogomips	: 5000.02\u000aclflush size	: 64\u000acache_alignment	: 64\u000aaddress sizes	: 46 bits physical, 48 bits virtual\u000apower management:\u000a\u000aprocessor	: 1\u000avendor_id	: GenuineIntel\u000acpu family	: 6\u000amodel		: 63\u000amodel name	: Intel(R) Xeon(R) Processor @ 2.50GHz\u000astepping	: 2\u000amicrocode	: 0x1\u000acpu MHz		: 2500.012\u000acache size	: 36608 KB\u000aphysical id	: 0\u000asiblings	: 2\u000acore id		: 1\u000acpu cores	: 2\u000aapicid		: 1\u000ainitial apicid	: 1\u000afpu		: yes\u000afpu_exception	: yes\u000acpuid level	: 13\u000awp		: yes\u000aflags		: fpu vme de pse tsc msr pae mce cx8 apic sep mtrr pge mca cmov pat pse36 clflush mmx fxsr sse sse2 ht syscall nx rdtscp lm constant_tsc rep_good nopl xtopology nonstop_tsc cpuid tsc_known_freq pni pclmulqdq ssse3 fma cx16 pcid sse4_1 sse4_2 x2apic movbe popcnt tsc_deadline_timer aes xsave avx f16c rdrand hypervisor lahf_lm abm cpuid_fault invpcid_single ssbd ibrs ibpb stibp ibrs_enhanced fsgsbase tsc_adjust bmi1 avx2 smep bmi2 erms invpcid smap xsaveopt arat md_clear arch_capabilities\u000abugs		: spectre_v1 spectre_v2 spec_store_bypass swapgs\u000abogomips	: 5000.02\u000aclflush size	: 64\u000acache_alignment	: 64\u000aaddress sizes	: 46 bits physical, 48 bits virtual\u000apower management:\u000a\u000a
p579
sV/proc/meminfo
p580
VMemTotal:        1717184 kB\u000aMemFree:         1126840 kB\u000aMemAvailable:    1485812 kB\u000aBuffers:           13912 kB\u000aCached:           459468 kB\u000aSwapCached:            0 kB\u000aActive:            90872 kB\u000aInactive:         443612 kB\u000aActive(anon):      61096 kB\u000aInactive(anon):      216 kB\u000aActive(file):      29776 kB\u000aInactive(file):   443396 kB\u000aUnevictable:           0 kB\u000aMlocked:               0 kB\u000aSwapTotal:             0 kB\u000aSwapFree:              0 kB\u000aDirty:               160 kB\u000aWriteback:             0 kB\u000aAnonPages:         61092 kB\u000aMapped:            34264 kB\u000aShmem:               220 kB\u000aSlab:              42884 kB\u000aSReclaimable:      32616 kB\u000aSUnreclaim:        10268 kB\u000aKernelStack:        1264 kB\u000aPageTables:         1336 kB\u000aNFS_Unstable:          0 kB\u000aBounce:                0 kB\u000aWritebackTmp:          0 kB\u000aCommitLimit:      858592 kB\u000aCommitted_AS:     259944 kB\u000aVmallocTotal:   34359738367 kB\u000aVmallocUsed:           0 kB\u000aVmallocChunk:          0 kB\u000aAnonHugePages:         0 kB\u000aShmemHugePages:        0 kB\u000aShmemPmdMapped:        0 kB\u000aHugePages_Total:       0\u000aHugePages_Free:        0\u000aHugePages_Rsvd:        0\u000aHugePages_Surp:        0\u000aHugepagesize:       2048 kB\u000aDirectMap4k:       19456 kB\u000aDirectMap2M:     1742848 kB\u000a
p581
ssVstatus_key
p582
Vpywren.jobs/452a8bf2-b190-4b88-9dc0-f09b5788b67d/00012/status.json
p583
sVend_time
p584
F1609057673.527364
sVlog_group_name
p585
V/aws/lambda/pywren_redis_2
p586
sVdata_key
p587
Vpywren.jobs/452a8bf2-b190-4b88-9dc0-f09b5788b67d/aggdata.pickle
p588
sa(dp589
Vcallset_id
p590
V452a8bf2-b190-4b88-9dc0-f09b5788b67d
p591
sVlog_stream_name
p592
V2020/12/27/[$LATEST]84e1114d96594bbeacce50de067b66ce
p593
sVstdout
p594
V
sVfunc_key
p595
Vpywren.jobs/452a8bf2-b190-4b88-9dc0-f09b5788b67d/func.pickle
p596
sVfree_disk_bytes
p597
I538333184
sVruntime_cached
p598
I00
sVretcode
p599
I0
sVcall_id
p600
V00013
p601
sVoutput_key
p602
Vpywren.jobs/452a8bf2-b190-4b88-9dc0-f09b5788b67d/00013/output.pickle
p603
sVruntime_s3_key_used
p604
V9e6738-pywren.runtimes/default_2.7.tar.gz.0081
p605
sVaws_request_id
p606
Ve53103cc-06ca-44e0-aeeb-a374f209e263
p607
sVexec_time
p608
F62.350230932235718
sVstart_time
p609
F1609057603.6505201
sVsetup_time
p610
F7.1180078983306885
sVruntime_s3_bucket_used
p611
Vpywren-runtimes-public-us-west-2
p612
sVexception
p613
NsVhost_submit_time
p614
F1609057602.8704431
sVserver_info
p615
(dp616
Vuname
p617
V('Linux', '169.254.20.5', '4.14.203-112.332.amzn2.x86_64', '#1 SMP Wed Nov 4 20:46:34 UTC 2020', 'x86_64', 'x86_64')
p618
sV/proc/self/cgroup
p619
VMemTotal:        1717184 kB\u000aMemFree:         1119972 kB\u000aMemAvailable:    1486352 kB\u000aBuffers:           17012 kB\u000aCached:           463712 kB\u000aSwapCached:            0 kB\u000aActive:            94576 kB\u000aInactive:         447324 kB\u000aActive(anon):      61164 kB\u000aInactive(anon):      216 kB\u000aActive(file):      33412 kB\u000aInactive(file):   447108 kB\u000aUnevictable:           0 kB\u000aMlocked:               0 kB\u000aSwapTotal:             0 kB\u000aSwapFree:              0 kB\u000aDirty:               144 kB\u000aWriteback:             0 kB\u000aAnonPages:         61168 kB\u000aMapped:            35044 kB\u000aShmem:               220 kB\u000aSlab:              42712 kB\u000aSReclaimable:      32732 kB\u000aSUnreclaim:         9980 kB\u000aKernelStack:        1152 kB\u000aPageTables:         1320 kB\u000aNFS_Unstable:          0 kB\u000aBounce:                0 kB\u000aWritebackTmp:          0 kB\u000aCommitLimit:      858592 kB\u000aCommitted_AS:     253528 kB\u000aVmallocTotal:   34359738367 kB\u000aVmallocUsed:           0 kB\u000aVmallocChunk:          0 kB\u000aAnonHugePages:         0 kB\u000aShmemHugePages:        0 kB\u000aShmemPmdMapped:        0 kB\u000aHugePages_Total:       0\u000aHugePages_Free:        0\u000aHugePages_Rsvd:        0\u000aHugePages_Surp:        0\u000aHugepagesize:       2048 kB\u000aDirectMap4k:       23552 kB\u000aDirectMap2M:     1738752 kB\u000a
p620
sV/proc/cgroups
p621
V#subsys_name	hierarchy	num_cgroups	enabled\u000acpuset	7	1	1\u000acpu	9	5	1\u000acpuacct	9	5	1\u000ablkio	11	1	1\u000amemory	8	5	1\u000adevices	5	1	1\u000afreezer	4	2	1\u000anet_cls	3	1	1\u000aperf_event	2	1	1\u000anet_prio	3	1	1\u000ahugetlb	6	1	1\u000apids	10	1	1\u000a
p622
sV/proc/cpuinfo
p623
Vprocessor	: 0\u000avendor_id	: GenuineIntel\u000acpu family	: 6\u000amodel		: 63\u000amodel name	: Intel(R) Xeon(R) Processor @ 2.50GHz\u000astepping	: 2\u000amicrocode	: 0x1\u000acpu MHz		: 2500.010\u000acache size	: 33792 KB\u000aphysical id	: 0\u000asiblings	: 2\u000acore id		: 0\u000acpu cores	: 2\u000aapicid		: 0\u000ainitial apicid	: 0\u000afpu		: yes\u000afpu_exception	: yes\u000acpuid level	: 13\u000awp		: yes\u000aflags		: fpu vme de pse tsc msr pae mce cx8 apic sep mtrr pge mca cmov pat pse36 clflush mmx fxsr sse sse2 ht syscall nx rdtscp lm constant_tsc rep_good nopl xtopology nonstop_tsc cpuid tsc_known_freq pni pclmulqdq ssse3 fma cx16 pcid sse4_1 sse4_2 x2apic movbe popcnt tsc_deadline_timer aes xsave avx f16c rdrand hypervisor lahf_lm abm cpuid_fault invpcid_single pti ssbd ibrs ibpb stibp fsgsbase tsc_adjust bmi1 avx2 smep bmi2 erms invpcid smap xsaveopt arat md_clear arch_capabilities\u000abugs		: cpu_meltdown spectre_v1 spectre_v2 spec_store_bypass l1tf mds swapgs\u000abogomips	: 5000.02\u000aclflush size	: 64\u000acache_alignment	: 64\u000aaddress sizes	: 46 bits physical, 48 bits virtual\u000apower management:\u000a\u000aprocessor	: 1\u000avendor_id	: GenuineIntel\u000acpu family	: 6\u000amodel		: 63\u000amodel name	: Intel(R) Xeon(R) Processor @ 2.50GHz\u000astepping	: 2\u000amicrocode	: 0x1\u000acpu MHz		: 2500.010\u000acache size	: 33792 KB\u000aphysical id	: 0\u000asiblings	: 2\u000acore id		: 1\u000acpu cores	: 2\u000aapicid		: 1\u000ainitial apicid	: 1\u000afpu		: yes\u000afpu_exception	: yes\u000acpuid level	: 13\u000awp		: yes\u000aflags		: fpu vme de pse tsc msr pae mce cx8 apic sep mtrr pge mca cmov pat pse36 clflush mmx fxsr sse sse2 ht syscall nx rdtscp lm constant_tsc rep_good nopl xtopology nonstop_tsc cpuid tsc_known_freq pni pclmulqdq ssse3 fma cx16 pcid sse4_1 sse4_2 x2apic movbe popcnt tsc_deadline_timer aes xsave avx f16c rdrand hypervisor lahf_lm abm cpuid_fault invpcid_single pti ssbd ibrs ibpb stibp fsgsbase tsc_adjust bmi1 avx2 smep bmi2 erms invpcid smap xsaveopt arat md_clear arch_capabilities\u000abugs		: cpu_meltdown spectre_v1 spectre_v2 spec_store_bypass l1tf mds swapgs\u000abogomips	: 5000.02\u000aclflush size	: 64\u000acache_alignment	: 64\u000aaddress sizes	: 46 bits physical, 48 bits virtual\u000apower management:\u000a\u000a
p624
sV/proc/meminfo
p625
VMemTotal:        1717184 kB\u000aMemFree:         1119972 kB\u000aMemAvailable:    1486352 kB\u000aBuffers:           17012 kB\u000aCached:           463712 kB\u000aSwapCached:            0 kB\u000aActive:            94576 kB\u000aInactive:         447324 kB\u000aActive(anon):      61164 kB\u000aInactive(anon):      216 kB\u000aActive(file):      33412 kB\u000aInactive(file):   447108 kB\u000aUnevictable:           0 kB\u000aMlocked:               0 kB\u000aSwapTotal:             0 kB\u000aSwapFree:              0 kB\u000aDirty:               144 kB\u000aWriteback:             0 kB\u000aAnonPages:         61168 kB\u000aMapped:            35044 kB\u000aShmem:               220 kB\u000aSlab:              42712 kB\u000aSReclaimable:      32732 kB\u000aSUnreclaim:         9980 kB\u000aKernelStack:        1152 kB\u000aPageTables:         1320 kB\u000aNFS_Unstable:          0 kB\u000aBounce:                0 kB\u000aWritebackTmp:          0 kB\u000aCommitLimit:      858592 kB\u000aCommitted_AS:     253528 kB\u000aVmallocTotal:   34359738367 kB\u000aVmallocUsed:           0 kB\u000aVmallocChunk:          0 kB\u000aAnonHugePages:         0 kB\u000aShmemHugePages:        0 kB\u000aShmemPmdMapped:        0 kB\u000aHugePages_Total:       0\u000aHugePages_Free:        0\u000aHugePages_Rsvd:        0\u000aHugePages_Surp:        0\u000aHugepagesize:       2048 kB\u000aDirectMap4k:       23552 kB\u000aDirectMap2M:     1738752 kB\u000a
p626
ssVstatus_key
p627
Vpywren.jobs/452a8bf2-b190-4b88-9dc0-f09b5788b67d/00013/status.json
p628
sVend_time
p629
F1609057673.1187539
sVlog_group_name
p630
V/aws/lambda/pywren_redis_2
p631
sVdata_key
p632
Vpywren.jobs/452a8bf2-b190-4b88-9dc0-f09b5788b67d/aggdata.pickle
p633
sa(dp634
Vcallset_id
p635
V452a8bf2-b190-4b88-9dc0-f09b5788b67d
p636
sVlog_stream_name
p637
V2020/12/27/[$LATEST]5d8c173ea44f431193ed7da3f80e793a
p638
sVstdout
p639
V
sVfunc_key
p640
Vpywren.jobs/452a8bf2-b190-4b88-9dc0-f09b5788b67d/func.pickle
p641
sVfree_disk_bytes
p642
I538333184
sVruntime_cached
p643
I00
sVretcode
p644
I0
sVcall_id
p645
V00014
p646
sVoutput_key
p647
Vpywren.jobs/452a8bf2-b190-4b88-9dc0-f09b5788b67d/00014/output.pickle
p648
sVruntime_s3_key_used
p649
V48c3f1-pywren.runtimes/default_2.7.tar.gz.0040
p650
sVaws_request_id
p651
V88d6355d-9489-45f1-be22-75172b851d14
p652
sVexec_time
p653
F62.416225910186768
sVstart_time
p654
F1609057603.6713719
sVsetup_time
p655
F7.3105161190032959
sVruntime_s3_bucket_used
p656
Vpywren-runtimes-public-us-west-2
p657
sVexception
p658
NsVhost_submit_time
p659
F1609057602.8849959
sVserver_info
p660
(dp661
Vuname
p662
V('Linux', '169.254.247.117', '4.14.203-112.332.amzn2.x86_64', '#1 SMP Wed Nov 4 20:46:34 UTC 2020', 'x86_64', 'x86_64')
p663
sV/proc/self/cgroup
p664
VMemTotal:        1717184 kB\u000aMemFree:         1119056 kB\u000aMemAvailable:    1485720 kB\u000aBuffers:           17344 kB\u000aCached:           463668 kB\u000aSwapCached:            0 kB\u000aActive:            95004 kB\u000aInactive:         447384 kB\u000aActive(anon):      61364 kB\u000aInactive(anon):      216 kB\u000aActive(file):      33640 kB\u000aInactive(file):   447168 kB\u000aUnevictable:           0 kB\u000aMlocked:               0 kB\u000aSwapTotal:             0 kB\u000aSwapFree:              0 kB\u000aDirty:               144 kB\u000aWriteback:             0 kB\u000aAnonPages:         61364 kB\u000aMapped:            35072 kB\u000aShmem:               220 kB\u000aSlab:              42836 kB\u000aSReclaimable:      32728 kB\u000aSUnreclaim:        10108 kB\u000aKernelStack:        1152 kB\u000aPageTables:         1320 kB\u000aNFS_Unstable:          0 kB\u000aBounce:                0 kB\u000aWritebackTmp:          0 kB\u000aCommitLimit:      858592 kB\u000aCommitted_AS:     253832 kB\u000aVmallocTotal:   34359738367 kB\u000aVmallocUsed:           0 kB\u000aVmallocChunk:          0 kB\u000aAnonHugePages:         0 kB\u000aShmemHugePages:        0 kB\u000aShmemPmdMapped:        0 kB\u000aHugePages_Total:       0\u000aHugePages_Free:        0\u000aHugePages_Rsvd:        0\u000aHugePages_Surp:        0\u000aHugepagesize:       2048 kB\u000aDirectMap4k:       21504 kB\u000aDirectMap2M:     1740800 kB\u000a
p665
sV/proc/cgroups
p666
V#subsys_name	hierarchy	num_cgroups	enabled\u000acpuset	2	1	1\u000acpu	9	5	1\u000acpuacct	9	5	1\u000ablkio	4	1	1\u000amemory	11	5	1\u000adevices	10	1	1\u000afreezer	5	2	1\u000anet_cls	6	1	1\u000aperf_event	3	1	1\u000anet_prio	6	1	1\u000ahugetlb	7	1	1\u000apids	8	1	1\u000a
p667
sV/proc/cpuinfo
p668
