(dp1
S'run_statuses'
p2
(lp3
(dp4
Vcallset_id
p5
Vd7506aa8-26d3-4e94-961f-b19674a75379
p6
sVlog_stream_name
p7
V2020/12/27/[$LATEST]c722ff78e7d540dab015a6b10df284b9
p8
sVstdout
p9
V
sVfunc_key
p10
Vpywren.jobs/d7506aa8-26d3-4e94-961f-b19674a75379/func.pickle
p11
sVfree_disk_bytes
p12
I538333184
sVruntime_cached
p13
I00
sVretcode
p14
I0
sVcall_id
p15
V00000
p16
sVoutput_key
p17
Vpywren.jobs/d7506aa8-26d3-4e94-961f-b19674a75379/00000/output.pickle
p18
sVruntime_s3_key_used
p19
V366737-pywren.runtimes/default_2.7.tar.gz.0052
p20
sVaws_request_id
p21
V1ca5e771-a9e0-47f5-9e57-dc0dc1377c9e
p22
sVexec_time
p23
F102.43941903114319
sVstart_time
p24
F1609057563.8911171
sVsetup_time
p25
F8.2338018417358398
sVruntime_s3_bucket_used
p26
Vpywren-runtimes-public-us-west-2
p27
sVexception
p28
NsVhost_submit_time
p29
F1609057563.0284159
sVserver_info
p30
(dp31
Vuname
p32
V('Linux', '169.254.220.101', '4.14.203-112.332.amzn2.x86_64', '#1 SMP Wed Nov 4 20:46:34 UTC 2020', 'x86_64', 'x86_64')
p33
sV/proc/self/cgroup
p34
VMemTotal:        1717184 kB\u000aMemFree:         1123164 kB\u000aMemAvailable:    1486924 kB\u000aBuffers:           16956 kB\u000aCached:           461072 kB\u000aSwapCached:            0 kB\u000aActive:            93224 kB\u000aInactive:         445284 kB\u000aActive(anon):      60472 kB\u000aInactive(anon):      216 kB\u000aActive(file):      32752 kB\u000aInactive(file):   445068 kB\u000aUnevictable:           0 kB\u000aMlocked:               0 kB\u000aSwapTotal:             0 kB\u000aSwapFree:              0 kB\u000aDirty:                12 kB\u000aWriteback:             0 kB\u000aAnonPages:         60468 kB\u000aMapped:            34608 kB\u000aShmem:               220 kB\u000aSlab:              43036 kB\u000aSReclaimable:      32892 kB\u000aSUnreclaim:        10144 kB\u000aKernelStack:        1152 kB\u000aPageTables:         1324 kB\u000aNFS_Unstable:          0 kB\u000aBounce:                0 kB\u000aWritebackTmp:          0 kB\u000aCommitLimit:      858592 kB\u000aCommitted_AS:     252844 kB\u000aVmallocTotal:   34359738367 kB\u000aVmallocUsed:           0 kB\u000aVmallocChunk:          0 kB\u000aAnonHugePages:         0 kB\u000aShmemHugePages:        0 kB\u000aShmemPmdMapped:        0 kB\u000aHugePages_Total:       0\u000aHugePages_Free:        0\u000aHugePages_Rsvd:        0\u000aHugePages_Surp:        0\u000aHugepagesize:       2048 kB\u000aDirectMap4k:       19456 kB\u000aDirectMap2M:     1742848 kB\u000a
p35
sV/proc/cgroups
p36
V#subsys_name	hierarchy	num_cgroups	enabled\u000acpuset	11	1	1\u000acpu	10	5	1\u000acpuacct	10	5	1\u000ablkio	9	1	1\u000amemory	4	5	1\u000adevices	6	1	1\u000afreezer	3	2	1\u000anet_cls	2	1	1\u000aperf_event	5	1	1\u000anet_prio	2	1	1\u000ahugetlb	8	1	1\u000apids	7	1	1\u000a
p37
sV/proc/cpuinfo
p38
Vprocessor	: 0\u000avendor_id	: GenuineIntel\u000acpu family	: 6\u000amodel		: 63\u000amodel name	: Intel(R) Xeon(R) Processor @ 2.50GHz\u000astepping	: 2\u000amicrocode	: 0x1\u000acpu MHz		: 2500.010\u000acache size	: 36608 KB\u000aphysical id	: 0\u000asiblings	: 2\u000acore id		: 0\u000acpu cores	: 2\u000aapicid		: 0\u000ainitial apicid	: 0\u000afpu		: yes\u000afpu_exception	: yes\u000acpuid level	: 13\u000awp		: yes\u000aflags		: fpu vme de pse tsc msr pae mce cx8 apic sep mtrr pge mca cmov pat pse36 clflush mmx fxsr sse sse2 ht syscall nx rdtscp lm constant_tsc rep_good nopl xtopology nonstop_tsc cpuid tsc_known_freq pni pclmulqdq ssse3 fma cx16 pcid sse4_1 sse4_2 x2apic movbe popcnt tsc_deadline_timer aes xsave avx f16c rdrand hypervisor lahf_lm abm cpuid_fault invpcid_single ssbd ibrs ibpb stibp ibrs_enhanced fsgsbase tsc_adjust bmi1 avx2 smep bmi2 erms invpcid smap xsaveopt arat md_clear arch_capabilities\u000abugs		: spectre_v1 spectre_v2 spec_store_bypass swapgs\u000abogomips	: 5000.02\u000aclflush size	: 64\u000acache_alignment	: 64\u000aaddress sizes	: 46 bits physical, 48 bits virtual\u000apower management:\u000a\u000aprocessor	: 1\u000avendor_id	: GenuineIntel\u000acpu family	: 6\u000amodel		: 63\u000amodel name	: Intel(R) Xeon(R) Processor @ 2.50GHz\u000astepping	: 2\u000amicrocode	: 0x1\u000acpu MHz		: 2500.010\u000acache size	: 36608 KB\u000aphysical id	: 0\u000asiblings	: 2\u000acore id		: 1\u000acpu cores	: 2\u000aapicid		: 1\u000ainitial apicid	: 1\u000afpu		: yes\u000afpu_exception	: yes\u000acpuid level	: 13\u000awp		: yes\u000aflags		: fpu vme de pse tsc msr pae mce cx8 apic sep mtrr pge mca cmov pat pse36 clflush mmx fxsr sse sse2 ht syscall nx rdtscp lm constant_tsc rep_good nopl xtopology nonstop_tsc cpuid tsc_known_freq pni pclmulqdq ssse3 fma cx16 pcid sse4_1 sse4_2 x2apic movbe popcnt tsc_deadline_timer aes xsave avx f16c rdrand hypervisor lahf_lm abm cpuid_fault invpcid_single ssbd ibrs ibpb stibp ibrs_enhanced fsgsbase tsc_adjust bmi1 avx2 smep bmi2 erms invpcid smap xsaveopt arat md_clear arch_capabilities\u000abugs		: spectre_v1 spectre_v2 spec_store_bypass swapgs\u000abogomips	: 5000.02\u000aclflush size	: 64\u000acache_alignment	: 64\u000aaddress sizes	: 46 bits physical, 48 bits virtual\u000apower management:\u000a\u000a
p39
sV/proc/meminfo
p40
VMemTotal:        1717184 kB\u000aMemFree:         1123164 kB\u000aMemAvailable:    1486924 kB\u000aBuffers:           16956 kB\u000aCached:           461072 kB\u000aSwapCached:            0 kB\u000aActive:            93224 kB\u000aInactive:         445284 kB\u000aActive(anon):      60472 kB\u000aInactive(anon):      216 kB\u000aActive(file):      32752 kB\u000aInactive(file):   445068 kB\u000aUnevictable:           0 kB\u000aMlocked:               0 kB\u000aSwapTotal:             0 kB\u000aSwapFree:              0 kB\u000aDirty:                12 kB\u000aWriteback:             0 kB\u000aAnonPages:         60468 kB\u000aMapped:            34608 kB\u000aShmem:               220 kB\u000aSlab:              43036 kB\u000aSReclaimable:      32892 kB\u000aSUnreclaim:        10144 kB\u000aKernelStack:        1152 kB\u000aPageTables:         1324 kB\u000aNFS_Unstable:          0 kB\u000aBounce:                0 kB\u000aWritebackTmp:          0 kB\u000aCommitLimit:      858592 kB\u000aCommitted_AS:     252844 kB\u000aVmallocTotal:   34359738367 kB\u000aVmallocUsed:           0 kB\u000aVmallocChunk:          0 kB\u000aAnonHugePages:         0 kB\u000aShmemHugePages:        0 kB\u000aShmemPmdMapped:        0 kB\u000aHugePages_Total:       0\u000aHugePages_Free:        0\u000aHugePages_Rsvd:        0\u000aHugePages_Surp:        0\u000aHugepagesize:       2048 kB\u000aDirectMap4k:       19456 kB\u000aDirectMap2M:     1742848 kB\u000a
p41
ssVstatus_key
p42
Vpywren.jobs/d7506aa8-26d3-4e94-961f-b19674a75379/00000/status.json
p43
sVend_time
p44
F1609057674.564332
sVlog_group_name
p45
V/aws/lambda/pywren_redis_2
p46
sVdata_key
p47
Vpywren.jobs/d7506aa8-26d3-4e94-961f-b19674a75379/aggdata.pickle
p48
sa(dp49
Vcallset_id
p50
Vd7506aa8-26d3-4e94-961f-b19674a75379
p51
sVlog_stream_name
p52
V2020/12/27/[$LATEST]aac948a560494c62850d4dffbf902974
p53
sVstdout
p54
V
sVfunc_key
p55
Vpywren.jobs/d7506aa8-26d3-4e94-961f-b19674a75379/func.pickle
p56
sVfree_disk_bytes
p57
I538333184
sVruntime_cached
p58
I00
sVretcode
p59
I0
sVcall_id
p60
V00001
p61
sVoutput_key
p62
Vpywren.jobs/d7506aa8-26d3-4e94-961f-b19674a75379/00001/output.pickle
p63
sVruntime_s3_key_used
p64
V207f1c-pywren.runtimes/default_2.7.tar.gz.0064
p65
sVaws_request_id
p66
V6f974fdc-b4e3-4415-b41a-2188a3c9b9e0
p67
sVexec_time
p68
F101.77819609642029
sVstart_time
p69
F1609057563.9297559
sVsetup_time
p70
F8.3233239650726318
sVruntime_s3_bucket_used
p71
Vpywren-runtimes-public-us-west-2
p72
sVexception
p73
NsVhost_submit_time
p74
F1609057563.0351031
sVserver_info
p75
(dp76
Vuname
p77
V('Linux', '169.254.243.37', '4.14.203-112.332.amzn2.x86_64', '#1 SMP Wed Nov 4 20:46:34 UTC 2020', 'x86_64', 'x86_64')
p78
sV/proc/self/cgroup
p79
VMemTotal:        1717184 kB\u000aMemFree:         1119248 kB\u000aMemAvailable:    1486856 kB\u000aBuffers:           17784 kB\u000aCached:           464080 kB\u000aSwapCached:            0 kB\u000aActive:            94476 kB\u000aInactive:         447964 kB\u000aActive(anon):      60568 kB\u000aInactive(anon):      216 kB\u000aActive(file):      33908 kB\u000aInactive(file):   447748 kB\u000aUnevictable:           0 kB\u000aMlocked:               0 kB\u000aSwapTotal:             0 kB\u000aSwapFree:              0 kB\u000aDirty:               216 kB\u000aWriteback:             0 kB\u000aAnonPages:         60564 kB\u000aMapped:            35312 kB\u000aShmem:               220 kB\u000aSlab:              43036 kB\u000aSReclaimable:      32916 kB\u000aSUnreclaim:        10120 kB\u000aKernelStack:        1144 kB\u000aPageTables:         1336 kB\u000aNFS_Unstable:          0 kB\u000aBounce:                0 kB\u000aWritebackTmp:          0 kB\u000aCommitLimit:      858592 kB\u000aCommitted_AS:     253836 kB\u000aVmallocTotal:   34359738367 kB\u000aVmallocUsed:           0 kB\u000aVmallocChunk:          0 kB\u000aAnonHugePages:         0 kB\u000aShmemHugePages:        0 kB\u000aShmemPmdMapped:        0 kB\u000aHugePages_Total:       0\u000aHugePages_Free:        0\u000aHugePages_Rsvd:        0\u000aHugePages_Surp:        0\u000aHugepagesize:       2048 kB\u000aDirectMap4k:       19456 kB\u000aDirectMap2M:     1742848 kB\u000a
p80
sV/proc/cgroups
p81
V#subsys_name	hierarchy	num_cgroups	enabled\u000acpuset	3	1	1\u000acpu	10	5	1\u000acpuacct	10	5	1\u000ablkio	4	1	1\u000amemory	6	5	1\u000adevices	7	1	1\u000afreezer	5	2	1\u000anet_cls	2	1	1\u000aperf_event	9	1	1\u000anet_prio	2	1	1\u000ahugetlb	11	1	1\u000apids	8	1	1\u000a
p82
sV/proc/cpuinfo
p83
Vprocessor	: 0\u000avendor_id	: GenuineIntel\u000acpu family	: 6\u000amodel		: 63\u000amodel name	: Intel(R) Xeon(R) Processor @ 2.50GHz\u000astepping	: 2\u000amicrocode	: 0x1\u000acpu MHz		: 2500.014\u000acache size	: 33792 KB\u000aphysical id	: 0\u000asiblings	: 2\u000acore id		: 0\u000acpu cores	: 2\u000aapicid		: 0\u000ainitial apicid	: 0\u000afpu		: yes\u000afpu_exception	: yes\u000acpuid level	: 13\u000awp		: yes\u000aflags		: fpu vme de pse tsc msr pae mce cx8 apic sep mtrr pge mca cmov pat pse36 clflush mmx fxsr sse sse2 ht syscall nx rdtscp lm constant_tsc rep_good nopl xtopology nonstop_tsc cpuid tsc_known_freq pni pclmulqdq ssse3 fma cx16 pcid sse4_1 sse4_2 x2apic movbe popcnt tsc_deadline_timer aes xsave avx f16c rdrand hypervisor lahf_lm abm cpuid_fault invpcid_single pti ssbd ibrs ibpb stibp fsgsbase tsc_adjust bmi1 avx2 smep bmi2 erms invpcid smap xsaveopt arat md_clear arch_capabilities\u000abugs		: cpu_meltdown spectre_v1 spectre_v2 spec_store_bypass l1tf mds swapgs\u000abogomips	: 5000.02\u000aclflush size	: 64\u000acache_alignment	: 64\u000aaddress sizes	: 46 bits physical, 48 bits virtual\u000apower management:\u000a\u000aprocessor	: 1\u000avendor_id	: GenuineIntel\u000acpu family	: 6\u000amodel		: 63\u000amodel name	: Intel(R) Xeon(R) Processor @ 2.50GHz\u000astepping	: 2\u000amicrocode	: 0x1\u000acpu MHz		: 2500.014\u000acache size	: 33792 KB\u000aphysical id	: 0\u000asiblings	: 2\u000acore id		: 1\u000acpu cores	: 2\u000aapicid		: 1\u000ainitial apicid	: 1\u000afpu		: yes\u000afpu_exception	: yes\u000acpuid level	: 13\u000awp		: yes\u000aflags		: fpu vme de pse tsc msr pae mce cx8 apic sep mtrr pge mca cmov pat pse36 clflush mmx fxsr sse sse2 ht syscall nx rdtscp lm constant_tsc rep_good nopl xtopology nonstop_tsc cpuid tsc_known_freq pni pclmulqdq ssse3 fma cx16 pcid sse4_1 sse4_2 x2apic movbe popcnt tsc_deadline_timer aes xsave avx f16c rdrand hypervisor lahf_lm abm cpuid_fault invpcid_single pti ssbd ibrs ibpb stibp fsgsbase tsc_adjust bmi1 avx2 smep bmi2 erms invpcid smap xsaveopt arat md_clear arch_capabilities\u000abugs		: cpu_meltdown spectre_v1 spectre_v2 spec_store_bypass l1tf mds swapgs\u000abogomips	: 5000.02\u000aclflush size	: 64\u000acache_alignment	: 64\u000aaddress sizes	: 46 bits physical, 48 bits virtual\u000apower management:\u000a\u000a
p84
sV/proc/meminfo
p85
VMemTotal:        1717184 kB\u000aMemFree:         1119248 kB\u000aMemAvailable:    1486856 kB\u000aBuffers:           17784 kB\u000aCached:           464080 kB\u000aSwapCached:            0 kB\u000aActive:            94476 kB\u000aInactive:         447964 kB\u000aActive(anon):      60568 kB\u000aInactive(anon):      216 kB\u000aActive(file):      33908 kB\u000aInactive(file):   447748 kB\u000aUnevictable:           0 kB\u000aMlocked:               0 kB\u000aSwapTotal:             0 kB\u000aSwapFree:              0 kB\u000aDirty:               216 kB\u000aWriteback:             0 kB\u000aAnonPages:         60564 kB\u000aMapped:            35312 kB\u000aShmem:               220 kB\u000aSlab:              43036 kB\u000aSReclaimable:      32916 kB\u000aSUnreclaim:        10120 kB\u000aKernelStack:        1144 kB\u000aPageTables:         1336 kB\u000aNFS_Unstable:          0 kB\u000aBounce:                0 kB\u000aWritebackTmp:          0 kB\u000aCommitLimit:      858592 kB\u000aCommitted_AS:     253836 kB\u000aVmallocTotal:   34359738367 kB\u000aVmallocUsed:           0 kB\u000aVmallocChunk:          0 kB\u000aAnonHugePages:         0 kB\u000aShmemHugePages:        0 kB\u000aShmemPmdMapped:        0 kB\u000aHugePages_Total:       0\u000aHugePages_Free:        0\u000aHugePages_Rsvd:        0\u000aHugePages_Surp:        0\u000aHugepagesize:       2048 kB\u000aDirectMap4k:       19456 kB\u000aDirectMap2M:     1742848 kB\u000a
p86
ssVstatus_key
p87
Vpywren.jobs/d7506aa8-26d3-4e94-961f-b19674a75379/00001/status.json
p88
sVend_time
p89
F1609057674.03127
sVlog_group_name
p90
V/aws/lambda/pywren_redis_2
p91
sVdata_key
p92
Vpywren.jobs/d7506aa8-26d3-4e94-961f-b19674a75379/aggdata.pickle
p93
sa(dp94
Vcallset_id
p95
Vd7506aa8-26d3-4e94-961f-b19674a75379
p96
sVlog_stream_name
p97
V2020/12/27/[$LATEST]b2bf20efc71c4e1bbfafb931ca4034f1
p98
sVstdout
p99
V
sVfunc_key
p100
Vpywren.jobs/d7506aa8-26d3-4e94-961f-b19674a75379/func.pickle
p101
sVfree_disk_bytes
p102
I538333184
sVruntime_cached
p103
I00
sVretcode
p104
I0
sVcall_id
p105
V00002
p106
sVoutput_key
p107
Vpywren.jobs/d7506aa8-26d3-4e94-961f-b19674a75379/00002/output.pickle
p108
sVruntime_s3_key_used
p109
V48c3f1-pywren.runtimes/default_2.7.tar.gz.0040
p110
sVaws_request_id
p111
V17fa1599-547a-4dff-8214-2567c0040b8d
p112
sVexec_time
p113
F102.52401494979858
sVstart_time
p114
F1609057563.921593
sVsetup_time
p115
F8.1703760623931885
sVruntime_s3_bucket_used
p116
Vpywren-runtimes-public-us-west-2
p117
sVexception
p118
NsVhost_submit_time
p119
F1609057563.0402639
sVserver_info
p120
(dp121
Vuname
p122
V('Linux', '169.254.81.237', '4.14.203-112.332.amzn2.x86_64', '#1 SMP Wed Nov 4 20:46:34 UTC 2020', 'x86_64', 'x86_64')
p123
sV/proc/self/cgroup
p124
VMemTotal:        1717184 kB\u000aMemFree:         1118620 kB\u000aMemAvailable:    1486504 kB\u000aBuffers:           17876 kB\u000aCached:           464228 kB\u000aSwapCached:            0 kB\u000aActive:            94576 kB\u000aInactive:         447992 kB\u000aActive(anon):      60456 kB\u000aInactive(anon):      216 kB\u000aActive(file):      34120 kB\u000aInactive(file):   447776 kB\u000aUnevictable:           0 kB\u000aMlocked:               0 kB\u000aSwapTotal:             0 kB\u000aSwapFree:              0 kB\u000aDirty:               240 kB\u000aWriteback:             0 kB\u000aAnonPages:         60480 kB\u000aMapped:            34992 kB\u000aShmem:               220 kB\u000aSlab:              43000 kB\u000aSReclaimable:      32988 kB\u000aSUnreclaim:        10012 kB\u000aKernelStack:        1176 kB\u000aPageTables:         1408 kB\u000aNFS_Unstable:          0 kB\u000aBounce:                0 kB\u000aWritebackTmp:          0 kB\u000aCommitLimit:      858592 kB\u000aCommitted_AS:     259816 kB\u000aVmallocTotal:   34359738367 kB\u000aVmallocUsed:           0 kB\u000aVmallocChunk:          0 kB\u000aAnonHugePages:         0 kB\u000aShmemHugePages:        0 kB\u000aShmemPmdMapped:        0 kB\u000aHugePages_Total:       0\u000aHugePages_Free:        0\u000aHugePages_Rsvd:        0\u000aHugePages_Surp:        0\u000aHugepagesize:       2048 kB\u000aDirectMap4k:       19456 kB\u000aDirectMap2M:     1742848 kB\u000a
p125
sV/proc/cgroups
p126
V#subsys_name	hierarchy	num_cgroups	enabled\u000acpuset	4	1	1\u000acpu	3	5	1\u000acpuacct	3	5	1\u000ablkio	11	1	1\u000amemory	8	5	1\u000adevices	6	1	1\u000afreezer	9	2	1\u000anet_cls	5	1	1\u000aperf_event	10	1	1\u000anet_prio	5	1	1\u000ahugetlb	2	1	1\u000apids	7	1	1\u000a
p127
sV/proc/cpuinfo
p128
Vprocessor	: 0\u000avendor_id	: GenuineIntel\u000acpu family	: 6\u000amodel		: 63\u000amodel name	: Intel(R) Xeon(R) Processor @ 2.50GHz\u000astepping	: 2\u000amicrocode	: 0x1\u000acpu MHz		: 2500.004\u000acache size	: 33792 KB\u000aphysical id	: 0\u000asiblings	: 2\u000acore id		: 0\u000acpu cores	: 2\u000aapicid		: 0\u000ainitial apicid	: 0\u000afpu		: yes\u000afpu_exception	: yes\u000acpuid level	: 13\u000awp		: yes\u000aflags		: fpu vme de pse tsc msr pae mce cx8 apic sep mtrr pge mca cmov pat pse36 clflush mmx fxsr sse sse2 ht syscall nx rdtscp lm constant_tsc rep_good nopl xtopology nonstop_tsc cpuid tsc_known_freq pni pclmulqdq ssse3 fma cx16 pcid sse4_1 sse4_2 x2apic movbe popcnt tsc_deadline_timer aes xsave avx f16c rdrand hypervisor lahf_lm abm cpuid_fault invpcid_single pti ssbd ibrs ibpb stibp fsgsbase tsc_adjust bmi1 avx2 smep bmi2 erms invpcid smap xsaveopt arat md_clear arch_capabilities\u000abugs		: cpu_meltdown spectre_v1 spectre_v2 spec_store_bypass l1tf mds swapgs\u000abogomips	: 5000.00\u000aclflush size	: 64\u000acache_alignment	: 64\u000aaddress sizes	: 46 bits physical, 48 bits virtual\u000apower management:\u000a\u000aprocessor	: 1\u000avendor_id	: GenuineIntel\u000acpu family	: 6\u000amodel		: 63\u000amodel name	: Intel(R) Xeon(R) Processor @ 2.50GHz\u000astepping	: 2\u000amicrocode	: 0x1\u000acpu MHz		: 2500.004\u000acache size	: 33792 KB\u000aphysical id	: 0\u000asiblings	: 2\u000acore id		: 1\u000acpu cores	: 2\u000aapicid		: 1\u000ainitial apicid	: 1\u000afpu		: yes\u000afpu_exception	: yes\u000acpuid level	: 13\u000awp		: yes\u000aflags		: fpu vme de pse tsc msr pae mce cx8 apic sep mtrr pge mca cmov pat pse36 clflush mmx fxsr sse sse2 ht syscall nx rdtscp lm constant_tsc rep_good nopl xtopology nonstop_tsc cpuid tsc_known_freq pni pclmulqdq ssse3 fma cx16 pcid sse4_1 sse4_2 x2apic movbe popcnt tsc_deadline_timer aes xsave avx f16c rdrand hypervisor lahf_lm abm cpuid_fault invpcid_single pti ssbd ibrs ibpb stibp fsgsbase tsc_adjust bmi1 avx2 smep bmi2 erms invpcid smap xsaveopt arat md_clear arch_capabilities\u000abugs		: cpu_meltdown spectre_v1 spectre_v2 spec_store_bypass l1tf mds swapgs\u000abogomips	: 5000.00\u000aclflush size	: 64\u000acache_alignment	: 64\u000aaddress sizes	: 46 bits physical, 48 bits virtual\u000apower management:\u000a\u000a
p129
sV/proc/meminfo
p130
VMemTotal:        1717184 kB\u000aMemFree:         1118620 kB\u000aMemAvailable:    1486504 kB\u000aBuffers:           17876 kB\u000aCached:           464228 kB\u000aSwapCached:            0 kB\u000aActive:            94576 kB\u000aInactive:         447992 kB\u000aActive(anon):      60456 kB\u000aInactive(anon):      216 kB\u000aActive(file):      34120 kB\u000aInactive(file):   447776 kB\u000aUnevictable:           0 kB\u000aMlocked:               0 kB\u000aSwapTotal:             0 kB\u000aSwapFree:              0 kB\u000aDirty:               240 kB\u000aWriteback:             0 kB\u000aAnonPages:         60480 kB\u000aMapped:            34992 kB\u000aShmem:               220 kB\u000aSlab:              43000 kB\u000aSReclaimable:      32988 kB\u000aSUnreclaim:        10012 kB\u000aKernelStack:        1176 kB\u000aPageTables:         1408 kB\u000aNFS_Unstable:          0 kB\u000aBounce:                0 kB\u000aWritebackTmp:          0 kB\u000aCommitLimit:      858592 kB\u000aCommitted_AS:     259816 kB\u000aVmallocTotal:   34359738367 kB\u000aVmallocUsed:           0 kB\u000aVmallocChunk:          0 kB\u000aAnonHugePages:         0 kB\u000aShmemHugePages:        0 kB\u000aShmemPmdMapped:        0 kB\u000aHugePages_Total:       0\u000aHugePages_Free:        0\u000aHugePages_Rsvd:        0\u000aHugePages_Surp:        0\u000aHugepagesize:       2048 kB\u000aDirectMap4k:       19456 kB\u000aDirectMap2M:     1742848 kB\u000a
p131
ssVstatus_key
p132
Vpywren.jobs/d7506aa8-26d3-4e94-961f-b19674a75379/00002/status.json
p133
sVend_time
p134
F1609057674.615977
sVlog_group_name
p135
V/aws/lambda/pywren_redis_2
p136
sVdata_key
p137
Vpywren.jobs/d7506aa8-26d3-4e94-961f-b19674a75379/aggdata.pickle
p138
sa(dp139
Vcallset_id
p140
Vd7506aa8-26d3-4e94-961f-b19674a75379
p141
sVlog_stream_name
p142
V2020/12/27/[$LATEST]5f38a733a9444d9a9c9fd9e205a81d02
p143
sVstdout
p144
V
sVfunc_key
p145
Vpywren.jobs/d7506aa8-26d3-4e94-961f-b19674a75379/func.pickle
p146
sVfree_disk_bytes
p147
I538333184
sVruntime_cached
p148
I00
sVretcode
p149
I0
sVcall_id
p150
V00003
p151
sVoutput_key
p152
Vpywren.jobs/d7506aa8-26d3-4e94-961f-b19674a75379/00003/output.pickle
p153
sVruntime_s3_key_used
p154
V6fb970-pywren.runtimes/default_2.7.tar.gz.0026
p155
sVaws_request_id
p156
Vf116428c-69d8-4b9b-9ec2-b3737a755ad3
p157
sVexec_time
p158
F102.48339319229126
sVstart_time
p159
F1609057563.9288609
sVsetup_time
p160
F8.5506269931793213
sVruntime_s3_bucket_used
p161
Vpywren-runtimes-public-us-west-2
p162
sVexception
p163
NsVhost_submit_time
p164
F1609057563.0453429
sVserver_info
p165
(dp166
Vuname
p167
V('Linux', '169.254.233.101', '4.14.203-112.332.amzn2.x86_64', '#1 SMP Wed Nov 4 20:46:34 UTC 2020', 'x86_64', 'x86_64')
p168
sV/proc/self/cgroup
p169
VMemTotal:        1717184 kB\u000aMemFree:         1124408 kB\u000aMemAvailable:    1486520 kB\u000aBuffers:           16068 kB\u000aCached:           460300 kB\u000aSwapCached:            0 kB\u000aActive:            92128 kB\u000aInactive:         444820 kB\u000aActive(anon):      60568 kB\u000aInactive(anon):      216 kB\u000aActive(file):      31560 kB\u000aInactive(file):   444604 kB\u000aUnevictable:           0 kB\u000aMlocked:               0 kB\u000aSwapTotal:             0 kB\u000aSwapFree:              0 kB\u000aDirty:                12 kB\u000aWriteback:             0 kB\u000aAnonPages:         60568 kB\u000aMapped:            34616 kB\u000aShmem:               220 kB\u000aSlab:              43064 kB\u000aSReclaimable:      32912 kB\u000aSUnreclaim:        10152 kB\u000aKernelStack:        1152 kB\u000aPageTables:         1312 kB\u000aNFS_Unstable:          0 kB\u000aBounce:                0 kB\u000aWritebackTmp:          0 kB\u000aCommitLimit:      858592 kB\u000aCommitted_AS:     252808 kB\u000aVmallocTotal:   34359738367 kB\u000aVmallocUsed:           0 kB\u000aVmallocChunk:          0 kB\u000aAnonHugePages:         0 kB\u000aShmemHugePages:        0 kB\u000aShmemPmdMapped:        0 kB\u000aHugePages_Total:       0\u000aHugePages_Free:        0\u000aHugePages_Rsvd:        0\u000aHugePages_Surp:        0\u000aHugepagesize:       2048 kB\u000aDirectMap4k:       19456 kB\u000aDirectMap2M:     1742848 kB\u000a
p170
sV/proc/cgroups
p171
V#subsys_name	hierarchy	num_cgroups	enabled\u000acpuset	8	1	1\u000acpu	4	5	1\u000acpuacct	4	5	1\u000ablkio	9	1	1\u000amemory	3	5	1\u000adevices	10	1	1\u000afreezer	5	2	1\u000anet_cls	6	1	1\u000aperf_event	7	1	1\u000anet_prio	6	1	1\u000ahugetlb	11	1	1\u000apids	2	1	1\u000a
p172
sV/proc/cpuinfo
p173
Vprocessor	: 0\u000avendor_id	: GenuineIntel\u000acpu family	: 6\u000amodel		: 63\u000amodel name	: Intel(R) Xeon(R) Processor @ 2.50GHz\u000astepping	: 2\u000amicrocode	: 0x1\u000acpu MHz		: 2500.010\u000acache size	: 33792 KB\u000aphysical id	: 0\u000asiblings	: 2\u000acore id		: 0\u000acpu cores	: 2\u000aapicid		: 0\u000ainitial apicid	: 0\u000afpu		: yes\u000afpu_exception	: yes\u000acpuid level	: 13\u000awp		: yes\u000aflags		: fpu vme de pse tsc msr pae mce cx8 apic sep mtrr pge mca cmov pat pse36 clflush mmx fxsr sse sse2 ht syscall nx rdtscp lm constant_tsc rep_good nopl xtopology nonstop_tsc cpuid tsc_known_freq pni pclmulqdq ssse3 fma cx16 pcid sse4_1 sse4_2 x2apic movbe popcnt tsc_deadline_timer aes xsave avx f16c rdrand hypervisor lahf_lm abm cpuid_fault invpcid_single pti ssbd ibrs ibpb stibp fsgsbase tsc_adjust bmi1 avx2 smep bmi2 erms invpcid smap xsaveopt arat md_clear arch_capabilities\u000abugs		: cpu_meltdown spectre_v1 spectre_v2 spec_store_bypass l1tf mds swapgs\u000abogomips	: 5000.02\u000aclflush size	: 64\u000acache_alignment	: 64\u000aaddress sizes	: 46 bits physical, 48 bits virtual\u000apower management:\u000a\u000aprocessor	: 1\u000avendor_id	: GenuineIntel\u000acpu family	: 6\u000amodel		: 63\u000amodel name	: Intel(R) Xeon(R) Processor @ 2.50GHz\u000astepping	: 2\u000amicrocode	: 0x1\u000acpu MHz		: 2500.010\u000acache size	: 33792 KB\u000aphysical id	: 0\u000asiblings	: 2\u000acore id		: 1\u000acpu cores	: 2\u000aapicid		: 1\u000ainitial apicid	: 1\u000afpu		: yes\u000afpu_exception	: yes\u000acpuid level	: 13\u000awp		: yes\u000aflags		: fpu vme de pse tsc msr pae mce cx8 apic sep mtrr pge mca cmov pat pse36 clflush mmx fxsr sse sse2 ht syscall nx rdtscp lm constant_tsc rep_good nopl xtopology nonstop_tsc cpuid tsc_known_freq pni pclmulqdq ssse3 fma cx16 pcid sse4_1 sse4_2 x2apic movbe popcnt tsc_deadline_timer aes xsave avx f16c rdrand hypervisor lahf_lm abm cpuid_fault invpcid_single pti ssbd ibrs ibpb stibp fsgsbase tsc_adjust bmi1 avx2 smep bmi2 erms invpcid smap xsaveopt arat md_clear arch_capabilities\u000abugs		: cpu_meltdown spectre_v1 spectre_v2 spec_store_bypass l1tf mds swapgs\u000abogomips	: 5000.02\u000aclflush size	: 64\u000acache_alignment	: 64\u000aaddress sizes	: 46 bits physical, 48 bits virtual\u000apower management:\u000a\u000a
p174
sV/proc/meminfo
p175
VMemTotal:        1717184 kB\u000aMemFree:         1124408 kB\u000aMemAvailable:    1486520 kB\u000aBuffers:           16068 kB\u000aCached:           460300 kB\u000aSwapCached:            0 kB\u000aActive:            92128 kB\u000aInactive:         444820 kB\u000aActive(anon):      60568 kB\u000aInactive(anon):      216 kB\u000aActive(file):      31560 kB\u000aInactive(file):   444604 kB\u000aUnevictable:           0 kB\u000aMlocked:               0 kB\u000aSwapTotal:             0 kB\u000aSwapFree:              0 kB\u000aDirty:                12 kB\u000aWriteback:             0 kB\u000aAnonPages:         60568 kB\u000aMapped:            34616 kB\u000aShmem:               220 kB\u000aSlab:              43064 kB\u000aSReclaimable:      32912 kB\u000aSUnreclaim:        10152 kB\u000aKernelStack:        1152 kB\u000aPageTables:         1312 kB\u000aNFS_Unstable:          0 kB\u000aBounce:                0 kB\u000aWritebackTmp:          0 kB\u000aCommitLimit:      858592 kB\u000aCommitted_AS:     252808 kB\u000aVmallocTotal:   34359738367 kB\u000aVmallocUsed:           0 kB\u000aVmallocChunk:          0 kB\u000aAnonHugePages:         0 kB\u000aShmemHugePages:        0 kB\u000aShmemPmdMapped:        0 kB\u000aHugePages_Total:       0\u000aHugePages_Free:        0\u000aHugePages_Rsvd:        0\u000aHugePages_Surp:        0\u000aHugepagesize:       2048 kB\u000aDirectMap4k:       19456 kB\u000aDirectMap2M:     1742848 kB\u000a
p176
ssVstatus_key
p177
Vpywren.jobs/d7506aa8-26d3-4e94-961f-b19674a75379/00003/status.json
p178
sVend_time
p179
F1609057674.9628749
sVlog_group_name
p180
V/aws/lambda/pywren_redis_2
p181
sVdata_key
p182
Vpywren.jobs/d7506aa8-26d3-4e94-961f-b19674a75379/aggdata.pickle
p183
sa(dp184
Vcallset_id
p185
Vd7506aa8-26d3-4e94-961f-b19674a75379
p186
sVlog_stream_name
p187
V2020/12/27/[$LATEST]46b0a76fd3364905b5b3014eab350d0b
p188
sVstdout
p189
V
sVfunc_key
p190
Vpywren.jobs/d7506aa8-26d3-4e94-961f-b19674a75379/func.pickle
p191
sVfree_disk_bytes
p192
I538333184
sVruntime_cached
p193
I00
sVretcode
p194
I0
sVcall_id
p195
V00004
p196
sVoutput_key
p197
Vpywren.jobs/d7506aa8-26d3-4e94-961f-b19674a75379/00004/output.pickle
p198
sVruntime_s3_key_used
p199
V05f4ec-pywren.runtimes/default_2.7.tar.gz.0098
p200
sVaws_request_id
p201
V168dd16c-7dab-4be6-99b2-887727349145
p202
sVexec_time
p203
F102.5492799282074
sVstart_time
p204
F1609057563.915216
sVsetup_time
p205
F8.4645841121673584
sVruntime_s3_bucket_used
p206
Vpywren-runtimes-public-us-west-2
p207
sVexception
p208
NsVhost_submit_time
p209
F1609057563.0510819
sVserver_info
p210
(dp211
Vuname
p212
V('Linux', '169.254.123.121', '4.14.203-112.332.amzn2.x86_64', '#1 SMP Wed Nov 4 20:46:34 UTC 2020', 'x86_64', 'x86_64')
p213
sV/proc/self/cgroup
p214
VMemTotal:        1717184 kB\u000aMemFree:         1122444 kB\u000aMemAvailable:    1486532 kB\u000aBuffers:           14388 kB\u000aCached:           463980 kB\u000aSwapCached:            0 kB\u000aActive:            92588 kB\u000aInactive:         446744 kB\u000aActive(anon):      60956 kB\u000aInactive(anon):      216 kB\u000aActive(file):      31632 kB\u000aInactive(file):   446528 kB\u000aUnevictable:           0 kB\u000aMlocked:               0 kB\u000aSwapTotal:             0 kB\u000aSwapFree:              0 kB\u000aDirty:                 4 kB\u000aWriteback:             0 kB\u000aAnonPages:         60952 kB\u000aMapped:            34204 kB\u000aShmem:               220 kB\u000aSlab:              42896 kB\u000aSReclaimable:      32872 kB\u000aSUnreclaim:        10024 kB\u000aKernelStack:        1216 kB\u000aPageTables:         1332 kB\u000aNFS_Unstable:          0 kB\u000aBounce:                0 kB\u000aWritebackTmp:          0 kB\u000aCommitLimit:      858592 kB\u000aCommitted_AS:     253820 kB\u000aVmallocTotal:   34359738367 kB\u000aVmallocUsed:           0 kB\u000aVmallocChunk:          0 kB\u000aAnonHugePages:         0 kB\u000aShmemHugePages:        0 kB\u000aShmemPmdMapped:        0 kB\u000aHugePages_Total:       0\u000aHugePages_Free:        0\u000aHugePages_Rsvd:        0\u000aHugePages_Surp:        0\u000aHugepagesize:       2048 kB\u000aDirectMap4k:       21504 kB\u000aDirectMap2M:     1740800 kB\u000a
p215
sV/proc/cgroups
p216
V#subsys_name	hierarchy	num_cgroups	enabled\u000acpuset	7	1	1\u000acpu	4	5	1\u000acpuacct	4	5	1\u000ablkio	10	1	1\u000amemory	6	5	1\u000adevices	2	1	1\u000afreezer	11	2	1\u000anet_cls	9	1	1\u000aperf_event	5	1	1\u000anet_prio	9	1	1\u000ahugetlb	8	1	1\u000apids	3	1	1\u000a
p217
sV/proc/cpuinfo
p218
Vprocessor	: 0\u000avendor_id	: GenuineIntel\u000acpu family	: 6\u000amodel		: 63\u000amodel name	: Intel(R) Xeon(R) Processor @ 2.50GHz\u000astepping	: 2\u000amicrocode	: 0x1\u000acpu MHz		: 2500.010\u000acache size	: 36608 KB\u000aphysical id	: 0\u000asiblings	: 2\u000acore id		: 0\u000acpu cores	: 2\u000aapicid		: 0\u000ainitial apicid	: 0\u000afpu		: yes\u000afpu_exception	: yes\u000acpuid level	: 13\u000awp		: yes\u000aflags		: fpu vme de pse tsc msr pae mce cx8 apic sep mtrr pge mca cmov pat pse36 clflush mmx fxsr sse sse2 ht syscall nx rdtscp lm constant_tsc rep_good nopl xtopology nonstop_tsc cpuid tsc_known_freq pni pclmulqdq ssse3 fma cx16 pcid sse4_1 sse4_2 x2apic movbe popcnt tsc_deadline_timer aes xsave avx f16c rdrand hypervisor lahf_lm abm cpuid_fault invpcid_single ssbd ibrs ibpb stibp ibrs_enhanced fsgsbase tsc_adjust bmi1 avx2 smep bmi2 erms invpcid smap xsaveopt arat md_clear arch_capabilities\u000abugs		: spectre_v1 spectre_v2 spec_store_bypass swapgs\u000abogomips	: 5000.02\u000aclflush size	: 64\u000acache_alignment	: 64\u000aaddress sizes	: 46 bits physical, 48 bits virtual\u000apower management:\u000a\u000aprocessor	: 1\u000avendor_id	: GenuineIntel\u000acpu family	: 6\u000amodel		: 63\u000amodel name	: Intel(R) Xeon(R) Processor @ 2.50GHz\u000astepping	: 2\u000amicrocode	: 0x1\u000acpu MHz		: 2500.010\u000acache size	: 36608 KB\u000aphysical id	: 0\u000asiblings	: 2\u000acore id		: 1\u000acpu cores	: 2\u000aapicid		: 1\u000ainitial apicid	: 1\u000afpu		: yes\u000afpu_exception	: yes\u000acpuid level	: 13\u000awp		: yes\u000aflags		: fpu vme de pse tsc msr pae mce cx8 apic sep mtrr pge mca cmov pat pse36 clflush mmx fxsr sse sse2 ht syscall nx rdtscp lm constant_tsc rep_good nopl xtopology nonstop_tsc cpuid tsc_known_freq pni pclmulqdq ssse3 fma cx16 pcid sse4_1 sse4_2 x2apic movbe popcnt tsc_deadline_timer aes xsave avx f16c rdrand hypervisor lahf_lm abm cpuid_fault invpcid_single ssbd ibrs ibpb stibp ibrs_enhanced fsgsbase tsc_adjust bmi1 avx2 smep bmi2 erms invpcid smap xsaveopt arat md_clear arch_capabilities\u000abugs		: spectre_v1 spectre_v2 spec_store_bypass swapgs\u000abogomips	: 5000.02\u000aclflush size	: 64\u000acache_alignment	: 64\u000aaddress sizes	: 46 bits physical, 48 bits virtual\u000apower management:\u000a\u000a
p219
sV/proc/meminfo
p220
VMemTotal:        1717184 kB\u000aMemFree:         1122444 kB\u000aMemAvailable:    1486532 kB\u000aBuffers:           14388 kB\u000aCached:           463980 kB\u000aSwapCached:            0 kB\u000aActive:            92588 kB\u000aInactive:         446744 kB\u000aActive(anon):      60956 kB\u000aInactive(anon):      216 kB\u000aActive(file):      31632 kB\u000aInactive(file):   446528 kB\u000aUnevictable:           0 kB\u000aMlocked:               0 kB\u000aSwapTotal:             0 kB\u000aSwapFree:              0 kB\u000aDirty:                 4 kB\u000aWriteback:             0 kB\u000aAnonPages:         60952 kB\u000aMapped:            34204 kB\u000aShmem:               220 kB\u000aSlab:              42896 kB\u000aSReclaimable:      32872 kB\u000aSUnreclaim:        10024 kB\u000aKernelStack:        1216 kB\u000aPageTables:         1332 kB\u000aNFS_Unstable:          0 kB\u000aBounce:                0 kB\u000aWritebackTmp:          0 kB\u000aCommitLimit:      858592 kB\u000aCommitted_AS:     253820 kB\u000aVmallocTotal:   34359738367 kB\u000aVmallocUsed:           0 kB\u000aVmallocChunk:          0 kB\u000aAnonHugePages:         0 kB\u000aShmemHugePages:        0 kB\u000aShmemPmdMapped:        0 kB\u000aHugePages_Total:       0\u000aHugePages_Free:        0\u000aHugePages_Rsvd:        0\u000aHugePages_Surp:        0\u000aHugepagesize:       2048 kB\u000aDirectMap4k:       21504 kB\u000aDirectMap2M:     1740800 kB\u000a
p221
ssVstatus_key
p222
Vpywren.jobs/d7506aa8-26d3-4e94-961f-b19674a75379/00004/status.json
p223
sVend_time
p224
F1609057674.9290731
sVlog_group_name
p225
V/aws/lambda/pywren_redis_2
p226
sVdata_key
p227
Vpywren.jobs/d7506aa8-26d3-4e94-961f-b19674a75379/aggdata.pickle
p228
sa(dp229
Vcallset_id
p230
Vd7506aa8-26d3-4e94-961f-b19674a75379
p231
sVlog_stream_name
p232
V2020/12/27/[$LATEST]898efe3820914b5eab1d2885772e9415
p233
sVstdout
p234
V
sVfunc_key
p235
Vpywren.jobs/d7506aa8-26d3-4e94-961f-b19674a75379/func.pickle
p236
sVfree_disk_bytes
p237
I538333184
sVruntime_cached
p238
I00
sVretcode
p239
I0
sVcall_id
p240
V00005
p241
sVoutput_key
p242
Vpywren.jobs/d7506aa8-26d3-4e94-961f-b19674a75379/00005/output.pickle
p243
sVruntime_s3_key_used
p244
V0dd9e5-pywren.runtimes/default_2.7.tar.gz.0045
p245
sVaws_request_id
p246
V9df2c0a6-e041-491a-8953-b86a4c4f2cac
p247
sVexec_time
p248
F101.12171792984009
sVstart_time
p249
F1609057563.8708091
sVsetup_time
p250
F8.2875590324401855
sVruntime_s3_bucket_used
p251
Vpywren-runtimes-public-us-west-2
p252
sVexception
p253
NsVhost_submit_time
p254
F1609057563.0558269
sVserver_info
p255
(dp256
Vuname
p257
V('Linux', '169.254.237.101', '4.14.203-112.332.amzn2.x86_64', '#1 SMP Wed Nov 4 20:46:34 UTC 2020', 'x86_64', 'x86_64')
p258
sV/proc/self/cgroup
p259
VMemTotal:        1717184 kB\u000aMemFree:         1118252 kB\u000aMemAvailable:    1486420 kB\u000aBuffers:           17908 kB\u000aCached:           464544 kB\u000aSwapCached:            0 kB\u000aActive:            95368 kB\u000aInactive:         448048 kB\u000aActive(anon):      60956 kB\u000aInactive(anon):      216 kB\u000aActive(file):      34412 kB\u000aInactive(file):   447832 kB\u000aUnevictable:           0 kB\u000aMlocked:               0 kB\u000aSwapTotal:             0 kB\u000aSwapFree:              0 kB\u000aDirty:                 4 kB\u000aWriteback:             0 kB\u000aAnonPages:         60956 kB\u000aMapped:            35372 kB\u000aShmem:               220 kB\u000aSlab:              42820 kB\u000aSReclaimable:      32860 kB\u000aSUnreclaim:         9960 kB\u000aKernelStack:        1136 kB\u000aPageTables:         1324 kB\u000aNFS_Unstable:          0 kB\u000aBounce:                0 kB\u000aWritebackTmp:          0 kB\u000aCommitLimit:      858592 kB\u000aCommitted_AS:     253820 kB\u000aVmallocTotal:   34359738367 kB\u000aVmallocUsed:           0 kB\u000aVmallocChunk:          0 kB\u000aAnonHugePages:         0 kB\u000aShmemHugePages:        0 kB\u000aShmemPmdMapped:        0 kB\u000aHugePages_Total:       0\u000aHugePages_Free:        0\u000aHugePages_Rsvd:        0\u000aHugePages_Surp:        0\u000aHugepagesize:       2048 kB\u000aDirectMap4k:       21504 kB\u000aDirectMap2M:     1740800 kB\u000a
p260
sV/proc/cgroups
p261
V#subsys_name	hierarchy	num_cgroups	enabled\u000acpuset	10	1	1\u000acpu	8	5	1\u000acpuacct	8	5	1\u000ablkio	7	1	1\u000amemory	9	5	1\u000adevices	11	1	1\u000afreezer	5	2	1\u000anet_cls	6	1	1\u000aperf_event	4	1	1\u000anet_prio	6	1	1\u000ahugetlb	2	1	1\u000apids	3	1	1\u000a
p262
sV/proc/cpuinfo
p263
Vprocessor	: 0\u000avendor_id	: GenuineIntel\u000acpu family	: 6\u000amodel		: 63\u000amodel name	: Intel(R) Xeon(R) Processor @ 2.50GHz\u000astepping	: 2\u000amicrocode	: 0x1\u000acpu MHz		: 2500.010\u000acache size	: 36608 KB\u000aphysical id	: 0\u000asiblings	: 2\u000acore id		: 0\u000acpu cores	: 2\u000aapicid		: 0\u000ainitial apicid	: 0\u000afpu		: yes\u000afpu_exception	: yes\u000acpuid level	: 13\u000awp		: yes\u000aflags		: fpu vme de pse tsc msr pae mce cx8 apic sep mtrr pge mca cmov pat pse36 clflush mmx fxsr sse sse2 ht syscall nx rdtscp lm constant_tsc rep_good nopl xtopology nonstop_tsc cpuid tsc_known_freq pni pclmulqdq ssse3 fma cx16 pcid sse4_1 sse4_2 x2apic movbe popcnt tsc_deadline_timer aes xsave avx f16c rdrand hypervisor lahf_lm abm cpuid_fault invpcid_single ssbd ibrs ibpb stibp ibrs_enhanced fsgsbase tsc_adjust bmi1 avx2 smep bmi2 erms invpcid smap xsaveopt arat md_clear arch_capabilities\u000abugs		: spectre_v1 spectre_v2 spec_store_bypass swapgs\u000abogomips	: 5000.02\u000aclflush size	: 64\u000acache_alignment	: 64\u000aaddress sizes	: 46 bits physical, 48 bits virtual\u000apower management:\u000a\u000aprocessor	: 1\u000avendor_id	: GenuineIntel\u000acpu family	: 6\u000amodel		: 63\u000amodel name	: Intel(R) Xeon(R) Processor @ 2.50GHz\u000astepping	: 2\u000amicrocode	: 0x1\u000acpu MHz		: 2500.010\u000acache size	: 36608 KB\u000aphysical id	: 0\u000asiblings	: 2\u000acore id		: 1\u000acpu cores	: 2\u000aapicid		: 1\u000ainitial apicid	: 1\u000afpu		: yes\u000afpu_exception	: yes\u000acpuid level	: 13\u000awp		: yes\u000aflags		: fpu vme de pse tsc msr pae mce cx8 apic sep mtrr pge mca cmov pat pse36 clflush mmx fxsr sse sse2 ht syscall nx rdtscp lm constant_tsc rep_good nopl xtopology nonstop_tsc cpuid tsc_known_freq pni pclmulqdq ssse3 fma cx16 pcid sse4_1 sse4_2 x2apic movbe popcnt tsc_deadline_timer aes xsave avx f16c rdrand hypervisor lahf_lm abm cpuid_fault invpcid_single ssbd ibrs ibpb stibp ibrs_enhanced fsgsbase tsc_adjust bmi1 avx2 smep bmi2 erms invpcid smap xsaveopt arat md_clear arch_capabilities\u000abugs		: spectre_v1 spectre_v2 spec_store_bypass swapgs\u000abogomips	: 5000.02\u000aclflush size	: 64\u000acache_alignment	: 64\u000aaddress sizes	: 46 bits physical, 48 bits virtual\u000apower management:\u000a\u000a
p264
sV/proc/meminfo
p265
VMemTotal:        1717184 kB\u000aMemFree:         1118252 kB\u000aMemAvailable:    1486420 kB\u000aBuffers:           17908 kB\u000aCached:           464544 kB\u000aSwapCached:            0 kB\u000aActive:            95368 kB\u000aInactive:         448048 kB\u000aActive(anon):      60956 kB\u000aInactive(anon):      216 kB\u000aActive(file):      34412 kB\u000aInactive(file):   447832 kB\u000aUnevictable:           0 kB\u000aMlocked:               0 kB\u000aSwapTotal:             0 kB\u000aSwapFree:              0 kB\u000aDirty:                 4 kB\u000aWriteback:             0 kB\u000aAnonPages:         60956 kB\u000aMapped:            35372 kB\u000aShmem:               220 kB\u000aSlab:              42820 kB\u000aSReclaimable:      32860 kB\u000aSUnreclaim:         9960 kB\u000aKernelStack:        1136 kB\u000aPageTables:         1324 kB\u000aNFS_Unstable:          0 kB\u000aBounce:                0 kB\u000aWritebackTmp:          0 kB\u000aCommitLimit:      858592 kB\u000aCommitted_AS:     253820 kB\u000aVmallocTotal:   34359738367 kB\u000aVmallocUsed:           0 kB\u000aVmallocChunk:          0 kB\u000aAnonHugePages:         0 kB\u000aShmemHugePages:        0 kB\u000aShmemPmdMapped:        0 kB\u000aHugePages_Total:       0\u000aHugePages_Free:        0\u000aHugePages_Rsvd:        0\u000aHugePages_Surp:        0\u000aHugepagesize:       2048 kB\u000aDirectMap4k:       21504 kB\u000aDirectMap2M:     1740800 kB\u000a
p266
ssVstatus_key
p267
Vpywren.jobs/d7506aa8-26d3-4e94-961f-b19674a75379/00005/status.json
p268
sVend_time
p269
F1609057673.2800801
sVlog_group_name
p270
V/aws/lambda/pywren_redis_2
p271
sVdata_key
p272
Vpywren.jobs/d7506aa8-26d3-4e94-961f-b19674a75379/aggdata.pickle
p273
sa(dp274
Vcallset_id
p275
Vd7506aa8-26d3-4e94-961f-b19674a75379
p276
sVlog_stream_name
p277
V2020/12/27/[$LATEST]0327071f9be941ffba4bdec6ed3d1f88
p278
sVstdout
p279
V
sVfunc_key
p280
Vpywren.jobs/d7506aa8-26d3-4e94-961f-b19674a75379/func.pickle
p281
sVfree_disk_bytes
p282
I538333184
sVruntime_cached
p283
I00
sVretcode
p284
I0
sVcall_id
p285
V00006
p286
sVoutput_key
p287
Vpywren.jobs/d7506aa8-26d3-4e94-961f-b19674a75379/00006/output.pickle
p288
sVruntime_s3_key_used
p289
V10e0c7-pywren.runtimes/default_2.7.tar.gz.0022
p290
sVaws_request_id
p291
Vcafb8fd4-7b2c-476b-9f1b-8ef1699ca64e
p292
sVexec_time
p293
F101.83654999732971
sVstart_time
p294
F1609057564.031868
sVsetup_time
p295
F9.1015369892120361
sVruntime_s3_bucket_used
p296
Vpywren-runtimes-public-us-west-2
p297
sVexception
p298
NsVhost_submit_time
p299
F1609057563.0611279
sVserver_info
p300
(dp301
Vuname
p302
V('Linux', '169.254.135.61', '4.14.203-112.332.amzn2.x86_64', '#1 SMP Wed Nov 4 20:46:34 UTC 2020', 'x86_64', 'x86_64')
p303
sV/proc/self/cgroup
p304
VMemTotal:        1717184 kB\u000aMemFree:         1122700 kB\u000aMemAvailable:    1486604 kB\u000aBuffers:           15000 kB\u000aCached:           463248 kB\u000aSwapCached:            0 kB\u000aActive:            91516 kB\u000aInactive:         447308 kB\u000aActive(anon):      60568 kB\u000aInactive(anon):      216 kB\u000aActive(file):      30948 kB\u000aInactive(file):   447092 kB\u000aUnevictable:           0 kB\u000aMlocked:               0 kB\u000aSwapTotal:             0 kB\u000aSwapFree:              0 kB\u000aDirty:                 8 kB\u000aWriteback:             0 kB\u000aAnonPages:         60568 kB\u000aMapped:            34532 kB\u000aShmem:               220 kB\u000aSlab:              42768 kB\u000aSReclaimable:      32740 kB\u000aSUnreclaim:        10028 kB\u000aKernelStack:        1136 kB\u000aPageTables:         1348 kB\u000aNFS_Unstable:          0 kB\u000aBounce:                0 kB\u000aWritebackTmp:          0 kB\u000aCommitLimit:      858592 kB\u000aCommitted_AS:     251692 kB\u000aVmallocTotal:   34359738367 kB\u000aVmallocUsed:           0 kB\u000aVmallocChunk:          0 kB\u000aAnonHugePages:         0 kB\u000aShmemHugePages:        0 kB\u000aShmemPmdMapped:        0 kB\u000aHugePages_Total:       0\u000aHugePages_Free:        0\u000aHugePages_Rsvd:        0\u000aHugePages_Surp:        0\u000aHugepagesize:       2048 kB\u000aDirectMap4k:       23552 kB\u000aDirectMap2M:     1738752 kB\u000a
p305
sV/proc/cgroups
p306
V#subsys_name	hierarchy	num_cgroups	enabled\u000acpuset	6	1	1\u000acpu	2	5	1\u000acpuacct	2	5	1\u000ablkio	7	1	1\u000amemory	8	5	1\u000adevices	3	1	1\u000afreezer	9	2	1\u000anet_cls	4	1	1\u000aperf_event	5	1	1\u000anet_prio	4	1	1\u000ahugetlb	11	1	1\u000apids	10	1	1\u000a
p307
sV/proc/cpuinfo
p308
Vprocessor	: 0\u000avendor_id	: GenuineIntel\u000acpu family	: 6\u000amodel		: 63\u000amodel name	: Intel(R) Xeon(R) Processor @ 2.50GHz\u000astepping	: 2\u000amicrocode	: 0x1\u000acpu MHz		: 2500.010\u000acache size	: 33792 KB\u000aphysical id	: 0\u000asiblings	: 2\u000acore id		: 0\u000acpu cores	: 2\u000aapicid		: 0\u000ainitial apicid	: 0\u000afpu		: yes\u000afpu_exception	: yes\u000acpuid level	: 13\u000awp		: yes\u000aflags		: fpu vme de pse tsc msr pae mce cx8 apic sep mtrr pge mca cmov pat pse36 clflush mmx fxsr sse sse2 ht syscall nx rdtscp lm constant_tsc rep_good nopl xtopology nonstop_tsc cpuid tsc_known_freq pni pclmulqdq ssse3 fma cx16 pcid sse4_1 sse4_2 x2apic movbe popcnt tsc_deadline_timer aes xsave avx f16c rdrand hypervisor lahf_lm abm cpuid_fault invpcid_single pti ssbd ibrs ibpb stibp fsgsbase tsc_adjust bmi1 avx2 smep bmi2 erms invpcid smap xsaveopt arat md_clear arch_capabilities\u000abugs		: cpu_meltdown spectre_v1 spectre_v2 spec_store_bypass l1tf mds swapgs\u000abogomips	: 5000.02\u000aclflush size	: 64\u000acache_alignment	: 64\u000aaddress sizes	: 46 bits physical, 48 bits virtual\u000apower management:\u000a\u000aprocessor	: 1\u000avendor_id	: GenuineIntel\u000acpu family	: 6\u000amodel		: 63\u000amodel name	: Intel(R) Xeon(R) Processor @ 2.50GHz\u000astepping	: 2\u000amicrocode	: 0x1\u000acpu MHz		: 2500.010\u000acache size	: 33792 KB\u000aphysical id	: 0\u000asiblings	: 2\u000acore id		: 1\u000acpu cores	: 2\u000aapicid		: 1\u000ainitial apicid	: 1\u000afpu		: yes\u000afpu_exception	: yes\u000acpuid level	: 13\u000awp		: yes\u000aflags		: fpu vme de pse tsc msr pae mce cx8 apic sep mtrr pge mca cmov pat pse36 clflush mmx fxsr sse sse2 ht syscall nx rdtscp lm constant_tsc rep_good nopl xtopology nonstop_tsc cpuid tsc_known_freq pni pclmulqdq ssse3 fma cx16 pcid sse4_1 sse4_2 x2apic movbe popcnt tsc_deadline_timer aes xsave avx f16c rdrand hypervisor lahf_lm abm cpuid_fault invpcid_single pti ssbd ibrs ibpb stibp fsgsbase tsc_adjust bmi1 avx2 smep bmi2 erms invpcid smap xsaveopt arat md_clear arch_capabilities\u000abugs		: cpu_meltdown spectre_v1 spectre_v2 spec_store_bypass l1tf mds swapgs\u000abogomips	: 5000.02\u000aclflush size	: 64\u000acache_alignment	: 64\u000aaddress sizes	: 46 bits physical, 48 bits virtual\u000apower management:\u000a\u000a
p309
sV/proc/meminfo
p310
VMemTotal:        1717184 kB\u000aMemFree:         1122700 kB\u000aMemAvailable:    1486604 kB\u000aBuffers:           15000 kB\u000aCached:           463248 kB\u000aSwapCached:            0 kB\u000aActive:            91516 kB\u000aInactive:         447308 kB\u000aActive(anon):      60568 kB\u000aInactive(anon):      216 kB\u000aActive(file):      30948 kB\u000aInactive(file):   447092 kB\u000aUnevictable:           0 kB\u000aMlocked:               0 kB\u000aSwapTotal:             0 kB\u000aSwapFree:              0 kB\u000aDirty:                 8 kB\u000aWriteback:             0 kB\u000aAnonPages:         60568 kB\u000aMapped:            34532 kB\u000aShmem:               220 kB\u000aSlab:              42768 kB\u000aSReclaimable:      32740 kB\u000aSUnreclaim:        10028 kB\u000aKernelStack:        1136 kB\u000aPageTables:         1348 kB\u000aNFS_Unstable:          0 kB\u000aBounce:                0 kB\u000aWritebackTmp:          0 kB\u000aCommitLimit:      858592 kB\u000aCommitted_AS:     251692 kB\u000aVmallocTotal:   34359738367 kB\u000aVmallocUsed:           0 kB\u000aVmallocChunk:          0 kB\u000aAnonHugePages:         0 kB\u000aShmemHugePages:        0 kB\u000aShmemPmdMapped:        0 kB\u000aHugePages_Total:       0\u000aHugePages_Free:        0\u000aHugePages_Rsvd:        0\u000aHugePages_Surp:        0\u000aHugepagesize:       2048 kB\u000aDirectMap4k:       23552 kB\u000aDirectMap2M:     1738752 kB\u000a
p311
ssVstatus_key
p312
Vpywren.jobs/d7506aa8-26d3-4e94-961f-b19674a75379/00006/status.json
p313
sVend_time
p314
F1609057674.969949
sVlog_group_name
p315
V/aws/lambda/pywren_redis_2
p316
sVdata_key
p317
Vpywren.jobs/d7506aa8-26d3-4e94-961f-b19674a75379/aggdata.pickle
p318
sa(dp319
Vcallset_id
p320
Vd7506aa8-26d3-4e94-961f-b19674a75379
p321
sVlog_stream_name
p322
V2020/12/27/[$LATEST]ddbd619cbade4986b1a1f98c2c61a73f
p323
sVstdout
p324
V
sVfunc_key
p325
Vpywren.jobs/d7506aa8-26d3-4e94-961f-b19674a75379/func.pickle
p326
sVfree_disk_bytes
p327
I538333184
sVruntime_cached
p328
I00
sVretcode
p329
I0
sVcall_id
p330
V00007
p331
sVoutput_key
p332
Vpywren.jobs/d7506aa8-26d3-4e94-961f-b19674a75379/00007/output.pickle
p333
sVruntime_s3_key_used
p334
V61a2a1-pywren.runtimes/default_2.7.tar.gz.0050
p335
sVaws_request_id
p336
Va26fe320-84f9-4133-9a82-a55745e1842b
p337
sVexec_time
p338
F102.68363404273987
sVstart_time
p339
F1609057563.9117961
sVsetup_time
p340
F8.0053699016571045
sVruntime_s3_bucket_used
p341
Vpywren-runtimes-public-us-west-2
p342
sVexception
p343
NsVhost_submit_time
p344
F1609057563.067944
sVserver_info
p345
(dp346
Vuname
p347
V('Linux', '169.254.150.69', '4.14.203-112.332.amzn2.x86_64', '#1 SMP Wed Nov 4 20:46:34 UTC 2020', 'x86_64', 'x86_64')
p348
sV/proc/self/cgroup
p349
VMemTotal:        1717184 kB\u000aMemFree:         1119960 kB\u000aMemAvailable:    1486540 kB\u000aBuffers:           17216 kB\u000aCached:           463708 kB\u000aSwapCached:            0 kB\u000aActive:            94320 kB\u000aInactive:         447440 kB\u000aActive(anon):      60828 kB\u000aInactive(anon):      216 kB\u000aActive(file):      33492 kB\u000aInactive(file):   447224 kB\u000aUnevictable:           0 kB\u000aMlocked:               0 kB\u000aSwapTotal:             0 kB\u000aSwapFree:              0 kB\u000aDirty:               196 kB\u000aWriteback:             0 kB\u000aAnonPages:         60824 kB\u000aMapped:            34652 kB\u000aShmem:               220 kB\u000aSlab:              42984 kB\u000aSReclaimable:      32740 kB\u000aSUnreclaim:        10244 kB\u000aKernelStack:        1152 kB\u000aPageTables:         1328 kB\u000aNFS_Unstable:          0 kB\u000aBounce:                0 kB\u000aWritebackTmp:          0 kB\u000aCommitLimit:      858592 kB\u000aCommitted_AS:     261980 kB\u000aVmallocTotal:   34359738367 kB\u000aVmallocUsed:           0 kB\u000aVmallocChunk:          0 kB\u000aAnonHugePages:         0 kB\u000aShmemHugePages:        0 kB\u000aShmemPmdMapped:        0 kB\u000aHugePages_Total:       0\u000aHugePages_Free:        0\u000aHugePages_Rsvd:        0\u000aHugePages_Surp:        0\u000aHugepagesize:       2048 kB\u000aDirectMap4k:       21504 kB\u000aDirectMap2M:     1740800 kB\u000a
p350
sV/proc/cgroups
p351
V#subsys_name	hierarchy	num_cgroups	enabled\u000acpuset	3	1	1\u000acpu	5	5	1\u000acpuacct	5	5	1\u000ablkio	4	1	1\u000amemory	9	5	1\u000adevices	7	1	1\u000afreezer	6	2	1\u000anet_cls	2	1	1\u000aperf_event	10	1	1\u000anet_prio	2	1	1\u000ahugetlb	8	1	1\u000apids	11	1	1\u000a
p352
sV/proc/cpuinfo
p353
Vprocessor	: 0\u000avendor_id	: GenuineIntel\u000acpu family	: 6\u000amodel		: 63\u000amodel name	: Intel(R) Xeon(R) Processor @ 2.50GHz\u000astepping	: 2\u000amicrocode	: 0x1\u000acpu MHz		: 2500.014\u000acache size	: 36608 KB\u000aphysical id	: 0\u000asiblings	: 2\u000acore id		: 0\u000acpu cores	: 2\u000aapicid		: 0\u000ainitial apicid	: 0\u000afpu		: yes\u000afpu_exception	: yes\u000acpuid level	: 13\u000awp		: yes\u000aflags		: fpu vme de pse tsc msr pae mce cx8 apic sep mtrr pge mca cmov pat pse36 clflush mmx fxsr sse sse2 ht syscall nx rdtscp lm constant_tsc rep_good nopl xtopology nonstop_tsc cpuid tsc_known_freq pni pclmulqdq ssse3 fma cx16 pcid sse4_1 sse4_2 x2apic movbe popcnt tsc_deadline_timer aes xsave avx f16c rdrand hypervisor lahf_lm abm cpuid_fault invpcid_single ssbd ibrs ibpb stibp ibrs_enhanced fsgsbase tsc_adjust bmi1 avx2 smep bmi2 erms invpcid smap xsaveopt arat md_clear arch_capabilities\u000abugs		: spectre_v1 spectre_v2 spec_store_bypass swapgs\u000abogomips	: 5000.02\u000aclflush size	: 64\u000acache_alignment	: 64\u000aaddress sizes	: 46 bits physical, 48 bits virtual\u000apower management:\u000a\u000aprocessor	: 1\u000avendor_id	: GenuineIntel\u000acpu family	: 6\u000amodel		: 63\u000amodel name	: Intel(R) Xeon(R) Processor @ 2.50GHz\u000astepping	: 2\u000amicrocode	: 0x1\u000acpu MHz		: 2500.014\u000acache size	: 36608 KB\u000aphysical id	: 0\u000asiblings	: 2\u000acore id		: 1\u000acpu cores	: 2\u000aapicid		: 1\u000ainitial apicid	: 1\u000afpu		: yes\u000afpu_exception	: yes\u000acpuid level	: 13\u000awp		: yes\u000aflags		: fpu vme de pse tsc msr pae mce cx8 apic sep mtrr pge mca cmov pat pse36 clflush mmx fxsr sse sse2 ht syscall nx rdtscp lm constant_tsc rep_good nopl xtopology nonstop_tsc cpuid tsc_known_freq pni pclmulqdq ssse3 fma cx16 pcid sse4_1 sse4_2 x2apic movbe popcnt tsc_deadline_timer aes xsave avx f16c rdrand hypervisor lahf_lm abm cpuid_fault invpcid_single ssbd ibrs ibpb stibp ibrs_enhanced fsgsbase tsc_adjust bmi1 avx2 smep bmi2 erms invpcid smap xsaveopt arat md_clear arch_capabilities\u000abugs		: spectre_v1 spectre_v2 spec_store_bypass swapgs\u000abogomips	: 5000.02\u000aclflush size	: 64\u000acache_alignment	: 64\u000aaddress sizes	: 46 bits physical, 48 bits virtual\u000apower management:\u000a\u000a
p354
sV/proc/meminfo
p355
VMemTotal:        1717184 kB\u000aMemFree:         1119960 kB\u000aMemAvailable:    1486540 kB\u000aBuffers:           17216 kB\u000aCached:           463708 kB\u000aSwapCached:            0 kB\u000aActive:            94320 kB\u000aInactive:         447440 kB\u000aActive(anon):      60828 kB\u000aInactive(anon):      216 kB\u000aActive(file):      33492 kB\u000aInactive(file):   447224 kB\u000aUnevictable:           0 kB\u000aMlocked:               0 kB\u000aSwapTotal:             0 kB\u000aSwapFree:              0 kB\u000aDirty:               196 kB\u000aWriteback:             0 kB\u000aAnonPages:         60824 kB\u000aMapped:            34652 kB\u000aShmem:               220 kB\u000aSlab:              42984 kB\u000aSReclaimable:      32740 kB\u000aSUnreclaim:        10244 kB\u000aKernelStack:        1152 kB\u000aPageTables:         1328 kB\u000aNFS_Unstable:          0 kB\u000aBounce:                0 kB\u000aWritebackTmp:          0 kB\u000aCommitLimit:      858592 kB\u000aCommitted_AS:     261980 kB\u000aVmallocTotal:   34359738367 kB\u000aVmallocUsed:           0 kB\u000aVmallocChunk:          0 kB\u000aAnonHugePages:         0 kB\u000aShmemHugePages:        0 kB\u000aShmemPmdMapped:        0 kB\u000aHugePages_Total:       0\u000aHugePages_Free:        0\u000aHugePages_Rsvd:        0\u000aHugePages_Surp:        0\u000aHugepagesize:       2048 kB\u000aDirectMap4k:       21504 kB\u000aDirectMap2M:     1740800 kB\u000a
p356
ssVstatus_key
p357
Vpywren.jobs/d7506aa8-26d3-4e94-961f-b19674a75379/00007/status.json
p358
sVend_time
p359
F1609057674.6007941
sVlog_group_name
p360
V/aws/lambda/pywren_redis_2
p361
sVdata_key
p362
Vpywren.jobs/d7506aa8-26d3-4e94-961f-b19674a75379/aggdata.pickle
p363
sa(dp364
Vcallset_id
p365
Vd7506aa8-26d3-4e94-961f-b19674a75379
p366
sVlog_stream_name
p367
V2020/12/27/[$LATEST]004b3a5364484263a632a9f4aacdbf32
p368
sVstdout
p369
V
sVfunc_key
p370
Vpywren.jobs/d7506aa8-26d3-4e94-961f-b19674a75379/func.pickle
p371
sVfree_disk_bytes
p372
I538333184
sVruntime_cached
p373
I00
sVretcode
p374
I0
sVcall_id
p375
V00008
p376
sVoutput_key
p377
Vpywren.jobs/d7506aa8-26d3-4e94-961f-b19674a75379/00008/output.pickle
p378
sVruntime_s3_key_used
p379
Va92fa0-pywren.runtimes/default_2.7.tar.gz.0089
p380
sVaws_request_id
p381
V37db4a9c-a678-44a2-9958-c51ff8ef3c59
p382
sVexec_time
p383
F102.65595483779907
sVstart_time
p384
F1609057564.0526731
sVsetup_time
p385
F8.5563089847564697
sVruntime_s3_bucket_used
p386
Vpywren-runtimes-public-us-west-2
p387
sVexception
p388
NsVhost_submit_time
p389
F1609057563.075599
sVserver_info
p390
(dp391
Vuname
p392
V('Linux', '169.254.174.237', '4.14.203-112.332.amzn2.x86_64', '#1 SMP Wed Nov 4 20:46:34 UTC 2020', 'x86_64', 'x86_64')
p393
sV/proc/self/cgroup
p394
VMemTotal:        1717184 kB\u000aMemFree:         1123928 kB\u000aMemAvailable:    1486600 kB\u000aBuffers:           14316 kB\u000aCached:           462732 kB\u000aSwapCached:            0 kB\u000aActive:            91224 kB\u000aInactive:         446616 kB\u000aActive(anon):      60784 kB\u000aInactive(anon):      216 kB\u000aActive(file):      30440 kB\u000aInactive(file):   446400 kB\u000aUnevictable:           0 kB\u000aMlocked:               0 kB\u000aSwapTotal:             0 kB\u000aSwapFree:              0 kB\u000aDirty:                 4 kB\u000aWriteback:             0 kB\u000aAnonPages:         60780 kB\u000aMapped:            34356 kB\u000aShmem:               220 kB\u000aSlab:              42788 kB\u000aSReclaimable:      32676 kB\u000aSUnreclaim:        10112 kB\u000aKernelStack:        1136 kB\u000aPageTables:         1304 kB\u000aNFS_Unstable:          0 kB\u000aBounce:                0 kB\u000aWritebackTmp:          0 kB\u000aCommitLimit:      858592 kB\u000aCommitted_AS:     253844 kB\u000aVmallocTotal:   34359738367 kB\u000aVmallocUsed:           0 kB\u000aVmallocChunk:          0 kB\u000aAnonHugePages:         0 kB\u000aShmemHugePages:        0 kB\u000aShmemPmdMapped:        0 kB\u000aHugePages_Total:       0\u000aHugePages_Free:        0\u000aHugePages_Rsvd:        0\u000aHugePages_Surp:        0\u000aHugepagesize:       2048 kB\u000aDirectMap4k:       25600 kB\u000aDirectMap2M:     1736704 kB\u000a
p395
sV/proc/cgroups
p396
V#subsys_name	hierarchy	num_cgroups	enabled\u000acpuset	11	1	1\u000acpu	8	5	1\u000acpuacct	8	5	1\u000ablkio	4	1	1\u000amemory	2	5	1\u000adevices	5	1	1\u000afreezer	3	2	1\u000anet_cls	6	1	1\u000aperf_event	7	1	1\u000anet_prio	6	1	1\u000ahugetlb	9	1	1\u000apids	10	1	1\u000a
p397
sV/proc/cpuinfo
p398
Vprocessor	: 0\u000avendor_id	: GenuineIntel\u000acpu family	: 6\u000amodel		: 63\u000amodel name	: Intel(R) Xeon(R) Processor @ 2.50GHz\u000astepping	: 2\u000amicrocode	: 0x1\u000acpu MHz		: 2500.002\u000acache size	: 33792 KB\u000aphysical id	: 0\u000asiblings	: 2\u000acore id		: 0\u000acpu cores	: 2\u000aapicid		: 0\u000ainitial apicid	: 0\u000afpu		: yes\u000afpu_exception	: yes\u000acpuid level	: 13\u000awp		: yes\u000aflags		: fpu vme de pse tsc msr pae mce cx8 apic sep mtrr pge mca cmov pat pse36 clflush mmx fxsr sse sse2 ht syscall nx rdtscp lm constant_tsc rep_good nopl xtopology nonstop_tsc cpuid tsc_known_freq pni pclmulqdq ssse3 fma cx16 pcid sse4_1 sse4_2 x2apic movbe popcnt tsc_deadline_timer aes xsave avx f16c rdrand hypervisor lahf_lm abm cpuid_fault invpcid_single pti ssbd ibrs ibpb stibp fsgsbase tsc_adjust bmi1 avx2 smep bmi2 erms invpcid smap xsaveopt arat md_clear arch_capabilities\u000abugs		: cpu_meltdown spectre_v1 spectre_v2 spec_store_bypass l1tf mds swapgs\u000abogomips	: 5000.00\u000aclflush size	: 64\u000acache_alignment	: 64\u000aaddress sizes	: 46 bits physical, 48 bits virtual\u000apower management:\u000a\u000aprocessor	: 1\u000avendor_id	: GenuineIntel\u000acpu family	: 6\u000amodel		: 63\u000amodel name	: Intel(R) Xeon(R) Processor @ 2.50GHz\u000astepping	: 2\u000amicrocode	: 0x1\u000acpu MHz		: 2500.002\u000acache size	: 33792 KB\u000aphysical id	: 0\u000asiblings	: 2\u000acore id		: 1\u000acpu cores	: 2\u000aapicid		: 1\u000ainitial apicid	: 1\u000afpu		: yes\u000afpu_exception	: yes\u000acpuid level	: 13\u000awp		: yes\u000aflags		: fpu vme de pse tsc msr pae mce cx8 apic sep mtrr pge mca cmov pat pse36 clflush mmx fxsr sse sse2 ht syscall nx rdtscp lm constant_tsc rep_good nopl xtopology nonstop_tsc cpuid tsc_known_freq pni pclmulqdq ssse3 fma cx16 pcid sse4_1 sse4_2 x2apic movbe popcnt tsc_deadline_timer aes xsave avx f16c rdrand hypervisor lahf_lm abm cpuid_fault invpcid_single pti ssbd ibrs ibpb stibp fsgsbase tsc_adjust bmi1 avx2 smep bmi2 erms invpcid smap xsaveopt arat md_clear arch_capabilities\u000abugs		: cpu_meltdown spectre_v1 spectre_v2 spec_store_bypass l1tf mds swapgs\u000abogomips	: 5000.00\u000aclflush size	: 64\u000acache_alignment	: 64\u000aaddress sizes	: 46 bits physical, 48 bits virtual\u000apower management:\u000a\u000a
p399
sV/proc/meminfo
p400
VMemTotal:        1717184 kB\u000aMemFree:         1123928 kB\u000aMemAvailable:    1486600 kB\u000aBuffers:           14316 kB\u000aCached:           462732 kB\u000aSwapCached:            0 kB\u000aActive:            91224 kB\u000aInactive:         446616 kB\u000aActive(anon):      60784 kB\u000aInactive(anon):      216 kB\u000aActive(file):      30440 kB\u000aInactive(file):   446400 kB\u000aUnevictable:           0 kB\u000aMlocked:               0 kB\u000aSwapTotal:             0 kB\u000aSwapFree:              0 kB\u000aDirty:                 4 kB\u000aWriteback:             0 kB\u000aAnonPages:         60780 kB\u000aMapped:            34356 kB\u000aShmem:               220 kB\u000aSlab:              42788 kB\u000aSReclaimable:      32676 kB\u000aSUnreclaim:        10112 kB\u000aKernelStack:        1136 kB\u000aPageTables:         1304 kB\u000aNFS_Unstable:          0 kB\u000aBounce:                0 kB\u000aWritebackTmp:          0 kB\u000aCommitLimit:      858592 kB\u000aCommitted_AS:     253844 kB\u000aVmallocTotal:   34359738367 kB\u000aVmallocUsed:           0 kB\u000aVmallocChunk:          0 kB\u000aAnonHugePages:         0 kB\u000aShmemHugePages:        0 kB\u000aShmemPmdMapped:        0 kB\u000aHugePages_Total:       0\u000aHugePages_Free:        0\u000aHugePages_Rsvd:        0\u000aHugePages_Surp:        0\u000aHugepagesize:       2048 kB\u000aDirectMap4k:       25600 kB\u000aDirectMap2M:     1736704 kB\u000a
p401
ssVstatus_key
p402
Vpywren.jobs/d7506aa8-26d3-4e94-961f-b19674a75379/00008/status.json
p403
sVend_time
p404
F1609057675.264931
sVlog_group_name
p405
V/aws/lambda/pywren_redis_2
p406
sVdata_key
p407
Vpywren.jobs/d7506aa8-26d3-4e94-961f-b19674a75379/aggdata.pickle
p408
sa(dp409
Vcallset_id
p410
Vd7506aa8-26d3-4e94-961f-b19674a75379
p411
sVlog_stream_name
p412
V2020/12/27/[$LATEST]dffacce5d9fa44ae91f9ffac36256d66
p413
sVstdout
p414
V
sVfunc_key
p415
Vpywren.jobs/d7506aa8-26d3-4e94-961f-b19674a75379/func.pickle
p416
sVfree_disk_bytes
p417
I538333184
sVruntime_cached
p418
I00
sVretcode
p419
I0
sVcall_id
p420
V00009
p421
sVoutput_key
p422
Vpywren.jobs/d7506aa8-26d3-4e94-961f-b19674a75379/00009/output.pickle
p423
sVruntime_s3_key_used
p424
Va6df23-pywren.runtimes/default_2.7.tar.gz.0071
p425
sVaws_request_id
p426
Vcf5ea2b7-e71e-47e0-847c-2b6998c15a7e
p427
sVexec_time
p428
F102.58674097061157
sVstart_time
p429
F1609057563.9326899
sVsetup_time
p430
F8.2270281314849854
sVruntime_s3_bucket_used
p431
Vpywren-runtimes-public-us-west-2
p432
sVexception
p433
NsVhost_submit_time
p434
F1609057563.088563
sVserver_info
p435
(dp436
Vuname
p437
V('Linux', '169.254.57.53', '4.14.203-112.332.amzn2.x86_64', '#1 SMP Wed Nov 4 20:46:34 UTC 2020', 'x86_64', 'x86_64')
p438
sV/proc/self/cgroup
p439
VMemTotal:        1717184 kB\u000aMemFree:         1116784 kB\u000aMemAvailable:    1486732 kB\u000aBuffers:           18788 kB\u000aCached:           465420 kB\u000aSwapCached:            0 kB\u000aActive:            96552 kB\u000aInactive:         448056 kB\u000aActive(anon):      60392 kB\u000aInactive(anon):      216 kB\u000aActive(file):      36160 kB\u000aInactive(file):   447840 kB\u000aUnevictable:           0 kB\u000aMlocked:               0 kB\u000aSwapTotal:             0 kB\u000aSwapFree:              0 kB\u000aDirty:               164 kB\u000aWriteback:             0 kB\u000aAnonPages:         60416 kB\u000aMapped:            35452 kB\u000aShmem:               220 kB\u000aSlab:              42904 kB\u000aSReclaimable:      32912 kB\u000aSUnreclaim:         9992 kB\u000aKernelStack:        1136 kB\u000aPageTables:         1404 kB\u000aNFS_Unstable:          0 kB\u000aBounce:                0 kB\u000aWritebackTmp:          0 kB\u000aCommitLimit:      858592 kB\u000aCommitted_AS:     253828 kB\u000aVmallocTotal:   34359738367 kB\u000aVmallocUsed:           0 kB\u000aVmallocChunk:          0 kB\u000aAnonHugePages:         0 kB\u000aShmemHugePages:        0 kB\u000aShmemPmdMapped:        0 kB\u000aHugePages_Total:       0\u000aHugePages_Free:        0\u000aHugePages_Rsvd:        0\u000aHugePages_Surp:        0\u000aHugepagesize:       2048 kB\u000aDirectMap4k:       23552 kB\u000aDirectMap2M:     1738752 kB\u000a
p440
sV/proc/cgroups
p441
V#subsys_name	hierarchy	num_cgroups	enabled\u000acpuset	7	1	1\u000acpu	4	5	1\u000acpuacct	4	5	1\u000ablkio	2	1	1\u000amemory	5	5	1\u000adevices	8	1	1\u000afreezer	6	2	1\u000anet_cls	11	1	1\u000aperf_event	9	1	1\u000anet_prio	11	1	1\u000ahugetlb	3	1	1\u000apids	10	1	1\u000a
p442
sV/proc/cpuinfo
p443
Vprocessor	: 0\u000avendor_id	: GenuineIntel\u000acpu family	: 6\u000amodel		: 63\u000amodel name	: Intel(R) Xeon(R) Processor @ 2.50GHz\u000astepping	: 2\u000amicrocode	: 0x1\u000acpu MHz		: 2500.002\u000acache size	: 33792 KB\u000aphysical id	: 0\u000asiblings	: 2\u000acore id		: 0\u000acpu cores	: 2\u000aapicid		: 0\u000ainitial apicid	: 0\u000afpu		: yes\u000afpu_exception	: yes\u000acpuid level	: 13\u000awp		: yes\u000aflags		: fpu vme de pse tsc msr pae mce cx8 apic sep mtrr pge mca cmov pat pse36 clflush mmx fxsr sse sse2 ht syscall nx rdtscp lm constant_tsc rep_good nopl xtopology nonstop_tsc cpuid tsc_known_freq pni pclmulqdq ssse3 fma cx16 pcid sse4_1 sse4_2 x2apic movbe popcnt tsc_deadline_timer aes xsave avx f16c rdrand hypervisor lahf_lm abm cpuid_fault invpcid_single pti ssbd ibrs ibpb stibp fsgsbase tsc_adjust bmi1 avx2 smep bmi2 erms invpcid smap xsaveopt arat md_clear arch_capabilities\u000abugs		: cpu_meltdown spectre_v1 spectre_v2 spec_store_bypass l1tf mds swapgs\u000abogomips	: 5000.00\u000aclflush size	: 64\u000acache_alignment	: 64\u000aaddress sizes	: 46 bits physical, 48 bits virtual\u000apower management:\u000a\u000aprocessor	: 1\u000avendor_id	: GenuineIntel\u000acpu family	: 6\u000amodel		: 63\u000amodel name	: Intel(R) Xeon(R) Processor @ 2.50GHz\u000astepping	: 2\u000amicrocode	: 0x1\u000acpu MHz		: 2500.002\u000acache size	: 33792 KB\u000aphysical id	: 0\u000asiblings	: 2\u000acore id		: 1\u000acpu cores	: 2\u000aapicid		: 1\u000ainitial apicid	: 1\u000afpu		: yes\u000afpu_exception	: yes\u000acpuid level	: 13\u000awp		: yes\u000aflags		: fpu vme de pse tsc msr pae mce cx8 apic sep mtrr pge mca cmov pat pse36 clflush mmx fxsr sse sse2 ht syscall nx rdtscp lm constant_tsc rep_good nopl xtopology nonstop_tsc cpuid tsc_known_freq pni pclmulqdq ssse3 fma cx16 pcid sse4_1 sse4_2 x2apic movbe popcnt tsc_deadline_timer aes xsave avx f16c rdrand hypervisor lahf_lm abm cpuid_fault invpcid_single pti ssbd ibrs ibpb stibp fsgsbase tsc_adjust bmi1 avx2 smep bmi2 erms invpcid smap xsaveopt arat md_clear arch_capabilities\u000abugs		: cpu_meltdown spectre_v1 spectre_v2 spec_store_bypass l1tf mds swapgs\u000abogomips	: 5000.00\u000aclflush size	: 64\u000acache_alignment	: 64\u000aaddress sizes	: 46 bits physical, 48 bits virtual\u000apower management:\u000a\u000a
p444
sV/proc/meminfo
p445
VMemTotal:        1717184 kB\u000aMemFree:         1116784 kB\u000aMemAvailable:    1486732 kB\u000aBuffers:           18788 kB\u000aCached:           465420 kB\u000aSwapCached:            0 kB\u000aActive:            96552 kB\u000aInactive:         448056 kB\u000aActive(anon):      60392 kB\u000aInactive(anon):      216 kB\u000aActive(file):      36160 kB\u000aInactive(file):   447840 kB\u000aUnevictable:           0 kB\u000aMlocked:               0 kB\u000aSwapTotal:             0 kB\u000aSwapFree:              0 kB\u000aDirty:               164 kB\u000aWriteback:             0 kB\u000aAnonPages:         60416 kB\u000aMapped:            35452 kB\u000aShmem:               220 kB\u000aSlab:              42904 kB\u000aSReclaimable:      32912 kB\u000aSUnreclaim:         9992 kB\u000aKernelStack:        1136 kB\u000aPageTables:         1404 kB\u000aNFS_Unstable:          0 kB\u000aBounce:                0 kB\u000aWritebackTmp:          0 kB\u000aCommitLimit:      858592 kB\u000aCommitted_AS:     253828 kB\u000aVmallocTotal:   34359738367 kB\u000aVmallocUsed:           0 kB\u000aVmallocChunk:          0 kB\u000aAnonHugePages:         0 kB\u000aShmemHugePages:        0 kB\u000aShmemPmdMapped:        0 kB\u000aHugePages_Total:       0\u000aHugePages_Free:        0\u000aHugePages_Rsvd:        0\u000aHugePages_Surp:        0\u000aHugepagesize:       2048 kB\u000aDirectMap4k:       23552 kB\u000aDirectMap2M:     1738752 kB\u000a
p446
ssVstatus_key
p447
Vpywren.jobs/d7506aa8-26d3-4e94-961f-b19674a75379/00009/status.json
p448
sVend_time
p449
F1609057674.746453
sVlog_group_name
p450
V/aws/lambda/pywren_redis_2
p451
sVdata_key
p452
Vpywren.jobs/d7506aa8-26d3-4e94-961f-b19674a75379/aggdata.pickle
p453
sa(dp454
Vcallset_id
p455
Vd7506aa8-26d3-4e94-961f-b19674a75379
p456
sVlog_stream_name
p457
V2020/12/27/[$LATEST]ec3651af47004c068399b2a43edef2e6
p458
sVstdout
p459
V
sVfunc_key
p460
Vpywren.jobs/d7506aa8-26d3-4e94-961f-b19674a75379/func.pickle
p461
sVfree_disk_bytes
p462
I538333184
sVruntime_cached
p463
I00
sVretcode
p464
I0
sVcall_id
p465
V00010
p466
sVoutput_key
p467
Vpywren.jobs/d7506aa8-26d3-4e94-961f-b19674a75379/00010/output.pickle
p468
sVruntime_s3_key_used
p469
V6fb4a4-pywren.runtimes/default_2.7.tar.gz.0003
p470
sVaws_request_id
p471
V682cd97a-f6ae-4136-854b-147e6ad2e9cd
p472
sVexec_time
p473
F102.5207200050354
sVstart_time
p474
F1609057563.8849139
sVsetup_time
p475
F8.855161190032959
sVruntime_s3_bucket_used
p476
Vpywren-runtimes-public-us-west-2
p477
sVexception
p478
NsVhost_submit_time
p479
F1609057563.0856061
sVserver_info
p480
(dp481
Vuname
p482
V('Linux', '169.254.9.197', '4.14.203-112.332.amzn2.x86_64', '#1 SMP Wed Nov 4 20:46:34 UTC 2020', 'x86_64', 'x86_64')
p483
sV/proc/self/cgroup
p484
VMemTotal:        1717184 kB\u000aMemFree:         1125488 kB\u000aMemAvailable:    1486760 kB\u000aBuffers:           14952 kB\u000aCached:           460644 kB\u000aSwapCached:            0 kB\u000aActive:            91396 kB\u000aInactive:         444800 kB\u000aActive(anon):      60592 kB\u000aInactive(anon):      216 kB\u000aActive(file):      30804 kB\u000aInactive(file):   444584 kB\u000aUnevictable:           0 kB\u000aMlocked:               0 kB\u000aSwapTotal:             0 kB\u000aSwapFree:              0 kB\u000aDirty:                 0 kB\u000aWriteback:             0 kB\u000aAnonPages:         60632 kB\u000aMapped:            34456 kB\u000aShmem:               220 kB\u000aSlab:              42744 kB\u000aSReclaimable:      32780 kB\u000aSUnreclaim:         9964 kB\u000aKernelStack:        1152 kB\u000aPageTables:         1416 kB\u000aNFS_Unstable:          0 kB\u000aBounce:                0 kB\u000aWritebackTmp:          0 kB\u000aCommitLimit:      858592 kB\u000aCommitted_AS:     252816 kB\u000aVmallocTotal:   34359738367 kB\u000aVmallocUsed:           0 kB\u000aVmallocChunk:          0 kB\u000aAnonHugePages:         0 kB\u000aShmemHugePages:        0 kB\u000aShmemPmdMapped:        0 kB\u000aHugePages_Total:       0\u000aHugePages_Free:        0\u000aHugePages_Rsvd:        0\u000aHugePages_Surp:        0\u000aHugepagesize:       2048 kB\u000aDirectMap4k:       19456 kB\u000aDirectMap2M:     1742848 kB\u000a
p485
sV/proc/cgroups
p486
V#subsys_name	hierarchy	num_cgroups	enabled\u000acpuset	7	1	1\u000acpu	8	5	1\u000acpuacct	8	5	1\u000ablkio	5	1	1\u000amemory	6	5	1\u000adevices	4	1	1\u000afreezer	11	2	1\u000anet_cls	2	1	1\u000aperf_event	3	1	1\u000anet_prio	2	1	1\u000ahugetlb	9	1	1\u000apids	10	1	1\u000a
p487
sV/proc/cpuinfo
p488
Vprocessor	: 0\u000avendor_id	: GenuineIntel\u000acpu family	: 6\u000amodel		: 63\u000amodel name	: Intel(R) Xeon(R) Processor @ 2.50GHz\u000astepping	: 2\u000amicrocode	: 0x1\u000acpu MHz		: 2500.012\u000acache size	: 33792 KB\u000aphysical id	: 0\u000asiblings	: 2\u000acore id		: 0\u000acpu cores	: 2\u000aapicid		: 0\u000ainitial apicid	: 0\u000afpu		: yes\u000afpu_exception	: yes\u000acpuid level	: 13\u000awp		: yes\u000aflags		: fpu vme de pse tsc msr pae mce cx8 apic sep mtrr pge mca cmov pat pse36 clflush mmx fxsr sse sse2 ht syscall nx rdtscp lm constant_tsc rep_good nopl xtopology nonstop_tsc cpuid tsc_known_freq pni pclmulqdq ssse3 fma cx16 pcid sse4_1 sse4_2 x2apic movbe popcnt tsc_deadline_timer aes xsave avx f16c rdrand hypervisor lahf_lm abm cpuid_fault invpcid_single pti ssbd ibrs ibpb stibp fsgsbase tsc_adjust bmi1 avx2 smep bmi2 erms invpcid smap xsaveopt arat md_clear arch_capabilities\u000abugs		: cpu_meltdown spectre_v1 spectre_v2 spec_store_bypass l1tf mds swapgs\u000abogomips	: 5000.02\u000aclflush size	: 64\u000acache_alignment	: 64\u000aaddress sizes	: 46 bits physical, 48 bits virtual\u000apower management:\u000a\u000aprocessor	: 1\u000avendor_id	: GenuineIntel\u000acpu family	: 6\u000amodel		: 63\u000amodel name	: Intel(R) Xeon(R) Processor @ 2.50GHz\u000astepping	: 2\u000amicrocode	: 0x1\u000acpu MHz		: 2500.012\u000acache size	: 33792 KB\u000aphysical id	: 0\u000asiblings	: 2\u000acore id		: 1\u000acpu cores	: 2\u000aapicid		: 1\u000ainitial apicid	: 1\u000afpu		: yes\u000afpu_exception	: yes\u000acpuid level	: 13\u000awp		: yes\u000aflags		: fpu vme de pse tsc msr pae mce cx8 apic sep mtrr pge mca cmov pat pse36 clflush mmx fxsr sse sse2 ht syscall nx rdtscp lm constant_tsc rep_good nopl xtopology nonstop_tsc cpuid tsc_known_freq pni pclmulqdq ssse3 fma cx16 pcid sse4_1 sse4_2 x2apic movbe popcnt tsc_deadline_timer aes xsave avx f16c rdrand hypervisor lahf_lm abm cpuid_fault invpcid_single pti ssbd ibrs ibpb stibp fsgsbase tsc_adjust bmi1 avx2 smep bmi2 erms invpcid smap xsaveopt arat md_clear arch_capabilities\u000abugs		: cpu_meltdown spectre_v1 spectre_v2 spec_store_bypass l1tf mds swapgs\u000abogomips	: 5000.02\u000aclflush size	: 64\u000acache_alignment	: 64\u000aaddress sizes	: 46 bits physical, 48 bits virtual\u000apower management:\u000a\u000a
p489
sV/proc/meminfo
p490
VMemTotal:        1717184 kB\u000aMemFree:         1125488 kB\u000aMemAvailable:    1486760 kB\u000aBuffers:           14952 kB\u000aCached:           460644 kB\u000aSwapCached:            0 kB\u000aActive:            91396 kB\u000aInactive:         444800 kB\u000aActive(anon):      60592 kB\u000aInactive(anon):      216 kB\u000aActive(file):      30804 kB\u000aInactive(file):   444584 kB\u000aUnevictable:           0 kB\u000aMlocked:               0 kB\u000aSwapTotal:             0 kB\u000aSwapFree:              0 kB\u000aDirty:                 0 kB\u000aWriteback:             0 kB\u000aAnonPages:         60632 kB\u000aMapped:            34456 kB\u000aShmem:               220 kB\u000aSlab:              42744 kB\u000aSReclaimable:      32780 kB\u000aSUnreclaim:         9964 kB\u000aKernelStack:        1152 kB\u000aPageTables:         1416 kB\u000aNFS_Unstable:          0 kB\u000aBounce:                0 kB\u000aWritebackTmp:          0 kB\u000aCommitLimit:      858592 kB\u000aCommitted_AS:     252816 kB\u000aVmallocTotal:   34359738367 kB\u000aVmallocUsed:           0 kB\u000aVmallocChunk:          0 kB\u000aAnonHugePages:         0 kB\u000aShmemHugePages:        0 kB\u000aShmemPmdMapped:        0 kB\u000aHugePages_Total:       0\u000aHugePages_Free:        0\u000aHugePages_Rsvd:        0\u000aHugePages_Surp:        0\u000aHugepagesize:       2048 kB\u000aDirectMap4k:       19456 kB\u000aDirectMap2M:     1742848 kB\u000a
p491
ssVstatus_key
p492
Vpywren.jobs/d7506aa8-26d3-4e94-961f-b19674a75379/00010/status.json
p493
sVend_time
p494
F1609057675.2607889
sVlog_group_name
p495
V/aws/lambda/pywren_redis_2
p496
sVdata_key
p497
Vpywren.jobs/d7506aa8-26d3-4e94-961f-b19674a75379/aggdata.pickle
p498
sa(dp499
Vcallset_id
p500
Vd7506aa8-26d3-4e94-961f-b19674a75379
p501
sVlog_stream_name
p502
V2020/12/27/[$LATEST]0b459264bce84e5ba1d0637ffa1cd448
p503
sVstdout
p504
V
sVfunc_key
p505
Vpywren.jobs/d7506aa8-26d3-4e94-961f-b19674a75379/func.pickle
p506
sVfree_disk_bytes
p507
I538333184
sVruntime_cached
p508
I00
sVretcode
p509
I0
sVcall_id
p510
V00011
p511
sVoutput_key
p512
Vpywren.jobs/d7506aa8-26d3-4e94-961f-b19674a75379/00011/output.pickle
p513
sVruntime_s3_key_used
p514
V063896-pywren.runtimes/default_2.7.tar.gz.0042
p515
sVaws_request_id
p516
V96bacd15-4c4c-469b-8b50-e7792a0b8d10
p517
sVexec_time
p518
F102.55662298202515
sVstart_time
p519
F1609057563.878185
sVsetup_time
p520
F8.2480828762054443
sVruntime_s3_bucket_used
p521
Vpywren-runtimes-public-us-west-2
p522
sVexception
p523
NsVhost_submit_time
p524
F1609057563.098084
sVserver_info
p525
(dp526
Vuname
p527
V('Linux', '169.254.2.189', '4.14.203-112.332.amzn2.x86_64', '#1 SMP Wed Nov 4 20:46:34 UTC 2020', 'x86_64', 'x86_64')
p528
sV/proc/self/cgroup
p529
VMemTotal:        1717184 kB\u000aMemFree:         1126676 kB\u000aMemAvailable:    1486920 kB\u000aBuffers:           14348 kB\u000aCached:           460184 kB\u000aSwapCached:            0 kB\u000aActive:            90456 kB\u000aInactive:         444580 kB\u000aActive(anon):      60496 kB\u000aInactive(anon):      216 kB\u000aActive(file):      29960 kB\u000aInactive(file):   444364 kB\u000aUnevictable:           0 kB\u000aMlocked:               0 kB\u000aSwapTotal:             0 kB\u000aSwapFree:              0 kB\u000aDirty:                 4 kB\u000aWriteback:             0 kB\u000aAnonPages:         60496 kB\u000aMapped:            34232 kB\u000aShmem:               220 kB\u000aSlab:              43004 kB\u000aSReclaimable:      32852 kB\u000aSUnreclaim:        10152 kB\u000aKernelStack:        1152 kB\u000aPageTables:         1324 kB\u000aNFS_Unstable:          0 kB\u000aBounce:                0 kB\u000aWritebackTmp:          0 kB\u000aCommitLimit:      858592 kB\u000aCommitted_AS:     255124 kB\u000aVmallocTotal:   34359738367 kB\u000aVmallocUsed:           0 kB\u000aVmallocChunk:          0 kB\u000aAnonHugePages:         0 kB\u000aShmemHugePages:        0 kB\u000aShmemPmdMapped:        0 kB\u000aHugePages_Total:       0\u000aHugePages_Free:        0\u000aHugePages_Rsvd:        0\u000aHugePages_Surp:        0\u000aHugepagesize:       2048 kB\u000aDirectMap4k:       21504 kB\u000aDirectMap2M:     1740800 kB\u000a
p530
sV/proc/cgroups
p531
V#subsys_name	hierarchy	num_cgroups	enabled\u000acpuset	3	1	1\u000acpu	5	5	1\u000acpuacct	5	5	1\u000ablkio	11	1	1\u000amemory	2	5	1\u000adevices	6	1	1\u000afreezer	10	2	1\u000anet_cls	7	1	1\u000aperf_event	9	1	1\u000anet_prio	7	1	1\u000ahugetlb	8	1	1\u000apids	4	1	1\u000a
p532
sV/proc/cpuinfo
p533
Vprocessor	: 0\u000avendor_id	: GenuineIntel\u000acpu family	: 6\u000amodel		: 63\u000amodel name	: Intel(R) Xeon(R) Processor @ 2.50GHz\u000astepping	: 2\u000amicrocode	: 0x1\u000acpu MHz		: 2500.040\u000acache size	: 33792 KB\u000aphysical id	: 0\u000asiblings	: 2\u000acore id		: 0\u000acpu cores	: 2\u000aapicid		: 0\u000ainitial apicid	: 0\u000afpu		: yes\u000afpu_exception	: yes\u000acpuid level	: 13\u000awp		: yes\u000aflags		: fpu vme de pse tsc msr pae mce cx8 apic sep mtrr pge mca cmov pat pse36 clflush mmx fxsr sse sse2 ht syscall nx rdtscp lm constant_tsc rep_good nopl xtopology nonstop_tsc cpuid tsc_known_freq pni pclmulqdq ssse3 fma cx16 pcid sse4_1 sse4_2 x2apic movbe popcnt tsc_deadline_timer aes xsave avx f16c rdrand hypervisor lahf_lm abm cpuid_fault invpcid_single pti ssbd ibrs ibpb stibp fsgsbase tsc_adjust bmi1 avx2 smep bmi2 erms invpcid smap xsaveopt arat md_clear arch_capabilities\u000abugs		: cpu_meltdown spectre_v1 spectre_v2 spec_store_bypass l1tf mds swapgs\u000abogomips	: 5000.08\u000aclflush size	: 64\u000acache_alignment	: 64\u000aaddress sizes	: 46 bits physical, 48 bits virtual\u000apower management:\u000a\u000aprocessor	: 1\u000avendor_id	: GenuineIntel\u000acpu family	: 6\u000amodel		: 63\u000amodel name	: Intel(R) Xeon(R) Processor @ 2.50GHz\u000astepping	: 2\u000amicrocode	: 0x1\u000acpu MHz		: 2500.040\u000acache size	: 33792 KB\u000aphysical id	: 0\u000asiblings	: 2\u000acore id		: 1\u000acpu cores	: 2\u000aapicid		: 1\u000ainitial apicid	: 1\u000afpu		: yes\u000afpu_exception	: yes\u000acpuid level	: 13\u000awp		: yes\u000aflags		: fpu vme de pse tsc msr pae mce cx8 apic sep mtrr pge mca cmov pat pse36 clflush mmx fxsr sse sse2 ht syscall nx rdtscp lm constant_tsc rep_good nopl xtopology nonstop_tsc cpuid tsc_known_freq pni pclmulqdq ssse3 fma cx16 pcid sse4_1 sse4_2 x2apic movbe popcnt tsc_deadline_timer aes xsave avx f16c rdrand hypervisor lahf_lm abm cpuid_fault invpcid_single pti ssbd ibrs ibpb stibp fsgsbase tsc_adjust bmi1 avx2 smep bmi2 erms invpcid smap xsaveopt arat md_clear arch_capabilities\u000abugs		: cpu_meltdown spectre_v1 spectre_v2 spec_store_bypass l1tf mds swapgs\u000abogomips	: 5000.08\u000aclflush size	: 64\u000acache_alignment	: 64\u000aaddress sizes	: 46 bits physical, 48 bits virtual\u000apower management:\u000a\u000a
p534
sV/proc/meminfo
p535
VMemTotal:        1717184 kB\u000aMemFree:         1126676 kB\u000aMemAvailable:    1486920 kB\u000aBuffers:           14348 kB\u000aCached:           460184 kB\u000aSwapCached:            0 kB\u000aActive:            90456 kB\u000aInactive:         444580 kB\u000aActive(anon):      60496 kB\u000aInactive(anon):      216 kB\u000aActive(file):      29960 kB\u000aInactive(file):   444364 kB\u000aUnevictable:           0 kB\u000aMlocked:               0 kB\u000aSwapTotal:             0 kB\u000aSwapFree:              0 kB\u000aDirty:                 4 kB\u000aWriteback:             0 kB\u000aAnonPages:         60496 kB\u000aMapped:            34232 kB\u000aShmem:               220 kB\u000aSlab:              43004 kB\u000aSReclaimable:      32852 kB\u000aSUnreclaim:        10152 kB\u000aKernelStack:        1152 kB\u000aPageTables:         1324 kB\u000aNFS_Unstable:          0 kB\u000aBounce:                0 kB\u000aWritebackTmp:          0 kB\u000aCommitLimit:      858592 kB\u000aCommitted_AS:     255124 kB\u000aVmallocTotal:   34359738367 kB\u000aVmallocUsed:           0 kB\u000aVmallocChunk:          0 kB\u000aAnonHugePages:         0 kB\u000aShmemHugePages:        0 kB\u000aShmemPmdMapped:        0 kB\u000aHugePages_Total:       0\u000aHugePages_Free:        0\u000aHugePages_Rsvd:        0\u000aHugePages_Surp:        0\u000aHugepagesize:       2048 kB\u000aDirectMap4k:       21504 kB\u000aDirectMap2M:     1740800 kB\u000a
p536
ssVstatus_key
p537
Vpywren.jobs/d7506aa8-26d3-4e94-961f-b19674a75379/00011/status.json
p538
sVend_time
p539
F1609057674.6828849
sVlog_group_name
p540
V/aws/lambda/pywren_redis_2
p541
sVdata_key
p542
Vpywren.jobs/d7506aa8-26d3-4e94-961f-b19674a75379/aggdata.pickle
p543
sa(dp544
Vcallset_id
p545
Vd7506aa8-26d3-4e94-961f-b19674a75379
p546
sVlog_stream_name
p547
V2020/12/27/[$LATEST]2a78813dde91478fa787d8010338683a
p548
sVstdout
p549
V
sVfunc_key
p550
Vpywren.jobs/d7506aa8-26d3-4e94-961f-b19674a75379/func.pickle
p551
sVfree_disk_bytes
p552
I538333184
sVruntime_cached
p553
I00
sVretcode
p554
I0
sVcall_id
p555
V00012
p556
sVoutput_key
p557
Vpywren.jobs/d7506aa8-26d3-4e94-961f-b19674a75379/00012/output.pickle
p558
sVruntime_s3_key_used
p559
V8164a4-pywren.runtimes/default_2.7.tar.gz.0002
p560
sVaws_request_id
p561
V296915aa-4d8f-46d5-97ff-6140703f714b
p562
sVexec_time
p563
F101.4242889881134
sVstart_time
p564
F1609057563.922817
sVsetup_time
p565
F8.5651750564575195
sVruntime_s3_bucket_used
p566
Vpywren-runtimes-public-us-west-2
p567
sVexception
p568
NsVhost_submit_time
p569
F1609057563.103997
sVserver_info
p570
(dp571
Vuname
p572
V('Linux', '169.254.172.29', '4.14.203-112.332.amzn2.x86_64', '#1 SMP Wed Nov 4 20:46:34 UTC 2020', 'x86_64', 'x86_64')
p573
sV/proc/self/cgroup
p574
VMemTotal:        1717184 kB\u000aMemFree:         1119772 kB\u000aMemAvailable:    1486812 kB\u000aBuffers:           17404 kB\u000aCached:           463924 kB\u000aSwapCached:            0 kB\u000aActive:            93852 kB\u000aInactive:         447908 kB\u000aActive(anon):      60424 kB\u000aInactive(anon):      216 kB\u000aActive(file):      33428 kB\u000aInactive(file):   447692 kB\u000aUnevictable:           0 kB\u000aMlocked:               0 kB\u000aSwapTotal:             0 kB\u000aSwapFree:              0 kB\u000aDirty:               232 kB\u000aWriteback:             0 kB\u000aAnonPages:         60444 kB\u000aMapped:            35100 kB\u000aShmem:               220 kB\u000aSlab:              42976 kB\u000aSReclaimable:      32852 kB\u000aSUnreclaim:        10124 kB\u000aKernelStack:        1152 kB\u000aPageTables:         1308 kB\u000aNFS_Unstable:          0 kB\u000aBounce:                0 kB\u000aWritebackTmp:          0 kB\u000aCommitLimit:      858592 kB\u000aCommitted_AS:     252328 kB\u000aVmallocTotal:   34359738367 kB\u000aVmallocUsed:           0 kB\u000aVmallocChunk:          0 kB\u000aAnonHugePages:         0 kB\u000aShmemHugePages:        0 kB\u000aShmemPmdMapped:        0 kB\u000aHugePages_Total:       0\u000aHugePages_Free:        0\u000aHugePages_Rsvd:        0\u000aHugePages_Surp:        0\u000aHugepagesize:       2048 kB\u000aDirectMap4k:       19456 kB\u000aDirectMap2M:     1742848 kB\u000a
p575
sV/proc/cgroups
p576
V#subsys_name	hierarchy	num_cgroups	enabled\u000acpuset	4	1	1\u000acpu	6	5	1\u000acpuacct	6	5	1\u000ablkio	5	1	1\u000amemory	7	5	1\u000adevices	9	1	1\u000afreezer	11	2	1\u000anet_cls	3	1	1\u000aperf_event	10	1	1\u000anet_prio	3	1	1\u000ahugetlb	8	1	1\u000apids	2	1	1\u000a
p577
sV/proc/cpuinfo
p578
Vprocessor	: 0\u000avendor_id	: GenuineIntel\u000acpu family	: 6\u000amodel		: 63\u000amodel name	: Intel(R) Xeon(R) Processor @ 2.50GHz\u000astepping	: 2\u000amicrocode	: 0x1\u000acpu MHz		: 2500.014\u000acache size	: 33792 KB\u000aphysical id	: 0\u000asiblings	: 2\u000acore id		: 0\u000acpu cores	: 2\u000aapicid		: 0\u000ainitial apicid	: 0\u000afpu		: yes\u000afpu_exception	: yes\u000acpuid level	: 13\u000awp		: yes\u000aflags		: fpu vme de pse tsc msr pae mce cx8 apic sep mtrr pge mca cmov pat pse36 clflush mmx fxsr sse sse2 ht syscall nx rdtscp lm constant_tsc rep_good nopl xtopology nonstop_tsc cpuid tsc_known_freq pni pclmulqdq ssse3 fma cx16 pcid sse4_1 sse4_2 x2apic movbe popcnt tsc_deadline_timer aes xsave avx f16c rdrand hypervisor lahf_lm abm cpuid_fault invpcid_single pti ssbd ibrs ibpb stibp fsgsbase tsc_adjust bmi1 avx2 smep bmi2 erms invpcid smap xsaveopt arat md_clear arch_capabilities\u000abugs		: cpu_meltdown spectre_v1 spectre_v2 spec_store_bypass l1tf mds swapgs\u000abogomips	: 5000.02\u000aclflush size	: 64\u000acache_alignment	: 64\u000aaddress sizes	: 46 bits physical, 48 bits virtual\u000apower management:\u000a\u000aprocessor	: 1\u000avendor_id	: GenuineIntel\u000acpu family	: 6\u000amodel		: 63\u000amodel name	: Intel(R) Xeon(R) Processor @ 2.50GHz\u000astepping	: 2\u000amicrocode	: 0x1\u000acpu MHz		: 2500.014\u000acache size	: 33792 KB\u000aphysical id	: 0\u000asiblings	: 2\u000acore id		: 1\u000acpu cores	: 2\u000aapicid		: 1\u000ainitial apicid	: 1\u000afpu		: yes\u000afpu_exception	: yes\u000acpuid level	: 13\u000awp		: yes\u000aflags		: fpu vme de pse tsc msr pae mce cx8 apic sep mtrr pge mca cmov pat pse36 clflush mmx fxsr sse sse2 ht syscall nx rdtscp lm constant_tsc rep_good nopl xtopology nonstop_tsc cpuid tsc_known_freq pni pclmulqdq ssse3 fma cx16 pcid sse4_1 sse4_2 x2apic movbe popcnt tsc_deadline_timer aes xsave avx f16c rdrand hypervisor lahf_lm abm cpuid_fault invpcid_single pti ssbd ibrs ibpb stibp fsgsbase tsc_adjust bmi1 avx2 smep bmi2 erms invpcid smap xsaveopt arat md_clear arch_capabilities\u000abugs		: cpu_meltdown spectre_v1 spectre_v2 spec_store_bypass l1tf mds swapgs\u000abogomips	: 5000.02\u000aclflush size	: 64\u000acache_alignment	: 64\u000aaddress sizes	: 46 bits physical, 48 bits virtual\u000apower management:\u000a\u000a
p579
sV/proc/meminfo
p580
VMemTotal:        1717184 kB\u000aMemFree:         1119772 kB\u000aMemAvailable:    1486812 kB\u000aBuffers:           17404 kB\u000aCached:           463924 kB\u000aSwapCached:            0 kB\u000aActive:            93852 kB\u000aInactive:         447908 kB\u000aActive(anon):      60424 kB\u000aInactive(anon):      216 kB\u000aActive(file):      33428 kB\u000aInactive(file):   447692 kB\u000aUnevictable:           0 kB\u000aMlocked:               0 kB\u000aSwapTotal:             0 kB\u000aSwapFree:              0 kB\u000aDirty:               232 kB\u000aWriteback:             0 kB\u000aAnonPages:         60444 kB\u000aMapped:            35100 kB\u000aShmem:               220 kB\u000aSlab:              42976 kB\u000aSReclaimable:      32852 kB\u000aSUnreclaim:        10124 kB\u000aKernelStack:        1152 kB\u000aPageTables:         1308 kB\u000aNFS_Unstable:          0 kB\u000aBounce:                0 kB\u000aWritebackTmp:          0 kB\u000aCommitLimit:      858592 kB\u000aCommitted_AS:     252328 kB\u000aVmallocTotal:   34359738367 kB\u000aVmallocUsed:           0 kB\u000aVmallocChunk:          0 kB\u000aAnonHugePages:         0 kB\u000aShmemHugePages:        0 kB\u000aShmemPmdMapped:        0 kB\u000aHugePages_Total:       0\u000aHugePages_Free:        0\u000aHugePages_Rsvd:        0\u000aHugePages_Surp:        0\u000aHugepagesize:       2048 kB\u000aDirectMap4k:       19456 kB\u000aDirectMap2M:     1742848 kB\u000a
p581
ssVstatus_key
p582
Vpywren.jobs/d7506aa8-26d3-4e94-961f-b19674a75379/00012/status.json
p583
sVend_time
p584
F1609057673.9122739
sVlog_group_name
p585
V/aws/lambda/pywren_redis_2
p586
sVdata_key
p587
Vpywren.jobs/d7506aa8-26d3-4e94-961f-b19674a75379/aggdata.pickle
p588
sa(dp589
Vcallset_id
p590
Vd7506aa8-26d3-4e94-961f-b19674a75379
p591
sVlog_stream_name
p592
V2020/12/27/[$LATEST]1dc3fd76b380463596c7c78c3b81f58c
p593
sVstdout
p594
V
sVfunc_key
p595
Vpywren.jobs/d7506aa8-26d3-4e94-961f-b19674a75379/func.pickle
p596
sVfree_disk_bytes
p597
I538333184
sVruntime_cached
p598
I00
sVretcode
p599
I0
sVcall_id
p600
V00013
p601
sVoutput_key
p602
Vpywren.jobs/d7506aa8-26d3-4e94-961f-b19674a75379/00013/output.pickle
p603
sVruntime_s3_key_used
p604
Ve4d51b-pywren.runtimes/default_2.7.tar.gz.0008
p605
sVaws_request_id
p606
V8fd9b095-7ea8-42b3-9fb5-6036a942ef55
p607
sVexec_time
p608
F102.5611310005188
sVstart_time
p609
F1609057563.9019001
sVsetup_time
p610
F8.2728610038757324
sVruntime_s3_bucket_used
p611
Vpywren-runtimes-public-us-west-2
p612
sVexception
p613
NsVhost_submit_time
p614
F1609057563.1162679
sVserver_info
p615
(dp616
Vuname
p617
V('Linux', '169.254.198.69', '4.14.203-112.332.amzn2.x86_64', '#1 SMP Wed Nov 4 20:46:34 UTC 2020', 'x86_64', 'x86_64')
p618
sV/proc/self/cgroup
p619
VMemTotal:        1717184 kB\u000aMemFree:         1124104 kB\u000aMemAvailable:    1486976 kB\u000aBuffers:           16280 kB\u000aCached:           460952 kB\u000aSwapCached:            0 kB\u000aActive:            92460 kB\u000aInactive:         445164 kB\u000aActive(anon):      60384 kB\u000aInactive(anon):      216 kB\u000aActive(file):      32076 kB\u000aInactive(file):   444948 kB\u000aUnevictable:           0 kB\u000aMlocked:               0 kB\u000aSwapTotal:             0 kB\u000aSwapFree:              0 kB\u000aDirty:                 4 kB\u000aWriteback:             0 kB\u000aAnonPages:         60396 kB\u000aMapped:            34892 kB\u000aShmem:               220 kB\u000aSlab:              42700 kB\u000aSReclaimable:      32708 kB\u000aSUnreclaim:         9992 kB\u000aKernelStack:        1136 kB\u000aPageTables:         1308 kB\u000aNFS_Unstable:          0 kB\u000aBounce:                0 kB\u000aWritebackTmp:          0 kB\u000aCommitLimit:      858592 kB\u000aCommitted_AS:     253868 kB\u000aVmallocTotal:   34359738367 kB\u000aVmallocUsed:           0 kB\u000aVmallocChunk:          0 kB\u000aAnonHugePages:         0 kB\u000aShmemHugePages:        0 kB\u000aShmemPmdMapped:        0 kB\u000aHugePages_Total:       0\u000aHugePages_Free:        0\u000aHugePages_Rsvd:        0\u000aHugePages_Surp:        0\u000aHugepagesize:       2048 kB\u000aDirectMap4k:       19456 kB\u000aDirectMap2M:     1742848 kB\u000a
p620
sV/proc/cgroups
p621
V#subsys_name	hierarchy	num_cgroups	enabled\u000acpuset	7	1	1\u000acpu	4	5	1\u000acpuacct	4	5	1\u000ablkio	10	1	1\u000amemory	11	5	1\u000adevices	2	1	1\u000afreezer	6	2	1\u000anet_cls	5	1	1\u000aperf_event	3	1	1\u000anet_prio	5	1	1\u000ahugetlb	8	1	1\u000apids	9	1	1\u000a
p622
sV/proc/cpuinfo
p623
Vprocessor	: 0\u000avendor_id	: GenuineIntel\u000acpu family	: 6\u000amodel		: 63\u000amodel name	: Intel(R) Xeon(R) Processor @ 2.50GHz\u000astepping	: 2\u000amicrocode	: 0x1\u000acpu MHz		: 2500.002\u000acache size	: 36608 KB\u000aphysical id	: 0\u000asiblings	: 2\u000acore id		: 0\u000acpu cores	: 2\u000aapicid		: 0\u000ainitial apicid	: 0\u000afpu		: yes\u000afpu_exception	: yes\u000acpuid level	: 13\u000awp		: yes\u000aflags		: fpu vme de pse tsc msr pae mce cx8 apic sep mtrr pge mca cmov pat pse36 clflush mmx fxsr sse sse2 ht syscall nx rdtscp lm constant_tsc rep_good nopl xtopology nonstop_tsc cpuid tsc_known_freq pni pclmulqdq ssse3 fma cx16 pcid sse4_1 sse4_2 x2apic movbe popcnt tsc_deadline_timer aes xsave avx f16c rdrand hypervisor lahf_lm abm cpuid_fault invpcid_single ssbd ibrs ibpb stibp ibrs_enhanced fsgsbase tsc_adjust bmi1 avx2 smep bmi2 erms invpcid smap xsaveopt arat md_clear arch_capabilities\u000abugs		: spectre_v1 spectre_v2 spec_store_bypass swapgs\u000abogomips	: 5000.00\u000aclflush size	: 64\u000acache_alignment	: 64\u000aaddress sizes	: 46 bits physical, 48 bits virtual\u000apower management:\u000a\u000aprocessor	: 1\u000avendor_id	: GenuineIntel\u000acpu family	: 6\u000amodel		: 63\u000amodel name	: Intel(R) Xeon(R) Processor @ 2.50GHz\u000astepping	: 2\u000amicrocode	: 0x1\u000acpu MHz		: 2500.002\u000acache size	: 36608 KB\u000aphysical id	: 0\u000asiblings	: 2\u000acore id		: 1\u000acpu cores	: 2\u000aapicid		: 1\u000ainitial apicid	: 1\u000afpu		: yes\u000afpu_exception	: yes\u000acpuid level	: 13\u000awp		: yes\u000aflags		: fpu vme de pse tsc msr pae mce cx8 apic sep mtrr pge mca cmov pat pse36 clflush mmx fxsr sse sse2 ht syscall nx rdtscp lm constant_tsc rep_good nopl xtopology nonstop_tsc cpuid tsc_known_freq pni pclmulqdq ssse3 fma cx16 pcid sse4_1 sse4_2 x2apic movbe popcnt tsc_deadline_timer aes xsave avx f16c rdrand hypervisor lahf_lm abm cpuid_fault invpcid_single ssbd ibrs ibpb stibp ibrs_enhanced fsgsbase tsc_adjust bmi1 avx2 smep bmi2 erms invpcid smap xsaveopt arat md_clear arch_capabilities\u000abugs		: spectre_v1 spectre_v2 spec_store_bypass swapgs\u000abogomips	: 5000.00\u000aclflush size	: 64\u000acache_alignment	: 64\u000aaddress sizes	: 46 bits physical, 48 bits virtual\u000apower management:\u000a\u000a
p624
sV/proc/meminfo
p625
VMemTotal:        1717184 kB\u000aMemFree:         1124104 kB\u000aMemAvailable:    1486976 kB\u000aBuffers:           16280 kB\u000aCached:           460952 kB\u000aSwapCached:            0 kB\u000aActive:            92460 kB\u000aInactive:         445164 kB\u000aActive(anon):      60384 kB\u000aInactive(anon):      216 kB\u000aActive(file):      32076 kB\u000aInactive(file):   444948 kB\u000aUnevictable:           0 kB\u000aMlocked:               0 kB\u000aSwapTotal:             0 kB\u000aSwapFree:              0 kB\u000aDirty:                 4 kB\u000aWriteback:             0 kB\u000aAnonPages:         60396 kB\u000aMapped:            34892 kB\u000aShmem:               220 kB\u000aSlab:              42700 kB\u000aSReclaimable:      32708 kB\u000aSUnreclaim:         9992 kB\u000aKernelStack:        1136 kB\u000aPageTables:         1308 kB\u000aNFS_Unstable:          0 kB\u000aBounce:                0 kB\u000aWritebackTmp:          0 kB\u000aCommitLimit:      858592 kB\u000aCommitted_AS:     253868 kB\u000aVmallocTotal:   34359738367 kB\u000aVmallocUsed:           0 kB\u000aVmallocChunk:          0 kB\u000aAnonHugePages:         0 kB\u000aShmemHugePages:        0 kB\u000aShmemPmdMapped:        0 kB\u000aHugePages_Total:       0\u000aHugePages_Free:        0\u000aHugePages_Rsvd:        0\u000aHugePages_Surp:        0\u000aHugepagesize:       2048 kB\u000aDirectMap4k:       19456 kB\u000aDirectMap2M:     1742848 kB\u000a
p626
ssVstatus_key
p627
Vpywren.jobs/d7506aa8-26d3-4e94-961f-b19674a75379/00013/status.json
p628
sVend_time
p629
F1609057674.7358871
sVlog_group_name
p630
V/aws/lambda/pywren_redis_2
p631
sVdata_key
p632
Vpywren.jobs/d7506aa8-26d3-4e94-961f-b19674a75379/aggdata.pickle
p633
sa(dp634
Vcallset_id
p635
Vd7506aa8-26d3-4e94-961f-b19674a75379
p636
sVlog_stream_name
p637
V2020/12/27/[$LATEST]4eed6ea3803c44c9b39baa1a100ff853
p638
sVstdout
p639
V
sVfunc_key
p640
Vpywren.jobs/d7506aa8-26d3-4e94-961f-b19674a75379/func.pickle
p641
sVfree_disk_bytes
p642
I538333184
sVruntime_cached
p643
I00
sVretcode
p644
I0
sVcall_id
p645
V00014
p646
sVoutput_key
p647
Vpywren.jobs/d7506aa8-26d3-4e94-961f-b19674a75379/00014/output.pickle
p648
sVruntime_s3_key_used
p649
V6075c1-pywren.runtimes/default_2.7.tar.gz.0014
p650
sVaws_request_id
p651
V337ef6ab-812f-47b3-b750-56e31846c1c6
p652
sVexec_time
p653
F100.85294198989868
sVstart_time
p654
F1609057563.9336009
sVsetup_time
p655
F8.5833652019500732
sVruntime_s3_bucket_used
p656
Vpywren-runtimes-public-us-west-2
p657
sVexception
p658
NsVhost_submit_time
p659
F1609057563.1092889
sVserver_info
p660
(dp661
Vuname
p662
V('Linux', '169.254.219.221', '4.14.203-112.332.amzn2.x86_64', '#1 SMP Wed Nov 4 20:46:34 UTC 2020', 'x86_64', 'x86_64')
p663
sV/proc/self/cgroup
p664
VMemTotal:        1717184 kB\u000aMemFree:         1119820 kB\u000aMemAvailable:    1486884 kB\u000aBuffers:           17376 kB\u000aCached:           463944 kB\u000aSwapCached:            0 kB\u000aActive:            93864 kB\u000aInactive:         448196 kB\u000aActive(anon):      60732 kB\u000aInactive(anon):      216 kB\u000aActive(file):      33132 kB\u000aInactive(file):   447980 kB\u000aUnevictable:           0 kB\u000aMlocked:               0 kB\u000aSwapTotal:             0 kB\u000aSwapFree:              0 kB\u000aDirty:                 4 kB\u000aWriteback:             0 kB\u000aAnonPages:         60728 kB\u000aMapped:            35140 kB\u000aShmem:               220 kB\u000aSlab:              43052 kB\u000aSReclaimable:      32920 kB\u000aSUnreclaim:        10132 kB\u000aKernelStack:        1144 kB\u000aPageTables:         1316 kB\u000aNFS_Unstable:          0 kB\u000aBounce:                0 kB\u000aWritebackTmp:          0 kB\u000aCommitLimit:      858592 kB\u000aCommitted_AS:     253756 kB\u000aVmallocTotal:   34359738367 kB\u000aVmallocUsed:           0 kB\u000aVmallocChunk:          0 kB\u000aAnonHugePages:         0 kB\u000aShmemHugePages:        0 kB\u000aShmemPmdMapped:        0 kB\u000aHugePages_Total:       0\u000aHugePages_Free:        0\u000aHugePages_Rsvd:        0\u000aHugePages_Surp:        0\u000aHugepagesize:       2048 kB\u000aDirectMap4k:       21504 kB\u000aDirectMap2M:     1740800 kB\u000a
p665
sV/proc/cgroups
p666
V#subsys_name	hierarchy	num_cgroups	enabled\u000acpuset	9	1	1\u000acpu	2	5	1\u000acpuacct	2	5	1\u000ablkio	6	1	1\u000amemory	4	5	1\u000adevices	3	1	1\u000afreezer	8	2	1\u000anet_cls	7	1	1\u000aperf_event	5	1	1\u000anet_prio	7	1	1\u000ahugetlb	10	1	1\u000apids	11	1	1\u000a
p667
sV/proc/cpuinfo
p668
