(dp1
S'run_statuses'
p2
(lp3
(dp4
Vcallset_id
p5
V78a2ffbf-0d8b-44ae-8b42-fb681af9641b
p6
sVlog_stream_name
p7
V2020/12/27/[$LATEST]820407ad39d64d279c5548d9d642a699
p8
sVstdout
p9
V
sVfunc_key
p10
Vpywren.jobs/78a2ffbf-0d8b-44ae-8b42-fb681af9641b/func.pickle
p11
sVfree_disk_bytes
p12
I538333184
sVruntime_cached
p13
I00
sVretcode
p14
I0
sVcall_id
p15
V00000
p16
sVoutput_key
p17
Vpywren.jobs/78a2ffbf-0d8b-44ae-8b42-fb681af9641b/00000/output.pickle
p18
sVruntime_s3_key_used
p19
V647b0b-pywren.runtimes/default_2.7.tar.gz.0099
p20
sVaws_request_id
p21
V0170ae5b-0127-4b80-93f1-44c22c400725
p22
sVexec_time
p23
F22.136568784713745
sVstart_time
p24
F1609057643.764992
sVsetup_time
p25
F7.2115271091461182
sVruntime_s3_bucket_used
p26
Vpywren-runtimes-public-us-west-2
p27
sVexception
p28
NsVhost_submit_time
p29
F1609057642.9195399
sVserver_info
p30
(dp31
Vuname
p32
V('Linux', '169.254.226.37', '4.14.203-112.332.amzn2.x86_64', '#1 SMP Wed Nov 4 20:46:34 UTC 2020', 'x86_64', 'x86_64')
p33
sV/proc/self/cgroup
p34
VMemTotal:        1717184 kB\u000aMemFree:         1119884 kB\u000aMemAvailable:    1486312 kB\u000aBuffers:           17412 kB\u000aCached:           463292 kB\u000aSwapCached:            0 kB\u000aActive:            94816 kB\u000aInactive:         447040 kB\u000aActive(anon):      61144 kB\u000aInactive(anon):      216 kB\u000aActive(file):      33672 kB\u000aInactive(file):   446824 kB\u000aUnevictable:           0 kB\u000aMlocked:               0 kB\u000aSwapTotal:             0 kB\u000aSwapFree:              0 kB\u000aDirty:              8540 kB\u000aWriteback:             0 kB\u000aAnonPages:         61156 kB\u000aMapped:            35280 kB\u000aShmem:               220 kB\u000aSlab:              42968 kB\u000aSReclaimable:      32880 kB\u000aSUnreclaim:        10088 kB\u000aKernelStack:        1152 kB\u000aPageTables:         1328 kB\u000aNFS_Unstable:          0 kB\u000aBounce:                0 kB\u000aWritebackTmp:          0 kB\u000aCommitLimit:      858592 kB\u000aCommitted_AS:     253544 kB\u000aVmallocTotal:   34359738367 kB\u000aVmallocUsed:           0 kB\u000aVmallocChunk:          0 kB\u000aAnonHugePages:         0 kB\u000aShmemHugePages:        0 kB\u000aShmemPmdMapped:        0 kB\u000aHugePages_Total:       0\u000aHugePages_Free:        0\u000aHugePages_Rsvd:        0\u000aHugePages_Surp:        0\u000aHugepagesize:       2048 kB\u000aDirectMap4k:       21504 kB\u000aDirectMap2M:     1740800 kB\u000a
p35
sV/proc/cgroups
p36
V#subsys_name	hierarchy	num_cgroups	enabled\u000acpuset	2	1	1\u000acpu	3	5	1\u000acpuacct	3	5	1\u000ablkio	11	1	1\u000amemory	7	5	1\u000adevices	10	1	1\u000afreezer	9	2	1\u000anet_cls	5	1	1\u000aperf_event	6	1	1\u000anet_prio	5	1	1\u000ahugetlb	8	1	1\u000apids	4	1	1\u000a
p37
sV/proc/cpuinfo
p38
Vprocessor	: 0\u000avendor_id	: GenuineIntel\u000acpu family	: 6\u000amodel		: 63\u000amodel name	: Intel(R) Xeon(R) Processor @ 2.50GHz\u000astepping	: 2\u000amicrocode	: 0x1\u000acpu MHz		: 2500.010\u000acache size	: 33792 KB\u000aphysical id	: 0\u000asiblings	: 2\u000acore id		: 0\u000acpu cores	: 2\u000aapicid		: 0\u000ainitial apicid	: 0\u000afpu		: yes\u000afpu_exception	: yes\u000acpuid level	: 13\u000awp		: yes\u000aflags		: fpu vme de pse tsc msr pae mce cx8 apic sep mtrr pge mca cmov pat pse36 clflush mmx fxsr sse sse2 ht syscall nx rdtscp lm constant_tsc rep_good nopl xtopology nonstop_tsc cpuid tsc_known_freq pni pclmulqdq ssse3 fma cx16 pcid sse4_1 sse4_2 x2apic movbe popcnt tsc_deadline_timer aes xsave avx f16c rdrand hypervisor lahf_lm abm cpuid_fault invpcid_single pti ssbd ibrs ibpb stibp fsgsbase tsc_adjust bmi1 avx2 smep bmi2 erms invpcid smap xsaveopt arat md_clear arch_capabilities\u000abugs		: cpu_meltdown spectre_v1 spectre_v2 spec_store_bypass l1tf mds swapgs\u000abogomips	: 5000.02\u000aclflush size	: 64\u000acache_alignment	: 64\u000aaddress sizes	: 46 bits physical, 48 bits virtual\u000apower management:\u000a\u000aprocessor	: 1\u000avendor_id	: GenuineIntel\u000acpu family	: 6\u000amodel		: 63\u000amodel name	: Intel(R) Xeon(R) Processor @ 2.50GHz\u000astepping	: 2\u000amicrocode	: 0x1\u000acpu MHz		: 2500.010\u000acache size	: 33792 KB\u000aphysical id	: 0\u000asiblings	: 2\u000acore id		: 1\u000acpu cores	: 2\u000aapicid		: 1\u000ainitial apicid	: 1\u000afpu		: yes\u000afpu_exception	: yes\u000acpuid level	: 13\u000awp		: yes\u000aflags		: fpu vme de pse tsc msr pae mce cx8 apic sep mtrr pge mca cmov pat pse36 clflush mmx fxsr sse sse2 ht syscall nx rdtscp lm constant_tsc rep_good nopl xtopology nonstop_tsc cpuid tsc_known_freq pni pclmulqdq ssse3 fma cx16 pcid sse4_1 sse4_2 x2apic movbe popcnt tsc_deadline_timer aes xsave avx f16c rdrand hypervisor lahf_lm abm cpuid_fault invpcid_single pti ssbd ibrs ibpb stibp fsgsbase tsc_adjust bmi1 avx2 smep bmi2 erms invpcid smap xsaveopt arat md_clear arch_capabilities\u000abugs		: cpu_meltdown spectre_v1 spectre_v2 spec_store_bypass l1tf mds swapgs\u000abogomips	: 5000.02\u000aclflush size	: 64\u000acache_alignment	: 64\u000aaddress sizes	: 46 bits physical, 48 bits virtual\u000apower management:\u000a\u000a
p39
sV/proc/meminfo
p40
VMemTotal:        1717184 kB\u000aMemFree:         1119884 kB\u000aMemAvailable:    1486312 kB\u000aBuffers:           17412 kB\u000aCached:           463292 kB\u000aSwapCached:            0 kB\u000aActive:            94816 kB\u000aInactive:         447040 kB\u000aActive(anon):      61144 kB\u000aInactive(anon):      216 kB\u000aActive(file):      33672 kB\u000aInactive(file):   446824 kB\u000aUnevictable:           0 kB\u000aMlocked:               0 kB\u000aSwapTotal:             0 kB\u000aSwapFree:              0 kB\u000aDirty:              8540 kB\u000aWriteback:             0 kB\u000aAnonPages:         61156 kB\u000aMapped:            35280 kB\u000aShmem:               220 kB\u000aSlab:              42968 kB\u000aSReclaimable:      32880 kB\u000aSUnreclaim:        10088 kB\u000aKernelStack:        1152 kB\u000aPageTables:         1328 kB\u000aNFS_Unstable:          0 kB\u000aBounce:                0 kB\u000aWritebackTmp:          0 kB\u000aCommitLimit:      858592 kB\u000aCommitted_AS:     253544 kB\u000aVmallocTotal:   34359738367 kB\u000aVmallocUsed:           0 kB\u000aVmallocChunk:          0 kB\u000aAnonHugePages:         0 kB\u000aShmemHugePages:        0 kB\u000aShmemPmdMapped:        0 kB\u000aHugePages_Total:       0\u000aHugePages_Free:        0\u000aHugePages_Rsvd:        0\u000aHugePages_Surp:        0\u000aHugepagesize:       2048 kB\u000aDirectMap4k:       21504 kB\u000aDirectMap2M:     1740800 kB\u000a
p41
ssVstatus_key
p42
Vpywren.jobs/78a2ffbf-0d8b-44ae-8b42-fb681af9641b/00000/status.json
p43
sVend_time
p44
F1609057673.113081
sVlog_group_name
p45
V/aws/lambda/pywren_redis_2
p46
sVdata_key
p47
Vpywren.jobs/78a2ffbf-0d8b-44ae-8b42-fb681af9641b/aggdata.pickle
p48
sa(dp49
Vcallset_id
p50
V78a2ffbf-0d8b-44ae-8b42-fb681af9641b
p51
sVlog_stream_name
p52
V2020/12/27/[$LATEST]a48f82ed40124db492fcb513b5b23340
p53
sVstdout
p54
V
sVfunc_key
p55
Vpywren.jobs/78a2ffbf-0d8b-44ae-8b42-fb681af9641b/func.pickle
p56
sVfree_disk_bytes
p57
I538333184
sVruntime_cached
p58
I00
sVretcode
p59
I0
sVcall_id
p60
V00001
p61
sVoutput_key
p62
Vpywren.jobs/78a2ffbf-0d8b-44ae-8b42-fb681af9641b/00001/output.pickle
p63
sVruntime_s3_key_used
p64
Vd37123-pywren.runtimes/default_2.7.tar.gz.0060
p65
sVaws_request_id
p66
V7dd61b41-f594-4d89-a1a2-27a12023bac9
p67
sVexec_time
p68
F22.093648910522461
sVstart_time
p69
F1609057643.7934239
sVsetup_time
p70
F7.2530860900878906
sVruntime_s3_bucket_used
p71
Vpywren-runtimes-public-us-west-2
p72
sVexception
p73
NsVhost_submit_time
p74
F1609057642.9365029
sVserver_info
p75
(dp76
Vuname
p77
V('Linux', '169.254.18.85', '4.14.203-112.332.amzn2.x86_64', '#1 SMP Wed Nov 4 20:46:34 UTC 2020', 'x86_64', 'x86_64')
p78
sV/proc/self/cgroup
p79
VMemTotal:        1717184 kB\u000aMemFree:         1118968 kB\u000aMemAvailable:    1486064 kB\u000aBuffers:           17520 kB\u000aCached:           463848 kB\u000aSwapCached:            0 kB\u000aActive:            95140 kB\u000aInactive:         447480 kB\u000aActive(anon):      61248 kB\u000aInactive(anon):      212 kB\u000aActive(file):      33892 kB\u000aInactive(file):   447268 kB\u000aUnevictable:           0 kB\u000aMlocked:               0 kB\u000aSwapTotal:             0 kB\u000aSwapFree:              0 kB\u000aDirty:              9932 kB\u000aWriteback:             0 kB\u000aAnonPages:         61252 kB\u000aMapped:            35108 kB\u000aShmem:               220 kB\u000aSlab:              42980 kB\u000aSReclaimable:      32884 kB\u000aSUnreclaim:        10096 kB\u000aKernelStack:        1152 kB\u000aPageTables:         1332 kB\u000aNFS_Unstable:          0 kB\u000aBounce:                0 kB\u000aWritebackTmp:          0 kB\u000aCommitLimit:      858592 kB\u000aCommitted_AS:     253592 kB\u000aVmallocTotal:   34359738367 kB\u000aVmallocUsed:           0 kB\u000aVmallocChunk:          0 kB\u000aAnonHugePages:         0 kB\u000aShmemHugePages:        0 kB\u000aShmemPmdMapped:        0 kB\u000aHugePages_Total:       0\u000aHugePages_Free:        0\u000aHugePages_Rsvd:        0\u000aHugePages_Surp:        0\u000aHugepagesize:       2048 kB\u000aDirectMap4k:       19456 kB\u000aDirectMap2M:     1742848 kB\u000a
p80
sV/proc/cgroups
p81
V#subsys_name	hierarchy	num_cgroups	enabled\u000acpuset	3	1	1\u000acpu	9	5	1\u000acpuacct	9	5	1\u000ablkio	11	1	1\u000amemory	8	5	1\u000adevices	10	1	1\u000afreezer	6	2	1\u000anet_cls	4	1	1\u000aperf_event	7	1	1\u000anet_prio	4	1	1\u000ahugetlb	2	1	1\u000apids	5	1	1\u000a
p82
sV/proc/cpuinfo
p83
Vprocessor	: 0\u000avendor_id	: GenuineIntel\u000acpu family	: 6\u000amodel		: 63\u000amodel name	: Intel(R) Xeon(R) Processor @ 2.50GHz\u000astepping	: 2\u000amicrocode	: 0x1\u000acpu MHz		: 2499.960\u000acache size	: 33792 KB\u000aphysical id	: 0\u000asiblings	: 2\u000acore id		: 0\u000acpu cores	: 2\u000aapicid		: 0\u000ainitial apicid	: 0\u000afpu		: yes\u000afpu_exception	: yes\u000acpuid level	: 13\u000awp		: yes\u000aflags		: fpu vme de pse tsc msr pae mce cx8 apic sep mtrr pge mca cmov pat pse36 clflush mmx fxsr sse sse2 ht syscall nx rdtscp lm constant_tsc rep_good nopl xtopology nonstop_tsc cpuid tsc_known_freq pni pclmulqdq ssse3 fma cx16 pcid sse4_1 sse4_2 x2apic movbe popcnt tsc_deadline_timer aes xsave avx f16c rdrand hypervisor lahf_lm abm cpuid_fault invpcid_single pti ssbd ibrs ibpb stibp fsgsbase tsc_adjust bmi1 avx2 smep bmi2 erms invpcid smap xsaveopt arat md_clear arch_capabilities\u000abugs		: cpu_meltdown spectre_v1 spectre_v2 spec_store_bypass l1tf mds swapgs\u000abogomips	: 4999.92\u000aclflush size	: 64\u000acache_alignment	: 64\u000aaddress sizes	: 46 bits physical, 48 bits virtual\u000apower management:\u000a\u000aprocessor	: 1\u000avendor_id	: GenuineIntel\u000acpu family	: 6\u000amodel		: 63\u000amodel name	: Intel(R) Xeon(R) Processor @ 2.50GHz\u000astepping	: 2\u000amicrocode	: 0x1\u000acpu MHz		: 2499.960\u000acache size	: 33792 KB\u000aphysical id	: 0\u000asiblings	: 2\u000acore id		: 1\u000acpu cores	: 2\u000aapicid		: 1\u000ainitial apicid	: 1\u000afpu		: yes\u000afpu_exception	: yes\u000acpuid level	: 13\u000awp		: yes\u000aflags		: fpu vme de pse tsc msr pae mce cx8 apic sep mtrr pge mca cmov pat pse36 clflush mmx fxsr sse sse2 ht syscall nx rdtscp lm constant_tsc rep_good nopl xtopology nonstop_tsc cpuid tsc_known_freq pni pclmulqdq ssse3 fma cx16 pcid sse4_1 sse4_2 x2apic movbe popcnt tsc_deadline_timer aes xsave avx f16c rdrand hypervisor lahf_lm abm cpuid_fault invpcid_single pti ssbd ibrs ibpb stibp fsgsbase tsc_adjust bmi1 avx2 smep bmi2 erms invpcid smap xsaveopt arat md_clear arch_capabilities\u000abugs		: cpu_meltdown spectre_v1 spectre_v2 spec_store_bypass l1tf mds swapgs\u000abogomips	: 4999.92\u000aclflush size	: 64\u000acache_alignment	: 64\u000aaddress sizes	: 46 bits physical, 48 bits virtual\u000apower management:\u000a\u000a
p84
sV/proc/meminfo
p85
VMemTotal:        1717184 kB\u000aMemFree:         1118968 kB\u000aMemAvailable:    1486064 kB\u000aBuffers:           17520 kB\u000aCached:           463848 kB\u000aSwapCached:            0 kB\u000aActive:            95140 kB\u000aInactive:         447480 kB\u000aActive(anon):      61248 kB\u000aInactive(anon):      212 kB\u000aActive(file):      33892 kB\u000aInactive(file):   447268 kB\u000aUnevictable:           0 kB\u000aMlocked:               0 kB\u000aSwapTotal:             0 kB\u000aSwapFree:              0 kB\u000aDirty:              9932 kB\u000aWriteback:             0 kB\u000aAnonPages:         61252 kB\u000aMapped:            35108 kB\u000aShmem:               220 kB\u000aSlab:              42980 kB\u000aSReclaimable:      32884 kB\u000aSUnreclaim:        10096 kB\u000aKernelStack:        1152 kB\u000aPageTables:         1332 kB\u000aNFS_Unstable:          0 kB\u000aBounce:                0 kB\u000aWritebackTmp:          0 kB\u000aCommitLimit:      858592 kB\u000aCommitted_AS:     253592 kB\u000aVmallocTotal:   34359738367 kB\u000aVmallocUsed:           0 kB\u000aVmallocChunk:          0 kB\u000aAnonHugePages:         0 kB\u000aShmemHugePages:        0 kB\u000aShmemPmdMapped:        0 kB\u000aHugePages_Total:       0\u000aHugePages_Free:        0\u000aHugePages_Rsvd:        0\u000aHugePages_Surp:        0\u000aHugepagesize:       2048 kB\u000aDirectMap4k:       19456 kB\u000aDirectMap2M:     1742848 kB\u000a
p86
ssVstatus_key
p87
Vpywren.jobs/78a2ffbf-0d8b-44ae-8b42-fb681af9641b/00001/status.json
p88
sVend_time
p89
F1609057673.1401529
sVlog_group_name
p90
V/aws/lambda/pywren_redis_2
p91
sVdata_key
p92
Vpywren.jobs/78a2ffbf-0d8b-44ae-8b42-fb681af9641b/aggdata.pickle
p93
sa(dp94
Vcallset_id
p95
V78a2ffbf-0d8b-44ae-8b42-fb681af9641b
p96
sVlog_stream_name
p97
V2020/12/27/[$LATEST]ffd776d3ce8b49609aa52d149d333bb7
p98
sVstdout
p99
V
sVfunc_key
p100
Vpywren.jobs/78a2ffbf-0d8b-44ae-8b42-fb681af9641b/func.pickle
p101
sVfree_disk_bytes
p102
I538333184
sVruntime_cached
p103
I00
sVretcode
p104
I0
sVcall_id
p105
V00002
p106
sVoutput_key
p107
Vpywren.jobs/78a2ffbf-0d8b-44ae-8b42-fb681af9641b/00002/output.pickle
p108
sVruntime_s3_key_used
p109
Vf92bca-pywren.runtimes/default_2.7.tar.gz.0036
p110
sVaws_request_id
p111
V266cec9c-d05c-49ac-affa-f9ca1dd14389
p112
sVexec_time
p113
F22.141872882843018
sVstart_time
p114
F1609057643.7735219
sVsetup_time
p115
F7.1664741039276123
sVruntime_s3_bucket_used
p116
Vpywren-runtimes-public-us-west-2
p117
sVexception
p118
NsVhost_submit_time
p119
F1609057642.9256959
sVserver_info
p120
(dp121
Vuname
p122
V('Linux', '169.254.221.149', '4.14.203-112.332.amzn2.x86_64', '#1 SMP Wed Nov 4 20:46:34 UTC 2020', 'x86_64', 'x86_64')
p123
sV/proc/self/cgroup
p124
VMemTotal:        1717184 kB\u000aMemFree:         1124140 kB\u000aMemAvailable:    1486668 kB\u000aBuffers:           14328 kB\u000aCached:           462592 kB\u000aSwapCached:            0 kB\u000aActive:            91776 kB\u000aInactive:         446088 kB\u000aActive(anon):      60936 kB\u000aInactive(anon):      216 kB\u000aActive(file):      30840 kB\u000aInactive(file):   445872 kB\u000aUnevictable:           0 kB\u000aMlocked:               0 kB\u000aSwapTotal:             0 kB\u000aSwapFree:              0 kB\u000aDirty:              8476 kB\u000aWriteback:             0 kB\u000aAnonPages:         60972 kB\u000aMapped:            34536 kB\u000aShmem:               220 kB\u000aSlab:              42532 kB\u000aSReclaimable:      32648 kB\u000aSUnreclaim:         9884 kB\u000aKernelStack:        1296 kB\u000aPageTables:         1336 kB\u000aNFS_Unstable:          0 kB\u000aBounce:                0 kB\u000aWritebackTmp:          0 kB\u000aCommitLimit:      858592 kB\u000aCommitted_AS:     252544 kB\u000aVmallocTotal:   34359738367 kB\u000aVmallocUsed:           0 kB\u000aVmallocChunk:          0 kB\u000aAnonHugePages:         0 kB\u000aShmemHugePages:        0 kB\u000aShmemPmdMapped:        0 kB\u000aHugePages_Total:       0\u000aHugePages_Free:        0\u000aHugePages_Rsvd:        0\u000aHugePages_Surp:        0\u000aHugepagesize:       2048 kB\u000aDirectMap4k:       23552 kB\u000aDirectMap2M:     1738752 kB\u000a
p125
sV/proc/cgroups
p126
V#subsys_name	hierarchy	num_cgroups	enabled\u000acpuset	9	1	1\u000acpu	2	5	1\u000acpuacct	2	5	1\u000ablkio	11	1	1\u000amemory	7	5	1\u000adevices	10	1	1\u000afreezer	6	2	1\u000anet_cls	5	1	1\u000aperf_event	4	1	1\u000anet_prio	5	1	1\u000ahugetlb	3	1	1\u000apids	8	1	1\u000a
p127
sV/proc/cpuinfo
p128
Vprocessor	: 0\u000avendor_id	: GenuineIntel\u000acpu family	: 6\u000amodel		: 63\u000amodel name	: Intel(R) Xeon(R) Processor @ 2.50GHz\u000astepping	: 2\u000amicrocode	: 0x1\u000acpu MHz		: 2500.010\u000acache size	: 36608 KB\u000aphysical id	: 0\u000asiblings	: 2\u000acore id		: 0\u000acpu cores	: 2\u000aapicid		: 0\u000ainitial apicid	: 0\u000afpu		: yes\u000afpu_exception	: yes\u000acpuid level	: 13\u000awp		: yes\u000aflags		: fpu vme de pse tsc msr pae mce cx8 apic sep mtrr pge mca cmov pat pse36 clflush mmx fxsr sse sse2 ht syscall nx rdtscp lm constant_tsc rep_good nopl xtopology nonstop_tsc cpuid tsc_known_freq pni pclmulqdq ssse3 fma cx16 pcid sse4_1 sse4_2 x2apic movbe popcnt tsc_deadline_timer aes xsave avx f16c rdrand hypervisor lahf_lm abm cpuid_fault invpcid_single ssbd ibrs ibpb stibp ibrs_enhanced fsgsbase tsc_adjust bmi1 avx2 smep bmi2 erms invpcid smap xsaveopt arat md_clear arch_capabilities\u000abugs		: spectre_v1 spectre_v2 spec_store_bypass swapgs\u000abogomips	: 5000.02\u000aclflush size	: 64\u000acache_alignment	: 64\u000aaddress sizes	: 46 bits physical, 48 bits virtual\u000apower management:\u000a\u000aprocessor	: 1\u000avendor_id	: GenuineIntel\u000acpu family	: 6\u000amodel		: 63\u000amodel name	: Intel(R) Xeon(R) Processor @ 2.50GHz\u000astepping	: 2\u000amicrocode	: 0x1\u000acpu MHz		: 2500.010\u000acache size	: 36608 KB\u000aphysical id	: 0\u000asiblings	: 2\u000acore id		: 1\u000acpu cores	: 2\u000aapicid		: 1\u000ainitial apicid	: 1\u000afpu		: yes\u000afpu_exception	: yes\u000acpuid level	: 13\u000awp		: yes\u000aflags		: fpu vme de pse tsc msr pae mce cx8 apic sep mtrr pge mca cmov pat pse36 clflush mmx fxsr sse sse2 ht syscall nx rdtscp lm constant_tsc rep_good nopl xtopology nonstop_tsc cpuid tsc_known_freq pni pclmulqdq ssse3 fma cx16 pcid sse4_1 sse4_2 x2apic movbe popcnt tsc_deadline_timer aes xsave avx f16c rdrand hypervisor lahf_lm abm cpuid_fault invpcid_single ssbd ibrs ibpb stibp ibrs_enhanced fsgsbase tsc_adjust bmi1 avx2 smep bmi2 erms invpcid smap xsaveopt arat md_clear arch_capabilities\u000abugs		: spectre_v1 spectre_v2 spec_store_bypass swapgs\u000abogomips	: 5000.02\u000aclflush size	: 64\u000acache_alignment	: 64\u000aaddress sizes	: 46 bits physical, 48 bits virtual\u000apower management:\u000a\u000a
p129
sV/proc/meminfo
p130
VMemTotal:        1717184 kB\u000aMemFree:         1124140 kB\u000aMemAvailable:    1486668 kB\u000aBuffers:           14328 kB\u000aCached:           462592 kB\u000aSwapCached:            0 kB\u000aActive:            91776 kB\u000aInactive:         446088 kB\u000aActive(anon):      60936 kB\u000aInactive(anon):      216 kB\u000aActive(file):      30840 kB\u000aInactive(file):   445872 kB\u000aUnevictable:           0 kB\u000aMlocked:               0 kB\u000aSwapTotal:             0 kB\u000aSwapFree:              0 kB\u000aDirty:              8476 kB\u000aWriteback:             0 kB\u000aAnonPages:         60972 kB\u000aMapped:            34536 kB\u000aShmem:               220 kB\u000aSlab:              42532 kB\u000aSReclaimable:      32648 kB\u000aSUnreclaim:         9884 kB\u000aKernelStack:        1296 kB\u000aPageTables:         1336 kB\u000aNFS_Unstable:          0 kB\u000aBounce:                0 kB\u000aWritebackTmp:          0 kB\u000aCommitLimit:      858592 kB\u000aCommitted_AS:     252544 kB\u000aVmallocTotal:   34359738367 kB\u000aVmallocUsed:           0 kB\u000aVmallocChunk:          0 kB\u000aAnonHugePages:         0 kB\u000aShmemHugePages:        0 kB\u000aShmemPmdMapped:        0 kB\u000aHugePages_Total:       0\u000aHugePages_Free:        0\u000aHugePages_Rsvd:        0\u000aHugePages_Surp:        0\u000aHugepagesize:       2048 kB\u000aDirectMap4k:       23552 kB\u000aDirectMap2M:     1738752 kB\u000a
p131
ssVstatus_key
p132
Vpywren.jobs/78a2ffbf-0d8b-44ae-8b42-fb681af9641b/00002/status.json
p133
sVend_time
p134
F1609057673.0818629
sVlog_group_name
p135
V/aws/lambda/pywren_redis_2
p136
sVdata_key
p137
Vpywren.jobs/78a2ffbf-0d8b-44ae-8b42-fb681af9641b/aggdata.pickle
p138
sa(dp139
Vcallset_id
p140
V78a2ffbf-0d8b-44ae-8b42-fb681af9641b
p141
sVlog_stream_name
p142
V2020/12/27/[$LATEST]c4150462df57427bafac2098ff980179
p143
sVstdout
p144
V
sVfunc_key
p145
Vpywren.jobs/78a2ffbf-0d8b-44ae-8b42-fb681af9641b/func.pickle
p146
sVfree_disk_bytes
p147
I538333184
sVruntime_cached
p148
I00
sVretcode
p149
I0
sVcall_id
p150
V00003
p151
sVoutput_key
p152
Vpywren.jobs/78a2ffbf-0d8b-44ae-8b42-fb681af9641b/00003/output.pickle
p153
sVruntime_s3_key_used
p154
V423a85-pywren.runtimes/default_2.7.tar.gz.0010
p155
sVaws_request_id
p156
V45144665-b3b1-4cdb-863d-9abd48825ae0
p157
sVexec_time
p158
F22.140115976333618
sVstart_time
p159
F1609057643.6188531
sVsetup_time
p160
F6.9058089256286621
sVruntime_s3_bucket_used
p161
Vpywren-runtimes-public-us-west-2
p162
sVexception
p163
NsVhost_submit_time
p164
F1609057642.9303391
sVserver_info
p165
(dp166
Vuname
p167
V('Linux', '169.254.177.109', '4.14.203-112.332.amzn2.x86_64', '#1 SMP Wed Nov 4 20:46:34 UTC 2020', 'x86_64', 'x86_64')
p168
sV/proc/self/cgroup
p169
VMemTotal:        1717184 kB\u000aMemFree:         1123680 kB\u000aMemAvailable:    1486816 kB\u000aBuffers:           17000 kB\u000aCached:           460452 kB\u000aSwapCached:            0 kB\u000aActive:            93720 kB\u000aInactive:         444648 kB\u000aActive(anon):      60908 kB\u000aInactive(anon):      216 kB\u000aActive(file):      32812 kB\u000aInactive(file):   444432 kB\u000aUnevictable:           0 kB\u000aMlocked:               0 kB\u000aSwapTotal:             0 kB\u000aSwapFree:              0 kB\u000aDirty:              9796 kB\u000aWriteback:             0 kB\u000aAnonPages:         60904 kB\u000aMapped:            35056 kB\u000aShmem:               220 kB\u000aSlab:              42704 kB\u000aSReclaimable:      32800 kB\u000aSUnreclaim:         9904 kB\u000aKernelStack:        1168 kB\u000aPageTables:         1340 kB\u000aNFS_Unstable:          0 kB\u000aBounce:                0 kB\u000aWritebackTmp:          0 kB\u000aCommitLimit:      858592 kB\u000aCommitted_AS:     253860 kB\u000aVmallocTotal:   34359738367 kB\u000aVmallocUsed:           0 kB\u000aVmallocChunk:          0 kB\u000aAnonHugePages:         0 kB\u000aShmemHugePages:        0 kB\u000aShmemPmdMapped:        0 kB\u000aHugePages_Total:       0\u000aHugePages_Free:        0\u000aHugePages_Rsvd:        0\u000aHugePages_Surp:        0\u000aHugepagesize:       2048 kB\u000aDirectMap4k:       25600 kB\u000aDirectMap2M:     1736704 kB\u000a
p170
sV/proc/cgroups
p171
V#subsys_name	hierarchy	num_cgroups	enabled\u000acpuset	3	1	1\u000acpu	9	5	1\u000acpuacct	9	5	1\u000ablkio	2	1	1\u000amemory	7	5	1\u000adevices	6	1	1\u000afreezer	11	2	1\u000anet_cls	4	1	1\u000aperf_event	5	1	1\u000anet_prio	4	1	1\u000ahugetlb	10	1	1\u000apids	8	1	1\u000a
p172
sV/proc/cpuinfo
p173
Vprocessor	: 0\u000avendor_id	: GenuineIntel\u000acpu family	: 6\u000amodel		: 63\u000amodel name	: Intel(R) Xeon(R) Processor @ 2.50GHz\u000astepping	: 2\u000amicrocode	: 0x1\u000acpu MHz		: 2500.012\u000acache size	: 36608 KB\u000aphysical id	: 0\u000asiblings	: 2\u000acore id		: 0\u000acpu cores	: 2\u000aapicid		: 0\u000ainitial apicid	: 0\u000afpu		: yes\u000afpu_exception	: yes\u000acpuid level	: 13\u000awp		: yes\u000aflags		: fpu vme de pse tsc msr pae mce cx8 apic sep mtrr pge mca cmov pat pse36 clflush mmx fxsr sse sse2 ht syscall nx rdtscp lm constant_tsc rep_good nopl xtopology nonstop_tsc cpuid tsc_known_freq pni pclmulqdq ssse3 fma cx16 pcid sse4_1 sse4_2 x2apic movbe popcnt tsc_deadline_timer aes xsave avx f16c rdrand hypervisor lahf_lm abm cpuid_fault invpcid_single ssbd ibrs ibpb stibp ibrs_enhanced fsgsbase tsc_adjust bmi1 avx2 smep bmi2 erms invpcid smap xsaveopt arat md_clear arch_capabilities\u000abugs		: spectre_v1 spectre_v2 spec_store_bypass swapgs\u000abogomips	: 5000.02\u000aclflush size	: 64\u000acache_alignment	: 64\u000aaddress sizes	: 46 bits physical, 48 bits virtual\u000apower management:\u000a\u000aprocessor	: 1\u000avendor_id	: GenuineIntel\u000acpu family	: 6\u000amodel		: 63\u000amodel name	: Intel(R) Xeon(R) Processor @ 2.50GHz\u000astepping	: 2\u000amicrocode	: 0x1\u000acpu MHz		: 2500.012\u000acache size	: 36608 KB\u000aphysical id	: 0\u000asiblings	: 2\u000acore id		: 1\u000acpu cores	: 2\u000aapicid		: 1\u000ainitial apicid	: 1\u000afpu		: yes\u000afpu_exception	: yes\u000acpuid level	: 13\u000awp		: yes\u000aflags		: fpu vme de pse tsc msr pae mce cx8 apic sep mtrr pge mca cmov pat pse36 clflush mmx fxsr sse sse2 ht syscall nx rdtscp lm constant_tsc rep_good nopl xtopology nonstop_tsc cpuid tsc_known_freq pni pclmulqdq ssse3 fma cx16 pcid sse4_1 sse4_2 x2apic movbe popcnt tsc_deadline_timer aes xsave avx f16c rdrand hypervisor lahf_lm abm cpuid_fault invpcid_single ssbd ibrs ibpb stibp ibrs_enhanced fsgsbase tsc_adjust bmi1 avx2 smep bmi2 erms invpcid smap xsaveopt arat md_clear arch_capabilities\u000abugs		: spectre_v1 spectre_v2 spec_store_bypass swapgs\u000abogomips	: 5000.02\u000aclflush size	: 64\u000acache_alignment	: 64\u000aaddress sizes	: 46 bits physical, 48 bits virtual\u000apower management:\u000a\u000a
p174
sV/proc/meminfo
p175
VMemTotal:        1717184 kB\u000aMemFree:         1123680 kB\u000aMemAvailable:    1486816 kB\u000aBuffers:           17000 kB\u000aCached:           460452 kB\u000aSwapCached:            0 kB\u000aActive:            93720 kB\u000aInactive:         444648 kB\u000aActive(anon):      60908 kB\u000aInactive(anon):      216 kB\u000aActive(file):      32812 kB\u000aInactive(file):   444432 kB\u000aUnevictable:           0 kB\u000aMlocked:               0 kB\u000aSwapTotal:             0 kB\u000aSwapFree:              0 kB\u000aDirty:              9796 kB\u000aWriteback:             0 kB\u000aAnonPages:         60904 kB\u000aMapped:            35056 kB\u000aShmem:               220 kB\u000aSlab:              42704 kB\u000aSReclaimable:      32800 kB\u000aSUnreclaim:         9904 kB\u000aKernelStack:        1168 kB\u000aPageTables:         1340 kB\u000aNFS_Unstable:          0 kB\u000aBounce:                0 kB\u000aWritebackTmp:          0 kB\u000aCommitLimit:      858592 kB\u000aCommitted_AS:     253860 kB\u000aVmallocTotal:   34359738367 kB\u000aVmallocUsed:           0 kB\u000aVmallocChunk:          0 kB\u000aAnonHugePages:         0 kB\u000aShmemHugePages:        0 kB\u000aShmemPmdMapped:        0 kB\u000aHugePages_Total:       0\u000aHugePages_Free:        0\u000aHugePages_Rsvd:        0\u000aHugePages_Surp:        0\u000aHugepagesize:       2048 kB\u000aDirectMap4k:       25600 kB\u000aDirectMap2M:     1736704 kB\u000a
p176
ssVstatus_key
p177
Vpywren.jobs/78a2ffbf-0d8b-44ae-8b42-fb681af9641b/00003/status.json
p178
sVend_time
p179
F1609057672.664772
sVlog_group_name
p180
V/aws/lambda/pywren_redis_2
p181
sVdata_key
p182
Vpywren.jobs/78a2ffbf-0d8b-44ae-8b42-fb681af9641b/aggdata.pickle
p183
sa(dp184
Vcallset_id
p185
V78a2ffbf-0d8b-44ae-8b42-fb681af9641b
p186
sVlog_stream_name
p187
V2020/12/27/[$LATEST]5c4ccfdf8dc14205bf2f9da7729c9cf6
p188
sVstdout
p189
V
sVfunc_key
p190
Vpywren.jobs/78a2ffbf-0d8b-44ae-8b42-fb681af9641b/func.pickle
p191
sVfree_disk_bytes
p192
I538333184
sVruntime_cached
p193
I00
sVretcode
p194
I0
sVcall_id
p195
V00004
p196
sVoutput_key
p197
Vpywren.jobs/78a2ffbf-0d8b-44ae-8b42-fb681af9641b/00004/output.pickle
p198
sVruntime_s3_key_used
p199
V27245f-pywren.runtimes/default_2.7.tar.gz.0062
p200
sVaws_request_id
p201
V80257597-3b7d-41fa-9cbc-0944de8409a2
p202
sVexec_time
p203
F22.909510850906372
sVstart_time
p204
F1609057643.8600521
sVsetup_time
p205
F7.4401710033416748
sVruntime_s3_bucket_used
p206
Vpywren-runtimes-public-us-west-2
p207
sVexception
p208
NsVhost_submit_time
p209
F1609057642.941184
sVserver_info
p210
(dp211
Vuname
p212
V('Linux', '169.254.90.173', '4.14.203-112.332.amzn2.x86_64', '#1 SMP Wed Nov 4 20:46:34 UTC 2020', 'x86_64', 'x86_64')
p213
sV/proc/self/cgroup
p214
VMemTotal:        1717184 kB\u000aMemFree:         1127200 kB\u000aMemAvailable:    1486516 kB\u000aBuffers:           13944 kB\u000aCached:           459708 kB\u000aSwapCached:            0 kB\u000aActive:            90920 kB\u000aInactive:         443824 kB\u000aActive(anon):      61084 kB\u000aInactive(anon):      216 kB\u000aActive(file):      29836 kB\u000aInactive(file):   443608 kB\u000aUnevictable:           0 kB\u000aMlocked:               0 kB\u000aSwapTotal:             0 kB\u000aSwapFree:              0 kB\u000aDirty:              9956 kB\u000aWriteback:             0 kB\u000aAnonPages:         61080 kB\u000aMapped:            34520 kB\u000aShmem:               220 kB\u000aSlab:              42756 kB\u000aSReclaimable:      32756 kB\u000aSUnreclaim:        10000 kB\u000aKernelStack:        1152 kB\u000aPageTables:         1360 kB\u000aNFS_Unstable:          0 kB\u000aBounce:                0 kB\u000aWritebackTmp:          0 kB\u000aCommitLimit:      858592 kB\u000aCommitted_AS:     253492 kB\u000aVmallocTotal:   34359738367 kB\u000aVmallocUsed:           0 kB\u000aVmallocChunk:          0 kB\u000aAnonHugePages:         0 kB\u000aShmemHugePages:        0 kB\u000aShmemPmdMapped:        0 kB\u000aHugePages_Total:       0\u000aHugePages_Free:        0\u000aHugePages_Rsvd:        0\u000aHugePages_Surp:        0\u000aHugepagesize:       2048 kB\u000aDirectMap4k:       21504 kB\u000aDirectMap2M:     1740800 kB\u000a
p215
sV/proc/cgroups
p216
V#subsys_name	hierarchy	num_cgroups	enabled\u000acpuset	6	1	1\u000acpu	9	5	1\u000acpuacct	9	5	1\u000ablkio	11	1	1\u000amemory	8	5	1\u000adevices	7	1	1\u000afreezer	4	2	1\u000anet_cls	2	1	1\u000aperf_event	3	1	1\u000anet_prio	2	1	1\u000ahugetlb	5	1	1\u000apids	10	1	1\u000a
p217
sV/proc/cpuinfo
p218
Vprocessor	: 0\u000avendor_id	: GenuineIntel\u000acpu family	: 6\u000amodel		: 63\u000amodel name	: Intel(R) Xeon(R) Processor @ 2.50GHz\u000astepping	: 2\u000amicrocode	: 0x1\u000acpu MHz		: 2500.014\u000acache size	: 33792 KB\u000aphysical id	: 0\u000asiblings	: 2\u000acore id		: 0\u000acpu cores	: 2\u000aapicid		: 0\u000ainitial apicid	: 0\u000afpu		: yes\u000afpu_exception	: yes\u000acpuid level	: 13\u000awp		: yes\u000aflags		: fpu vme de pse tsc msr pae mce cx8 apic sep mtrr pge mca cmov pat pse36 clflush mmx fxsr sse sse2 ht syscall nx rdtscp lm constant_tsc rep_good nopl xtopology nonstop_tsc cpuid tsc_known_freq pni pclmulqdq ssse3 fma cx16 pcid sse4_1 sse4_2 x2apic movbe popcnt tsc_deadline_timer aes xsave avx f16c rdrand hypervisor lahf_lm abm cpuid_fault invpcid_single pti ssbd ibrs ibpb stibp fsgsbase tsc_adjust bmi1 avx2 smep bmi2 erms invpcid smap xsaveopt arat md_clear arch_capabilities\u000abugs		: cpu_meltdown spectre_v1 spectre_v2 spec_store_bypass l1tf mds swapgs\u000abogomips	: 5000.02\u000aclflush size	: 64\u000acache_alignment	: 64\u000aaddress sizes	: 46 bits physical, 48 bits virtual\u000apower management:\u000a\u000aprocessor	: 1\u000avendor_id	: GenuineIntel\u000acpu family	: 6\u000amodel		: 63\u000amodel name	: Intel(R) Xeon(R) Processor @ 2.50GHz\u000astepping	: 2\u000amicrocode	: 0x1\u000acpu MHz		: 2500.014\u000acache size	: 33792 KB\u000aphysical id	: 0\u000asiblings	: 2\u000acore id		: 1\u000acpu cores	: 2\u000aapicid		: 1\u000ainitial apicid	: 1\u000afpu		: yes\u000afpu_exception	: yes\u000acpuid level	: 13\u000awp		: yes\u000aflags		: fpu vme de pse tsc msr pae mce cx8 apic sep mtrr pge mca cmov pat pse36 clflush mmx fxsr sse sse2 ht syscall nx rdtscp lm constant_tsc rep_good nopl xtopology nonstop_tsc cpuid tsc_known_freq pni pclmulqdq ssse3 fma cx16 pcid sse4_1 sse4_2 x2apic movbe popcnt tsc_deadline_timer aes xsave avx f16c rdrand hypervisor lahf_lm abm cpuid_fault invpcid_single pti ssbd ibrs ibpb stibp fsgsbase tsc_adjust bmi1 avx2 smep bmi2 erms invpcid smap xsaveopt arat md_clear arch_capabilities\u000abugs		: cpu_meltdown spectre_v1 spectre_v2 spec_store_bypass l1tf mds swapgs\u000abogomips	: 5000.02\u000aclflush size	: 64\u000acache_alignment	: 64\u000aaddress sizes	: 46 bits physical, 48 bits virtual\u000apower management:\u000a\u000a
p219
sV/proc/meminfo
p220
VMemTotal:        1717184 kB\u000aMemFree:         1127200 kB\u000aMemAvailable:    1486516 kB\u000aBuffers:           13944 kB\u000aCached:           459708 kB\u000aSwapCached:            0 kB\u000aActive:            90920 kB\u000aInactive:         443824 kB\u000aActive(anon):      61084 kB\u000aInactive(anon):      216 kB\u000aActive(file):      29836 kB\u000aInactive(file):   443608 kB\u000aUnevictable:           0 kB\u000aMlocked:               0 kB\u000aSwapTotal:             0 kB\u000aSwapFree:              0 kB\u000aDirty:              9956 kB\u000aWriteback:             0 kB\u000aAnonPages:         61080 kB\u000aMapped:            34520 kB\u000aShmem:               220 kB\u000aSlab:              42756 kB\u000aSReclaimable:      32756 kB\u000aSUnreclaim:        10000 kB\u000aKernelStack:        1152 kB\u000aPageTables:         1360 kB\u000aNFS_Unstable:          0 kB\u000aBounce:                0 kB\u000aWritebackTmp:          0 kB\u000aCommitLimit:      858592 kB\u000aCommitted_AS:     253492 kB\u000aVmallocTotal:   34359738367 kB\u000aVmallocUsed:           0 kB\u000aVmallocChunk:          0 kB\u000aAnonHugePages:         0 kB\u000aShmemHugePages:        0 kB\u000aShmemPmdMapped:        0 kB\u000aHugePages_Total:       0\u000aHugePages_Free:        0\u000aHugePages_Rsvd:        0\u000aHugePages_Surp:        0\u000aHugepagesize:       2048 kB\u000aDirectMap4k:       21504 kB\u000aDirectMap2M:     1740800 kB\u000a
p221
ssVstatus_key
p222
Vpywren.jobs/78a2ffbf-0d8b-44ae-8b42-fb681af9641b/00004/status.json
p223
sVend_time
p224
F1609057674.209727
sVlog_group_name
p225
V/aws/lambda/pywren_redis_2
p226
sVdata_key
p227
Vpywren.jobs/78a2ffbf-0d8b-44ae-8b42-fb681af9641b/aggdata.pickle
p228
sa(dp229
Vcallset_id
p230
V78a2ffbf-0d8b-44ae-8b42-fb681af9641b
p231
sVlog_stream_name
p232
V2020/12/27/[$LATEST]a187b9c9bde04091878e165d006f17f9
p233
sVstdout
p234
V
sVfunc_key
p235
Vpywren.jobs/78a2ffbf-0d8b-44ae-8b42-fb681af9641b/func.pickle
p236
sVfree_disk_bytes
p237
I538333184
sVruntime_cached
p238
I00
sVretcode
p239
I0
sVcall_id
p240
V00005
p241
sVoutput_key
p242
Vpywren.jobs/78a2ffbf-0d8b-44ae-8b42-fb681af9641b/00005/output.pickle
p243
sVruntime_s3_key_used
p244
V56d5ee-pywren.runtimes/default_2.7.tar.gz.0035
p245
sVaws_request_id
p246
V27cc868b-8132-49a4-99b8-fd649da8fb20
p247
sVexec_time
p248
F22.164953947067261
sVstart_time
p249
F1609057643.7975099
sVsetup_time
p250
F7.2010090351104736
sVruntime_s3_bucket_used
p251
Vpywren-runtimes-public-us-west-2
p252
sVexception
p253
NsVhost_submit_time
p254
F1609057642.9470479
sVserver_info
p255
(dp256
Vuname
p257
V('Linux', '169.254.51.125', '4.14.203-112.332.amzn2.x86_64', '#1 SMP Wed Nov 4 20:46:34 UTC 2020', 'x86_64', 'x86_64')
p258
sV/proc/self/cgroup
p259
VMemTotal:        1717184 kB\u000aMemFree:         1122768 kB\u000aMemAvailable:    1486652 kB\u000aBuffers:           17364 kB\u000aCached:           460812 kB\u000aSwapCached:            0 kB\u000aActive:            94180 kB\u000aInactive:         444836 kB\u000aActive(anon):      60832 kB\u000aInactive(anon):      216 kB\u000aActive(file):      33348 kB\u000aInactive(file):   444620 kB\u000aUnevictable:           0 kB\u000aMlocked:               0 kB\u000aSwapTotal:             0 kB\u000aSwapFree:              0 kB\u000aDirty:             10140 kB\u000aWriteback:             0 kB\u000aAnonPages:         60836 kB\u000aMapped:            35284 kB\u000aShmem:               220 kB\u000aSlab:              42900 kB\u000aSReclaimable:      32848 kB\u000aSUnreclaim:        10052 kB\u000aKernelStack:        1152 kB\u000aPageTables:         1328 kB\u000aNFS_Unstable:          0 kB\u000aBounce:                0 kB\u000aWritebackTmp:          0 kB\u000aCommitLimit:      858592 kB\u000aCommitted_AS:     253628 kB\u000aVmallocTotal:   34359738367 kB\u000aVmallocUsed:           0 kB\u000aVmallocChunk:          0 kB\u000aAnonHugePages:         0 kB\u000aShmemHugePages:        0 kB\u000aShmemPmdMapped:        0 kB\u000aHugePages_Total:       0\u000aHugePages_Free:        0\u000aHugePages_Rsvd:        0\u000aHugePages_Surp:        0\u000aHugepagesize:       2048 kB\u000aDirectMap4k:       23552 kB\u000aDirectMap2M:     1738752 kB\u000a
p260
sV/proc/cgroups
p261
V#subsys_name	hierarchy	num_cgroups	enabled\u000acpuset	11	1	1\u000acpu	3	5	1\u000acpuacct	3	5	1\u000ablkio	6	1	1\u000amemory	5	5	1\u000adevices	9	1	1\u000afreezer	4	2	1\u000anet_cls	2	1	1\u000aperf_event	10	1	1\u000anet_prio	2	1	1\u000ahugetlb	7	1	1\u000apids	8	1	1\u000a
p262
sV/proc/cpuinfo
p263
Vprocessor	: 0\u000avendor_id	: GenuineIntel\u000acpu family	: 6\u000amodel		: 63\u000amodel name	: Intel(R) Xeon(R) Processor @ 2.50GHz\u000astepping	: 2\u000amicrocode	: 0x1\u000acpu MHz		: 2500.012\u000acache size	: 33792 KB\u000aphysical id	: 0\u000asiblings	: 2\u000acore id		: 0\u000acpu cores	: 2\u000aapicid		: 0\u000ainitial apicid	: 0\u000afpu		: yes\u000afpu_exception	: yes\u000acpuid level	: 13\u000awp		: yes\u000aflags		: fpu vme de pse tsc msr pae mce cx8 apic sep mtrr pge mca cmov pat pse36 clflush mmx fxsr sse sse2 ht syscall nx rdtscp lm constant_tsc rep_good nopl xtopology nonstop_tsc cpuid tsc_known_freq pni pclmulqdq ssse3 fma cx16 pcid sse4_1 sse4_2 x2apic movbe popcnt tsc_deadline_timer aes xsave avx f16c rdrand hypervisor lahf_lm abm cpuid_fault invpcid_single pti ssbd ibrs ibpb stibp fsgsbase tsc_adjust bmi1 avx2 smep bmi2 erms invpcid smap xsaveopt arat md_clear arch_capabilities\u000abugs		: cpu_meltdown spectre_v1 spectre_v2 spec_store_bypass l1tf mds swapgs\u000abogomips	: 5000.02\u000aclflush size	: 64\u000acache_alignment	: 64\u000aaddress sizes	: 46 bits physical, 48 bits virtual\u000apower management:\u000a\u000aprocessor	: 1\u000avendor_id	: GenuineIntel\u000acpu family	: 6\u000amodel		: 63\u000amodel name	: Intel(R) Xeon(R) Processor @ 2.50GHz\u000astepping	: 2\u000amicrocode	: 0x1\u000acpu MHz		: 2500.012\u000acache size	: 33792 KB\u000aphysical id	: 0\u000asiblings	: 2\u000acore id		: 1\u000acpu cores	: 2\u000aapicid		: 1\u000ainitial apicid	: 1\u000afpu		: yes\u000afpu_exception	: yes\u000acpuid level	: 13\u000awp		: yes\u000aflags		: fpu vme de pse tsc msr pae mce cx8 apic sep mtrr pge mca cmov pat pse36 clflush mmx fxsr sse sse2 ht syscall nx rdtscp lm constant_tsc rep_good nopl xtopology nonstop_tsc cpuid tsc_known_freq pni pclmulqdq ssse3 fma cx16 pcid sse4_1 sse4_2 x2apic movbe popcnt tsc_deadline_timer aes xsave avx f16c rdrand hypervisor lahf_lm abm cpuid_fault invpcid_single pti ssbd ibrs ibpb stibp fsgsbase tsc_adjust bmi1 avx2 smep bmi2 erms invpcid smap xsaveopt arat md_clear arch_capabilities\u000abugs		: cpu_meltdown spectre_v1 spectre_v2 spec_store_bypass l1tf mds swapgs\u000abogomips	: 5000.02\u000aclflush size	: 64\u000acache_alignment	: 64\u000aaddress sizes	: 46 bits physical, 48 bits virtual\u000apower management:\u000a\u000a
p264
sV/proc/meminfo
p265
VMemTotal:        1717184 kB\u000aMemFree:         1122768 kB\u000aMemAvailable:    1486652 kB\u000aBuffers:           17364 kB\u000aCached:           460812 kB\u000aSwapCached:            0 kB\u000aActive:            94180 kB\u000aInactive:         444836 kB\u000aActive(anon):      60832 kB\u000aInactive(anon):      216 kB\u000aActive(file):      33348 kB\u000aInactive(file):   444620 kB\u000aUnevictable:           0 kB\u000aMlocked:               0 kB\u000aSwapTotal:             0 kB\u000aSwapFree:              0 kB\u000aDirty:             10140 kB\u000aWriteback:             0 kB\u000aAnonPages:         60836 kB\u000aMapped:            35284 kB\u000aShmem:               220 kB\u000aSlab:              42900 kB\u000aSReclaimable:      32848 kB\u000aSUnreclaim:        10052 kB\u000aKernelStack:        1152 kB\u000aPageTables:         1328 kB\u000aNFS_Unstable:          0 kB\u000aBounce:                0 kB\u000aWritebackTmp:          0 kB\u000aCommitLimit:      858592 kB\u000aCommitted_AS:     253628 kB\u000aVmallocTotal:   34359738367 kB\u000aVmallocUsed:           0 kB\u000aVmallocChunk:          0 kB\u000aAnonHugePages:         0 kB\u000aShmemHugePages:        0 kB\u000aShmemPmdMapped:        0 kB\u000aHugePages_Total:       0\u000aHugePages_Free:        0\u000aHugePages_Rsvd:        0\u000aHugePages_Surp:        0\u000aHugepagesize:       2048 kB\u000aDirectMap4k:       23552 kB\u000aDirectMap2M:     1738752 kB\u000a
p266
ssVstatus_key
p267
Vpywren.jobs/78a2ffbf-0d8b-44ae-8b42-fb681af9641b/00005/status.json
p268
sVend_time
p269
F1609057673.1634669
sVlog_group_name
p270
V/aws/lambda/pywren_redis_2
p271
sVdata_key
p272
Vpywren.jobs/78a2ffbf-0d8b-44ae-8b42-fb681af9641b/aggdata.pickle
p273
sa(dp274
Vcallset_id
p275
V78a2ffbf-0d8b-44ae-8b42-fb681af9641b
p276
sVlog_stream_name
p277
V2020/12/27/[$LATEST]e1bd97b4c17142d4832ab6613a633fbd
p278
sVstdout
p279
V
sVfunc_key
p280
Vpywren.jobs/78a2ffbf-0d8b-44ae-8b42-fb681af9641b/func.pickle
p281
sVfree_disk_bytes
p282
I538333184
sVruntime_cached
p283
I00
sVretcode
p284
I0
sVcall_id
p285
V00006
p286
sVoutput_key
p287
Vpywren.jobs/78a2ffbf-0d8b-44ae-8b42-fb681af9641b/00006/output.pickle
p288
sVruntime_s3_key_used
p289
V327cf3-pywren.runtimes/default_2.7.tar.gz.0031
p290
sVaws_request_id
p291
Vf667a593-e040-4e02-a961-9776e6c868a9
p292
sVexec_time
p293
F22.120671987533569
sVstart_time
p294
F1609057643.7185199
sVsetup_time
p295
F7.1281499862670898
sVruntime_s3_bucket_used
p296
Vpywren-runtimes-public-us-west-2
p297
sVexception
p298
NsVhost_submit_time
p299
F1609057642.9529381
sVserver_info
p300
(dp301
Vuname
p302
V('Linux', '169.254.245.109', '4.14.203-112.332.amzn2.x86_64', '#1 SMP Wed Nov 4 20:46:34 UTC 2020', 'x86_64', 'x86_64')
p303
sV/proc/self/cgroup
p304
VMemTotal:        1717184 kB\u000aMemFree:         1119584 kB\u000aMemAvailable:    1485936 kB\u000aBuffers:           17208 kB\u000aCached:           463352 kB\u000aSwapCached:            0 kB\u000aActive:            94780 kB\u000aInactive:         447008 kB\u000aActive(anon):      61224 kB\u000aInactive(anon):      216 kB\u000aActive(file):      33556 kB\u000aInactive(file):   446792 kB\u000aUnevictable:           0 kB\u000aMlocked:               0 kB\u000aSwapTotal:             0 kB\u000aSwapFree:              0 kB\u000aDirty:              8360 kB\u000aWriteback:             0 kB\u000aAnonPages:         61156 kB\u000aMapped:            34868 kB\u000aShmem:               220 kB\u000aSlab:              43144 kB\u000aSReclaimable:      33020 kB\u000aSUnreclaim:        10124 kB\u000aKernelStack:        1152 kB\u000aPageTables:         1396 kB\u000aNFS_Unstable:          0 kB\u000aBounce:                0 kB\u000aWritebackTmp:          0 kB\u000aCommitLimit:      858592 kB\u000aCommitted_AS:     253812 kB\u000aVmallocTotal:   34359738367 kB\u000aVmallocUsed:           0 kB\u000aVmallocChunk:          0 kB\u000aAnonHugePages:         0 kB\u000aShmemHugePages:        0 kB\u000aShmemPmdMapped:        0 kB\u000aHugePages_Total:       0\u000aHugePages_Free:        0\u000aHugePages_Rsvd:        0\u000aHugePages_Surp:        0\u000aHugepagesize:       2048 kB\u000aDirectMap4k:       21504 kB\u000aDirectMap2M:     1740800 kB\u000a
p305
sV/proc/cgroups
p306
V#subsys_name	hierarchy	num_cgroups	enabled\u000acpuset	5	1	1\u000acpu	10	5	1\u000acpuacct	10	5	1\u000ablkio	11	1	1\u000amemory	3	5	1\u000adevices	6	1	1\u000afreezer	8	2	1\u000anet_cls	9	1	1\u000aperf_event	4	1	1\u000anet_prio	9	1	1\u000ahugetlb	2	1	1\u000apids	7	1	1\u000a
p307
sV/proc/cpuinfo
p308
Vprocessor	: 0\u000avendor_id	: GenuineIntel\u000acpu family	: 6\u000amodel		: 63\u000amodel name	: Intel(R) Xeon(R) Processor @ 2.50GHz\u000astepping	: 2\u000amicrocode	: 0x1\u000acpu MHz		: 2500.012\u000acache size	: 33792 KB\u000aphysical id	: 0\u000asiblings	: 2\u000acore id		: 0\u000acpu cores	: 2\u000aapicid		: 0\u000ainitial apicid	: 0\u000afpu		: yes\u000afpu_exception	: yes\u000acpuid level	: 13\u000awp		: yes\u000aflags		: fpu vme de pse tsc msr pae mce cx8 apic sep mtrr pge mca cmov pat pse36 clflush mmx fxsr sse sse2 ht syscall nx rdtscp lm constant_tsc rep_good nopl xtopology nonstop_tsc cpuid tsc_known_freq pni pclmulqdq ssse3 fma cx16 pcid sse4_1 sse4_2 x2apic movbe popcnt tsc_deadline_timer aes xsave avx f16c rdrand hypervisor lahf_lm abm cpuid_fault invpcid_single pti ssbd ibrs ibpb stibp fsgsbase tsc_adjust bmi1 avx2 smep bmi2 erms invpcid smap xsaveopt arat md_clear arch_capabilities\u000abugs		: cpu_meltdown spectre_v1 spectre_v2 spec_store_bypass l1tf mds swapgs\u000abogomips	: 5000.02\u000aclflush size	: 64\u000acache_alignment	: 64\u000aaddress sizes	: 46 bits physical, 48 bits virtual\u000apower management:\u000a\u000aprocessor	: 1\u000avendor_id	: GenuineIntel\u000acpu family	: 6\u000amodel		: 63\u000amodel name	: Intel(R) Xeon(R) Processor @ 2.50GHz\u000astepping	: 2\u000amicrocode	: 0x1\u000acpu MHz		: 2500.012\u000acache size	: 33792 KB\u000aphysical id	: 0\u000asiblings	: 2\u000acore id		: 1\u000acpu cores	: 2\u000aapicid		: 1\u000ainitial apicid	: 1\u000afpu		: yes\u000afpu_exception	: yes\u000acpuid level	: 13\u000awp		: yes\u000aflags		: fpu vme de pse tsc msr pae mce cx8 apic sep mtrr pge mca cmov pat pse36 clflush mmx fxsr sse sse2 ht syscall nx rdtscp lm constant_tsc rep_good nopl xtopology nonstop_tsc cpuid tsc_known_freq pni pclmulqdq ssse3 fma cx16 pcid sse4_1 sse4_2 x2apic movbe popcnt tsc_deadline_timer aes xsave avx f16c rdrand hypervisor lahf_lm abm cpuid_fault invpcid_single pti ssbd ibrs ibpb stibp fsgsbase tsc_adjust bmi1 avx2 smep bmi2 erms invpcid smap xsaveopt arat md_clear arch_capabilities\u000abugs		: cpu_meltdown spectre_v1 spectre_v2 spec_store_bypass l1tf mds swapgs\u000abogomips	: 5000.02\u000aclflush size	: 64\u000acache_alignment	: 64\u000aaddress sizes	: 46 bits physical, 48 bits virtual\u000apower management:\u000a\u000a
p309
sV/proc/meminfo
p310
VMemTotal:        1717184 kB\u000aMemFree:         1119584 kB\u000aMemAvailable:    1485936 kB\u000aBuffers:           17208 kB\u000aCached:           463352 kB\u000aSwapCached:            0 kB\u000aActive:            94780 kB\u000aInactive:         447008 kB\u000aActive(anon):      61224 kB\u000aInactive(anon):      216 kB\u000aActive(file):      33556 kB\u000aInactive(file):   446792 kB\u000aUnevictable:           0 kB\u000aMlocked:               0 kB\u000aSwapTotal:             0 kB\u000aSwapFree:              0 kB\u000aDirty:              8360 kB\u000aWriteback:             0 kB\u000aAnonPages:         61156 kB\u000aMapped:            34868 kB\u000aShmem:               220 kB\u000aSlab:              43144 kB\u000aSReclaimable:      33020 kB\u000aSUnreclaim:        10124 kB\u000aKernelStack:        1152 kB\u000aPageTables:         1396 kB\u000aNFS_Unstable:          0 kB\u000aBounce:                0 kB\u000aWritebackTmp:          0 kB\u000aCommitLimit:      858592 kB\u000aCommitted_AS:     253812 kB\u000aVmallocTotal:   34359738367 kB\u000aVmallocUsed:           0 kB\u000aVmallocChunk:          0 kB\u000aAnonHugePages:         0 kB\u000aShmemHugePages:        0 kB\u000aShmemPmdMapped:        0 kB\u000aHugePages_Total:       0\u000aHugePages_Free:        0\u000aHugePages_Rsvd:        0\u000aHugePages_Surp:        0\u000aHugepagesize:       2048 kB\u000aDirectMap4k:       21504 kB\u000aDirectMap2M:     1740800 kB\u000a
p311
ssVstatus_key
p312
Vpywren.jobs/78a2ffbf-0d8b-44ae-8b42-fb681af9641b/00006/status.json
p313
sVend_time
p314
F1609057672.967335
sVlog_group_name
p315
V/aws/lambda/pywren_redis_2
p316
sVdata_key
p317
Vpywren.jobs/78a2ffbf-0d8b-44ae-8b42-fb681af9641b/aggdata.pickle
p318
sa(dp319
Vcallset_id
p320
V78a2ffbf-0d8b-44ae-8b42-fb681af9641b
p321
sVlog_stream_name
p322
V2020/12/27/[$LATEST]0a164acd38a94d8fbaa9e8bc15076792
p323
sVstdout
p324
V
sVfunc_key
p325
Vpywren.jobs/78a2ffbf-0d8b-44ae-8b42-fb681af9641b/func.pickle
p326
sVfree_disk_bytes
p327
I538333184
sVruntime_cached
p328
I00
sVretcode
p329
I0
sVcall_id
p330
V00007
p331
sVoutput_key
p332
Vpywren.jobs/78a2ffbf-0d8b-44ae-8b42-fb681af9641b/00007/output.pickle
p333
sVruntime_s3_key_used
p334
V5f3998-pywren.runtimes/default_2.7.tar.gz.0065
p335
sVaws_request_id
p336
Va6a3fbe6-856c-4810-89a2-d01b482deaf4
p337
sVexec_time
p338
F22.13604211807251
sVstart_time
p339
F1609057643.729744
sVsetup_time
p340
F6.8974590301513672
sVruntime_s3_bucket_used
p341
Vpywren-runtimes-public-us-west-2
p342
sVexception
p343
NsVhost_submit_time
p344
F1609057642.957469
sVserver_info
p345
(dp346
Vuname
p347
V('Linux', '169.254.100.21', '4.14.203-112.332.amzn2.x86_64', '#1 SMP Wed Nov 4 20:46:34 UTC 2020', 'x86_64', 'x86_64')
p348
sV/proc/self/cgroup
p349
VMemTotal:        1717184 kB\u000aMemFree:         1120156 kB\u000aMemAvailable:    1486892 kB\u000aBuffers:           17428 kB\u000aCached:           463688 kB\u000aSwapCached:            0 kB\u000aActive:            94400 kB\u000aInactive:         447408 kB\u000aActive(anon):      60676 kB\u000aInactive(anon):      216 kB\u000aActive(file):      33724 kB\u000aInactive(file):   447192 kB\u000aUnevictable:           0 kB\u000aMlocked:               0 kB\u000aSwapTotal:             0 kB\u000aSwapFree:              0 kB\u000aDirty:             10124 kB\u000aWriteback:             0 kB\u000aAnonPages:         60680 kB\u000aMapped:            34880 kB\u000aShmem:               220 kB\u000aSlab:              42880 kB\u000aSReclaimable:      32656 kB\u000aSUnreclaim:        10224 kB\u000aKernelStack:        1168 kB\u000aPageTables:         1320 kB\u000aNFS_Unstable:          0 kB\u000aBounce:                0 kB\u000aWritebackTmp:          0 kB\u000aCommitLimit:      858592 kB\u000aCommitted_AS:     252852 kB\u000aVmallocTotal:   34359738367 kB\u000aVmallocUsed:           0 kB\u000aVmallocChunk:          0 kB\u000aAnonHugePages:         0 kB\u000aShmemHugePages:        0 kB\u000aShmemPmdMapped:        0 kB\u000aHugePages_Total:       0\u000aHugePages_Free:        0\u000aHugePages_Rsvd:        0\u000aHugePages_Surp:        0\u000aHugepagesize:       2048 kB\u000aDirectMap4k:       19456 kB\u000aDirectMap2M:     1742848 kB\u000a
p350
sV/proc/cgroups
p351
V#subsys_name	hierarchy	num_cgroups	enabled\u000acpuset	4	1	1\u000acpu	8	5	1\u000acpuacct	8	5	1\u000ablkio	7	1	1\u000amemory	9	5	1\u000adevices	11	1	1\u000afreezer	3	2	1\u000anet_cls	6	1	1\u000aperf_event	2	1	1\u000anet_prio	6	1	1\u000ahugetlb	5	1	1\u000apids	10	1	1\u000a
p352
sV/proc/cpuinfo
p353
Vprocessor	: 0\u000avendor_id	: GenuineIntel\u000acpu family	: 6\u000amodel		: 63\u000amodel name	: Intel(R) Xeon(R) Processor @ 2.50GHz\u000astepping	: 2\u000amicrocode	: 0x1\u000acpu MHz		: 2500.008\u000acache size	: 36608 KB\u000aphysical id	: 0\u000asiblings	: 2\u000acore id		: 0\u000acpu cores	: 2\u000aapicid		: 0\u000ainitial apicid	: 0\u000afpu		: yes\u000afpu_exception	: yes\u000acpuid level	: 13\u000awp		: yes\u000aflags		: fpu vme de pse tsc msr pae mce cx8 apic sep mtrr pge mca cmov pat pse36 clflush mmx fxsr sse sse2 ht syscall nx rdtscp lm constant_tsc rep_good nopl xtopology nonstop_tsc cpuid tsc_known_freq pni pclmulqdq ssse3 fma cx16 pcid sse4_1 sse4_2 x2apic movbe popcnt tsc_deadline_timer aes xsave avx f16c rdrand hypervisor lahf_lm abm cpuid_fault invpcid_single ssbd ibrs ibpb stibp ibrs_enhanced fsgsbase tsc_adjust bmi1 avx2 smep bmi2 erms invpcid smap xsaveopt arat md_clear arch_capabilities\u000abugs		: spectre_v1 spectre_v2 spec_store_bypass swapgs\u000abogomips	: 5000.01\u000aclflush size	: 64\u000acache_alignment	: 64\u000aaddress sizes	: 46 bits physical, 48 bits virtual\u000apower management:\u000a\u000aprocessor	: 1\u000avendor_id	: GenuineIntel\u000acpu family	: 6\u000amodel		: 63\u000amodel name	: Intel(R) Xeon(R) Processor @ 2.50GHz\u000astepping	: 2\u000amicrocode	: 0x1\u000acpu MHz		: 2500.008\u000acache size	: 36608 KB\u000aphysical id	: 0\u000asiblings	: 2\u000acore id		: 1\u000acpu cores	: 2\u000aapicid		: 1\u000ainitial apicid	: 1\u000afpu		: yes\u000afpu_exception	: yes\u000acpuid level	: 13\u000awp		: yes\u000aflags		: fpu vme de pse tsc msr pae mce cx8 apic sep mtrr pge mca cmov pat pse36 clflush mmx fxsr sse sse2 ht syscall nx rdtscp lm constant_tsc rep_good nopl xtopology nonstop_tsc cpuid tsc_known_freq pni pclmulqdq ssse3 fma cx16 pcid sse4_1 sse4_2 x2apic movbe popcnt tsc_deadline_timer aes xsave avx f16c rdrand hypervisor lahf_lm abm cpuid_fault invpcid_single ssbd ibrs ibpb stibp ibrs_enhanced fsgsbase tsc_adjust bmi1 avx2 smep bmi2 erms invpcid smap xsaveopt arat md_clear arch_capabilities\u000abugs		: spectre_v1 spectre_v2 spec_store_bypass swapgs\u000abogomips	: 5000.01\u000aclflush size	: 64\u000acache_alignment	: 64\u000aaddress sizes	: 46 bits physical, 48 bits virtual\u000apower management:\u000a\u000a
p354
sV/proc/meminfo
p355
VMemTotal:        1717184 kB\u000aMemFree:         1120156 kB\u000aMemAvailable:    1486892 kB\u000aBuffers:           17428 kB\u000aCached:           463688 kB\u000aSwapCached:            0 kB\u000aActive:            94400 kB\u000aInactive:         447408 kB\u000aActive(anon):      60676 kB\u000aInactive(anon):      216 kB\u000aActive(file):      33724 kB\u000aInactive(file):   447192 kB\u000aUnevictable:           0 kB\u000aMlocked:               0 kB\u000aSwapTotal:             0 kB\u000aSwapFree:              0 kB\u000aDirty:             10124 kB\u000aWriteback:             0 kB\u000aAnonPages:         60680 kB\u000aMapped:            34880 kB\u000aShmem:               220 kB\u000aSlab:              42880 kB\u000aSReclaimable:      32656 kB\u000aSUnreclaim:        10224 kB\u000aKernelStack:        1168 kB\u000aPageTables:         1320 kB\u000aNFS_Unstable:          0 kB\u000aBounce:                0 kB\u000aWritebackTmp:          0 kB\u000aCommitLimit:      858592 kB\u000aCommitted_AS:     252852 kB\u000aVmallocTotal:   34359738367 kB\u000aVmallocUsed:           0 kB\u000aVmallocChunk:          0 kB\u000aAnonHugePages:         0 kB\u000aShmemHugePages:        0 kB\u000aShmemPmdMapped:        0 kB\u000aHugePages_Total:       0\u000aHugePages_Free:        0\u000aHugePages_Rsvd:        0\u000aHugePages_Surp:        0\u000aHugepagesize:       2048 kB\u000aDirectMap4k:       19456 kB\u000aDirectMap2M:     1742848 kB\u000a
p356
ssVstatus_key
p357
Vpywren.jobs/78a2ffbf-0d8b-44ae-8b42-fb681af9641b/00007/status.json
p358
sVend_time
p359
F1609057672.763238
sVlog_group_name
p360
V/aws/lambda/pywren_redis_2
p361
sVdata_key
p362
Vpywren.jobs/78a2ffbf-0d8b-44ae-8b42-fb681af9641b/aggdata.pickle
p363
sa(dp364
Vcallset_id
p365
V78a2ffbf-0d8b-44ae-8b42-fb681af9641b
p366
sVlog_stream_name
p367
V2020/12/27/[$LATEST]9b8bdb3051454321b6953183b8bb446b
p368
sVstdout
p369
V
sVfunc_key
p370
Vpywren.jobs/78a2ffbf-0d8b-44ae-8b42-fb681af9641b/func.pickle
p371
sVfree_disk_bytes
p372
I538333184
sVruntime_cached
p373
I00
sVretcode
p374
I0
sVcall_id
p375
V00008
p376
sVoutput_key
p377
Vpywren.jobs/78a2ffbf-0d8b-44ae-8b42-fb681af9641b/00008/output.pickle
p378
sVruntime_s3_key_used
p379
V44d2c0-pywren.runtimes/default_2.7.tar.gz.0074
p380
sVaws_request_id
p381
Vf60b0d6f-e742-4667-8c9b-36e230a30db0
p382
sVexec_time
p383
F22.122217178344727
sVstart_time
p384
F1609057643.686506
sVsetup_time
p385
F6.9384908676147461
sVruntime_s3_bucket_used
p386
Vpywren-runtimes-public-us-west-2
p387
sVexception
p388
NsVhost_submit_time
p389
F1609057642.9726059
sVserver_info
p390
(dp391
Vuname
p392
V('Linux', '169.254.209.13', '4.14.203-112.332.amzn2.x86_64', '#1 SMP Wed Nov 4 20:46:34 UTC 2020', 'x86_64', 'x86_64')
p393
sV/proc/self/cgroup
p394
VMemTotal:        1717184 kB\u000aMemFree:         1122764 kB\u000aMemAvailable:    1486524 kB\u000aBuffers:           17328 kB\u000aCached:           460772 kB\u000aSwapCached:            0 kB\u000aActive:            94024 kB\u000aInactive:         445016 kB\u000aActive(anon):      60932 kB\u000aInactive(anon):      216 kB\u000aActive(file):      33092 kB\u000aInactive(file):   444800 kB\u000aUnevictable:           0 kB\u000aMlocked:               0 kB\u000aSwapTotal:             0 kB\u000aSwapFree:              0 kB\u000aDirty:              9716 kB\u000aWriteback:             0 kB\u000aAnonPages:         60928 kB\u000aMapped:            35204 kB\u000aShmem:               220 kB\u000aSlab:              43012 kB\u000aSReclaimable:      32748 kB\u000aSUnreclaim:        10264 kB\u000aKernelStack:        1152 kB\u000aPageTables:         1320 kB\u000aNFS_Unstable:          0 kB\u000aBounce:                0 kB\u000aWritebackTmp:          0 kB\u000aCommitLimit:      858592 kB\u000aCommitted_AS:     251756 kB\u000aVmallocTotal:   34359738367 kB\u000aVmallocUsed:           0 kB\u000aVmallocChunk:          0 kB\u000aAnonHugePages:         0 kB\u000aShmemHugePages:        0 kB\u000aShmemPmdMapped:        0 kB\u000aHugePages_Total:       0\u000aHugePages_Free:        0\u000aHugePages_Rsvd:        0\u000aHugePages_Surp:        0\u000aHugepagesize:       2048 kB\u000aDirectMap4k:       21504 kB\u000aDirectMap2M:     1740800 kB\u000a
p395
sV/proc/cgroups
p396
V#subsys_name	hierarchy	num_cgroups	enabled\u000acpuset	11	1	1\u000acpu	8	5	1\u000acpuacct	8	5	1\u000ablkio	5	1	1\u000amemory	10	5	1\u000adevices	2	1	1\u000afreezer	3	2	1\u000anet_cls	4	1	1\u000aperf_event	7	1	1\u000anet_prio	4	1	1\u000ahugetlb	9	1	1\u000apids	6	1	1\u000a
p397
sV/proc/cpuinfo
p398
Vprocessor	: 0\u000avendor_id	: GenuineIntel\u000acpu family	: 6\u000amodel		: 63\u000amodel name	: Intel(R) Xeon(R) Processor @ 2.50GHz\u000astepping	: 2\u000amicrocode	: 0x1\u000acpu MHz		: 2500.014\u000acache size	: 36608 KB\u000aphysical id	: 0\u000asiblings	: 2\u000acore id		: 0\u000acpu cores	: 2\u000aapicid		: 0\u000ainitial apicid	: 0\u000afpu		: yes\u000afpu_exception	: yes\u000acpuid level	: 13\u000awp		: yes\u000aflags		: fpu vme de pse tsc msr pae mce cx8 apic sep mtrr pge mca cmov pat pse36 clflush mmx fxsr sse sse2 ht syscall nx rdtscp lm constant_tsc rep_good nopl xtopology nonstop_tsc cpuid tsc_known_freq pni pclmulqdq ssse3 fma cx16 pcid sse4_1 sse4_2 x2apic movbe popcnt tsc_deadline_timer aes xsave avx f16c rdrand hypervisor lahf_lm abm cpuid_fault invpcid_single ssbd ibrs ibpb stibp ibrs_enhanced fsgsbase tsc_adjust bmi1 avx2 smep bmi2 erms invpcid smap xsaveopt arat md_clear arch_capabilities\u000abugs		: spectre_v1 spectre_v2 spec_store_bypass swapgs\u000abogomips	: 5000.02\u000aclflush size	: 64\u000acache_alignment	: 64\u000aaddress sizes	: 46 bits physical, 48 bits virtual\u000apower management:\u000a\u000aprocessor	: 1\u000avendor_id	: GenuineIntel\u000acpu family	: 6\u000amodel		: 63\u000amodel name	: Intel(R) Xeon(R) Processor @ 2.50GHz\u000astepping	: 2\u000amicrocode	: 0x1\u000acpu MHz		: 2500.014\u000acache size	: 36608 KB\u000aphysical id	: 0\u000asiblings	: 2\u000acore id		: 1\u000acpu cores	: 2\u000aapicid		: 1\u000ainitial apicid	: 1\u000afpu		: yes\u000afpu_exception	: yes\u000acpuid level	: 13\u000awp		: yes\u000aflags		: fpu vme de pse tsc msr pae mce cx8 apic sep mtrr pge mca cmov pat pse36 clflush mmx fxsr sse sse2 ht syscall nx rdtscp lm constant_tsc rep_good nopl xtopology nonstop_tsc cpuid tsc_known_freq pni pclmulqdq ssse3 fma cx16 pcid sse4_1 sse4_2 x2apic movbe popcnt tsc_deadline_timer aes xsave avx f16c rdrand hypervisor lahf_lm abm cpuid_fault invpcid_single ssbd ibrs ibpb stibp ibrs_enhanced fsgsbase tsc_adjust bmi1 avx2 smep bmi2 erms invpcid smap xsaveopt arat md_clear arch_capabilities\u000abugs		: spectre_v1 spectre_v2 spec_store_bypass swapgs\u000abogomips	: 5000.02\u000aclflush size	: 64\u000acache_alignment	: 64\u000aaddress sizes	: 46 bits physical, 48 bits virtual\u000apower management:\u000a\u000a
p399
sV/proc/meminfo
p400
VMemTotal:        1717184 kB\u000aMemFree:         1122764 kB\u000aMemAvailable:    1486524 kB\u000aBuffers:           17328 kB\u000aCached:           460772 kB\u000aSwapCached:            0 kB\u000aActive:            94024 kB\u000aInactive:         445016 kB\u000aActive(anon):      60932 kB\u000aInactive(anon):      216 kB\u000aActive(file):      33092 kB\u000aInactive(file):   444800 kB\u000aUnevictable:           0 kB\u000aMlocked:               0 kB\u000aSwapTotal:             0 kB\u000aSwapFree:              0 kB\u000aDirty:              9716 kB\u000aWriteback:             0 kB\u000aAnonPages:         60928 kB\u000aMapped:            35204 kB\u000aShmem:               220 kB\u000aSlab:              43012 kB\u000aSReclaimable:      32748 kB\u000aSUnreclaim:        10264 kB\u000aKernelStack:        1152 kB\u000aPageTables:         1320 kB\u000aNFS_Unstable:          0 kB\u000aBounce:                0 kB\u000aWritebackTmp:          0 kB\u000aCommitLimit:      858592 kB\u000aCommitted_AS:     251756 kB\u000aVmallocTotal:   34359738367 kB\u000aVmallocUsed:           0 kB\u000aVmallocChunk:          0 kB\u000aAnonHugePages:         0 kB\u000aShmemHugePages:        0 kB\u000aShmemPmdMapped:        0 kB\u000aHugePages_Total:       0\u000aHugePages_Free:        0\u000aHugePages_Rsvd:        0\u000aHugePages_Surp:        0\u000aHugepagesize:       2048 kB\u000aDirectMap4k:       21504 kB\u000aDirectMap2M:     1740800 kB\u000a
p401
ssVstatus_key
p402
Vpywren.jobs/78a2ffbf-0d8b-44ae-8b42-fb681af9641b/00008/status.json
p403
sVend_time
p404
F1609057672.7472081
sVlog_group_name
p405
V/aws/lambda/pywren_redis_2
p406
sVdata_key
p407
Vpywren.jobs/78a2ffbf-0d8b-44ae-8b42-fb681af9641b/aggdata.pickle
p408
sa(dp409
Vcallset_id
p410
V78a2ffbf-0d8b-44ae-8b42-fb681af9641b
p411
sVlog_stream_name
p412
V2020/12/27/[$LATEST]92bb30c6bd34434d867e6f1092014c20
p413
sVstdout
p414
V
sVfunc_key
p415
Vpywren.jobs/78a2ffbf-0d8b-44ae-8b42-fb681af9641b/func.pickle
p416
sVfree_disk_bytes
p417
I538333184
sVruntime_cached
p418
I00
sVretcode
p419
I0
sVcall_id
p420
V00009
p421
sVoutput_key
p422
Vpywren.jobs/78a2ffbf-0d8b-44ae-8b42-fb681af9641b/00009/output.pickle
p423
sVruntime_s3_key_used
p424
Vcd5225-pywren.runtimes/default_2.7.tar.gz.0011
p425
sVaws_request_id
p426
V93dbcddd-7eea-4224-a1cc-f7c7b7b13432
p427
sVexec_time
p428
F22.149662971496582
sVstart_time
p429
F1609057643.7460909
sVsetup_time
p430
F7.0969240665435791
sVruntime_s3_bucket_used
p431
Vpywren-runtimes-public-us-west-2
p432
sVexception
p433
NsVhost_submit_time
p434
F1609057642.96543
sVserver_info
p435
(dp436
Vuname
p437
V('Linux', '169.254.8.93', '4.14.203-112.332.amzn2.x86_64', '#1 SMP Wed Nov 4 20:46:34 UTC 2020', 'x86_64', 'x86_64')
p438
sV/proc/self/cgroup
p439
VMemTotal:        1717184 kB\u000aMemFree:         1118772 kB\u000aMemAvailable:    1485716 kB\u000aBuffers:           17724 kB\u000aCached:           463532 kB\u000aSwapCached:            0 kB\u000aActive:            95832 kB\u000aInactive:         447008 kB\u000aActive(anon):      61564 kB\u000aInactive(anon):      216 kB\u000aActive(file):      34268 kB\u000aInactive(file):   446792 kB\u000aUnevictable:           0 kB\u000aMlocked:               0 kB\u000aSwapTotal:             0 kB\u000aSwapFree:              0 kB\u000aDirty:              8712 kB\u000aWriteback:             0 kB\u000aAnonPages:         61536 kB\u000aMapped:            35080 kB\u000aShmem:               220 kB\u000aSlab:              42928 kB\u000aSReclaimable:      32784 kB\u000aSUnreclaim:        10144 kB\u000aKernelStack:        1160 kB\u000aPageTables:         1396 kB\u000aNFS_Unstable:          0 kB\u000aBounce:                0 kB\u000aWritebackTmp:          0 kB\u000aCommitLimit:      858592 kB\u000aCommitted_AS:     253540 kB\u000aVmallocTotal:   34359738367 kB\u000aVmallocUsed:           0 kB\u000aVmallocChunk:          0 kB\u000aAnonHugePages:         0 kB\u000aShmemHugePages:        0 kB\u000aShmemPmdMapped:        0 kB\u000aHugePages_Total:       0\u000aHugePages_Free:        0\u000aHugePages_Rsvd:        0\u000aHugePages_Surp:        0\u000aHugepagesize:       2048 kB\u000aDirectMap4k:       19456 kB\u000aDirectMap2M:     1742848 kB\u000a
p440
sV/proc/cgroups
p441
V#subsys_name	hierarchy	num_cgroups	enabled\u000acpuset	2	1	1\u000acpu	9	5	1\u000acpuacct	9	5	1\u000ablkio	8	1	1\u000amemory	5	5	1\u000adevices	7	1	1\u000afreezer	10	2	1\u000anet_cls	4	1	1\u000aperf_event	3	1	1\u000anet_prio	4	1	1\u000ahugetlb	11	1	1\u000apids	6	1	1\u000a
p442
sV/proc/cpuinfo
p443
Vprocessor	: 0\u000avendor_id	: GenuineIntel\u000acpu family	: 6\u000amodel		: 63\u000amodel name	: Intel(R) Xeon(R) Processor @ 2.50GHz\u000astepping	: 2\u000amicrocode	: 0x1\u000acpu MHz		: 2500.010\u000acache size	: 36608 KB\u000aphysical id	: 0\u000asiblings	: 2\u000acore id		: 0\u000acpu cores	: 2\u000aapicid		: 0\u000ainitial apicid	: 0\u000afpu		: yes\u000afpu_exception	: yes\u000acpuid level	: 13\u000awp		: yes\u000aflags		: fpu vme de pse tsc msr pae mce cx8 apic sep mtrr pge mca cmov pat pse36 clflush mmx fxsr sse sse2 ht syscall nx rdtscp lm constant_tsc rep_good nopl xtopology nonstop_tsc cpuid tsc_known_freq pni pclmulqdq ssse3 fma cx16 pcid sse4_1 sse4_2 x2apic movbe popcnt tsc_deadline_timer aes xsave avx f16c rdrand hypervisor lahf_lm abm cpuid_fault invpcid_single ssbd ibrs ibpb stibp ibrs_enhanced fsgsbase tsc_adjust bmi1 avx2 smep bmi2 erms invpcid smap xsaveopt arat md_clear arch_capabilities\u000abugs		: spectre_v1 spectre_v2 spec_store_bypass swapgs\u000abogomips	: 5000.02\u000aclflush size	: 64\u000acache_alignment	: 64\u000aaddress sizes	: 46 bits physical, 48 bits virtual\u000apower management:\u000a\u000aprocessor	: 1\u000avendor_id	: GenuineIntel\u000acpu family	: 6\u000amodel		: 63\u000amodel name	: Intel(R) Xeon(R) Processor @ 2.50GHz\u000astepping	: 2\u000amicrocode	: 0x1\u000acpu MHz		: 2500.010\u000acache size	: 36608 KB\u000aphysical id	: 0\u000asiblings	: 2\u000acore id		: 1\u000acpu cores	: 2\u000aapicid		: 1\u000ainitial apicid	: 1\u000afpu		: yes\u000afpu_exception	: yes\u000acpuid level	: 13\u000awp		: yes\u000aflags		: fpu vme de pse tsc msr pae mce cx8 apic sep mtrr pge mca cmov pat pse36 clflush mmx fxsr sse sse2 ht syscall nx rdtscp lm constant_tsc rep_good nopl xtopology nonstop_tsc cpuid tsc_known_freq pni pclmulqdq ssse3 fma cx16 pcid sse4_1 sse4_2 x2apic movbe popcnt tsc_deadline_timer aes xsave avx f16c rdrand hypervisor lahf_lm abm cpuid_fault invpcid_single ssbd ibrs ibpb stibp ibrs_enhanced fsgsbase tsc_adjust bmi1 avx2 smep bmi2 erms invpcid smap xsaveopt arat md_clear arch_capabilities\u000abugs		: spectre_v1 spectre_v2 spec_store_bypass swapgs\u000abogomips	: 5000.02\u000aclflush size	: 64\u000acache_alignment	: 64\u000aaddress sizes	: 46 bits physical, 48 bits virtual\u000apower management:\u000a\u000a
p444
sV/proc/meminfo
p445
VMemTotal:        1717184 kB\u000aMemFree:         1118772 kB\u000aMemAvailable:    1485716 kB\u000aBuffers:           17724 kB\u000aCached:           463532 kB\u000aSwapCached:            0 kB\u000aActive:            95832 kB\u000aInactive:         447008 kB\u000aActive(anon):      61564 kB\u000aInactive(anon):      216 kB\u000aActive(file):      34268 kB\u000aInactive(file):   446792 kB\u000aUnevictable:           0 kB\u000aMlocked:               0 kB\u000aSwapTotal:             0 kB\u000aSwapFree:              0 kB\u000aDirty:              8712 kB\u000aWriteback:             0 kB\u000aAnonPages:         61536 kB\u000aMapped:            35080 kB\u000aShmem:               220 kB\u000aSlab:              42928 kB\u000aSReclaimable:      32784 kB\u000aSUnreclaim:        10144 kB\u000aKernelStack:        1160 kB\u000aPageTables:         1396 kB\u000aNFS_Unstable:          0 kB\u000aBounce:                0 kB\u000aWritebackTmp:          0 kB\u000aCommitLimit:      858592 kB\u000aCommitted_AS:     253540 kB\u000aVmallocTotal:   34359738367 kB\u000aVmallocUsed:           0 kB\u000aVmallocChunk:          0 kB\u000aAnonHugePages:         0 kB\u000aShmemHugePages:        0 kB\u000aShmemPmdMapped:        0 kB\u000aHugePages_Total:       0\u000aHugePages_Free:        0\u000aHugePages_Rsvd:        0\u000aHugePages_Surp:        0\u000aHugepagesize:       2048 kB\u000aDirectMap4k:       19456 kB\u000aDirectMap2M:     1742848 kB\u000a
p446
ssVstatus_key
p447
Vpywren.jobs/78a2ffbf-0d8b-44ae-8b42-fb681af9641b/00009/status.json
p448
sVend_time
p449
F1609057672.992672
sVlog_group_name
p450
V/aws/lambda/pywren_redis_2
p451
sVdata_key
p452
Vpywren.jobs/78a2ffbf-0d8b-44ae-8b42-fb681af9641b/aggdata.pickle
p453
sa(dp454
Vcallset_id
p455
V78a2ffbf-0d8b-44ae-8b42-fb681af9641b
p456
sVlog_stream_name
p457
V2020/12/27/[$LATEST]bc88fbe0946d4cebbc603e999e4d2dcf
p458
sVstdout
p459
V
sVfunc_key
p460
Vpywren.jobs/78a2ffbf-0d8b-44ae-8b42-fb681af9641b/func.pickle
p461
sVfree_disk_bytes
p462
I538333184
sVruntime_cached
p463
I00
sVretcode
p464
I0
sVcall_id
p465
V00010
p466
sVoutput_key
p467
Vpywren.jobs/78a2ffbf-0d8b-44ae-8b42-fb681af9641b/00010/output.pickle
p468
sVruntime_s3_key_used
p469
V327cf3-pywren.runtimes/default_2.7.tar.gz.0031
p470
sVaws_request_id
p471
V88afd2f7-9fe4-44ba-807d-40edf60763e5
p472
sVexec_time
p473
F22.134196043014526
sVstart_time
p474
F1609057643.781322
sVsetup_time
p475
F7.3749039173126221
sVruntime_s3_bucket_used
p476
Vpywren-runtimes-public-us-west-2
p477
sVexception
p478
NsVhost_submit_time
p479
F1609057642.971031
sVserver_info
p480
(dp481
Vuname
p482
V('Linux', '169.254.205.253', '4.14.203-112.332.amzn2.x86_64', '#1 SMP Wed Nov 4 20:46:34 UTC 2020', 'x86_64', 'x86_64')
p483
sV/proc/self/cgroup
p484
VMemTotal:        1717184 kB\u000aMemFree:         1122916 kB\u000aMemAvailable:    1486436 kB\u000aBuffers:           17020 kB\u000aCached:           460680 kB\u000aSwapCached:            0 kB\u000aActive:            93820 kB\u000aInactive:         444732 kB\u000aActive(anon):      60844 kB\u000aInactive(anon):      216 kB\u000aActive(file):      32976 kB\u000aInactive(file):   444516 kB\u000aUnevictable:           0 kB\u000aMlocked:               0 kB\u000aSwapTotal:             0 kB\u000aSwapFree:              0 kB\u000aDirty:              8864 kB\u000aWriteback:             0 kB\u000aAnonPages:         60728 kB\u000aMapped:            35120 kB\u000aShmem:               220 kB\u000aSlab:              43200 kB\u000aSReclaimable:      33068 kB\u000aSUnreclaim:        10132 kB\u000aKernelStack:        1184 kB\u000aPageTables:         1384 kB\u000aNFS_Unstable:          0 kB\u000aBounce:                0 kB\u000aWritebackTmp:          0 kB\u000aCommitLimit:      858592 kB\u000aCommitted_AS:     253820 kB\u000aVmallocTotal:   34359738367 kB\u000aVmallocUsed:           0 kB\u000aVmallocChunk:          0 kB\u000aAnonHugePages:         0 kB\u000aShmemHugePages:        0 kB\u000aShmemPmdMapped:        0 kB\u000aHugePages_Total:       0\u000aHugePages_Free:        0\u000aHugePages_Rsvd:        0\u000aHugePages_Surp:        0\u000aHugepagesize:       2048 kB\u000aDirectMap4k:       21504 kB\u000aDirectMap2M:     1740800 kB\u000a
p485
sV/proc/cgroups
p486
V#subsys_name	hierarchy	num_cgroups	enabled\u000acpuset	2	1	1\u000acpu	8	5	1\u000acpuacct	8	5	1\u000ablkio	11	1	1\u000amemory	5	5	1\u000adevices	4	1	1\u000afreezer	9	2	1\u000anet_cls	3	1	1\u000aperf_event	6	1	1\u000anet_prio	3	1	1\u000ahugetlb	10	1	1\u000apids	7	1	1\u000a
p487
sV/proc/cpuinfo
p488
Vprocessor	: 0\u000avendor_id	: GenuineIntel\u000acpu family	: 6\u000amodel		: 63\u000amodel name	: Intel(R) Xeon(R) Processor @ 2.50GHz\u000astepping	: 2\u000amicrocode	: 0x1\u000acpu MHz		: 2500.010\u000acache size	: 33792 KB\u000aphysical id	: 0\u000asiblings	: 2\u000acore id		: 0\u000acpu cores	: 2\u000aapicid		: 0\u000ainitial apicid	: 0\u000afpu		: yes\u000afpu_exception	: yes\u000acpuid level	: 13\u000awp		: yes\u000aflags		: fpu vme de pse tsc msr pae mce cx8 apic sep mtrr pge mca cmov pat pse36 clflush mmx fxsr sse sse2 ht syscall nx rdtscp lm constant_tsc rep_good nopl xtopology nonstop_tsc cpuid tsc_known_freq pni pclmulqdq ssse3 fma cx16 pcid sse4_1 sse4_2 x2apic movbe popcnt tsc_deadline_timer aes xsave avx f16c rdrand hypervisor lahf_lm abm cpuid_fault invpcid_single pti ssbd ibrs ibpb stibp fsgsbase tsc_adjust bmi1 avx2 smep bmi2 erms invpcid smap xsaveopt arat md_clear arch_capabilities\u000abugs		: cpu_meltdown spectre_v1 spectre_v2 spec_store_bypass l1tf mds swapgs\u000abogomips	: 5000.02\u000aclflush size	: 64\u000acache_alignment	: 64\u000aaddress sizes	: 46 bits physical, 48 bits virtual\u000apower management:\u000a\u000aprocessor	: 1\u000avendor_id	: GenuineIntel\u000acpu family	: 6\u000amodel		: 63\u000amodel name	: Intel(R) Xeon(R) Processor @ 2.50GHz\u000astepping	: 2\u000amicrocode	: 0x1\u000acpu MHz		: 2500.010\u000acache size	: 33792 KB\u000aphysical id	: 0\u000asiblings	: 2\u000acore id		: 1\u000acpu cores	: 2\u000aapicid		: 1\u000ainitial apicid	: 1\u000afpu		: yes\u000afpu_exception	: yes\u000acpuid level	: 13\u000awp		: yes\u000aflags		: fpu vme de pse tsc msr pae mce cx8 apic sep mtrr pge mca cmov pat pse36 clflush mmx fxsr sse sse2 ht syscall nx rdtscp lm constant_tsc rep_good nopl xtopology nonstop_tsc cpuid tsc_known_freq pni pclmulqdq ssse3 fma cx16 pcid sse4_1 sse4_2 x2apic movbe popcnt tsc_deadline_timer aes xsave avx f16c rdrand hypervisor lahf_lm abm cpuid_fault invpcid_single pti ssbd ibrs ibpb stibp fsgsbase tsc_adjust bmi1 avx2 smep bmi2 erms invpcid smap xsaveopt arat md_clear arch_capabilities\u000abugs		: cpu_meltdown spectre_v1 spectre_v2 spec_store_bypass l1tf mds swapgs\u000abogomips	: 5000.02\u000aclflush size	: 64\u000acache_alignment	: 64\u000aaddress sizes	: 46 bits physical, 48 bits virtual\u000apower management:\u000a\u000a
p489
sV/proc/meminfo
p490
VMemTotal:        1717184 kB\u000aMemFree:         1122916 kB\u000aMemAvailable:    1486436 kB\u000aBuffers:           17020 kB\u000aCached:           460680 kB\u000aSwapCached:            0 kB\u000aActive:            93820 kB\u000aInactive:         444732 kB\u000aActive(anon):      60844 kB\u000aInactive(anon):      216 kB\u000aActive(file):      32976 kB\u000aInactive(file):   444516 kB\u000aUnevictable:           0 kB\u000aMlocked:               0 kB\u000aSwapTotal:             0 kB\u000aSwapFree:              0 kB\u000aDirty:              8864 kB\u000aWriteback:             0 kB\u000aAnonPages:         60728 kB\u000aMapped:            35120 kB\u000aShmem:               220 kB\u000aSlab:              43200 kB\u000aSReclaimable:      33068 kB\u000aSUnreclaim:        10132 kB\u000aKernelStack:        1184 kB\u000aPageTables:         1384 kB\u000aNFS_Unstable:          0 kB\u000aBounce:                0 kB\u000aWritebackTmp:          0 kB\u000aCommitLimit:      858592 kB\u000aCommitted_AS:     253820 kB\u000aVmallocTotal:   34359738367 kB\u000aVmallocUsed:           0 kB\u000aVmallocChunk:          0 kB\u000aAnonHugePages:         0 kB\u000aShmemHugePages:        0 kB\u000aShmemPmdMapped:        0 kB\u000aHugePages_Total:       0\u000aHugePages_Free:        0\u000aHugePages_Rsvd:        0\u000aHugePages_Surp:        0\u000aHugepagesize:       2048 kB\u000aDirectMap4k:       21504 kB\u000aDirectMap2M:     1740800 kB\u000a
p491
ssVstatus_key
p492
Vpywren.jobs/78a2ffbf-0d8b-44ae-8b42-fb681af9641b/00010/status.json
p493
sVend_time
p494
F1609057673.290415
sVlog_group_name
p495
V/aws/lambda/pywren_redis_2
p496
sVdata_key
p497
Vpywren.jobs/78a2ffbf-0d8b-44ae-8b42-fb681af9641b/aggdata.pickle
p498
sa(dp499
Vcallset_id
p500
V78a2ffbf-0d8b-44ae-8b42-fb681af9641b
p501
sVlog_stream_name
p502
V2020/12/27/[$LATEST]c806161337f5484aa60d4b0b92786a45
p503
sVstdout
p504
V
sVfunc_key
p505
Vpywren.jobs/78a2ffbf-0d8b-44ae-8b42-fb681af9641b/func.pickle
p506
sVfree_disk_bytes
p507
I538333184
sVruntime_cached
p508
I00
sVretcode
p509
I0
sVcall_id
p510
V00011
p511
sVoutput_key
p512
Vpywren.jobs/78a2ffbf-0d8b-44ae-8b42-fb681af9641b/00011/output.pickle
p513
sVruntime_s3_key_used
p514
V48d2d6-pywren.runtimes/default_2.7.tar.gz.0063
p515
sVaws_request_id
p516
Vdd551bc5-9eb7-4a03-a8f5-d0eb0689fd42
p517
sVexec_time
p518
F22.148475885391235
sVstart_time
p519
F1609057643.7658131
sVsetup_time
p520
F7.1312808990478516
sVruntime_s3_bucket_used
p521
Vpywren-runtimes-public-us-west-2
p522
sVexception
p523
NsVhost_submit_time
p524
F1609057642.9873271
sVserver_info
p525
(dp526
Vuname
p527
V('Linux', '169.254.106.237', '4.14.203-112.332.amzn2.x86_64', '#1 SMP Wed Nov 4 20:46:34 UTC 2020', 'x86_64', 'x86_64')
p528
sV/proc/self/cgroup
p529
VMemTotal:        1717184 kB\u000aMemFree:         1118412 kB\u000aMemAvailable:    1486452 kB\u000aBuffers:           17648 kB\u000aCached:           464740 kB\u000aSwapCached:            0 kB\u000aActive:            95752 kB\u000aInactive:         447500 kB\u000aActive(anon):      60856 kB\u000aInactive(anon):      216 kB\u000aActive(file):      34896 kB\u000aInactive(file):   447284 kB\u000aUnevictable:           0 kB\u000aMlocked:               0 kB\u000aSwapTotal:             0 kB\u000aSwapFree:              0 kB\u000aDirty:              8284 kB\u000aWriteback:             0 kB\u000aAnonPages:         60852 kB\u000aMapped:            35224 kB\u000aShmem:               220 kB\u000aSlab:              42664 kB\u000aSReclaimable:      32736 kB\u000aSUnreclaim:         9928 kB\u000aKernelStack:        1168 kB\u000aPageTables:         1344 kB\u000aNFS_Unstable:          0 kB\u000aBounce:                0 kB\u000aWritebackTmp:          0 kB\u000aCommitLimit:      858592 kB\u000aCommitted_AS:     253396 kB\u000aVmallocTotal:   34359738367 kB\u000aVmallocUsed:           0 kB\u000aVmallocChunk:          0 kB\u000aAnonHugePages:         0 kB\u000aShmemHugePages:        0 kB\u000aShmemPmdMapped:        0 kB\u000aHugePages_Total:       0\u000aHugePages_Free:        0\u000aHugePages_Rsvd:        0\u000aHugePages_Surp:        0\u000aHugepagesize:       2048 kB\u000aDirectMap4k:       19456 kB\u000aDirectMap2M:     1742848 kB\u000a
p530
sV/proc/cgroups
p531
V#subsys_name	hierarchy	num_cgroups	enabled\u000acpuset	6	1	1\u000acpu	5	5	1\u000acpuacct	5	5	1\u000ablkio	10	1	1\u000amemory	11	5	1\u000adevices	7	1	1\u000afreezer	3	2	1\u000anet_cls	4	1	1\u000aperf_event	2	1	1\u000anet_prio	4	1	1\u000ahugetlb	8	1	1\u000apids	9	1	1\u000a
p532
sV/proc/cpuinfo
p533
Vprocessor	: 0\u000avendor_id	: GenuineIntel\u000acpu family	: 6\u000amodel		: 63\u000amodel name	: Intel(R) Xeon(R) Processor @ 2.50GHz\u000astepping	: 2\u000amicrocode	: 0x1\u000acpu MHz		: 2500.012\u000acache size	: 33792 KB\u000aphysical id	: 0\u000asiblings	: 2\u000acore id		: 0\u000acpu cores	: 2\u000aapicid		: 0\u000ainitial apicid	: 0\u000afpu		: yes\u000afpu_exception	: yes\u000acpuid level	: 13\u000awp		: yes\u000aflags		: fpu vme de pse tsc msr pae mce cx8 apic sep mtrr pge mca cmov pat pse36 clflush mmx fxsr sse sse2 ht syscall nx rdtscp lm constant_tsc rep_good nopl xtopology nonstop_tsc cpuid tsc_known_freq pni pclmulqdq ssse3 fma cx16 pcid sse4_1 sse4_2 x2apic movbe popcnt tsc_deadline_timer aes xsave avx f16c rdrand hypervisor lahf_lm abm cpuid_fault invpcid_single pti ssbd ibrs ibpb stibp fsgsbase tsc_adjust bmi1 avx2 smep bmi2 erms invpcid smap xsaveopt arat md_clear arch_capabilities\u000abugs		: cpu_meltdown spectre_v1 spectre_v2 spec_store_bypass l1tf mds swapgs\u000abogomips	: 5000.02\u000aclflush size	: 64\u000acache_alignment	: 64\u000aaddress sizes	: 46 bits physical, 48 bits virtual\u000apower management:\u000a\u000aprocessor	: 1\u000avendor_id	: GenuineIntel\u000acpu family	: 6\u000amodel		: 63\u000amodel name	: Intel(R) Xeon(R) Processor @ 2.50GHz\u000astepping	: 2\u000amicrocode	: 0x1\u000acpu MHz		: 2500.012\u000acache size	: 33792 KB\u000aphysical id	: 0\u000asiblings	: 2\u000acore id		: 1\u000acpu cores	: 2\u000aapicid		: 1\u000ainitial apicid	: 1\u000afpu		: yes\u000afpu_exception	: yes\u000acpuid level	: 13\u000awp		: yes\u000aflags		: fpu vme de pse tsc msr pae mce cx8 apic sep mtrr pge mca cmov pat pse36 clflush mmx fxsr sse sse2 ht syscall nx rdtscp lm constant_tsc rep_good nopl xtopology nonstop_tsc cpuid tsc_known_freq pni pclmulqdq ssse3 fma cx16 pcid sse4_1 sse4_2 x2apic movbe popcnt tsc_deadline_timer aes xsave avx f16c rdrand hypervisor lahf_lm abm cpuid_fault invpcid_single pti ssbd ibrs ibpb stibp fsgsbase tsc_adjust bmi1 avx2 smep bmi2 erms invpcid smap xsaveopt arat md_clear arch_capabilities\u000abugs		: cpu_meltdown spectre_v1 spectre_v2 spec_store_bypass l1tf mds swapgs\u000abogomips	: 5000.02\u000aclflush size	: 64\u000acache_alignment	: 64\u000aaddress sizes	: 46 bits physical, 48 bits virtual\u000apower management:\u000a\u000a
p534
sV/proc/meminfo
p535
VMemTotal:        1717184 kB\u000aMemFree:         1118412 kB\u000aMemAvailable:    1486452 kB\u000aBuffers:           17648 kB\u000aCached:           464740 kB\u000aSwapCached:            0 kB\u000aActive:            95752 kB\u000aInactive:         447500 kB\u000aActive(anon):      60856 kB\u000aInactive(anon):      216 kB\u000aActive(file):      34896 kB\u000aInactive(file):   447284 kB\u000aUnevictable:           0 kB\u000aMlocked:               0 kB\u000aSwapTotal:             0 kB\u000aSwapFree:              0 kB\u000aDirty:              8284 kB\u000aWriteback:             0 kB\u000aAnonPages:         60852 kB\u000aMapped:            35224 kB\u000aShmem:               220 kB\u000aSlab:              42664 kB\u000aSReclaimable:      32736 kB\u000aSUnreclaim:         9928 kB\u000aKernelStack:        1168 kB\u000aPageTables:         1344 kB\u000aNFS_Unstable:          0 kB\u000aBounce:                0 kB\u000aWritebackTmp:          0 kB\u000aCommitLimit:      858592 kB\u000aCommitted_AS:     253396 kB\u000aVmallocTotal:   34359738367 kB\u000aVmallocUsed:           0 kB\u000aVmallocChunk:          0 kB\u000aAnonHugePages:         0 kB\u000aShmemHugePages:        0 kB\u000aShmemPmdMapped:        0 kB\u000aHugePages_Total:       0\u000aHugePages_Free:        0\u000aHugePages_Rsvd:        0\u000aHugePages_Surp:        0\u000aHugepagesize:       2048 kB\u000aDirectMap4k:       19456 kB\u000aDirectMap2M:     1742848 kB\u000a
p536
ssVstatus_key
p537
Vpywren.jobs/78a2ffbf-0d8b-44ae-8b42-fb681af9641b/00011/status.json
p538
sVend_time
p539
F1609057673.0455639
sVlog_group_name
p540
V/aws/lambda/pywren_redis_2
p541
sVdata_key
p542
Vpywren.jobs/78a2ffbf-0d8b-44ae-8b42-fb681af9641b/aggdata.pickle
p543
sa(dp544
Vcallset_id
p545
V78a2ffbf-0d8b-44ae-8b42-fb681af9641b
p546
sVlog_stream_name
p547
V2020/12/27/[$LATEST]be04b0adaa1945f9b3af01921755d220
p548
sVstdout
p549
V
sVfunc_key
p550
Vpywren.jobs/78a2ffbf-0d8b-44ae-8b42-fb681af9641b/func.pickle
p551
sVfree_disk_bytes
p552
I538333184
sVruntime_cached
p553
I00
sVretcode
p554
I0
sVcall_id
p555
V00012
p556
sVoutput_key
p557
Vpywren.jobs/78a2ffbf-0d8b-44ae-8b42-fb681af9641b/00012/output.pickle
p558
sVruntime_s3_key_used
p559
V5445bd-pywren.runtimes/default_2.7.tar.gz.0096
p560
sVaws_request_id
p561
V3d4f4af8-079a-46cb-ae67-b5fcfef85fef
p562
sVexec_time
p563
F22.140183925628662
sVstart_time
p564
F1609057643.7452199
sVsetup_time
p565
F6.8993830680847168
sVruntime_s3_bucket_used
p566
Vpywren-runtimes-public-us-west-2
p567
sVexception
p568
NsVhost_submit_time
p569
F1609057642.9838419
sVserver_info
p570
(dp571
Vuname
p572
V('Linux', '169.254.35.181', '4.14.203-112.332.amzn2.x86_64', '#1 SMP Wed Nov 4 20:46:34 UTC 2020', 'x86_64', 'x86_64')
p573
sV/proc/self/cgroup
p574
VMemTotal:        1717184 kB\u000aMemFree:         1122588 kB\u000aMemAvailable:    1486668 kB\u000aBuffers:           17340 kB\u000aCached:           461068 kB\u000aSwapCached:            0 kB\u000aActive:            94136 kB\u000aInactive:         445208 kB\u000aActive(anon):      60928 kB\u000aInactive(anon):      216 kB\u000aActive(file):      33208 kB\u000aInactive(file):   444992 kB\u000aUnevictable:           0 kB\u000aMlocked:               0 kB\u000aSwapTotal:             0 kB\u000aSwapFree:              0 kB\u000aDirty:             10124 kB\u000aWriteback:             0 kB\u000aAnonPages:         60928 kB\u000aMapped:            35228 kB\u000aShmem:               220 kB\u000aSlab:              42720 kB\u000aSReclaimable:      32776 kB\u000aSUnreclaim:         9944 kB\u000aKernelStack:        1152 kB\u000aPageTables:         1340 kB\u000aNFS_Unstable:          0 kB\u000aBounce:                0 kB\u000aWritebackTmp:          0 kB\u000aCommitLimit:      858592 kB\u000aCommitted_AS:     253572 kB\u000aVmallocTotal:   34359738367 kB\u000aVmallocUsed:           0 kB\u000aVmallocChunk:          0 kB\u000aAnonHugePages:         0 kB\u000aShmemHugePages:        0 kB\u000aShmemPmdMapped:        0 kB\u000aHugePages_Total:       0\u000aHugePages_Free:        0\u000aHugePages_Rsvd:        0\u000aHugePages_Surp:        0\u000aHugepagesize:       2048 kB\u000aDirectMap4k:       19456 kB\u000aDirectMap2M:     1742848 kB\u000a
p575
sV/proc/cgroups
p576
V#subsys_name	hierarchy	num_cgroups	enabled\u000acpuset	10	1	1\u000acpu	3	5	1\u000acpuacct	3	5	1\u000ablkio	11	1	1\u000amemory	8	5	1\u000adevices	2	1	1\u000afreezer	6	2	1\u000anet_cls	4	1	1\u000aperf_event	7	1	1\u000anet_prio	4	1	1\u000ahugetlb	9	1	1\u000apids	5	1	1\u000a
p577
sV/proc/cpuinfo
p578
Vprocessor	: 0\u000avendor_id	: GenuineIntel\u000acpu family	: 6\u000amodel		: 63\u000amodel name	: Intel(R) Xeon(R) Processor @ 2.50GHz\u000astepping	: 2\u000amicrocode	: 0x1\u000acpu MHz		: 2500.012\u000acache size	: 36608 KB\u000aphysical id	: 0\u000asiblings	: 2\u000acore id		: 0\u000acpu cores	: 2\u000aapicid		: 0\u000ainitial apicid	: 0\u000afpu		: yes\u000afpu_exception	: yes\u000acpuid level	: 13\u000awp		: yes\u000aflags		: fpu vme de pse tsc msr pae mce cx8 apic sep mtrr pge mca cmov pat pse36 clflush mmx fxsr sse sse2 ht syscall nx rdtscp lm constant_tsc rep_good nopl xtopology nonstop_tsc cpuid tsc_known_freq pni pclmulqdq ssse3 fma cx16 pcid sse4_1 sse4_2 x2apic movbe popcnt tsc_deadline_timer aes xsave avx f16c rdrand hypervisor lahf_lm abm cpuid_fault invpcid_single ssbd ibrs ibpb stibp ibrs_enhanced fsgsbase tsc_adjust bmi1 avx2 smep bmi2 erms invpcid smap xsaveopt arat md_clear arch_capabilities\u000abugs		: spectre_v1 spectre_v2 spec_store_bypass swapgs\u000abogomips	: 5000.02\u000aclflush size	: 64\u000acache_alignment	: 64\u000aaddress sizes	: 46 bits physical, 48 bits virtual\u000apower management:\u000a\u000aprocessor	: 1\u000avendor_id	: GenuineIntel\u000acpu family	: 6\u000amodel		: 63\u000amodel name	: Intel(R) Xeon(R) Processor @ 2.50GHz\u000astepping	: 2\u000amicrocode	: 0x1\u000acpu MHz		: 2500.012\u000acache size	: 36608 KB\u000aphysical id	: 0\u000asiblings	: 2\u000acore id		: 1\u000acpu cores	: 2\u000aapicid		: 1\u000ainitial apicid	: 1\u000afpu		: yes\u000afpu_exception	: yes\u000acpuid level	: 13\u000awp		: yes\u000aflags		: fpu vme de pse tsc msr pae mce cx8 apic sep mtrr pge mca cmov pat pse36 clflush mmx fxsr sse sse2 ht syscall nx rdtscp lm constant_tsc rep_good nopl xtopology nonstop_tsc cpuid tsc_known_freq pni pclmulqdq ssse3 fma cx16 pcid sse4_1 sse4_2 x2apic movbe popcnt tsc_deadline_timer aes xsave avx f16c rdrand hypervisor lahf_lm abm cpuid_fault invpcid_single ssbd ibrs ibpb stibp ibrs_enhanced fsgsbase tsc_adjust bmi1 avx2 smep bmi2 erms invpcid smap xsaveopt arat md_clear arch_capabilities\u000abugs		: spectre_v1 spectre_v2 spec_store_bypass swapgs\u000abogomips	: 5000.02\u000aclflush size	: 64\u000acache_alignment	: 64\u000aaddress sizes	: 46 bits physical, 48 bits virtual\u000apower management:\u000a\u000a
p579
sV/proc/meminfo
p580
VMemTotal:        1717184 kB\u000aMemFree:         1122588 kB\u000aMemAvailable:    1486668 kB\u000aBuffers:           17340 kB\u000aCached:           461068 kB\u000aSwapCached:            0 kB\u000aActive:            94136 kB\u000aInactive:         445208 kB\u000aActive(anon):      60928 kB\u000aInactive(anon):      216 kB\u000aActive(file):      33208 kB\u000aInactive(file):   444992 kB\u000aUnevictable:           0 kB\u000aMlocked:               0 kB\u000aSwapTotal:             0 kB\u000aSwapFree:              0 kB\u000aDirty:             10124 kB\u000aWriteback:             0 kB\u000aAnonPages:         60928 kB\u000aMapped:            35228 kB\u000aShmem:               220 kB\u000aSlab:              42720 kB\u000aSReclaimable:      32776 kB\u000aSUnreclaim:         9944 kB\u000aKernelStack:        1152 kB\u000aPageTables:         1340 kB\u000aNFS_Unstable:          0 kB\u000aBounce:                0 kB\u000aWritebackTmp:          0 kB\u000aCommitLimit:      858592 kB\u000aCommitted_AS:     253572 kB\u000aVmallocTotal:   34359738367 kB\u000aVmallocUsed:           0 kB\u000aVmallocChunk:          0 kB\u000aAnonHugePages:         0 kB\u000aShmemHugePages:        0 kB\u000aShmemPmdMapped:        0 kB\u000aHugePages_Total:       0\u000aHugePages_Free:        0\u000aHugePages_Rsvd:        0\u000aHugePages_Surp:        0\u000aHugepagesize:       2048 kB\u000aDirectMap4k:       19456 kB\u000aDirectMap2M:     1742848 kB\u000a
p581
ssVstatus_key
p582
Vpywren.jobs/78a2ffbf-0d8b-44ae-8b42-fb681af9641b/00012/status.json
p583
sVend_time
p584
F1609057672.78478
sVlog_group_name
p585
V/aws/lambda/pywren_redis_2
p586
sVdata_key
p587
Vpywren.jobs/78a2ffbf-0d8b-44ae-8b42-fb681af9641b/aggdata.pickle
p588
sa(dp589
Vcallset_id
p590
V78a2ffbf-0d8b-44ae-8b42-fb681af9641b
p591
sVlog_stream_name
p592
V2020/12/27/[$LATEST]6eeaee8f57174cb6a041b909d2dc349f
p593
sVstdout
p594
V
sVfunc_key
p595
Vpywren.jobs/78a2ffbf-0d8b-44ae-8b42-fb681af9641b/func.pickle
p596
sVfree_disk_bytes
p597
I538333184
sVruntime_cached
p598
I00
sVretcode
p599
I0
sVcall_id
p600
V00013
p601
sVoutput_key
p602
Vpywren.jobs/78a2ffbf-0d8b-44ae-8b42-fb681af9641b/00013/output.pickle
p603
sVruntime_s3_key_used
p604
V647b0b-pywren.runtimes/default_2.7.tar.gz.0099
p605
sVaws_request_id
p606
V6853a1c5-2b37-41db-a4c0-2aba9404dc47
p607
sVexec_time
p608
F22.171873092651367
sVstart_time
p609
F1609057643.7518411
sVsetup_time
p610
F6.9993069171905518
sVruntime_s3_bucket_used
p611
Vpywren-runtimes-public-us-west-2
p612
sVexception
p613
NsVhost_submit_time
p614
F1609057642.991559
sVserver_info
p615
(dp616
Vuname
p617
V('Linux', '169.254.91.189', '4.14.203-112.332.amzn2.x86_64', '#1 SMP Wed Nov 4 20:46:34 UTC 2020', 'x86_64', 'x86_64')
p618
sV/proc/self/cgroup
p619
VMemTotal:        1717184 kB\u000aMemFree:         1120244 kB\u000aMemAvailable:    1486432 kB\u000aBuffers:           17020 kB\u000aCached:           463456 kB\u000aSwapCached:            0 kB\u000aActive:            94064 kB\u000aInactive:         447216 kB\u000aActive(anon):      60792 kB\u000aInactive(anon):      216 kB\u000aActive(file):      33272 kB\u000aInactive(file):   447000 kB\u000aUnevictable:           0 kB\u000aMlocked:               0 kB\u000aSwapTotal:             0 kB\u000aSwapFree:              0 kB\u000aDirty:             10140 kB\u000aWriteback:             0 kB\u000aAnonPages:         60756 kB\u000aMapped:            34796 kB\u000aShmem:               220 kB\u000aSlab:              43104 kB\u000aSReclaimable:      32848 kB\u000aSUnreclaim:        10256 kB\u000aKernelStack:        1176 kB\u000aPageTables:         1408 kB\u000aNFS_Unstable:          0 kB\u000aBounce:                0 kB\u000aWritebackTmp:          0 kB\u000aCommitLimit:      858592 kB\u000aCommitted_AS:     253552 kB\u000aVmallocTotal:   34359738367 kB\u000aVmallocUsed:           0 kB\u000aVmallocChunk:          0 kB\u000aAnonHugePages:         0 kB\u000aShmemHugePages:        0 kB\u000aShmemPmdMapped:        0 kB\u000aHugePages_Total:       0\u000aHugePages_Free:        0\u000aHugePages_Rsvd:        0\u000aHugePages_Surp:        0\u000aHugepagesize:       2048 kB\u000aDirectMap4k:       21504 kB\u000aDirectMap2M:     1740800 kB\u000a
p620
sV/proc/cgroups
p621
V#subsys_name	hierarchy	num_cgroups	enabled\u000acpuset	5	1	1\u000acpu	3	5	1\u000acpuacct	3	5	1\u000ablkio	2	1	1\u000amemory	7	5	1\u000adevices	6	1	1\u000afreezer	9	2	1\u000anet_cls	4	1	1\u000aperf_event	8	1	1\u000anet_prio	4	1	1\u000ahugetlb	11	1	1\u000apids	10	1	1\u000a
p622
sV/proc/cpuinfo
p623
Vprocessor	: 0\u000avendor_id	: GenuineIntel\u000acpu family	: 6\u000amodel		: 63\u000amodel name	: Intel(R) Xeon(R) Processor @ 2.50GHz\u000astepping	: 2\u000amicrocode	: 0x1\u000acpu MHz		: 2500.014\u000acache size	: 36608 KB\u000aphysical id	: 0\u000asiblings	: 2\u000acore id		: 0\u000acpu cores	: 2\u000aapicid		: 0\u000ainitial apicid	: 0\u000afpu		: yes\u000afpu_exception	: yes\u000acpuid level	: 13\u000awp		: yes\u000aflags		: fpu vme de pse tsc msr pae mce cx8 apic sep mtrr pge mca cmov pat pse36 clflush mmx fxsr sse sse2 ht syscall nx rdtscp lm constant_tsc rep_good nopl xtopology nonstop_tsc cpuid tsc_known_freq pni pclmulqdq ssse3 fma cx16 pcid sse4_1 sse4_2 x2apic movbe popcnt tsc_deadline_timer aes xsave avx f16c rdrand hypervisor lahf_lm abm cpuid_fault invpcid_single ssbd ibrs ibpb stibp ibrs_enhanced fsgsbase tsc_adjust bmi1 avx2 smep bmi2 erms invpcid smap xsaveopt arat md_clear arch_capabilities\u000abugs		: spectre_v1 spectre_v2 spec_store_bypass swapgs\u000abogomips	: 5000.02\u000aclflush size	: 64\u000acache_alignment	: 64\u000aaddress sizes	: 46 bits physical, 48 bits virtual\u000apower management:\u000a\u000aprocessor	: 1\u000avendor_id	: GenuineIntel\u000acpu family	: 6\u000amodel		: 63\u000amodel name	: Intel(R) Xeon(R) Processor @ 2.50GHz\u000astepping	: 2\u000amicrocode	: 0x1\u000acpu MHz		: 2500.014\u000acache size	: 36608 KB\u000aphysical id	: 0\u000asiblings	: 2\u000acore id		: 1\u000acpu cores	: 2\u000aapicid		: 1\u000ainitial apicid	: 1\u000afpu		: yes\u000afpu_exception	: yes\u000acpuid level	: 13\u000awp		: yes\u000aflags		: fpu vme de pse tsc msr pae mce cx8 apic sep mtrr pge mca cmov pat pse36 clflush mmx fxsr sse sse2 ht syscall nx rdtscp lm constant_tsc rep_good nopl xtopology nonstop_tsc cpuid tsc_known_freq pni pclmulqdq ssse3 fma cx16 pcid sse4_1 sse4_2 x2apic movbe popcnt tsc_deadline_timer aes xsave avx f16c rdrand hypervisor lahf_lm abm cpuid_fault invpcid_single ssbd ibrs ibpb stibp ibrs_enhanced fsgsbase tsc_adjust bmi1 avx2 smep bmi2 erms invpcid smap xsaveopt arat md_clear arch_capabilities\u000abugs		: spectre_v1 spectre_v2 spec_store_bypass swapgs\u000abogomips	: 5000.02\u000aclflush size	: 64\u000acache_alignment	: 64\u000aaddress sizes	: 46 bits physical, 48 bits virtual\u000apower management:\u000a\u000a
p624
sV/proc/meminfo
p625
VMemTotal:        1717184 kB\u000aMemFree:         1120244 kB\u000aMemAvailable:    1486432 kB\u000aBuffers:           17020 kB\u000aCached:           463456 kB\u000aSwapCached:            0 kB\u000aActive:            94064 kB\u000aInactive:         447216 kB\u000aActive(anon):      60792 kB\u000aInactive(anon):      216 kB\u000aActive(file):      33272 kB\u000aInactive(file):   447000 kB\u000aUnevictable:           0 kB\u000aMlocked:               0 kB\u000aSwapTotal:             0 kB\u000aSwapFree:              0 kB\u000aDirty:             10140 kB\u000aWriteback:             0 kB\u000aAnonPages:         60756 kB\u000aMapped:            34796 kB\u000aShmem:               220 kB\u000aSlab:              43104 kB\u000aSReclaimable:      32848 kB\u000aSUnreclaim:        10256 kB\u000aKernelStack:        1176 kB\u000aPageTables:         1408 kB\u000aNFS_Unstable:          0 kB\u000aBounce:                0 kB\u000aWritebackTmp:          0 kB\u000aCommitLimit:      858592 kB\u000aCommitted_AS:     253552 kB\u000aVmallocTotal:   34359738367 kB\u000aVmallocUsed:           0 kB\u000aVmallocChunk:          0 kB\u000aAnonHugePages:         0 kB\u000aShmemHugePages:        0 kB\u000aShmemPmdMapped:        0 kB\u000aHugePages_Total:       0\u000aHugePages_Free:        0\u000aHugePages_Rsvd:        0\u000aHugePages_Surp:        0\u000aHugepagesize:       2048 kB\u000aDirectMap4k:       21504 kB\u000aDirectMap2M:     1740800 kB\u000a
p626
ssVstatus_key
p627
Vpywren.jobs/78a2ffbf-0d8b-44ae-8b42-fb681af9641b/00013/status.json
p628
sVend_time
p629
F1609057672.9230151
sVlog_group_name
p630
V/aws/lambda/pywren_redis_2
p631
sVdata_key
p632
Vpywren.jobs/78a2ffbf-0d8b-44ae-8b42-fb681af9641b/aggdata.pickle
p633
sa(dp634
Vcallset_id
p635
V78a2ffbf-0d8b-44ae-8b42-fb681af9641b
p636
sVlog_stream_name
p637
V2020/12/27/[$LATEST]997a6b6ab5ae46cba95f43e193e8fd38
p638
sVstdout
p639
V
sVfunc_key
p640
Vpywren.jobs/78a2ffbf-0d8b-44ae-8b42-fb681af9641b/func.pickle
p641
sVfree_disk_bytes
p642
I538333184
sVruntime_cached
p643
I00
sVretcode
p644
I0
sVcall_id
p645
V00014
p646
sVoutput_key
p647
Vpywren.jobs/78a2ffbf-0d8b-44ae-8b42-fb681af9641b/00014/output.pickle
p648
sVruntime_s3_key_used
p649
Ve5eb40-pywren.runtimes/default_2.7.tar.gz.0038
p650
sVaws_request_id
p651
V7663e945-55c6-4b29-8d72-dbe220576e6f
p652
sVexec_time
p653
F22.139461994171143
sVstart_time
p654
F1609057643.7980821
sVsetup_time
p655
F6.9056968688964844
sVruntime_s3_bucket_used
p656
Vpywren-runtimes-public-us-west-2
p657
sVexception
p658
NsVhost_submit_time
p659
F1609057643.000957
sVserver_info
p660
(dp661
Vuname
p662
V('Linux', '169.254.83.213', '4.14.203-112.332.amzn2.x86_64', '#1 SMP Wed Nov 4 20:46:34 UTC 2020', 'x86_64', 'x86_64')
p663
sV/proc/self/cgroup
p664
VMemTotal:        1717184 kB\u000aMemFree:         1119828 kB\u000aMemAvailable:    1486224 kB\u000aBuffers:           17152 kB\u000aCached:           463528 kB\u000aSwapCached:            0 kB\u000aActive:            94824 kB\u000aInactive:         447028 kB\u000aActive(anon):      61156 kB\u000aInactive(anon):      216 kB\u000aActive(file):      33668 kB\u000aInactive(file):   446812 kB\u000aUnevictable:           0 kB\u000aMlocked:               0 kB\u000aSwapTotal:             0 kB\u000aSwapFree:              0 kB\u000aDirty:             10128 kB\u000aWriteback:             0 kB\u000aAnonPages:         61168 kB\u000aMapped:            34924 kB\u000aShmem:               220 kB\u000aSlab:              43072 kB\u000aSReclaimable:      32848 kB\u000aSUnreclaim:        10224 kB\u000aKernelStack:        1168 kB\u000aPageTables:         1308 kB\u000aNFS_Unstable:          0 kB\u000aBounce:                0 kB\u000aWritebackTmp:          0 kB\u000aCommitLimit:      858592 kB\u000aCommitted_AS:     252820 kB\u000aVmallocTotal:   34359738367 kB\u000aVmallocUsed:           0 kB\u000aVmallocChunk:          0 kB\u000aAnonHugePages:         0 kB\u000aShmemHugePages:        0 kB\u000aShmemPmdMapped:        0 kB\u000aHugePages_Total:       0\u000aHugePages_Free:        0\u000aHugePages_Rsvd:        0\u000aHugePages_Surp:        0\u000aHugepagesize:       2048 kB\u000aDirectMap4k:       21504 kB\u000aDirectMap2M:     1740800 kB\u000a
p665
sV/proc/cgroups
p666
V#subsys_name	hierarchy	num_cgroups	enabled\u000acpuset	4	1	1\u000acpu	3	5	1\u000acpuacct	3	5	1\u000ablkio	9	1	1\u000amemory	5	5	1\u000adevices	2	1	1\u000afreezer	10	2	1\u000anet_cls	7	1	1\u000aperf_event	6	1	1\u000anet_prio	7	1	1\u000ahugetlb	8	1	1\u000apids	11	1	1\u000a
p667
sV/proc/cpuinfo
p668
