(dp1
S'run_statuses'
p2
(lp3
(dp4
Vcallset_id
p5
Vf5fb5c03-a988-4873-814c-80f72f4b7d10
p6
sVlog_stream_name
p7
V2020/12/27/[$LATEST]100fdc27cd1643449064948d3c503153
p8
sVstdout
p9
V
sVfunc_key
p10
Vpywren.jobs/f5fb5c03-a988-4873-814c-80f72f4b7d10/func.pickle
p11
sVfree_disk_bytes
p12
I538333184
sVruntime_cached
p13
I00
sVretcode
p14
I0
sVcall_id
p15
V00000
p16
sVoutput_key
p17
Vpywren.jobs/f5fb5c03-a988-4873-814c-80f72f4b7d10/00000/output.pickle
p18
sVruntime_s3_key_used
p19
V5445bd-pywren.runtimes/default_2.7.tar.gz.0096
p20
sVaws_request_id
p21
V5e8233e6-296b-46e5-a883-8645cf925199
p22
sVexec_time
p23
F82.505413055419922
sVstart_time
p24
F1609049912.2662311
sVsetup_time
p25
F8.1743888854980469
sVruntime_s3_bucket_used
p26
Vpywren-runtimes-public-us-west-2
p27
sVexception
p28
NsVhost_submit_time
p29
F1609049911.5164671
sVserver_info
p30
(dp31
Vuname
p32
V('Linux', '169.254.123.13', '4.14.203-112.332.amzn2.x86_64', '#1 SMP Wed Nov 4 20:46:34 UTC 2020', 'x86_64', 'x86_64')
p33
sV/proc/self/cgroup
p34
VMemTotal:        1717184 kB\u000aMemFree:         1119836 kB\u000aMemAvailable:    1485732 kB\u000aBuffers:           16712 kB\u000aCached:           463440 kB\u000aSwapCached:            0 kB\u000aActive:            94500 kB\u000aInactive:         447168 kB\u000aActive(anon):      61420 kB\u000aInactive(anon):      216 kB\u000aActive(file):      33080 kB\u000aInactive(file):   446952 kB\u000aUnevictable:           0 kB\u000aMlocked:               0 kB\u000aSwapTotal:             0 kB\u000aSwapFree:              0 kB\u000aDirty:                 4 kB\u000aWriteback:             0 kB\u000aAnonPages:         61504 kB\u000aMapped:            35000 kB\u000aShmem:               220 kB\u000aSlab:              42736 kB\u000aSReclaimable:      32744 kB\u000aSUnreclaim:         9992 kB\u000aKernelStack:        1168 kB\u000aPageTables:         1316 kB\u000aNFS_Unstable:          0 kB\u000aBounce:                0 kB\u000aWritebackTmp:          0 kB\u000aCommitLimit:      858592 kB\u000aCommitted_AS:     253560 kB\u000aVmallocTotal:   34359738367 kB\u000aVmallocUsed:           0 kB\u000aVmallocChunk:          0 kB\u000aAnonHugePages:         0 kB\u000aShmemHugePages:        0 kB\u000aShmemPmdMapped:        0 kB\u000aHugePages_Total:       0\u000aHugePages_Free:        0\u000aHugePages_Rsvd:        0\u000aHugePages_Surp:        0\u000aHugepagesize:       2048 kB\u000aDirectMap4k:       21504 kB\u000aDirectMap2M:     1740800 kB\u000a
p35
sV/proc/cgroups
p36
V#subsys_name	hierarchy	num_cgroups	enabled\u000acpuset	9	1	1\u000acpu	2	5	1\u000acpuacct	2	5	1\u000ablkio	11	1	1\u000amemory	6	5	1\u000adevices	7	1	1\u000afreezer	5	2	1\u000anet_cls	8	1	1\u000aperf_event	10	1	1\u000anet_prio	8	1	1\u000ahugetlb	3	1	1\u000apids	4	1	1\u000a
p37
sV/proc/cpuinfo
p38
Vprocessor	: 0\u000avendor_id	: GenuineIntel\u000acpu family	: 6\u000amodel		: 63\u000amodel name	: Intel(R) Xeon(R) Processor @ 2.50GHz\u000astepping	: 2\u000amicrocode	: 0x1\u000acpu MHz		: 2500.014\u000acache size	: 36608 KB\u000aphysical id	: 0\u000asiblings	: 2\u000acore id		: 0\u000acpu cores	: 2\u000aapicid		: 0\u000ainitial apicid	: 0\u000afpu		: yes\u000afpu_exception	: yes\u000acpuid level	: 13\u000awp		: yes\u000aflags		: fpu vme de pse tsc msr pae mce cx8 apic sep mtrr pge mca cmov pat pse36 clflush mmx fxsr sse sse2 ht syscall nx rdtscp lm constant_tsc rep_good nopl xtopology nonstop_tsc cpuid tsc_known_freq pni pclmulqdq ssse3 fma cx16 pcid sse4_1 sse4_2 x2apic movbe popcnt tsc_deadline_timer aes xsave avx f16c rdrand hypervisor lahf_lm abm cpuid_fault invpcid_single ssbd ibrs ibpb stibp ibrs_enhanced fsgsbase tsc_adjust bmi1 avx2 smep bmi2 erms invpcid smap xsaveopt arat md_clear arch_capabilities\u000abugs		: spectre_v1 spectre_v2 spec_store_bypass swapgs\u000abogomips	: 5000.02\u000aclflush size	: 64\u000acache_alignment	: 64\u000aaddress sizes	: 46 bits physical, 48 bits virtual\u000apower management:\u000a\u000aprocessor	: 1\u000avendor_id	: GenuineIntel\u000acpu family	: 6\u000amodel		: 63\u000amodel name	: Intel(R) Xeon(R) Processor @ 2.50GHz\u000astepping	: 2\u000amicrocode	: 0x1\u000acpu MHz		: 2500.014\u000acache size	: 36608 KB\u000aphysical id	: 0\u000asiblings	: 2\u000acore id		: 1\u000acpu cores	: 2\u000aapicid		: 1\u000ainitial apicid	: 1\u000afpu		: yes\u000afpu_exception	: yes\u000acpuid level	: 13\u000awp		: yes\u000aflags		: fpu vme de pse tsc msr pae mce cx8 apic sep mtrr pge mca cmov pat pse36 clflush mmx fxsr sse sse2 ht syscall nx rdtscp lm constant_tsc rep_good nopl xtopology nonstop_tsc cpuid tsc_known_freq pni pclmulqdq ssse3 fma cx16 pcid sse4_1 sse4_2 x2apic movbe popcnt tsc_deadline_timer aes xsave avx f16c rdrand hypervisor lahf_lm abm cpuid_fault invpcid_single ssbd ibrs ibpb stibp ibrs_enhanced fsgsbase tsc_adjust bmi1 avx2 smep bmi2 erms invpcid smap xsaveopt arat md_clear arch_capabilities\u000abugs		: spectre_v1 spectre_v2 spec_store_bypass swapgs\u000abogomips	: 5000.02\u000aclflush size	: 64\u000acache_alignment	: 64\u000aaddress sizes	: 46 bits physical, 48 bits virtual\u000apower management:\u000a\u000a
p39
sV/proc/meminfo
p40
VMemTotal:        1717184 kB\u000aMemFree:         1119836 kB\u000aMemAvailable:    1485732 kB\u000aBuffers:           16712 kB\u000aCached:           463440 kB\u000aSwapCached:            0 kB\u000aActive:            94500 kB\u000aInactive:         447168 kB\u000aActive(anon):      61420 kB\u000aInactive(anon):      216 kB\u000aActive(file):      33080 kB\u000aInactive(file):   446952 kB\u000aUnevictable:           0 kB\u000aMlocked:               0 kB\u000aSwapTotal:             0 kB\u000aSwapFree:              0 kB\u000aDirty:                 4 kB\u000aWriteback:             0 kB\u000aAnonPages:         61504 kB\u000aMapped:            35000 kB\u000aShmem:               220 kB\u000aSlab:              42736 kB\u000aSReclaimable:      32744 kB\u000aSUnreclaim:         9992 kB\u000aKernelStack:        1168 kB\u000aPageTables:         1316 kB\u000aNFS_Unstable:          0 kB\u000aBounce:                0 kB\u000aWritebackTmp:          0 kB\u000aCommitLimit:      858592 kB\u000aCommitted_AS:     253560 kB\u000aVmallocTotal:   34359738367 kB\u000aVmallocUsed:           0 kB\u000aVmallocChunk:          0 kB\u000aAnonHugePages:         0 kB\u000aShmemHugePages:        0 kB\u000aShmemPmdMapped:        0 kB\u000aHugePages_Total:       0\u000aHugePages_Free:        0\u000aHugePages_Rsvd:        0\u000aHugePages_Surp:        0\u000aHugepagesize:       2048 kB\u000aDirectMap4k:       21504 kB\u000aDirectMap2M:     1740800 kB\u000a
p41
ssVstatus_key
p42
Vpywren.jobs/f5fb5c03-a988-4873-814c-80f72f4b7d10/00000/status.json
p43
sVend_time
p44
F1609050002.946027
sVlog_group_name
p45
V/aws/lambda/pywren_redis_2
p46
sVdata_key
p47
Vpywren.jobs/f5fb5c03-a988-4873-814c-80f72f4b7d10/aggdata.pickle
p48
sa(dp49
Vcallset_id
p50
Vf5fb5c03-a988-4873-814c-80f72f4b7d10
p51
sVlog_stream_name
p52
V2020/12/27/[$LATEST]ff6ba806d99f4a8790d848cc7ab98c01
p53
sVstdout
p54
V
sVfunc_key
p55
Vpywren.jobs/f5fb5c03-a988-4873-814c-80f72f4b7d10/func.pickle
p56
sVfree_disk_bytes
p57
I538333184
sVruntime_cached
p58
I00
sVretcode
p59
I0
sVcall_id
p60
V00001
p61
sVoutput_key
p62
Vpywren.jobs/f5fb5c03-a988-4873-814c-80f72f4b7d10/00001/output.pickle
p63
sVruntime_s3_key_used
p64
Vef2a98-pywren.runtimes/default_2.7.tar.gz.0053
p65
sVaws_request_id
p66
V191ca11a-d262-49e6-a7a0-091a58f6290b
p67
sVexec_time
p68
F82.423393964767456
sVstart_time
p69
F1609049912.4232299
sVsetup_time
p70
F7.5791020393371582
sVruntime_s3_bucket_used
p71
Vpywren-runtimes-public-us-west-2
p72
sVexception
p73
NsVhost_submit_time
p74
F1609049911.5235741
sVserver_info
p75
(dp76
Vuname
p77
V('Linux', '169.254.35.173', '4.14.203-112.332.amzn2.x86_64', '#1 SMP Wed Nov 4 20:46:34 UTC 2020', 'x86_64', 'x86_64')
p78
sV/proc/self/cgroup
p79
VMemTotal:        1717184 kB\u000aMemFree:         1122892 kB\u000aMemAvailable:    1485704 kB\u000aBuffers:           14332 kB\u000aCached:           462808 kB\u000aSwapCached:            0 kB\u000aActive:            91932 kB\u000aInactive:         446520 kB\u000aActive(anon):      61268 kB\u000aInactive(anon):      216 kB\u000aActive(file):      30664 kB\u000aInactive(file):   446304 kB\u000aUnevictable:           0 kB\u000aMlocked:               0 kB\u000aSwapTotal:             0 kB\u000aSwapFree:              0 kB\u000aDirty:                 4 kB\u000aWriteback:             0 kB\u000aAnonPages:         61300 kB\u000aMapped:            34420 kB\u000aShmem:               220 kB\u000aSlab:              42836 kB\u000aSReclaimable:      32700 kB\u000aSUnreclaim:        10136 kB\u000aKernelStack:        1248 kB\u000aPageTables:         1340 kB\u000aNFS_Unstable:          0 kB\u000aBounce:                0 kB\u000aWritebackTmp:          0 kB\u000aCommitLimit:      858592 kB\u000aCommitted_AS:     253364 kB\u000aVmallocTotal:   34359738367 kB\u000aVmallocUsed:           0 kB\u000aVmallocChunk:          0 kB\u000aAnonHugePages:         0 kB\u000aShmemHugePages:        0 kB\u000aShmemPmdMapped:        0 kB\u000aHugePages_Total:       0\u000aHugePages_Free:        0\u000aHugePages_Rsvd:        0\u000aHugePages_Surp:        0\u000aHugepagesize:       2048 kB\u000aDirectMap4k:       23552 kB\u000aDirectMap2M:     1738752 kB\u000a
p80
sV/proc/cgroups
p81
V#subsys_name	hierarchy	num_cgroups	enabled\u000acpuset	6	1	1\u000acpu	9	5	1\u000acpuacct	9	5	1\u000ablkio	11	1	1\u000amemory	10	5	1\u000adevices	4	1	1\u000afreezer	3	2	1\u000anet_cls	2	1	1\u000aperf_event	7	1	1\u000anet_prio	2	1	1\u000ahugetlb	5	1	1\u000apids	8	1	1\u000a
p82
sV/proc/cpuinfo
p83
Vprocessor	: 0\u000avendor_id	: GenuineIntel\u000acpu family	: 6\u000amodel		: 63\u000amodel name	: Intel(R) Xeon(R) Processor @ 2.50GHz\u000astepping	: 2\u000amicrocode	: 0x1\u000acpu MHz		: 2500.010\u000acache size	: 33792 KB\u000aphysical id	: 0\u000asiblings	: 2\u000acore id		: 0\u000acpu cores	: 2\u000aapicid		: 0\u000ainitial apicid	: 0\u000afpu		: yes\u000afpu_exception	: yes\u000acpuid level	: 13\u000awp		: yes\u000aflags		: fpu vme de pse tsc msr pae mce cx8 apic sep mtrr pge mca cmov pat pse36 clflush mmx fxsr sse sse2 ht syscall nx rdtscp lm constant_tsc rep_good nopl xtopology nonstop_tsc cpuid tsc_known_freq pni pclmulqdq ssse3 fma cx16 pcid sse4_1 sse4_2 x2apic movbe popcnt tsc_deadline_timer aes xsave avx f16c rdrand hypervisor lahf_lm abm cpuid_fault invpcid_single pti ssbd ibrs ibpb stibp fsgsbase tsc_adjust bmi1 avx2 smep bmi2 erms invpcid smap xsaveopt arat md_clear arch_capabilities\u000abugs		: cpu_meltdown spectre_v1 spectre_v2 spec_store_bypass l1tf mds swapgs\u000abogomips	: 5000.02\u000aclflush size	: 64\u000acache_alignment	: 64\u000aaddress sizes	: 46 bits physical, 48 bits virtual\u000apower management:\u000a\u000aprocessor	: 1\u000avendor_id	: GenuineIntel\u000acpu family	: 6\u000amodel		: 63\u000amodel name	: Intel(R) Xeon(R) Processor @ 2.50GHz\u000astepping	: 2\u000amicrocode	: 0x1\u000acpu MHz		: 2500.010\u000acache size	: 33792 KB\u000aphysical id	: 0\u000asiblings	: 2\u000acore id		: 1\u000acpu cores	: 2\u000aapicid		: 1\u000ainitial apicid	: 1\u000afpu		: yes\u000afpu_exception	: yes\u000acpuid level	: 13\u000awp		: yes\u000aflags		: fpu vme de pse tsc msr pae mce cx8 apic sep mtrr pge mca cmov pat pse36 clflush mmx fxsr sse sse2 ht syscall nx rdtscp lm constant_tsc rep_good nopl xtopology nonstop_tsc cpuid tsc_known_freq pni pclmulqdq ssse3 fma cx16 pcid sse4_1 sse4_2 x2apic movbe popcnt tsc_deadline_timer aes xsave avx f16c rdrand hypervisor lahf_lm abm cpuid_fault invpcid_single pti ssbd ibrs ibpb stibp fsgsbase tsc_adjust bmi1 avx2 smep bmi2 erms invpcid smap xsaveopt arat md_clear arch_capabilities\u000abugs		: cpu_meltdown spectre_v1 spectre_v2 spec_store_bypass l1tf mds swapgs\u000abogomips	: 5000.02\u000aclflush size	: 64\u000acache_alignment	: 64\u000aaddress sizes	: 46 bits physical, 48 bits virtual\u000apower management:\u000a\u000a
p84
sV/proc/meminfo
p85
VMemTotal:        1717184 kB\u000aMemFree:         1122892 kB\u000aMemAvailable:    1485704 kB\u000aBuffers:           14332 kB\u000aCached:           462808 kB\u000aSwapCached:            0 kB\u000aActive:            91932 kB\u000aInactive:         446520 kB\u000aActive(anon):      61268 kB\u000aInactive(anon):      216 kB\u000aActive(file):      30664 kB\u000aInactive(file):   446304 kB\u000aUnevictable:           0 kB\u000aMlocked:               0 kB\u000aSwapTotal:             0 kB\u000aSwapFree:              0 kB\u000aDirty:                 4 kB\u000aWriteback:             0 kB\u000aAnonPages:         61300 kB\u000aMapped:            34420 kB\u000aShmem:               220 kB\u000aSlab:              42836 kB\u000aSReclaimable:      32700 kB\u000aSUnreclaim:        10136 kB\u000aKernelStack:        1248 kB\u000aPageTables:         1340 kB\u000aNFS_Unstable:          0 kB\u000aBounce:                0 kB\u000aWritebackTmp:          0 kB\u000aCommitLimit:      858592 kB\u000aCommitted_AS:     253364 kB\u000aVmallocTotal:   34359738367 kB\u000aVmallocUsed:           0 kB\u000aVmallocChunk:          0 kB\u000aAnonHugePages:         0 kB\u000aShmemHugePages:        0 kB\u000aShmemPmdMapped:        0 kB\u000aHugePages_Total:       0\u000aHugePages_Free:        0\u000aHugePages_Rsvd:        0\u000aHugePages_Surp:        0\u000aHugepagesize:       2048 kB\u000aDirectMap4k:       23552 kB\u000aDirectMap2M:     1738752 kB\u000a
p86
ssVstatus_key
p87
Vpywren.jobs/f5fb5c03-a988-4873-814c-80f72f4b7d10/00001/status.json
p88
sVend_time
p89
F1609050002.42572
sVlog_group_name
p90
V/aws/lambda/pywren_redis_2
p91
sVdata_key
p92
Vpywren.jobs/f5fb5c03-a988-4873-814c-80f72f4b7d10/aggdata.pickle
p93
sa(dp94
Vcallset_id
p95
Vf5fb5c03-a988-4873-814c-80f72f4b7d10
p96
sVlog_stream_name
p97
V2020/12/27/[$LATEST]b2acb69142b44f019997a060adf3c69c
p98
sVstdout
p99
V
sVfunc_key
p100
Vpywren.jobs/f5fb5c03-a988-4873-814c-80f72f4b7d10/func.pickle
p101
sVfree_disk_bytes
p102
I538333184
sVruntime_cached
p103
I00
sVretcode
p104
I0
sVcall_id
p105
V00002
p106
sVoutput_key
p107
Vpywren.jobs/f5fb5c03-a988-4873-814c-80f72f4b7d10/00002/output.pickle
p108
sVruntime_s3_key_used
p109
V08f228-pywren.runtimes/default_2.7.tar.gz.0091
p110
sVaws_request_id
p111
V7866c790-b406-471a-9eb7-ac3f4bdbb13f
p112
sVexec_time
p113
F82.387048006057739
sVstart_time
p114
F1609049912.3818309
sVsetup_time
p115
F8.0679600238800049
sVruntime_s3_bucket_used
p116
Vpywren-runtimes-public-us-west-2
p117
sVexception
p118
NsVhost_submit_time
p119
F1609049911.5386069
sVserver_info
p120
(dp121
Vuname
p122
V('Linux', '169.254.53.133', '4.14.203-112.332.amzn2.x86_64', '#1 SMP Wed Nov 4 20:46:34 UTC 2020', 'x86_64', 'x86_64')
p123
sV/proc/self/cgroup
p124
VMemTotal:        1717184 kB\u000aMemFree:         1117572 kB\u000aMemAvailable:    1485868 kB\u000aBuffers:           18380 kB\u000aCached:           464176 kB\u000aSwapCached:            0 kB\u000aActive:            96084 kB\u000aInactive:         447612 kB\u000aActive(anon):      61132 kB\u000aInactive(anon):      216 kB\u000aActive(file):      34952 kB\u000aInactive(file):   447396 kB\u000aUnevictable:           0 kB\u000aMlocked:               0 kB\u000aSwapTotal:             0 kB\u000aSwapFree:              0 kB\u000aDirty:                12 kB\u000aWriteback:             0 kB\u000aAnonPages:         61188 kB\u000aMapped:            35364 kB\u000aShmem:               220 kB\u000aSlab:              42972 kB\u000aSReclaimable:      32912 kB\u000aSUnreclaim:        10060 kB\u000aKernelStack:        1136 kB\u000aPageTables:         1336 kB\u000aNFS_Unstable:          0 kB\u000aBounce:                0 kB\u000aWritebackTmp:          0 kB\u000aCommitLimit:      858592 kB\u000aCommitted_AS:     253800 kB\u000aVmallocTotal:   34359738367 kB\u000aVmallocUsed:           0 kB\u000aVmallocChunk:          0 kB\u000aAnonHugePages:         0 kB\u000aShmemHugePages:        0 kB\u000aShmemPmdMapped:        0 kB\u000aHugePages_Total:       0\u000aHugePages_Free:        0\u000aHugePages_Rsvd:        0\u000aHugePages_Surp:        0\u000aHugepagesize:       2048 kB\u000aDirectMap4k:       21504 kB\u000aDirectMap2M:     1740800 kB\u000a
p125
sV/proc/cgroups
p126
V#subsys_name	hierarchy	num_cgroups	enabled\u000acpuset	5	1	1\u000acpu	6	5	1\u000acpuacct	6	5	1\u000ablkio	9	1	1\u000amemory	11	5	1\u000adevices	2	1	1\u000afreezer	8	2	1\u000anet_cls	4	1	1\u000aperf_event	7	1	1\u000anet_prio	4	1	1\u000ahugetlb	3	1	1\u000apids	10	1	1\u000a
p127
sV/proc/cpuinfo
p128
Vprocessor	: 0\u000avendor_id	: GenuineIntel\u000acpu family	: 6\u000amodel		: 63\u000amodel name	: Intel(R) Xeon(R) Processor @ 2.50GHz\u000astepping	: 2\u000amicrocode	: 0x1\u000acpu MHz		: 2500.012\u000acache size	: 33792 KB\u000aphysical id	: 0\u000asiblings	: 2\u000acore id		: 0\u000acpu cores	: 2\u000aapicid		: 0\u000ainitial apicid	: 0\u000afpu		: yes\u000afpu_exception	: yes\u000acpuid level	: 13\u000awp		: yes\u000aflags		: fpu vme de pse tsc msr pae mce cx8 apic sep mtrr pge mca cmov pat pse36 clflush mmx fxsr sse sse2 ht syscall nx rdtscp lm constant_tsc rep_good nopl xtopology nonstop_tsc cpuid tsc_known_freq pni pclmulqdq ssse3 fma cx16 pcid sse4_1 sse4_2 x2apic movbe popcnt tsc_deadline_timer aes xsave avx f16c rdrand hypervisor lahf_lm abm cpuid_fault invpcid_single pti ssbd ibrs ibpb stibp fsgsbase tsc_adjust bmi1 avx2 smep bmi2 erms invpcid smap xsaveopt arat md_clear arch_capabilities\u000abugs		: cpu_meltdown spectre_v1 spectre_v2 spec_store_bypass l1tf mds swapgs\u000abogomips	: 5000.02\u000aclflush size	: 64\u000acache_alignment	: 64\u000aaddress sizes	: 46 bits physical, 48 bits virtual\u000apower management:\u000a\u000aprocessor	: 1\u000avendor_id	: GenuineIntel\u000acpu family	: 6\u000amodel		: 63\u000amodel name	: Intel(R) Xeon(R) Processor @ 2.50GHz\u000astepping	: 2\u000amicrocode	: 0x1\u000acpu MHz		: 2500.012\u000acache size	: 33792 KB\u000aphysical id	: 0\u000asiblings	: 2\u000acore id		: 1\u000acpu cores	: 2\u000aapicid		: 1\u000ainitial apicid	: 1\u000afpu		: yes\u000afpu_exception	: yes\u000acpuid level	: 13\u000awp		: yes\u000aflags		: fpu vme de pse tsc msr pae mce cx8 apic sep mtrr pge mca cmov pat pse36 clflush mmx fxsr sse sse2 ht syscall nx rdtscp lm constant_tsc rep_good nopl xtopology nonstop_tsc cpuid tsc_known_freq pni pclmulqdq ssse3 fma cx16 pcid sse4_1 sse4_2 x2apic movbe popcnt tsc_deadline_timer aes xsave avx f16c rdrand hypervisor lahf_lm abm cpuid_fault invpcid_single pti ssbd ibrs ibpb stibp fsgsbase tsc_adjust bmi1 avx2 smep bmi2 erms invpcid smap xsaveopt arat md_clear arch_capabilities\u000abugs		: cpu_meltdown spectre_v1 spectre_v2 spec_store_bypass l1tf mds swapgs\u000abogomips	: 5000.02\u000aclflush size	: 64\u000acache_alignment	: 64\u000aaddress sizes	: 46 bits physical, 48 bits virtual\u000apower management:\u000a\u000a
p129
sV/proc/meminfo
p130
VMemTotal:        1717184 kB\u000aMemFree:         1117572 kB\u000aMemAvailable:    1485868 kB\u000aBuffers:           18380 kB\u000aCached:           464176 kB\u000aSwapCached:            0 kB\u000aActive:            96084 kB\u000aInactive:         447612 kB\u000aActive(anon):      61132 kB\u000aInactive(anon):      216 kB\u000aActive(file):      34952 kB\u000aInactive(file):   447396 kB\u000aUnevictable:           0 kB\u000aMlocked:               0 kB\u000aSwapTotal:             0 kB\u000aSwapFree:              0 kB\u000aDirty:                12 kB\u000aWriteback:             0 kB\u000aAnonPages:         61188 kB\u000aMapped:            35364 kB\u000aShmem:               220 kB\u000aSlab:              42972 kB\u000aSReclaimable:      32912 kB\u000aSUnreclaim:        10060 kB\u000aKernelStack:        1136 kB\u000aPageTables:         1336 kB\u000aNFS_Unstable:          0 kB\u000aBounce:                0 kB\u000aWritebackTmp:          0 kB\u000aCommitLimit:      858592 kB\u000aCommitted_AS:     253800 kB\u000aVmallocTotal:   34359738367 kB\u000aVmallocUsed:           0 kB\u000aVmallocChunk:          0 kB\u000aAnonHugePages:         0 kB\u000aShmemHugePages:        0 kB\u000aShmemPmdMapped:        0 kB\u000aHugePages_Total:       0\u000aHugePages_Free:        0\u000aHugePages_Rsvd:        0\u000aHugePages_Surp:        0\u000aHugepagesize:       2048 kB\u000aDirectMap4k:       21504 kB\u000aDirectMap2M:     1740800 kB\u000a
p131
ssVstatus_key
p132
Vpywren.jobs/f5fb5c03-a988-4873-814c-80f72f4b7d10/00002/status.json
p133
sVend_time
p134
F1609050002.8367491
sVlog_group_name
p135
V/aws/lambda/pywren_redis_2
p136
sVdata_key
p137
Vpywren.jobs/f5fb5c03-a988-4873-814c-80f72f4b7d10/aggdata.pickle
p138
sa(dp139
Vcallset_id
p140
Vf5fb5c03-a988-4873-814c-80f72f4b7d10
p141
sVlog_stream_name
p142
V2020/12/27/[$LATEST]ce60df517ead4b4ea9d58d0bd3c2ba6e
p143
sVstdout
p144
V
sVfunc_key
p145
Vpywren.jobs/f5fb5c03-a988-4873-814c-80f72f4b7d10/func.pickle
p146
sVfree_disk_bytes
p147
I538333184
sVruntime_cached
p148
I00
sVretcode
p149
I0
sVcall_id
p150
V00003
p151
sVoutput_key
p152
Vpywren.jobs/f5fb5c03-a988-4873-814c-80f72f4b7d10/00003/output.pickle
p153
sVruntime_s3_key_used
p154
V334bcf-pywren.runtimes/default_2.7.tar.gz.0082
p155
sVaws_request_id
p156
Vf7b0f9b5-bd84-45d1-b2fb-4e0f5687630d
p157
sVexec_time
p158
F82.482312917709351
sVstart_time
p159
F1609049912.2708001
sVsetup_time
p160
F7.493196964263916
sVruntime_s3_bucket_used
p161
Vpywren-runtimes-public-us-west-2
p162
sVexception
p163
NsVhost_submit_time
p164
F1609049911.5289891
sVserver_info
p165
(dp166
Vuname
p167
V('Linux', '169.254.183.133', '4.14.203-112.332.amzn2.x86_64', '#1 SMP Wed Nov 4 20:46:34 UTC 2020', 'x86_64', 'x86_64')
p168
sV/proc/self/cgroup
p169
VMemTotal:        1717184 kB\u000aMemFree:         1119016 kB\u000aMemAvailable:    1485880 kB\u000aBuffers:           17352 kB\u000aCached:           463760 kB\u000aSwapCached:            0 kB\u000aActive:            94808 kB\u000aInactive:         447472 kB\u000aActive(anon):      61136 kB\u000aInactive(anon):      216 kB\u000aActive(file):      33672 kB\u000aInactive(file):   447256 kB\u000aUnevictable:           0 kB\u000aMlocked:               0 kB\u000aSwapTotal:             0 kB\u000aSwapFree:              0 kB\u000aDirty:                 4 kB\u000aWriteback:             0 kB\u000aAnonPages:         61160 kB\u000aMapped:            35132 kB\u000aShmem:               220 kB\u000aSlab:              42944 kB\u000aSReclaimable:      32884 kB\u000aSUnreclaim:        10060 kB\u000aKernelStack:        1152 kB\u000aPageTables:         1332 kB\u000aNFS_Unstable:          0 kB\u000aBounce:                0 kB\u000aWritebackTmp:          0 kB\u000aCommitLimit:      858592 kB\u000aCommitted_AS:     253472 kB\u000aVmallocTotal:   34359738367 kB\u000aVmallocUsed:           0 kB\u000aVmallocChunk:          0 kB\u000aAnonHugePages:         0 kB\u000aShmemHugePages:        0 kB\u000aShmemPmdMapped:        0 kB\u000aHugePages_Total:       0\u000aHugePages_Free:        0\u000aHugePages_Rsvd:        0\u000aHugePages_Surp:        0\u000aHugepagesize:       2048 kB\u000aDirectMap4k:       23552 kB\u000aDirectMap2M:     1738752 kB\u000a
p170
sV/proc/cgroups
p171
V#subsys_name	hierarchy	num_cgroups	enabled\u000acpuset	9	1	1\u000acpu	6	5	1\u000acpuacct	6	5	1\u000ablkio	4	1	1\u000amemory	10	5	1\u000adevices	8	1	1\u000afreezer	11	2	1\u000anet_cls	3	1	1\u000aperf_event	2	1	1\u000anet_prio	3	1	1\u000ahugetlb	7	1	1\u000apids	5	1	1\u000a
p172
sV/proc/cpuinfo
p173
Vprocessor	: 0\u000avendor_id	: GenuineIntel\u000acpu family	: 6\u000amodel		: 63\u000amodel name	: Intel(R) Xeon(R) Processor @ 2.50GHz\u000astepping	: 2\u000amicrocode	: 0x1\u000acpu MHz		: 2500.010\u000acache size	: 36608 KB\u000aphysical id	: 0\u000asiblings	: 2\u000acore id		: 0\u000acpu cores	: 2\u000aapicid		: 0\u000ainitial apicid	: 0\u000afpu		: yes\u000afpu_exception	: yes\u000acpuid level	: 13\u000awp		: yes\u000aflags		: fpu vme de pse tsc msr pae mce cx8 apic sep mtrr pge mca cmov pat pse36 clflush mmx fxsr sse sse2 ht syscall nx rdtscp lm constant_tsc rep_good nopl xtopology nonstop_tsc cpuid tsc_known_freq pni pclmulqdq ssse3 fma cx16 pcid sse4_1 sse4_2 x2apic movbe popcnt tsc_deadline_timer aes xsave avx f16c rdrand hypervisor lahf_lm abm cpuid_fault invpcid_single ssbd ibrs ibpb stibp ibrs_enhanced fsgsbase tsc_adjust bmi1 avx2 smep bmi2 erms invpcid smap xsaveopt arat md_clear arch_capabilities\u000abugs		: spectre_v1 spectre_v2 spec_store_bypass swapgs\u000abogomips	: 5000.02\u000aclflush size	: 64\u000acache_alignment	: 64\u000aaddress sizes	: 46 bits physical, 48 bits virtual\u000apower management:\u000a\u000aprocessor	: 1\u000avendor_id	: GenuineIntel\u000acpu family	: 6\u000amodel		: 63\u000amodel name	: Intel(R) Xeon(R) Processor @ 2.50GHz\u000astepping	: 2\u000amicrocode	: 0x1\u000acpu MHz		: 2500.010\u000acache size	: 36608 KB\u000aphysical id	: 0\u000asiblings	: 2\u000acore id		: 1\u000acpu cores	: 2\u000aapicid		: 1\u000ainitial apicid	: 1\u000afpu		: yes\u000afpu_exception	: yes\u000acpuid level	: 13\u000awp		: yes\u000aflags		: fpu vme de pse tsc msr pae mce cx8 apic sep mtrr pge mca cmov pat pse36 clflush mmx fxsr sse sse2 ht syscall nx rdtscp lm constant_tsc rep_good nopl xtopology nonstop_tsc cpuid tsc_known_freq pni pclmulqdq ssse3 fma cx16 pcid sse4_1 sse4_2 x2apic movbe popcnt tsc_deadline_timer aes xsave avx f16c rdrand hypervisor lahf_lm abm cpuid_fault invpcid_single ssbd ibrs ibpb stibp ibrs_enhanced fsgsbase tsc_adjust bmi1 avx2 smep bmi2 erms invpcid smap xsaveopt arat md_clear arch_capabilities\u000abugs		: spectre_v1 spectre_v2 spec_store_bypass swapgs\u000abogomips	: 5000.02\u000aclflush size	: 64\u000acache_alignment	: 64\u000aaddress sizes	: 46 bits physical, 48 bits virtual\u000apower management:\u000a\u000a
p174
sV/proc/meminfo
p175
VMemTotal:        1717184 kB\u000aMemFree:         1119016 kB\u000aMemAvailable:    1485880 kB\u000aBuffers:           17352 kB\u000aCached:           463760 kB\u000aSwapCached:            0 kB\u000aActive:            94808 kB\u000aInactive:         447472 kB\u000aActive(anon):      61136 kB\u000aInactive(anon):      216 kB\u000aActive(file):      33672 kB\u000aInactive(file):   447256 kB\u000aUnevictable:           0 kB\u000aMlocked:               0 kB\u000aSwapTotal:             0 kB\u000aSwapFree:              0 kB\u000aDirty:                 4 kB\u000aWriteback:             0 kB\u000aAnonPages:         61160 kB\u000aMapped:            35132 kB\u000aShmem:               220 kB\u000aSlab:              42944 kB\u000aSReclaimable:      32884 kB\u000aSUnreclaim:        10060 kB\u000aKernelStack:        1152 kB\u000aPageTables:         1332 kB\u000aNFS_Unstable:          0 kB\u000aBounce:                0 kB\u000aWritebackTmp:          0 kB\u000aCommitLimit:      858592 kB\u000aCommitted_AS:     253472 kB\u000aVmallocTotal:   34359738367 kB\u000aVmallocUsed:           0 kB\u000aVmallocChunk:          0 kB\u000aAnonHugePages:         0 kB\u000aShmemHugePages:        0 kB\u000aShmemPmdMapped:        0 kB\u000aHugePages_Total:       0\u000aHugePages_Free:        0\u000aHugePages_Rsvd:        0\u000aHugePages_Surp:        0\u000aHugepagesize:       2048 kB\u000aDirectMap4k:       23552 kB\u000aDirectMap2M:     1738752 kB\u000a
p176
ssVstatus_key
p177
Vpywren.jobs/f5fb5c03-a988-4873-814c-80f72f4b7d10/00003/status.json
p178
sVend_time
p179
F1609050002.246304
sVlog_group_name
p180
V/aws/lambda/pywren_redis_2
p181
sVdata_key
p182
Vpywren.jobs/f5fb5c03-a988-4873-814c-80f72f4b7d10/aggdata.pickle
p183
sa(dp184
Vcallset_id
p185
Vf5fb5c03-a988-4873-814c-80f72f4b7d10
p186
sVlog_stream_name
p187
V2020/12/27/[$LATEST]51322ac6c410438284b54f0ad8081651
p188
sVstdout
p189
V
sVfunc_key
p190
Vpywren.jobs/f5fb5c03-a988-4873-814c-80f72f4b7d10/func.pickle
p191
sVfree_disk_bytes
p192
I538333184
sVruntime_cached
p193
I00
sVretcode
p194
I0
sVcall_id
p195
V00004
p196
sVoutput_key
p197
Vpywren.jobs/f5fb5c03-a988-4873-814c-80f72f4b7d10/00004/output.pickle
p198
sVruntime_s3_key_used
p199
V647b0b-pywren.runtimes/default_2.7.tar.gz.0099
p200
sVaws_request_id
p201
V03f9ccc5-1969-4ec0-9f0b-ff6a53be3321
p202
sVexec_time
p203
F82.38489294052124
sVstart_time
p204
F1609049912.2891009
sVsetup_time
p205
F7.1239981651306152
sVruntime_s3_bucket_used
p206
Vpywren-runtimes-public-us-west-2
p207
sVexception
p208
NsVhost_submit_time
p209
F1609049911.534363
sVserver_info
p210
(dp211
Vuname
p212
V('Linux', '169.254.81.237', '4.14.203-112.332.amzn2.x86_64', '#1 SMP Wed Nov 4 20:46:34 UTC 2020', 'x86_64', 'x86_64')
p213
sV/proc/self/cgroup
p214
VMemTotal:        1717184 kB\u000aMemFree:         1119192 kB\u000aMemAvailable:    1485552 kB\u000aBuffers:           17116 kB\u000aCached:           463528 kB\u000aSwapCached:            0 kB\u000aActive:            95108 kB\u000aInactive:         447176 kB\u000aActive(anon):      61596 kB\u000aInactive(anon):      216 kB\u000aActive(file):      33512 kB\u000aInactive(file):   446960 kB\u000aUnevictable:           0 kB\u000aMlocked:               0 kB\u000aSwapTotal:             0 kB\u000aSwapFree:              0 kB\u000aDirty:                 4 kB\u000aWriteback:             0 kB\u000aAnonPages:         61628 kB\u000aMapped:            34956 kB\u000aShmem:               220 kB\u000aSlab:              42784 kB\u000aSReclaimable:      32788 kB\u000aSUnreclaim:         9996 kB\u000aKernelStack:        1152 kB\u000aPageTables:         1344 kB\u000aNFS_Unstable:          0 kB\u000aBounce:                0 kB\u000aWritebackTmp:          0 kB\u000aCommitLimit:      858592 kB\u000aCommitted_AS:     253296 kB\u000aVmallocTotal:   34359738367 kB\u000aVmallocUsed:           0 kB\u000aVmallocChunk:          0 kB\u000aAnonHugePages:         0 kB\u000aShmemHugePages:        0 kB\u000aShmemPmdMapped:        0 kB\u000aHugePages_Total:       0\u000aHugePages_Free:        0\u000aHugePages_Rsvd:        0\u000aHugePages_Surp:        0\u000aHugepagesize:       2048 kB\u000aDirectMap4k:       23552 kB\u000aDirectMap2M:     1738752 kB\u000a
p215
sV/proc/cgroups
p216
V#subsys_name	hierarchy	num_cgroups	enabled\u000acpuset	9	1	1\u000acpu	3	5	1\u000acpuacct	3	5	1\u000ablkio	8	1	1\u000amemory	6	5	1\u000adevices	5	1	1\u000afreezer	11	2	1\u000anet_cls	2	1	1\u000aperf_event	7	1	1\u000anet_prio	2	1	1\u000ahugetlb	10	1	1\u000apids	4	1	1\u000a
p217
sV/proc/cpuinfo
p218
Vprocessor	: 0\u000avendor_id	: GenuineIntel\u000acpu family	: 6\u000amodel		: 63\u000amodel name	: Intel(R) Xeon(R) Processor @ 2.50GHz\u000astepping	: 2\u000amicrocode	: 0x1\u000acpu MHz		: 2500.006\u000acache size	: 33792 KB\u000aphysical id	: 0\u000asiblings	: 2\u000acore id		: 0\u000acpu cores	: 2\u000aapicid		: 0\u000ainitial apicid	: 0\u000afpu		: yes\u000afpu_exception	: yes\u000acpuid level	: 13\u000awp		: yes\u000aflags		: fpu vme de pse tsc msr pae mce cx8 apic sep mtrr pge mca cmov pat pse36 clflush mmx fxsr sse sse2 ht syscall nx rdtscp lm constant_tsc rep_good nopl xtopology nonstop_tsc cpuid tsc_known_freq pni pclmulqdq ssse3 fma cx16 pcid sse4_1 sse4_2 x2apic movbe popcnt tsc_deadline_timer aes xsave avx f16c rdrand hypervisor lahf_lm abm cpuid_fault invpcid_single pti ssbd ibrs ibpb stibp fsgsbase tsc_adjust bmi1 avx2 smep bmi2 erms invpcid smap xsaveopt arat md_clear arch_capabilities\u000abugs		: cpu_meltdown spectre_v1 spectre_v2 spec_store_bypass l1tf mds swapgs\u000abogomips	: 5000.01\u000aclflush size	: 64\u000acache_alignment	: 64\u000aaddress sizes	: 46 bits physical, 48 bits virtual\u000apower management:\u000a\u000aprocessor	: 1\u000avendor_id	: GenuineIntel\u000acpu family	: 6\u000amodel		: 63\u000amodel name	: Intel(R) Xeon(R) Processor @ 2.50GHz\u000astepping	: 2\u000amicrocode	: 0x1\u000acpu MHz		: 2500.006\u000acache size	: 33792 KB\u000aphysical id	: 0\u000asiblings	: 2\u000acore id		: 1\u000acpu cores	: 2\u000aapicid		: 1\u000ainitial apicid	: 1\u000afpu		: yes\u000afpu_exception	: yes\u000acpuid level	: 13\u000awp		: yes\u000aflags		: fpu vme de pse tsc msr pae mce cx8 apic sep mtrr pge mca cmov pat pse36 clflush mmx fxsr sse sse2 ht syscall nx rdtscp lm constant_tsc rep_good nopl xtopology nonstop_tsc cpuid tsc_known_freq pni pclmulqdq ssse3 fma cx16 pcid sse4_1 sse4_2 x2apic movbe popcnt tsc_deadline_timer aes xsave avx f16c rdrand hypervisor lahf_lm abm cpuid_fault invpcid_single pti ssbd ibrs ibpb stibp fsgsbase tsc_adjust bmi1 avx2 smep bmi2 erms invpcid smap xsaveopt arat md_clear arch_capabilities\u000abugs		: cpu_meltdown spectre_v1 spectre_v2 spec_store_bypass l1tf mds swapgs\u000abogomips	: 5000.01\u000aclflush size	: 64\u000acache_alignment	: 64\u000aaddress sizes	: 46 bits physical, 48 bits virtual\u000apower management:\u000a\u000a
p219
sV/proc/meminfo
p220
VMemTotal:        1717184 kB\u000aMemFree:         1119192 kB\u000aMemAvailable:    1485552 kB\u000aBuffers:           17116 kB\u000aCached:           463528 kB\u000aSwapCached:            0 kB\u000aActive:            95108 kB\u000aInactive:         447176 kB\u000aActive(anon):      61596 kB\u000aInactive(anon):      216 kB\u000aActive(file):      33512 kB\u000aInactive(file):   446960 kB\u000aUnevictable:           0 kB\u000aMlocked:               0 kB\u000aSwapTotal:             0 kB\u000aSwapFree:              0 kB\u000aDirty:                 4 kB\u000aWriteback:             0 kB\u000aAnonPages:         61628 kB\u000aMapped:            34956 kB\u000aShmem:               220 kB\u000aSlab:              42784 kB\u000aSReclaimable:      32788 kB\u000aSUnreclaim:         9996 kB\u000aKernelStack:        1152 kB\u000aPageTables:         1344 kB\u000aNFS_Unstable:          0 kB\u000aBounce:                0 kB\u000aWritebackTmp:          0 kB\u000aCommitLimit:      858592 kB\u000aCommitted_AS:     253296 kB\u000aVmallocTotal:   34359738367 kB\u000aVmallocUsed:           0 kB\u000aVmallocChunk:          0 kB\u000aAnonHugePages:         0 kB\u000aShmemHugePages:        0 kB\u000aShmemPmdMapped:        0 kB\u000aHugePages_Total:       0\u000aHugePages_Free:        0\u000aHugePages_Rsvd:        0\u000aHugePages_Surp:        0\u000aHugepagesize:       2048 kB\u000aDirectMap4k:       23552 kB\u000aDirectMap2M:     1738752 kB\u000a
p221
ssVstatus_key
p222
Vpywren.jobs/f5fb5c03-a988-4873-814c-80f72f4b7d10/00004/status.json
p223
sVend_time
p224
F1609050001.797986
sVlog_group_name
p225
V/aws/lambda/pywren_redis_2
p226
sVdata_key
p227
Vpywren.jobs/f5fb5c03-a988-4873-814c-80f72f4b7d10/aggdata.pickle
p228
sa(dp229
Vcallset_id
p230
Vf5fb5c03-a988-4873-814c-80f72f4b7d10
p231
sVlog_stream_name
p232
V2020/12/27/[$LATEST]fa4340c89d384efeb52e5d2b07e10dd7
p233
sVstdout
p234
V
sVfunc_key
p235
Vpywren.jobs/f5fb5c03-a988-4873-814c-80f72f4b7d10/func.pickle
p236
sVfree_disk_bytes
p237
I538333184
sVruntime_cached
p238
I00
sVretcode
p239
I0
sVcall_id
p240
V00005
p241
sVoutput_key
p242
Vpywren.jobs/f5fb5c03-a988-4873-814c-80f72f4b7d10/00005/output.pickle
p243
sVruntime_s3_key_used
p244
V1194bd-pywren.runtimes/default_2.7.tar.gz.0000
p245
sVaws_request_id
p246
V694e3b2d-fea6-4b75-aec8-d396b3dc1351
p247
sVexec_time
p248
F82.391361951828003
sVstart_time
p249
F1609049912.3229139
sVsetup_time
p250
F7.3248162269592285
sVruntime_s3_bucket_used
p251
Vpywren-runtimes-public-us-west-2
p252
sVexception
p253
NsVhost_submit_time
p254
F1609049911.5431859
sVserver_info
p255
(dp256
Vuname
p257
V('Linux', '169.254.125.77', '4.14.203-112.332.amzn2.x86_64', '#1 SMP Wed Nov 4 20:46:34 UTC 2020', 'x86_64', 'x86_64')
p258
sV/proc/self/cgroup
p259
VMemTotal:        1717184 kB\u000aMemFree:         1117552 kB\u000aMemAvailable:    1485452 kB\u000aBuffers:           17944 kB\u000aCached:           464172 kB\u000aSwapCached:            0 kB\u000aActive:            96080 kB\u000aInactive:         447564 kB\u000aActive(anon):      61472 kB\u000aInactive(anon):      216 kB\u000aActive(file):      34608 kB\u000aInactive(file):   447348 kB\u000aUnevictable:           0 kB\u000aMlocked:               0 kB\u000aSwapTotal:             0 kB\u000aSwapFree:              0 kB\u000aDirty:                16 kB\u000aWriteback:             0 kB\u000aAnonPages:         61520 kB\u000aMapped:            35256 kB\u000aShmem:               220 kB\u000aSlab:              43036 kB\u000aSReclaimable:      32900 kB\u000aSUnreclaim:        10136 kB\u000aKernelStack:        1168 kB\u000aPageTables:         1344 kB\u000aNFS_Unstable:          0 kB\u000aBounce:                0 kB\u000aWritebackTmp:          0 kB\u000aCommitLimit:      858592 kB\u000aCommitted_AS:     254072 kB\u000aVmallocTotal:   34359738367 kB\u000aVmallocUsed:           0 kB\u000aVmallocChunk:          0 kB\u000aAnonHugePages:         0 kB\u000aShmemHugePages:        0 kB\u000aShmemPmdMapped:        0 kB\u000aHugePages_Total:       0\u000aHugePages_Free:        0\u000aHugePages_Rsvd:        0\u000aHugePages_Surp:        0\u000aHugepagesize:       2048 kB\u000aDirectMap4k:       21504 kB\u000aDirectMap2M:     1740800 kB\u000a
p260
sV/proc/cgroups
p261
V#subsys_name	hierarchy	num_cgroups	enabled\u000acpuset	6	1	1\u000acpu	8	5	1\u000acpuacct	8	5	1\u000ablkio	3	1	1\u000amemory	9	5	1\u000adevices	2	1	1\u000afreezer	4	2	1\u000anet_cls	10	1	1\u000aperf_event	7	1	1\u000anet_prio	10	1	1\u000ahugetlb	11	1	1\u000apids	5	1	1\u000a
p262
sV/proc/cpuinfo
p263
Vprocessor	: 0\u000avendor_id	: GenuineIntel\u000acpu family	: 6\u000amodel		: 63\u000amodel name	: Intel(R) Xeon(R) Processor @ 2.50GHz\u000astepping	: 2\u000amicrocode	: 0x1\u000acpu MHz		: 2500.014\u000acache size	: 33792 KB\u000aphysical id	: 0\u000asiblings	: 2\u000acore id		: 0\u000acpu cores	: 2\u000aapicid		: 0\u000ainitial apicid	: 0\u000afpu		: yes\u000afpu_exception	: yes\u000acpuid level	: 13\u000awp		: yes\u000aflags		: fpu vme de pse tsc msr pae mce cx8 apic sep mtrr pge mca cmov pat pse36 clflush mmx fxsr sse sse2 ht syscall nx rdtscp lm constant_tsc rep_good nopl xtopology nonstop_tsc cpuid tsc_known_freq pni pclmulqdq ssse3 fma cx16 pcid sse4_1 sse4_2 x2apic movbe popcnt tsc_deadline_timer aes xsave avx f16c rdrand hypervisor lahf_lm abm cpuid_fault invpcid_single pti ssbd ibrs ibpb stibp fsgsbase tsc_adjust bmi1 avx2 smep bmi2 erms invpcid smap xsaveopt arat md_clear arch_capabilities\u000abugs		: cpu_meltdown spectre_v1 spectre_v2 spec_store_bypass l1tf mds swapgs\u000abogomips	: 5000.02\u000aclflush size	: 64\u000acache_alignment	: 64\u000aaddress sizes	: 46 bits physical, 48 bits virtual\u000apower management:\u000a\u000aprocessor	: 1\u000avendor_id	: GenuineIntel\u000acpu family	: 6\u000amodel		: 63\u000amodel name	: Intel(R) Xeon(R) Processor @ 2.50GHz\u000astepping	: 2\u000amicrocode	: 0x1\u000acpu MHz		: 2500.014\u000acache size	: 33792 KB\u000aphysical id	: 0\u000asiblings	: 2\u000acore id		: 1\u000acpu cores	: 2\u000aapicid		: 1\u000ainitial apicid	: 1\u000afpu		: yes\u000afpu_exception	: yes\u000acpuid level	: 13\u000awp		: yes\u000aflags		: fpu vme de pse tsc msr pae mce cx8 apic sep mtrr pge mca cmov pat pse36 clflush mmx fxsr sse sse2 ht syscall nx rdtscp lm constant_tsc rep_good nopl xtopology nonstop_tsc cpuid tsc_known_freq pni pclmulqdq ssse3 fma cx16 pcid sse4_1 sse4_2 x2apic movbe popcnt tsc_deadline_timer aes xsave avx f16c rdrand hypervisor lahf_lm abm cpuid_fault invpcid_single pti ssbd ibrs ibpb stibp fsgsbase tsc_adjust bmi1 avx2 smep bmi2 erms invpcid smap xsaveopt arat md_clear arch_capabilities\u000abugs		: cpu_meltdown spectre_v1 spectre_v2 spec_store_bypass l1tf mds swapgs\u000abogomips	: 5000.02\u000aclflush size	: 64\u000acache_alignment	: 64\u000aaddress sizes	: 46 bits physical, 48 bits virtual\u000apower management:\u000a\u000a
p264
sV/proc/meminfo
p265
VMemTotal:        1717184 kB\u000aMemFree:         1117552 kB\u000aMemAvailable:    1485452 kB\u000aBuffers:           17944 kB\u000aCached:           464172 kB\u000aSwapCached:            0 kB\u000aActive:            96080 kB\u000aInactive:         447564 kB\u000aActive(anon):      61472 kB\u000aInactive(anon):      216 kB\u000aActive(file):      34608 kB\u000aInactive(file):   447348 kB\u000aUnevictable:           0 kB\u000aMlocked:               0 kB\u000aSwapTotal:             0 kB\u000aSwapFree:              0 kB\u000aDirty:                16 kB\u000aWriteback:             0 kB\u000aAnonPages:         61520 kB\u000aMapped:            35256 kB\u000aShmem:               220 kB\u000aSlab:              43036 kB\u000aSReclaimable:      32900 kB\u000aSUnreclaim:        10136 kB\u000aKernelStack:        1168 kB\u000aPageTables:         1344 kB\u000aNFS_Unstable:          0 kB\u000aBounce:                0 kB\u000aWritebackTmp:          0 kB\u000aCommitLimit:      858592 kB\u000aCommitted_AS:     254072 kB\u000aVmallocTotal:   34359738367 kB\u000aVmallocUsed:           0 kB\u000aVmallocChunk:          0 kB\u000aAnonHugePages:         0 kB\u000aShmemHugePages:        0 kB\u000aShmemPmdMapped:        0 kB\u000aHugePages_Total:       0\u000aHugePages_Free:        0\u000aHugePages_Rsvd:        0\u000aHugePages_Surp:        0\u000aHugepagesize:       2048 kB\u000aDirectMap4k:       21504 kB\u000aDirectMap2M:     1740800 kB\u000a
p266
ssVstatus_key
p267
Vpywren.jobs/f5fb5c03-a988-4873-814c-80f72f4b7d10/00005/status.json
p268
sVend_time
p269
F1609050002.0390861
sVlog_group_name
p270
V/aws/lambda/pywren_redis_2
p271
sVdata_key
p272
Vpywren.jobs/f5fb5c03-a988-4873-814c-80f72f4b7d10/aggdata.pickle
p273
sa(dp274
Vcallset_id
p275
Vf5fb5c03-a988-4873-814c-80f72f4b7d10
p276
sVlog_stream_name
p277
V2020/12/27/[$LATEST]a100030259e14794b21e4bcbcba70f29
p278
sVstdout
p279
V
sVfunc_key
p280
Vpywren.jobs/f5fb5c03-a988-4873-814c-80f72f4b7d10/func.pickle
p281
sVfree_disk_bytes
p282
I538333184
sVruntime_cached
p283
I00
sVretcode
p284
I0
sVcall_id
p285
V00006
p286
sVoutput_key
p287
Vpywren.jobs/f5fb5c03-a988-4873-814c-80f72f4b7d10/00006/output.pickle
p288
sVruntime_s3_key_used
p289
Vc39cc0-pywren.runtimes/default_2.7.tar.gz.0048
p290
sVaws_request_id
p291
V02d42e49-7d5a-4f7e-9627-e28c6d7fba93
p292
sVexec_time
p293
F82.585364103317261
sVstart_time
p294
F1609049912.2618549
sVsetup_time
p295
F7.8119790554046631
sVruntime_s3_bucket_used
p296
Vpywren-runtimes-public-us-west-2
p297
sVexception
p298
NsVhost_submit_time
p299
F1609049911.5446589
sVserver_info
p300
(dp301
Vuname
p302
V('Linux', '169.254.181.245', '4.14.203-112.332.amzn2.x86_64', '#1 SMP Wed Nov 4 20:46:34 UTC 2020', 'x86_64', 'x86_64')
p303
sV/proc/self/cgroup
p304
VMemTotal:        1717184 kB\u000aMemFree:         1119836 kB\u000aMemAvailable:    1485460 kB\u000aBuffers:           17044 kB\u000aCached:           462896 kB\u000aSwapCached:            0 kB\u000aActive:            94312 kB\u000aInactive:         447084 kB\u000aActive(anon):      61448 kB\u000aInactive(anon):      216 kB\u000aActive(file):      32864 kB\u000aInactive(file):   446868 kB\u000aUnevictable:           0 kB\u000aMlocked:               0 kB\u000aSwapTotal:             0 kB\u000aSwapFree:              0 kB\u000aDirty:                12 kB\u000aWriteback:             0 kB\u000aAnonPages:         61444 kB\u000aMapped:            35196 kB\u000aShmem:               220 kB\u000aSlab:              42956 kB\u000aSReclaimable:      32800 kB\u000aSUnreclaim:        10156 kB\u000aKernelStack:        1152 kB\u000aPageTables:         1340 kB\u000aNFS_Unstable:          0 kB\u000aBounce:                0 kB\u000aWritebackTmp:          0 kB\u000aCommitLimit:      858592 kB\u000aCommitted_AS:     253328 kB\u000aVmallocTotal:   34359738367 kB\u000aVmallocUsed:           0 kB\u000aVmallocChunk:          0 kB\u000aAnonHugePages:         0 kB\u000aShmemHugePages:        0 kB\u000aShmemPmdMapped:        0 kB\u000aHugePages_Total:       0\u000aHugePages_Free:        0\u000aHugePages_Rsvd:        0\u000aHugePages_Surp:        0\u000aHugepagesize:       2048 kB\u000aDirectMap4k:       21504 kB\u000aDirectMap2M:     1740800 kB\u000a
p305
sV/proc/cgroups
p306
V#subsys_name	hierarchy	num_cgroups	enabled\u000acpuset	5	1	1\u000acpu	8	5	1\u000acpuacct	8	5	1\u000ablkio	10	1	1\u000amemory	11	5	1\u000adevices	4	1	1\u000afreezer	6	2	1\u000anet_cls	2	1	1\u000aperf_event	7	1	1\u000anet_prio	2	1	1\u000ahugetlb	9	1	1\u000apids	3	1	1\u000a
p307
sV/proc/cpuinfo
p308
Vprocessor	: 0\u000avendor_id	: GenuineIntel\u000acpu family	: 6\u000amodel		: 63\u000amodel name	: Intel(R) Xeon(R) Processor @ 2.50GHz\u000astepping	: 2\u000amicrocode	: 0x1\u000acpu MHz		: 2500.014\u000acache size	: 36608 KB\u000aphysical id	: 0\u000asiblings	: 2\u000acore id		: 0\u000acpu cores	: 2\u000aapicid		: 0\u000ainitial apicid	: 0\u000afpu		: yes\u000afpu_exception	: yes\u000acpuid level	: 13\u000awp		: yes\u000aflags		: fpu vme de pse tsc msr pae mce cx8 apic sep mtrr pge mca cmov pat pse36 clflush mmx fxsr sse sse2 ht syscall nx rdtscp lm constant_tsc rep_good nopl xtopology nonstop_tsc cpuid tsc_known_freq pni pclmulqdq ssse3 fma cx16 pcid sse4_1 sse4_2 x2apic movbe popcnt tsc_deadline_timer aes xsave avx f16c rdrand hypervisor lahf_lm abm cpuid_fault invpcid_single ssbd ibrs ibpb stibp ibrs_enhanced fsgsbase tsc_adjust bmi1 avx2 smep bmi2 erms invpcid smap xsaveopt arat md_clear arch_capabilities\u000abugs		: spectre_v1 spectre_v2 spec_store_bypass swapgs\u000abogomips	: 5000.02\u000aclflush size	: 64\u000acache_alignment	: 64\u000aaddress sizes	: 46 bits physical, 48 bits virtual\u000apower management:\u000a\u000aprocessor	: 1\u000avendor_id	: GenuineIntel\u000acpu family	: 6\u000amodel		: 63\u000amodel name	: Intel(R) Xeon(R) Processor @ 2.50GHz\u000astepping	: 2\u000amicrocode	: 0x1\u000acpu MHz		: 2500.014\u000acache size	: 36608 KB\u000aphysical id	: 0\u000asiblings	: 2\u000acore id		: 1\u000acpu cores	: 2\u000aapicid		: 1\u000ainitial apicid	: 1\u000afpu		: yes\u000afpu_exception	: yes\u000acpuid level	: 13\u000awp		: yes\u000aflags		: fpu vme de pse tsc msr pae mce cx8 apic sep mtrr pge mca cmov pat pse36 clflush mmx fxsr sse sse2 ht syscall nx rdtscp lm constant_tsc rep_good nopl xtopology nonstop_tsc cpuid tsc_known_freq pni pclmulqdq ssse3 fma cx16 pcid sse4_1 sse4_2 x2apic movbe popcnt tsc_deadline_timer aes xsave avx f16c rdrand hypervisor lahf_lm abm cpuid_fault invpcid_single ssbd ibrs ibpb stibp ibrs_enhanced fsgsbase tsc_adjust bmi1 avx2 smep bmi2 erms invpcid smap xsaveopt arat md_clear arch_capabilities\u000abugs		: spectre_v1 spectre_v2 spec_store_bypass swapgs\u000abogomips	: 5000.02\u000aclflush size	: 64\u000acache_alignment	: 64\u000aaddress sizes	: 46 bits physical, 48 bits virtual\u000apower management:\u000a\u000a
p309
sV/proc/meminfo
p310
VMemTotal:        1717184 kB\u000aMemFree:         1119836 kB\u000aMemAvailable:    1485460 kB\u000aBuffers:           17044 kB\u000aCached:           462896 kB\u000aSwapCached:            0 kB\u000aActive:            94312 kB\u000aInactive:         447084 kB\u000aActive(anon):      61448 kB\u000aInactive(anon):      216 kB\u000aActive(file):      32864 kB\u000aInactive(file):   446868 kB\u000aUnevictable:           0 kB\u000aMlocked:               0 kB\u000aSwapTotal:             0 kB\u000aSwapFree:              0 kB\u000aDirty:                12 kB\u000aWriteback:             0 kB\u000aAnonPages:         61444 kB\u000aMapped:            35196 kB\u000aShmem:               220 kB\u000aSlab:              42956 kB\u000aSReclaimable:      32800 kB\u000aSUnreclaim:        10156 kB\u000aKernelStack:        1152 kB\u000aPageTables:         1340 kB\u000aNFS_Unstable:          0 kB\u000aBounce:                0 kB\u000aWritebackTmp:          0 kB\u000aCommitLimit:      858592 kB\u000aCommitted_AS:     253328 kB\u000aVmallocTotal:   34359738367 kB\u000aVmallocUsed:           0 kB\u000aVmallocChunk:          0 kB\u000aAnonHugePages:         0 kB\u000aShmemHugePages:        0 kB\u000aShmemPmdMapped:        0 kB\u000aHugePages_Total:       0\u000aHugePages_Free:        0\u000aHugePages_Rsvd:        0\u000aHugePages_Surp:        0\u000aHugepagesize:       2048 kB\u000aDirectMap4k:       21504 kB\u000aDirectMap2M:     1740800 kB\u000a
p311
ssVstatus_key
p312
Vpywren.jobs/f5fb5c03-a988-4873-814c-80f72f4b7d10/00006/status.json
p313
sVend_time
p314
F1609050002.6591921
sVlog_group_name
p315
V/aws/lambda/pywren_redis_2
p316
sVdata_key
p317
Vpywren.jobs/f5fb5c03-a988-4873-814c-80f72f4b7d10/aggdata.pickle
p318
sa(dp319
Vcallset_id
p320
Vf5fb5c03-a988-4873-814c-80f72f4b7d10
p321
sVlog_stream_name
p322
V2020/12/27/[$LATEST]89703b38724147ba8fe11d872b01ce3d
p323
sVstdout
p324
V
sVfunc_key
p325
Vpywren.jobs/f5fb5c03-a988-4873-814c-80f72f4b7d10/func.pickle
p326
sVfree_disk_bytes
p327
I538333184
sVruntime_cached
p328
I00
sVretcode
p329
I0
sVcall_id
p330
V00007
p331
sVoutput_key
p332
Vpywren.jobs/f5fb5c03-a988-4873-814c-80f72f4b7d10/00007/output.pickle
p333
sVruntime_s3_key_used
p334
Vb96969-pywren.runtimes/default_2.7.tar.gz.0093
p335
sVaws_request_id
p336
V91c2c112-f6cc-4abf-b64a-54c5a511e1c1
p337
sVexec_time
p338
F82.426316976547241
sVstart_time
p339
F1609049912.2606101
sVsetup_time
p340
F8.3411378860473633
sVruntime_s3_bucket_used
p341
Vpywren-runtimes-public-us-west-2
p342
sVexception
p343
NsVhost_submit_time
p344
F1609049911.5596271
sVserver_info
p345
(dp346
Vuname
p347
V('Linux', '169.254.166.181', '4.14.203-112.332.amzn2.x86_64', '#1 SMP Wed Nov 4 20:46:34 UTC 2020', 'x86_64', 'x86_64')
p348
sV/proc/self/cgroup
p349
VMemTotal:        1717184 kB\u000aMemFree:         1122188 kB\u000aMemAvailable:    1486076 kB\u000aBuffers:           17212 kB\u000aCached:           461028 kB\u000aSwapCached:            0 kB\u000aActive:            94040 kB\u000aInactive:         445156 kB\u000aActive(anon):      60920 kB\u000aInactive(anon):      216 kB\u000aActive(file):      33120 kB\u000aInactive(file):   444940 kB\u000aUnevictable:           0 kB\u000aMlocked:               0 kB\u000aSwapTotal:             0 kB\u000aSwapFree:              0 kB\u000aDirty:               216 kB\u000aWriteback:             0 kB\u000aAnonPages:         60944 kB\u000aMapped:            35160 kB\u000aShmem:               220 kB\u000aSlab:              42964 kB\u000aSReclaimable:      32672 kB\u000aSUnreclaim:        10292 kB\u000aKernelStack:        1136 kB\u000aPageTables:         1340 kB\u000aNFS_Unstable:          0 kB\u000aBounce:                0 kB\u000aWritebackTmp:          0 kB\u000aCommitLimit:      858592 kB\u000aCommitted_AS:     253588 kB\u000aVmallocTotal:   34359738367 kB\u000aVmallocUsed:           0 kB\u000aVmallocChunk:          0 kB\u000aAnonHugePages:         0 kB\u000aShmemHugePages:        0 kB\u000aShmemPmdMapped:        0 kB\u000aHugePages_Total:       0\u000aHugePages_Free:        0\u000aHugePages_Rsvd:        0\u000aHugePages_Surp:        0\u000aHugepagesize:       2048 kB\u000aDirectMap4k:       19456 kB\u000aDirectMap2M:     1742848 kB\u000a
p350
sV/proc/cgroups
p351
V#subsys_name	hierarchy	num_cgroups	enabled\u000acpuset	7	1	1\u000acpu	2	5	1\u000acpuacct	2	5	1\u000ablkio	5	1	1\u000amemory	8	5	1\u000adevices	10	1	1\u000afreezer	3	2	1\u000anet_cls	9	1	1\u000aperf_event	6	1	1\u000anet_prio	9	1	1\u000ahugetlb	4	1	1\u000apids	11	1	1\u000a
p352
sV/proc/cpuinfo
p353
Vprocessor	: 0\u000avendor_id	: GenuineIntel\u000acpu family	: 6\u000amodel		: 63\u000amodel name	: Intel(R) Xeon(R) Processor @ 2.50GHz\u000astepping	: 2\u000amicrocode	: 0x1\u000acpu MHz		: 2500.010\u000acache size	: 36608 KB\u000aphysical id	: 0\u000asiblings	: 2\u000acore id		: 0\u000acpu cores	: 2\u000aapicid		: 0\u000ainitial apicid	: 0\u000afpu		: yes\u000afpu_exception	: yes\u000acpuid level	: 13\u000awp		: yes\u000aflags		: fpu vme de pse tsc msr pae mce cx8 apic sep mtrr pge mca cmov pat pse36 clflush mmx fxsr sse sse2 ht syscall nx rdtscp lm constant_tsc rep_good nopl xtopology nonstop_tsc cpuid tsc_known_freq pni pclmulqdq ssse3 fma cx16 pcid sse4_1 sse4_2 x2apic movbe popcnt tsc_deadline_timer aes xsave avx f16c rdrand hypervisor lahf_lm abm cpuid_fault invpcid_single ssbd ibrs ibpb stibp ibrs_enhanced fsgsbase tsc_adjust bmi1 avx2 smep bmi2 erms invpcid smap xsaveopt arat md_clear arch_capabilities\u000abugs		: spectre_v1 spectre_v2 spec_store_bypass swapgs\u000abogomips	: 5000.02\u000aclflush size	: 64\u000acache_alignment	: 64\u000aaddress sizes	: 46 bits physical, 48 bits virtual\u000apower management:\u000a\u000aprocessor	: 1\u000avendor_id	: GenuineIntel\u000acpu family	: 6\u000amodel		: 63\u000amodel name	: Intel(R) Xeon(R) Processor @ 2.50GHz\u000astepping	: 2\u000amicrocode	: 0x1\u000acpu MHz		: 2500.010\u000acache size	: 36608 KB\u000aphysical id	: 0\u000asiblings	: 2\u000acore id		: 1\u000acpu cores	: 2\u000aapicid		: 1\u000ainitial apicid	: 1\u000afpu		: yes\u000afpu_exception	: yes\u000acpuid level	: 13\u000awp		: yes\u000aflags		: fpu vme de pse tsc msr pae mce cx8 apic sep mtrr pge mca cmov pat pse36 clflush mmx fxsr sse sse2 ht syscall nx rdtscp lm constant_tsc rep_good nopl xtopology nonstop_tsc cpuid tsc_known_freq pni pclmulqdq ssse3 fma cx16 pcid sse4_1 sse4_2 x2apic movbe popcnt tsc_deadline_timer aes xsave avx f16c rdrand hypervisor lahf_lm abm cpuid_fault invpcid_single ssbd ibrs ibpb stibp ibrs_enhanced fsgsbase tsc_adjust bmi1 avx2 smep bmi2 erms invpcid smap xsaveopt arat md_clear arch_capabilities\u000abugs		: spectre_v1 spectre_v2 spec_store_bypass swapgs\u000abogomips	: 5000.02\u000aclflush size	: 64\u000acache_alignment	: 64\u000aaddress sizes	: 46 bits physical, 48 bits virtual\u000apower management:\u000a\u000a
p354
sV/proc/meminfo
p355
VMemTotal:        1717184 kB\u000aMemFree:         1122188 kB\u000aMemAvailable:    1486076 kB\u000aBuffers:           17212 kB\u000aCached:           461028 kB\u000aSwapCached:            0 kB\u000aActive:            94040 kB\u000aInactive:         445156 kB\u000aActive(anon):      60920 kB\u000aInactive(anon):      216 kB\u000aActive(file):      33120 kB\u000aInactive(file):   444940 kB\u000aUnevictable:           0 kB\u000aMlocked:               0 kB\u000aSwapTotal:             0 kB\u000aSwapFree:              0 kB\u000aDirty:               216 kB\u000aWriteback:             0 kB\u000aAnonPages:         60944 kB\u000aMapped:            35160 kB\u000aShmem:               220 kB\u000aSlab:              42964 kB\u000aSReclaimable:      32672 kB\u000aSUnreclaim:        10292 kB\u000aKernelStack:        1136 kB\u000aPageTables:         1340 kB\u000aNFS_Unstable:          0 kB\u000aBounce:                0 kB\u000aWritebackTmp:          0 kB\u000aCommitLimit:      858592 kB\u000aCommitted_AS:     253588 kB\u000aVmallocTotal:   34359738367 kB\u000aVmallocUsed:           0 kB\u000aVmallocChunk:          0 kB\u000aAnonHugePages:         0 kB\u000aShmemHugePages:        0 kB\u000aShmemPmdMapped:        0 kB\u000aHugePages_Total:       0\u000aHugePages_Free:        0\u000aHugePages_Rsvd:        0\u000aHugePages_Surp:        0\u000aHugepagesize:       2048 kB\u000aDirectMap4k:       19456 kB\u000aDirectMap2M:     1742848 kB\u000a
p356
ssVstatus_key
p357
Vpywren.jobs/f5fb5c03-a988-4873-814c-80f72f4b7d10/00007/status.json
p358
sVend_time
p359
F1609050003.028059
sVlog_group_name
p360
V/aws/lambda/pywren_redis_2
p361
sVdata_key
p362
Vpywren.jobs/f5fb5c03-a988-4873-814c-80f72f4b7d10/aggdata.pickle
p363
sa(dp364
Vcallset_id
p365
Vf5fb5c03-a988-4873-814c-80f72f4b7d10
p366
sVlog_stream_name
p367
V2020/12/27/[$LATEST]99b27c9ed6a44b3bb2d07da56715f175
p368
sVstdout
p369
V
sVfunc_key
p370
Vpywren.jobs/f5fb5c03-a988-4873-814c-80f72f4b7d10/func.pickle
p371
sVfree_disk_bytes
p372
I538333184
sVruntime_cached
p373
I00
sVretcode
p374
I0
sVcall_id
p375
V00008
p376
sVoutput_key
p377
Vpywren.jobs/f5fb5c03-a988-4873-814c-80f72f4b7d10/00008/output.pickle
p378
sVruntime_s3_key_used
p379
Vc1288d-pywren.runtimes/default_2.7.tar.gz.0046
p380
sVaws_request_id
p381
V7d13a239-0881-4b09-af5c-d593ff3c6bc6
p382
sVexec_time
p383
F80.861999034881592
sVstart_time
p384
F1609049912.478812
sVsetup_time
p385
F7.2929909229278564
sVruntime_s3_bucket_used
p386
Vpywren-runtimes-public-us-west-2
p387
sVexception
p388
NsVhost_submit_time
p389
F1609049911.5655129
sVserver_info
p390
(dp391
Vuname
p392
V('Linux', '169.254.99.197', '4.14.203-112.332.amzn2.x86_64', '#1 SMP Wed Nov 4 20:46:34 UTC 2020', 'x86_64', 'x86_64')
p393
sV/proc/self/cgroup
p394
VMemTotal:        1717184 kB\u000aMemFree:         1118376 kB\u000aMemAvailable:    1486016 kB\u000aBuffers:           17504 kB\u000aCached:           464320 kB\u000aSwapCached:            0 kB\u000aActive:            95908 kB\u000aInactive:         447072 kB\u000aActive(anon):      61044 kB\u000aInactive(anon):      216 kB\u000aActive(file):      34864 kB\u000aInactive(file):   446856 kB\u000aUnevictable:           0 kB\u000aMlocked:               0 kB\u000aSwapTotal:             0 kB\u000aSwapFree:              0 kB\u000aDirty:               232 kB\u000aWriteback:             0 kB\u000aAnonPages:         61144 kB\u000aMapped:            34896 kB\u000aShmem:               220 kB\u000aSlab:              42876 kB\u000aSReclaimable:      32856 kB\u000aSUnreclaim:        10020 kB\u000aKernelStack:        1168 kB\u000aPageTables:         1332 kB\u000aNFS_Unstable:          0 kB\u000aBounce:                0 kB\u000aWritebackTmp:          0 kB\u000aCommitLimit:      858592 kB\u000aCommitted_AS:     253508 kB\u000aVmallocTotal:   34359738367 kB\u000aVmallocUsed:           0 kB\u000aVmallocChunk:          0 kB\u000aAnonHugePages:         0 kB\u000aShmemHugePages:        0 kB\u000aShmemPmdMapped:        0 kB\u000aHugePages_Total:       0\u000aHugePages_Free:        0\u000aHugePages_Rsvd:        0\u000aHugePages_Surp:        0\u000aHugepagesize:       2048 kB\u000aDirectMap4k:       21504 kB\u000aDirectMap2M:     1740800 kB\u000a
p395
sV/proc/cgroups
p396
V#subsys_name	hierarchy	num_cgroups	enabled\u000acpuset	10	1	1\u000acpu	5	5	1\u000acpuacct	5	5	1\u000ablkio	2	1	1\u000amemory	3	5	1\u000adevices	9	1	1\u000afreezer	11	2	1\u000anet_cls	6	1	1\u000aperf_event	4	1	1\u000anet_prio	6	1	1\u000ahugetlb	7	1	1\u000apids	8	1	1\u000a
p397
sV/proc/cpuinfo
p398
Vprocessor	: 0\u000avendor_id	: GenuineIntel\u000acpu family	: 6\u000amodel		: 63\u000amodel name	: Intel(R) Xeon(R) Processor @ 2.50GHz\u000astepping	: 2\u000amicrocode	: 0x1\u000acpu MHz		: 2500.006\u000acache size	: 33792 KB\u000aphysical id	: 0\u000asiblings	: 2\u000acore id		: 0\u000acpu cores	: 2\u000aapicid		: 0\u000ainitial apicid	: 0\u000afpu		: yes\u000afpu_exception	: yes\u000acpuid level	: 13\u000awp		: yes\u000aflags		: fpu vme de pse tsc msr pae mce cx8 apic sep mtrr pge mca cmov pat pse36 clflush mmx fxsr sse sse2 ht syscall nx rdtscp lm constant_tsc rep_good nopl xtopology nonstop_tsc cpuid tsc_known_freq pni pclmulqdq ssse3 fma cx16 pcid sse4_1 sse4_2 x2apic movbe popcnt tsc_deadline_timer aes xsave avx f16c rdrand hypervisor lahf_lm abm cpuid_fault invpcid_single pti ssbd ibrs ibpb stibp fsgsbase tsc_adjust bmi1 avx2 smep bmi2 erms invpcid smap xsaveopt arat md_clear arch_capabilities\u000abugs		: cpu_meltdown spectre_v1 spectre_v2 spec_store_bypass l1tf mds swapgs\u000abogomips	: 5000.01\u000aclflush size	: 64\u000acache_alignment	: 64\u000aaddress sizes	: 46 bits physical, 48 bits virtual\u000apower management:\u000a\u000aprocessor	: 1\u000avendor_id	: GenuineIntel\u000acpu family	: 6\u000amodel		: 63\u000amodel name	: Intel(R) Xeon(R) Processor @ 2.50GHz\u000astepping	: 2\u000amicrocode	: 0x1\u000acpu MHz		: 2500.006\u000acache size	: 33792 KB\u000aphysical id	: 0\u000asiblings	: 2\u000acore id		: 1\u000acpu cores	: 2\u000aapicid		: 1\u000ainitial apicid	: 1\u000afpu		: yes\u000afpu_exception	: yes\u000acpuid level	: 13\u000awp		: yes\u000aflags		: fpu vme de pse tsc msr pae mce cx8 apic sep mtrr pge mca cmov pat pse36 clflush mmx fxsr sse sse2 ht syscall nx rdtscp lm constant_tsc rep_good nopl xtopology nonstop_tsc cpuid tsc_known_freq pni pclmulqdq ssse3 fma cx16 pcid sse4_1 sse4_2 x2apic movbe popcnt tsc_deadline_timer aes xsave avx f16c rdrand hypervisor lahf_lm abm cpuid_fault invpcid_single pti ssbd ibrs ibpb stibp fsgsbase tsc_adjust bmi1 avx2 smep bmi2 erms invpcid smap xsaveopt arat md_clear arch_capabilities\u000abugs		: cpu_meltdown spectre_v1 spectre_v2 spec_store_bypass l1tf mds swapgs\u000abogomips	: 5000.01\u000aclflush size	: 64\u000acache_alignment	: 64\u000aaddress sizes	: 46 bits physical, 48 bits virtual\u000apower management:\u000a\u000a
p399
sV/proc/meminfo
p400
VMemTotal:        1717184 kB\u000aMemFree:         1118376 kB\u000aMemAvailable:    1486016 kB\u000aBuffers:           17504 kB\u000aCached:           464320 kB\u000aSwapCached:            0 kB\u000aActive:            95908 kB\u000aInactive:         447072 kB\u000aActive(anon):      61044 kB\u000aInactive(anon):      216 kB\u000aActive(file):      34864 kB\u000aInactive(file):   446856 kB\u000aUnevictable:           0 kB\u000aMlocked:               0 kB\u000aSwapTotal:             0 kB\u000aSwapFree:              0 kB\u000aDirty:               232 kB\u000aWriteback:             0 kB\u000aAnonPages:         61144 kB\u000aMapped:            34896 kB\u000aShmem:               220 kB\u000aSlab:              42876 kB\u000aSReclaimable:      32856 kB\u000aSUnreclaim:        10020 kB\u000aKernelStack:        1168 kB\u000aPageTables:         1332 kB\u000aNFS_Unstable:          0 kB\u000aBounce:                0 kB\u000aWritebackTmp:          0 kB\u000aCommitLimit:      858592 kB\u000aCommitted_AS:     253508 kB\u000aVmallocTotal:   34359738367 kB\u000aVmallocUsed:           0 kB\u000aVmallocChunk:          0 kB\u000aAnonHugePages:         0 kB\u000aShmemHugePages:        0 kB\u000aShmemPmdMapped:        0 kB\u000aHugePages_Total:       0\u000aHugePages_Free:        0\u000aHugePages_Rsvd:        0\u000aHugePages_Surp:        0\u000aHugepagesize:       2048 kB\u000aDirectMap4k:       21504 kB\u000aDirectMap2M:     1740800 kB\u000a
p401
ssVstatus_key
p402
Vpywren.jobs/f5fb5c03-a988-4873-814c-80f72f4b7d10/00008/status.json
p403
sVend_time
p404
F1609050000.6337969
sVlog_group_name
p405
V/aws/lambda/pywren_redis_2
p406
sVdata_key
p407
Vpywren.jobs/f5fb5c03-a988-4873-814c-80f72f4b7d10/aggdata.pickle
p408
sa(dp409
Vcallset_id
p410
Vf5fb5c03-a988-4873-814c-80f72f4b7d10
p411
sVlog_stream_name
p412
V2020/12/27/[$LATEST]dfda947a4e93466ea20c607cbb254993
p413
sVstdout
p414
V
sVfunc_key
p415
Vpywren.jobs/f5fb5c03-a988-4873-814c-80f72f4b7d10/func.pickle
p416
sVfree_disk_bytes
p417
I120508416
sVruntime_cached
p418
I01
sVretcode
p419
I0
sVcall_id
p420
V00009
p421
sVoutput_key
p422
Vpywren.jobs/f5fb5c03-a988-4873-814c-80f72f4b7d10/00009/output.pickle
p423
sVruntime_s3_key_used
p424
V0435e6-pywren.runtimes/default_2.7.tar.gz.0047
p425
sVaws_request_id
p426
V2b7de95e-be9e-4020-b093-f1e307580535
p427
sVexec_time
p428
F82.469886779785156
sVstart_time
p429
F1609049911.718092
sVsetup_time
p430
F0.07727813720703125
sVruntime_s3_bucket_used
p431
Vpywren-runtimes-public-us-west-2
p432
sVexception
p433
NsVhost_submit_time
p434
F1609049911.572331
sVserver_info
p435
(dp436
Vuname
p437
V('Linux', '169.254.140.93', '4.14.203-112.332.amzn2.x86_64', '#1 SMP Wed Nov 4 20:46:34 UTC 2020', 'x86_64', 'x86_64')
p438
sV/proc/self/cgroup
p439
VMemTotal:        1717184 kB\u000aMemFree:         1113960 kB\u000aMemAvailable:    1483836 kB\u000aBuffers:           18244 kB\u000aCached:           465796 kB\u000aSwapCached:            0 kB\u000aActive:           108584 kB\u000aInactive:         438236 kB\u000aActive(anon):      62732 kB\u000aInactive(anon):      216 kB\u000aActive(file):      45852 kB\u000aInactive(file):   438020 kB\u000aUnevictable:           0 kB\u000aMlocked:               0 kB\u000aSwapTotal:             0 kB\u000aSwapFree:              0 kB\u000aDirty:               228 kB\u000aWriteback:             0 kB\u000aAnonPages:         62768 kB\u000aMapped:            35468 kB\u000aShmem:               220 kB\u000aSlab:              43400 kB\u000aSReclaimable:      33020 kB\u000aSUnreclaim:        10380 kB\u000aKernelStack:        1136 kB\u000aPageTables:         1344 kB\u000aNFS_Unstable:          0 kB\u000aBounce:                0 kB\u000aWritebackTmp:          0 kB\u000aCommitLimit:      858592 kB\u000aCommitted_AS:     252612 kB\u000aVmallocTotal:   34359738367 kB\u000aVmallocUsed:           0 kB\u000aVmallocChunk:          0 kB\u000aAnonHugePages:         0 kB\u000aShmemHugePages:        0 kB\u000aShmemPmdMapped:        0 kB\u000aHugePages_Total:       0\u000aHugePages_Free:        0\u000aHugePages_Rsvd:        0\u000aHugePages_Surp:        0\u000aHugepagesize:       2048 kB\u000aDirectMap4k:       21504 kB\u000aDirectMap2M:     1740800 kB\u000a
p440
sV/proc/cgroups
p441
V#subsys_name	hierarchy	num_cgroups	enabled\u000acpuset	11	1	1\u000acpu	8	5	1\u000acpuacct	8	5	1\u000ablkio	4	1	1\u000amemory	7	5	1\u000adevices	5	1	1\u000afreezer	2	2	1\u000anet_cls	6	1	1\u000aperf_event	10	1	1\u000anet_prio	6	1	1\u000ahugetlb	9	1	1\u000apids	3	1	1\u000a
p442
sV/proc/cpuinfo
p443
Vprocessor	: 0\u000avendor_id	: GenuineIntel\u000acpu family	: 6\u000amodel		: 63\u000amodel name	: Intel(R) Xeon(R) Processor @ 2.50GHz\u000astepping	: 2\u000amicrocode	: 0x1\u000acpu MHz		: 2500.012\u000acache size	: 33792 KB\u000aphysical id	: 0\u000asiblings	: 2\u000acore id		: 0\u000acpu cores	: 2\u000aapicid		: 0\u000ainitial apicid	: 0\u000afpu		: yes\u000afpu_exception	: yes\u000acpuid level	: 13\u000awp		: yes\u000aflags		: fpu vme de pse tsc msr pae mce cx8 apic sep mtrr pge mca cmov pat pse36 clflush mmx fxsr sse sse2 ht syscall nx rdtscp lm constant_tsc rep_good nopl xtopology nonstop_tsc cpuid tsc_known_freq pni pclmulqdq ssse3 fma cx16 pcid sse4_1 sse4_2 x2apic movbe popcnt tsc_deadline_timer aes xsave avx f16c rdrand hypervisor lahf_lm abm cpuid_fault invpcid_single pti ssbd ibrs ibpb stibp fsgsbase tsc_adjust bmi1 avx2 smep bmi2 erms invpcid smap xsaveopt arat md_clear arch_capabilities\u000abugs		: cpu_meltdown spectre_v1 spectre_v2 spec_store_bypass l1tf mds swapgs\u000abogomips	: 5000.02\u000aclflush size	: 64\u000acache_alignment	: 64\u000aaddress sizes	: 46 bits physical, 48 bits virtual\u000apower management:\u000a\u000aprocessor	: 1\u000avendor_id	: GenuineIntel\u000acpu family	: 6\u000amodel		: 63\u000amodel name	: Intel(R) Xeon(R) Processor @ 2.50GHz\u000astepping	: 2\u000amicrocode	: 0x1\u000acpu MHz		: 2500.012\u000acache size	: 33792 KB\u000aphysical id	: 0\u000asiblings	: 2\u000acore id		: 1\u000acpu cores	: 2\u000aapicid		: 1\u000ainitial apicid	: 1\u000afpu		: yes\u000afpu_exception	: yes\u000acpuid level	: 13\u000awp		: yes\u000aflags		: fpu vme de pse tsc msr pae mce cx8 apic sep mtrr pge mca cmov pat pse36 clflush mmx fxsr sse sse2 ht syscall nx rdtscp lm constant_tsc rep_good nopl xtopology nonstop_tsc cpuid tsc_known_freq pni pclmulqdq ssse3 fma cx16 pcid sse4_1 sse4_2 x2apic movbe popcnt tsc_deadline_timer aes xsave avx f16c rdrand hypervisor lahf_lm abm cpuid_fault invpcid_single pti ssbd ibrs ibpb stibp fsgsbase tsc_adjust bmi1 avx2 smep bmi2 erms invpcid smap xsaveopt arat md_clear arch_capabilities\u000abugs		: cpu_meltdown spectre_v1 spectre_v2 spec_store_bypass l1tf mds swapgs\u000abogomips	: 5000.02\u000aclflush size	: 64\u000acache_alignment	: 64\u000aaddress sizes	: 46 bits physical, 48 bits virtual\u000apower management:\u000a\u000a
p444
sV/proc/meminfo
p445
VMemTotal:        1717184 kB\u000aMemFree:         1113960 kB\u000aMemAvailable:    1483836 kB\u000aBuffers:           18244 kB\u000aCached:           465796 kB\u000aSwapCached:            0 kB\u000aActive:           108584 kB\u000aInactive:         438236 kB\u000aActive(anon):      62732 kB\u000aInactive(anon):      216 kB\u000aActive(file):      45852 kB\u000aInactive(file):   438020 kB\u000aUnevictable:           0 kB\u000aMlocked:               0 kB\u000aSwapTotal:             0 kB\u000aSwapFree:              0 kB\u000aDirty:               228 kB\u000aWriteback:             0 kB\u000aAnonPages:         62768 kB\u000aMapped:            35468 kB\u000aShmem:               220 kB\u000aSlab:              43400 kB\u000aSReclaimable:      33020 kB\u000aSUnreclaim:        10380 kB\u000aKernelStack:        1136 kB\u000aPageTables:         1344 kB\u000aNFS_Unstable:          0 kB\u000aBounce:                0 kB\u000aWritebackTmp:          0 kB\u000aCommitLimit:      858592 kB\u000aCommitted_AS:     252612 kB\u000aVmallocTotal:   34359738367 kB\u000aVmallocUsed:           0 kB\u000aVmallocChunk:          0 kB\u000aAnonHugePages:         0 kB\u000aShmemHugePages:        0 kB\u000aShmemPmdMapped:        0 kB\u000aHugePages_Total:       0\u000aHugePages_Free:        0\u000aHugePages_Rsvd:        0\u000aHugePages_Surp:        0\u000aHugepagesize:       2048 kB\u000aDirectMap4k:       21504 kB\u000aDirectMap2M:     1740800 kB\u000a
p446
ssVstatus_key
p447
Vpywren.jobs/f5fb5c03-a988-4873-814c-80f72f4b7d10/00009/status.json
p448
sVend_time
p449
F1609049994.2652509
sVlog_group_name
p450
V/aws/lambda/pywren_redis_2
p451
sVdata_key
p452
Vpywren.jobs/f5fb5c03-a988-4873-814c-80f72f4b7d10/aggdata.pickle
p453
sa(dp454
Vcallset_id
p455
Vf5fb5c03-a988-4873-814c-80f72f4b7d10
p456
sVlog_stream_name
p457
V2020/12/27/[$LATEST]92b4257f48854193ae6c3c037d0511ca
p458
sVstdout
p459
V
sVfunc_key
p460
Vpywren.jobs/f5fb5c03-a988-4873-814c-80f72f4b7d10/func.pickle
p461
sVfree_disk_bytes
p462
I538333184
sVruntime_cached
p463
I00
sVretcode
p464
I0
sVcall_id
p465
V00010
p466
sVoutput_key
p467
Vpywren.jobs/f5fb5c03-a988-4873-814c-80f72f4b7d10/00010/output.pickle
p468
sVruntime_s3_key_used
p469
V918015-pywren.runtimes/default_2.7.tar.gz.0075
p470
sVaws_request_id
p471
Vc52d0021-d96a-4501-ab49-86e343071b11
p472
sVexec_time
p473
F82.359036922454834
sVstart_time
p474
F1609049912.2699449
sVsetup_time
p475
F8.1368072032928467
sVruntime_s3_bucket_used
p476
Vpywren-runtimes-public-us-west-2
p477
sVexception
p478
NsVhost_submit_time
p479
F1609049911.5783379
sVserver_info
p480
(dp481
Vuname
p482
V('Linux', '169.254.130.45', '4.14.203-112.332.amzn2.x86_64', '#1 SMP Wed Nov 4 20:46:34 UTC 2020', 'x86_64', 'x86_64')
p483
sV/proc/self/cgroup
p484
VMemTotal:        1717184 kB\u000aMemFree:         1119628 kB\u000aMemAvailable:    1486064 kB\u000aBuffers:           17336 kB\u000aCached:           463372 kB\u000aSwapCached:            0 kB\u000aActive:            94536 kB\u000aInactive:         447372 kB\u000aActive(anon):      61120 kB\u000aInactive(anon):      216 kB\u000aActive(file):      33416 kB\u000aInactive(file):   447156 kB\u000aUnevictable:           0 kB\u000aMlocked:               0 kB\u000aSwapTotal:             0 kB\u000aSwapFree:              0 kB\u000aDirty:               232 kB\u000aWriteback:             0 kB\u000aAnonPages:         61188 kB\u000aMapped:            35128 kB\u000aShmem:               220 kB\u000aSlab:              42932 kB\u000aSReclaimable:      32740 kB\u000aSUnreclaim:        10192 kB\u000aKernelStack:        1136 kB\u000aPageTables:         1340 kB\u000aNFS_Unstable:          0 kB\u000aBounce:                0 kB\u000aWritebackTmp:          0 kB\u000aCommitLimit:      858592 kB\u000aCommitted_AS:     252052 kB\u000aVmallocTotal:   34359738367 kB\u000aVmallocUsed:           0 kB\u000aVmallocChunk:          0 kB\u000aAnonHugePages:         0 kB\u000aShmemHugePages:        0 kB\u000aShmemPmdMapped:        0 kB\u000aHugePages_Total:       0\u000aHugePages_Free:        0\u000aHugePages_Rsvd:        0\u000aHugePages_Surp:        0\u000aHugepagesize:       2048 kB\u000aDirectMap4k:       21504 kB\u000aDirectMap2M:     1740800 kB\u000a
p485
sV/proc/cgroups
p486
V#subsys_name	hierarchy	num_cgroups	enabled\u000acpuset	7	1	1\u000acpu	11	5	1\u000acpuacct	11	5	1\u000ablkio	2	1	1\u000amemory	10	5	1\u000adevices	3	1	1\u000afreezer	9	2	1\u000anet_cls	6	1	1\u000aperf_event	5	1	1\u000anet_prio	6	1	1\u000ahugetlb	8	1	1\u000apids	4	1	1\u000a
p487
sV/proc/cpuinfo
p488
Vprocessor	: 0\u000avendor_id	: GenuineIntel\u000acpu family	: 6\u000amodel		: 63\u000amodel name	: Intel(R) Xeon(R) Processor @ 2.50GHz\u000astepping	: 2\u000amicrocode	: 0x1\u000acpu MHz		: 2500.012\u000acache size	: 36608 KB\u000aphysical id	: 0\u000asiblings	: 2\u000acore id		: 0\u000acpu cores	: 2\u000aapicid		: 0\u000ainitial apicid	: 0\u000afpu		: yes\u000afpu_exception	: yes\u000acpuid level	: 13\u000awp		: yes\u000aflags		: fpu vme de pse tsc msr pae mce cx8 apic sep mtrr pge mca cmov pat pse36 clflush mmx fxsr sse sse2 ht syscall nx rdtscp lm constant_tsc rep_good nopl xtopology nonstop_tsc cpuid tsc_known_freq pni pclmulqdq ssse3 fma cx16 pcid sse4_1 sse4_2 x2apic movbe popcnt tsc_deadline_timer aes xsave avx f16c rdrand hypervisor lahf_lm abm cpuid_fault invpcid_single ssbd ibrs ibpb stibp ibrs_enhanced fsgsbase tsc_adjust bmi1 avx2 smep bmi2 erms invpcid smap xsaveopt arat md_clear arch_capabilities\u000abugs		: spectre_v1 spectre_v2 spec_store_bypass swapgs\u000abogomips	: 5000.02\u000aclflush size	: 64\u000acache_alignment	: 64\u000aaddress sizes	: 46 bits physical, 48 bits virtual\u000apower management:\u000a\u000aprocessor	: 1\u000avendor_id	: GenuineIntel\u000acpu family	: 6\u000amodel		: 63\u000amodel name	: Intel(R) Xeon(R) Processor @ 2.50GHz\u000astepping	: 2\u000amicrocode	: 0x1\u000acpu MHz		: 2500.012\u000acache size	: 36608 KB\u000aphysical id	: 0\u000asiblings	: 2\u000acore id		: 1\u000acpu cores	: 2\u000aapicid		: 1\u000ainitial apicid	: 1\u000afpu		: yes\u000afpu_exception	: yes\u000acpuid level	: 13\u000awp		: yes\u000aflags		: fpu vme de pse tsc msr pae mce cx8 apic sep mtrr pge mca cmov pat pse36 clflush mmx fxsr sse sse2 ht syscall nx rdtscp lm constant_tsc rep_good nopl xtopology nonstop_tsc cpuid tsc_known_freq pni pclmulqdq ssse3 fma cx16 pcid sse4_1 sse4_2 x2apic movbe popcnt tsc_deadline_timer aes xsave avx f16c rdrand hypervisor lahf_lm abm cpuid_fault invpcid_single ssbd ibrs ibpb stibp ibrs_enhanced fsgsbase tsc_adjust bmi1 avx2 smep bmi2 erms invpcid smap xsaveopt arat md_clear arch_capabilities\u000abugs		: spectre_v1 spectre_v2 spec_store_bypass swapgs\u000abogomips	: 5000.02\u000aclflush size	: 64\u000acache_alignment	: 64\u000aaddress sizes	: 46 bits physical, 48 bits virtual\u000apower management:\u000a\u000a
p489
sV/proc/meminfo
p490
VMemTotal:        1717184 kB\u000aMemFree:         1119628 kB\u000aMemAvailable:    1486064 kB\u000aBuffers:           17336 kB\u000aCached:           463372 kB\u000aSwapCached:            0 kB\u000aActive:            94536 kB\u000aInactive:         447372 kB\u000aActive(anon):      61120 kB\u000aInactive(anon):      216 kB\u000aActive(file):      33416 kB\u000aInactive(file):   447156 kB\u000aUnevictable:           0 kB\u000aMlocked:               0 kB\u000aSwapTotal:             0 kB\u000aSwapFree:              0 kB\u000aDirty:               232 kB\u000aWriteback:             0 kB\u000aAnonPages:         61188 kB\u000aMapped:            35128 kB\u000aShmem:               220 kB\u000aSlab:              42932 kB\u000aSReclaimable:      32740 kB\u000aSUnreclaim:        10192 kB\u000aKernelStack:        1136 kB\u000aPageTables:         1340 kB\u000aNFS_Unstable:          0 kB\u000aBounce:                0 kB\u000aWritebackTmp:          0 kB\u000aCommitLimit:      858592 kB\u000aCommitted_AS:     252052 kB\u000aVmallocTotal:   34359738367 kB\u000aVmallocUsed:           0 kB\u000aVmallocChunk:          0 kB\u000aAnonHugePages:         0 kB\u000aShmemHugePages:        0 kB\u000aShmemPmdMapped:        0 kB\u000aHugePages_Total:       0\u000aHugePages_Free:        0\u000aHugePages_Rsvd:        0\u000aHugePages_Surp:        0\u000aHugepagesize:       2048 kB\u000aDirectMap4k:       21504 kB\u000aDirectMap2M:     1740800 kB\u000a
p491
ssVstatus_key
p492
Vpywren.jobs/f5fb5c03-a988-4873-814c-80f72f4b7d10/00010/status.json
p493
sVend_time
p494
F1609050002.7657831
sVlog_group_name
p495
V/aws/lambda/pywren_redis_2
p496
sVdata_key
p497
Vpywren.jobs/f5fb5c03-a988-4873-814c-80f72f4b7d10/aggdata.pickle
p498
sa(dp499
Vcallset_id
p500
Vf5fb5c03-a988-4873-814c-80f72f4b7d10
p501
sVlog_stream_name
p502
V2020/12/27/[$LATEST]a7d5ca39b6da49e190d0382a0b145006
p503
sVstdout
p504
V
sVfunc_key
p505
Vpywren.jobs/f5fb5c03-a988-4873-814c-80f72f4b7d10/func.pickle
p506
sVfree_disk_bytes
p507
I538333184
sVruntime_cached
p508
I00
sVretcode
p509
I0
sVcall_id
p510
V00011
p511
sVoutput_key
p512
Vpywren.jobs/f5fb5c03-a988-4873-814c-80f72f4b7d10/00011/output.pickle
p513
sVruntime_s3_key_used
p514
Vd75e32-pywren.runtimes/default_2.7.tar.gz.0094
p515
sVaws_request_id
p516
V71691e7e-6b96-4234-bab6-cb728ece07a5
p517
sVexec_time
p518
F82.416265964508057
sVstart_time
p519
F1609049912.3661511
sVsetup_time
p520
F8.087352991104126
sVruntime_s3_bucket_used
p521
Vpywren-runtimes-public-us-west-2
p522
sVexception
p523
NsVhost_submit_time
p524
F1609049911.5878091
sVserver_info
p525
(dp526
Vuname
p527
V('Linux', '169.254.127.229', '4.14.203-112.332.amzn2.x86_64', '#1 SMP Wed Nov 4 20:46:34 UTC 2020', 'x86_64', 'x86_64')
p528
sV/proc/self/cgroup
p529
VMemTotal:        1717184 kB\u000aMemFree:         1118008 kB\u000aMemAvailable:    1485464 kB\u000aBuffers:           17696 kB\u000aCached:           464024 kB\u000aSwapCached:            0 kB\u000aActive:            96036 kB\u000aInactive:         447456 kB\u000aActive(anon):      61724 kB\u000aInactive(anon):      216 kB\u000aActive(file):      34312 kB\u000aInactive(file):   447240 kB\u000aUnevictable:           0 kB\u000aMlocked:               0 kB\u000aSwapTotal:             0 kB\u000aSwapFree:              0 kB\u000aDirty:                12 kB\u000aWriteback:             0 kB\u000aAnonPages:         61776 kB\u000aMapped:            35184 kB\u000aShmem:               220 kB\u000aSlab:              42756 kB\u000aSReclaimable:      32824 kB\u000aSUnreclaim:         9932 kB\u000aKernelStack:        1152 kB\u000aPageTables:         1336 kB\u000aNFS_Unstable:          0 kB\u000aBounce:                0 kB\u000aWritebackTmp:          0 kB\u000aCommitLimit:      858592 kB\u000aCommitted_AS:     253848 kB\u000aVmallocTotal:   34359738367 kB\u000aVmallocUsed:           0 kB\u000aVmallocChunk:          0 kB\u000aAnonHugePages:         0 kB\u000aShmemHugePages:        0 kB\u000aShmemPmdMapped:        0 kB\u000aHugePages_Total:       0\u000aHugePages_Free:        0\u000aHugePages_Rsvd:        0\u000aHugePages_Surp:        0\u000aHugepagesize:       2048 kB\u000aDirectMap4k:       23552 kB\u000aDirectMap2M:     1738752 kB\u000a
p530
sV/proc/cgroups
p531
V#subsys_name	hierarchy	num_cgroups	enabled\u000acpuset	2	1	1\u000acpu	8	5	1\u000acpuacct	8	5	1\u000ablkio	7	1	1\u000amemory	5	5	1\u000adevices	9	1	1\u000afreezer	10	2	1\u000anet_cls	4	1	1\u000aperf_event	6	1	1\u000anet_prio	4	1	1\u000ahugetlb	11	1	1\u000apids	3	1	1\u000a
p532
sV/proc/cpuinfo
p533
Vprocessor	: 0\u000avendor_id	: GenuineIntel\u000acpu family	: 6\u000amodel		: 63\u000amodel name	: Intel(R) Xeon(R) Processor @ 2.50GHz\u000astepping	: 2\u000amicrocode	: 0x1\u000acpu MHz		: 2500.010\u000acache size	: 33792 KB\u000aphysical id	: 0\u000asiblings	: 2\u000acore id		: 0\u000acpu cores	: 2\u000aapicid		: 0\u000ainitial apicid	: 0\u000afpu		: yes\u000afpu_exception	: yes\u000acpuid level	: 13\u000awp		: yes\u000aflags		: fpu vme de pse tsc msr pae mce cx8 apic sep mtrr pge mca cmov pat pse36 clflush mmx fxsr sse sse2 ht syscall nx rdtscp lm constant_tsc rep_good nopl xtopology nonstop_tsc cpuid tsc_known_freq pni pclmulqdq ssse3 fma cx16 pcid sse4_1 sse4_2 x2apic movbe popcnt tsc_deadline_timer aes xsave avx f16c rdrand hypervisor lahf_lm abm cpuid_fault invpcid_single pti ssbd ibrs ibpb stibp fsgsbase tsc_adjust bmi1 avx2 smep bmi2 erms invpcid smap xsaveopt arat md_clear arch_capabilities\u000abugs		: cpu_meltdown spectre_v1 spectre_v2 spec_store_bypass l1tf mds swapgs\u000abogomips	: 5000.02\u000aclflush size	: 64\u000acache_alignment	: 64\u000aaddress sizes	: 46 bits physical, 48 bits virtual\u000apower management:\u000a\u000aprocessor	: 1\u000avendor_id	: GenuineIntel\u000acpu family	: 6\u000amodel		: 63\u000amodel name	: Intel(R) Xeon(R) Processor @ 2.50GHz\u000astepping	: 2\u000amicrocode	: 0x1\u000acpu MHz		: 2500.010\u000acache size	: 33792 KB\u000aphysical id	: 0\u000asiblings	: 2\u000acore id		: 1\u000acpu cores	: 2\u000aapicid		: 1\u000ainitial apicid	: 1\u000afpu		: yes\u000afpu_exception	: yes\u000acpuid level	: 13\u000awp		: yes\u000aflags		: fpu vme de pse tsc msr pae mce cx8 apic sep mtrr pge mca cmov pat pse36 clflush mmx fxsr sse sse2 ht syscall nx rdtscp lm constant_tsc rep_good nopl xtopology nonstop_tsc cpuid tsc_known_freq pni pclmulqdq ssse3 fma cx16 pcid sse4_1 sse4_2 x2apic movbe popcnt tsc_deadline_timer aes xsave avx f16c rdrand hypervisor lahf_lm abm cpuid_fault invpcid_single pti ssbd ibrs ibpb stibp fsgsbase tsc_adjust bmi1 avx2 smep bmi2 erms invpcid smap xsaveopt arat md_clear arch_capabilities\u000abugs		: cpu_meltdown spectre_v1 spectre_v2 spec_store_bypass l1tf mds swapgs\u000abogomips	: 5000.02\u000aclflush size	: 64\u000acache_alignment	: 64\u000aaddress sizes	: 46 bits physical, 48 bits virtual\u000apower management:\u000a\u000a
p534
sV/proc/meminfo
p535
VMemTotal:        1717184 kB\u000aMemFree:         1118008 kB\u000aMemAvailable:    1485464 kB\u000aBuffers:           17696 kB\u000aCached:           464024 kB\u000aSwapCached:            0 kB\u000aActive:            96036 kB\u000aInactive:         447456 kB\u000aActive(anon):      61724 kB\u000aInactive(anon):      216 kB\u000aActive(file):      34312 kB\u000aInactive(file):   447240 kB\u000aUnevictable:           0 kB\u000aMlocked:               0 kB\u000aSwapTotal:             0 kB\u000aSwapFree:              0 kB\u000aDirty:                12 kB\u000aWriteback:             0 kB\u000aAnonPages:         61776 kB\u000aMapped:            35184 kB\u000aShmem:               220 kB\u000aSlab:              42756 kB\u000aSReclaimable:      32824 kB\u000aSUnreclaim:         9932 kB\u000aKernelStack:        1152 kB\u000aPageTables:         1336 kB\u000aNFS_Unstable:          0 kB\u000aBounce:                0 kB\u000aWritebackTmp:          0 kB\u000aCommitLimit:      858592 kB\u000aCommitted_AS:     253848 kB\u000aVmallocTotal:   34359738367 kB\u000aVmallocUsed:           0 kB\u000aVmallocChunk:          0 kB\u000aAnonHugePages:         0 kB\u000aShmemHugePages:        0 kB\u000aShmemPmdMapped:        0 kB\u000aHugePages_Total:       0\u000aHugePages_Free:        0\u000aHugePages_Rsvd:        0\u000aHugePages_Surp:        0\u000aHugepagesize:       2048 kB\u000aDirectMap4k:       23552 kB\u000aDirectMap2M:     1738752 kB\u000a
p536
ssVstatus_key
p537
Vpywren.jobs/f5fb5c03-a988-4873-814c-80f72f4b7d10/00011/status.json
p538
sVend_time
p539
F1609050002.869765
sVlog_group_name
p540
V/aws/lambda/pywren_redis_2
p541
sVdata_key
p542
Vpywren.jobs/f5fb5c03-a988-4873-814c-80f72f4b7d10/aggdata.pickle
p543
sa(dp544
Vcallset_id
p545
Vf5fb5c03-a988-4873-814c-80f72f4b7d10
p546
sVlog_stream_name
p547
V2020/12/27/[$LATEST]55374297941b4616b8258ae0b048c465
p548
sVstdout
p549
V
sVfunc_key
p550
Vpywren.jobs/f5fb5c03-a988-4873-814c-80f72f4b7d10/func.pickle
p551
sVfree_disk_bytes
p552
I538333184
sVruntime_cached
p553
I00
sVretcode
p554
I0
sVcall_id
p555
V00012
p556
sVoutput_key
p557
Vpywren.jobs/f5fb5c03-a988-4873-814c-80f72f4b7d10/00012/output.pickle
p558
sVruntime_s3_key_used
p559
V08f228-pywren.runtimes/default_2.7.tar.gz.0091
p560
sVaws_request_id
p561
V1a5030bc-30f0-45be-89e6-6d8d0c43193b
p562
sVexec_time
p563
F81.015559196472168
sVstart_time
p564
F1609049912.3553829
sVsetup_time
p565
F7.894603967666626
sVruntime_s3_bucket_used
p566
Vpywren-runtimes-public-us-west-2
p567
sVexception
p568
NsVhost_submit_time
p569
F1609049911.5925519
sVserver_info
p570
(dp571
Vuname
p572
V('Linux', '169.254.160.229', '4.14.203-112.332.amzn2.x86_64', '#1 SMP Wed Nov 4 20:46:34 UTC 2020', 'x86_64', 'x86_64')
p573
sV/proc/self/cgroup
p574
VMemTotal:        1717184 kB\u000aMemFree:         1118640 kB\u000aMemAvailable:    1485568 kB\u000aBuffers:           17436 kB\u000aCached:           463660 kB\u000aSwapCached:            0 kB\u000aActive:            95456 kB\u000aInactive:         447440 kB\u000aActive(anon):      61692 kB\u000aInactive(anon):      216 kB\u000aActive(file):      33764 kB\u000aInactive(file):   447224 kB\u000aUnevictable:           0 kB\u000aMlocked:               0 kB\u000aSwapTotal:             0 kB\u000aSwapFree:              0 kB\u000aDirty:               228 kB\u000aWriteback:             0 kB\u000aAnonPages:         61692 kB\u000aMapped:            34940 kB\u000aShmem:               220 kB\u000aSlab:              42828 kB\u000aSReclaimable:      32892 kB\u000aSUnreclaim:         9936 kB\u000aKernelStack:        1152 kB\u000aPageTables:         1400 kB\u000aNFS_Unstable:          0 kB\u000aBounce:                0 kB\u000aWritebackTmp:          0 kB\u000aCommitLimit:      858592 kB\u000aCommitted_AS:     251492 kB\u000aVmallocTotal:   34359738367 kB\u000aVmallocUsed:           0 kB\u000aVmallocChunk:          0 kB\u000aAnonHugePages:         0 kB\u000aShmemHugePages:        0 kB\u000aShmemPmdMapped:        0 kB\u000aHugePages_Total:       0\u000aHugePages_Free:        0\u000aHugePages_Rsvd:        0\u000aHugePages_Surp:        0\u000aHugepagesize:       2048 kB\u000aDirectMap4k:       19456 kB\u000aDirectMap2M:     1742848 kB\u000a
p575
sV/proc/cgroups
p576
V#subsys_name	hierarchy	num_cgroups	enabled\u000acpuset	8	1	1\u000acpu	3	5	1\u000acpuacct	3	5	1\u000ablkio	10	1	1\u000amemory	11	5	1\u000adevices	9	1	1\u000afreezer	5	2	1\u000anet_cls	6	1	1\u000aperf_event	4	1	1\u000anet_prio	6	1	1\u000ahugetlb	2	1	1\u000apids	7	1	1\u000a
p577
sV/proc/cpuinfo
p578
Vprocessor	: 0\u000avendor_id	: GenuineIntel\u000acpu family	: 6\u000amodel		: 63\u000amodel name	: Intel(R) Xeon(R) Processor @ 2.50GHz\u000astepping	: 2\u000amicrocode	: 0x1\u000acpu MHz		: 2499.996\u000acache size	: 36608 KB\u000aphysical id	: 0\u000asiblings	: 2\u000acore id		: 0\u000acpu cores	: 2\u000aapicid		: 0\u000ainitial apicid	: 0\u000afpu		: yes\u000afpu_exception	: yes\u000acpuid level	: 13\u000awp		: yes\u000aflags		: fpu vme de pse tsc msr pae mce cx8 apic sep mtrr pge mca cmov pat pse36 clflush mmx fxsr sse sse2 ht syscall nx rdtscp lm constant_tsc rep_good nopl xtopology nonstop_tsc cpuid tsc_known_freq pni pclmulqdq ssse3 fma cx16 pcid sse4_1 sse4_2 x2apic movbe popcnt tsc_deadline_timer aes xsave avx f16c rdrand hypervisor lahf_lm abm cpuid_fault invpcid_single ssbd ibrs ibpb stibp ibrs_enhanced fsgsbase tsc_adjust bmi1 avx2 smep bmi2 erms invpcid smap xsaveopt arat md_clear arch_capabilities\u000abugs		: spectre_v1 spectre_v2 spec_store_bypass swapgs\u000abogomips	: 4999.99\u000aclflush size	: 64\u000acache_alignment	: 64\u000aaddress sizes	: 46 bits physical, 48 bits virtual\u000apower management:\u000a\u000aprocessor	: 1\u000avendor_id	: GenuineIntel\u000acpu family	: 6\u000amodel		: 63\u000amodel name	: Intel(R) Xeon(R) Processor @ 2.50GHz\u000astepping	: 2\u000amicrocode	: 0x1\u000acpu MHz		: 2499.996\u000acache size	: 36608 KB\u000aphysical id	: 0\u000asiblings	: 2\u000acore id		: 1\u000acpu cores	: 2\u000aapicid		: 1\u000ainitial apicid	: 1\u000afpu		: yes\u000afpu_exception	: yes\u000acpuid level	: 13\u000awp		: yes\u000aflags		: fpu vme de pse tsc msr pae mce cx8 apic sep mtrr pge mca cmov pat pse36 clflush mmx fxsr sse sse2 ht syscall nx rdtscp lm constant_tsc rep_good nopl xtopology nonstop_tsc cpuid tsc_known_freq pni pclmulqdq ssse3 fma cx16 pcid sse4_1 sse4_2 x2apic movbe popcnt tsc_deadline_timer aes xsave avx f16c rdrand hypervisor lahf_lm abm cpuid_fault invpcid_single ssbd ibrs ibpb stibp ibrs_enhanced fsgsbase tsc_adjust bmi1 avx2 smep bmi2 erms invpcid smap xsaveopt arat md_clear arch_capabilities\u000abugs		: spectre_v1 spectre_v2 spec_store_bypass swapgs\u000abogomips	: 4999.99\u000aclflush size	: 64\u000acache_alignment	: 64\u000aaddress sizes	: 46 bits physical, 48 bits virtual\u000apower management:\u000a\u000a
p579
sV/proc/meminfo
p580
VMemTotal:        1717184 kB\u000aMemFree:         1118640 kB\u000aMemAvailable:    1485568 kB\u000aBuffers:           17436 kB\u000aCached:           463660 kB\u000aSwapCached:            0 kB\u000aActive:            95456 kB\u000aInactive:         447440 kB\u000aActive(anon):      61692 kB\u000aInactive(anon):      216 kB\u000aActive(file):      33764 kB\u000aInactive(file):   447224 kB\u000aUnevictable:           0 kB\u000aMlocked:               0 kB\u000aSwapTotal:             0 kB\u000aSwapFree:              0 kB\u000aDirty:               228 kB\u000aWriteback:             0 kB\u000aAnonPages:         61692 kB\u000aMapped:            34940 kB\u000aShmem:               220 kB\u000aSlab:              42828 kB\u000aSReclaimable:      32892 kB\u000aSUnreclaim:         9936 kB\u000aKernelStack:        1152 kB\u000aPageTables:         1400 kB\u000aNFS_Unstable:          0 kB\u000aBounce:                0 kB\u000aWritebackTmp:          0 kB\u000aCommitLimit:      858592 kB\u000aCommitted_AS:     251492 kB\u000aVmallocTotal:   34359738367 kB\u000aVmallocUsed:           0 kB\u000aVmallocChunk:          0 kB\u000aAnonHugePages:         0 kB\u000aShmemHugePages:        0 kB\u000aShmemPmdMapped:        0 kB\u000aHugePages_Total:       0\u000aHugePages_Free:        0\u000aHugePages_Rsvd:        0\u000aHugePages_Surp:        0\u000aHugepagesize:       2048 kB\u000aDirectMap4k:       19456 kB\u000aDirectMap2M:     1742848 kB\u000a
p581
ssVstatus_key
p582
Vpywren.jobs/f5fb5c03-a988-4873-814c-80f72f4b7d10/00012/status.json
p583
sVend_time
p584
F1609050001.2655411
sVlog_group_name
p585
V/aws/lambda/pywren_redis_2
p586
sVdata_key
p587
Vpywren.jobs/f5fb5c03-a988-4873-814c-80f72f4b7d10/aggdata.pickle
p588
sa(dp589
Vcallset_id
p590
Vf5fb5c03-a988-4873-814c-80f72f4b7d10
p591
sVlog_stream_name
p592
V2020/12/27/[$LATEST]4365dac2df6c49538ce8690add6cbfc2
p593
sVstdout
p594
V
sVfunc_key
p595
Vpywren.jobs/f5fb5c03-a988-4873-814c-80f72f4b7d10/func.pickle
p596
sVfree_disk_bytes
p597
I538333184
sVruntime_cached
p598
I00
sVretcode
p599
I0
sVcall_id
p600
V00013
p601
sVoutput_key
p602
Vpywren.jobs/f5fb5c03-a988-4873-814c-80f72f4b7d10/00013/output.pickle
p603
sVruntime_s3_key_used
p604
Vc39cc0-pywren.runtimes/default_2.7.tar.gz.0048
p605
sVaws_request_id
p606
V98dbac22-8cd6-4d6c-867e-0084f5730c5c
p607
sVexec_time
p608
F82.483407020568848
sVstart_time
p609
F1609049912.4653981
sVsetup_time
p610
F8.1082568168640137
sVruntime_s3_bucket_used
p611
Vpywren-runtimes-public-us-west-2
p612
sVexception
p613
NsVhost_submit_time
p614
F1609049911.593854
sVserver_info
p615
(dp616
Vuname
p617
V('Linux', '169.254.93.77', '4.14.203-112.332.amzn2.x86_64', '#1 SMP Wed Nov 4 20:46:34 UTC 2020', 'x86_64', 'x86_64')
p618
sV/proc/self/cgroup
p619
VMemTotal:        1717184 kB\u000aMemFree:         1122328 kB\u000aMemAvailable:    1485324 kB\u000aBuffers:           14444 kB\u000aCached:           462768 kB\u000aSwapCached:            0 kB\u000aActive:            92616 kB\u000aInactive:         446488 kB\u000aActive(anon):      61784 kB\u000aInactive(anon):      216 kB\u000aActive(file):      30832 kB\u000aInactive(file):   446272 kB\u000aUnevictable:           0 kB\u000aMlocked:               0 kB\u000aSwapTotal:             0 kB\u000aSwapFree:              0 kB\u000aDirty:               164 kB\u000aWriteback:             0 kB\u000aAnonPages:         61880 kB\u000aMapped:            34408 kB\u000aShmem:               220 kB\u000aSlab:              42836 kB\u000aSReclaimable:      32796 kB\u000aSUnreclaim:        10040 kB\u000aKernelStack:        1168 kB\u000aPageTables:         1352 kB\u000aNFS_Unstable:          0 kB\u000aBounce:                0 kB\u000aWritebackTmp:          0 kB\u000aCommitLimit:      858592 kB\u000aCommitted_AS:     253560 kB\u000aVmallocTotal:   34359738367 kB\u000aVmallocUsed:           0 kB\u000aVmallocChunk:          0 kB\u000aAnonHugePages:         0 kB\u000aShmemHugePages:        0 kB\u000aShmemPmdMapped:        0 kB\u000aHugePages_Total:       0\u000aHugePages_Free:        0\u000aHugePages_Rsvd:        0\u000aHugePages_Surp:        0\u000aHugepagesize:       2048 kB\u000aDirectMap4k:       21504 kB\u000aDirectMap2M:     1740800 kB\u000a
p620
sV/proc/cgroups
p621
V#subsys_name	hierarchy	num_cgroups	enabled\u000acpuset	10	1	1\u000acpu	11	5	1\u000acpuacct	11	5	1\u000ablkio	2	1	1\u000amemory	3	5	1\u000adevices	8	1	1\u000afreezer	4	2	1\u000anet_cls	6	1	1\u000aperf_event	9	1	1\u000anet_prio	6	1	1\u000ahugetlb	5	1	1\u000apids	7	1	1\u000a
p622
sV/proc/cpuinfo
p623
Vprocessor	: 0\u000avendor_id	: GenuineIntel\u000acpu family	: 6\u000amodel		: 63\u000amodel name	: Intel(R) Xeon(R) Processor @ 2.50GHz\u000astepping	: 2\u000amicrocode	: 0x1\u000acpu MHz		: 2500.010\u000acache size	: 36608 KB\u000aphysical id	: 0\u000asiblings	: 2\u000acore id		: 0\u000acpu cores	: 2\u000aapicid		: 0\u000ainitial apicid	: 0\u000afpu		: yes\u000afpu_exception	: yes\u000acpuid level	: 13\u000awp		: yes\u000aflags		: fpu vme de pse tsc msr pae mce cx8 apic sep mtrr pge mca cmov pat pse36 clflush mmx fxsr sse sse2 ht syscall nx rdtscp lm constant_tsc rep_good nopl xtopology nonstop_tsc cpuid tsc_known_freq pni pclmulqdq ssse3 fma cx16 pcid sse4_1 sse4_2 x2apic movbe popcnt tsc_deadline_timer aes xsave avx f16c rdrand hypervisor lahf_lm abm cpuid_fault invpcid_single ssbd ibrs ibpb stibp ibrs_enhanced fsgsbase tsc_adjust bmi1 avx2 smep bmi2 erms invpcid smap xsaveopt arat md_clear arch_capabilities\u000abugs		: spectre_v1 spectre_v2 spec_store_bypass swapgs\u000abogomips	: 5000.02\u000aclflush size	: 64\u000acache_alignment	: 64\u000aaddress sizes	: 46 bits physical, 48 bits virtual\u000apower management:\u000a\u000aprocessor	: 1\u000avendor_id	: GenuineIntel\u000acpu family	: 6\u000amodel		: 63\u000amodel name	: Intel(R) Xeon(R) Processor @ 2.50GHz\u000astepping	: 2\u000amicrocode	: 0x1\u000acpu MHz		: 2500.010\u000acache size	: 36608 KB\u000aphysical id	: 0\u000asiblings	: 2\u000acore id		: 1\u000acpu cores	: 2\u000aapicid		: 1\u000ainitial apicid	: 1\u000afpu		: yes\u000afpu_exception	: yes\u000acpuid level	: 13\u000awp		: yes\u000aflags		: fpu vme de pse tsc msr pae mce cx8 apic sep mtrr pge mca cmov pat pse36 clflush mmx fxsr sse sse2 ht syscall nx rdtscp lm constant_tsc rep_good nopl xtopology nonstop_tsc cpuid tsc_known_freq pni pclmulqdq ssse3 fma cx16 pcid sse4_1 sse4_2 x2apic movbe popcnt tsc_deadline_timer aes xsave avx f16c rdrand hypervisor lahf_lm abm cpuid_fault invpcid_single ssbd ibrs ibpb stibp ibrs_enhanced fsgsbase tsc_adjust bmi1 avx2 smep bmi2 erms invpcid smap xsaveopt arat md_clear arch_capabilities\u000abugs		: spectre_v1 spectre_v2 spec_store_bypass swapgs\u000abogomips	: 5000.02\u000aclflush size	: 64\u000acache_alignment	: 64\u000aaddress sizes	: 46 bits physical, 48 bits virtual\u000apower management:\u000a\u000a
p624
sV/proc/meminfo
p625
VMemTotal:        1717184 kB\u000aMemFree:         1122328 kB\u000aMemAvailable:    1485324 kB\u000aBuffers:           14444 kB\u000aCached:           462768 kB\u000aSwapCached:            0 kB\u000aActive:            92616 kB\u000aInactive:         446488 kB\u000aActive(anon):      61784 kB\u000aInactive(anon):      216 kB\u000aActive(file):      30832 kB\u000aInactive(file):   446272 kB\u000aUnevictable:           0 kB\u000aMlocked:               0 kB\u000aSwapTotal:             0 kB\u000aSwapFree:              0 kB\u000aDirty:               164 kB\u000aWriteback:             0 kB\u000aAnonPages:         61880 kB\u000aMapped:            34408 kB\u000aShmem:               220 kB\u000aSlab:              42836 kB\u000aSReclaimable:      32796 kB\u000aSUnreclaim:        10040 kB\u000aKernelStack:        1168 kB\u000aPageTables:         1352 kB\u000aNFS_Unstable:          0 kB\u000aBounce:                0 kB\u000aWritebackTmp:          0 kB\u000aCommitLimit:      858592 kB\u000aCommitted_AS:     253560 kB\u000aVmallocTotal:   34359738367 kB\u000aVmallocUsed:           0 kB\u000aVmallocChunk:          0 kB\u000aAnonHugePages:         0 kB\u000aShmemHugePages:        0 kB\u000aShmemPmdMapped:        0 kB\u000aHugePages_Total:       0\u000aHugePages_Free:        0\u000aHugePages_Rsvd:        0\u000aHugePages_Surp:        0\u000aHugepagesize:       2048 kB\u000aDirectMap4k:       21504 kB\u000aDirectMap2M:     1740800 kB\u000a
p626
ssVstatus_key
p627
Vpywren.jobs/f5fb5c03-a988-4873-814c-80f72f4b7d10/00013/status.json
p628
sVend_time
p629
F1609050003.057056
sVlog_group_name
p630
V/aws/lambda/pywren_redis_2
p631
sVdata_key
p632
Vpywren.jobs/f5fb5c03-a988-4873-814c-80f72f4b7d10/aggdata.pickle
p633
sa(dp634
Vcallset_id
p635
Vf5fb5c03-a988-4873-814c-80f72f4b7d10
p636
sVlog_stream_name
p637
V2020/12/27/[$LATEST]c785cb561c3a4e668e529976c5b44322
p638
sVstdout
p639
V
sVfunc_key
p640
Vpywren.jobs/f5fb5c03-a988-4873-814c-80f72f4b7d10/func.pickle
p641
sVfree_disk_bytes
p642
I538333184
sVruntime_cached
p643
I00
sVretcode
p644
I0
sVcall_id
p645
V00014
p646
sVoutput_key
p647
Vpywren.jobs/f5fb5c03-a988-4873-814c-80f72f4b7d10/00014/output.pickle
p648
sVruntime_s3_key_used
p649
V9f25cd-pywren.runtimes/default_2.7.tar.gz.0086
p650
sVaws_request_id
p651
V2d8e7a31-ee01-4223-9e3c-1b177080d8e0
p652
sVexec_time
p653
F81.140233039855957
sVstart_time
p654
F1609049912.4337411
sVsetup_time
p655
F8.402824878692627
sVruntime_s3_bucket_used
p656
Vpywren-runtimes-public-us-west-2
p657
sVexception
p658
NsVhost_submit_time
p659
F1609049911.597223
sVserver_info
p660
(dp661
Vuname
p662
V('Linux', '169.254.92.213', '4.14.203-112.332.amzn2.x86_64', '#1 SMP Wed Nov 4 20:46:34 UTC 2020', 'x86_64', 'x86_64')
p663
sV/proc/self/cgroup
p664
VMemTotal:        1717184 kB\u000aMemFree:         1119156 kB\u000aMemAvailable:    1485720 kB\u000aBuffers:           17260 kB\u000aCached:           463508 kB\u000aSwapCached:            0 kB\u000aActive:            94856 kB\u000aInactive:         447240 kB\u000aActive(anon):      61208 kB\u000aInactive(anon):      216 kB\u000aActive(file):      33648 kB\u000aInactive(file):   447024 kB\u000aUnevictable:           0 kB\u000aMlocked:               0 kB\u000aSwapTotal:             0 kB\u000aSwapFree:              0 kB\u000aDirty:                 8 kB\u000aWriteback:             0 kB\u000aAnonPages:         61296 kB\u000aMapped:            34992 kB\u000aShmem:               220 kB\u000aSlab:              42944 kB\u000aSReclaimable:      32796 kB\u000aSUnreclaim:        10148 kB\u000aKernelStack:        1176 kB\u000aPageTables:         1404 kB\u000aNFS_Unstable:          0 kB\u000aBounce:                0 kB\u000aWritebackTmp:          0 kB\u000aCommitLimit:      858592 kB\u000aCommitted_AS:     253020 kB\u000aVmallocTotal:   34359738367 kB\u000aVmallocUsed:           0 kB\u000aVmallocChunk:          0 kB\u000aAnonHugePages:         0 kB\u000aShmemHugePages:        0 kB\u000aShmemPmdMapped:        0 kB\u000aHugePages_Total:       0\u000aHugePages_Free:        0\u000aHugePages_Rsvd:        0\u000aHugePages_Surp:        0\u000aHugepagesize:       2048 kB\u000aDirectMap4k:       21504 kB\u000aDirectMap2M:     1740800 kB\u000a
p665
sV/proc/cgroups
p666
V#subsys_name	hierarchy	num_cgroups	enabled\u000acpuset	4	1	1\u000acpu	3	5	1\u000acpuacct	3	5	1\u000ablkio	6	1	1\u000amemory	7	5	1\u000adevices	2	1	1\u000afreezer	9	2	1\u000anet_cls	10	1	1\u000aperf_event	8	1	1\u000anet_prio	10	1	1\u000ahugetlb	5	1	1\u000apids	11	1	1\u000a
p667
sV/proc/cpuinfo
p668
