(dp1
S'run_statuses'
p2
(lp3
(dp4
Vcallset_id
p5
V1aacdad7-d04c-4b8b-a43d-5ad2442f5dfd
p6
sVlog_stream_name
p7
V2020/12/27/[$LATEST]3cc5ecaeac96479da7f4354ce01de9e9
p8
sVstdout
p9
V
sVfunc_key
p10
Vpywren.jobs/1aacdad7-d04c-4b8b-a43d-5ad2442f5dfd/func.pickle
p11
sVfree_disk_bytes
p12
I538333184
sVruntime_cached
p13
I00
sVretcode
p14
I0
sVcall_id
p15
V00000
p16
sVoutput_key
p17
Vpywren.jobs/1aacdad7-d04c-4b8b-a43d-5ad2442f5dfd/00000/output.pickle
p18
sVruntime_s3_key_used
p19
V4a1b0c-pywren.runtimes/default_2.7.tar.gz.0092
p20
sVaws_request_id
p21
V717f0175-ba6a-4195-81d4-126ba1f71925
p22
sVexec_time
p23
F22.129616975784302
sVstart_time
p24
F1609049972.3975451
sVsetup_time
p25
F7.7484729290008545
sVruntime_s3_bucket_used
p26
Vpywren-runtimes-public-us-west-2
p27
sVexception
p28
NsVhost_submit_time
p29
F1609049971.5580449
sVserver_info
p30
(dp31
Vuname
p32
V('Linux', '169.254.111.157', '4.14.203-112.332.amzn2.x86_64', '#1 SMP Wed Nov 4 20:46:34 UTC 2020', 'x86_64', 'x86_64')
p33
sV/proc/self/cgroup
p34
VMemTotal:        1717184 kB\u000aMemFree:         1122860 kB\u000aMemAvailable:    1486244 kB\u000aBuffers:           14780 kB\u000aCached:           462936 kB\u000aSwapCached:            0 kB\u000aActive:            92488 kB\u000aInactive:         446592 kB\u000aActive(anon):      61356 kB\u000aInactive(anon):      216 kB\u000aActive(file):      31132 kB\u000aInactive(file):   446376 kB\u000aUnevictable:           0 kB\u000aMlocked:               0 kB\u000aSwapTotal:             0 kB\u000aSwapFree:              0 kB\u000aDirty:              8684 kB\u000aWriteback:             0 kB\u000aAnonPages:         61324 kB\u000aMapped:            34212 kB\u000aShmem:               220 kB\u000aSlab:              42756 kB\u000aSReclaimable:      32764 kB\u000aSUnreclaim:         9992 kB\u000aKernelStack:        1208 kB\u000aPageTables:         1376 kB\u000aNFS_Unstable:          0 kB\u000aBounce:                0 kB\u000aWritebackTmp:          0 kB\u000aCommitLimit:      858592 kB\u000aCommitted_AS:     253816 kB\u000aVmallocTotal:   34359738367 kB\u000aVmallocUsed:           0 kB\u000aVmallocChunk:          0 kB\u000aAnonHugePages:         0 kB\u000aShmemHugePages:        0 kB\u000aShmemPmdMapped:        0 kB\u000aHugePages_Total:       0\u000aHugePages_Free:        0\u000aHugePages_Rsvd:        0\u000aHugePages_Surp:        0\u000aHugepagesize:       2048 kB\u000aDirectMap4k:       21504 kB\u000aDirectMap2M:     1740800 kB\u000a
p35
sV/proc/cgroups
p36
V#subsys_name	hierarchy	num_cgroups	enabled\u000acpuset	2	1	1\u000acpu	4	5	1\u000acpuacct	4	5	1\u000ablkio	9	1	1\u000amemory	10	5	1\u000adevices	8	1	1\u000afreezer	11	2	1\u000anet_cls	3	1	1\u000aperf_event	5	1	1\u000anet_prio	3	1	1\u000ahugetlb	7	1	1\u000apids	6	1	1\u000a
p37
sV/proc/cpuinfo
p38
Vprocessor	: 0\u000avendor_id	: GenuineIntel\u000acpu family	: 6\u000amodel		: 63\u000amodel name	: Intel(R) Xeon(R) Processor @ 2.50GHz\u000astepping	: 2\u000amicrocode	: 0x1\u000acpu MHz		: 2500.010\u000acache size	: 33792 KB\u000aphysical id	: 0\u000asiblings	: 2\u000acore id		: 0\u000acpu cores	: 2\u000aapicid		: 0\u000ainitial apicid	: 0\u000afpu		: yes\u000afpu_exception	: yes\u000acpuid level	: 13\u000awp		: yes\u000aflags		: fpu vme de pse tsc msr pae mce cx8 apic sep mtrr pge mca cmov pat pse36 clflush mmx fxsr sse sse2 ht syscall nx rdtscp lm constant_tsc rep_good nopl xtopology nonstop_tsc cpuid tsc_known_freq pni pclmulqdq ssse3 fma cx16 pcid sse4_1 sse4_2 x2apic movbe popcnt tsc_deadline_timer aes xsave avx f16c rdrand hypervisor lahf_lm abm cpuid_fault invpcid_single pti ssbd ibrs ibpb stibp fsgsbase tsc_adjust bmi1 avx2 smep bmi2 erms invpcid smap xsaveopt arat md_clear arch_capabilities\u000abugs		: cpu_meltdown spectre_v1 spectre_v2 spec_store_bypass l1tf mds swapgs\u000abogomips	: 5000.02\u000aclflush size	: 64\u000acache_alignment	: 64\u000aaddress sizes	: 46 bits physical, 48 bits virtual\u000apower management:\u000a\u000aprocessor	: 1\u000avendor_id	: GenuineIntel\u000acpu family	: 6\u000amodel		: 63\u000amodel name	: Intel(R) Xeon(R) Processor @ 2.50GHz\u000astepping	: 2\u000amicrocode	: 0x1\u000acpu MHz		: 2500.010\u000acache size	: 33792 KB\u000aphysical id	: 0\u000asiblings	: 2\u000acore id		: 1\u000acpu cores	: 2\u000aapicid		: 1\u000ainitial apicid	: 1\u000afpu		: yes\u000afpu_exception	: yes\u000acpuid level	: 13\u000awp		: yes\u000aflags		: fpu vme de pse tsc msr pae mce cx8 apic sep mtrr pge mca cmov pat pse36 clflush mmx fxsr sse sse2 ht syscall nx rdtscp lm constant_tsc rep_good nopl xtopology nonstop_tsc cpuid tsc_known_freq pni pclmulqdq ssse3 fma cx16 pcid sse4_1 sse4_2 x2apic movbe popcnt tsc_deadline_timer aes xsave avx f16c rdrand hypervisor lahf_lm abm cpuid_fault invpcid_single pti ssbd ibrs ibpb stibp fsgsbase tsc_adjust bmi1 avx2 smep bmi2 erms invpcid smap xsaveopt arat md_clear arch_capabilities\u000abugs		: cpu_meltdown spectre_v1 spectre_v2 spec_store_bypass l1tf mds swapgs\u000abogomips	: 5000.02\u000aclflush size	: 64\u000acache_alignment	: 64\u000aaddress sizes	: 46 bits physical, 48 bits virtual\u000apower management:\u000a\u000a
p39
sV/proc/meminfo
p40
VMemTotal:        1717184 kB\u000aMemFree:         1122860 kB\u000aMemAvailable:    1486244 kB\u000aBuffers:           14780 kB\u000aCached:           462936 kB\u000aSwapCached:            0 kB\u000aActive:            92488 kB\u000aInactive:         446592 kB\u000aActive(anon):      61356 kB\u000aInactive(anon):      216 kB\u000aActive(file):      31132 kB\u000aInactive(file):   446376 kB\u000aUnevictable:           0 kB\u000aMlocked:               0 kB\u000aSwapTotal:             0 kB\u000aSwapFree:              0 kB\u000aDirty:              8684 kB\u000aWriteback:             0 kB\u000aAnonPages:         61324 kB\u000aMapped:            34212 kB\u000aShmem:               220 kB\u000aSlab:              42756 kB\u000aSReclaimable:      32764 kB\u000aSUnreclaim:         9992 kB\u000aKernelStack:        1208 kB\u000aPageTables:         1376 kB\u000aNFS_Unstable:          0 kB\u000aBounce:                0 kB\u000aWritebackTmp:          0 kB\u000aCommitLimit:      858592 kB\u000aCommitted_AS:     253816 kB\u000aVmallocTotal:   34359738367 kB\u000aVmallocUsed:           0 kB\u000aVmallocChunk:          0 kB\u000aAnonHugePages:         0 kB\u000aShmemHugePages:        0 kB\u000aShmemPmdMapped:        0 kB\u000aHugePages_Total:       0\u000aHugePages_Free:        0\u000aHugePages_Rsvd:        0\u000aHugePages_Surp:        0\u000aHugepagesize:       2048 kB\u000aDirectMap4k:       21504 kB\u000aDirectMap2M:     1740800 kB\u000a
p41
ssVstatus_key
p42
Vpywren.jobs/1aacdad7-d04c-4b8b-a43d-5ad2442f5dfd/00000/status.json
p43
sVend_time
p44
F1609050002.2756281
sVlog_group_name
p45
V/aws/lambda/pywren_redis_2
p46
sVdata_key
p47
Vpywren.jobs/1aacdad7-d04c-4b8b-a43d-5ad2442f5dfd/aggdata.pickle
p48
sa(dp49
Vcallset_id
p50
V1aacdad7-d04c-4b8b-a43d-5ad2442f5dfd
p51
sVlog_stream_name
p52
V2020/12/27/[$LATEST]7fb94e7fae3b40ae9796e2adcb254bf6
p53
sVstdout
p54
V
sVfunc_key
p55
Vpywren.jobs/1aacdad7-d04c-4b8b-a43d-5ad2442f5dfd/func.pickle
p56
sVfree_disk_bytes
p57
I538333184
sVruntime_cached
p58
I00
sVretcode
p59
I0
sVcall_id
p60
V00001
p61
sVoutput_key
p62
Vpywren.jobs/1aacdad7-d04c-4b8b-a43d-5ad2442f5dfd/00001/output.pickle
p63
sVruntime_s3_key_used
p64
V12207e-pywren.runtimes/default_2.7.tar.gz.0044
p65
sVaws_request_id
p66
Vb97ebe57-e4dc-413a-bfea-09f666772882
p67
sVexec_time
p68
F22.149953126907349
sVstart_time
p69
F1609049972.337116
sVsetup_time
p70
F6.9459519386291504
sVruntime_s3_bucket_used
p71
Vpywren-runtimes-public-us-west-2
p72
sVexception
p73
NsVhost_submit_time
p74
F1609049971.5652771
sVserver_info
p75
(dp76
Vuname
p77
V('Linux', '169.254.95.237', '4.14.203-112.332.amzn2.x86_64', '#1 SMP Wed Nov 4 20:46:34 UTC 2020', 'x86_64', 'x86_64')
p78
sV/proc/self/cgroup
p79
VMemTotal:        1717184 kB\u000aMemFree:         1119696 kB\u000aMemAvailable:    1486416 kB\u000aBuffers:           17156 kB\u000aCached:           463888 kB\u000aSwapCached:            0 kB\u000aActive:            94436 kB\u000aInactive:         447364 kB\u000aActive(anon):      60748 kB\u000aInactive(anon):      216 kB\u000aActive(file):      33688 kB\u000aInactive(file):   447148 kB\u000aUnevictable:           0 kB\u000aMlocked:               0 kB\u000aSwapTotal:             0 kB\u000aSwapFree:              0 kB\u000aDirty:              8708 kB\u000aWriteback:             0 kB\u000aAnonPages:         60744 kB\u000aMapped:            35240 kB\u000aShmem:               220 kB\u000aSlab:              43004 kB\u000aSReclaimable:      32784 kB\u000aSUnreclaim:        10220 kB\u000aKernelStack:        1184 kB\u000aPageTables:         1360 kB\u000aNFS_Unstable:          0 kB\u000aBounce:                0 kB\u000aWritebackTmp:          0 kB\u000aCommitLimit:      858592 kB\u000aCommitted_AS:     255588 kB\u000aVmallocTotal:   34359738367 kB\u000aVmallocUsed:           0 kB\u000aVmallocChunk:          0 kB\u000aAnonHugePages:         0 kB\u000aShmemHugePages:        0 kB\u000aShmemPmdMapped:        0 kB\u000aHugePages_Total:       0\u000aHugePages_Free:        0\u000aHugePages_Rsvd:        0\u000aHugePages_Surp:        0\u000aHugepagesize:       2048 kB\u000aDirectMap4k:       19456 kB\u000aDirectMap2M:     1742848 kB\u000a
p80
sV/proc/cgroups
p81
V#subsys_name	hierarchy	num_cgroups	enabled\u000acpuset	11	1	1\u000acpu	7	5	1\u000acpuacct	7	5	1\u000ablkio	10	1	1\u000amemory	2	5	1\u000adevices	9	1	1\u000afreezer	8	2	1\u000anet_cls	5	1	1\u000aperf_event	3	1	1\u000anet_prio	5	1	1\u000ahugetlb	4	1	1\u000apids	6	1	1\u000a
p82
sV/proc/cpuinfo
p83
Vprocessor	: 0\u000avendor_id	: GenuineIntel\u000acpu family	: 6\u000amodel		: 63\u000amodel name	: Intel(R) Xeon(R) Processor @ 2.50GHz\u000astepping	: 2\u000amicrocode	: 0x1\u000acpu MHz		: 2500.012\u000acache size	: 36608 KB\u000aphysical id	: 0\u000asiblings	: 2\u000acore id		: 0\u000acpu cores	: 2\u000aapicid		: 0\u000ainitial apicid	: 0\u000afpu		: yes\u000afpu_exception	: yes\u000acpuid level	: 13\u000awp		: yes\u000aflags		: fpu vme de pse tsc msr pae mce cx8 apic sep mtrr pge mca cmov pat pse36 clflush mmx fxsr sse sse2 ht syscall nx rdtscp lm constant_tsc rep_good nopl xtopology nonstop_tsc cpuid tsc_known_freq pni pclmulqdq ssse3 fma cx16 pcid sse4_1 sse4_2 x2apic movbe popcnt tsc_deadline_timer aes xsave avx f16c rdrand hypervisor lahf_lm abm cpuid_fault invpcid_single ssbd ibrs ibpb stibp ibrs_enhanced fsgsbase tsc_adjust bmi1 avx2 smep bmi2 erms invpcid smap xsaveopt arat md_clear arch_capabilities\u000abugs		: spectre_v1 spectre_v2 spec_store_bypass swapgs\u000abogomips	: 5000.02\u000aclflush size	: 64\u000acache_alignment	: 64\u000aaddress sizes	: 46 bits physical, 48 bits virtual\u000apower management:\u000a\u000aprocessor	: 1\u000avendor_id	: GenuineIntel\u000acpu family	: 6\u000amodel		: 63\u000amodel name	: Intel(R) Xeon(R) Processor @ 2.50GHz\u000astepping	: 2\u000amicrocode	: 0x1\u000acpu MHz		: 2500.012\u000acache size	: 36608 KB\u000aphysical id	: 0\u000asiblings	: 2\u000acore id		: 1\u000acpu cores	: 2\u000aapicid		: 1\u000ainitial apicid	: 1\u000afpu		: yes\u000afpu_exception	: yes\u000acpuid level	: 13\u000awp		: yes\u000aflags		: fpu vme de pse tsc msr pae mce cx8 apic sep mtrr pge mca cmov pat pse36 clflush mmx fxsr sse sse2 ht syscall nx rdtscp lm constant_tsc rep_good nopl xtopology nonstop_tsc cpuid tsc_known_freq pni pclmulqdq ssse3 fma cx16 pcid sse4_1 sse4_2 x2apic movbe popcnt tsc_deadline_timer aes xsave avx f16c rdrand hypervisor lahf_lm abm cpuid_fault invpcid_single ssbd ibrs ibpb stibp ibrs_enhanced fsgsbase tsc_adjust bmi1 avx2 smep bmi2 erms invpcid smap xsaveopt arat md_clear arch_capabilities\u000abugs		: spectre_v1 spectre_v2 spec_store_bypass swapgs\u000abogomips	: 5000.02\u000aclflush size	: 64\u000acache_alignment	: 64\u000aaddress sizes	: 46 bits physical, 48 bits virtual\u000apower management:\u000a\u000a
p84
sV/proc/meminfo
p85
VMemTotal:        1717184 kB\u000aMemFree:         1119696 kB\u000aMemAvailable:    1486416 kB\u000aBuffers:           17156 kB\u000aCached:           463888 kB\u000aSwapCached:            0 kB\u000aActive:            94436 kB\u000aInactive:         447364 kB\u000aActive(anon):      60748 kB\u000aInactive(anon):      216 kB\u000aActive(file):      33688 kB\u000aInactive(file):   447148 kB\u000aUnevictable:           0 kB\u000aMlocked:               0 kB\u000aSwapTotal:             0 kB\u000aSwapFree:              0 kB\u000aDirty:              8708 kB\u000aWriteback:             0 kB\u000aAnonPages:         60744 kB\u000aMapped:            35240 kB\u000aShmem:               220 kB\u000aSlab:              43004 kB\u000aSReclaimable:      32784 kB\u000aSUnreclaim:        10220 kB\u000aKernelStack:        1184 kB\u000aPageTables:         1360 kB\u000aNFS_Unstable:          0 kB\u000aBounce:                0 kB\u000aWritebackTmp:          0 kB\u000aCommitLimit:      858592 kB\u000aCommitted_AS:     255588 kB\u000aVmallocTotal:   34359738367 kB\u000aVmallocUsed:           0 kB\u000aVmallocChunk:          0 kB\u000aAnonHugePages:         0 kB\u000aShmemHugePages:        0 kB\u000aShmemPmdMapped:        0 kB\u000aHugePages_Total:       0\u000aHugePages_Free:        0\u000aHugePages_Rsvd:        0\u000aHugePages_Surp:        0\u000aHugepagesize:       2048 kB\u000aDirectMap4k:       19456 kB\u000aDirectMap2M:     1742848 kB\u000a
p86
ssVstatus_key
p87
Vpywren.jobs/1aacdad7-d04c-4b8b-a43d-5ad2442f5dfd/00001/status.json
p88
sVend_time
p89
F1609050001.4330139
sVlog_group_name
p90
V/aws/lambda/pywren_redis_2
p91
sVdata_key
p92
Vpywren.jobs/1aacdad7-d04c-4b8b-a43d-5ad2442f5dfd/aggdata.pickle
p93
sa(dp94
Vcallset_id
p95
V1aacdad7-d04c-4b8b-a43d-5ad2442f5dfd
p96
sVlog_stream_name
p97
V2020/12/27/[$LATEST]8bf52a3b44b94474a1a29307842f05f5
p98
sVstdout
p99
V
sVfunc_key
p100
Vpywren.jobs/1aacdad7-d04c-4b8b-a43d-5ad2442f5dfd/func.pickle
p101
sVfree_disk_bytes
p102
I538333184
sVruntime_cached
p103
I00
sVretcode
p104
I0
sVcall_id
p105
V00002
p106
sVoutput_key
p107
Vpywren.jobs/1aacdad7-d04c-4b8b-a43d-5ad2442f5dfd/00002/output.pickle
p108
sVruntime_s3_key_used
p109
Ve5eb40-pywren.runtimes/default_2.7.tar.gz.0038
p110
sVaws_request_id
p111
V03cb6e53-900c-4491-92d3-179a5785c4f4
p112
sVexec_time
p113
F22.142298936843872
sVstart_time
p114
F1609049972.308701
sVsetup_time
p115
F7.2474119663238525
sVruntime_s3_bucket_used
p116
Vpywren-runtimes-public-us-west-2
p117
sVexception
p118
NsVhost_submit_time
p119
F1609049971.580008
sVserver_info
p120
(dp121
Vuname
p122
V('Linux', '169.254.9.21', '4.14.203-112.332.amzn2.x86_64', '#1 SMP Wed Nov 4 20:46:34 UTC 2020', 'x86_64', 'x86_64')
p123
sV/proc/self/cgroup
p124
VMemTotal:        1717184 kB\u000aMemFree:         1121980 kB\u000aMemAvailable:    1486068 kB\u000aBuffers:           15140 kB\u000aCached:           463268 kB\u000aSwapCached:            0 kB\u000aActive:            92820 kB\u000aInactive:         446848 kB\u000aActive(anon):      61256 kB\u000aInactive(anon):      216 kB\u000aActive(file):      31564 kB\u000aInactive(file):   446632 kB\u000aUnevictable:           0 kB\u000aMlocked:               0 kB\u000aSwapTotal:             0 kB\u000aSwapFree:              0 kB\u000aDirty:             10424 kB\u000aWriteback:             0 kB\u000aAnonPages:         61292 kB\u000aMapped:            34604 kB\u000aShmem:               220 kB\u000aSlab:              42904 kB\u000aSReclaimable:      32796 kB\u000aSUnreclaim:        10108 kB\u000aKernelStack:        1152 kB\u000aPageTables:         1348 kB\u000aNFS_Unstable:          0 kB\u000aBounce:                0 kB\u000aWritebackTmp:          0 kB\u000aCommitLimit:      858592 kB\u000aCommitted_AS:     253716 kB\u000aVmallocTotal:   34359738367 kB\u000aVmallocUsed:           0 kB\u000aVmallocChunk:          0 kB\u000aAnonHugePages:         0 kB\u000aShmemHugePages:        0 kB\u000aShmemPmdMapped:        0 kB\u000aHugePages_Total:       0\u000aHugePages_Free:        0\u000aHugePages_Rsvd:        0\u000aHugePages_Surp:        0\u000aHugepagesize:       2048 kB\u000aDirectMap4k:       23552 kB\u000aDirectMap2M:     1738752 kB\u000a
p125
sV/proc/cgroups
p126
V#subsys_name	hierarchy	num_cgroups	enabled\u000acpuset	2	1	1\u000acpu	6	5	1\u000acpuacct	6	5	1\u000ablkio	9	1	1\u000amemory	4	5	1\u000adevices	10	1	1\u000afreezer	5	2	1\u000anet_cls	7	1	1\u000aperf_event	11	1	1\u000anet_prio	7	1	1\u000ahugetlb	3	1	1\u000apids	8	1	1\u000a
p127
sV/proc/cpuinfo
p128
Vprocessor	: 0\u000avendor_id	: GenuineIntel\u000acpu family	: 6\u000amodel		: 63\u000amodel name	: Intel(R) Xeon(R) Processor @ 2.50GHz\u000astepping	: 2\u000amicrocode	: 0x1\u000acpu MHz		: 2500.010\u000acache size	: 33792 KB\u000aphysical id	: 0\u000asiblings	: 2\u000acore id		: 0\u000acpu cores	: 2\u000aapicid		: 0\u000ainitial apicid	: 0\u000afpu		: yes\u000afpu_exception	: yes\u000acpuid level	: 13\u000awp		: yes\u000aflags		: fpu vme de pse tsc msr pae mce cx8 apic sep mtrr pge mca cmov pat pse36 clflush mmx fxsr sse sse2 ht syscall nx rdtscp lm constant_tsc rep_good nopl xtopology nonstop_tsc cpuid tsc_known_freq pni pclmulqdq ssse3 fma cx16 pcid sse4_1 sse4_2 x2apic movbe popcnt tsc_deadline_timer aes xsave avx f16c rdrand hypervisor lahf_lm abm cpuid_fault invpcid_single pti ssbd ibrs ibpb stibp fsgsbase tsc_adjust bmi1 avx2 smep bmi2 erms invpcid smap xsaveopt arat md_clear arch_capabilities\u000abugs		: cpu_meltdown spectre_v1 spectre_v2 spec_store_bypass l1tf mds swapgs\u000abogomips	: 5000.02\u000aclflush size	: 64\u000acache_alignment	: 64\u000aaddress sizes	: 46 bits physical, 48 bits virtual\u000apower management:\u000a\u000aprocessor	: 1\u000avendor_id	: GenuineIntel\u000acpu family	: 6\u000amodel		: 63\u000amodel name	: Intel(R) Xeon(R) Processor @ 2.50GHz\u000astepping	: 2\u000amicrocode	: 0x1\u000acpu MHz		: 2500.010\u000acache size	: 33792 KB\u000aphysical id	: 0\u000asiblings	: 2\u000acore id		: 1\u000acpu cores	: 2\u000aapicid		: 1\u000ainitial apicid	: 1\u000afpu		: yes\u000afpu_exception	: yes\u000acpuid level	: 13\u000awp		: yes\u000aflags		: fpu vme de pse tsc msr pae mce cx8 apic sep mtrr pge mca cmov pat pse36 clflush mmx fxsr sse sse2 ht syscall nx rdtscp lm constant_tsc rep_good nopl xtopology nonstop_tsc cpuid tsc_known_freq pni pclmulqdq ssse3 fma cx16 pcid sse4_1 sse4_2 x2apic movbe popcnt tsc_deadline_timer aes xsave avx f16c rdrand hypervisor lahf_lm abm cpuid_fault invpcid_single pti ssbd ibrs ibpb stibp fsgsbase tsc_adjust bmi1 avx2 smep bmi2 erms invpcid smap xsaveopt arat md_clear arch_capabilities\u000abugs		: cpu_meltdown spectre_v1 spectre_v2 spec_store_bypass l1tf mds swapgs\u000abogomips	: 5000.02\u000aclflush size	: 64\u000acache_alignment	: 64\u000aaddress sizes	: 46 bits physical, 48 bits virtual\u000apower management:\u000a\u000a
p129
sV/proc/meminfo
p130
VMemTotal:        1717184 kB\u000aMemFree:         1121980 kB\u000aMemAvailable:    1486068 kB\u000aBuffers:           15140 kB\u000aCached:           463268 kB\u000aSwapCached:            0 kB\u000aActive:            92820 kB\u000aInactive:         446848 kB\u000aActive(anon):      61256 kB\u000aInactive(anon):      216 kB\u000aActive(file):      31564 kB\u000aInactive(file):   446632 kB\u000aUnevictable:           0 kB\u000aMlocked:               0 kB\u000aSwapTotal:             0 kB\u000aSwapFree:              0 kB\u000aDirty:             10424 kB\u000aWriteback:             0 kB\u000aAnonPages:         61292 kB\u000aMapped:            34604 kB\u000aShmem:               220 kB\u000aSlab:              42904 kB\u000aSReclaimable:      32796 kB\u000aSUnreclaim:        10108 kB\u000aKernelStack:        1152 kB\u000aPageTables:         1348 kB\u000aNFS_Unstable:          0 kB\u000aBounce:                0 kB\u000aWritebackTmp:          0 kB\u000aCommitLimit:      858592 kB\u000aCommitted_AS:     253716 kB\u000aVmallocTotal:   34359738367 kB\u000aVmallocUsed:           0 kB\u000aVmallocChunk:          0 kB\u000aAnonHugePages:         0 kB\u000aShmemHugePages:        0 kB\u000aShmemPmdMapped:        0 kB\u000aHugePages_Total:       0\u000aHugePages_Free:        0\u000aHugePages_Rsvd:        0\u000aHugePages_Surp:        0\u000aHugepagesize:       2048 kB\u000aDirectMap4k:       23552 kB\u000aDirectMap2M:     1738752 kB\u000a
p131
ssVstatus_key
p132
Vpywren.jobs/1aacdad7-d04c-4b8b-a43d-5ad2442f5dfd/00002/status.json
p133
sVend_time
p134
F1609050001.6984069
sVlog_group_name
p135
V/aws/lambda/pywren_redis_2
p136
sVdata_key
p137
Vpywren.jobs/1aacdad7-d04c-4b8b-a43d-5ad2442f5dfd/aggdata.pickle
p138
sa(dp139
Vcallset_id
p140
V1aacdad7-d04c-4b8b-a43d-5ad2442f5dfd
p141
sVlog_stream_name
p142
V2020/12/27/[$LATEST]44c5297d6d5a4cc1b774339298f36bcb
p143
sVstdout
p144
V
sVfunc_key
p145
Vpywren.jobs/1aacdad7-d04c-4b8b-a43d-5ad2442f5dfd/func.pickle
p146
sVfree_disk_bytes
p147
I538333184
sVruntime_cached
p148
I00
sVretcode
p149
I0
sVcall_id
p150
V00003
p151
sVoutput_key
p152
Vpywren.jobs/1aacdad7-d04c-4b8b-a43d-5ad2442f5dfd/00003/output.pickle
p153
sVruntime_s3_key_used
p154
V207f1c-pywren.runtimes/default_2.7.tar.gz.0064
p155
sVaws_request_id
p156
Vc7c21040-959b-417a-a39b-64b55861e50f
p157
sVexec_time
p158
F22.145035982131958
sVstart_time
p159
F1609049972.345638
sVsetup_time
p160
F7.1228640079498291
sVruntime_s3_bucket_used
p161
Vpywren-runtimes-public-us-west-2
p162
sVexception
p163
NsVhost_submit_time
p164
F1609049971.571589
sVserver_info
p165
(dp166
Vuname
p167
V('Linux', '169.254.212.229', '4.14.203-112.332.amzn2.x86_64', '#1 SMP Wed Nov 4 20:46:34 UTC 2020', 'x86_64', 'x86_64')
p168
sV/proc/self/cgroup
p169
VMemTotal:        1717184 kB\u000aMemFree:         1120056 kB\u000aMemAvailable:    1486044 kB\u000aBuffers:           17000 kB\u000aCached:           463352 kB\u000aSwapCached:            0 kB\u000aActive:            94352 kB\u000aInactive:         447212 kB\u000aActive(anon):      61204 kB\u000aInactive(anon):      216 kB\u000aActive(file):      33148 kB\u000aInactive(file):   446996 kB\u000aUnevictable:           0 kB\u000aMlocked:               0 kB\u000aSwapTotal:             0 kB\u000aSwapFree:              0 kB\u000aDirty:              8280 kB\u000aWriteback:             0 kB\u000aAnonPages:         61200 kB\u000aMapped:            35048 kB\u000aShmem:               220 kB\u000aSlab:              42844 kB\u000aSReclaimable:      32704 kB\u000aSUnreclaim:        10140 kB\u000aKernelStack:        1152 kB\u000aPageTables:         1340 kB\u000aNFS_Unstable:          0 kB\u000aBounce:                0 kB\u000aWritebackTmp:          0 kB\u000aCommitLimit:      858592 kB\u000aCommitted_AS:     253844 kB\u000aVmallocTotal:   34359738367 kB\u000aVmallocUsed:           0 kB\u000aVmallocChunk:          0 kB\u000aAnonHugePages:         0 kB\u000aShmemHugePages:        0 kB\u000aShmemPmdMapped:        0 kB\u000aHugePages_Total:       0\u000aHugePages_Free:        0\u000aHugePages_Rsvd:        0\u000aHugePages_Surp:        0\u000aHugepagesize:       2048 kB\u000aDirectMap4k:       21504 kB\u000aDirectMap2M:     1740800 kB\u000a
p170
sV/proc/cgroups
p171
V#subsys_name	hierarchy	num_cgroups	enabled\u000acpuset	7	1	1\u000acpu	3	5	1\u000acpuacct	3	5	1\u000ablkio	8	1	1\u000amemory	9	5	1\u000adevices	2	1	1\u000afreezer	10	2	1\u000anet_cls	4	1	1\u000aperf_event	11	1	1\u000anet_prio	4	1	1\u000ahugetlb	5	1	1\u000apids	6	1	1\u000a
p172
sV/proc/cpuinfo
p173
Vprocessor	: 0\u000avendor_id	: GenuineIntel\u000acpu family	: 6\u000amodel		: 63\u000amodel name	: Intel(R) Xeon(R) Processor @ 2.50GHz\u000astepping	: 2\u000amicrocode	: 0x1\u000acpu MHz		: 2500.012\u000acache size	: 33792 KB\u000aphysical id	: 0\u000asiblings	: 2\u000acore id		: 0\u000acpu cores	: 2\u000aapicid		: 0\u000ainitial apicid	: 0\u000afpu		: yes\u000afpu_exception	: yes\u000acpuid level	: 13\u000awp		: yes\u000aflags		: fpu vme de pse tsc msr pae mce cx8 apic sep mtrr pge mca cmov pat pse36 clflush mmx fxsr sse sse2 ht syscall nx rdtscp lm constant_tsc rep_good nopl xtopology nonstop_tsc cpuid tsc_known_freq pni pclmulqdq ssse3 fma cx16 pcid sse4_1 sse4_2 x2apic movbe popcnt tsc_deadline_timer aes xsave avx f16c rdrand hypervisor lahf_lm abm cpuid_fault invpcid_single pti ssbd ibrs ibpb stibp fsgsbase tsc_adjust bmi1 avx2 smep bmi2 erms invpcid smap xsaveopt arat md_clear arch_capabilities\u000abugs		: cpu_meltdown spectre_v1 spectre_v2 spec_store_bypass l1tf mds swapgs\u000abogomips	: 5000.02\u000aclflush size	: 64\u000acache_alignment	: 64\u000aaddress sizes	: 46 bits physical, 48 bits virtual\u000apower management:\u000a\u000aprocessor	: 1\u000avendor_id	: GenuineIntel\u000acpu family	: 6\u000amodel		: 63\u000amodel name	: Intel(R) Xeon(R) Processor @ 2.50GHz\u000astepping	: 2\u000amicrocode	: 0x1\u000acpu MHz		: 2500.012\u000acache size	: 33792 KB\u000aphysical id	: 0\u000asiblings	: 2\u000acore id		: 1\u000acpu cores	: 2\u000aapicid		: 1\u000ainitial apicid	: 1\u000afpu		: yes\u000afpu_exception	: yes\u000acpuid level	: 13\u000awp		: yes\u000aflags		: fpu vme de pse tsc msr pae mce cx8 apic sep mtrr pge mca cmov pat pse36 clflush mmx fxsr sse sse2 ht syscall nx rdtscp lm constant_tsc rep_good nopl xtopology nonstop_tsc cpuid tsc_known_freq pni pclmulqdq ssse3 fma cx16 pcid sse4_1 sse4_2 x2apic movbe popcnt tsc_deadline_timer aes xsave avx f16c rdrand hypervisor lahf_lm abm cpuid_fault invpcid_single pti ssbd ibrs ibpb stibp fsgsbase tsc_adjust bmi1 avx2 smep bmi2 erms invpcid smap xsaveopt arat md_clear arch_capabilities\u000abugs		: cpu_meltdown spectre_v1 spectre_v2 spec_store_bypass l1tf mds swapgs\u000abogomips	: 5000.02\u000aclflush size	: 64\u000acache_alignment	: 64\u000aaddress sizes	: 46 bits physical, 48 bits virtual\u000apower management:\u000a\u000a
p174
sV/proc/meminfo
p175
VMemTotal:        1717184 kB\u000aMemFree:         1120172 kB\u000aMemAvailable:    1486160 kB\u000aBuffers:           17000 kB\u000aCached:           463352 kB\u000aSwapCached:            0 kB\u000aActive:            94352 kB\u000aInactive:         447212 kB\u000aActive(anon):      61204 kB\u000aInactive(anon):      216 kB\u000aActive(file):      33148 kB\u000aInactive(file):   446996 kB\u000aUnevictable:           0 kB\u000aMlocked:               0 kB\u000aSwapTotal:             0 kB\u000aSwapFree:              0 kB\u000aDirty:              8280 kB\u000aWriteback:             0 kB\u000aAnonPages:         61200 kB\u000aMapped:            35048 kB\u000aShmem:               220 kB\u000aSlab:              42844 kB\u000aSReclaimable:      32704 kB\u000aSUnreclaim:        10140 kB\u000aKernelStack:        1152 kB\u000aPageTables:         1340 kB\u000aNFS_Unstable:          0 kB\u000aBounce:                0 kB\u000aWritebackTmp:          0 kB\u000aCommitLimit:      858592 kB\u000aCommitted_AS:     253844 kB\u000aVmallocTotal:   34359738367 kB\u000aVmallocUsed:           0 kB\u000aVmallocChunk:          0 kB\u000aAnonHugePages:         0 kB\u000aShmemHugePages:        0 kB\u000aShmemPmdMapped:        0 kB\u000aHugePages_Total:       0\u000aHugePages_Free:        0\u000aHugePages_Rsvd:        0\u000aHugePages_Surp:        0\u000aHugepagesize:       2048 kB\u000aDirectMap4k:       21504 kB\u000aDirectMap2M:     1740800 kB\u000a
p176
ssVstatus_key
p177
Vpywren.jobs/1aacdad7-d04c-4b8b-a43d-5ad2442f5dfd/00003/status.json
p178
sVend_time
p179
F1609050001.6135321
sVlog_group_name
p180
V/aws/lambda/pywren_redis_2
p181
sVdata_key
p182
Vpywren.jobs/1aacdad7-d04c-4b8b-a43d-5ad2442f5dfd/aggdata.pickle
p183
sa(dp184
Vcallset_id
p185
V1aacdad7-d04c-4b8b-a43d-5ad2442f5dfd
p186
sVlog_stream_name
p187
V2020/12/27/[$LATEST]bb74ff2be6f040b795061ff62f815b29
p188
sVstdout
p189
V
sVfunc_key
p190
Vpywren.jobs/1aacdad7-d04c-4b8b-a43d-5ad2442f5dfd/func.pickle
p191
sVfree_disk_bytes
p192
I538333184
sVruntime_cached
p193
I00
sVretcode
p194
I0
sVcall_id
p195
V00004
p196
sVoutput_key
p197
Vpywren.jobs/1aacdad7-d04c-4b8b-a43d-5ad2442f5dfd/00004/output.pickle
p198
sVruntime_s3_key_used
p199
V63afac-pywren.runtimes/default_2.7.tar.gz.0054
p200
sVaws_request_id
p201
Vcb2bd0c9-380b-4ee0-8f8f-415eba1dcbd1
p202
sVexec_time
p203
F22.17223596572876
sVstart_time
p204
F1609049972.379627
sVsetup_time
p205
F7.1102240085601807
sVruntime_s3_bucket_used
p206
Vpywren-runtimes-public-us-west-2
p207
sVexception
p208
NsVhost_submit_time
p209
F1609049971.573144
sVserver_info
p210
(dp211
Vuname
p212
V('Linux', '169.254.88.173', '4.14.203-112.332.amzn2.x86_64', '#1 SMP Wed Nov 4 20:46:34 UTC 2020', 'x86_64', 'x86_64')
p213
sV/proc/self/cgroup
p214
VMemTotal:        1717184 kB\u000aMemFree:         1120348 kB\u000aMemAvailable:    1486736 kB\u000aBuffers:           17052 kB\u000aCached:           463676 kB\u000aSwapCached:            0 kB\u000aActive:            94348 kB\u000aInactive:         447364 kB\u000aActive(anon):      60964 kB\u000aInactive(anon):      212 kB\u000aActive(file):      33384 kB\u000aInactive(file):   447152 kB\u000aUnevictable:           0 kB\u000aMlocked:               0 kB\u000aSwapTotal:             0 kB\u000aSwapFree:              0 kB\u000aDirty:             10216 kB\u000aWriteback:             0 kB\u000aAnonPages:         60972 kB\u000aMapped:            35084 kB\u000aShmem:               220 kB\u000aSlab:              42644 kB\u000aSReclaimable:      32716 kB\u000aSUnreclaim:         9928 kB\u000aKernelStack:        1152 kB\u000aPageTables:         1344 kB\u000aNFS_Unstable:          0 kB\u000aBounce:                0 kB\u000aWritebackTmp:          0 kB\u000aCommitLimit:      858592 kB\u000aCommitted_AS:     253544 kB\u000aVmallocTotal:   34359738367 kB\u000aVmallocUsed:           0 kB\u000aVmallocChunk:          0 kB\u000aAnonHugePages:         0 kB\u000aShmemHugePages:        0 kB\u000aShmemPmdMapped:        0 kB\u000aHugePages_Total:       0\u000aHugePages_Free:        0\u000aHugePages_Rsvd:        0\u000aHugePages_Surp:        0\u000aHugepagesize:       2048 kB\u000aDirectMap4k:       19456 kB\u000aDirectMap2M:     1742848 kB\u000a
p215
sV/proc/cgroups
p216
V#subsys_name	hierarchy	num_cgroups	enabled\u000acpuset	7	1	1\u000acpu	8	5	1\u000acpuacct	8	5	1\u000ablkio	10	1	1\u000amemory	9	5	1\u000adevices	5	1	1\u000afreezer	6	2	1\u000anet_cls	11	1	1\u000aperf_event	2	1	1\u000anet_prio	11	1	1\u000ahugetlb	3	1	1\u000apids	4	1	1\u000a
p217
sV/proc/cpuinfo
p218
Vprocessor	: 0\u000avendor_id	: GenuineIntel\u000acpu family	: 6\u000amodel		: 63\u000amodel name	: Intel(R) Xeon(R) Processor @ 2.50GHz\u000astepping	: 2\u000amicrocode	: 0x1\u000acpu MHz		: 2500.010\u000acache size	: 33792 KB\u000aphysical id	: 0\u000asiblings	: 2\u000acore id		: 0\u000acpu cores	: 2\u000aapicid		: 0\u000ainitial apicid	: 0\u000afpu		: yes\u000afpu_exception	: yes\u000acpuid level	: 13\u000awp		: yes\u000aflags		: fpu vme de pse tsc msr pae mce cx8 apic sep mtrr pge mca cmov pat pse36 clflush mmx fxsr sse sse2 ht syscall nx rdtscp lm constant_tsc rep_good nopl xtopology nonstop_tsc cpuid tsc_known_freq pni pclmulqdq ssse3 fma cx16 pcid sse4_1 sse4_2 x2apic movbe popcnt tsc_deadline_timer aes xsave avx f16c rdrand hypervisor lahf_lm abm cpuid_fault invpcid_single pti ssbd ibrs ibpb stibp fsgsbase tsc_adjust bmi1 avx2 smep bmi2 erms invpcid smap xsaveopt arat md_clear arch_capabilities\u000abugs		: cpu_meltdown spectre_v1 spectre_v2 spec_store_bypass l1tf mds swapgs\u000abogomips	: 5000.02\u000aclflush size	: 64\u000acache_alignment	: 64\u000aaddress sizes	: 46 bits physical, 48 bits virtual\u000apower management:\u000a\u000aprocessor	: 1\u000avendor_id	: GenuineIntel\u000acpu family	: 6\u000amodel		: 63\u000amodel name	: Intel(R) Xeon(R) Processor @ 2.50GHz\u000astepping	: 2\u000amicrocode	: 0x1\u000acpu MHz		: 2500.010\u000acache size	: 33792 KB\u000aphysical id	: 0\u000asiblings	: 2\u000acore id		: 1\u000acpu cores	: 2\u000aapicid		: 1\u000ainitial apicid	: 1\u000afpu		: yes\u000afpu_exception	: yes\u000acpuid level	: 13\u000awp		: yes\u000aflags		: fpu vme de pse tsc msr pae mce cx8 apic sep mtrr pge mca cmov pat pse36 clflush mmx fxsr sse sse2 ht syscall nx rdtscp lm constant_tsc rep_good nopl xtopology nonstop_tsc cpuid tsc_known_freq pni pclmulqdq ssse3 fma cx16 pcid sse4_1 sse4_2 x2apic movbe popcnt tsc_deadline_timer aes xsave avx f16c rdrand hypervisor lahf_lm abm cpuid_fault invpcid_single pti ssbd ibrs ibpb stibp fsgsbase tsc_adjust bmi1 avx2 smep bmi2 erms invpcid smap xsaveopt arat md_clear arch_capabilities\u000abugs		: cpu_meltdown spectre_v1 spectre_v2 spec_store_bypass l1tf mds swapgs\u000abogomips	: 5000.02\u000aclflush size	: 64\u000acache_alignment	: 64\u000aaddress sizes	: 46 bits physical, 48 bits virtual\u000apower management:\u000a\u000a
p219
sV/proc/meminfo
p220
VMemTotal:        1717184 kB\u000aMemFree:         1120348 kB\u000aMemAvailable:    1486736 kB\u000aBuffers:           17052 kB\u000aCached:           463676 kB\u000aSwapCached:            0 kB\u000aActive:            94348 kB\u000aInactive:         447364 kB\u000aActive(anon):      60964 kB\u000aInactive(anon):      212 kB\u000aActive(file):      33384 kB\u000aInactive(file):   447152 kB\u000aUnevictable:           0 kB\u000aMlocked:               0 kB\u000aSwapTotal:             0 kB\u000aSwapFree:              0 kB\u000aDirty:             10216 kB\u000aWriteback:             0 kB\u000aAnonPages:         60972 kB\u000aMapped:            35084 kB\u000aShmem:               220 kB\u000aSlab:              42644 kB\u000aSReclaimable:      32716 kB\u000aSUnreclaim:         9928 kB\u000aKernelStack:        1152 kB\u000aPageTables:         1344 kB\u000aNFS_Unstable:          0 kB\u000aBounce:                0 kB\u000aWritebackTmp:          0 kB\u000aCommitLimit:      858592 kB\u000aCommitted_AS:     253544 kB\u000aVmallocTotal:   34359738367 kB\u000aVmallocUsed:           0 kB\u000aVmallocChunk:          0 kB\u000aAnonHugePages:         0 kB\u000aShmemHugePages:        0 kB\u000aShmemPmdMapped:        0 kB\u000aHugePages_Total:       0\u000aHugePages_Free:        0\u000aHugePages_Rsvd:        0\u000aHugePages_Surp:        0\u000aHugepagesize:       2048 kB\u000aDirectMap4k:       19456 kB\u000aDirectMap2M:     1742848 kB\u000a
p221
ssVstatus_key
p222
Vpywren.jobs/1aacdad7-d04c-4b8b-a43d-5ad2442f5dfd/00004/status.json
p223
sVend_time
p224
F1609050001.662081
sVlog_group_name
p225
V/aws/lambda/pywren_redis_2
p226
sVdata_key
p227
Vpywren.jobs/1aacdad7-d04c-4b8b-a43d-5ad2442f5dfd/aggdata.pickle
p228
sa(dp229
Vcallset_id
p230
V1aacdad7-d04c-4b8b-a43d-5ad2442f5dfd
p231
sVlog_stream_name
p232
V2020/12/27/[$LATEST]2db5a184d568433da432affa3dab30ec
p233
sVstdout
p234
V
sVfunc_key
p235
Vpywren.jobs/1aacdad7-d04c-4b8b-a43d-5ad2442f5dfd/func.pickle
p236
sVfree_disk_bytes
p237
I538333184
sVruntime_cached
p238
I00
sVretcode
p239
I0
sVcall_id
p240
V00005
p241
sVoutput_key
p242
Vpywren.jobs/1aacdad7-d04c-4b8b-a43d-5ad2442f5dfd/00005/output.pickle
p243
sVruntime_s3_key_used
p244
V6fb970-pywren.runtimes/default_2.7.tar.gz.0026
p245
sVaws_request_id
p246
Vcf92b859-95ae-4c2f-92c1-a85034704228
p247
sVexec_time
p248
F21.022233009338379
sVstart_time
p249
F1609049972.3406
sVsetup_time
p250
F7.3545529842376709
sVruntime_s3_bucket_used
p251
Vpywren-runtimes-public-us-west-2
p252
sVexception
p253
NsVhost_submit_time
p254
F1609049971.5882161
sVserver_info
p255
(dp256
Vuname
p257
V('Linux', '169.254.176.85', '4.14.203-112.332.amzn2.x86_64', '#1 SMP Wed Nov 4 20:46:34 UTC 2020', 'x86_64', 'x86_64')
p258
sV/proc/self/cgroup
p259
VMemTotal:        1717184 kB\u000aMemFree:         1119396 kB\u000aMemAvailable:    1486136 kB\u000aBuffers:           17168 kB\u000aCached:           463908 kB\u000aSwapCached:            0 kB\u000aActive:            94856 kB\u000aInactive:         447536 kB\u000aActive(anon):      61308 kB\u000aInactive(anon):      216 kB\u000aActive(file):      33548 kB\u000aInactive(file):   447320 kB\u000aUnevictable:           0 kB\u000aMlocked:               0 kB\u000aSwapTotal:             0 kB\u000aSwapFree:              0 kB\u000aDirty:              8884 kB\u000aWriteback:             0 kB\u000aAnonPages:         61320 kB\u000aMapped:            35068 kB\u000aShmem:               220 kB\u000aSlab:              42828 kB\u000aSReclaimable:      32756 kB\u000aSUnreclaim:        10072 kB\u000aKernelStack:        1160 kB\u000aPageTables:         1332 kB\u000aNFS_Unstable:          0 kB\u000aBounce:                0 kB\u000aWritebackTmp:          0 kB\u000aCommitLimit:      858592 kB\u000aCommitted_AS:     253756 kB\u000aVmallocTotal:   34359738367 kB\u000aVmallocUsed:           0 kB\u000aVmallocChunk:          0 kB\u000aAnonHugePages:         0 kB\u000aShmemHugePages:        0 kB\u000aShmemPmdMapped:        0 kB\u000aHugePages_Total:       0\u000aHugePages_Free:        0\u000aHugePages_Rsvd:        0\u000aHugePages_Surp:        0\u000aHugepagesize:       2048 kB\u000aDirectMap4k:       19456 kB\u000aDirectMap2M:     1742848 kB\u000a
p260
sV/proc/cgroups
p261
V#subsys_name	hierarchy	num_cgroups	enabled\u000acpuset	8	1	1\u000acpu	2	5	1\u000acpuacct	2	5	1\u000ablkio	10	1	1\u000amemory	4	5	1\u000adevices	3	1	1\u000afreezer	6	2	1\u000anet_cls	5	1	1\u000aperf_event	11	1	1\u000anet_prio	5	1	1\u000ahugetlb	9	1	1\u000apids	7	1	1\u000a
p262
sV/proc/cpuinfo
p263
Vprocessor	: 0\u000avendor_id	: GenuineIntel\u000acpu family	: 6\u000amodel		: 63\u000amodel name	: Intel(R) Xeon(R) Processor @ 2.50GHz\u000astepping	: 2\u000amicrocode	: 0x1\u000acpu MHz		: 2500.012\u000acache size	: 33792 KB\u000aphysical id	: 0\u000asiblings	: 2\u000acore id		: 0\u000acpu cores	: 2\u000aapicid		: 0\u000ainitial apicid	: 0\u000afpu		: yes\u000afpu_exception	: yes\u000acpuid level	: 13\u000awp		: yes\u000aflags		: fpu vme de pse tsc msr pae mce cx8 apic sep mtrr pge mca cmov pat pse36 clflush mmx fxsr sse sse2 ht syscall nx rdtscp lm constant_tsc rep_good nopl xtopology nonstop_tsc cpuid tsc_known_freq pni pclmulqdq ssse3 fma cx16 pcid sse4_1 sse4_2 x2apic movbe popcnt tsc_deadline_timer aes xsave avx f16c rdrand hypervisor lahf_lm abm cpuid_fault invpcid_single pti ssbd ibrs ibpb stibp fsgsbase tsc_adjust bmi1 avx2 smep bmi2 erms invpcid smap xsaveopt arat md_clear arch_capabilities\u000abugs		: cpu_meltdown spectre_v1 spectre_v2 spec_store_bypass l1tf mds swapgs\u000abogomips	: 5000.02\u000aclflush size	: 64\u000acache_alignment	: 64\u000aaddress sizes	: 46 bits physical, 48 bits virtual\u000apower management:\u000a\u000aprocessor	: 1\u000avendor_id	: GenuineIntel\u000acpu family	: 6\u000amodel		: 63\u000amodel name	: Intel(R) Xeon(R) Processor @ 2.50GHz\u000astepping	: 2\u000amicrocode	: 0x1\u000acpu MHz		: 2500.012\u000acache size	: 33792 KB\u000aphysical id	: 0\u000asiblings	: 2\u000acore id		: 1\u000acpu cores	: 2\u000aapicid		: 1\u000ainitial apicid	: 1\u000afpu		: yes\u000afpu_exception	: yes\u000acpuid level	: 13\u000awp		: yes\u000aflags		: fpu vme de pse tsc msr pae mce cx8 apic sep mtrr pge mca cmov pat pse36 clflush mmx fxsr sse sse2 ht syscall nx rdtscp lm constant_tsc rep_good nopl xtopology nonstop_tsc cpuid tsc_known_freq pni pclmulqdq ssse3 fma cx16 pcid sse4_1 sse4_2 x2apic movbe popcnt tsc_deadline_timer aes xsave avx f16c rdrand hypervisor lahf_lm abm cpuid_fault invpcid_single pti ssbd ibrs ibpb stibp fsgsbase tsc_adjust bmi1 avx2 smep bmi2 erms invpcid smap xsaveopt arat md_clear arch_capabilities\u000abugs		: cpu_meltdown spectre_v1 spectre_v2 spec_store_bypass l1tf mds swapgs\u000abogomips	: 5000.02\u000aclflush size	: 64\u000acache_alignment	: 64\u000aaddress sizes	: 46 bits physical, 48 bits virtual\u000apower management:\u000a\u000a
p264
sV/proc/meminfo
p265
VMemTotal:        1717184 kB\u000aMemFree:         1119396 kB\u000aMemAvailable:    1486136 kB\u000aBuffers:           17168 kB\u000aCached:           463908 kB\u000aSwapCached:            0 kB\u000aActive:            94856 kB\u000aInactive:         447536 kB\u000aActive(anon):      61308 kB\u000aInactive(anon):      216 kB\u000aActive(file):      33548 kB\u000aInactive(file):   447320 kB\u000aUnevictable:           0 kB\u000aMlocked:               0 kB\u000aSwapTotal:             0 kB\u000aSwapFree:              0 kB\u000aDirty:              8884 kB\u000aWriteback:             0 kB\u000aAnonPages:         61320 kB\u000aMapped:            35068 kB\u000aShmem:               220 kB\u000aSlab:              42828 kB\u000aSReclaimable:      32756 kB\u000aSUnreclaim:        10072 kB\u000aKernelStack:        1160 kB\u000aPageTables:         1332 kB\u000aNFS_Unstable:          0 kB\u000aBounce:                0 kB\u000aWritebackTmp:          0 kB\u000aCommitLimit:      858592 kB\u000aCommitted_AS:     253756 kB\u000aVmallocTotal:   34359738367 kB\u000aVmallocUsed:           0 kB\u000aVmallocChunk:          0 kB\u000aAnonHugePages:         0 kB\u000aShmemHugePages:        0 kB\u000aShmemPmdMapped:        0 kB\u000aHugePages_Total:       0\u000aHugePages_Free:        0\u000aHugePages_Rsvd:        0\u000aHugePages_Surp:        0\u000aHugepagesize:       2048 kB\u000aDirectMap4k:       19456 kB\u000aDirectMap2M:     1742848 kB\u000a
p266
ssVstatus_key
p267
Vpywren.jobs/1aacdad7-d04c-4b8b-a43d-5ad2442f5dfd/00005/status.json
p268
sVend_time
p269
F1609050000.71738
sVlog_group_name
p270
V/aws/lambda/pywren_redis_2
p271
sVdata_key
p272
Vpywren.jobs/1aacdad7-d04c-4b8b-a43d-5ad2442f5dfd/aggdata.pickle
p273
sa(dp274
Vcallset_id
p275
V1aacdad7-d04c-4b8b-a43d-5ad2442f5dfd
p276
sVlog_stream_name
p277
V2020/12/27/[$LATEST]7f97f1ff7a1a425cba23c5c330387b5c
p278
sVstdout
p279
V
sVfunc_key
p280
Vpywren.jobs/1aacdad7-d04c-4b8b-a43d-5ad2442f5dfd/func.pickle
p281
sVfree_disk_bytes
p282
I538333184
sVruntime_cached
p283
I00
sVretcode
p284
I0
sVcall_id
p285
V00006
p286
sVoutput_key
p287
Vpywren.jobs/1aacdad7-d04c-4b8b-a43d-5ad2442f5dfd/00006/output.pickle
p288
sVruntime_s3_key_used
p289
V6ea717-pywren.runtimes/default_2.7.tar.gz.0076
p290
sVaws_request_id
p291
Vf146ebed-754c-464f-9b17-45dda0a591fa
p292
sVexec_time
p293
F22.164968967437744
sVstart_time
p294
F1609049972.5113289
sVsetup_time
p295
F8.0118000507354736
sVruntime_s3_bucket_used
p296
Vpywren-runtimes-public-us-west-2
p297
sVexception
p298
NsVhost_submit_time
p299
F1609049971.5896561
sVserver_info
p300
(dp301
Vuname
p302
V('Linux', '169.254.39.197', '4.14.203-112.332.amzn2.x86_64', '#1 SMP Wed Nov 4 20:46:34 UTC 2020', 'x86_64', 'x86_64')
p303
sV/proc/self/cgroup
p304
VMemTotal:        1717184 kB\u000aMemFree:         1122880 kB\u000aMemAvailable:    1486344 kB\u000aBuffers:           14780 kB\u000aCached:           463040 kB\u000aSwapCached:            0 kB\u000aActive:            92500 kB\u000aInactive:         446404 kB\u000aActive(anon):      61076 kB\u000aInactive(anon):      216 kB\u000aActive(file):      31424 kB\u000aInactive(file):   446188 kB\u000aUnevictable:           0 kB\u000aMlocked:               0 kB\u000aSwapTotal:             0 kB\u000aSwapFree:              0 kB\u000aDirty:              9008 kB\u000aWriteback:             0 kB\u000aAnonPages:         61084 kB\u000aMapped:            34392 kB\u000aShmem:               220 kB\u000aSlab:              42620 kB\u000aSReclaimable:      32720 kB\u000aSUnreclaim:         9900 kB\u000aKernelStack:        1192 kB\u000aPageTables:         1316 kB\u000aNFS_Unstable:          0 kB\u000aBounce:                0 kB\u000aWritebackTmp:          0 kB\u000aCommitLimit:      858592 kB\u000aCommitted_AS:     253712 kB\u000aVmallocTotal:   34359738367 kB\u000aVmallocUsed:           0 kB\u000aVmallocChunk:          0 kB\u000aAnonHugePages:         0 kB\u000aShmemHugePages:        0 kB\u000aShmemPmdMapped:        0 kB\u000aHugePages_Total:       0\u000aHugePages_Free:        0\u000aHugePages_Rsvd:        0\u000aHugePages_Surp:        0\u000aHugepagesize:       2048 kB\u000aDirectMap4k:       21504 kB\u000aDirectMap2M:     1740800 kB\u000a
p305
sV/proc/cgroups
p306
V#subsys_name	hierarchy	num_cgroups	enabled\u000acpuset	7	1	1\u000acpu	10	5	1\u000acpuacct	10	5	1\u000ablkio	11	1	1\u000amemory	2	5	1\u000adevices	6	1	1\u000afreezer	5	2	1\u000anet_cls	8	1	1\u000aperf_event	9	1	1\u000anet_prio	8	1	1\u000ahugetlb	4	1	1\u000apids	3	1	1\u000a
p307
sV/proc/cpuinfo
p308
Vprocessor	: 0\u000avendor_id	: GenuineIntel\u000acpu family	: 6\u000amodel		: 63\u000amodel name	: Intel(R) Xeon(R) Processor @ 2.50GHz\u000astepping	: 2\u000amicrocode	: 0x1\u000acpu MHz		: 2500.010\u000acache size	: 33792 KB\u000aphysical id	: 0\u000asiblings	: 2\u000acore id		: 0\u000acpu cores	: 2\u000aapicid		: 0\u000ainitial apicid	: 0\u000afpu		: yes\u000afpu_exception	: yes\u000acpuid level	: 13\u000awp		: yes\u000aflags		: fpu vme de pse tsc msr pae mce cx8 apic sep mtrr pge mca cmov pat pse36 clflush mmx fxsr sse sse2 ht syscall nx rdtscp lm constant_tsc rep_good nopl xtopology nonstop_tsc cpuid tsc_known_freq pni pclmulqdq ssse3 fma cx16 pcid sse4_1 sse4_2 x2apic movbe popcnt tsc_deadline_timer aes xsave avx f16c rdrand hypervisor lahf_lm abm cpuid_fault invpcid_single pti ssbd ibrs ibpb stibp fsgsbase tsc_adjust bmi1 avx2 smep bmi2 erms invpcid smap xsaveopt arat md_clear arch_capabilities\u000abugs		: cpu_meltdown spectre_v1 spectre_v2 spec_store_bypass l1tf mds swapgs\u000abogomips	: 5000.02\u000aclflush size	: 64\u000acache_alignment	: 64\u000aaddress sizes	: 46 bits physical, 48 bits virtual\u000apower management:\u000a\u000aprocessor	: 1\u000avendor_id	: GenuineIntel\u000acpu family	: 6\u000amodel		: 63\u000amodel name	: Intel(R) Xeon(R) Processor @ 2.50GHz\u000astepping	: 2\u000amicrocode	: 0x1\u000acpu MHz		: 2500.010\u000acache size	: 33792 KB\u000aphysical id	: 0\u000asiblings	: 2\u000acore id		: 1\u000acpu cores	: 2\u000aapicid		: 1\u000ainitial apicid	: 1\u000afpu		: yes\u000afpu_exception	: yes\u000acpuid level	: 13\u000awp		: yes\u000aflags		: fpu vme de pse tsc msr pae mce cx8 apic sep mtrr pge mca cmov pat pse36 clflush mmx fxsr sse sse2 ht syscall nx rdtscp lm constant_tsc rep_good nopl xtopology nonstop_tsc cpuid tsc_known_freq pni pclmulqdq ssse3 fma cx16 pcid sse4_1 sse4_2 x2apic movbe popcnt tsc_deadline_timer aes xsave avx f16c rdrand hypervisor lahf_lm abm cpuid_fault invpcid_single pti ssbd ibrs ibpb stibp fsgsbase tsc_adjust bmi1 avx2 smep bmi2 erms invpcid smap xsaveopt arat md_clear arch_capabilities\u000abugs		: cpu_meltdown spectre_v1 spectre_v2 spec_store_bypass l1tf mds swapgs\u000abogomips	: 5000.02\u000aclflush size	: 64\u000acache_alignment	: 64\u000aaddress sizes	: 46 bits physical, 48 bits virtual\u000apower management:\u000a\u000a
p309
sV/proc/meminfo
p310
VMemTotal:        1717184 kB\u000aMemFree:         1122880 kB\u000aMemAvailable:    1486344 kB\u000aBuffers:           14780 kB\u000aCached:           463040 kB\u000aSwapCached:            0 kB\u000aActive:            92500 kB\u000aInactive:         446404 kB\u000aActive(anon):      61076 kB\u000aInactive(anon):      216 kB\u000aActive(file):      31424 kB\u000aInactive(file):   446188 kB\u000aUnevictable:           0 kB\u000aMlocked:               0 kB\u000aSwapTotal:             0 kB\u000aSwapFree:              0 kB\u000aDirty:              9008 kB\u000aWriteback:             0 kB\u000aAnonPages:         61084 kB\u000aMapped:            34392 kB\u000aShmem:               220 kB\u000aSlab:              42620 kB\u000aSReclaimable:      32720 kB\u000aSUnreclaim:         9900 kB\u000aKernelStack:        1192 kB\u000aPageTables:         1316 kB\u000aNFS_Unstable:          0 kB\u000aBounce:                0 kB\u000aWritebackTmp:          0 kB\u000aCommitLimit:      858592 kB\u000aCommitted_AS:     253712 kB\u000aVmallocTotal:   34359738367 kB\u000aVmallocUsed:           0 kB\u000aVmallocChunk:          0 kB\u000aAnonHugePages:         0 kB\u000aShmemHugePages:        0 kB\u000aShmemPmdMapped:        0 kB\u000aHugePages_Total:       0\u000aHugePages_Free:        0\u000aHugePages_Rsvd:        0\u000aHugePages_Surp:        0\u000aHugepagesize:       2048 kB\u000aDirectMap4k:       21504 kB\u000aDirectMap2M:     1740800 kB\u000a
p311
ssVstatus_key
p312
Vpywren.jobs/1aacdad7-d04c-4b8b-a43d-5ad2442f5dfd/00006/status.json
p313
sVend_time
p314
F1609050002.688092
sVlog_group_name
p315
V/aws/lambda/pywren_redis_2
p316
sVdata_key
p317
Vpywren.jobs/1aacdad7-d04c-4b8b-a43d-5ad2442f5dfd/aggdata.pickle
p318
sa(dp319
Vcallset_id
p320
V1aacdad7-d04c-4b8b-a43d-5ad2442f5dfd
p321
sVlog_stream_name
p322
V2020/12/27/[$LATEST]3232aa1ce51146cca91a97be8672e16e
p323
sVstdout
p324
V
sVfunc_key
p325
Vpywren.jobs/1aacdad7-d04c-4b8b-a43d-5ad2442f5dfd/func.pickle
p326
sVfree_disk_bytes
p327
I538333184
sVruntime_cached
p328
I00
sVretcode
p329
I0
sVcall_id
p330
V00007
p331
sVoutput_key
p332
Vpywren.jobs/1aacdad7-d04c-4b8b-a43d-5ad2442f5dfd/00007/output.pickle
p333
sVruntime_s3_key_used
p334
V366737-pywren.runtimes/default_2.7.tar.gz.0052
p335
sVaws_request_id
p336
V4872d0cf-7bc0-4521-a07c-e72021b38eed
p337
sVexec_time
p338
F22.717823028564453
sVstart_time
p339
F1609049972.5028651
sVsetup_time
p340
F6.938546895980835
sVruntime_s3_bucket_used
p341
Vpywren-runtimes-public-us-west-2
p342
sVexception
p343
NsVhost_submit_time
p344
F1609049971.594471
sVserver_info
p345
(dp346
Vuname
p347
V('Linux', '169.254.121.245', '4.14.203-112.332.amzn2.x86_64', '#1 SMP Wed Nov 4 20:46:34 UTC 2020', 'x86_64', 'x86_64')
p348
sV/proc/self/cgroup
p349
VMemTotal:        1717184 kB\u000aMemFree:         1119128 kB\u000aMemAvailable:    1486468 kB\u000aBuffers:           17828 kB\u000aCached:           463860 kB\u000aSwapCached:            0 kB\u000aActive:            95540 kB\u000aInactive:         447324 kB\u000aActive(anon):      61168 kB\u000aInactive(anon):      216 kB\u000aActive(file):      34372 kB\u000aInactive(file):   447108 kB\u000aUnevictable:           0 kB\u000aMlocked:               0 kB\u000aSwapTotal:             0 kB\u000aSwapFree:              0 kB\u000aDirty:             10136 kB\u000aWriteback:             0 kB\u000aAnonPages:         61164 kB\u000aMapped:            35088 kB\u000aShmem:               220 kB\u000aSlab:              42656 kB\u000aSReclaimable:      32736 kB\u000aSUnreclaim:         9920 kB\u000aKernelStack:        1152 kB\u000aPageTables:         1332 kB\u000aNFS_Unstable:          0 kB\u000aBounce:                0 kB\u000aWritebackTmp:          0 kB\u000aCommitLimit:      858592 kB\u000aCommitted_AS:     251716 kB\u000aVmallocTotal:   34359738367 kB\u000aVmallocUsed:           0 kB\u000aVmallocChunk:          0 kB\u000aAnonHugePages:         0 kB\u000aShmemHugePages:        0 kB\u000aShmemPmdMapped:        0 kB\u000aHugePages_Total:       0\u000aHugePages_Free:        0\u000aHugePages_Rsvd:        0\u000aHugePages_Surp:        0\u000aHugepagesize:       2048 kB\u000aDirectMap4k:       19456 kB\u000aDirectMap2M:     1742848 kB\u000a
p350
sV/proc/cgroups
p351
V#subsys_name	hierarchy	num_cgroups	enabled\u000acpuset	11	1	1\u000acpu	4	5	1\u000acpuacct	4	5	1\u000ablkio	7	1	1\u000amemory	6	5	1\u000adevices	9	1	1\u000afreezer	5	2	1\u000anet_cls	2	1	1\u000aperf_event	8	1	1\u000anet_prio	2	1	1\u000ahugetlb	3	1	1\u000apids	10	1	1\u000a
p352
sV/proc/cpuinfo
p353
Vprocessor	: 0\u000avendor_id	: GenuineIntel\u000acpu family	: 6\u000amodel		: 63\u000amodel name	: Intel(R) Xeon(R) Processor @ 2.50GHz\u000astepping	: 2\u000amicrocode	: 0x1\u000acpu MHz		: 2500.004\u000acache size	: 36608 KB\u000aphysical id	: 0\u000asiblings	: 2\u000acore id		: 0\u000acpu cores	: 2\u000aapicid		: 0\u000ainitial apicid	: 0\u000afpu		: yes\u000afpu_exception	: yes\u000acpuid level	: 13\u000awp		: yes\u000aflags		: fpu vme de pse tsc msr pae mce cx8 apic sep mtrr pge mca cmov pat pse36 clflush mmx fxsr sse sse2 ht syscall nx rdtscp lm constant_tsc rep_good nopl xtopology nonstop_tsc cpuid tsc_known_freq pni pclmulqdq ssse3 fma cx16 pcid sse4_1 sse4_2 x2apic movbe popcnt tsc_deadline_timer aes xsave avx f16c rdrand hypervisor lahf_lm abm cpuid_fault invpcid_single ssbd ibrs ibpb stibp ibrs_enhanced fsgsbase tsc_adjust bmi1 avx2 smep bmi2 erms invpcid smap xsaveopt arat md_clear arch_capabilities\u000abugs		: spectre_v1 spectre_v2 spec_store_bypass swapgs\u000abogomips	: 5000.00\u000aclflush size	: 64\u000acache_alignment	: 64\u000aaddress sizes	: 46 bits physical, 48 bits virtual\u000apower management:\u000a\u000aprocessor	: 1\u000avendor_id	: GenuineIntel\u000acpu family	: 6\u000amodel		: 63\u000amodel name	: Intel(R) Xeon(R) Processor @ 2.50GHz\u000astepping	: 2\u000amicrocode	: 0x1\u000acpu MHz		: 2500.004\u000acache size	: 36608 KB\u000aphysical id	: 0\u000asiblings	: 2\u000acore id		: 1\u000acpu cores	: 2\u000aapicid		: 1\u000ainitial apicid	: 1\u000afpu		: yes\u000afpu_exception	: yes\u000acpuid level	: 13\u000awp		: yes\u000aflags		: fpu vme de pse tsc msr pae mce cx8 apic sep mtrr pge mca cmov pat pse36 clflush mmx fxsr sse sse2 ht syscall nx rdtscp lm constant_tsc rep_good nopl xtopology nonstop_tsc cpuid tsc_known_freq pni pclmulqdq ssse3 fma cx16 pcid sse4_1 sse4_2 x2apic movbe popcnt tsc_deadline_timer aes xsave avx f16c rdrand hypervisor lahf_lm abm cpuid_fault invpcid_single ssbd ibrs ibpb stibp ibrs_enhanced fsgsbase tsc_adjust bmi1 avx2 smep bmi2 erms invpcid smap xsaveopt arat md_clear arch_capabilities\u000abugs		: spectre_v1 spectre_v2 spec_store_bypass swapgs\u000abogomips	: 5000.00\u000aclflush size	: 64\u000acache_alignment	: 64\u000aaddress sizes	: 46 bits physical, 48 bits virtual\u000apower management:\u000a\u000a
p354
sV/proc/meminfo
p355
VMemTotal:        1717184 kB\u000aMemFree:         1119128 kB\u000aMemAvailable:    1486468 kB\u000aBuffers:           17828 kB\u000aCached:           463860 kB\u000aSwapCached:            0 kB\u000aActive:            95540 kB\u000aInactive:         447324 kB\u000aActive(anon):      61168 kB\u000aInactive(anon):      216 kB\u000aActive(file):      34372 kB\u000aInactive(file):   447108 kB\u000aUnevictable:           0 kB\u000aMlocked:               0 kB\u000aSwapTotal:             0 kB\u000aSwapFree:              0 kB\u000aDirty:             10136 kB\u000aWriteback:             0 kB\u000aAnonPages:         61164 kB\u000aMapped:            35088 kB\u000aShmem:               220 kB\u000aSlab:              42656 kB\u000aSReclaimable:      32736 kB\u000aSUnreclaim:         9920 kB\u000aKernelStack:        1152 kB\u000aPageTables:         1332 kB\u000aNFS_Unstable:          0 kB\u000aBounce:                0 kB\u000aWritebackTmp:          0 kB\u000aCommitLimit:      858592 kB\u000aCommitted_AS:     251716 kB\u000aVmallocTotal:   34359738367 kB\u000aVmallocUsed:           0 kB\u000aVmallocChunk:          0 kB\u000aAnonHugePages:         0 kB\u000aShmemHugePages:        0 kB\u000aShmemPmdMapped:        0 kB\u000aHugePages_Total:       0\u000aHugePages_Free:        0\u000aHugePages_Rsvd:        0\u000aHugePages_Surp:        0\u000aHugepagesize:       2048 kB\u000aDirectMap4k:       19456 kB\u000aDirectMap2M:     1742848 kB\u000a
p356
ssVstatus_key
p357
Vpywren.jobs/1aacdad7-d04c-4b8b-a43d-5ad2442f5dfd/00007/status.json
p358
sVend_time
p359
F1609050002.159229
sVlog_group_name
p360
V/aws/lambda/pywren_redis_2
p361
sVdata_key
p362
Vpywren.jobs/1aacdad7-d04c-4b8b-a43d-5ad2442f5dfd/aggdata.pickle
p363
sa(dp364
Vcallset_id
p365
V1aacdad7-d04c-4b8b-a43d-5ad2442f5dfd
p366
sVlog_stream_name
p367
V2020/12/27/[$LATEST]f0b1d65294114884bab5bf8f146ac9a8
p368
sVstdout
p369
V
sVfunc_key
p370
Vpywren.jobs/1aacdad7-d04c-4b8b-a43d-5ad2442f5dfd/func.pickle
p371
sVfree_disk_bytes
p372
I538333184
sVruntime_cached
p373
I00
sVretcode
p374
I0
sVcall_id
p375
V00008
p376
sVoutput_key
p377
Vpywren.jobs/1aacdad7-d04c-4b8b-a43d-5ad2442f5dfd/00008/output.pickle
p378
sVruntime_s3_key_used
p379
Vbe2299-pywren.runtimes/default_2.7.tar.gz.0080
p380
sVaws_request_id
p381
V1f531199-b83e-4eea-8ee1-004e0db4fe28
p382
sVexec_time
p383
F22.132322788238525
sVstart_time
p384
F1609049972.3574519
sVsetup_time
p385
F6.8978981971740723
sVruntime_s3_bucket_used
p386
Vpywren-runtimes-public-us-west-2
p387
sVexception
p388
NsVhost_submit_time
p389
F1609049971.6034119
sVserver_info
p390
(dp391
Vuname
p392
V('Linux', '169.254.236.205', '4.14.203-112.332.amzn2.x86_64', '#1 SMP Wed Nov 4 20:46:34 UTC 2020', 'x86_64', 'x86_64')
p393
sV/proc/self/cgroup
p394
VMemTotal:        1717184 kB\u000aMemFree:         1119524 kB\u000aMemAvailable:    1486368 kB\u000aBuffers:           17496 kB\u000aCached:           463620 kB\u000aSwapCached:            0 kB\u000aActive:            94712 kB\u000aInactive:         447188 kB\u000aActive(anon):      60776 kB\u000aInactive(anon):      216 kB\u000aActive(file):      33936 kB\u000aInactive(file):   446972 kB\u000aUnevictable:           0 kB\u000aMlocked:               0 kB\u000aSwapTotal:             0 kB\u000aSwapFree:              0 kB\u000aDirty:             10120 kB\u000aWriteback:             0 kB\u000aAnonPages:         60772 kB\u000aMapped:            34976 kB\u000aShmem:               220 kB\u000aSlab:              43104 kB\u000aSReclaimable:      32888 kB\u000aSUnreclaim:        10216 kB\u000aKernelStack:        1152 kB\u000aPageTables:         1328 kB\u000aNFS_Unstable:          0 kB\u000aBounce:                0 kB\u000aWritebackTmp:          0 kB\u000aCommitLimit:      858592 kB\u000aCommitted_AS:     253556 kB\u000aVmallocTotal:   34359738367 kB\u000aVmallocUsed:           0 kB\u000aVmallocChunk:          0 kB\u000aAnonHugePages:         0 kB\u000aShmemHugePages:        0 kB\u000aShmemPmdMapped:        0 kB\u000aHugePages_Total:       0\u000aHugePages_Free:        0\u000aHugePages_Rsvd:        0\u000aHugePages_Surp:        0\u000aHugepagesize:       2048 kB\u000aDirectMap4k:       19456 kB\u000aDirectMap2M:     1742848 kB\u000a
p395
sV/proc/cgroups
p396
V#subsys_name	hierarchy	num_cgroups	enabled\u000acpuset	9	1	1\u000acpu	3	5	1\u000acpuacct	3	5	1\u000ablkio	7	1	1\u000amemory	5	5	1\u000adevices	8	1	1\u000afreezer	10	2	1\u000anet_cls	2	1	1\u000aperf_event	6	1	1\u000anet_prio	2	1	1\u000ahugetlb	4	1	1\u000apids	11	1	1\u000a
p397
sV/proc/cpuinfo
p398
Vprocessor	: 0\u000avendor_id	: GenuineIntel\u000acpu family	: 6\u000amodel		: 63\u000amodel name	: Intel(R) Xeon(R) Processor @ 2.50GHz\u000astepping	: 2\u000amicrocode	: 0x1\u000acpu MHz		: 2500.010\u000acache size	: 36608 KB\u000aphysical id	: 0\u000asiblings	: 2\u000acore id		: 0\u000acpu cores	: 2\u000aapicid		: 0\u000ainitial apicid	: 0\u000afpu		: yes\u000afpu_exception	: yes\u000acpuid level	: 13\u000awp		: yes\u000aflags		: fpu vme de pse tsc msr pae mce cx8 apic sep mtrr pge mca cmov pat pse36 clflush mmx fxsr sse sse2 ht syscall nx rdtscp lm constant_tsc rep_good nopl xtopology nonstop_tsc cpuid tsc_known_freq pni pclmulqdq ssse3 fma cx16 pcid sse4_1 sse4_2 x2apic movbe popcnt tsc_deadline_timer aes xsave avx f16c rdrand hypervisor lahf_lm abm cpuid_fault invpcid_single ssbd ibrs ibpb stibp ibrs_enhanced fsgsbase tsc_adjust bmi1 avx2 smep bmi2 erms invpcid smap xsaveopt arat md_clear arch_capabilities\u000abugs		: spectre_v1 spectre_v2 spec_store_bypass swapgs\u000abogomips	: 5000.02\u000aclflush size	: 64\u000acache_alignment	: 64\u000aaddress sizes	: 46 bits physical, 48 bits virtual\u000apower management:\u000a\u000aprocessor	: 1\u000avendor_id	: GenuineIntel\u000acpu family	: 6\u000amodel		: 63\u000amodel name	: Intel(R) Xeon(R) Processor @ 2.50GHz\u000astepping	: 2\u000amicrocode	: 0x1\u000acpu MHz		: 2500.010\u000acache size	: 36608 KB\u000aphysical id	: 0\u000asiblings	: 2\u000acore id		: 1\u000acpu cores	: 2\u000aapicid		: 1\u000ainitial apicid	: 1\u000afpu		: yes\u000afpu_exception	: yes\u000acpuid level	: 13\u000awp		: yes\u000aflags		: fpu vme de pse tsc msr pae mce cx8 apic sep mtrr pge mca cmov pat pse36 clflush mmx fxsr sse sse2 ht syscall nx rdtscp lm constant_tsc rep_good nopl xtopology nonstop_tsc cpuid tsc_known_freq pni pclmulqdq ssse3 fma cx16 pcid sse4_1 sse4_2 x2apic movbe popcnt tsc_deadline_timer aes xsave avx f16c rdrand hypervisor lahf_lm abm cpuid_fault invpcid_single ssbd ibrs ibpb stibp ibrs_enhanced fsgsbase tsc_adjust bmi1 avx2 smep bmi2 erms invpcid smap xsaveopt arat md_clear arch_capabilities\u000abugs		: spectre_v1 spectre_v2 spec_store_bypass swapgs\u000abogomips	: 5000.02\u000aclflush size	: 64\u000acache_alignment	: 64\u000aaddress sizes	: 46 bits physical, 48 bits virtual\u000apower management:\u000a\u000a
p399
sV/proc/meminfo
p400
VMemTotal:        1717184 kB\u000aMemFree:         1119524 kB\u000aMemAvailable:    1486368 kB\u000aBuffers:           17496 kB\u000aCached:           463620 kB\u000aSwapCached:            0 kB\u000aActive:            94712 kB\u000aInactive:         447188 kB\u000aActive(anon):      60776 kB\u000aInactive(anon):      216 kB\u000aActive(file):      33936 kB\u000aInactive(file):   446972 kB\u000aUnevictable:           0 kB\u000aMlocked:               0 kB\u000aSwapTotal:             0 kB\u000aSwapFree:              0 kB\u000aDirty:             10120 kB\u000aWriteback:             0 kB\u000aAnonPages:         60772 kB\u000aMapped:            34976 kB\u000aShmem:               220 kB\u000aSlab:              43104 kB\u000aSReclaimable:      32888 kB\u000aSUnreclaim:        10216 kB\u000aKernelStack:        1152 kB\u000aPageTables:         1328 kB\u000aNFS_Unstable:          0 kB\u000aBounce:                0 kB\u000aWritebackTmp:          0 kB\u000aCommitLimit:      858592 kB\u000aCommitted_AS:     253556 kB\u000aVmallocTotal:   34359738367 kB\u000aVmallocUsed:           0 kB\u000aVmallocChunk:          0 kB\u000aAnonHugePages:         0 kB\u000aShmemHugePages:        0 kB\u000aShmemPmdMapped:        0 kB\u000aHugePages_Total:       0\u000aHugePages_Free:        0\u000aHugePages_Rsvd:        0\u000aHugePages_Surp:        0\u000aHugepagesize:       2048 kB\u000aDirectMap4k:       19456 kB\u000aDirectMap2M:     1742848 kB\u000a
p401
ssVstatus_key
p402
Vpywren.jobs/1aacdad7-d04c-4b8b-a43d-5ad2442f5dfd/00008/status.json
p403
sVend_time
p404
F1609050001.3876669
sVlog_group_name
p405
V/aws/lambda/pywren_redis_2
p406
sVdata_key
p407
Vpywren.jobs/1aacdad7-d04c-4b8b-a43d-5ad2442f5dfd/aggdata.pickle
p408
sa(dp409
Vcallset_id
p410
V1aacdad7-d04c-4b8b-a43d-5ad2442f5dfd
p411
sVlog_stream_name
p412
V2020/12/27/[$LATEST]4687760ca0ea48b1a3f6f6f15ce3fd86
p413
sVstdout
p414
V
sVfunc_key
p415
Vpywren.jobs/1aacdad7-d04c-4b8b-a43d-5ad2442f5dfd/func.pickle
p416
sVfree_disk_bytes
p417
I538333184
sVruntime_cached
p418
I00
sVretcode
p419
I0
sVcall_id
p420
V00009
p421
sVoutput_key
p422
Vpywren.jobs/1aacdad7-d04c-4b8b-a43d-5ad2442f5dfd/00009/output.pickle
p423
sVruntime_s3_key_used
p424
Vc39cc0-pywren.runtimes/default_2.7.tar.gz.0048
p425
sVaws_request_id
p426
V65980dda-b109-4d01-902f-45d013f39302
p427
sVexec_time
p428
F22.114546060562134
sVstart_time
p429
F1609049972.3717589
sVsetup_time
p430
F7.0951530933380127
sVruntime_s3_bucket_used
p431
Vpywren-runtimes-public-us-west-2
p432
sVexception
p433
NsVhost_submit_time
p434
F1609049971.6196921
sVserver_info
p435
(dp436
Vuname
p437
V('Linux', '169.254.89.61', '4.14.203-112.332.amzn2.x86_64', '#1 SMP Wed Nov 4 20:46:34 UTC 2020', 'x86_64', 'x86_64')
p438
sV/proc/self/cgroup
p439
VMemTotal:        1717184 kB\u000aMemFree:         1119688 kB\u000aMemAvailable:    1486204 kB\u000aBuffers:           17264 kB\u000aCached:           463604 kB\u000aSwapCached:            0 kB\u000aActive:            94516 kB\u000aInactive:         447368 kB\u000aActive(anon):      61008 kB\u000aInactive(anon):      216 kB\u000aActive(file):      33508 kB\u000aInactive(file):   447152 kB\u000aUnevictable:           0 kB\u000aMlocked:               0 kB\u000aSwapTotal:             0 kB\u000aSwapFree:              0 kB\u000aDirty:              8752 kB\u000aWriteback:             0 kB\u000aAnonPages:         60972 kB\u000aMapped:            34816 kB\u000aShmem:               220 kB\u000aSlab:              42828 kB\u000aSReclaimable:      32728 kB\u000aSUnreclaim:        10100 kB\u000aKernelStack:        1176 kB\u000aPageTables:         1396 kB\u000aNFS_Unstable:          0 kB\u000aBounce:                0 kB\u000aWritebackTmp:          0 kB\u000aCommitLimit:      858592 kB\u000aCommitted_AS:     250872 kB\u000aVmallocTotal:   34359738367 kB\u000aVmallocUsed:           0 kB\u000aVmallocChunk:          0 kB\u000aAnonHugePages:         0 kB\u000aShmemHugePages:        0 kB\u000aShmemPmdMapped:        0 kB\u000aHugePages_Total:       0\u000aHugePages_Free:        0\u000aHugePages_Rsvd:        0\u000aHugePages_Surp:        0\u000aHugepagesize:       2048 kB\u000aDirectMap4k:       27648 kB\u000aDirectMap2M:     1734656 kB\u000a
p440
sV/proc/cgroups
p441
V#subsys_name	hierarchy	num_cgroups	enabled\u000acpuset	6	1	1\u000acpu	5	5	1\u000acpuacct	5	5	1\u000ablkio	4	1	1\u000amemory	8	5	1\u000adevices	7	1	1\u000afreezer	3	2	1\u000anet_cls	2	1	1\u000aperf_event	11	1	1\u000anet_prio	2	1	1\u000ahugetlb	10	1	1\u000apids	9	1	1\u000a
p442
sV/proc/cpuinfo
p443
Vprocessor	: 0\u000avendor_id	: GenuineIntel\u000acpu family	: 6\u000amodel		: 63\u000amodel name	: Intel(R) Xeon(R) Processor @ 2.50GHz\u000astepping	: 2\u000amicrocode	: 0x1\u000acpu MHz		: 2500.014\u000acache size	: 36608 KB\u000aphysical id	: 0\u000asiblings	: 2\u000acore id		: 0\u000acpu cores	: 2\u000aapicid		: 0\u000ainitial apicid	: 0\u000afpu		: yes\u000afpu_exception	: yes\u000acpuid level	: 13\u000awp		: yes\u000aflags		: fpu vme de pse tsc msr pae mce cx8 apic sep mtrr pge mca cmov pat pse36 clflush mmx fxsr sse sse2 ht syscall nx rdtscp lm constant_tsc rep_good nopl xtopology nonstop_tsc cpuid tsc_known_freq pni pclmulqdq ssse3 fma cx16 pcid sse4_1 sse4_2 x2apic movbe popcnt tsc_deadline_timer aes xsave avx f16c rdrand hypervisor lahf_lm abm cpuid_fault invpcid_single ssbd ibrs ibpb stibp ibrs_enhanced fsgsbase tsc_adjust bmi1 avx2 smep bmi2 erms invpcid smap xsaveopt arat md_clear arch_capabilities\u000abugs		: spectre_v1 spectre_v2 spec_store_bypass swapgs\u000abogomips	: 5000.02\u000aclflush size	: 64\u000acache_alignment	: 64\u000aaddress sizes	: 46 bits physical, 48 bits virtual\u000apower management:\u000a\u000aprocessor	: 1\u000avendor_id	: GenuineIntel\u000acpu family	: 6\u000amodel		: 63\u000amodel name	: Intel(R) Xeon(R) Processor @ 2.50GHz\u000astepping	: 2\u000amicrocode	: 0x1\u000acpu MHz		: 2500.014\u000acache size	: 36608 KB\u000aphysical id	: 0\u000asiblings	: 2\u000acore id		: 1\u000acpu cores	: 2\u000aapicid		: 1\u000ainitial apicid	: 1\u000afpu		: yes\u000afpu_exception	: yes\u000acpuid level	: 13\u000awp		: yes\u000aflags		: fpu vme de pse tsc msr pae mce cx8 apic sep mtrr pge mca cmov pat pse36 clflush mmx fxsr sse sse2 ht syscall nx rdtscp lm constant_tsc rep_good nopl xtopology nonstop_tsc cpuid tsc_known_freq pni pclmulqdq ssse3 fma cx16 pcid sse4_1 sse4_2 x2apic movbe popcnt tsc_deadline_timer aes xsave avx f16c rdrand hypervisor lahf_lm abm cpuid_fault invpcid_single ssbd ibrs ibpb stibp ibrs_enhanced fsgsbase tsc_adjust bmi1 avx2 smep bmi2 erms invpcid smap xsaveopt arat md_clear arch_capabilities\u000abugs		: spectre_v1 spectre_v2 spec_store_bypass swapgs\u000abogomips	: 5000.02\u000aclflush size	: 64\u000acache_alignment	: 64\u000aaddress sizes	: 46 bits physical, 48 bits virtual\u000apower management:\u000a\u000a
p444
sV/proc/meminfo
p445
VMemTotal:        1717184 kB\u000aMemFree:         1119688 kB\u000aMemAvailable:    1486204 kB\u000aBuffers:           17264 kB\u000aCached:           463604 kB\u000aSwapCached:            0 kB\u000aActive:            94516 kB\u000aInactive:         447368 kB\u000aActive(anon):      61008 kB\u000aInactive(anon):      216 kB\u000aActive(file):      33508 kB\u000aInactive(file):   447152 kB\u000aUnevictable:           0 kB\u000aMlocked:               0 kB\u000aSwapTotal:             0 kB\u000aSwapFree:              0 kB\u000aDirty:              8752 kB\u000aWriteback:             0 kB\u000aAnonPages:         60972 kB\u000aMapped:            34816 kB\u000aShmem:               220 kB\u000aSlab:              42828 kB\u000aSReclaimable:      32728 kB\u000aSUnreclaim:        10100 kB\u000aKernelStack:        1176 kB\u000aPageTables:         1396 kB\u000aNFS_Unstable:          0 kB\u000aBounce:                0 kB\u000aWritebackTmp:          0 kB\u000aCommitLimit:      858592 kB\u000aCommitted_AS:     250872 kB\u000aVmallocTotal:   34359738367 kB\u000aVmallocUsed:           0 kB\u000aVmallocChunk:          0 kB\u000aAnonHugePages:         0 kB\u000aShmemHugePages:        0 kB\u000aShmemPmdMapped:        0 kB\u000aHugePages_Total:       0\u000aHugePages_Free:        0\u000aHugePages_Rsvd:        0\u000aHugePages_Surp:        0\u000aHugepagesize:       2048 kB\u000aDirectMap4k:       27648 kB\u000aDirectMap2M:     1734656 kB\u000a
p446
ssVstatus_key
p447
Vpywren.jobs/1aacdad7-d04c-4b8b-a43d-5ad2442f5dfd/00009/status.json
p448
sVend_time
p449
F1609050001.5814519
sVlog_group_name
p450
V/aws/lambda/pywren_redis_2
p451
sVdata_key
p452
Vpywren.jobs/1aacdad7-d04c-4b8b-a43d-5ad2442f5dfd/aggdata.pickle
p453
sa(dp454
Vcallset_id
p455
V1aacdad7-d04c-4b8b-a43d-5ad2442f5dfd
p456
sVlog_stream_name
p457
V2020/12/27/[$LATEST]3ef350006ab84981be403e558caa1981
p458
sVstdout
p459
V
sVfunc_key
p460
Vpywren.jobs/1aacdad7-d04c-4b8b-a43d-5ad2442f5dfd/func.pickle
p461
sVfree_disk_bytes
p462
I538333184
sVruntime_cached
p463
I00
sVretcode
p464
I0
sVcall_id
p465
V00010
p466
sVoutput_key
p467
Vpywren.jobs/1aacdad7-d04c-4b8b-a43d-5ad2442f5dfd/00010/output.pickle
p468
sVruntime_s3_key_used
p469
V0dd9e5-pywren.runtimes/default_2.7.tar.gz.0045
p470
sVaws_request_id
p471
Vb5016778-c7f8-4a7d-9746-6c27a37e3bf9
p472
sVexec_time
p473
F22.154218912124634
sVstart_time
p474
F1609049972.366245
sVsetup_time
p475
F6.9780700206756592
sVruntime_s3_bucket_used
p476
Vpywren-runtimes-public-us-west-2
p477
sVexception
p478
NsVhost_submit_time
p479
F1609049971.6218791
sVserver_info
p480
(dp481
Vuname
p482
V('Linux', '169.254.188.13', '4.14.203-112.332.amzn2.x86_64', '#1 SMP Wed Nov 4 20:46:34 UTC 2020', 'x86_64', 'x86_64')
p483
sV/proc/self/cgroup
p484
VMemTotal:        1717184 kB\u000aMemFree:         1120636 kB\u000aMemAvailable:    1486196 kB\u000aBuffers:           16660 kB\u000aCached:           463260 kB\u000aSwapCached:            0 kB\u000aActive:            94236 kB\u000aInactive:         446832 kB\u000aActive(anon):      61140 kB\u000aInactive(anon):      216 kB\u000aActive(file):      33096 kB\u000aInactive(file):   446616 kB\u000aUnevictable:           0 kB\u000aMlocked:               0 kB\u000aSwapTotal:             0 kB\u000aSwapFree:              0 kB\u000aDirty:              8212 kB\u000aWriteback:             0 kB\u000aAnonPages:         61136 kB\u000aMapped:            34680 kB\u000aShmem:               220 kB\u000aSlab:              42852 kB\u000aSReclaimable:      32712 kB\u000aSUnreclaim:        10140 kB\u000aKernelStack:        1152 kB\u000aPageTables:         1332 kB\u000aNFS_Unstable:          0 kB\u000aBounce:                0 kB\u000aWritebackTmp:          0 kB\u000aCommitLimit:      858592 kB\u000aCommitted_AS:     253480 kB\u000aVmallocTotal:   34359738367 kB\u000aVmallocUsed:           0 kB\u000aVmallocChunk:          0 kB\u000aAnonHugePages:         0 kB\u000aShmemHugePages:        0 kB\u000aShmemPmdMapped:        0 kB\u000aHugePages_Total:       0\u000aHugePages_Free:        0\u000aHugePages_Rsvd:        0\u000aHugePages_Surp:        0\u000aHugepagesize:       2048 kB\u000aDirectMap4k:       19456 kB\u000aDirectMap2M:     1742848 kB\u000a
p485
sV/proc/cgroups
p486
V#subsys_name	hierarchy	num_cgroups	enabled\u000acpuset	6	1	1\u000acpu	7	5	1\u000acpuacct	7	5	1\u000ablkio	8	1	1\u000amemory	9	5	1\u000adevices	10	1	1\u000afreezer	4	2	1\u000anet_cls	3	1	1\u000aperf_event	2	1	1\u000anet_prio	3	1	1\u000ahugetlb	5	1	1\u000apids	11	1	1\u000a
p487
sV/proc/cpuinfo
p488
Vprocessor	: 0\u000avendor_id	: GenuineIntel\u000acpu family	: 6\u000amodel		: 63\u000amodel name	: Intel(R) Xeon(R) Processor @ 2.50GHz\u000astepping	: 2\u000amicrocode	: 0x1\u000acpu MHz		: 2500.012\u000acache size	: 36608 KB\u000aphysical id	: 0\u000asiblings	: 2\u000acore id		: 0\u000acpu cores	: 2\u000aapicid		: 0\u000ainitial apicid	: 0\u000afpu		: yes\u000afpu_exception	: yes\u000acpuid level	: 13\u000awp		: yes\u000aflags		: fpu vme de pse tsc msr pae mce cx8 apic sep mtrr pge mca cmov pat pse36 clflush mmx fxsr sse sse2 ht syscall nx rdtscp lm constant_tsc rep_good nopl xtopology nonstop_tsc cpuid tsc_known_freq pni pclmulqdq ssse3 fma cx16 pcid sse4_1 sse4_2 x2apic movbe popcnt tsc_deadline_timer aes xsave avx f16c rdrand hypervisor lahf_lm abm cpuid_fault invpcid_single ssbd ibrs ibpb stibp ibrs_enhanced fsgsbase tsc_adjust bmi1 avx2 smep bmi2 erms invpcid smap xsaveopt arat md_clear arch_capabilities\u000abugs		: spectre_v1 spectre_v2 spec_store_bypass swapgs\u000abogomips	: 5000.02\u000aclflush size	: 64\u000acache_alignment	: 64\u000aaddress sizes	: 46 bits physical, 48 bits virtual\u000apower management:\u000a\u000aprocessor	: 1\u000avendor_id	: GenuineIntel\u000acpu family	: 6\u000amodel		: 63\u000amodel name	: Intel(R) Xeon(R) Processor @ 2.50GHz\u000astepping	: 2\u000amicrocode	: 0x1\u000acpu MHz		: 2500.012\u000acache size	: 36608 KB\u000aphysical id	: 0\u000asiblings	: 2\u000acore id		: 1\u000acpu cores	: 2\u000aapicid		: 1\u000ainitial apicid	: 1\u000afpu		: yes\u000afpu_exception	: yes\u000acpuid level	: 13\u000awp		: yes\u000aflags		: fpu vme de pse tsc msr pae mce cx8 apic sep mtrr pge mca cmov pat pse36 clflush mmx fxsr sse sse2 ht syscall nx rdtscp lm constant_tsc rep_good nopl xtopology nonstop_tsc cpuid tsc_known_freq pni pclmulqdq ssse3 fma cx16 pcid sse4_1 sse4_2 x2apic movbe popcnt tsc_deadline_timer aes xsave avx f16c rdrand hypervisor lahf_lm abm cpuid_fault invpcid_single ssbd ibrs ibpb stibp ibrs_enhanced fsgsbase tsc_adjust bmi1 avx2 smep bmi2 erms invpcid smap xsaveopt arat md_clear arch_capabilities\u000abugs		: spectre_v1 spectre_v2 spec_store_bypass swapgs\u000abogomips	: 5000.02\u000aclflush size	: 64\u000acache_alignment	: 64\u000aaddress sizes	: 46 bits physical, 48 bits virtual\u000apower management:\u000a\u000a
p489
sV/proc/meminfo
p490
VMemTotal:        1717184 kB\u000aMemFree:         1120636 kB\u000aMemAvailable:    1486196 kB\u000aBuffers:           16660 kB\u000aCached:           463260 kB\u000aSwapCached:            0 kB\u000aActive:            94236 kB\u000aInactive:         446832 kB\u000aActive(anon):      61140 kB\u000aInactive(anon):      216 kB\u000aActive(file):      33096 kB\u000aInactive(file):   446616 kB\u000aUnevictable:           0 kB\u000aMlocked:               0 kB\u000aSwapTotal:             0 kB\u000aSwapFree:              0 kB\u000aDirty:              8212 kB\u000aWriteback:             0 kB\u000aAnonPages:         61136 kB\u000aMapped:            34680 kB\u000aShmem:               220 kB\u000aSlab:              42852 kB\u000aSReclaimable:      32712 kB\u000aSUnreclaim:        10140 kB\u000aKernelStack:        1152 kB\u000aPageTables:         1332 kB\u000aNFS_Unstable:          0 kB\u000aBounce:                0 kB\u000aWritebackTmp:          0 kB\u000aCommitLimit:      858592 kB\u000aCommitted_AS:     253480 kB\u000aVmallocTotal:   34359738367 kB\u000aVmallocUsed:           0 kB\u000aVmallocChunk:          0 kB\u000aAnonHugePages:         0 kB\u000aShmemHugePages:        0 kB\u000aShmemPmdMapped:        0 kB\u000aHugePages_Total:       0\u000aHugePages_Free:        0\u000aHugePages_Rsvd:        0\u000aHugePages_Surp:        0\u000aHugepagesize:       2048 kB\u000aDirectMap4k:       19456 kB\u000aDirectMap2M:     1742848 kB\u000a
p491
ssVstatus_key
p492
Vpywren.jobs/1aacdad7-d04c-4b8b-a43d-5ad2442f5dfd/00010/status.json
p493
sVend_time
p494
F1609050001.4985271
sVlog_group_name
p495
V/aws/lambda/pywren_redis_2
p496
sVdata_key
p497
Vpywren.jobs/1aacdad7-d04c-4b8b-a43d-5ad2442f5dfd/aggdata.pickle
p498
sa(dp499
Vcallset_id
p500
V1aacdad7-d04c-4b8b-a43d-5ad2442f5dfd
p501
sVlog_stream_name
p502
V2020/12/27/[$LATEST]1ec82285359246a8b53f311835951192
p503
sVstdout
p504
V
sVfunc_key
p505
Vpywren.jobs/1aacdad7-d04c-4b8b-a43d-5ad2442f5dfd/func.pickle
p506
sVfree_disk_bytes
p507
I538333184
sVruntime_cached
p508
I00
sVretcode
p509
I0
sVcall_id
p510
V00011
p511
sVoutput_key
p512
Vpywren.jobs/1aacdad7-d04c-4b8b-a43d-5ad2442f5dfd/00011/output.pickle
p513
sVruntime_s3_key_used
p514
V4b94e1-pywren.runtimes/default_2.7.tar.gz.0083
p515
sVaws_request_id
p516
Vb6c1c3b3-a94e-4106-a4b8-0de3fe9c9d4b
p517
sVexec_time
p518
F22.092361211776733
sVstart_time
p519
F1609049972.431814
sVsetup_time
p520
F7.2240829467773438
sVruntime_s3_bucket_used
p521
Vpywren-runtimes-public-us-west-2
p522
sVexception
p523
NsVhost_submit_time
p524
F1609049971.6263001
sVserver_info
p525
(dp526
Vuname
p527
V('Linux', '169.254.26.229', '4.14.203-112.332.amzn2.x86_64', '#1 SMP Wed Nov 4 20:46:34 UTC 2020', 'x86_64', 'x86_64')
p528
sV/proc/self/cgroup
p529
VMemTotal:        1717184 kB\u000aMemFree:         1118728 kB\u000aMemAvailable:    1486076 kB\u000aBuffers:           17740 kB\u000aCached:           463956 kB\u000aSwapCached:            0 kB\u000aActive:            95576 kB\u000aInactive:         447460 kB\u000aActive(anon):      61332 kB\u000aInactive(anon):      216 kB\u000aActive(file):      34244 kB\u000aInactive(file):   447244 kB\u000aUnevictable:           0 kB\u000aMlocked:               0 kB\u000aSwapTotal:             0 kB\u000aSwapFree:              0 kB\u000aDirty:              9828 kB\u000aWriteback:             0 kB\u000aAnonPages:         61328 kB\u000aMapped:            34980 kB\u000aShmem:               220 kB\u000aSlab:              43036 kB\u000aSReclaimable:      32732 kB\u000aSUnreclaim:        10304 kB\u000aKernelStack:        1152 kB\u000aPageTables:         1336 kB\u000aNFS_Unstable:          0 kB\u000aBounce:                0 kB\u000aWritebackTmp:          0 kB\u000aCommitLimit:      858592 kB\u000aCommitted_AS:     253812 kB\u000aVmallocTotal:   34359738367 kB\u000aVmallocUsed:           0 kB\u000aVmallocChunk:          0 kB\u000aAnonHugePages:         0 kB\u000aShmemHugePages:        0 kB\u000aShmemPmdMapped:        0 kB\u000aHugePages_Total:       0\u000aHugePages_Free:        0\u000aHugePages_Rsvd:        0\u000aHugePages_Surp:        0\u000aHugepagesize:       2048 kB\u000aDirectMap4k:       19456 kB\u000aDirectMap2M:     1742848 kB\u000a
p530
sV/proc/cgroups
p531
V#subsys_name	hierarchy	num_cgroups	enabled\u000acpuset	7	1	1\u000acpu	8	5	1\u000acpuacct	8	5	1\u000ablkio	10	1	1\u000amemory	11	5	1\u000adevices	2	1	1\u000afreezer	5	2	1\u000anet_cls	9	1	1\u000aperf_event	6	1	1\u000anet_prio	9	1	1\u000ahugetlb	4	1	1\u000apids	3	1	1\u000a
p532
sV/proc/cpuinfo
p533
Vprocessor	: 0\u000avendor_id	: GenuineIntel\u000acpu family	: 6\u000amodel		: 63\u000amodel name	: Intel(R) Xeon(R) Processor @ 2.50GHz\u000astepping	: 2\u000amicrocode	: 0x1\u000acpu MHz		: 2500.046\u000acache size	: 36608 KB\u000aphysical id	: 0\u000asiblings	: 2\u000acore id		: 0\u000acpu cores	: 2\u000aapicid		: 0\u000ainitial apicid	: 0\u000afpu		: yes\u000afpu_exception	: yes\u000acpuid level	: 13\u000awp		: yes\u000aflags		: fpu vme de pse tsc msr pae mce cx8 apic sep mtrr pge mca cmov pat pse36 clflush mmx fxsr sse sse2 ht syscall nx rdtscp lm constant_tsc rep_good nopl xtopology nonstop_tsc cpuid tsc_known_freq pni pclmulqdq ssse3 fma cx16 pcid sse4_1 sse4_2 x2apic movbe popcnt tsc_deadline_timer aes xsave avx f16c rdrand hypervisor lahf_lm abm cpuid_fault invpcid_single ssbd ibrs ibpb stibp ibrs_enhanced fsgsbase tsc_adjust bmi1 avx2 smep bmi2 erms invpcid smap xsaveopt arat md_clear arch_capabilities\u000abugs		: spectre_v1 spectre_v2 spec_store_bypass swapgs\u000abogomips	: 5000.09\u000aclflush size	: 64\u000acache_alignment	: 64\u000aaddress sizes	: 46 bits physical, 48 bits virtual\u000apower management:\u000a\u000aprocessor	: 1\u000avendor_id	: GenuineIntel\u000acpu family	: 6\u000amodel		: 63\u000amodel name	: Intel(R) Xeon(R) Processor @ 2.50GHz\u000astepping	: 2\u000amicrocode	: 0x1\u000acpu MHz		: 2500.046\u000acache size	: 36608 KB\u000aphysical id	: 0\u000asiblings	: 2\u000acore id		: 1\u000acpu cores	: 2\u000aapicid		: 1\u000ainitial apicid	: 1\u000afpu		: yes\u000afpu_exception	: yes\u000acpuid level	: 13\u000awp		: yes\u000aflags		: fpu vme de pse tsc msr pae mce cx8 apic sep mtrr pge mca cmov pat pse36 clflush mmx fxsr sse sse2 ht syscall nx rdtscp lm constant_tsc rep_good nopl xtopology nonstop_tsc cpuid tsc_known_freq pni pclmulqdq ssse3 fma cx16 pcid sse4_1 sse4_2 x2apic movbe popcnt tsc_deadline_timer aes xsave avx f16c rdrand hypervisor lahf_lm abm cpuid_fault invpcid_single ssbd ibrs ibpb stibp ibrs_enhanced fsgsbase tsc_adjust bmi1 avx2 smep bmi2 erms invpcid smap xsaveopt arat md_clear arch_capabilities\u000abugs		: spectre_v1 spectre_v2 spec_store_bypass swapgs\u000abogomips	: 5000.09\u000aclflush size	: 64\u000acache_alignment	: 64\u000aaddress sizes	: 46 bits physical, 48 bits virtual\u000apower management:\u000a\u000a
p534
sV/proc/meminfo
p535
VMemTotal:        1717184 kB\u000aMemFree:         1118728 kB\u000aMemAvailable:    1486076 kB\u000aBuffers:           17740 kB\u000aCached:           463956 kB\u000aSwapCached:            0 kB\u000aActive:            95576 kB\u000aInactive:         447460 kB\u000aActive(anon):      61332 kB\u000aInactive(anon):      216 kB\u000aActive(file):      34244 kB\u000aInactive(file):   447244 kB\u000aUnevictable:           0 kB\u000aMlocked:               0 kB\u000aSwapTotal:             0 kB\u000aSwapFree:              0 kB\u000aDirty:              9828 kB\u000aWriteback:             0 kB\u000aAnonPages:         61328 kB\u000aMapped:            34980 kB\u000aShmem:               220 kB\u000aSlab:              43036 kB\u000aSReclaimable:      32732 kB\u000aSUnreclaim:        10304 kB\u000aKernelStack:        1152 kB\u000aPageTables:         1336 kB\u000aNFS_Unstable:          0 kB\u000aBounce:                0 kB\u000aWritebackTmp:          0 kB\u000aCommitLimit:      858592 kB\u000aCommitted_AS:     253812 kB\u000aVmallocTotal:   34359738367 kB\u000aVmallocUsed:           0 kB\u000aVmallocChunk:          0 kB\u000aAnonHugePages:         0 kB\u000aShmemHugePages:        0 kB\u000aShmemPmdMapped:        0 kB\u000aHugePages_Total:       0\u000aHugePages_Free:        0\u000aHugePages_Rsvd:        0\u000aHugePages_Surp:        0\u000aHugepagesize:       2048 kB\u000aDirectMap4k:       19456 kB\u000aDirectMap2M:     1742848 kB\u000a
p536
ssVstatus_key
p537
Vpywren.jobs/1aacdad7-d04c-4b8b-a43d-5ad2442f5dfd/00011/status.json
p538
sVend_time
p539
F1609050001.7482331
sVlog_group_name
p540
V/aws/lambda/pywren_redis_2
p541
sVdata_key
p542
Vpywren.jobs/1aacdad7-d04c-4b8b-a43d-5ad2442f5dfd/aggdata.pickle
p543
sa(dp544
Vcallset_id
p545
V1aacdad7-d04c-4b8b-a43d-5ad2442f5dfd
p546
sVlog_stream_name
p547
V2020/12/27/[$LATEST]9c1b65a03dc745e59c7f02fd6398e655
p548
sVstdout
p549
V
sVfunc_key
p550
Vpywren.jobs/1aacdad7-d04c-4b8b-a43d-5ad2442f5dfd/func.pickle
p551
sVfree_disk_bytes
p552
I538333184
sVruntime_cached
p553
I00
sVretcode
p554
I0
sVcall_id
p555
V00012
p556
sVoutput_key
p557
Vpywren.jobs/1aacdad7-d04c-4b8b-a43d-5ad2442f5dfd/00012/output.pickle
p558
sVruntime_s3_key_used
p559
V9c5315-pywren.runtimes/default_2.7.tar.gz.0049
p560
sVaws_request_id
p561
Vdafa25ff-d1f3-43d6-88f6-ba377491b650
p562
sVexec_time
p563
F21.032822132110596
sVstart_time
p564
F1609049972.423039
sVsetup_time
p565
F7.1674709320068359
sVruntime_s3_bucket_used
p566
Vpywren-runtimes-public-us-west-2
p567
sVexception
p568
NsVhost_submit_time
p569
F1609049971.6399069
sVserver_info
p570
(dp571
Vuname
p572
V('Linux', '169.254.35.189', '4.14.203-112.332.amzn2.x86_64', '#1 SMP Wed Nov 4 20:46:34 UTC 2020', 'x86_64', 'x86_64')
p573
sV/proc/self/cgroup
p574
VMemTotal:        1717184 kB\u000aMemFree:         1122968 kB\u000aMemAvailable:    1486172 kB\u000aBuffers:           16860 kB\u000aCached:           460696 kB\u000aSwapCached:            0 kB\u000aActive:            93448 kB\u000aInactive:         444912 kB\u000aActive(anon):      60796 kB\u000aInactive(anon):      216 kB\u000aActive(file):      32652 kB\u000aInactive(file):   444696 kB\u000aUnevictable:           0 kB\u000aMlocked:               0 kB\u000aSwapTotal:             0 kB\u000aSwapFree:              0 kB\u000aDirty:              8772 kB\u000aWriteback:             0 kB\u000aAnonPages:         60792 kB\u000aMapped:            35056 kB\u000aShmem:               220 kB\u000aSlab:              42916 kB\u000aSReclaimable:      32724 kB\u000aSUnreclaim:        10192 kB\u000aKernelStack:        1152 kB\u000aPageTables:         1348 kB\u000aNFS_Unstable:          0 kB\u000aBounce:                0 kB\u000aWritebackTmp:          0 kB\u000aCommitLimit:      858592 kB\u000aCommitted_AS:     253820 kB\u000aVmallocTotal:   34359738367 kB\u000aVmallocUsed:           0 kB\u000aVmallocChunk:          0 kB\u000aAnonHugePages:         0 kB\u000aShmemHugePages:        0 kB\u000aShmemPmdMapped:        0 kB\u000aHugePages_Total:       0\u000aHugePages_Free:        0\u000aHugePages_Rsvd:        0\u000aHugePages_Surp:        0\u000aHugepagesize:       2048 kB\u000aDirectMap4k:       21504 kB\u000aDirectMap2M:     1740800 kB\u000a
p575
sV/proc/cgroups
p576
V#subsys_name	hierarchy	num_cgroups	enabled\u000acpuset	6	1	1\u000acpu	4	5	1\u000acpuacct	4	5	1\u000ablkio	3	1	1\u000amemory	9	5	1\u000adevices	11	1	1\u000afreezer	7	2	1\u000anet_cls	10	1	1\u000aperf_event	2	1	1\u000anet_prio	10	1	1\u000ahugetlb	5	1	1\u000apids	8	1	1\u000a
p577
sV/proc/cpuinfo
p578
Vprocessor	: 0\u000avendor_id	: GenuineIntel\u000acpu family	: 6\u000amodel		: 63\u000amodel name	: Intel(R) Xeon(R) Processor @ 2.50GHz\u000astepping	: 2\u000amicrocode	: 0x1\u000acpu MHz		: 2500.012\u000acache size	: 33792 KB\u000aphysical id	: 0\u000asiblings	: 2\u000acore id		: 0\u000acpu cores	: 2\u000aapicid		: 0\u000ainitial apicid	: 0\u000afpu		: yes\u000afpu_exception	: yes\u000acpuid level	: 13\u000awp		: yes\u000aflags		: fpu vme de pse tsc msr pae mce cx8 apic sep mtrr pge mca cmov pat pse36 clflush mmx fxsr sse sse2 ht syscall nx rdtscp lm constant_tsc rep_good nopl xtopology nonstop_tsc cpuid tsc_known_freq pni pclmulqdq ssse3 fma cx16 pcid sse4_1 sse4_2 x2apic movbe popcnt tsc_deadline_timer aes xsave avx f16c rdrand hypervisor lahf_lm abm cpuid_fault invpcid_single pti ssbd ibrs ibpb stibp fsgsbase tsc_adjust bmi1 avx2 smep bmi2 erms invpcid smap xsaveopt arat md_clear arch_capabilities\u000abugs		: cpu_meltdown spectre_v1 spectre_v2 spec_store_bypass l1tf mds swapgs\u000abogomips	: 5000.02\u000aclflush size	: 64\u000acache_alignment	: 64\u000aaddress sizes	: 46 bits physical, 48 bits virtual\u000apower management:\u000a\u000aprocessor	: 1\u000avendor_id	: GenuineIntel\u000acpu family	: 6\u000amodel		: 63\u000amodel name	: Intel(R) Xeon(R) Processor @ 2.50GHz\u000astepping	: 2\u000amicrocode	: 0x1\u000acpu MHz		: 2500.012\u000acache size	: 33792 KB\u000aphysical id	: 0\u000asiblings	: 2\u000acore id		: 1\u000acpu cores	: 2\u000aapicid		: 1\u000ainitial apicid	: 1\u000afpu		: yes\u000afpu_exception	: yes\u000acpuid level	: 13\u000awp		: yes\u000aflags		: fpu vme de pse tsc msr pae mce cx8 apic sep mtrr pge mca cmov pat pse36 clflush mmx fxsr sse sse2 ht syscall nx rdtscp lm constant_tsc rep_good nopl xtopology nonstop_tsc cpuid tsc_known_freq pni pclmulqdq ssse3 fma cx16 pcid sse4_1 sse4_2 x2apic movbe popcnt tsc_deadline_timer aes xsave avx f16c rdrand hypervisor lahf_lm abm cpuid_fault invpcid_single pti ssbd ibrs ibpb stibp fsgsbase tsc_adjust bmi1 avx2 smep bmi2 erms invpcid smap xsaveopt arat md_clear arch_capabilities\u000abugs		: cpu_meltdown spectre_v1 spectre_v2 spec_store_bypass l1tf mds swapgs\u000abogomips	: 5000.02\u000aclflush size	: 64\u000acache_alignment	: 64\u000aaddress sizes	: 46 bits physical, 48 bits virtual\u000apower management:\u000a\u000a
p579
sV/proc/meminfo
p580
VMemTotal:        1717184 kB\u000aMemFree:         1122968 kB\u000aMemAvailable:    1486172 kB\u000aBuffers:           16860 kB\u000aCached:           460696 kB\u000aSwapCached:            0 kB\u000aActive:            93448 kB\u000aInactive:         444912 kB\u000aActive(anon):      60796 kB\u000aInactive(anon):      216 kB\u000aActive(file):      32652 kB\u000aInactive(file):   444696 kB\u000aUnevictable:           0 kB\u000aMlocked:               0 kB\u000aSwapTotal:             0 kB\u000aSwapFree:              0 kB\u000aDirty:              8772 kB\u000aWriteback:             0 kB\u000aAnonPages:         60792 kB\u000aMapped:            35056 kB\u000aShmem:               220 kB\u000aSlab:              42916 kB\u000aSReclaimable:      32724 kB\u000aSUnreclaim:        10192 kB\u000aKernelStack:        1152 kB\u000aPageTables:         1348 kB\u000aNFS_Unstable:          0 kB\u000aBounce:                0 kB\u000aWritebackTmp:          0 kB\u000aCommitLimit:      858592 kB\u000aCommitted_AS:     253820 kB\u000aVmallocTotal:   34359738367 kB\u000aVmallocUsed:           0 kB\u000aVmallocChunk:          0 kB\u000aAnonHugePages:         0 kB\u000aShmemHugePages:        0 kB\u000aShmemPmdMapped:        0 kB\u000aHugePages_Total:       0\u000aHugePages_Free:        0\u000aHugePages_Rsvd:        0\u000aHugePages_Surp:        0\u000aHugepagesize:       2048 kB\u000aDirectMap4k:       21504 kB\u000aDirectMap2M:     1740800 kB\u000a
p581
ssVstatus_key
p582
Vpywren.jobs/1aacdad7-d04c-4b8b-a43d-5ad2442f5dfd/00012/status.json
p583
sVend_time
p584
F1609050000.623327
sVlog_group_name
p585
V/aws/lambda/pywren_redis_2
p586
sVdata_key
p587
Vpywren.jobs/1aacdad7-d04c-4b8b-a43d-5ad2442f5dfd/aggdata.pickle
p588
sa(dp589
Vcallset_id
p590
V1aacdad7-d04c-4b8b-a43d-5ad2442f5dfd
p591
sVlog_stream_name
p592
V2020/12/27/[$LATEST]ee948ec242d04903ba907e9ad7c5fb65
p593
sVstdout
p594
V
sVfunc_key
p595
Vpywren.jobs/1aacdad7-d04c-4b8b-a43d-5ad2442f5dfd/func.pickle
p596
sVfree_disk_bytes
p597
I538333184
sVruntime_cached
p598
I00
sVretcode
p599
I0
sVcall_id
p600
V00013
p601
sVoutput_key
p602
Vpywren.jobs/1aacdad7-d04c-4b8b-a43d-5ad2442f5dfd/00013/output.pickle
p603
sVruntime_s3_key_used
p604
V8af9a8-pywren.runtimes/default_2.7.tar.gz.0016
p605
sVaws_request_id
p606
V60c5cc26-e7e2-4630-8ed1-ba2cdbdb3bfc
p607
sVexec_time
p608
F22.182854175567627
sVstart_time
p609
F1609049972.3585639
sVsetup_time
p610
F7.0667200088500977
sVruntime_s3_bucket_used
p611
Vpywren-runtimes-public-us-west-2
p612
sVexception
p613
NsVhost_submit_time
p614
F1609049971.646477
sVserver_info
p615
(dp616
Vuname
p617
V('Linux', '169.254.80.229', '4.14.203-112.332.amzn2.x86_64', '#1 SMP Wed Nov 4 20:46:34 UTC 2020', 'x86_64', 'x86_64')
p618
sV/proc/self/cgroup
p619
VMemTotal:        1717184 kB\u000aMemFree:         1119548 kB\u000aMemAvailable:    1486060 kB\u000aBuffers:           17312 kB\u000aCached:           463528 kB\u000aSwapCached:            0 kB\u000aActive:            94904 kB\u000aInactive:         447256 kB\u000aActive(anon):      61308 kB\u000aInactive(anon):      212 kB\u000aActive(file):      33596 kB\u000aInactive(file):   447044 kB\u000aUnevictable:           0 kB\u000aMlocked:               0 kB\u000aSwapTotal:             0 kB\u000aSwapFree:              0 kB\u000aDirty:              8316 kB\u000aWriteback:             0 kB\u000aAnonPages:         61316 kB\u000aMapped:            34804 kB\u000aShmem:               220 kB\u000aSlab:              42764 kB\u000aSReclaimable:      32756 kB\u000aSUnreclaim:        10008 kB\u000aKernelStack:        1152 kB\u000aPageTables:         1332 kB\u000aNFS_Unstable:          0 kB\u000aBounce:                0 kB\u000aWritebackTmp:          0 kB\u000aCommitLimit:      858592 kB\u000aCommitted_AS:     253492 kB\u000aVmallocTotal:   34359738367 kB\u000aVmallocUsed:           0 kB\u000aVmallocChunk:          0 kB\u000aAnonHugePages:         0 kB\u000aShmemHugePages:        0 kB\u000aShmemPmdMapped:        0 kB\u000aHugePages_Total:       0\u000aHugePages_Free:        0\u000aHugePages_Rsvd:        0\u000aHugePages_Surp:        0\u000aHugepagesize:       2048 kB\u000aDirectMap4k:       21504 kB\u000aDirectMap2M:     1740800 kB\u000a
p620
sV/proc/cgroups
p621
V#subsys_name	hierarchy	num_cgroups	enabled\u000acpuset	7	1	1\u000acpu	2	5	1\u000acpuacct	2	5	1\u000ablkio	6	1	1\u000amemory	9	5	1\u000adevices	5	1	1\u000afreezer	4	2	1\u000anet_cls	10	1	1\u000aperf_event	3	1	1\u000anet_prio	10	1	1\u000ahugetlb	8	1	1\u000apids	11	1	1\u000a
p622
sV/proc/cpuinfo
p623
Vprocessor	: 0\u000avendor_id	: GenuineIntel\u000acpu family	: 6\u000amodel		: 63\u000amodel name	: Intel(R) Xeon(R) Processor @ 2.50GHz\u000astepping	: 2\u000amicrocode	: 0x1\u000acpu MHz		: 2500.000\u000acache size	: 36608 KB\u000aphysical id	: 0\u000asiblings	: 2\u000acore id		: 0\u000acpu cores	: 2\u000aapicid		: 0\u000ainitial apicid	: 0\u000afpu		: yes\u000afpu_exception	: yes\u000acpuid level	: 13\u000awp		: yes\u000aflags		: fpu vme de pse tsc msr pae mce cx8 apic sep mtrr pge mca cmov pat pse36 clflush mmx fxsr sse sse2 ht syscall nx rdtscp lm constant_tsc rep_good nopl xtopology nonstop_tsc cpuid tsc_known_freq pni pclmulqdq ssse3 fma cx16 pcid sse4_1 sse4_2 x2apic movbe popcnt tsc_deadline_timer aes xsave avx f16c rdrand hypervisor lahf_lm abm cpuid_fault invpcid_single ssbd ibrs ibpb stibp ibrs_enhanced fsgsbase tsc_adjust bmi1 avx2 smep bmi2 erms invpcid smap xsaveopt arat md_clear arch_capabilities\u000abugs		: spectre_v1 spectre_v2 spec_store_bypass swapgs\u000abogomips	: 5000.00\u000aclflush size	: 64\u000acache_alignment	: 64\u000aaddress sizes	: 46 bits physical, 48 bits virtual\u000apower management:\u000a\u000aprocessor	: 1\u000avendor_id	: GenuineIntel\u000acpu family	: 6\u000amodel		: 63\u000amodel name	: Intel(R) Xeon(R) Processor @ 2.50GHz\u000astepping	: 2\u000amicrocode	: 0x1\u000acpu MHz		: 2500.000\u000acache size	: 36608 KB\u000aphysical id	: 0\u000asiblings	: 2\u000acore id		: 1\u000acpu cores	: 2\u000aapicid		: 1\u000ainitial apicid	: 1\u000afpu		: yes\u000afpu_exception	: yes\u000acpuid level	: 13\u000awp		: yes\u000aflags		: fpu vme de pse tsc msr pae mce cx8 apic sep mtrr pge mca cmov pat pse36 clflush mmx fxsr sse sse2 ht syscall nx rdtscp lm constant_tsc rep_good nopl xtopology nonstop_tsc cpuid tsc_known_freq pni pclmulqdq ssse3 fma cx16 pcid sse4_1 sse4_2 x2apic movbe popcnt tsc_deadline_timer aes xsave avx f16c rdrand hypervisor lahf_lm abm cpuid_fault invpcid_single ssbd ibrs ibpb stibp ibrs_enhanced fsgsbase tsc_adjust bmi1 avx2 smep bmi2 erms invpcid smap xsaveopt arat md_clear arch_capabilities\u000abugs		: spectre_v1 spectre_v2 spec_store_bypass swapgs\u000abogomips	: 5000.00\u000aclflush size	: 64\u000acache_alignment	: 64\u000aaddress sizes	: 46 bits physical, 48 bits virtual\u000apower management:\u000a\u000a
p624
sV/proc/meminfo
p625
VMemTotal:        1717184 kB\u000aMemFree:         1119548 kB\u000aMemAvailable:    1486060 kB\u000aBuffers:           17312 kB\u000aCached:           463528 kB\u000aSwapCached:            0 kB\u000aActive:            94904 kB\u000aInactive:         447256 kB\u000aActive(anon):      61308 kB\u000aInactive(anon):      212 kB\u000aActive(file):      33596 kB\u000aInactive(file):   447044 kB\u000aUnevictable:           0 kB\u000aMlocked:               0 kB\u000aSwapTotal:             0 kB\u000aSwapFree:              0 kB\u000aDirty:              8316 kB\u000aWriteback:             0 kB\u000aAnonPages:         61316 kB\u000aMapped:            34804 kB\u000aShmem:               220 kB\u000aSlab:              42764 kB\u000aSReclaimable:      32756 kB\u000aSUnreclaim:        10008 kB\u000aKernelStack:        1152 kB\u000aPageTables:         1332 kB\u000aNFS_Unstable:          0 kB\u000aBounce:                0 kB\u000aWritebackTmp:          0 kB\u000aCommitLimit:      858592 kB\u000aCommitted_AS:     253492 kB\u000aVmallocTotal:   34359738367 kB\u000aVmallocUsed:           0 kB\u000aVmallocChunk:          0 kB\u000aAnonHugePages:         0 kB\u000aShmemHugePages:        0 kB\u000aShmemPmdMapped:        0 kB\u000aHugePages_Total:       0\u000aHugePages_Free:        0\u000aHugePages_Rsvd:        0\u000aHugePages_Surp:        0\u000aHugepagesize:       2048 kB\u000aDirectMap4k:       21504 kB\u000aDirectMap2M:     1740800 kB\u000a
p626
ssVstatus_key
p627
Vpywren.jobs/1aacdad7-d04c-4b8b-a43d-5ad2442f5dfd/00013/status.json
p628
sVend_time
p629
F1609050001.6081319
sVlog_group_name
p630
V/aws/lambda/pywren_redis_2
p631
sVdata_key
p632
Vpywren.jobs/1aacdad7-d04c-4b8b-a43d-5ad2442f5dfd/aggdata.pickle
p633
sa(dp634
Vcallset_id
p635
V1aacdad7-d04c-4b8b-a43d-5ad2442f5dfd
p636
sVlog_stream_name
p637
V2020/12/27/[$LATEST]08773847f056453cb5b861bb4539af9d
p638
sVstdout
p639
V
sVfunc_key
p640
Vpywren.jobs/1aacdad7-d04c-4b8b-a43d-5ad2442f5dfd/func.pickle
p641
sVfree_disk_bytes
p642
I538333184
sVruntime_cached
p643
I00
sVretcode
p644
I0
sVcall_id
p645
V00014
p646
sVoutput_key
p647
Vpywren.jobs/1aacdad7-d04c-4b8b-a43d-5ad2442f5dfd/00014/output.pickle
p648
sVruntime_s3_key_used
p649
V445d59-pywren.runtimes/default_2.7.tar.gz.0085
p650
sVaws_request_id
p651
V3d1906b7-0f01-4887-87a9-6d5e1a54058d
p652
sVexec_time
p653
F22.258534908294678
sVstart_time
p654
F1609049972.4192309
sVsetup_time
p655
F7.1665821075439453
sVruntime_s3_bucket_used
p656
Vpywren-runtimes-public-us-west-2
p657
sVexception
p658
NsVhost_submit_time
p659
F1609049971.656728
sVserver_info
p660
(dp661
Vuname
p662
V('Linux', '169.254.112.109', '4.14.203-112.332.amzn2.x86_64', '#1 SMP Wed Nov 4 20:46:34 UTC 2020', 'x86_64', 'x86_64')
p663
sV/proc/self/cgroup
p664
VMemTotal:        1717184 kB\u000aMemFree:         1118472 kB\u000aMemAvailable:    1485996 kB\u000aBuffers:           17680 kB\u000aCached:           464080 kB\u000aSwapCached:            0 kB\u000aActive:            95580 kB\u000aInactive:         447556 kB\u000aActive(anon):      61368 kB\u000aInactive(anon):      216 kB\u000aActive(file):      34212 kB\u000aInactive(file):   447340 kB\u000aUnevictable:           0 kB\u000aMlocked:               0 kB\u000aSwapTotal:             0 kB\u000aSwapFree:              0 kB\u000aDirty:              8268 kB\u000aWriteback:             0 kB\u000aAnonPages:         61292 kB\u000aMapped:            35420 kB\u000aShmem:               220 kB\u000aSlab:              43040 kB\u000aSReclaimable:      32960 kB\u000aSUnreclaim:        10080 kB\u000aKernelStack:        1184 kB\u000aPageTables:         1376 kB\u000aNFS_Unstable:          0 kB\u000aBounce:                0 kB\u000aWritebackTmp:          0 kB\u000aCommitLimit:      858592 kB\u000aCommitted_AS:     253548 kB\u000aVmallocTotal:   34359738367 kB\u000aVmallocUsed:           0 kB\u000aVmallocChunk:          0 kB\u000aAnonHugePages:         0 kB\u000aShmemHugePages:        0 kB\u000aShmemPmdMapped:        0 kB\u000aHugePages_Total:       0\u000aHugePages_Free:        0\u000aHugePages_Rsvd:        0\u000aHugePages_Surp:        0\u000aHugepagesize:       2048 kB\u000aDirectMap4k:       19456 kB\u000aDirectMap2M:     1742848 kB\u000a
p665
sV/proc/cgroups
p666
V#subsys_name	hierarchy	num_cgroups	enabled\u000acpuset	8	1	1\u000acpu	2	5	1\u000acpuacct	2	5	1\u000ablkio	7	1	1\u000amemory	6	5	1\u000adevices	10	1	1\u000afreezer	3	2	1\u000anet_cls	4	1	1\u000aperf_event	9	1	1\u000anet_prio	4	1	1\u000ahugetlb	5	1	1\u000apids	11	1	1\u000a
p667
sV/proc/cpuinfo
p668
