(dp1
S'run_statuses'
p2
(lp3
(dp4
Vcallset_id
p5
Vbf768c17-045c-4fa2-b496-6e88ead14660
p6
sVlog_stream_name
p7
V2020/12/27/[$LATEST]73df869ed4cd47f8bac63ebd9a22576d
p8
sVstdout
p9
V
sVfunc_key
p10
Vpywren.jobs/bf768c17-045c-4fa2-b496-6e88ead14660/func.pickle
p11
sVfree_disk_bytes
p12
I538333184
sVruntime_cached
p13
I00
sVretcode
p14
I0
sVcall_id
p15
V00000
p16
sVoutput_key
p17
Vpywren.jobs/bf768c17-045c-4fa2-b496-6e88ead14660/00000/output.pickle
p18
sVruntime_s3_key_used
p19
V8e1b7d-pywren.runtimes/default_2.7.tar.gz.0033
p20
sVaws_request_id
p21
Vf0ed63fc-442c-4724-b180-98fdfc6ef510
p22
sVexec_time
p23
F22.148669004440308
sVstart_time
p24
F1609047159.8248341
sVsetup_time
p25
F8.4092199802398682
sVruntime_s3_bucket_used
p26
Vpywren-runtimes-public-us-west-2
p27
sVexception
p28
NsVhost_submit_time
p29
F1609047158.9542689
sVserver_info
p30
(dp31
Vuname
p32
V('Linux', '169.254.58.245', '4.14.203-112.332.amzn2.x86_64', '#1 SMP Wed Nov 4 20:46:34 UTC 2020', 'x86_64', 'x86_64')
p33
sV/proc/self/cgroup
p34
VMemTotal:        1717184 kB\u000aMemFree:         1119536 kB\u000aMemAvailable:    1486536 kB\u000aBuffers:           17024 kB\u000aCached:           464276 kB\u000aSwapCached:            0 kB\u000aActive:            94856 kB\u000aInactive:         447504 kB\u000aActive(anon):      61056 kB\u000aInactive(anon):      212 kB\u000aActive(file):      33800 kB\u000aInactive(file):   447292 kB\u000aUnevictable:           0 kB\u000aMlocked:               0 kB\u000aSwapTotal:             0 kB\u000aSwapFree:              0 kB\u000aDirty:             10360 kB\u000aWriteback:             0 kB\u000aAnonPages:         61056 kB\u000aMapped:            35000 kB\u000aShmem:               220 kB\u000aSlab:              42780 kB\u000aSReclaimable:      32828 kB\u000aSUnreclaim:         9952 kB\u000aKernelStack:        1152 kB\u000aPageTables:         1412 kB\u000aNFS_Unstable:          0 kB\u000aBounce:                0 kB\u000aWritebackTmp:          0 kB\u000aCommitLimit:      858592 kB\u000aCommitted_AS:     253804 kB\u000aVmallocTotal:   34359738367 kB\u000aVmallocUsed:           0 kB\u000aVmallocChunk:          0 kB\u000aAnonHugePages:         0 kB\u000aShmemHugePages:        0 kB\u000aShmemPmdMapped:        0 kB\u000aHugePages_Total:       0\u000aHugePages_Free:        0\u000aHugePages_Rsvd:        0\u000aHugePages_Surp:        0\u000aHugepagesize:       2048 kB\u000aDirectMap4k:       19456 kB\u000aDirectMap2M:     1742848 kB\u000a
p35
sV/proc/cgroups
p36
V#subsys_name	hierarchy	num_cgroups	enabled\u000acpuset	2	1	1\u000acpu	10	5	1\u000acpuacct	10	5	1\u000ablkio	9	1	1\u000amemory	6	5	1\u000adevices	8	1	1\u000afreezer	5	2	1\u000anet_cls	7	1	1\u000aperf_event	4	1	1\u000anet_prio	7	1	1\u000ahugetlb	11	1	1\u000apids	3	1	1\u000a
p37
sV/proc/cpuinfo
p38
Vprocessor	: 0\u000avendor_id	: GenuineIntel\u000acpu family	: 6\u000amodel		: 63\u000amodel name	: Intel(R) Xeon(R) Processor @ 2.50GHz\u000astepping	: 2\u000amicrocode	: 0x1\u000acpu MHz		: 2500.012\u000acache size	: 33792 KB\u000aphysical id	: 0\u000asiblings	: 2\u000acore id		: 0\u000acpu cores	: 2\u000aapicid		: 0\u000ainitial apicid	: 0\u000afpu		: yes\u000afpu_exception	: yes\u000acpuid level	: 13\u000awp		: yes\u000aflags		: fpu vme de pse tsc msr pae mce cx8 apic sep mtrr pge mca cmov pat pse36 clflush mmx fxsr sse sse2 ht syscall nx rdtscp lm constant_tsc rep_good nopl xtopology nonstop_tsc cpuid tsc_known_freq pni pclmulqdq ssse3 fma cx16 pcid sse4_1 sse4_2 x2apic movbe popcnt tsc_deadline_timer aes xsave avx f16c rdrand hypervisor lahf_lm abm cpuid_fault invpcid_single pti ssbd ibrs ibpb stibp fsgsbase tsc_adjust bmi1 avx2 smep bmi2 erms invpcid smap xsaveopt arat md_clear arch_capabilities\u000abugs		: cpu_meltdown spectre_v1 spectre_v2 spec_store_bypass l1tf mds swapgs\u000abogomips	: 5000.02\u000aclflush size	: 64\u000acache_alignment	: 64\u000aaddress sizes	: 46 bits physical, 48 bits virtual\u000apower management:\u000a\u000aprocessor	: 1\u000avendor_id	: GenuineIntel\u000acpu family	: 6\u000amodel		: 63\u000amodel name	: Intel(R) Xeon(R) Processor @ 2.50GHz\u000astepping	: 2\u000amicrocode	: 0x1\u000acpu MHz		: 2500.012\u000acache size	: 33792 KB\u000aphysical id	: 0\u000asiblings	: 2\u000acore id		: 1\u000acpu cores	: 2\u000aapicid		: 1\u000ainitial apicid	: 1\u000afpu		: yes\u000afpu_exception	: yes\u000acpuid level	: 13\u000awp		: yes\u000aflags		: fpu vme de pse tsc msr pae mce cx8 apic sep mtrr pge mca cmov pat pse36 clflush mmx fxsr sse sse2 ht syscall nx rdtscp lm constant_tsc rep_good nopl xtopology nonstop_tsc cpuid tsc_known_freq pni pclmulqdq ssse3 fma cx16 pcid sse4_1 sse4_2 x2apic movbe popcnt tsc_deadline_timer aes xsave avx f16c rdrand hypervisor lahf_lm abm cpuid_fault invpcid_single pti ssbd ibrs ibpb stibp fsgsbase tsc_adjust bmi1 avx2 smep bmi2 erms invpcid smap xsaveopt arat md_clear arch_capabilities\u000abugs		: cpu_meltdown spectre_v1 spectre_v2 spec_store_bypass l1tf mds swapgs\u000abogomips	: 5000.02\u000aclflush size	: 64\u000acache_alignment	: 64\u000aaddress sizes	: 46 bits physical, 48 bits virtual\u000apower management:\u000a\u000a
p39
sV/proc/meminfo
p40
VMemTotal:        1717184 kB\u000aMemFree:         1119536 kB\u000aMemAvailable:    1486536 kB\u000aBuffers:           17024 kB\u000aCached:           464276 kB\u000aSwapCached:            0 kB\u000aActive:            94856 kB\u000aInactive:         447504 kB\u000aActive(anon):      61056 kB\u000aInactive(anon):      212 kB\u000aActive(file):      33800 kB\u000aInactive(file):   447292 kB\u000aUnevictable:           0 kB\u000aMlocked:               0 kB\u000aSwapTotal:             0 kB\u000aSwapFree:              0 kB\u000aDirty:             10360 kB\u000aWriteback:             0 kB\u000aAnonPages:         61056 kB\u000aMapped:            35000 kB\u000aShmem:               220 kB\u000aSlab:              42780 kB\u000aSReclaimable:      32828 kB\u000aSUnreclaim:         9952 kB\u000aKernelStack:        1152 kB\u000aPageTables:         1412 kB\u000aNFS_Unstable:          0 kB\u000aBounce:                0 kB\u000aWritebackTmp:          0 kB\u000aCommitLimit:      858592 kB\u000aCommitted_AS:     253804 kB\u000aVmallocTotal:   34359738367 kB\u000aVmallocUsed:           0 kB\u000aVmallocChunk:          0 kB\u000aAnonHugePages:         0 kB\u000aShmemHugePages:        0 kB\u000aShmemPmdMapped:        0 kB\u000aHugePages_Total:       0\u000aHugePages_Free:        0\u000aHugePages_Rsvd:        0\u000aHugePages_Surp:        0\u000aHugepagesize:       2048 kB\u000aDirectMap4k:       19456 kB\u000aDirectMap2M:     1742848 kB\u000a
p41
ssVstatus_key
p42
Vpywren.jobs/bf768c17-045c-4fa2-b496-6e88ead14660/00000/status.json
p43
sVend_time
p44
F1609047190.3827169
sVlog_group_name
p45
V/aws/lambda/pywren_redis_2
p46
sVdata_key
p47
Vpywren.jobs/bf768c17-045c-4fa2-b496-6e88ead14660/aggdata.pickle
p48
sa(dp49
Vcallset_id
p50
Vbf768c17-045c-4fa2-b496-6e88ead14660
p51
sVlog_stream_name
p52
V2020/12/27/[$LATEST]e696d176aa774f9fa76bb90e3fffe492
p53
sVstdout
p54
V
sVfunc_key
p55
Vpywren.jobs/bf768c17-045c-4fa2-b496-6e88ead14660/func.pickle
p56
sVfree_disk_bytes
p57
I121020416
sVruntime_cached
p58
I01
sVretcode
p59
I0
sVcall_id
p60
V00001
p61
sVoutput_key
p62
Vpywren.jobs/bf768c17-045c-4fa2-b496-6e88ead14660/00001/output.pickle
p63
sVruntime_s3_key_used
p64
V6fb4a4-pywren.runtimes/default_2.7.tar.gz.0003
p65
sVaws_request_id
p66
V13cfd6e2-8a62-4f8b-aad4-56ab8cce4d84
p67
sVexec_time
p68
F22.141244888305664
sVstart_time
p69
F1609047159.1636081
sVsetup_time
p70
F0.10231304168701172
sVruntime_s3_bucket_used
p71
Vpywren-runtimes-public-us-west-2
p72
sVexception
p73
NsVhost_submit_time
p74
F1609047158.9632101
sVserver_info
p75
(dp76
Vuname
p77
V('Linux', '169.254.207.213', '4.14.203-112.332.amzn2.x86_64', '#1 SMP Wed Nov 4 20:46:34 UTC 2020', 'x86_64', 'x86_64')
p78
sV/proc/self/cgroup
p79
VMemTotal:        1717184 kB\u000aMemFree:         1116304 kB\u000aMemAvailable:    1486232 kB\u000aBuffers:           17964 kB\u000aCached:           466052 kB\u000aSwapCached:            0 kB\u000aActive:           106436 kB\u000aInactive:         438840 kB\u000aActive(anon):      61236 kB\u000aInactive(anon):      216 kB\u000aActive(file):      45200 kB\u000aInactive(file):   438624 kB\u000aUnevictable:           0 kB\u000aMlocked:               0 kB\u000aSwapTotal:             0 kB\u000aSwapFree:              0 kB\u000aDirty:              1432 kB\u000aWriteback:             0 kB\u000aAnonPages:         61240 kB\u000aMapped:            35288 kB\u000aShmem:               220 kB\u000aSlab:              43148 kB\u000aSReclaimable:      33220 kB\u000aSUnreclaim:         9928 kB\u000aKernelStack:        1136 kB\u000aPageTables:         1412 kB\u000aNFS_Unstable:          0 kB\u000aBounce:                0 kB\u000aWritebackTmp:          0 kB\u000aCommitLimit:      858592 kB\u000aCommitted_AS:     255416 kB\u000aVmallocTotal:   34359738367 kB\u000aVmallocUsed:           0 kB\u000aVmallocChunk:          0 kB\u000aAnonHugePages:         0 kB\u000aShmemHugePages:        0 kB\u000aShmemPmdMapped:        0 kB\u000aHugePages_Total:       0\u000aHugePages_Free:        0\u000aHugePages_Rsvd:        0\u000aHugePages_Surp:        0\u000aHugepagesize:       2048 kB\u000aDirectMap4k:       19456 kB\u000aDirectMap2M:     1742848 kB\u000a
p80
sV/proc/cgroups
p81
V#subsys_name	hierarchy	num_cgroups	enabled\u000acpuset	7	1	1\u000acpu	4	5	1\u000acpuacct	4	5	1\u000ablkio	9	1	1\u000amemory	2	5	1\u000adevices	6	1	1\u000afreezer	10	2	1\u000anet_cls	5	1	1\u000aperf_event	3	1	1\u000anet_prio	5	1	1\u000ahugetlb	8	1	1\u000apids	11	1	1\u000a
p82
sV/proc/cpuinfo
p83
Vprocessor	: 0\u000avendor_id	: GenuineIntel\u000acpu family	: 6\u000amodel		: 63\u000amodel name	: Intel(R) Xeon(R) Processor @ 2.50GHz\u000astepping	: 2\u000amicrocode	: 0x1\u000acpu MHz		: 2500.010\u000acache size	: 33792 KB\u000aphysical id	: 0\u000asiblings	: 2\u000acore id		: 0\u000acpu cores	: 2\u000aapicid		: 0\u000ainitial apicid	: 0\u000afpu		: yes\u000afpu_exception	: yes\u000acpuid level	: 13\u000awp		: yes\u000aflags		: fpu vme de pse tsc msr pae mce cx8 apic sep mtrr pge mca cmov pat pse36 clflush mmx fxsr sse sse2 ht syscall nx rdtscp lm constant_tsc rep_good nopl xtopology nonstop_tsc cpuid tsc_known_freq pni pclmulqdq ssse3 fma cx16 pcid sse4_1 sse4_2 x2apic movbe popcnt tsc_deadline_timer aes xsave avx f16c rdrand hypervisor lahf_lm abm cpuid_fault invpcid_single pti ssbd ibrs ibpb stibp fsgsbase tsc_adjust bmi1 avx2 smep bmi2 erms invpcid smap xsaveopt arat md_clear arch_capabilities\u000abugs		: cpu_meltdown spectre_v1 spectre_v2 spec_store_bypass l1tf mds swapgs\u000abogomips	: 5000.02\u000aclflush size	: 64\u000acache_alignment	: 64\u000aaddress sizes	: 46 bits physical, 48 bits virtual\u000apower management:\u000a\u000aprocessor	: 1\u000avendor_id	: GenuineIntel\u000acpu family	: 6\u000amodel		: 63\u000amodel name	: Intel(R) Xeon(R) Processor @ 2.50GHz\u000astepping	: 2\u000amicrocode	: 0x1\u000acpu MHz		: 2500.010\u000acache size	: 33792 KB\u000aphysical id	: 0\u000asiblings	: 2\u000acore id		: 1\u000acpu cores	: 2\u000aapicid		: 1\u000ainitial apicid	: 1\u000afpu		: yes\u000afpu_exception	: yes\u000acpuid level	: 13\u000awp		: yes\u000aflags		: fpu vme de pse tsc msr pae mce cx8 apic sep mtrr pge mca cmov pat pse36 clflush mmx fxsr sse sse2 ht syscall nx rdtscp lm constant_tsc rep_good nopl xtopology nonstop_tsc cpuid tsc_known_freq pni pclmulqdq ssse3 fma cx16 pcid sse4_1 sse4_2 x2apic movbe popcnt tsc_deadline_timer aes xsave avx f16c rdrand hypervisor lahf_lm abm cpuid_fault invpcid_single pti ssbd ibrs ibpb stibp fsgsbase tsc_adjust bmi1 avx2 smep bmi2 erms invpcid smap xsaveopt arat md_clear arch_capabilities\u000abugs		: cpu_meltdown spectre_v1 spectre_v2 spec_store_bypass l1tf mds swapgs\u000abogomips	: 5000.02\u000aclflush size	: 64\u000acache_alignment	: 64\u000aaddress sizes	: 46 bits physical, 48 bits virtual\u000apower management:\u000a\u000a
p84
sV/proc/meminfo
p85
VMemTotal:        1717184 kB\u000aMemFree:         1116304 kB\u000aMemAvailable:    1486232 kB\u000aBuffers:           17964 kB\u000aCached:           466052 kB\u000aSwapCached:            0 kB\u000aActive:           106436 kB\u000aInactive:         438840 kB\u000aActive(anon):      61236 kB\u000aInactive(anon):      216 kB\u000aActive(file):      45200 kB\u000aInactive(file):   438624 kB\u000aUnevictable:           0 kB\u000aMlocked:               0 kB\u000aSwapTotal:             0 kB\u000aSwapFree:              0 kB\u000aDirty:              1432 kB\u000aWriteback:             0 kB\u000aAnonPages:         61240 kB\u000aMapped:            35288 kB\u000aShmem:               220 kB\u000aSlab:              43148 kB\u000aSReclaimable:      33220 kB\u000aSUnreclaim:         9928 kB\u000aKernelStack:        1136 kB\u000aPageTables:         1412 kB\u000aNFS_Unstable:          0 kB\u000aBounce:                0 kB\u000aWritebackTmp:          0 kB\u000aCommitLimit:      858592 kB\u000aCommitted_AS:     255416 kB\u000aVmallocTotal:   34359738367 kB\u000aVmallocUsed:           0 kB\u000aVmallocChunk:          0 kB\u000aAnonHugePages:         0 kB\u000aShmemHugePages:        0 kB\u000aShmemPmdMapped:        0 kB\u000aHugePages_Total:       0\u000aHugePages_Free:        0\u000aHugePages_Rsvd:        0\u000aHugePages_Surp:        0\u000aHugepagesize:       2048 kB\u000aDirectMap4k:       19456 kB\u000aDirectMap2M:     1742848 kB\u000a
p86
ssVstatus_key
p87
Vpywren.jobs/bf768c17-045c-4fa2-b496-6e88ead14660/00001/status.json
p88
sVend_time
p89
F1609047181.407161
sVlog_group_name
p90
V/aws/lambda/pywren_redis_2
p91
sVdata_key
p92
Vpywren.jobs/bf768c17-045c-4fa2-b496-6e88ead14660/aggdata.pickle
p93
sa(dp94
Vcallset_id
p95
Vbf768c17-045c-4fa2-b496-6e88ead14660
p96
sVlog_stream_name
p97
V2020/12/27/[$LATEST]aba9d0b67cb649eb97de7110dcaff989
p98
sVstdout
p99
V
sVfunc_key
p100
Vpywren.jobs/bf768c17-045c-4fa2-b496-6e88ead14660/func.pickle
p101
sVfree_disk_bytes
p102
I121020416
sVruntime_cached
p103
I01
sVretcode
p104
I0
sVcall_id
p105
V00002
p106
sVoutput_key
p107
Vpywren.jobs/bf768c17-045c-4fa2-b496-6e88ead14660/00002/output.pickle
p108
sVruntime_s3_key_used
p109
V334bcf-pywren.runtimes/default_2.7.tar.gz.0082
p110
sVaws_request_id
p111
V14cdb719-0414-4f7d-a3c2-04448a80ab24
p112
sVexec_time
p113
F22.136577844619751
sVstart_time
p114
F1609047159.172055
sVsetup_time
p115
F0.072400093078613281
sVruntime_s3_bucket_used
p116
Vpywren-runtimes-public-us-west-2
p117
sVexception
p118
NsVhost_submit_time
p119
F1609047158.9569471
sVserver_info
p120
(dp121
Vuname
p122
V('Linux', '169.254.190.13', '4.14.203-112.332.amzn2.x86_64', '#1 SMP Wed Nov 4 20:46:34 UTC 2020', 'x86_64', 'x86_64')
p123
sV/proc/self/cgroup
p124
VMemTotal:        1717184 kB\u000aMemFree:         1116928 kB\u000aMemAvailable:    1486120 kB\u000aBuffers:           17364 kB\u000aCached:           466148 kB\u000aSwapCached:            0 kB\u000aActive:           106144 kB\u000aInactive:         438648 kB\u000aActive(anon):      61272 kB\u000aInactive(anon):      216 kB\u000aActive(file):      44872 kB\u000aInactive(file):   438432 kB\u000aUnevictable:           0 kB\u000aMlocked:               0 kB\u000aSwapTotal:             0 kB\u000aSwapFree:              0 kB\u000aDirty:               364 kB\u000aWriteback:             0 kB\u000aAnonPages:         61268 kB\u000aMapped:            35240 kB\u000aShmem:               220 kB\u000aSlab:              43032 kB\u000aSReclaimable:      32788 kB\u000aSUnreclaim:        10244 kB\u000aKernelStack:        1136 kB\u000aPageTables:         1320 kB\u000aNFS_Unstable:          0 kB\u000aBounce:                0 kB\u000aWritebackTmp:          0 kB\u000aCommitLimit:      858592 kB\u000aCommitted_AS:     254096 kB\u000aVmallocTotal:   34359738367 kB\u000aVmallocUsed:           0 kB\u000aVmallocChunk:          0 kB\u000aAnonHugePages:         0 kB\u000aShmemHugePages:        0 kB\u000aShmemPmdMapped:        0 kB\u000aHugePages_Total:       0\u000aHugePages_Free:        0\u000aHugePages_Rsvd:        0\u000aHugePages_Surp:        0\u000aHugepagesize:       2048 kB\u000aDirectMap4k:       21504 kB\u000aDirectMap2M:     1740800 kB\u000a
p125
sV/proc/cgroups
p126
V#subsys_name	hierarchy	num_cgroups	enabled\u000acpuset	10	1	1\u000acpu	4	5	1\u000acpuacct	4	5	1\u000ablkio	9	1	1\u000amemory	6	5	1\u000adevices	8	1	1\u000afreezer	7	2	1\u000anet_cls	3	1	1\u000aperf_event	5	1	1\u000anet_prio	3	1	1\u000ahugetlb	2	1	1\u000apids	11	1	1\u000a
p127
sV/proc/cpuinfo
p128
Vprocessor	: 0\u000avendor_id	: GenuineIntel\u000acpu family	: 6\u000amodel		: 63\u000amodel name	: Intel(R) Xeon(R) Processor @ 2.50GHz\u000astepping	: 2\u000amicrocode	: 0x1\u000acpu MHz		: 2499.948\u000acache size	: 36608 KB\u000aphysical id	: 0\u000asiblings	: 2\u000acore id		: 0\u000acpu cores	: 2\u000aapicid		: 0\u000ainitial apicid	: 0\u000afpu		: yes\u000afpu_exception	: yes\u000acpuid level	: 13\u000awp		: yes\u000aflags		: fpu vme de pse tsc msr pae mce cx8 apic sep mtrr pge mca cmov pat pse36 clflush mmx fxsr sse sse2 ht syscall nx rdtscp lm constant_tsc rep_good nopl xtopology nonstop_tsc cpuid tsc_known_freq pni pclmulqdq ssse3 fma cx16 pcid sse4_1 sse4_2 x2apic movbe popcnt tsc_deadline_timer aes xsave avx f16c rdrand hypervisor lahf_lm abm cpuid_fault invpcid_single ssbd ibrs ibpb stibp ibrs_enhanced fsgsbase tsc_adjust bmi1 avx2 smep bmi2 erms invpcid smap xsaveopt arat md_clear arch_capabilities\u000abugs		: spectre_v1 spectre_v2 spec_store_bypass swapgs\u000abogomips	: 4999.89\u000aclflush size	: 64\u000acache_alignment	: 64\u000aaddress sizes	: 46 bits physical, 48 bits virtual\u000apower management:\u000a\u000aprocessor	: 1\u000avendor_id	: GenuineIntel\u000acpu family	: 6\u000amodel		: 63\u000amodel name	: Intel(R) Xeon(R) Processor @ 2.50GHz\u000astepping	: 2\u000amicrocode	: 0x1\u000acpu MHz		: 2499.948\u000acache size	: 36608 KB\u000aphysical id	: 0\u000asiblings	: 2\u000acore id		: 1\u000acpu cores	: 2\u000aapicid		: 1\u000ainitial apicid	: 1\u000afpu		: yes\u000afpu_exception	: yes\u000acpuid level	: 13\u000awp		: yes\u000aflags		: fpu vme de pse tsc msr pae mce cx8 apic sep mtrr pge mca cmov pat pse36 clflush mmx fxsr sse sse2 ht syscall nx rdtscp lm constant_tsc rep_good nopl xtopology nonstop_tsc cpuid tsc_known_freq pni pclmulqdq ssse3 fma cx16 pcid sse4_1 sse4_2 x2apic movbe popcnt tsc_deadline_timer aes xsave avx f16c rdrand hypervisor lahf_lm abm cpuid_fault invpcid_single ssbd ibrs ibpb stibp ibrs_enhanced fsgsbase tsc_adjust bmi1 avx2 smep bmi2 erms invpcid smap xsaveopt arat md_clear arch_capabilities\u000abugs		: spectre_v1 spectre_v2 spec_store_bypass swapgs\u000abogomips	: 4999.89\u000aclflush size	: 64\u000acache_alignment	: 64\u000aaddress sizes	: 46 bits physical, 48 bits virtual\u000apower management:\u000a\u000a
p129
sV/proc/meminfo
p130
VMemTotal:        1717184 kB\u000aMemFree:         1116928 kB\u000aMemAvailable:    1486120 kB\u000aBuffers:           17364 kB\u000aCached:           466148 kB\u000aSwapCached:            0 kB\u000aActive:           106144 kB\u000aInactive:         438648 kB\u000aActive(anon):      61272 kB\u000aInactive(anon):      216 kB\u000aActive(file):      44872 kB\u000aInactive(file):   438432 kB\u000aUnevictable:           0 kB\u000aMlocked:               0 kB\u000aSwapTotal:             0 kB\u000aSwapFree:              0 kB\u000aDirty:               364 kB\u000aWriteback:             0 kB\u000aAnonPages:         61268 kB\u000aMapped:            35240 kB\u000aShmem:               220 kB\u000aSlab:              43032 kB\u000aSReclaimable:      32788 kB\u000aSUnreclaim:        10244 kB\u000aKernelStack:        1136 kB\u000aPageTables:         1320 kB\u000aNFS_Unstable:          0 kB\u000aBounce:                0 kB\u000aWritebackTmp:          0 kB\u000aCommitLimit:      858592 kB\u000aCommitted_AS:     254096 kB\u000aVmallocTotal:   34359738367 kB\u000aVmallocUsed:           0 kB\u000aVmallocChunk:          0 kB\u000aAnonHugePages:         0 kB\u000aShmemHugePages:        0 kB\u000aShmemPmdMapped:        0 kB\u000aHugePages_Total:       0\u000aHugePages_Free:        0\u000aHugePages_Rsvd:        0\u000aHugePages_Surp:        0\u000aHugepagesize:       2048 kB\u000aDirectMap4k:       21504 kB\u000aDirectMap2M:     1740800 kB\u000a
p131
ssVstatus_key
p132
Vpywren.jobs/bf768c17-045c-4fa2-b496-6e88ead14660/00002/status.json
p133
sVend_time
p134
F1609047181.381027
sVlog_group_name
p135
V/aws/lambda/pywren_redis_2
p136
sVdata_key
p137
Vpywren.jobs/bf768c17-045c-4fa2-b496-6e88ead14660/aggdata.pickle
p138
sa(dp139
Vcallset_id
p140
Vbf768c17-045c-4fa2-b496-6e88ead14660
p141
sVlog_stream_name
p142
V2020/12/27/[$LATEST]2ff1304201e84fa984ca40fd06cc8a81
p143
sVstdout
p144
V
sVfunc_key
p145
Vpywren.jobs/bf768c17-045c-4fa2-b496-6e88ead14660/func.pickle
p146
sVfree_disk_bytes
p147
I121020416
sVruntime_cached
p148
I01
sVretcode
p149
I0
sVcall_id
p150
V00003
p151
sVoutput_key
p152
Vpywren.jobs/bf768c17-045c-4fa2-b496-6e88ead14660/00003/output.pickle
p153
sVruntime_s3_key_used
p154
V09bc9d-pywren.runtimes/default_2.7.tar.gz.0041
p155
sVaws_request_id
p156
Vc410e88b-b4a7-4601-bc95-84417e7c8df6
p157
sVexec_time
p158
F22.151505947113037
sVstart_time
p159
F1609047159.1807401
sVsetup_time
p160
F0.068857908248901367
sVruntime_s3_bucket_used
p161
Vpywren-runtimes-public-us-west-2
p162
sVexception
p163
NsVhost_submit_time
p164
F1609047158.971571
sVserver_info
p165
(dp166
Vuname
p167
V('Linux', '169.254.1.253', '4.14.203-112.332.amzn2.x86_64', '#1 SMP Wed Nov 4 20:46:34 UTC 2020', 'x86_64', 'x86_64')
p168
sV/proc/self/cgroup
p169
VMemTotal:        1717184 kB\u000aMemFree:         1121760 kB\u000aMemAvailable:    1485484 kB\u000aBuffers:           14784 kB\u000aCached:           463236 kB\u000aSwapCached:            0 kB\u000aActive:           103676 kB\u000aInactive:         435984 kB\u000aActive(anon):      61636 kB\u000aInactive(anon):      216 kB\u000aActive(file):      42040 kB\u000aInactive(file):   435768 kB\u000aUnevictable:           0 kB\u000aMlocked:               0 kB\u000aSwapTotal:             0 kB\u000aSwapFree:              0 kB\u000aDirty:              1612 kB\u000aWriteback:             0 kB\u000aAnonPages:         61632 kB\u000aMapped:            34848 kB\u000aShmem:               220 kB\u000aSlab:              43240 kB\u000aSReclaimable:      32848 kB\u000aSUnreclaim:        10392 kB\u000aKernelStack:        1136 kB\u000aPageTables:         1360 kB\u000aNFS_Unstable:          0 kB\u000aBounce:                0 kB\u000aWritebackTmp:          0 kB\u000aCommitLimit:      858592 kB\u000aCommitted_AS:     254000 kB\u000aVmallocTotal:   34359738367 kB\u000aVmallocUsed:           0 kB\u000aVmallocChunk:          0 kB\u000aAnonHugePages:         0 kB\u000aShmemHugePages:        0 kB\u000aShmemPmdMapped:        0 kB\u000aHugePages_Total:       0\u000aHugePages_Free:        0\u000aHugePages_Rsvd:        0\u000aHugePages_Surp:        0\u000aHugepagesize:       2048 kB\u000aDirectMap4k:       21504 kB\u000aDirectMap2M:     1740800 kB\u000a
p170
sV/proc/cgroups
p171
V#subsys_name	hierarchy	num_cgroups	enabled\u000acpuset	7	1	1\u000acpu	8	5	1\u000acpuacct	8	5	1\u000ablkio	9	1	1\u000amemory	3	5	1\u000adevices	6	1	1\u000afreezer	10	2	1\u000anet_cls	2	1	1\u000aperf_event	4	1	1\u000anet_prio	2	1	1\u000ahugetlb	11	1	1\u000apids	5	1	1\u000a
p172
sV/proc/cpuinfo
p173
Vprocessor	: 0\u000avendor_id	: GenuineIntel\u000acpu family	: 6\u000amodel		: 63\u000amodel name	: Intel(R) Xeon(R) Processor @ 2.50GHz\u000astepping	: 2\u000amicrocode	: 0x1\u000acpu MHz		: 2500.010\u000acache size	: 36608 KB\u000aphysical id	: 0\u000asiblings	: 2\u000acore id		: 0\u000acpu cores	: 2\u000aapicid		: 0\u000ainitial apicid	: 0\u000afpu		: yes\u000afpu_exception	: yes\u000acpuid level	: 13\u000awp		: yes\u000aflags		: fpu vme de pse tsc msr pae mce cx8 apic sep mtrr pge mca cmov pat pse36 clflush mmx fxsr sse sse2 ht syscall nx rdtscp lm constant_tsc rep_good nopl xtopology nonstop_tsc cpuid tsc_known_freq pni pclmulqdq ssse3 fma cx16 pcid sse4_1 sse4_2 x2apic movbe popcnt tsc_deadline_timer aes xsave avx f16c rdrand hypervisor lahf_lm abm cpuid_fault invpcid_single ssbd ibrs ibpb stibp ibrs_enhanced fsgsbase tsc_adjust bmi1 avx2 smep bmi2 erms invpcid smap xsaveopt arat md_clear arch_capabilities\u000abugs		: spectre_v1 spectre_v2 spec_store_bypass swapgs\u000abogomips	: 5000.02\u000aclflush size	: 64\u000acache_alignment	: 64\u000aaddress sizes	: 46 bits physical, 48 bits virtual\u000apower management:\u000a\u000aprocessor	: 1\u000avendor_id	: GenuineIntel\u000acpu family	: 6\u000amodel		: 63\u000amodel name	: Intel(R) Xeon(R) Processor @ 2.50GHz\u000astepping	: 2\u000amicrocode	: 0x1\u000acpu MHz		: 2500.010\u000acache size	: 36608 KB\u000aphysical id	: 0\u000asiblings	: 2\u000acore id		: 1\u000acpu cores	: 2\u000aapicid		: 1\u000ainitial apicid	: 1\u000afpu		: yes\u000afpu_exception	: yes\u000acpuid level	: 13\u000awp		: yes\u000aflags		: fpu vme de pse tsc msr pae mce cx8 apic sep mtrr pge mca cmov pat pse36 clflush mmx fxsr sse sse2 ht syscall nx rdtscp lm constant_tsc rep_good nopl xtopology nonstop_tsc cpuid tsc_known_freq pni pclmulqdq ssse3 fma cx16 pcid sse4_1 sse4_2 x2apic movbe popcnt tsc_deadline_timer aes xsave avx f16c rdrand hypervisor lahf_lm abm cpuid_fault invpcid_single ssbd ibrs ibpb stibp ibrs_enhanced fsgsbase tsc_adjust bmi1 avx2 smep bmi2 erms invpcid smap xsaveopt arat md_clear arch_capabilities\u000abugs		: spectre_v1 spectre_v2 spec_store_bypass swapgs\u000abogomips	: 5000.02\u000aclflush size	: 64\u000acache_alignment	: 64\u000aaddress sizes	: 46 bits physical, 48 bits virtual\u000apower management:\u000a\u000a
p174
sV/proc/meminfo
p175
VMemTotal:        1717184 kB\u000aMemFree:         1121760 kB\u000aMemAvailable:    1485484 kB\u000aBuffers:           14784 kB\u000aCached:           463236 kB\u000aSwapCached:            0 kB\u000aActive:           103676 kB\u000aInactive:         435984 kB\u000aActive(anon):      61636 kB\u000aInactive(anon):      216 kB\u000aActive(file):      42040 kB\u000aInactive(file):   435768 kB\u000aUnevictable:           0 kB\u000aMlocked:               0 kB\u000aSwapTotal:             0 kB\u000aSwapFree:              0 kB\u000aDirty:              1612 kB\u000aWriteback:             0 kB\u000aAnonPages:         61632 kB\u000aMapped:            34848 kB\u000aShmem:               220 kB\u000aSlab:              43240 kB\u000aSReclaimable:      32848 kB\u000aSUnreclaim:        10392 kB\u000aKernelStack:        1136 kB\u000aPageTables:         1360 kB\u000aNFS_Unstable:          0 kB\u000aBounce:                0 kB\u000aWritebackTmp:          0 kB\u000aCommitLimit:      858592 kB\u000aCommitted_AS:     254000 kB\u000aVmallocTotal:   34359738367 kB\u000aVmallocUsed:           0 kB\u000aVmallocChunk:          0 kB\u000aAnonHugePages:         0 kB\u000aShmemHugePages:        0 kB\u000aShmemPmdMapped:        0 kB\u000aHugePages_Total:       0\u000aHugePages_Free:        0\u000aHugePages_Rsvd:        0\u000aHugePages_Surp:        0\u000aHugepagesize:       2048 kB\u000aDirectMap4k:       21504 kB\u000aDirectMap2M:     1740800 kB\u000a
p176
ssVstatus_key
p177
Vpywren.jobs/bf768c17-045c-4fa2-b496-6e88ead14660/00003/status.json
p178
sVend_time
p179
F1609047181.4010971
sVlog_group_name
p180
V/aws/lambda/pywren_redis_2
p181
sVdata_key
p182
Vpywren.jobs/bf768c17-045c-4fa2-b496-6e88ead14660/aggdata.pickle
p183
sa(dp184
Vcallset_id
p185
Vbf768c17-045c-4fa2-b496-6e88ead14660
p186
sVlog_stream_name
p187
V2020/12/27/[$LATEST]17aea90df9494853a1c200570ed2a9ed
p188
sVstdout
p189
V
sVfunc_key
p190
Vpywren.jobs/bf768c17-045c-4fa2-b496-6e88ead14660/func.pickle
p191
sVfree_disk_bytes
p192
I121020416
sVruntime_cached
p193
I01
sVretcode
p194
I0
sVcall_id
p195
V00004
p196
sVoutput_key
p197
Vpywren.jobs/bf768c17-045c-4fa2-b496-6e88ead14660/00004/output.pickle
p198
sVruntime_s3_key_used
p199
Vbe2299-pywren.runtimes/default_2.7.tar.gz.0080
p200
sVaws_request_id
p201
Ve2369778-1e56-42f7-919e-4de041a51853
p202
sVexec_time
p203
F22.122812032699585
sVstart_time
p204
F1609047159.212785
sVsetup_time
p205
F0.095608949661254883
sVruntime_s3_bucket_used
p206
Vpywren-runtimes-public-us-west-2
p207
sVexception
p208
NsVhost_submit_time
p209
F1609047158.9814849
sVserver_info
p210
(dp211
Vuname
p212
V('Linux', '169.254.82.29', '4.14.203-112.332.amzn2.x86_64', '#1 SMP Wed Nov 4 20:46:34 UTC 2020', 'x86_64', 'x86_64')
p213
sV/proc/self/cgroup
p214
VMemTotal:        1717184 kB\u000aMemFree:         1115792 kB\u000aMemAvailable:    1486040 kB\u000aBuffers:           18080 kB\u000aCached:           466348 kB\u000aSwapCached:            0 kB\u000aActive:           107240 kB\u000aInactive:         438500 kB\u000aActive(anon):      61304 kB\u000aInactive(anon):      216 kB\u000aActive(file):      45936 kB\u000aInactive(file):   438284 kB\u000aUnevictable:           0 kB\u000aMlocked:               0 kB\u000aSwapTotal:             0 kB\u000aSwapFree:              0 kB\u000aDirty:               316 kB\u000aWriteback:             0 kB\u000aAnonPages:         61300 kB\u000aMapped:            35460 kB\u000aShmem:               220 kB\u000aSlab:              42988 kB\u000aSReclaimable:      33072 kB\u000aSUnreclaim:         9916 kB\u000aKernelStack:        1136 kB\u000aPageTables:         1332 kB\u000aNFS_Unstable:          0 kB\u000aBounce:                0 kB\u000aWritebackTmp:          0 kB\u000aCommitLimit:      858592 kB\u000aCommitted_AS:     251696 kB\u000aVmallocTotal:   34359738367 kB\u000aVmallocUsed:           0 kB\u000aVmallocChunk:          0 kB\u000aAnonHugePages:         0 kB\u000aShmemHugePages:        0 kB\u000aShmemPmdMapped:        0 kB\u000aHugePages_Total:       0\u000aHugePages_Free:        0\u000aHugePages_Rsvd:        0\u000aHugePages_Surp:        0\u000aHugepagesize:       2048 kB\u000aDirectMap4k:       21504 kB\u000aDirectMap2M:     1740800 kB\u000a
p215
sV/proc/cgroups
p216
V#subsys_name	hierarchy	num_cgroups	enabled\u000acpuset	10	1	1\u000acpu	3	5	1\u000acpuacct	3	5	1\u000ablkio	9	1	1\u000amemory	6	5	1\u000adevices	7	1	1\u000afreezer	8	2	1\u000anet_cls	11	1	1\u000aperf_event	4	1	1\u000anet_prio	11	1	1\u000ahugetlb	5	1	1\u000apids	2	1	1\u000a
p217
sV/proc/cpuinfo
p218
Vprocessor	: 0\u000avendor_id	: GenuineIntel\u000acpu family	: 6\u000amodel		: 63\u000amodel name	: Intel(R) Xeon(R) Processor @ 2.50GHz\u000astepping	: 2\u000amicrocode	: 0x1\u000acpu MHz		: 2500.008\u000acache size	: 33792 KB\u000aphysical id	: 0\u000asiblings	: 2\u000acore id		: 0\u000acpu cores	: 2\u000aapicid		: 0\u000ainitial apicid	: 0\u000afpu		: yes\u000afpu_exception	: yes\u000acpuid level	: 13\u000awp		: yes\u000aflags		: fpu vme de pse tsc msr pae mce cx8 apic sep mtrr pge mca cmov pat pse36 clflush mmx fxsr sse sse2 ht syscall nx rdtscp lm constant_tsc rep_good nopl xtopology nonstop_tsc cpuid tsc_known_freq pni pclmulqdq ssse3 fma cx16 pcid sse4_1 sse4_2 x2apic movbe popcnt tsc_deadline_timer aes xsave avx f16c rdrand hypervisor lahf_lm abm cpuid_fault invpcid_single pti ssbd ibrs ibpb stibp fsgsbase tsc_adjust bmi1 avx2 smep bmi2 erms invpcid smap xsaveopt arat md_clear arch_capabilities\u000abugs		: cpu_meltdown spectre_v1 spectre_v2 spec_store_bypass l1tf mds swapgs\u000abogomips	: 5000.01\u000aclflush size	: 64\u000acache_alignment	: 64\u000aaddress sizes	: 46 bits physical, 48 bits virtual\u000apower management:\u000a\u000aprocessor	: 1\u000avendor_id	: GenuineIntel\u000acpu family	: 6\u000amodel		: 63\u000amodel name	: Intel(R) Xeon(R) Processor @ 2.50GHz\u000astepping	: 2\u000amicrocode	: 0x1\u000acpu MHz		: 2500.008\u000acache size	: 33792 KB\u000aphysical id	: 0\u000asiblings	: 2\u000acore id		: 1\u000acpu cores	: 2\u000aapicid		: 1\u000ainitial apicid	: 1\u000afpu		: yes\u000afpu_exception	: yes\u000acpuid level	: 13\u000awp		: yes\u000aflags		: fpu vme de pse tsc msr pae mce cx8 apic sep mtrr pge mca cmov pat pse36 clflush mmx fxsr sse sse2 ht syscall nx rdtscp lm constant_tsc rep_good nopl xtopology nonstop_tsc cpuid tsc_known_freq pni pclmulqdq ssse3 fma cx16 pcid sse4_1 sse4_2 x2apic movbe popcnt tsc_deadline_timer aes xsave avx f16c rdrand hypervisor lahf_lm abm cpuid_fault invpcid_single pti ssbd ibrs ibpb stibp fsgsbase tsc_adjust bmi1 avx2 smep bmi2 erms invpcid smap xsaveopt arat md_clear arch_capabilities\u000abugs		: cpu_meltdown spectre_v1 spectre_v2 spec_store_bypass l1tf mds swapgs\u000abogomips	: 5000.01\u000aclflush size	: 64\u000acache_alignment	: 64\u000aaddress sizes	: 46 bits physical, 48 bits virtual\u000apower management:\u000a\u000a
p219
sV/proc/meminfo
p220
VMemTotal:        1717184 kB\u000aMemFree:         1115792 kB\u000aMemAvailable:    1486040 kB\u000aBuffers:           18080 kB\u000aCached:           466348 kB\u000aSwapCached:            0 kB\u000aActive:           107240 kB\u000aInactive:         438500 kB\u000aActive(anon):      61304 kB\u000aInactive(anon):      216 kB\u000aActive(file):      45936 kB\u000aInactive(file):   438284 kB\u000aUnevictable:           0 kB\u000aMlocked:               0 kB\u000aSwapTotal:             0 kB\u000aSwapFree:              0 kB\u000aDirty:               316 kB\u000aWriteback:             0 kB\u000aAnonPages:         61300 kB\u000aMapped:            35460 kB\u000aShmem:               220 kB\u000aSlab:              42988 kB\u000aSReclaimable:      33072 kB\u000aSUnreclaim:         9916 kB\u000aKernelStack:        1136 kB\u000aPageTables:         1332 kB\u000aNFS_Unstable:          0 kB\u000aBounce:                0 kB\u000aWritebackTmp:          0 kB\u000aCommitLimit:      858592 kB\u000aCommitted_AS:     251696 kB\u000aVmallocTotal:   34359738367 kB\u000aVmallocUsed:           0 kB\u000aVmallocChunk:          0 kB\u000aAnonHugePages:         0 kB\u000aShmemHugePages:        0 kB\u000aShmemPmdMapped:        0 kB\u000aHugePages_Total:       0\u000aHugePages_Free:        0\u000aHugePages_Rsvd:        0\u000aHugePages_Surp:        0\u000aHugepagesize:       2048 kB\u000aDirectMap4k:       21504 kB\u000aDirectMap2M:     1740800 kB\u000a
p221
ssVstatus_key
p222
Vpywren.jobs/bf768c17-045c-4fa2-b496-6e88ead14660/00004/status.json
p223
sVend_time
p224
F1609047181.4312
sVlog_group_name
p225
V/aws/lambda/pywren_redis_2
p226
sVdata_key
p227
Vpywren.jobs/bf768c17-045c-4fa2-b496-6e88ead14660/aggdata.pickle
p228
sa(dp229
Vcallset_id
p230
Vbf768c17-045c-4fa2-b496-6e88ead14660
p231
sVlog_stream_name
p232
V2020/12/27/[$LATEST]46893418b02b44d2850a03cb0b47904c
p233
sVstdout
p234
V
sVfunc_key
p235
Vpywren.jobs/bf768c17-045c-4fa2-b496-6e88ead14660/func.pickle
p236
sVfree_disk_bytes
p237
I121020416
sVruntime_cached
p238
I01
sVretcode
p239
I0
sVcall_id
p240
V00005
p241
sVoutput_key
p242
Vpywren.jobs/bf768c17-045c-4fa2-b496-6e88ead14660/00005/output.pickle
p243
sVruntime_s3_key_used
p244
V10e0c7-pywren.runtimes/default_2.7.tar.gz.0022
p245
sVaws_request_id
p246
Vccc3d4db-f4f3-4e50-bc9c-38d255ff1700
p247
sVexec_time
p248
F22.107092142105103
sVstart_time
p249
F1609047159.2130439
sVsetup_time
p250
F0.074872016906738281
sVruntime_s3_bucket_used
p251
Vpywren-runtimes-public-us-west-2
p252
sVexception
p253
NsVhost_submit_time
p254
F1609047158.97682
sVserver_info
p255
(dp256
Vuname
p257
V('Linux', '169.254.177.253', '4.14.203-112.332.amzn2.x86_64', '#1 SMP Wed Nov 4 20:46:34 UTC 2020', 'x86_64', 'x86_64')
p258
sV/proc/self/cgroup
p259
VMemTotal:        1717184 kB\u000aMemFree:         1115504 kB\u000aMemAvailable:    1485652 kB\u000aBuffers:           18192 kB\u000aCached:           466168 kB\u000aSwapCached:            0 kB\u000aActive:           107372 kB\u000aInactive:         438632 kB\u000aActive(anon):      61640 kB\u000aInactive(anon):      216 kB\u000aActive(file):      45732 kB\u000aInactive(file):   438416 kB\u000aUnevictable:           0 kB\u000aMlocked:               0 kB\u000aSwapTotal:             0 kB\u000aSwapFree:              0 kB\u000aDirty:              1456 kB\u000aWriteback:             0 kB\u000aAnonPages:         61632 kB\u000aMapped:            35296 kB\u000aShmem:               220 kB\u000aSlab:              43144 kB\u000aSReclaimable:      33016 kB\u000aSUnreclaim:        10128 kB\u000aKernelStack:        1160 kB\u000aPageTables:         1404 kB\u000aNFS_Unstable:          0 kB\u000aBounce:                0 kB\u000aWritebackTmp:          0 kB\u000aCommitLimit:      858592 kB\u000aCommitted_AS:     254084 kB\u000aVmallocTotal:   34359738367 kB\u000aVmallocUsed:           0 kB\u000aVmallocChunk:          0 kB\u000aAnonHugePages:         0 kB\u000aShmemHugePages:        0 kB\u000aShmemPmdMapped:        0 kB\u000aHugePages_Total:       0\u000aHugePages_Free:        0\u000aHugePages_Rsvd:        0\u000aHugePages_Surp:        0\u000aHugepagesize:       2048 kB\u000aDirectMap4k:       23552 kB\u000aDirectMap2M:     1738752 kB\u000a
p260
sV/proc/cgroups
p261
V#subsys_name	hierarchy	num_cgroups	enabled\u000acpuset	8	1	1\u000acpu	4	5	1\u000acpuacct	4	5	1\u000ablkio	11	1	1\u000amemory	6	5	1\u000adevices	5	1	1\u000afreezer	7	2	1\u000anet_cls	3	1	1\u000aperf_event	10	1	1\u000anet_prio	3	1	1\u000ahugetlb	9	1	1\u000apids	2	1	1\u000a
p262
sV/proc/cpuinfo
p263
Vprocessor	: 0\u000avendor_id	: GenuineIntel\u000acpu family	: 6\u000amodel		: 63\u000amodel name	: Intel(R) Xeon(R) Processor @ 2.50GHz\u000astepping	: 2\u000amicrocode	: 0x1\u000acpu MHz		: 2500.012\u000acache size	: 36608 KB\u000aphysical id	: 0\u000asiblings	: 2\u000acore id		: 0\u000acpu cores	: 2\u000aapicid		: 0\u000ainitial apicid	: 0\u000afpu		: yes\u000afpu_exception	: yes\u000acpuid level	: 13\u000awp		: yes\u000aflags		: fpu vme de pse tsc msr pae mce cx8 apic sep mtrr pge mca cmov pat pse36 clflush mmx fxsr sse sse2 ht syscall nx rdtscp lm constant_tsc rep_good nopl xtopology nonstop_tsc cpuid tsc_known_freq pni pclmulqdq ssse3 fma cx16 pcid sse4_1 sse4_2 x2apic movbe popcnt tsc_deadline_timer aes xsave avx f16c rdrand hypervisor lahf_lm abm cpuid_fault invpcid_single ssbd ibrs ibpb stibp ibrs_enhanced fsgsbase tsc_adjust bmi1 avx2 smep bmi2 erms invpcid smap xsaveopt arat md_clear arch_capabilities\u000abugs		: spectre_v1 spectre_v2 spec_store_bypass swapgs\u000abogomips	: 5000.02\u000aclflush size	: 64\u000acache_alignment	: 64\u000aaddress sizes	: 46 bits physical, 48 bits virtual\u000apower management:\u000a\u000aprocessor	: 1\u000avendor_id	: GenuineIntel\u000acpu family	: 6\u000amodel		: 63\u000amodel name	: Intel(R) Xeon(R) Processor @ 2.50GHz\u000astepping	: 2\u000amicrocode	: 0x1\u000acpu MHz		: 2500.012\u000acache size	: 36608 KB\u000aphysical id	: 0\u000asiblings	: 2\u000acore id		: 1\u000acpu cores	: 2\u000aapicid		: 1\u000ainitial apicid	: 1\u000afpu		: yes\u000afpu_exception	: yes\u000acpuid level	: 13\u000awp		: yes\u000aflags		: fpu vme de pse tsc msr pae mce cx8 apic sep mtrr pge mca cmov pat pse36 clflush mmx fxsr sse sse2 ht syscall nx rdtscp lm constant_tsc rep_good nopl xtopology nonstop_tsc cpuid tsc_known_freq pni pclmulqdq ssse3 fma cx16 pcid sse4_1 sse4_2 x2apic movbe popcnt tsc_deadline_timer aes xsave avx f16c rdrand hypervisor lahf_lm abm cpuid_fault invpcid_single ssbd ibrs ibpb stibp ibrs_enhanced fsgsbase tsc_adjust bmi1 avx2 smep bmi2 erms invpcid smap xsaveopt arat md_clear arch_capabilities\u000abugs		: spectre_v1 spectre_v2 spec_store_bypass swapgs\u000abogomips	: 5000.02\u000aclflush size	: 64\u000acache_alignment	: 64\u000aaddress sizes	: 46 bits physical, 48 bits virtual\u000apower management:\u000a\u000a
p264
sV/proc/meminfo
p265
VMemTotal:        1717184 kB\u000aMemFree:         1115504 kB\u000aMemAvailable:    1485652 kB\u000aBuffers:           18192 kB\u000aCached:           466168 kB\u000aSwapCached:            0 kB\u000aActive:           107372 kB\u000aInactive:         438632 kB\u000aActive(anon):      61640 kB\u000aInactive(anon):      216 kB\u000aActive(file):      45732 kB\u000aInactive(file):   438416 kB\u000aUnevictable:           0 kB\u000aMlocked:               0 kB\u000aSwapTotal:             0 kB\u000aSwapFree:              0 kB\u000aDirty:              1456 kB\u000aWriteback:             0 kB\u000aAnonPages:         61632 kB\u000aMapped:            35296 kB\u000aShmem:               220 kB\u000aSlab:              43144 kB\u000aSReclaimable:      33016 kB\u000aSUnreclaim:        10128 kB\u000aKernelStack:        1160 kB\u000aPageTables:         1404 kB\u000aNFS_Unstable:          0 kB\u000aBounce:                0 kB\u000aWritebackTmp:          0 kB\u000aCommitLimit:      858592 kB\u000aCommitted_AS:     254084 kB\u000aVmallocTotal:   34359738367 kB\u000aVmallocUsed:           0 kB\u000aVmallocChunk:          0 kB\u000aAnonHugePages:         0 kB\u000aShmemHugePages:        0 kB\u000aShmemPmdMapped:        0 kB\u000aHugePages_Total:       0\u000aHugePages_Free:        0\u000aHugePages_Rsvd:        0\u000aHugePages_Surp:        0\u000aHugepagesize:       2048 kB\u000aDirectMap4k:       23552 kB\u000aDirectMap2M:     1738752 kB\u000a
p266
ssVstatus_key
p267
Vpywren.jobs/bf768c17-045c-4fa2-b496-6e88ead14660/00005/status.json
p268
sVend_time
p269
F1609047181.3950009
sVlog_group_name
p270
V/aws/lambda/pywren_redis_2
p271
sVdata_key
p272
Vpywren.jobs/bf768c17-045c-4fa2-b496-6e88ead14660/aggdata.pickle
p273
sa(dp274
Vcallset_id
p275
Vbf768c17-045c-4fa2-b496-6e88ead14660
p276
sVlog_stream_name
p277
V2020/12/27/[$LATEST]c2ed28ee8774472ea42b49be38f8fe67
p278
sVstdout
p279
V
sVfunc_key
p280
Vpywren.jobs/bf768c17-045c-4fa2-b496-6e88ead14660/func.pickle
p281
sVfree_disk_bytes
p282
I538333184
sVruntime_cached
p283
I00
sVretcode
p284
I0
sVcall_id
p285
V00006
p286
sVoutput_key
p287
Vpywren.jobs/bf768c17-045c-4fa2-b496-6e88ead14660/00006/output.pickle
p288
sVruntime_s3_key_used
p289
V0dd9e5-pywren.runtimes/default_2.7.tar.gz.0045
p290
sVaws_request_id
p291
V3487bbf0-3c58-4666-acdd-682a8378d1cb
p292
sVexec_time
p293
F22.18633508682251
sVstart_time
p294
F1609047159.8641551
sVsetup_time
p295
F9.0951788425445557
sVruntime_s3_bucket_used
p296
Vpywren-runtimes-public-us-west-2
p297
sVexception
p298
NsVhost_submit_time
p299
F1609047158.988976
sVserver_info
p300
(dp301
Vuname
p302
V('Linux', '169.254.126.81', '4.14.203-112.332.amzn2.x86_64', '#1 SMP Wed Nov 4 20:46:34 UTC 2020', 'x86_64', 'x86_64')
p303
sV/proc/self/cgroup
p304
VMemTotal:        1717184 kB\u000aMemFree:         1122576 kB\u000aMemAvailable:    1486744 kB\u000aBuffers:           14476 kB\u000aCached:           464056 kB\u000aSwapCached:            0 kB\u000aActive:            92488 kB\u000aInactive:         446872 kB\u000aActive(anon):      60824 kB\u000aInactive(anon):      212 kB\u000aActive(file):      31664 kB\u000aInactive(file):   446660 kB\u000aUnevictable:           0 kB\u000aMlocked:               0 kB\u000aSwapTotal:             0 kB\u000aSwapFree:              0 kB\u000aDirty:             19828 kB\u000aWriteback:             0 kB\u000aAnonPages:         60804 kB\u000aMapped:            34372 kB\u000aShmem:               220 kB\u000aSlab:              42820 kB\u000aSReclaimable:      32704 kB\u000aSUnreclaim:        10116 kB\u000aKernelStack:        1176 kB\u000aPageTables:         1396 kB\u000aNFS_Unstable:          0 kB\u000aBounce:                0 kB\u000aWritebackTmp:          0 kB\u000aCommitLimit:      858592 kB\u000aCommitted_AS:     253664 kB\u000aVmallocTotal:   34359738367 kB\u000aVmallocUsed:           0 kB\u000aVmallocChunk:          0 kB\u000aAnonHugePages:         0 kB\u000aShmemHugePages:        0 kB\u000aShmemPmdMapped:        0 kB\u000aHugePages_Total:       0\u000aHugePages_Free:        0\u000aHugePages_Rsvd:        0\u000aHugePages_Surp:        0\u000aHugepagesize:       2048 kB\u000aDirectMap4k:       21504 kB\u000aDirectMap2M:     1740800 kB\u000a
p305
sV/proc/cgroups
p306
V#subsys_name	hierarchy	num_cgroups	enabled\u000acpuset	8	1	1\u000acpu	6	5	1\u000acpuacct	6	5	1\u000ablkio	9	1	1\u000amemory	3	5	1\u000adevices	11	1	1\u000afreezer	7	2	1\u000anet_cls	5	1	1\u000aperf_event	10	1	1\u000anet_prio	5	1	1\u000ahugetlb	2	1	1\u000apids	4	1	1\u000a
p307
sV/proc/cpuinfo
p308
Vprocessor	: 0\u000avendor_id	: GenuineIntel\u000acpu family	: 6\u000amodel		: 63\u000amodel name	: Intel(R) Xeon(R) Processor @ 2.50GHz\u000astepping	: 2\u000amicrocode	: 0x1\u000acpu MHz		: 2500.008\u000acache size	: 33792 KB\u000aphysical id	: 0\u000asiblings	: 2\u000acore id		: 0\u000acpu cores	: 2\u000aapicid		: 0\u000ainitial apicid	: 0\u000afpu		: yes\u000afpu_exception	: yes\u000acpuid level	: 13\u000awp		: yes\u000aflags		: fpu vme de pse tsc msr pae mce cx8 apic sep mtrr pge mca cmov pat pse36 clflush mmx fxsr sse sse2 ht syscall nx rdtscp lm constant_tsc rep_good nopl xtopology nonstop_tsc cpuid tsc_known_freq pni pclmulqdq ssse3 fma cx16 pcid sse4_1 sse4_2 x2apic movbe popcnt tsc_deadline_timer aes xsave avx f16c rdrand hypervisor lahf_lm abm cpuid_fault invpcid_single pti ssbd ibrs ibpb stibp fsgsbase tsc_adjust bmi1 avx2 smep bmi2 erms invpcid smap xsaveopt arat md_clear arch_capabilities\u000abugs		: cpu_meltdown spectre_v1 spectre_v2 spec_store_bypass l1tf mds swapgs\u000abogomips	: 5000.01\u000aclflush size	: 64\u000acache_alignment	: 64\u000aaddress sizes	: 46 bits physical, 48 bits virtual\u000apower management:\u000a\u000aprocessor	: 1\u000avendor_id	: GenuineIntel\u000acpu family	: 6\u000amodel		: 63\u000amodel name	: Intel(R) Xeon(R) Processor @ 2.50GHz\u000astepping	: 2\u000amicrocode	: 0x1\u000acpu MHz		: 2500.008\u000acache size	: 33792 KB\u000aphysical id	: 0\u000asiblings	: 2\u000acore id		: 1\u000acpu cores	: 2\u000aapicid		: 1\u000ainitial apicid	: 1\u000afpu		: yes\u000afpu_exception	: yes\u000acpuid level	: 13\u000awp		: yes\u000aflags		: fpu vme de pse tsc msr pae mce cx8 apic sep mtrr pge mca cmov pat pse36 clflush mmx fxsr sse sse2 ht syscall nx rdtscp lm constant_tsc rep_good nopl xtopology nonstop_tsc cpuid tsc_known_freq pni pclmulqdq ssse3 fma cx16 pcid sse4_1 sse4_2 x2apic movbe popcnt tsc_deadline_timer aes xsave avx f16c rdrand hypervisor lahf_lm abm cpuid_fault invpcid_single pti ssbd ibrs ibpb stibp fsgsbase tsc_adjust bmi1 avx2 smep bmi2 erms invpcid smap xsaveopt arat md_clear arch_capabilities\u000abugs		: cpu_meltdown spectre_v1 spectre_v2 spec_store_bypass l1tf mds swapgs\u000abogomips	: 5000.01\u000aclflush size	: 64\u000acache_alignment	: 64\u000aaddress sizes	: 46 bits physical, 48 bits virtual\u000apower management:\u000a\u000a
p309
sV/proc/meminfo
p310
VMemTotal:        1717184 kB\u000aMemFree:         1122576 kB\u000aMemAvailable:    1486744 kB\u000aBuffers:           14476 kB\u000aCached:           464056 kB\u000aSwapCached:            0 kB\u000aActive:            92488 kB\u000aInactive:         446872 kB\u000aActive(anon):      60824 kB\u000aInactive(anon):      212 kB\u000aActive(file):      31664 kB\u000aInactive(file):   446660 kB\u000aUnevictable:           0 kB\u000aMlocked:               0 kB\u000aSwapTotal:             0 kB\u000aSwapFree:              0 kB\u000aDirty:             19828 kB\u000aWriteback:             0 kB\u000aAnonPages:         60804 kB\u000aMapped:            34372 kB\u000aShmem:               220 kB\u000aSlab:              42820 kB\u000aSReclaimable:      32704 kB\u000aSUnreclaim:        10116 kB\u000aKernelStack:        1176 kB\u000aPageTables:         1396 kB\u000aNFS_Unstable:          0 kB\u000aBounce:                0 kB\u000aWritebackTmp:          0 kB\u000aCommitLimit:      858592 kB\u000aCommitted_AS:     253664 kB\u000aVmallocTotal:   34359738367 kB\u000aVmallocUsed:           0 kB\u000aVmallocChunk:          0 kB\u000aAnonHugePages:         0 kB\u000aShmemHugePages:        0 kB\u000aShmemPmdMapped:        0 kB\u000aHugePages_Total:       0\u000aHugePages_Free:        0\u000aHugePages_Rsvd:        0\u000aHugePages_Surp:        0\u000aHugepagesize:       2048 kB\u000aDirectMap4k:       21504 kB\u000aDirectMap2M:     1740800 kB\u000a
p311
ssVstatus_key
p312
Vpywren.jobs/bf768c17-045c-4fa2-b496-6e88ead14660/00006/status.json
p313
sVend_time
p314
F1609047191.1456621
sVlog_group_name
p315
V/aws/lambda/pywren_redis_2
p316
sVdata_key
p317
Vpywren.jobs/bf768c17-045c-4fa2-b496-6e88ead14660/aggdata.pickle
p318
sa(dp319
Vcallset_id
p320
Vbf768c17-045c-4fa2-b496-6e88ead14660
p321
sVlog_stream_name
p322
V2020/12/27/[$LATEST]b7a88fac142e4430a384cd362b4aa6f9
p323
sVstdout
p324
V
sVfunc_key
p325
Vpywren.jobs/bf768c17-045c-4fa2-b496-6e88ead14660/func.pickle
p326
sVfree_disk_bytes
p327
I121020416
sVruntime_cached
p328
I01
sVretcode
p329
I0
sVcall_id
p330
V00007
p331
sVoutput_key
p332
Vpywren.jobs/bf768c17-045c-4fa2-b496-6e88ead14660/00007/output.pickle
p333
sVruntime_s3_key_used
p334
V7da364-pywren.runtimes/default_2.7.tar.gz.0055
p335
sVaws_request_id
p336
Vda0e6218-910b-447f-b718-c65a760aea32
p337
sVexec_time
p338
F22.093362092971802
sVstart_time
p339
F1609047159.2237411
sVsetup_time
p340
F0.08755183219909668
sVruntime_s3_bucket_used
p341
Vpywren-runtimes-public-us-west-2
p342
sVexception
p343
NsVhost_submit_time
p344
F1609047158.993772
sVserver_info
p345
(dp346
Vuname
p347
V('Linux', '169.254.65.53', '4.14.203-112.332.amzn2.x86_64', '#1 SMP Wed Nov 4 20:46:34 UTC 2020', 'x86_64', 'x86_64')
p348
sV/proc/self/cgroup
p349
VMemTotal:        1717184 kB\u000aMemFree:         1119016 kB\u000aMemAvailable:    1486352 kB\u000aBuffers:           17572 kB\u000aCached:           464048 kB\u000aSwapCached:            0 kB\u000aActive:           106280 kB\u000aInactive:         436612 kB\u000aActive(anon):      61264 kB\u000aInactive(anon):      216 kB\u000aActive(file):      45016 kB\u000aInactive(file):   436396 kB\u000aUnevictable:           0 kB\u000aMlocked:               0 kB\u000aSwapTotal:             0 kB\u000aSwapFree:              0 kB\u000aDirty:              1624 kB\u000aWriteback:             0 kB\u000aAnonPages:         61260 kB\u000aMapped:            35460 kB\u000aShmem:               220 kB\u000aSlab:              42832 kB\u000aSReclaimable:      32864 kB\u000aSUnreclaim:         9968 kB\u000aKernelStack:        1152 kB\u000aPageTables:         1336 kB\u000aNFS_Unstable:          0 kB\u000aBounce:                0 kB\u000aWritebackTmp:          0 kB\u000aCommitLimit:      858592 kB\u000aCommitted_AS:     252660 kB\u000aVmallocTotal:   34359738367 kB\u000aVmallocUsed:           0 kB\u000aVmallocChunk:          0 kB\u000aAnonHugePages:         0 kB\u000aShmemHugePages:        0 kB\u000aShmemPmdMapped:        0 kB\u000aHugePages_Total:       0\u000aHugePages_Free:        0\u000aHugePages_Rsvd:        0\u000aHugePages_Surp:        0\u000aHugepagesize:       2048 kB\u000aDirectMap4k:       21504 kB\u000aDirectMap2M:     1740800 kB\u000a
p350
sV/proc/cgroups
p351
V#subsys_name	hierarchy	num_cgroups	enabled\u000acpuset	11	1	1\u000acpu	6	5	1\u000acpuacct	6	5	1\u000ablkio	2	1	1\u000amemory	10	5	1\u000adevices	9	1	1\u000afreezer	4	2	1\u000anet_cls	8	1	1\u000aperf_event	7	1	1\u000anet_prio	8	1	1\u000ahugetlb	3	1	1\u000apids	5	1	1\u000a
p352
sV/proc/cpuinfo
p353
Vprocessor	: 0\u000avendor_id	: GenuineIntel\u000acpu family	: 6\u000amodel		: 63\u000amodel name	: Intel(R) Xeon(R) Processor @ 2.50GHz\u000astepping	: 2\u000amicrocode	: 0x1\u000acpu MHz		: 2500.006\u000acache size	: 33792 KB\u000aphysical id	: 0\u000asiblings	: 2\u000acore id		: 0\u000acpu cores	: 2\u000aapicid		: 0\u000ainitial apicid	: 0\u000afpu		: yes\u000afpu_exception	: yes\u000acpuid level	: 13\u000awp		: yes\u000aflags		: fpu vme de pse tsc msr pae mce cx8 apic sep mtrr pge mca cmov pat pse36 clflush mmx fxsr sse sse2 ht syscall nx rdtscp lm constant_tsc rep_good nopl xtopology nonstop_tsc cpuid tsc_known_freq pni pclmulqdq ssse3 fma cx16 pcid sse4_1 sse4_2 x2apic movbe popcnt tsc_deadline_timer aes xsave avx f16c rdrand hypervisor lahf_lm abm cpuid_fault invpcid_single pti ssbd ibrs ibpb stibp fsgsbase tsc_adjust bmi1 avx2 smep bmi2 erms invpcid smap xsaveopt arat md_clear arch_capabilities\u000abugs		: cpu_meltdown spectre_v1 spectre_v2 spec_store_bypass l1tf mds swapgs\u000abogomips	: 5000.01\u000aclflush size	: 64\u000acache_alignment	: 64\u000aaddress sizes	: 46 bits physical, 48 bits virtual\u000apower management:\u000a\u000aprocessor	: 1\u000avendor_id	: GenuineIntel\u000acpu family	: 6\u000amodel		: 63\u000amodel name	: Intel(R) Xeon(R) Processor @ 2.50GHz\u000astepping	: 2\u000amicrocode	: 0x1\u000acpu MHz		: 2500.006\u000acache size	: 33792 KB\u000aphysical id	: 0\u000asiblings	: 2\u000acore id		: 1\u000acpu cores	: 2\u000aapicid		: 1\u000ainitial apicid	: 1\u000afpu		: yes\u000afpu_exception	: yes\u000acpuid level	: 13\u000awp		: yes\u000aflags		: fpu vme de pse tsc msr pae mce cx8 apic sep mtrr pge mca cmov pat pse36 clflush mmx fxsr sse sse2 ht syscall nx rdtscp lm constant_tsc rep_good nopl xtopology nonstop_tsc cpuid tsc_known_freq pni pclmulqdq ssse3 fma cx16 pcid sse4_1 sse4_2 x2apic movbe popcnt tsc_deadline_timer aes xsave avx f16c rdrand hypervisor lahf_lm abm cpuid_fault invpcid_single pti ssbd ibrs ibpb stibp fsgsbase tsc_adjust bmi1 avx2 smep bmi2 erms invpcid smap xsaveopt arat md_clear arch_capabilities\u000abugs		: cpu_meltdown spectre_v1 spectre_v2 spec_store_bypass l1tf mds swapgs\u000abogomips	: 5000.01\u000aclflush size	: 64\u000acache_alignment	: 64\u000aaddress sizes	: 46 bits physical, 48 bits virtual\u000apower management:\u000a\u000a
p354
sV/proc/meminfo
p355
VMemTotal:        1717184 kB\u000aMemFree:         1119016 kB\u000aMemAvailable:    1486352 kB\u000aBuffers:           17572 kB\u000aCached:           464048 kB\u000aSwapCached:            0 kB\u000aActive:           106280 kB\u000aInactive:         436612 kB\u000aActive(anon):      61264 kB\u000aInactive(anon):      216 kB\u000aActive(file):      45016 kB\u000aInactive(file):   436396 kB\u000aUnevictable:           0 kB\u000aMlocked:               0 kB\u000aSwapTotal:             0 kB\u000aSwapFree:              0 kB\u000aDirty:              1624 kB\u000aWriteback:             0 kB\u000aAnonPages:         61260 kB\u000aMapped:            35460 kB\u000aShmem:               220 kB\u000aSlab:              42832 kB\u000aSReclaimable:      32864 kB\u000aSUnreclaim:         9968 kB\u000aKernelStack:        1152 kB\u000aPageTables:         1336 kB\u000aNFS_Unstable:          0 kB\u000aBounce:                0 kB\u000aWritebackTmp:          0 kB\u000aCommitLimit:      858592 kB\u000aCommitted_AS:     252660 kB\u000aVmallocTotal:   34359738367 kB\u000aVmallocUsed:           0 kB\u000aVmallocChunk:          0 kB\u000aAnonHugePages:         0 kB\u000aShmemHugePages:        0 kB\u000aShmemPmdMapped:        0 kB\u000aHugePages_Total:       0\u000aHugePages_Free:        0\u000aHugePages_Rsvd:        0\u000aHugePages_Surp:        0\u000aHugepagesize:       2048 kB\u000aDirectMap4k:       21504 kB\u000aDirectMap2M:     1740800 kB\u000a
p356
ssVstatus_key
p357
Vpywren.jobs/bf768c17-045c-4fa2-b496-6e88ead14660/00007/status.json
p358
sVend_time
p359
F1609047181.404649
sVlog_group_name
p360
V/aws/lambda/pywren_redis_2
p361
sVdata_key
p362
Vpywren.jobs/bf768c17-045c-4fa2-b496-6e88ead14660/aggdata.pickle
p363
sa(dp364
Vcallset_id
p365
Vbf768c17-045c-4fa2-b496-6e88ead14660
p366
sVlog_stream_name
p367
V2020/12/27/[$LATEST]687fe20c56c5499195c01768a608cf5a
p368
sVstdout
p369
V
sVfunc_key
p370
Vpywren.jobs/bf768c17-045c-4fa2-b496-6e88ead14660/func.pickle
p371
sVfree_disk_bytes
p372
I121020416
sVruntime_cached
p373
I01
sVretcode
p374
I0
sVcall_id
p375
V00008
p376
sVoutput_key
p377
Vpywren.jobs/bf768c17-045c-4fa2-b496-6e88ead14660/00008/output.pickle
p378
sVruntime_s3_key_used
p379
V7d6d50-pywren.runtimes/default_2.7.tar.gz.0021
p380
sVaws_request_id
p381
Vbd3625a3-25c0-42e7-9b7a-520a005a3b66
p382
sVexec_time
p383
F22.139652967453003
sVstart_time
p384
F1609047159.248894
sVsetup_time
p385
F0.074738979339599609
sVruntime_s3_bucket_used
p386
Vpywren-runtimes-public-us-west-2
p387
sVexception
p388
NsVhost_submit_time
p389
F1609047159.0056241
sVserver_info
p390
(dp391
Vuname
p392
V('Linux', '169.254.51.165', '4.14.203-112.332.amzn2.x86_64', '#1 SMP Wed Nov 4 20:46:34 UTC 2020', 'x86_64', 'x86_64')
p393
sV/proc/self/cgroup
p394
VMemTotal:        1717184 kB\u000aMemFree:         1116852 kB\u000aMemAvailable:    1486284 kB\u000aBuffers:           17556 kB\u000aCached:           466152 kB\u000aSwapCached:            0 kB\u000aActive:           106348 kB\u000aInactive:         438548 kB\u000aActive(anon):      61180 kB\u000aInactive(anon):      216 kB\u000aActive(file):      45168 kB\u000aInactive(file):   438332 kB\u000aUnevictable:           0 kB\u000aMlocked:               0 kB\u000aSwapTotal:             0 kB\u000aSwapFree:              0 kB\u000aDirty:              1648 kB\u000aWriteback:             0 kB\u000aAnonPages:         61176 kB\u000aMapped:            35368 kB\u000aShmem:               220 kB\u000aSlab:              42968 kB\u000aSReclaimable:      32880 kB\u000aSUnreclaim:        10088 kB\u000aKernelStack:        1136 kB\u000aPageTables:         1344 kB\u000aNFS_Unstable:          0 kB\u000aBounce:                0 kB\u000aWritebackTmp:          0 kB\u000aCommitLimit:      858592 kB\u000aCommitted_AS:     254056 kB\u000aVmallocTotal:   34359738367 kB\u000aVmallocUsed:           0 kB\u000aVmallocChunk:          0 kB\u000aAnonHugePages:         0 kB\u000aShmemHugePages:        0 kB\u000aShmemPmdMapped:        0 kB\u000aHugePages_Total:       0\u000aHugePages_Free:        0\u000aHugePages_Rsvd:        0\u000aHugePages_Surp:        0\u000aHugepagesize:       2048 kB\u000aDirectMap4k:       21504 kB\u000aDirectMap2M:     1740800 kB\u000a
p395
sV/proc/cgroups
p396
V#subsys_name	hierarchy	num_cgroups	enabled\u000acpuset	4	1	1\u000acpu	6	5	1\u000acpuacct	6	5	1\u000ablkio	11	1	1\u000amemory	5	5	1\u000adevices	2	1	1\u000afreezer	7	2	1\u000anet_cls	10	1	1\u000aperf_event	9	1	1\u000anet_prio	10	1	1\u000ahugetlb	3	1	1\u000apids	8	1	1\u000a
p397
sV/proc/cpuinfo
p398
Vprocessor	: 0\u000avendor_id	: GenuineIntel\u000acpu family	: 6\u000amodel		: 63\u000amodel name	: Intel(R) Xeon(R) Processor @ 2.50GHz\u000astepping	: 2\u000amicrocode	: 0x1\u000acpu MHz		: 2500.012\u000acache size	: 36608 KB\u000aphysical id	: 0\u000asiblings	: 2\u000acore id		: 0\u000acpu cores	: 2\u000aapicid		: 0\u000ainitial apicid	: 0\u000afpu		: yes\u000afpu_exception	: yes\u000acpuid level	: 13\u000awp		: yes\u000aflags		: fpu vme de pse tsc msr pae mce cx8 apic sep mtrr pge mca cmov pat pse36 clflush mmx fxsr sse sse2 ht syscall nx rdtscp lm constant_tsc rep_good nopl xtopology nonstop_tsc cpuid tsc_known_freq pni pclmulqdq ssse3 fma cx16 pcid sse4_1 sse4_2 x2apic movbe popcnt tsc_deadline_timer aes xsave avx f16c rdrand hypervisor lahf_lm abm cpuid_fault invpcid_single ssbd ibrs ibpb stibp ibrs_enhanced fsgsbase tsc_adjust bmi1 avx2 smep bmi2 erms invpcid smap xsaveopt arat md_clear arch_capabilities\u000abugs		: spectre_v1 spectre_v2 spec_store_bypass swapgs\u000abogomips	: 5000.02\u000aclflush size	: 64\u000acache_alignment	: 64\u000aaddress sizes	: 46 bits physical, 48 bits virtual\u000apower management:\u000a\u000aprocessor	: 1\u000avendor_id	: GenuineIntel\u000acpu family	: 6\u000amodel		: 63\u000amodel name	: Intel(R) Xeon(R) Processor @ 2.50GHz\u000astepping	: 2\u000amicrocode	: 0x1\u000acpu MHz		: 2500.012\u000acache size	: 36608 KB\u000aphysical id	: 0\u000asiblings	: 2\u000acore id		: 1\u000acpu cores	: 2\u000aapicid		: 1\u000ainitial apicid	: 1\u000afpu		: yes\u000afpu_exception	: yes\u000acpuid level	: 13\u000awp		: yes\u000aflags		: fpu vme de pse tsc msr pae mce cx8 apic sep mtrr pge mca cmov pat pse36 clflush mmx fxsr sse sse2 ht syscall nx rdtscp lm constant_tsc rep_good nopl xtopology nonstop_tsc cpuid tsc_known_freq pni pclmulqdq ssse3 fma cx16 pcid sse4_1 sse4_2 x2apic movbe popcnt tsc_deadline_timer aes xsave avx f16c rdrand hypervisor lahf_lm abm cpuid_fault invpcid_single ssbd ibrs ibpb stibp ibrs_enhanced fsgsbase tsc_adjust bmi1 avx2 smep bmi2 erms invpcid smap xsaveopt arat md_clear arch_capabilities\u000abugs		: spectre_v1 spectre_v2 spec_store_bypass swapgs\u000abogomips	: 5000.02\u000aclflush size	: 64\u000acache_alignment	: 64\u000aaddress sizes	: 46 bits physical, 48 bits virtual\u000apower management:\u000a\u000a
p399
sV/proc/meminfo
p400
VMemTotal:        1717184 kB\u000aMemFree:         1116852 kB\u000aMemAvailable:    1486284 kB\u000aBuffers:           17556 kB\u000aCached:           466152 kB\u000aSwapCached:            0 kB\u000aActive:           106348 kB\u000aInactive:         438548 kB\u000aActive(anon):      61180 kB\u000aInactive(anon):      216 kB\u000aActive(file):      45168 kB\u000aInactive(file):   438332 kB\u000aUnevictable:           0 kB\u000aMlocked:               0 kB\u000aSwapTotal:             0 kB\u000aSwapFree:              0 kB\u000aDirty:              1648 kB\u000aWriteback:             0 kB\u000aAnonPages:         61176 kB\u000aMapped:            35368 kB\u000aShmem:               220 kB\u000aSlab:              42968 kB\u000aSReclaimable:      32880 kB\u000aSUnreclaim:        10088 kB\u000aKernelStack:        1136 kB\u000aPageTables:         1344 kB\u000aNFS_Unstable:          0 kB\u000aBounce:                0 kB\u000aWritebackTmp:          0 kB\u000aCommitLimit:      858592 kB\u000aCommitted_AS:     254056 kB\u000aVmallocTotal:   34359738367 kB\u000aVmallocUsed:           0 kB\u000aVmallocChunk:          0 kB\u000aAnonHugePages:         0 kB\u000aShmemHugePages:        0 kB\u000aShmemPmdMapped:        0 kB\u000aHugePages_Total:       0\u000aHugePages_Free:        0\u000aHugePages_Rsvd:        0\u000aHugePages_Surp:        0\u000aHugepagesize:       2048 kB\u000aDirectMap4k:       21504 kB\u000aDirectMap2M:     1740800 kB\u000a
p401
ssVstatus_key
p402
Vpywren.jobs/bf768c17-045c-4fa2-b496-6e88ead14660/00008/status.json
p403
sVend_time
p404
F1609047181.463279
sVlog_group_name
p405
V/aws/lambda/pywren_redis_2
p406
sVdata_key
p407
Vpywren.jobs/bf768c17-045c-4fa2-b496-6e88ead14660/aggdata.pickle
p408
sa(dp409
Vcallset_id
p410
Vbf768c17-045c-4fa2-b496-6e88ead14660
p411
sVlog_stream_name
p412
V2020/12/27/[$LATEST]50ce216c4b564f87854387db80334207
p413
sVstdout
p414
V
sVfunc_key
p415
Vpywren.jobs/bf768c17-045c-4fa2-b496-6e88ead14660/func.pickle
p416
sVfree_disk_bytes
p417
I121020416
sVruntime_cached
p418
I01
sVretcode
p419
I0
sVcall_id
p420
V00009
p421
sVoutput_key
p422
Vpywren.jobs/bf768c17-045c-4fa2-b496-6e88ead14660/00009/output.pickle
p423
sVruntime_s3_key_used
p424
V48d2d6-pywren.runtimes/default_2.7.tar.gz.0063
p425
sVaws_request_id
p426
V20d89e2d-07ac-485e-9d70-4bf07a2d9abb
p427
sVexec_time
p428
F22.129257917404175
sVstart_time
p429
F1609047159.1839409
sVsetup_time
p430
F0.069258213043212891
sVruntime_s3_bucket_used
p431
Vpywren-runtimes-public-us-west-2
p432
sVexception
p433
NsVhost_submit_time
p434
F1609047159.0190511
sVserver_info
p435
(dp436
Vuname
p437
V('Linux', '169.254.103.213', '4.14.203-112.332.amzn2.x86_64', '#1 SMP Wed Nov 4 20:46:34 UTC 2020', 'x86_64', 'x86_64')
p438
sV/proc/self/cgroup
p439
VMemTotal:        1717184 kB\u000aMemFree:         1117224 kB\u000aMemAvailable:    1486084 kB\u000aBuffers:           17240 kB\u000aCached:           465876 kB\u000aSwapCached:            0 kB\u000aActive:           106020 kB\u000aInactive:         438420 kB\u000aActive(anon):      61320 kB\u000aInactive(anon):      216 kB\u000aActive(file):      44700 kB\u000aInactive(file):   438204 kB\u000aUnevictable:           0 kB\u000aMlocked:               0 kB\u000aSwapTotal:             0 kB\u000aSwapFree:              0 kB\u000aDirty:               148 kB\u000aWriteback:             0 kB\u000aAnonPages:         61308 kB\u000aMapped:            35016 kB\u000aShmem:               220 kB\u000aSlab:              43100 kB\u000aSReclaimable:      32928 kB\u000aSUnreclaim:        10172 kB\u000aKernelStack:        1160 kB\u000aPageTables:         1428 kB\u000aNFS_Unstable:          0 kB\u000aBounce:                0 kB\u000aWritebackTmp:          0 kB\u000aCommitLimit:      858592 kB\u000aCommitted_AS:     254064 kB\u000aVmallocTotal:   34359738367 kB\u000aVmallocUsed:           0 kB\u000aVmallocChunk:          0 kB\u000aAnonHugePages:         0 kB\u000aShmemHugePages:        0 kB\u000aShmemPmdMapped:        0 kB\u000aHugePages_Total:       0\u000aHugePages_Free:        0\u000aHugePages_Rsvd:        0\u000aHugePages_Surp:        0\u000aHugepagesize:       2048 kB\u000aDirectMap4k:       19456 kB\u000aDirectMap2M:     1742848 kB\u000a
p440
sV/proc/cgroups
p441
V#subsys_name	hierarchy	num_cgroups	enabled\u000acpuset	4	1	1\u000acpu	3	5	1\u000acpuacct	3	5	1\u000ablkio	10	1	1\u000amemory	9	5	1\u000adevices	7	1	1\u000afreezer	11	2	1\u000anet_cls	2	1	1\u000aperf_event	5	1	1\u000anet_prio	2	1	1\u000ahugetlb	8	1	1\u000apids	6	1	1\u000a
p442
sV/proc/cpuinfo
p443
Vprocessor	: 0\u000avendor_id	: GenuineIntel\u000acpu family	: 6\u000amodel		: 63\u000amodel name	: Intel(R) Xeon(R) Processor @ 2.50GHz\u000astepping	: 2\u000amicrocode	: 0x1\u000acpu MHz		: 2500.006\u000acache size	: 36608 KB\u000aphysical id	: 0\u000asiblings	: 2\u000acore id		: 0\u000acpu cores	: 2\u000aapicid		: 0\u000ainitial apicid	: 0\u000afpu		: yes\u000afpu_exception	: yes\u000acpuid level	: 13\u000awp		: yes\u000aflags		: fpu vme de pse tsc msr pae mce cx8 apic sep mtrr pge mca cmov pat pse36 clflush mmx fxsr sse sse2 ht syscall nx rdtscp lm constant_tsc rep_good nopl xtopology nonstop_tsc cpuid tsc_known_freq pni pclmulqdq ssse3 fma cx16 pcid sse4_1 sse4_2 x2apic movbe popcnt tsc_deadline_timer aes xsave avx f16c rdrand hypervisor lahf_lm abm cpuid_fault invpcid_single ssbd ibrs ibpb stibp ibrs_enhanced fsgsbase tsc_adjust bmi1 avx2 smep bmi2 erms invpcid smap xsaveopt arat md_clear arch_capabilities\u000abugs		: spectre_v1 spectre_v2 spec_store_bypass swapgs\u000abogomips	: 5000.01\u000aclflush size	: 64\u000acache_alignment	: 64\u000aaddress sizes	: 46 bits physical, 48 bits virtual\u000apower management:\u000a\u000aprocessor	: 1\u000avendor_id	: GenuineIntel\u000acpu family	: 6\u000amodel		: 63\u000amodel name	: Intel(R) Xeon(R) Processor @ 2.50GHz\u000astepping	: 2\u000amicrocode	: 0x1\u000acpu MHz		: 2500.006\u000acache size	: 36608 KB\u000aphysical id	: 0\u000asiblings	: 2\u000acore id		: 1\u000acpu cores	: 2\u000aapicid		: 1\u000ainitial apicid	: 1\u000afpu		: yes\u000afpu_exception	: yes\u000acpuid level	: 13\u000awp		: yes\u000aflags		: fpu vme de pse tsc msr pae mce cx8 apic sep mtrr pge mca cmov pat pse36 clflush mmx fxsr sse sse2 ht syscall nx rdtscp lm constant_tsc rep_good nopl xtopology nonstop_tsc cpuid tsc_known_freq pni pclmulqdq ssse3 fma cx16 pcid sse4_1 sse4_2 x2apic movbe popcnt tsc_deadline_timer aes xsave avx f16c rdrand hypervisor lahf_lm abm cpuid_fault invpcid_single ssbd ibrs ibpb stibp ibrs_enhanced fsgsbase tsc_adjust bmi1 avx2 smep bmi2 erms invpcid smap xsaveopt arat md_clear arch_capabilities\u000abugs		: spectre_v1 spectre_v2 spec_store_bypass swapgs\u000abogomips	: 5000.01\u000aclflush size	: 64\u000acache_alignment	: 64\u000aaddress sizes	: 46 bits physical, 48 bits virtual\u000apower management:\u000a\u000a
p444
sV/proc/meminfo
p445
VMemTotal:        1717184 kB\u000aMemFree:         1117224 kB\u000aMemAvailable:    1486084 kB\u000aBuffers:           17240 kB\u000aCached:           465876 kB\u000aSwapCached:            0 kB\u000aActive:           106020 kB\u000aInactive:         438420 kB\u000aActive(anon):      61320 kB\u000aInactive(anon):      216 kB\u000aActive(file):      44700 kB\u000aInactive(file):   438204 kB\u000aUnevictable:           0 kB\u000aMlocked:               0 kB\u000aSwapTotal:             0 kB\u000aSwapFree:              0 kB\u000aDirty:               148 kB\u000aWriteback:             0 kB\u000aAnonPages:         61308 kB\u000aMapped:            35016 kB\u000aShmem:               220 kB\u000aSlab:              43100 kB\u000aSReclaimable:      32928 kB\u000aSUnreclaim:        10172 kB\u000aKernelStack:        1160 kB\u000aPageTables:         1428 kB\u000aNFS_Unstable:          0 kB\u000aBounce:                0 kB\u000aWritebackTmp:          0 kB\u000aCommitLimit:      858592 kB\u000aCommitted_AS:     254064 kB\u000aVmallocTotal:   34359738367 kB\u000aVmallocUsed:           0 kB\u000aVmallocChunk:          0 kB\u000aAnonHugePages:         0 kB\u000aShmemHugePages:        0 kB\u000aShmemPmdMapped:        0 kB\u000aHugePages_Total:       0\u000aHugePages_Free:        0\u000aHugePages_Rsvd:        0\u000aHugePages_Surp:        0\u000aHugepagesize:       2048 kB\u000aDirectMap4k:       19456 kB\u000aDirectMap2M:     1742848 kB\u000a
p446
ssVstatus_key
p447
Vpywren.jobs/bf768c17-045c-4fa2-b496-6e88ead14660/00009/status.json
p448
sVend_time
p449
F1609047181.382452
sVlog_group_name
p450
V/aws/lambda/pywren_redis_2
p451
sVdata_key
p452
Vpywren.jobs/bf768c17-045c-4fa2-b496-6e88ead14660/aggdata.pickle
p453
sa(dp454
Vcallset_id
p455
Vbf768c17-045c-4fa2-b496-6e88ead14660
p456
sVlog_stream_name
p457
V2020/12/27/[$LATEST]01ba914bf8b74047932ba56a9f3ffc4c
p458
sVstdout
p459
V
sVfunc_key
p460
Vpywren.jobs/bf768c17-045c-4fa2-b496-6e88ead14660/func.pickle
p461
sVfree_disk_bytes
p462
I121020416
sVruntime_cached
p463
I01
sVretcode
p464
I0
sVcall_id
p465
V00010
p466
sVoutput_key
p467
Vpywren.jobs/bf768c17-045c-4fa2-b496-6e88ead14660/00010/output.pickle
p468
sVruntime_s3_key_used
p469
V327cf3-pywren.runtimes/default_2.7.tar.gz.0031
p470
sVaws_request_id
p471
V6fec5bff-f2a8-4d22-ae69-9d6dcffecf8f
p472
sVexec_time
p473
F22.160968065261841
sVstart_time
p474
F1609047159.209594
sVsetup_time
p475
F0.066190958023071289
sVruntime_s3_bucket_used
p476
Vpywren-runtimes-public-us-west-2
p477
sVexception
p478
NsVhost_submit_time
p479
F1609047159.011641
sVserver_info
p480
(dp481
Vuname
p482
V('Linux', '169.254.29.13', '4.14.203-112.332.amzn2.x86_64', '#1 SMP Wed Nov 4 20:46:34 UTC 2020', 'x86_64', 'x86_64')
p483
sV/proc/self/cgroup
p484
VMemTotal:        1717184 kB\u000aMemFree:         1118948 kB\u000aMemAvailable:    1486264 kB\u000aBuffers:           17644 kB\u000aCached:           463924 kB\u000aSwapCached:            0 kB\u000aActive:           106028 kB\u000aInactive:         436632 kB\u000aActive(anon):      61084 kB\u000aInactive(anon):      216 kB\u000aActive(file):      44944 kB\u000aInactive(file):   436416 kB\u000aUnevictable:           0 kB\u000aMlocked:               0 kB\u000aSwapTotal:             0 kB\u000aSwapFree:              0 kB\u000aDirty:              1668 kB\u000aWriteback:             0 kB\u000aAnonPages:         61064 kB\u000aMapped:            35200 kB\u000aShmem:               220 kB\u000aSlab:              43180 kB\u000aSReclaimable:      32928 kB\u000aSUnreclaim:        10252 kB\u000aKernelStack:        1152 kB\u000aPageTables:         1416 kB\u000aNFS_Unstable:          0 kB\u000aBounce:                0 kB\u000aWritebackTmp:          0 kB\u000aCommitLimit:      858592 kB\u000aCommitted_AS:     262036 kB\u000aVmallocTotal:   34359738367 kB\u000aVmallocUsed:           0 kB\u000aVmallocChunk:          0 kB\u000aAnonHugePages:         0 kB\u000aShmemHugePages:        0 kB\u000aShmemPmdMapped:        0 kB\u000aHugePages_Total:       0\u000aHugePages_Free:        0\u000aHugePages_Rsvd:        0\u000aHugePages_Surp:        0\u000aHugepagesize:       2048 kB\u000aDirectMap4k:       21504 kB\u000aDirectMap2M:     1740800 kB\u000a
p485
sV/proc/cgroups
p486
V#subsys_name	hierarchy	num_cgroups	enabled\u000acpuset	11	1	1\u000acpu	7	5	1\u000acpuacct	7	5	1\u000ablkio	9	1	1\u000amemory	5	5	1\u000adevices	3	1	1\u000afreezer	2	2	1\u000anet_cls	4	1	1\u000aperf_event	6	1	1\u000anet_prio	4	1	1\u000ahugetlb	8	1	1\u000apids	10	1	1\u000a
p487
sV/proc/cpuinfo
p488
Vprocessor	: 0\u000avendor_id	: GenuineIntel\u000acpu family	: 6\u000amodel		: 63\u000amodel name	: Intel(R) Xeon(R) Processor @ 2.50GHz\u000astepping	: 2\u000amicrocode	: 0x1\u000acpu MHz		: 2500.012\u000acache size	: 36608 KB\u000aphysical id	: 0\u000asiblings	: 2\u000acore id		: 0\u000acpu cores	: 2\u000aapicid		: 0\u000ainitial apicid	: 0\u000afpu		: yes\u000afpu_exception	: yes\u000acpuid level	: 13\u000awp		: yes\u000aflags		: fpu vme de pse tsc msr pae mce cx8 apic sep mtrr pge mca cmov pat pse36 clflush mmx fxsr sse sse2 ht syscall nx rdtscp lm constant_tsc rep_good nopl xtopology nonstop_tsc cpuid tsc_known_freq pni pclmulqdq ssse3 fma cx16 pcid sse4_1 sse4_2 x2apic movbe popcnt tsc_deadline_timer aes xsave avx f16c rdrand hypervisor lahf_lm abm cpuid_fault invpcid_single ssbd ibrs ibpb stibp ibrs_enhanced fsgsbase tsc_adjust bmi1 avx2 smep bmi2 erms invpcid smap xsaveopt arat md_clear arch_capabilities\u000abugs		: spectre_v1 spectre_v2 spec_store_bypass swapgs\u000abogomips	: 5000.02\u000aclflush size	: 64\u000acache_alignment	: 64\u000aaddress sizes	: 46 bits physical, 48 bits virtual\u000apower management:\u000a\u000aprocessor	: 1\u000avendor_id	: GenuineIntel\u000acpu family	: 6\u000amodel		: 63\u000amodel name	: Intel(R) Xeon(R) Processor @ 2.50GHz\u000astepping	: 2\u000amicrocode	: 0x1\u000acpu MHz		: 2500.012\u000acache size	: 36608 KB\u000aphysical id	: 0\u000asiblings	: 2\u000acore id		: 1\u000acpu cores	: 2\u000aapicid		: 1\u000ainitial apicid	: 1\u000afpu		: yes\u000afpu_exception	: yes\u000acpuid level	: 13\u000awp		: yes\u000aflags		: fpu vme de pse tsc msr pae mce cx8 apic sep mtrr pge mca cmov pat pse36 clflush mmx fxsr sse sse2 ht syscall nx rdtscp lm constant_tsc rep_good nopl xtopology nonstop_tsc cpuid tsc_known_freq pni pclmulqdq ssse3 fma cx16 pcid sse4_1 sse4_2 x2apic movbe popcnt tsc_deadline_timer aes xsave avx f16c rdrand hypervisor lahf_lm abm cpuid_fault invpcid_single ssbd ibrs ibpb stibp ibrs_enhanced fsgsbase tsc_adjust bmi1 avx2 smep bmi2 erms invpcid smap xsaveopt arat md_clear arch_capabilities\u000abugs		: spectre_v1 spectre_v2 spec_store_bypass swapgs\u000abogomips	: 5000.02\u000aclflush size	: 64\u000acache_alignment	: 64\u000aaddress sizes	: 46 bits physical, 48 bits virtual\u000apower management:\u000a\u000a
p489
sV/proc/meminfo
p490
VMemTotal:        1717184 kB\u000aMemFree:         1118948 kB\u000aMemAvailable:    1486264 kB\u000aBuffers:           17644 kB\u000aCached:           463924 kB\u000aSwapCached:            0 kB\u000aActive:           106028 kB\u000aInactive:         436632 kB\u000aActive(anon):      61084 kB\u000aInactive(anon):      216 kB\u000aActive(file):      44944 kB\u000aInactive(file):   436416 kB\u000aUnevictable:           0 kB\u000aMlocked:               0 kB\u000aSwapTotal:             0 kB\u000aSwapFree:              0 kB\u000aDirty:              1668 kB\u000aWriteback:             0 kB\u000aAnonPages:         61064 kB\u000aMapped:            35200 kB\u000aShmem:               220 kB\u000aSlab:              43180 kB\u000aSReclaimable:      32928 kB\u000aSUnreclaim:        10252 kB\u000aKernelStack:        1152 kB\u000aPageTables:         1416 kB\u000aNFS_Unstable:          0 kB\u000aBounce:                0 kB\u000aWritebackTmp:          0 kB\u000aCommitLimit:      858592 kB\u000aCommitted_AS:     262036 kB\u000aVmallocTotal:   34359738367 kB\u000aVmallocUsed:           0 kB\u000aVmallocChunk:          0 kB\u000aAnonHugePages:         0 kB\u000aShmemHugePages:        0 kB\u000aShmemPmdMapped:        0 kB\u000aHugePages_Total:       0\u000aHugePages_Free:        0\u000aHugePages_Rsvd:        0\u000aHugePages_Surp:        0\u000aHugepagesize:       2048 kB\u000aDirectMap4k:       21504 kB\u000aDirectMap2M:     1740800 kB\u000a
p491
ssVstatus_key
p492
Vpywren.jobs/bf768c17-045c-4fa2-b496-6e88ead14660/00010/status.json
p493
sVend_time
p494
F1609047181.4367471
sVlog_group_name
p495
V/aws/lambda/pywren_redis_2
p496
sVdata_key
p497
Vpywren.jobs/bf768c17-045c-4fa2-b496-6e88ead14660/aggdata.pickle
p498
sa(dp499
Vcallset_id
p500
Vbf768c17-045c-4fa2-b496-6e88ead14660
p501
sVlog_stream_name
p502
V2020/12/27/[$LATEST]227d6046c7ca4706b5ebfb0b00bc2a5e
p503
sVstdout
p504
V
sVfunc_key
p505
Vpywren.jobs/bf768c17-045c-4fa2-b496-6e88ead14660/func.pickle
p506
sVfree_disk_bytes
p507
I538333184
sVruntime_cached
p508
I00
sVretcode
p509
I0
sVcall_id
p510
V00011
p511
sVoutput_key
p512
Vpywren.jobs/bf768c17-045c-4fa2-b496-6e88ead14660/00011/output.pickle
p513
sVruntime_s3_key_used
p514
V12207e-pywren.runtimes/default_2.7.tar.gz.0044
p515
sVaws_request_id
p516
V3757cf32-fe31-4044-8d42-45c5d681eaa0
p517
sVexec_time
p518
F22.189654111862183
sVstart_time
p519
F1609047159.882442
sVsetup_time
p520
F8.8835248947143555
sVruntime_s3_bucket_used
p521
Vpywren-runtimes-public-us-west-2
p522
sVexception
p523
NsVhost_submit_time
p524
F1609047159.0130651
sVserver_info
p525
(dp526
Vuname
p527
V('Linux', '169.254.126.237', '4.14.203-112.332.amzn2.x86_64', '#1 SMP Wed Nov 4 20:46:34 UTC 2020', 'x86_64', 'x86_64')
p528
sV/proc/self/cgroup
p529
VMemTotal:        1717184 kB\u000aMemFree:         1123396 kB\u000aMemAvailable:    1486716 kB\u000aBuffers:           14372 kB\u000aCached:           463264 kB\u000aSwapCached:            0 kB\u000aActive:            91684 kB\u000aInactive:         446820 kB\u000aActive(anon):      60860 kB\u000aInactive(anon):      216 kB\u000aActive(file):      30824 kB\u000aInactive(file):   446604 kB\u000aUnevictable:           0 kB\u000aMlocked:               0 kB\u000aSwapTotal:             0 kB\u000aSwapFree:              0 kB\u000aDirty:              8788 kB\u000aWriteback:             0 kB\u000aAnonPages:         60860 kB\u000aMapped:            34160 kB\u000aShmem:               220 kB\u000aSlab:              42720 kB\u000aSReclaimable:      32800 kB\u000aSUnreclaim:         9920 kB\u000aKernelStack:        1152 kB\u000aPageTables:         1428 kB\u000aNFS_Unstable:          0 kB\u000aBounce:                0 kB\u000aWritebackTmp:          0 kB\u000aCommitLimit:      858592 kB\u000aCommitted_AS:     252884 kB\u000aVmallocTotal:   34359738367 kB\u000aVmallocUsed:           0 kB\u000aVmallocChunk:          0 kB\u000aAnonHugePages:         0 kB\u000aShmemHugePages:        0 kB\u000aShmemPmdMapped:        0 kB\u000aHugePages_Total:       0\u000aHugePages_Free:        0\u000aHugePages_Rsvd:        0\u000aHugePages_Surp:        0\u000aHugepagesize:       2048 kB\u000aDirectMap4k:       19456 kB\u000aDirectMap2M:     1742848 kB\u000a
p530
sV/proc/cgroups
p531
V#subsys_name	hierarchy	num_cgroups	enabled\u000acpuset	7	1	1\u000acpu	4	5	1\u000acpuacct	4	5	1\u000ablkio	8	1	1\u000amemory	2	5	1\u000adevices	9	1	1\u000afreezer	11	2	1\u000anet_cls	5	1	1\u000aperf_event	6	1	1\u000anet_prio	5	1	1\u000ahugetlb	10	1	1\u000apids	3	1	1\u000a
p532
sV/proc/cpuinfo
p533
Vprocessor	: 0\u000avendor_id	: GenuineIntel\u000acpu family	: 6\u000amodel		: 63\u000amodel name	: Intel(R) Xeon(R) Processor @ 2.50GHz\u000astepping	: 2\u000amicrocode	: 0x1\u000acpu MHz		: 2500.008\u000acache size	: 33792 KB\u000aphysical id	: 0\u000asiblings	: 2\u000acore id		: 0\u000acpu cores	: 2\u000aapicid		: 0\u000ainitial apicid	: 0\u000afpu		: yes\u000afpu_exception	: yes\u000acpuid level	: 13\u000awp		: yes\u000aflags		: fpu vme de pse tsc msr pae mce cx8 apic sep mtrr pge mca cmov pat pse36 clflush mmx fxsr sse sse2 ht syscall nx rdtscp lm constant_tsc rep_good nopl xtopology nonstop_tsc cpuid tsc_known_freq pni pclmulqdq ssse3 fma cx16 pcid sse4_1 sse4_2 x2apic movbe popcnt tsc_deadline_timer aes xsave avx f16c rdrand hypervisor lahf_lm abm cpuid_fault invpcid_single pti ssbd ibrs ibpb stibp fsgsbase tsc_adjust bmi1 avx2 smep bmi2 erms invpcid smap xsaveopt arat md_clear arch_capabilities\u000abugs		: cpu_meltdown spectre_v1 spectre_v2 spec_store_bypass l1tf mds swapgs\u000abogomips	: 5000.01\u000aclflush size	: 64\u000acache_alignment	: 64\u000aaddress sizes	: 46 bits physical, 48 bits virtual\u000apower management:\u000a\u000aprocessor	: 1\u000avendor_id	: GenuineIntel\u000acpu family	: 6\u000amodel		: 63\u000amodel name	: Intel(R) Xeon(R) Processor @ 2.50GHz\u000astepping	: 2\u000amicrocode	: 0x1\u000acpu MHz		: 2500.008\u000acache size	: 33792 KB\u000aphysical id	: 0\u000asiblings	: 2\u000acore id		: 1\u000acpu cores	: 2\u000aapicid		: 1\u000ainitial apicid	: 1\u000afpu		: yes\u000afpu_exception	: yes\u000acpuid level	: 13\u000awp		: yes\u000aflags		: fpu vme de pse tsc msr pae mce cx8 apic sep mtrr pge mca cmov pat pse36 clflush mmx fxsr sse sse2 ht syscall nx rdtscp lm constant_tsc rep_good nopl xtopology nonstop_tsc cpuid tsc_known_freq pni pclmulqdq ssse3 fma cx16 pcid sse4_1 sse4_2 x2apic movbe popcnt tsc_deadline_timer aes xsave avx f16c rdrand hypervisor lahf_lm abm cpuid_fault invpcid_single pti ssbd ibrs ibpb stibp fsgsbase tsc_adjust bmi1 avx2 smep bmi2 erms invpcid smap xsaveopt arat md_clear arch_capabilities\u000abugs		: cpu_meltdown spectre_v1 spectre_v2 spec_store_bypass l1tf mds swapgs\u000abogomips	: 5000.01\u000aclflush size	: 64\u000acache_alignment	: 64\u000aaddress sizes	: 46 bits physical, 48 bits virtual\u000apower management:\u000a\u000a
p534
sV/proc/meminfo
p535
VMemTotal:        1717184 kB\u000aMemFree:         1123396 kB\u000aMemAvailable:    1486716 kB\u000aBuffers:           14372 kB\u000aCached:           463264 kB\u000aSwapCached:            0 kB\u000aActive:            91684 kB\u000aInactive:         446820 kB\u000aActive(anon):      60860 kB\u000aInactive(anon):      216 kB\u000aActive(file):      30824 kB\u000aInactive(file):   446604 kB\u000aUnevictable:           0 kB\u000aMlocked:               0 kB\u000aSwapTotal:             0 kB\u000aSwapFree:              0 kB\u000aDirty:              8788 kB\u000aWriteback:             0 kB\u000aAnonPages:         60860 kB\u000aMapped:            34160 kB\u000aShmem:               220 kB\u000aSlab:              42720 kB\u000aSReclaimable:      32800 kB\u000aSUnreclaim:         9920 kB\u000aKernelStack:        1152 kB\u000aPageTables:         1428 kB\u000aNFS_Unstable:          0 kB\u000aBounce:                0 kB\u000aWritebackTmp:          0 kB\u000aCommitLimit:      858592 kB\u000aCommitted_AS:     252884 kB\u000aVmallocTotal:   34359738367 kB\u000aVmallocUsed:           0 kB\u000aVmallocChunk:          0 kB\u000aAnonHugePages:         0 kB\u000aShmemHugePages:        0 kB\u000aShmemPmdMapped:        0 kB\u000aHugePages_Total:       0\u000aHugePages_Free:        0\u000aHugePages_Rsvd:        0\u000aHugePages_Surp:        0\u000aHugepagesize:       2048 kB\u000aDirectMap4k:       19456 kB\u000aDirectMap2M:     1742848 kB\u000a
p536
ssVstatus_key
p537
Vpywren.jobs/bf768c17-045c-4fa2-b496-6e88ead14660/00011/status.json
p538
sVend_time
p539
F1609047190.9556129
sVlog_group_name
p540
V/aws/lambda/pywren_redis_2
p541
sVdata_key
p542
Vpywren.jobs/bf768c17-045c-4fa2-b496-6e88ead14660/aggdata.pickle
p543
sa(dp544
Vcallset_id
p545
Vbf768c17-045c-4fa2-b496-6e88ead14660
p546
sVlog_stream_name
p547
V2020/12/27/[$LATEST]0d60339374a14e09951fe2a9e99ce0cd
p548
sVstdout
p549
V
sVfunc_key
p550
Vpywren.jobs/bf768c17-045c-4fa2-b496-6e88ead14660/func.pickle
p551
sVfree_disk_bytes
p552
I121020416
sVruntime_cached
p553
I01
sVretcode
p554
I0
sVcall_id
p555
V00012
p556
sVoutput_key
p557
Vpywren.jobs/bf768c17-045c-4fa2-b496-6e88ead14660/00012/output.pickle
p558
sVruntime_s3_key_used
p559
V4b94e1-pywren.runtimes/default_2.7.tar.gz.0083
p560
sVaws_request_id
p561
V96062c82-2ed1-4d62-a3f8-bec748dc2e4d
p562
sVexec_time
p563
F22.123331069946289
sVstart_time
p564
F1609047159.2113819
sVsetup_time
p565
F0.072935104370117188
sVruntime_s3_bucket_used
p566
Vpywren-runtimes-public-us-west-2
p567
sVexception
p568
NsVhost_submit_time
p569
F1609047159.026511
sVserver_info
p570
(dp571
Vuname
p572
V('Linux', '169.254.17.205', '4.14.203-112.332.amzn2.x86_64', '#1 SMP Wed Nov 4 20:46:34 UTC 2020', 'x86_64', 'x86_64')
p573
sV/proc/self/cgroup
p574
VMemTotal:        1717184 kB\u000aMemFree:         1116788 kB\u000aMemAvailable:    1485460 kB\u000aBuffers:           17092 kB\u000aCached:           465728 kB\u000aSwapCached:            0 kB\u000aActive:           106196 kB\u000aInactive:         438408 kB\u000aActive(anon):      61772 kB\u000aInactive(anon):      216 kB\u000aActive(file):      44424 kB\u000aInactive(file):   438192 kB\u000aUnevictable:           0 kB\u000aMlocked:               0 kB\u000aSwapTotal:             0 kB\u000aSwapFree:              0 kB\u000aDirty:              1660 kB\u000aWriteback:             0 kB\u000aAnonPages:         61756 kB\u000aMapped:            35344 kB\u000aShmem:               220 kB\u000aSlab:              43356 kB\u000aSReclaimable:      33128 kB\u000aSUnreclaim:        10228 kB\u000aKernelStack:        1152 kB\u000aPageTables:         1416 kB\u000aNFS_Unstable:          0 kB\u000aBounce:                0 kB\u000aWritebackTmp:          0 kB\u000aCommitLimit:      858592 kB\u000aCommitted_AS:     263516 kB\u000aVmallocTotal:   34359738367 kB\u000aVmallocUsed:           0 kB\u000aVmallocChunk:          0 kB\u000aAnonHugePages:         0 kB\u000aShmemHugePages:        0 kB\u000aShmemPmdMapped:        0 kB\u000aHugePages_Total:       0\u000aHugePages_Free:        0\u000aHugePages_Rsvd:        0\u000aHugePages_Surp:        0\u000aHugepagesize:       2048 kB\u000aDirectMap4k:       21504 kB\u000aDirectMap2M:     1740800 kB\u000a
p575
sV/proc/cgroups
p576
V#subsys_name	hierarchy	num_cgroups	enabled\u000acpuset	11	1	1\u000acpu	5	5	1\u000acpuacct	5	5	1\u000ablkio	9	1	1\u000amemory	2	5	1\u000adevices	4	1	1\u000afreezer	10	2	1\u000anet_cls	6	1	1\u000aperf_event	3	1	1\u000anet_prio	6	1	1\u000ahugetlb	8	1	1\u000apids	7	1	1\u000a
p577
sV/proc/cpuinfo
p578
Vprocessor	: 0\u000avendor_id	: GenuineIntel\u000acpu family	: 6\u000amodel		: 63\u000amodel name	: Intel(R) Xeon(R) Processor @ 2.50GHz\u000astepping	: 2\u000amicrocode	: 0x1\u000acpu MHz		: 2500.014\u000acache size	: 33792 KB\u000aphysical id	: 0\u000asiblings	: 2\u000acore id		: 0\u000acpu cores	: 2\u000aapicid		: 0\u000ainitial apicid	: 0\u000afpu		: yes\u000afpu_exception	: yes\u000acpuid level	: 13\u000awp		: yes\u000aflags		: fpu vme de pse tsc msr pae mce cx8 apic sep mtrr pge mca cmov pat pse36 clflush mmx fxsr sse sse2 ht syscall nx rdtscp lm constant_tsc rep_good nopl xtopology nonstop_tsc cpuid tsc_known_freq pni pclmulqdq ssse3 fma cx16 pcid sse4_1 sse4_2 x2apic movbe popcnt tsc_deadline_timer aes xsave avx f16c rdrand hypervisor lahf_lm abm cpuid_fault invpcid_single pti ssbd ibrs ibpb stibp fsgsbase tsc_adjust bmi1 avx2 smep bmi2 erms invpcid smap xsaveopt arat md_clear arch_capabilities\u000abugs		: cpu_meltdown spectre_v1 spectre_v2 spec_store_bypass l1tf mds swapgs\u000abogomips	: 5000.02\u000aclflush size	: 64\u000acache_alignment	: 64\u000aaddress sizes	: 46 bits physical, 48 bits virtual\u000apower management:\u000a\u000aprocessor	: 1\u000avendor_id	: GenuineIntel\u000acpu family	: 6\u000amodel		: 63\u000amodel name	: Intel(R) Xeon(R) Processor @ 2.50GHz\u000astepping	: 2\u000amicrocode	: 0x1\u000acpu MHz		: 2500.014\u000acache size	: 33792 KB\u000aphysical id	: 0\u000asiblings	: 2\u000acore id		: 1\u000acpu cores	: 2\u000aapicid		: 1\u000ainitial apicid	: 1\u000afpu		: yes\u000afpu_exception	: yes\u000acpuid level	: 13\u000awp		: yes\u000aflags		: fpu vme de pse tsc msr pae mce cx8 apic sep mtrr pge mca cmov pat pse36 clflush mmx fxsr sse sse2 ht syscall nx rdtscp lm constant_tsc rep_good nopl xtopology nonstop_tsc cpuid tsc_known_freq pni pclmulqdq ssse3 fma cx16 pcid sse4_1 sse4_2 x2apic movbe popcnt tsc_deadline_timer aes xsave avx f16c rdrand hypervisor lahf_lm abm cpuid_fault invpcid_single pti ssbd ibrs ibpb stibp fsgsbase tsc_adjust bmi1 avx2 smep bmi2 erms invpcid smap xsaveopt arat md_clear arch_capabilities\u000abugs		: cpu_meltdown spectre_v1 spectre_v2 spec_store_bypass l1tf mds swapgs\u000abogomips	: 5000.02\u000aclflush size	: 64\u000acache_alignment	: 64\u000aaddress sizes	: 46 bits physical, 48 bits virtual\u000apower management:\u000a\u000a
p579
sV/proc/meminfo
p580
VMemTotal:        1717184 kB\u000aMemFree:         1116788 kB\u000aMemAvailable:    1485460 kB\u000aBuffers:           17092 kB\u000aCached:           465728 kB\u000aSwapCached:            0 kB\u000aActive:           106196 kB\u000aInactive:         438408 kB\u000aActive(anon):      61772 kB\u000aInactive(anon):      216 kB\u000aActive(file):      44424 kB\u000aInactive(file):   438192 kB\u000aUnevictable:           0 kB\u000aMlocked:               0 kB\u000aSwapTotal:             0 kB\u000aSwapFree:              0 kB\u000aDirty:              1660 kB\u000aWriteback:             0 kB\u000aAnonPages:         61756 kB\u000aMapped:            35344 kB\u000aShmem:               220 kB\u000aSlab:              43356 kB\u000aSReclaimable:      33128 kB\u000aSUnreclaim:        10228 kB\u000aKernelStack:        1152 kB\u000aPageTables:         1416 kB\u000aNFS_Unstable:          0 kB\u000aBounce:                0 kB\u000aWritebackTmp:          0 kB\u000aCommitLimit:      858592 kB\u000aCommitted_AS:     263516 kB\u000aVmallocTotal:   34359738367 kB\u000aVmallocUsed:           0 kB\u000aVmallocChunk:          0 kB\u000aAnonHugePages:         0 kB\u000aShmemHugePages:        0 kB\u000aShmemPmdMapped:        0 kB\u000aHugePages_Total:       0\u000aHugePages_Free:        0\u000aHugePages_Rsvd:        0\u000aHugePages_Surp:        0\u000aHugepagesize:       2048 kB\u000aDirectMap4k:       21504 kB\u000aDirectMap2M:     1740800 kB\u000a
p581
ssVstatus_key
p582
Vpywren.jobs/bf768c17-045c-4fa2-b496-6e88ead14660/00012/status.json
p583
sVend_time
p584
F1609047181.4076419
sVlog_group_name
p585
V/aws/lambda/pywren_redis_2
p586
sVdata_key
p587
Vpywren.jobs/bf768c17-045c-4fa2-b496-6e88ead14660/aggdata.pickle
p588
sa(dp589
Vcallset_id
p590
Vbf768c17-045c-4fa2-b496-6e88ead14660
p591
sVlog_stream_name
p592
V2020/12/27/[$LATEST]fe1d5b0c548a44de8372a118b0c6884e
p593
sVstdout
p594
V
sVfunc_key
p595
Vpywren.jobs/bf768c17-045c-4fa2-b496-6e88ead14660/func.pickle
p596
sVfree_disk_bytes
p597
I538333184
sVruntime_cached
p598
I00
sVretcode
p599
I0
sVcall_id
p600
V00013
p601
sVoutput_key
p602
Vpywren.jobs/bf768c17-045c-4fa2-b496-6e88ead14660/00013/output.pickle
p603
sVruntime_s3_key_used
p604
V8e1b7d-pywren.runtimes/default_2.7.tar.gz.0033
p605
sVaws_request_id
p606
V537a126f-555f-4490-9cca-7b8aaebbd7c2
p607
sVexec_time
p608
F22.174261808395386
sVstart_time
p609
F1609047159.8153961
sVsetup_time
p610
F8.091264009475708
sVruntime_s3_bucket_used
p611
Vpywren-runtimes-public-us-west-2
p612
sVexception
p613
NsVhost_submit_time
p614
F1609047159.0353041
sVserver_info
p615
(dp616
Vuname
p617
V('Linux', '169.254.80.21', '4.14.203-112.332.amzn2.x86_64', '#1 SMP Wed Nov 4 20:46:34 UTC 2020', 'x86_64', 'x86_64')
p618
sV/proc/self/cgroup
p619
VMemTotal:        1717184 kB\u000aMemFree:         1118732 kB\u000aMemAvailable:    1485968 kB\u000aBuffers:           17856 kB\u000aCached:           463648 kB\u000aSwapCached:            0 kB\u000aActive:            94932 kB\u000aInactive:         447792 kB\u000aActive(anon):      61212 kB\u000aInactive(anon):      216 kB\u000aActive(file):      33720 kB\u000aInactive(file):   447576 kB\u000aUnevictable:           0 kB\u000aMlocked:               0 kB\u000aSwapTotal:             0 kB\u000aSwapFree:              0 kB\u000aDirty:              9212 kB\u000aWriteback:             0 kB\u000aAnonPages:         61208 kB\u000aMapped:            35000 kB\u000aShmem:               220 kB\u000aSlab:              43264 kB\u000aSReclaimable:      32892 kB\u000aSUnreclaim:        10372 kB\u000aKernelStack:        1152 kB\u000aPageTables:         1332 kB\u000aNFS_Unstable:          0 kB\u000aBounce:                0 kB\u000aWritebackTmp:          0 kB\u000aCommitLimit:      858592 kB\u000aCommitted_AS:     253828 kB\u000aVmallocTotal:   34359738367 kB\u000aVmallocUsed:           0 kB\u000aVmallocChunk:          0 kB\u000aAnonHugePages:         0 kB\u000aShmemHugePages:        0 kB\u000aShmemPmdMapped:        0 kB\u000aHugePages_Total:       0\u000aHugePages_Free:        0\u000aHugePages_Rsvd:        0\u000aHugePages_Surp:        0\u000aHugepagesize:       2048 kB\u000aDirectMap4k:       23552 kB\u000aDirectMap2M:     1738752 kB\u000a
p620
sV/proc/cgroups
p621
V#subsys_name	hierarchy	num_cgroups	enabled\u000acpuset	11	1	1\u000acpu	5	5	1\u000acpuacct	5	5	1\u000ablkio	7	1	1\u000amemory	2	5	1\u000adevices	4	1	1\u000afreezer	8	2	1\u000anet_cls	6	1	1\u000aperf_event	10	1	1\u000anet_prio	6	1	1\u000ahugetlb	3	1	1\u000apids	9	1	1\u000a
p622
sV/proc/cpuinfo
p623
Vprocessor	: 0\u000avendor_id	: GenuineIntel\u000acpu family	: 6\u000amodel		: 63\u000amodel name	: Intel(R) Xeon(R) Processor @ 2.50GHz\u000astepping	: 2\u000amicrocode	: 0x1\u000acpu MHz		: 2500.010\u000acache size	: 36608 KB\u000aphysical id	: 0\u000asiblings	: 2\u000acore id		: 0\u000acpu cores	: 2\u000aapicid		: 0\u000ainitial apicid	: 0\u000afpu		: yes\u000afpu_exception	: yes\u000acpuid level	: 13\u000awp		: yes\u000aflags		: fpu vme de pse tsc msr pae mce cx8 apic sep mtrr pge mca cmov pat pse36 clflush mmx fxsr sse sse2 ht syscall nx rdtscp lm constant_tsc rep_good nopl xtopology nonstop_tsc cpuid tsc_known_freq pni pclmulqdq ssse3 fma cx16 pcid sse4_1 sse4_2 x2apic movbe popcnt tsc_deadline_timer aes xsave avx f16c rdrand hypervisor lahf_lm abm cpuid_fault invpcid_single ssbd ibrs ibpb stibp ibrs_enhanced fsgsbase tsc_adjust bmi1 avx2 smep bmi2 erms invpcid smap xsaveopt arat md_clear arch_capabilities\u000abugs		: spectre_v1 spectre_v2 spec_store_bypass swapgs\u000abogomips	: 5000.02\u000aclflush size	: 64\u000acache_alignment	: 64\u000aaddress sizes	: 46 bits physical, 48 bits virtual\u000apower management:\u000a\u000aprocessor	: 1\u000avendor_id	: GenuineIntel\u000acpu family	: 6\u000amodel		: 63\u000amodel name	: Intel(R) Xeon(R) Processor @ 2.50GHz\u000astepping	: 2\u000amicrocode	: 0x1\u000acpu MHz		: 2500.010\u000acache size	: 36608 KB\u000aphysical id	: 0\u000asiblings	: 2\u000acore id		: 1\u000acpu cores	: 2\u000aapicid		: 1\u000ainitial apicid	: 1\u000afpu		: yes\u000afpu_exception	: yes\u000acpuid level	: 13\u000awp		: yes\u000aflags		: fpu vme de pse tsc msr pae mce cx8 apic sep mtrr pge mca cmov pat pse36 clflush mmx fxsr sse sse2 ht syscall nx rdtscp lm constant_tsc rep_good nopl xtopology nonstop_tsc cpuid tsc_known_freq pni pclmulqdq ssse3 fma cx16 pcid sse4_1 sse4_2 x2apic movbe popcnt tsc_deadline_timer aes xsave avx f16c rdrand hypervisor lahf_lm abm cpuid_fault invpcid_single ssbd ibrs ibpb stibp ibrs_enhanced fsgsbase tsc_adjust bmi1 avx2 smep bmi2 erms invpcid smap xsaveopt arat md_clear arch_capabilities\u000abugs		: spectre_v1 spectre_v2 spec_store_bypass swapgs\u000abogomips	: 5000.02\u000aclflush size	: 64\u000acache_alignment	: 64\u000aaddress sizes	: 46 bits physical, 48 bits virtual\u000apower management:\u000a\u000a
p624
sV/proc/meminfo
p625
VMemTotal:        1717184 kB\u000aMemFree:         1118732 kB\u000aMemAvailable:    1485968 kB\u000aBuffers:           17856 kB\u000aCached:           463648 kB\u000aSwapCached:            0 kB\u000aActive:            94932 kB\u000aInactive:         447792 kB\u000aActive(anon):      61212 kB\u000aInactive(anon):      216 kB\u000aActive(file):      33720 kB\u000aInactive(file):   447576 kB\u000aUnevictable:           0 kB\u000aMlocked:               0 kB\u000aSwapTotal:             0 kB\u000aSwapFree:              0 kB\u000aDirty:              9212 kB\u000aWriteback:             0 kB\u000aAnonPages:         61208 kB\u000aMapped:            35000 kB\u000aShmem:               220 kB\u000aSlab:              43264 kB\u000aSReclaimable:      32892 kB\u000aSUnreclaim:        10372 kB\u000aKernelStack:        1152 kB\u000aPageTables:         1332 kB\u000aNFS_Unstable:          0 kB\u000aBounce:                0 kB\u000aWritebackTmp:          0 kB\u000aCommitLimit:      858592 kB\u000aCommitted_AS:     253828 kB\u000aVmallocTotal:   34359738367 kB\u000aVmallocUsed:           0 kB\u000aVmallocChunk:          0 kB\u000aAnonHugePages:         0 kB\u000aShmemHugePages:        0 kB\u000aShmemPmdMapped:        0 kB\u000aHugePages_Total:       0\u000aHugePages_Free:        0\u000aHugePages_Rsvd:        0\u000aHugePages_Surp:        0\u000aHugepagesize:       2048 kB\u000aDirectMap4k:       23552 kB\u000aDirectMap2M:     1738752 kB\u000a
p626
ssVstatus_key
p627
Vpywren.jobs/bf768c17-045c-4fa2-b496-6e88ead14660/00013/status.json
p628
sVend_time
p629
F1609047190.0809169
sVlog_group_name
p630
V/aws/lambda/pywren_redis_2
p631
sVdata_key
p632
Vpywren.jobs/bf768c17-045c-4fa2-b496-6e88ead14660/aggdata.pickle
p633
sa(dp634
Vcallset_id
p635
Vbf768c17-045c-4fa2-b496-6e88ead14660
p636
sVlog_stream_name
p637
V2020/12/27/[$LATEST]3316b48959b14ce8a89e007767e41af7
p638
sVstdout
p639
V
sVfunc_key
p640
Vpywren.jobs/bf768c17-045c-4fa2-b496-6e88ead14660/func.pickle
p641
sVfree_disk_bytes
p642
I538333184
sVruntime_cached
p643
I00
sVretcode
p644
I0
sVcall_id
p645
V00014
p646
sVoutput_key
p647
Vpywren.jobs/bf768c17-045c-4fa2-b496-6e88ead14660/00014/output.pickle
p648
sVruntime_s3_key_used
p649
Vc39cc0-pywren.runtimes/default_2.7.tar.gz.0048
p650
sVaws_request_id
p651
V407dec84-95f5-483a-9187-b29ab709110a
p652
sVexec_time
p653
F22.149370908737183
sVstart_time
p654
F1609047159.7695179
sVsetup_time
p655
F8.4345312118530273
sVruntime_s3_bucket_used
p656
Vpywren-runtimes-public-us-west-2
p657
sVexception
p658
NsVhost_submit_time
p659
F1609047159.0384519
sVserver_info
p660
(dp661
Vuname
p662
V('Linux', '169.254.179.173', '4.14.203-112.332.amzn2.x86_64', '#1 SMP Wed Nov 4 20:46:34 UTC 2020', 'x86_64', 'x86_64')
p663
sV/proc/self/cgroup
p664
VMemTotal:        1717184 kB\u000aMemFree:         1121056 kB\u000aMemAvailable:    1486628 kB\u000aBuffers:           16840 kB\u000aCached:           463080 kB\u000aSwapCached:            0 kB\u000aActive:            93724 kB\u000aInactive:         447060 kB\u000aActive(anon):      60852 kB\u000aInactive(anon):      216 kB\u000aActive(file):      32872 kB\u000aInactive(file):   446844 kB\u000aUnevictable:           0 kB\u000aMlocked:               0 kB\u000aSwapTotal:             0 kB\u000aSwapFree:              0 kB\u000aDirty:             10444 kB\u000aWriteback:             0 kB\u000aAnonPages:         60852 kB\u000aMapped:            34840 kB\u000aShmem:               220 kB\u000aSlab:              42828 kB\u000aSReclaimable:      32724 kB\u000aSUnreclaim:        10104 kB\u000aKernelStack:        1168 kB\u000aPageTables:         1312 kB\u000aNFS_Unstable:          0 kB\u000aBounce:                0 kB\u000aWritebackTmp:          0 kB\u000aCommitLimit:      858592 kB\u000aCommitted_AS:     252192 kB\u000aVmallocTotal:   34359738367 kB\u000aVmallocUsed:           0 kB\u000aVmallocChunk:          0 kB\u000aAnonHugePages:         0 kB\u000aShmemHugePages:        0 kB\u000aShmemPmdMapped:        0 kB\u000aHugePages_Total:       0\u000aHugePages_Free:        0\u000aHugePages_Rsvd:        0\u000aHugePages_Surp:        0\u000aHugepagesize:       2048 kB\u000aDirectMap4k:       21504 kB\u000aDirectMap2M:     1740800 kB\u000a
p665
sV/proc/cgroups
p666
V#subsys_name	hierarchy	num_cgroups	enabled\u000acpuset	6	1	1\u000acpu	8	5	1\u000acpuacct	8	5	1\u000ablkio	5	1	1\u000amemory	11	5	1\u000adevices	9	1	1\u000afreezer	2	2	1\u000anet_cls	3	1	1\u000aperf_event	10	1	1\u000anet_prio	3	1	1\u000ahugetlb	7	1	1\u000apids	4	1	1\u000a
p667
sV/proc/cpuinfo
p668
