(dp1
S'run_statuses'
p2
(lp3
(dp4
Vcallset_id
p5
V03c5f4d6-5dd2-4896-a627-fa42a24ea072
p6
sVlog_stream_name
p7
V2020/12/27/[$LATEST]aa7aa2cdf94c4d7a86b1f12d7b5c1ac0
p8
sVstdout
p9
V
sVfunc_key
p10
Vpywren.jobs/03c5f4d6-5dd2-4896-a627-fa42a24ea072/func.pickle
p11
sVfree_disk_bytes
p12
I538333184
sVruntime_cached
p13
I00
sVretcode
p14
I0
sVcall_id
p15
V00000
p16
sVoutput_key
p17
Vpywren.jobs/03c5f4d6-5dd2-4896-a627-fa42a24ea072/00000/output.pickle
p18
sVruntime_s3_key_used
p19
V7d6d50-pywren.runtimes/default_2.7.tar.gz.0021
p20
sVaws_request_id
p21
Vd3fe59ec-4005-4b46-beff-50c1ced76af6
p22
sVexec_time
p23
F42.274044036865234
sVstart_time
p24
F1609049952.3637929
sVsetup_time
p25
F7.2190151214599609
sVruntime_s3_bucket_used
p26
Vpywren-runtimes-public-us-west-2
p27
sVexception
p28
NsVhost_submit_time
p29
F1609049951.5486109
sVserver_info
p30
(dp31
Vuname
p32
V('Linux', '169.254.159.33', '4.14.203-112.332.amzn2.x86_64', '#1 SMP Wed Nov 4 20:46:34 UTC 2020', 'x86_64', 'x86_64')
p33
sV/proc/self/cgroup
p34
VMemTotal:        1717184 kB\u000aMemFree:         1125020 kB\u000aMemAvailable:    1486464 kB\u000aBuffers:           14176 kB\u000aCached:           461688 kB\u000aSwapCached:            0 kB\u000aActive:            91404 kB\u000aInactive:         445696 kB\u000aActive(anon):      61228 kB\u000aInactive(anon):      216 kB\u000aActive(file):      30176 kB\u000aInactive(file):   445480 kB\u000aUnevictable:           0 kB\u000aMlocked:               0 kB\u000aSwapTotal:             0 kB\u000aSwapFree:              0 kB\u000aDirty:               140 kB\u000aWriteback:             0 kB\u000aAnonPages:         61224 kB\u000aMapped:            34156 kB\u000aShmem:               220 kB\u000aSlab:              42676 kB\u000aSReclaimable:      32592 kB\u000aSUnreclaim:        10084 kB\u000aKernelStack:        1152 kB\u000aPageTables:         1324 kB\u000aNFS_Unstable:          0 kB\u000aBounce:                0 kB\u000aWritebackTmp:          0 kB\u000aCommitLimit:      858592 kB\u000aCommitted_AS:     250728 kB\u000aVmallocTotal:   34359738367 kB\u000aVmallocUsed:           0 kB\u000aVmallocChunk:          0 kB\u000aAnonHugePages:         0 kB\u000aShmemHugePages:        0 kB\u000aShmemPmdMapped:        0 kB\u000aHugePages_Total:       0\u000aHugePages_Free:        0\u000aHugePages_Rsvd:        0\u000aHugePages_Surp:        0\u000aHugepagesize:       2048 kB\u000aDirectMap4k:       21504 kB\u000aDirectMap2M:     1740800 kB\u000a
p35
sV/proc/cgroups
p36
V#subsys_name	hierarchy	num_cgroups	enabled\u000acpuset	8	1	1\u000acpu	5	5	1\u000acpuacct	5	5	1\u000ablkio	9	1	1\u000amemory	2	5	1\u000adevices	7	1	1\u000afreezer	3	2	1\u000anet_cls	6	1	1\u000aperf_event	4	1	1\u000anet_prio	6	1	1\u000ahugetlb	10	1	1\u000apids	11	1	1\u000a
p37
sV/proc/cpuinfo
p38
Vprocessor	: 0\u000avendor_id	: GenuineIntel\u000acpu family	: 6\u000amodel		: 63\u000amodel name	: Intel(R) Xeon(R) Processor @ 2.50GHz\u000astepping	: 2\u000amicrocode	: 0x1\u000acpu MHz		: 2500.010\u000acache size	: 36608 KB\u000aphysical id	: 0\u000asiblings	: 2\u000acore id		: 0\u000acpu cores	: 2\u000aapicid		: 0\u000ainitial apicid	: 0\u000afpu		: yes\u000afpu_exception	: yes\u000acpuid level	: 13\u000awp		: yes\u000aflags		: fpu vme de pse tsc msr pae mce cx8 apic sep mtrr pge mca cmov pat pse36 clflush mmx fxsr sse sse2 ht syscall nx rdtscp lm constant_tsc rep_good nopl xtopology nonstop_tsc cpuid tsc_known_freq pni pclmulqdq ssse3 fma cx16 pcid sse4_1 sse4_2 x2apic movbe popcnt tsc_deadline_timer aes xsave avx f16c rdrand hypervisor lahf_lm abm cpuid_fault invpcid_single ssbd ibrs ibpb stibp ibrs_enhanced fsgsbase tsc_adjust bmi1 avx2 smep bmi2 erms invpcid smap xsaveopt arat md_clear arch_capabilities\u000abugs		: spectre_v1 spectre_v2 spec_store_bypass swapgs\u000abogomips	: 5000.02\u000aclflush size	: 64\u000acache_alignment	: 64\u000aaddress sizes	: 46 bits physical, 48 bits virtual\u000apower management:\u000a\u000aprocessor	: 1\u000avendor_id	: GenuineIntel\u000acpu family	: 6\u000amodel		: 63\u000amodel name	: Intel(R) Xeon(R) Processor @ 2.50GHz\u000astepping	: 2\u000amicrocode	: 0x1\u000acpu MHz		: 2500.010\u000acache size	: 36608 KB\u000aphysical id	: 0\u000asiblings	: 2\u000acore id		: 1\u000acpu cores	: 2\u000aapicid		: 1\u000ainitial apicid	: 1\u000afpu		: yes\u000afpu_exception	: yes\u000acpuid level	: 13\u000awp		: yes\u000aflags		: fpu vme de pse tsc msr pae mce cx8 apic sep mtrr pge mca cmov pat pse36 clflush mmx fxsr sse sse2 ht syscall nx rdtscp lm constant_tsc rep_good nopl xtopology nonstop_tsc cpuid tsc_known_freq pni pclmulqdq ssse3 fma cx16 pcid sse4_1 sse4_2 x2apic movbe popcnt tsc_deadline_timer aes xsave avx f16c rdrand hypervisor lahf_lm abm cpuid_fault invpcid_single ssbd ibrs ibpb stibp ibrs_enhanced fsgsbase tsc_adjust bmi1 avx2 smep bmi2 erms invpcid smap xsaveopt arat md_clear arch_capabilities\u000abugs		: spectre_v1 spectre_v2 spec_store_bypass swapgs\u000abogomips	: 5000.02\u000aclflush size	: 64\u000acache_alignment	: 64\u000aaddress sizes	: 46 bits physical, 48 bits virtual\u000apower management:\u000a\u000a
p39
sV/proc/meminfo
p40
VMemTotal:        1717184 kB\u000aMemFree:         1125020 kB\u000aMemAvailable:    1486464 kB\u000aBuffers:           14176 kB\u000aCached:           461688 kB\u000aSwapCached:            0 kB\u000aActive:            91404 kB\u000aInactive:         445696 kB\u000aActive(anon):      61228 kB\u000aInactive(anon):      216 kB\u000aActive(file):      30176 kB\u000aInactive(file):   445480 kB\u000aUnevictable:           0 kB\u000aMlocked:               0 kB\u000aSwapTotal:             0 kB\u000aSwapFree:              0 kB\u000aDirty:               140 kB\u000aWriteback:             0 kB\u000aAnonPages:         61224 kB\u000aMapped:            34156 kB\u000aShmem:               220 kB\u000aSlab:              42676 kB\u000aSReclaimable:      32592 kB\u000aSUnreclaim:        10084 kB\u000aKernelStack:        1152 kB\u000aPageTables:         1324 kB\u000aNFS_Unstable:          0 kB\u000aBounce:                0 kB\u000aWritebackTmp:          0 kB\u000aCommitLimit:      858592 kB\u000aCommitted_AS:     250728 kB\u000aVmallocTotal:   34359738367 kB\u000aVmallocUsed:           0 kB\u000aVmallocChunk:          0 kB\u000aAnonHugePages:         0 kB\u000aShmemHugePages:        0 kB\u000aShmemPmdMapped:        0 kB\u000aHugePages_Total:       0\u000aHugePages_Free:        0\u000aHugePages_Rsvd:        0\u000aHugePages_Surp:        0\u000aHugepagesize:       2048 kB\u000aDirectMap4k:       21504 kB\u000aDirectMap2M:     1740800 kB\u000a
p41
ssVstatus_key
p42
Vpywren.jobs/03c5f4d6-5dd2-4896-a627-fa42a24ea072/00000/status.json
p43
sVend_time
p44
F1609050001.8568461
sVlog_group_name
p45
V/aws/lambda/pywren_redis_2
p46
sVdata_key
p47
Vpywren.jobs/03c5f4d6-5dd2-4896-a627-fa42a24ea072/aggdata.pickle
p48
sa(dp49
Vcallset_id
p50
V03c5f4d6-5dd2-4896-a627-fa42a24ea072
p51
sVlog_stream_name
p52
V2020/12/27/[$LATEST]3caad44cc4114b6ab91dce0577374527
p53
sVstdout
p54
V
sVfunc_key
p55
Vpywren.jobs/03c5f4d6-5dd2-4896-a627-fa42a24ea072/func.pickle
p56
sVfree_disk_bytes
p57
I538333184
sVruntime_cached
p58
I00
sVretcode
p59
I0
sVcall_id
p60
V00001
p61
sVoutput_key
p62
Vpywren.jobs/03c5f4d6-5dd2-4896-a627-fa42a24ea072/00001/output.pickle
p63
sVruntime_s3_key_used
p64
V5a8066-pywren.runtimes/default_2.7.tar.gz.0059
p65
sVaws_request_id
p66
Vaa56be67-1e3a-45d7-96dd-90bbe71d4735
p67
sVexec_time
p68
F42.306988000869751
sVstart_time
p69
F1609049952.347374
sVsetup_time
p70
F7.2421820163726807
sVruntime_s3_bucket_used
p71
Vpywren-runtimes-public-us-west-2
p72
sVexception
p73
NsVhost_submit_time
p74
F1609049951.557035
sVserver_info
p75
(dp76
Vuname
p77
V('Linux', '169.254.172.181', '4.14.203-112.332.amzn2.x86_64', '#1 SMP Wed Nov 4 20:46:34 UTC 2020', 'x86_64', 'x86_64')
p78
sV/proc/self/cgroup
p79
VMemTotal:        1717184 kB\u000aMemFree:         1116596 kB\u000aMemAvailable:    1485696 kB\u000aBuffers:           18384 kB\u000aCached:           464992 kB\u000aSwapCached:            0 kB\u000aActive:            97172 kB\u000aInactive:         447672 kB\u000aActive(anon):      61460 kB\u000aInactive(anon):      216 kB\u000aActive(file):      35712 kB\u000aInactive(file):   447456 kB\u000aUnevictable:           0 kB\u000aMlocked:               0 kB\u000aSwapTotal:             0 kB\u000aSwapFree:              0 kB\u000aDirty:               144 kB\u000aWriteback:             0 kB\u000aAnonPages:         61456 kB\u000aMapped:            35412 kB\u000aShmem:               220 kB\u000aSlab:              43024 kB\u000aSReclaimable:      32876 kB\u000aSUnreclaim:        10148 kB\u000aKernelStack:        1152 kB\u000aPageTables:         1344 kB\u000aNFS_Unstable:          0 kB\u000aBounce:                0 kB\u000aWritebackTmp:          0 kB\u000aCommitLimit:      858592 kB\u000aCommitted_AS:     253580 kB\u000aVmallocTotal:   34359738367 kB\u000aVmallocUsed:           0 kB\u000aVmallocChunk:          0 kB\u000aAnonHugePages:         0 kB\u000aShmemHugePages:        0 kB\u000aShmemPmdMapped:        0 kB\u000aHugePages_Total:       0\u000aHugePages_Free:        0\u000aHugePages_Rsvd:        0\u000aHugePages_Surp:        0\u000aHugepagesize:       2048 kB\u000aDirectMap4k:       19456 kB\u000aDirectMap2M:     1742848 kB\u000a
p80
sV/proc/cgroups
p81
V#subsys_name	hierarchy	num_cgroups	enabled\u000acpuset	11	1	1\u000acpu	4	5	1\u000acpuacct	4	5	1\u000ablkio	8	1	1\u000amemory	5	5	1\u000adevices	9	1	1\u000afreezer	10	2	1\u000anet_cls	3	1	1\u000aperf_event	6	1	1\u000anet_prio	3	1	1\u000ahugetlb	2	1	1\u000apids	7	1	1\u000a
p82
sV/proc/cpuinfo
p83
Vprocessor	: 0\u000avendor_id	: GenuineIntel\u000acpu family	: 6\u000amodel		: 63\u000amodel name	: Intel(R) Xeon(R) Processor @ 2.50GHz\u000astepping	: 2\u000amicrocode	: 0x1\u000acpu MHz		: 2500.000\u000acache size	: 33792 KB\u000aphysical id	: 0\u000asiblings	: 2\u000acore id		: 0\u000acpu cores	: 2\u000aapicid		: 0\u000ainitial apicid	: 0\u000afpu		: yes\u000afpu_exception	: yes\u000acpuid level	: 13\u000awp		: yes\u000aflags		: fpu vme de pse tsc msr pae mce cx8 apic sep mtrr pge mca cmov pat pse36 clflush mmx fxsr sse sse2 ht syscall nx rdtscp lm constant_tsc rep_good nopl xtopology nonstop_tsc cpuid tsc_known_freq pni pclmulqdq ssse3 fma cx16 pcid sse4_1 sse4_2 x2apic movbe popcnt tsc_deadline_timer aes xsave avx f16c rdrand hypervisor lahf_lm abm cpuid_fault invpcid_single pti ssbd ibrs ibpb stibp fsgsbase tsc_adjust bmi1 avx2 smep bmi2 erms invpcid smap xsaveopt arat md_clear arch_capabilities\u000abugs		: cpu_meltdown spectre_v1 spectre_v2 spec_store_bypass l1tf mds swapgs\u000abogomips	: 5000.00\u000aclflush size	: 64\u000acache_alignment	: 64\u000aaddress sizes	: 46 bits physical, 48 bits virtual\u000apower management:\u000a\u000aprocessor	: 1\u000avendor_id	: GenuineIntel\u000acpu family	: 6\u000amodel		: 63\u000amodel name	: Intel(R) Xeon(R) Processor @ 2.50GHz\u000astepping	: 2\u000amicrocode	: 0x1\u000acpu MHz		: 2500.000\u000acache size	: 33792 KB\u000aphysical id	: 0\u000asiblings	: 2\u000acore id		: 1\u000acpu cores	: 2\u000aapicid		: 1\u000ainitial apicid	: 1\u000afpu		: yes\u000afpu_exception	: yes\u000acpuid level	: 13\u000awp		: yes\u000aflags		: fpu vme de pse tsc msr pae mce cx8 apic sep mtrr pge mca cmov pat pse36 clflush mmx fxsr sse sse2 ht syscall nx rdtscp lm constant_tsc rep_good nopl xtopology nonstop_tsc cpuid tsc_known_freq pni pclmulqdq ssse3 fma cx16 pcid sse4_1 sse4_2 x2apic movbe popcnt tsc_deadline_timer aes xsave avx f16c rdrand hypervisor lahf_lm abm cpuid_fault invpcid_single pti ssbd ibrs ibpb stibp fsgsbase tsc_adjust bmi1 avx2 smep bmi2 erms invpcid smap xsaveopt arat md_clear arch_capabilities\u000abugs		: cpu_meltdown spectre_v1 spectre_v2 spec_store_bypass l1tf mds swapgs\u000abogomips	: 5000.00\u000aclflush size	: 64\u000acache_alignment	: 64\u000aaddress sizes	: 46 bits physical, 48 bits virtual\u000apower management:\u000a\u000a
p84
sV/proc/meminfo
p85
VMemTotal:        1717184 kB\u000aMemFree:         1116596 kB\u000aMemAvailable:    1485696 kB\u000aBuffers:           18384 kB\u000aCached:           464992 kB\u000aSwapCached:            0 kB\u000aActive:            97172 kB\u000aInactive:         447672 kB\u000aActive(anon):      61460 kB\u000aInactive(anon):      216 kB\u000aActive(file):      35712 kB\u000aInactive(file):   447456 kB\u000aUnevictable:           0 kB\u000aMlocked:               0 kB\u000aSwapTotal:             0 kB\u000aSwapFree:              0 kB\u000aDirty:               144 kB\u000aWriteback:             0 kB\u000aAnonPages:         61456 kB\u000aMapped:            35412 kB\u000aShmem:               220 kB\u000aSlab:              43024 kB\u000aSReclaimable:      32876 kB\u000aSUnreclaim:        10148 kB\u000aKernelStack:        1152 kB\u000aPageTables:         1344 kB\u000aNFS_Unstable:          0 kB\u000aBounce:                0 kB\u000aWritebackTmp:          0 kB\u000aCommitLimit:      858592 kB\u000aCommitted_AS:     253580 kB\u000aVmallocTotal:   34359738367 kB\u000aVmallocUsed:           0 kB\u000aVmallocChunk:          0 kB\u000aAnonHugePages:         0 kB\u000aShmemHugePages:        0 kB\u000aShmemPmdMapped:        0 kB\u000aHugePages_Total:       0\u000aHugePages_Free:        0\u000aHugePages_Rsvd:        0\u000aHugePages_Surp:        0\u000aHugepagesize:       2048 kB\u000aDirectMap4k:       19456 kB\u000aDirectMap2M:     1742848 kB\u000a
p86
ssVstatus_key
p87
Vpywren.jobs/03c5f4d6-5dd2-4896-a627-fa42a24ea072/00001/status.json
p88
sVend_time
p89
F1609050001.896538
sVlog_group_name
p90
V/aws/lambda/pywren_redis_2
p91
sVdata_key
p92
Vpywren.jobs/03c5f4d6-5dd2-4896-a627-fa42a24ea072/aggdata.pickle
p93
sa(dp94
Vcallset_id
p95
V03c5f4d6-5dd2-4896-a627-fa42a24ea072
p96
sVlog_stream_name
p97
V2020/12/27/[$LATEST]e246b6c5090c43b5b3d6163e57049870
p98
sVstdout
p99
V
sVfunc_key
p100
Vpywren.jobs/03c5f4d6-5dd2-4896-a627-fa42a24ea072/func.pickle
p101
sVfree_disk_bytes
p102
I538333184
sVruntime_cached
p103
I00
sVretcode
p104
I0
sVcall_id
p105
V00002
p106
sVoutput_key
p107
Vpywren.jobs/03c5f4d6-5dd2-4896-a627-fa42a24ea072/00002/output.pickle
p108
sVruntime_s3_key_used
p109
Vf488e5-pywren.runtimes/default_2.7.tar.gz.0068
p110
sVaws_request_id
p111
V06d904f0-42a9-484f-b966-a90e7f68bab3
p112
sVexec_time
p113
F42.198160886764526
sVstart_time
p114
F1609049952.3316531
sVsetup_time
p115
F7.0643649101257324
sVruntime_s3_bucket_used
p116
Vpywren-runtimes-public-us-west-2
p117
sVexception
p118
NsVhost_submit_time
p119
F1609049951.5528071
sVserver_info
p120
(dp121
Vuname
p122
V('Linux', '169.254.124.117', '4.14.203-112.332.amzn2.x86_64', '#1 SMP Wed Nov 4 20:46:34 UTC 2020', 'x86_64', 'x86_64')
p123
sV/proc/self/cgroup
p124
VMemTotal:        1717184 kB\u000aMemFree:         1120208 kB\u000aMemAvailable:    1486752 kB\u000aBuffers:           17444 kB\u000aCached:           463380 kB\u000aSwapCached:            0 kB\u000aActive:            94204 kB\u000aInactive:         447476 kB\u000aActive(anon):      60848 kB\u000aInactive(anon):      216 kB\u000aActive(file):      33356 kB\u000aInactive(file):   447260 kB\u000aUnevictable:           0 kB\u000aMlocked:               0 kB\u000aSwapTotal:             0 kB\u000aSwapFree:              0 kB\u000aDirty:               352 kB\u000aWriteback:             0 kB\u000aAnonPages:         60872 kB\u000aMapped:            35204 kB\u000aShmem:               220 kB\u000aSlab:              42652 kB\u000aSReclaimable:      32872 kB\u000aSUnreclaim:         9780 kB\u000aKernelStack:        1168 kB\u000aPageTables:         1336 kB\u000aNFS_Unstable:          0 kB\u000aBounce:                0 kB\u000aWritebackTmp:          0 kB\u000aCommitLimit:      858592 kB\u000aCommitted_AS:     251624 kB\u000aVmallocTotal:   34359738367 kB\u000aVmallocUsed:           0 kB\u000aVmallocChunk:          0 kB\u000aAnonHugePages:         0 kB\u000aShmemHugePages:        0 kB\u000aShmemPmdMapped:        0 kB\u000aHugePages_Total:       0\u000aHugePages_Free:        0\u000aHugePages_Rsvd:        0\u000aHugePages_Surp:        0\u000aHugepagesize:       2048 kB\u000aDirectMap4k:       21504 kB\u000aDirectMap2M:     1740800 kB\u000a
p125
sV/proc/cgroups
p126
V#subsys_name	hierarchy	num_cgroups	enabled\u000acpuset	7	1	1\u000acpu	6	5	1\u000acpuacct	6	5	1\u000ablkio	8	1	1\u000amemory	2	5	1\u000adevices	4	1	1\u000afreezer	9	2	1\u000anet_cls	11	1	1\u000aperf_event	3	1	1\u000anet_prio	11	1	1\u000ahugetlb	5	1	1\u000apids	10	1	1\u000a
p127
sV/proc/cpuinfo
p128
Vprocessor	: 0\u000avendor_id	: GenuineIntel\u000acpu family	: 6\u000amodel		: 63\u000amodel name	: Intel(R) Xeon(R) Processor @ 2.50GHz\u000astepping	: 2\u000amicrocode	: 0x1\u000acpu MHz		: 2500.014\u000acache size	: 36608 KB\u000aphysical id	: 0\u000asiblings	: 2\u000acore id		: 0\u000acpu cores	: 2\u000aapicid		: 0\u000ainitial apicid	: 0\u000afpu		: yes\u000afpu_exception	: yes\u000acpuid level	: 13\u000awp		: yes\u000aflags		: fpu vme de pse tsc msr pae mce cx8 apic sep mtrr pge mca cmov pat pse36 clflush mmx fxsr sse sse2 ht syscall nx rdtscp lm constant_tsc rep_good nopl xtopology nonstop_tsc cpuid tsc_known_freq pni pclmulqdq ssse3 fma cx16 pcid sse4_1 sse4_2 x2apic movbe popcnt tsc_deadline_timer aes xsave avx f16c rdrand hypervisor lahf_lm abm cpuid_fault invpcid_single ssbd ibrs ibpb stibp ibrs_enhanced fsgsbase tsc_adjust bmi1 avx2 smep bmi2 erms invpcid smap xsaveopt arat md_clear arch_capabilities\u000abugs		: spectre_v1 spectre_v2 spec_store_bypass swapgs\u000abogomips	: 5000.02\u000aclflush size	: 64\u000acache_alignment	: 64\u000aaddress sizes	: 46 bits physical, 48 bits virtual\u000apower management:\u000a\u000aprocessor	: 1\u000avendor_id	: GenuineIntel\u000acpu family	: 6\u000amodel		: 63\u000amodel name	: Intel(R) Xeon(R) Processor @ 2.50GHz\u000astepping	: 2\u000amicrocode	: 0x1\u000acpu MHz		: 2500.014\u000acache size	: 36608 KB\u000aphysical id	: 0\u000asiblings	: 2\u000acore id		: 1\u000acpu cores	: 2\u000aapicid		: 1\u000ainitial apicid	: 1\u000afpu		: yes\u000afpu_exception	: yes\u000acpuid level	: 13\u000awp		: yes\u000aflags		: fpu vme de pse tsc msr pae mce cx8 apic sep mtrr pge mca cmov pat pse36 clflush mmx fxsr sse sse2 ht syscall nx rdtscp lm constant_tsc rep_good nopl xtopology nonstop_tsc cpuid tsc_known_freq pni pclmulqdq ssse3 fma cx16 pcid sse4_1 sse4_2 x2apic movbe popcnt tsc_deadline_timer aes xsave avx f16c rdrand hypervisor lahf_lm abm cpuid_fault invpcid_single ssbd ibrs ibpb stibp ibrs_enhanced fsgsbase tsc_adjust bmi1 avx2 smep bmi2 erms invpcid smap xsaveopt arat md_clear arch_capabilities\u000abugs		: spectre_v1 spectre_v2 spec_store_bypass swapgs\u000abogomips	: 5000.02\u000aclflush size	: 64\u000acache_alignment	: 64\u000aaddress sizes	: 46 bits physical, 48 bits virtual\u000apower management:\u000a\u000a
p129
sV/proc/meminfo
p130
VMemTotal:        1717184 kB\u000aMemFree:         1120208 kB\u000aMemAvailable:    1486752 kB\u000aBuffers:           17444 kB\u000aCached:           463380 kB\u000aSwapCached:            0 kB\u000aActive:            94204 kB\u000aInactive:         447476 kB\u000aActive(anon):      60848 kB\u000aInactive(anon):      216 kB\u000aActive(file):      33356 kB\u000aInactive(file):   447260 kB\u000aUnevictable:           0 kB\u000aMlocked:               0 kB\u000aSwapTotal:             0 kB\u000aSwapFree:              0 kB\u000aDirty:               352 kB\u000aWriteback:             0 kB\u000aAnonPages:         60872 kB\u000aMapped:            35204 kB\u000aShmem:               220 kB\u000aSlab:              42652 kB\u000aSReclaimable:      32872 kB\u000aSUnreclaim:         9780 kB\u000aKernelStack:        1168 kB\u000aPageTables:         1336 kB\u000aNFS_Unstable:          0 kB\u000aBounce:                0 kB\u000aWritebackTmp:          0 kB\u000aCommitLimit:      858592 kB\u000aCommitted_AS:     251624 kB\u000aVmallocTotal:   34359738367 kB\u000aVmallocUsed:           0 kB\u000aVmallocChunk:          0 kB\u000aAnonHugePages:         0 kB\u000aShmemHugePages:        0 kB\u000aShmemPmdMapped:        0 kB\u000aHugePages_Total:       0\u000aHugePages_Free:        0\u000aHugePages_Rsvd:        0\u000aHugePages_Surp:        0\u000aHugepagesize:       2048 kB\u000aDirectMap4k:       21504 kB\u000aDirectMap2M:     1740800 kB\u000a
p131
ssVstatus_key
p132
Vpywren.jobs/03c5f4d6-5dd2-4896-a627-fa42a24ea072/00002/status.json
p133
sVend_time
p134
F1609050001.594173
sVlog_group_name
p135
V/aws/lambda/pywren_redis_2
p136
sVdata_key
p137
Vpywren.jobs/03c5f4d6-5dd2-4896-a627-fa42a24ea072/aggdata.pickle
p138
sa(dp139
Vcallset_id
p140
V03c5f4d6-5dd2-4896-a627-fa42a24ea072
p141
sVlog_stream_name
p142
V2020/12/27/[$LATEST]f02c0c09d76740ef94e9d88e39ab4305
p143
sVstdout
p144
V
sVfunc_key
p145
Vpywren.jobs/03c5f4d6-5dd2-4896-a627-fa42a24ea072/func.pickle
p146
sVfree_disk_bytes
p147
I538333184
sVruntime_cached
p148
I00
sVretcode
p149
I0
sVcall_id
p150
V00003
p151
sVoutput_key
p152
Vpywren.jobs/03c5f4d6-5dd2-4896-a627-fa42a24ea072/00003/output.pickle
p153
sVruntime_s3_key_used
p154
Vbe2299-pywren.runtimes/default_2.7.tar.gz.0080
p155
sVaws_request_id
p156
V7b21c5e6-fcd8-4d86-8ab3-1b4e27d6f212
p157
sVexec_time
p158
F42.218390941619873
sVstart_time
p159
F1609049952.2992239
sVsetup_time
p160
F6.9197170734405518
sVruntime_s3_bucket_used
p161
Vpywren-runtimes-public-us-west-2
p162
sVexception
p163
NsVhost_submit_time
p164
F1609049951.5645349
sVserver_info
p165
(dp166
Vuname
p167
V('Linux', '169.254.40.29', '4.14.203-112.332.amzn2.x86_64', '#1 SMP Wed Nov 4 20:46:34 UTC 2020', 'x86_64', 'x86_64')
p168
sV/proc/self/cgroup
p169
VMemTotal:        1717184 kB\u000aMemFree:         1119600 kB\u000aMemAvailable:    1486224 kB\u000aBuffers:           17684 kB\u000aCached:           463296 kB\u000aSwapCached:            0 kB\u000aActive:            94940 kB\u000aInactive:         447092 kB\u000aActive(anon):      61044 kB\u000aInactive(anon):      216 kB\u000aActive(file):      33896 kB\u000aInactive(file):   446876 kB\u000aUnevictable:           0 kB\u000aMlocked:               0 kB\u000aSwapTotal:             0 kB\u000aSwapFree:              0 kB\u000aDirty:               148 kB\u000aWriteback:             0 kB\u000aAnonPages:         61040 kB\u000aMapped:            35160 kB\u000aShmem:               220 kB\u000aSlab:              42676 kB\u000aSReclaimable:      32720 kB\u000aSUnreclaim:         9956 kB\u000aKernelStack:        1152 kB\u000aPageTables:         1320 kB\u000aNFS_Unstable:          0 kB\u000aBounce:                0 kB\u000aWritebackTmp:          0 kB\u000aCommitLimit:      858592 kB\u000aCommitted_AS:     253744 kB\u000aVmallocTotal:   34359738367 kB\u000aVmallocUsed:           0 kB\u000aVmallocChunk:          0 kB\u000aAnonHugePages:         0 kB\u000aShmemHugePages:        0 kB\u000aShmemPmdMapped:        0 kB\u000aHugePages_Total:       0\u000aHugePages_Free:        0\u000aHugePages_Rsvd:        0\u000aHugePages_Surp:        0\u000aHugepagesize:       2048 kB\u000aDirectMap4k:       23552 kB\u000aDirectMap2M:     1738752 kB\u000a
p170
sV/proc/cgroups
p171
V#subsys_name	hierarchy	num_cgroups	enabled\u000acpuset	4	1	1\u000acpu	8	5	1\u000acpuacct	8	5	1\u000ablkio	7	1	1\u000amemory	2	5	1\u000adevices	6	1	1\u000afreezer	10	2	1\u000anet_cls	3	1	1\u000aperf_event	9	1	1\u000anet_prio	3	1	1\u000ahugetlb	11	1	1\u000apids	5	1	1\u000a
p172
sV/proc/cpuinfo
p173
Vprocessor	: 0\u000avendor_id	: GenuineIntel\u000acpu family	: 6\u000amodel		: 63\u000amodel name	: Intel(R) Xeon(R) Processor @ 2.50GHz\u000astepping	: 2\u000amicrocode	: 0x1\u000acpu MHz		: 2500.042\u000acache size	: 36608 KB\u000aphysical id	: 0\u000asiblings	: 2\u000acore id		: 0\u000acpu cores	: 2\u000aapicid		: 0\u000ainitial apicid	: 0\u000afpu		: yes\u000afpu_exception	: yes\u000acpuid level	: 13\u000awp		: yes\u000aflags		: fpu vme de pse tsc msr pae mce cx8 apic sep mtrr pge mca cmov pat pse36 clflush mmx fxsr sse sse2 ht syscall nx rdtscp lm constant_tsc rep_good nopl xtopology nonstop_tsc cpuid tsc_known_freq pni pclmulqdq ssse3 fma cx16 pcid sse4_1 sse4_2 x2apic movbe popcnt tsc_deadline_timer aes xsave avx f16c rdrand hypervisor lahf_lm abm cpuid_fault invpcid_single ssbd ibrs ibpb stibp ibrs_enhanced fsgsbase tsc_adjust bmi1 avx2 smep bmi2 erms invpcid smap xsaveopt arat md_clear arch_capabilities\u000abugs		: spectre_v1 spectre_v2 spec_store_bypass swapgs\u000abogomips	: 5000.08\u000aclflush size	: 64\u000acache_alignment	: 64\u000aaddress sizes	: 46 bits physical, 48 bits virtual\u000apower management:\u000a\u000aprocessor	: 1\u000avendor_id	: GenuineIntel\u000acpu family	: 6\u000amodel		: 63\u000amodel name	: Intel(R) Xeon(R) Processor @ 2.50GHz\u000astepping	: 2\u000amicrocode	: 0x1\u000acpu MHz		: 2500.042\u000acache size	: 36608 KB\u000aphysical id	: 0\u000asiblings	: 2\u000acore id		: 1\u000acpu cores	: 2\u000aapicid		: 1\u000ainitial apicid	: 1\u000afpu		: yes\u000afpu_exception	: yes\u000acpuid level	: 13\u000awp		: yes\u000aflags		: fpu vme de pse tsc msr pae mce cx8 apic sep mtrr pge mca cmov pat pse36 clflush mmx fxsr sse sse2 ht syscall nx rdtscp lm constant_tsc rep_good nopl xtopology nonstop_tsc cpuid tsc_known_freq pni pclmulqdq ssse3 fma cx16 pcid sse4_1 sse4_2 x2apic movbe popcnt tsc_deadline_timer aes xsave avx f16c rdrand hypervisor lahf_lm abm cpuid_fault invpcid_single ssbd ibrs ibpb stibp ibrs_enhanced fsgsbase tsc_adjust bmi1 avx2 smep bmi2 erms invpcid smap xsaveopt arat md_clear arch_capabilities\u000abugs		: spectre_v1 spectre_v2 spec_store_bypass swapgs\u000abogomips	: 5000.08\u000aclflush size	: 64\u000acache_alignment	: 64\u000aaddress sizes	: 46 bits physical, 48 bits virtual\u000apower management:\u000a\u000a
p174
sV/proc/meminfo
p175
VMemTotal:        1717184 kB\u000aMemFree:         1119600 kB\u000aMemAvailable:    1486224 kB\u000aBuffers:           17684 kB\u000aCached:           463296 kB\u000aSwapCached:            0 kB\u000aActive:            94940 kB\u000aInactive:         447092 kB\u000aActive(anon):      61044 kB\u000aInactive(anon):      216 kB\u000aActive(file):      33896 kB\u000aInactive(file):   446876 kB\u000aUnevictable:           0 kB\u000aMlocked:               0 kB\u000aSwapTotal:             0 kB\u000aSwapFree:              0 kB\u000aDirty:               148 kB\u000aWriteback:             0 kB\u000aAnonPages:         61040 kB\u000aMapped:            35160 kB\u000aShmem:               220 kB\u000aSlab:              42676 kB\u000aSReclaimable:      32720 kB\u000aSUnreclaim:         9956 kB\u000aKernelStack:        1152 kB\u000aPageTables:         1320 kB\u000aNFS_Unstable:          0 kB\u000aBounce:                0 kB\u000aWritebackTmp:          0 kB\u000aCommitLimit:      858592 kB\u000aCommitted_AS:     253744 kB\u000aVmallocTotal:   34359738367 kB\u000aVmallocUsed:           0 kB\u000aVmallocChunk:          0 kB\u000aAnonHugePages:         0 kB\u000aShmemHugePages:        0 kB\u000aShmemPmdMapped:        0 kB\u000aHugePages_Total:       0\u000aHugePages_Free:        0\u000aHugePages_Rsvd:        0\u000aHugePages_Surp:        0\u000aHugepagesize:       2048 kB\u000aDirectMap4k:       23552 kB\u000aDirectMap2M:     1738752 kB\u000a
p176
ssVstatus_key
p177
Vpywren.jobs/03c5f4d6-5dd2-4896-a627-fa42a24ea072/00003/status.json
p178
sVend_time
p179
F1609050001.437326
sVlog_group_name
p180
V/aws/lambda/pywren_redis_2
p181
sVdata_key
p182
Vpywren.jobs/03c5f4d6-5dd2-4896-a627-fa42a24ea072/aggdata.pickle
p183
sa(dp184
Vcallset_id
p185
V03c5f4d6-5dd2-4896-a627-fa42a24ea072
p186
sVlog_stream_name
p187
V2020/12/27/[$LATEST]e0f3d3aa6aff40729cc406c81059ea76
p188
sVstdout
p189
V
sVfunc_key
p190
Vpywren.jobs/03c5f4d6-5dd2-4896-a627-fa42a24ea072/func.pickle
p191
sVfree_disk_bytes
p192
I538333184
sVruntime_cached
p193
I00
sVretcode
p194
I0
sVcall_id
p195
V00004
p196
sVoutput_key
p197
Vpywren.jobs/03c5f4d6-5dd2-4896-a627-fa42a24ea072/00004/output.pickle
p198
sVruntime_s3_key_used
p199
V0dd9e5-pywren.runtimes/default_2.7.tar.gz.0045
p200
sVaws_request_id
p201
V48c0047b-c4b2-4532-987b-3e8133c034c7
p202
sVexec_time
p203
F42.230939149856567
sVstart_time
p204
F1609049952.3407869
sVsetup_time
p205
F7.1742420196533203
sVruntime_s3_bucket_used
p206
Vpywren-runtimes-public-us-west-2
p207
sVexception
p208
NsVhost_submit_time
p209
F1609049951.5682671
sVserver_info
p210
(dp211
Vuname
p212
V('Linux', '169.254.126.149', '4.14.203-112.332.amzn2.x86_64', '#1 SMP Wed Nov 4 20:46:34 UTC 2020', 'x86_64', 'x86_64')
p213
sV/proc/self/cgroup
p214
VMemTotal:        1717184 kB\u000aMemFree:         1122164 kB\u000aMemAvailable:    1486208 kB\u000aBuffers:           17088 kB\u000aCached:           461272 kB\u000aSwapCached:            0 kB\u000aActive:            93864 kB\u000aInactive:         445544 kB\u000aActive(anon):      61032 kB\u000aInactive(anon):      216 kB\u000aActive(file):      32832 kB\u000aInactive(file):   445328 kB\u000aUnevictable:           0 kB\u000aMlocked:               0 kB\u000aSwapTotal:             0 kB\u000aSwapFree:              0 kB\u000aDirty:                12 kB\u000aWriteback:             0 kB\u000aAnonPages:         61044 kB\u000aMapped:            35404 kB\u000aShmem:               220 kB\u000aSlab:              42892 kB\u000aSReclaimable:      32784 kB\u000aSUnreclaim:        10108 kB\u000aKernelStack:        1168 kB\u000aPageTables:         1336 kB\u000aNFS_Unstable:          0 kB\u000aBounce:                0 kB\u000aWritebackTmp:          0 kB\u000aCommitLimit:      858592 kB\u000aCommitted_AS:     253728 kB\u000aVmallocTotal:   34359738367 kB\u000aVmallocUsed:           0 kB\u000aVmallocChunk:          0 kB\u000aAnonHugePages:         0 kB\u000aShmemHugePages:        0 kB\u000aShmemPmdMapped:        0 kB\u000aHugePages_Total:       0\u000aHugePages_Free:        0\u000aHugePages_Rsvd:        0\u000aHugePages_Surp:        0\u000aHugepagesize:       2048 kB\u000aDirectMap4k:       21504 kB\u000aDirectMap2M:     1740800 kB\u000a
p215
sV/proc/cgroups
p216
V#subsys_name	hierarchy	num_cgroups	enabled\u000acpuset	6	1	1\u000acpu	5	5	1\u000acpuacct	5	5	1\u000ablkio	10	1	1\u000amemory	4	5	1\u000adevices	8	1	1\u000afreezer	9	2	1\u000anet_cls	3	1	1\u000aperf_event	7	1	1\u000anet_prio	3	1	1\u000ahugetlb	11	1	1\u000apids	2	1	1\u000a
p217
sV/proc/cpuinfo
p218
Vprocessor	: 0\u000avendor_id	: GenuineIntel\u000acpu family	: 6\u000amodel		: 63\u000amodel name	: Intel(R) Xeon(R) Processor @ 2.50GHz\u000astepping	: 2\u000amicrocode	: 0x1\u000acpu MHz		: 2500.018\u000acache size	: 33792 KB\u000aphysical id	: 0\u000asiblings	: 2\u000acore id		: 0\u000acpu cores	: 2\u000aapicid		: 0\u000ainitial apicid	: 0\u000afpu		: yes\u000afpu_exception	: yes\u000acpuid level	: 13\u000awp		: yes\u000aflags		: fpu vme de pse tsc msr pae mce cx8 apic sep mtrr pge mca cmov pat pse36 clflush mmx fxsr sse sse2 ht syscall nx rdtscp lm constant_tsc rep_good nopl xtopology nonstop_tsc cpuid tsc_known_freq pni pclmulqdq ssse3 fma cx16 pcid sse4_1 sse4_2 x2apic movbe popcnt tsc_deadline_timer aes xsave avx f16c rdrand hypervisor lahf_lm abm cpuid_fault invpcid_single pti ssbd ibrs ibpb stibp fsgsbase tsc_adjust bmi1 avx2 smep bmi2 erms invpcid smap xsaveopt arat md_clear arch_capabilities\u000abugs		: cpu_meltdown spectre_v1 spectre_v2 spec_store_bypass l1tf mds swapgs\u000abogomips	: 5000.03\u000aclflush size	: 64\u000acache_alignment	: 64\u000aaddress sizes	: 46 bits physical, 48 bits virtual\u000apower management:\u000a\u000aprocessor	: 1\u000avendor_id	: GenuineIntel\u000acpu family	: 6\u000amodel		: 63\u000amodel name	: Intel(R) Xeon(R) Processor @ 2.50GHz\u000astepping	: 2\u000amicrocode	: 0x1\u000acpu MHz		: 2500.018\u000acache size	: 33792 KB\u000aphysical id	: 0\u000asiblings	: 2\u000acore id		: 1\u000acpu cores	: 2\u000aapicid		: 1\u000ainitial apicid	: 1\u000afpu		: yes\u000afpu_exception	: yes\u000acpuid level	: 13\u000awp		: yes\u000aflags		: fpu vme de pse tsc msr pae mce cx8 apic sep mtrr pge mca cmov pat pse36 clflush mmx fxsr sse sse2 ht syscall nx rdtscp lm constant_tsc rep_good nopl xtopology nonstop_tsc cpuid tsc_known_freq pni pclmulqdq ssse3 fma cx16 pcid sse4_1 sse4_2 x2apic movbe popcnt tsc_deadline_timer aes xsave avx f16c rdrand hypervisor lahf_lm abm cpuid_fault invpcid_single pti ssbd ibrs ibpb stibp fsgsbase tsc_adjust bmi1 avx2 smep bmi2 erms invpcid smap xsaveopt arat md_clear arch_capabilities\u000abugs		: cpu_meltdown spectre_v1 spectre_v2 spec_store_bypass l1tf mds swapgs\u000abogomips	: 5000.03\u000aclflush size	: 64\u000acache_alignment	: 64\u000aaddress sizes	: 46 bits physical, 48 bits virtual\u000apower management:\u000a\u000a
p219
sV/proc/meminfo
p220
VMemTotal:        1717184 kB\u000aMemFree:         1122164 kB\u000aMemAvailable:    1486208 kB\u000aBuffers:           17088 kB\u000aCached:           461272 kB\u000aSwapCached:            0 kB\u000aActive:            93864 kB\u000aInactive:         445544 kB\u000aActive(anon):      61032 kB\u000aInactive(anon):      216 kB\u000aActive(file):      32832 kB\u000aInactive(file):   445328 kB\u000aUnevictable:           0 kB\u000aMlocked:               0 kB\u000aSwapTotal:             0 kB\u000aSwapFree:              0 kB\u000aDirty:                12 kB\u000aWriteback:             0 kB\u000aAnonPages:         61044 kB\u000aMapped:            35404 kB\u000aShmem:               220 kB\u000aSlab:              42892 kB\u000aSReclaimable:      32784 kB\u000aSUnreclaim:        10108 kB\u000aKernelStack:        1168 kB\u000aPageTables:         1336 kB\u000aNFS_Unstable:          0 kB\u000aBounce:                0 kB\u000aWritebackTmp:          0 kB\u000aCommitLimit:      858592 kB\u000aCommitted_AS:     253728 kB\u000aVmallocTotal:   34359738367 kB\u000aVmallocUsed:           0 kB\u000aVmallocChunk:          0 kB\u000aAnonHugePages:         0 kB\u000aShmemHugePages:        0 kB\u000aShmemPmdMapped:        0 kB\u000aHugePages_Total:       0\u000aHugePages_Free:        0\u000aHugePages_Rsvd:        0\u000aHugePages_Surp:        0\u000aHugepagesize:       2048 kB\u000aDirectMap4k:       21504 kB\u000aDirectMap2M:     1740800 kB\u000a
p221
ssVstatus_key
p222
Vpywren.jobs/03c5f4d6-5dd2-4896-a627-fa42a24ea072/00004/status.json
p223
sVend_time
p224
F1609050001.7459619
sVlog_group_name
p225
V/aws/lambda/pywren_redis_2
p226
sVdata_key
p227
Vpywren.jobs/03c5f4d6-5dd2-4896-a627-fa42a24ea072/aggdata.pickle
p228
sa(dp229
Vcallset_id
p230
V03c5f4d6-5dd2-4896-a627-fa42a24ea072
p231
sVlog_stream_name
p232
V2020/12/27/[$LATEST]42c879c5bb5e4fc4bc7585ff8b626973
p233
sVstdout
p234
V
sVfunc_key
p235
Vpywren.jobs/03c5f4d6-5dd2-4896-a627-fa42a24ea072/func.pickle
p236
sVfree_disk_bytes
p237
I538333184
sVruntime_cached
p238
I00
sVretcode
p239
I0
sVcall_id
p240
V00005
p241
sVoutput_key
p242
Vpywren.jobs/03c5f4d6-5dd2-4896-a627-fa42a24ea072/00005/output.pickle
p243
sVruntime_s3_key_used
p244
Vc15ee4-pywren.runtimes/default_2.7.tar.gz.0057
p245
sVaws_request_id
p246
V1f98ffdc-794d-411a-8cb2-cfe1259ac808
p247
sVexec_time
p248
F42.233990907669067
sVstart_time
p249
F1609049952.3053341
sVsetup_time
p250
F6.9880969524383545
sVruntime_s3_bucket_used
p251
Vpywren-runtimes-public-us-west-2
p252
sVexception
p253
NsVhost_submit_time
p254
F1609049951.5762701
sVserver_info
p255
(dp256
Vuname
p257
V('Linux', '169.254.184.253', '4.14.203-112.332.amzn2.x86_64', '#1 SMP Wed Nov 4 20:46:34 UTC 2020', 'x86_64', 'x86_64')
p258
sV/proc/self/cgroup
p259
VMemTotal:        1717184 kB\u000aMemFree:         1119188 kB\u000aMemAvailable:    1485944 kB\u000aBuffers:           17524 kB\u000aCached:           463488 kB\u000aSwapCached:            0 kB\u000aActive:            94640 kB\u000aInactive:         447368 kB\u000aActive(anon):      60988 kB\u000aInactive(anon):      216 kB\u000aActive(file):      33652 kB\u000aInactive(file):   447152 kB\u000aUnevictable:           0 kB\u000aMlocked:               0 kB\u000aSwapTotal:             0 kB\u000aSwapFree:              0 kB\u000aDirty:               384 kB\u000aWriteback:             0 kB\u000aAnonPages:         60984 kB\u000aMapped:            35164 kB\u000aShmem:               220 kB\u000aSlab:              43120 kB\u000aSReclaimable:      32920 kB\u000aSUnreclaim:        10200 kB\u000aKernelStack:        1152 kB\u000aPageTables:         1340 kB\u000aNFS_Unstable:          0 kB\u000aBounce:                0 kB\u000aWritebackTmp:          0 kB\u000aCommitLimit:      858592 kB\u000aCommitted_AS:     253556 kB\u000aVmallocTotal:   34359738367 kB\u000aVmallocUsed:           0 kB\u000aVmallocChunk:          0 kB\u000aAnonHugePages:         0 kB\u000aShmemHugePages:        0 kB\u000aShmemPmdMapped:        0 kB\u000aHugePages_Total:       0\u000aHugePages_Free:        0\u000aHugePages_Rsvd:        0\u000aHugePages_Surp:        0\u000aHugepagesize:       2048 kB\u000aDirectMap4k:       17408 kB\u000aDirectMap2M:     1744896 kB\u000a
p260
sV/proc/cgroups
p261
V#subsys_name	hierarchy	num_cgroups	enabled\u000acpuset	2	1	1\u000acpu	8	5	1\u000acpuacct	8	5	1\u000ablkio	6	1	1\u000amemory	9	5	1\u000adevices	7	1	1\u000afreezer	11	2	1\u000anet_cls	5	1	1\u000aperf_event	4	1	1\u000anet_prio	5	1	1\u000ahugetlb	3	1	1\u000apids	10	1	1\u000a
p262
sV/proc/cpuinfo
p263
Vprocessor	: 0\u000avendor_id	: GenuineIntel\u000acpu family	: 6\u000amodel		: 63\u000amodel name	: Intel(R) Xeon(R) Processor @ 2.50GHz\u000astepping	: 2\u000amicrocode	: 0x1\u000acpu MHz		: 2500.002\u000acache size	: 36608 KB\u000aphysical id	: 0\u000asiblings	: 2\u000acore id		: 0\u000acpu cores	: 2\u000aapicid		: 0\u000ainitial apicid	: 0\u000afpu		: yes\u000afpu_exception	: yes\u000acpuid level	: 13\u000awp		: yes\u000aflags		: fpu vme de pse tsc msr pae mce cx8 apic sep mtrr pge mca cmov pat pse36 clflush mmx fxsr sse sse2 ht syscall nx rdtscp lm constant_tsc rep_good nopl xtopology nonstop_tsc cpuid tsc_known_freq pni pclmulqdq ssse3 fma cx16 pcid sse4_1 sse4_2 x2apic movbe popcnt tsc_deadline_timer aes xsave avx f16c rdrand hypervisor lahf_lm abm cpuid_fault invpcid_single ssbd ibrs ibpb stibp ibrs_enhanced fsgsbase tsc_adjust bmi1 avx2 smep bmi2 erms invpcid smap xsaveopt arat md_clear arch_capabilities\u000abugs		: spectre_v1 spectre_v2 spec_store_bypass swapgs\u000abogomips	: 5000.00\u000aclflush size	: 64\u000acache_alignment	: 64\u000aaddress sizes	: 46 bits physical, 48 bits virtual\u000apower management:\u000a\u000aprocessor	: 1\u000avendor_id	: GenuineIntel\u000acpu family	: 6\u000amodel		: 63\u000amodel name	: Intel(R) Xeon(R) Processor @ 2.50GHz\u000astepping	: 2\u000amicrocode	: 0x1\u000acpu MHz		: 2500.002\u000acache size	: 36608 KB\u000aphysical id	: 0\u000asiblings	: 2\u000acore id		: 1\u000acpu cores	: 2\u000aapicid		: 1\u000ainitial apicid	: 1\u000afpu		: yes\u000afpu_exception	: yes\u000acpuid level	: 13\u000awp		: yes\u000aflags		: fpu vme de pse tsc msr pae mce cx8 apic sep mtrr pge mca cmov pat pse36 clflush mmx fxsr sse sse2 ht syscall nx rdtscp lm constant_tsc rep_good nopl xtopology nonstop_tsc cpuid tsc_known_freq pni pclmulqdq ssse3 fma cx16 pcid sse4_1 sse4_2 x2apic movbe popcnt tsc_deadline_timer aes xsave avx f16c rdrand hypervisor lahf_lm abm cpuid_fault invpcid_single ssbd ibrs ibpb stibp ibrs_enhanced fsgsbase tsc_adjust bmi1 avx2 smep bmi2 erms invpcid smap xsaveopt arat md_clear arch_capabilities\u000abugs		: spectre_v1 spectre_v2 spec_store_bypass swapgs\u000abogomips	: 5000.00\u000aclflush size	: 64\u000acache_alignment	: 64\u000aaddress sizes	: 46 bits physical, 48 bits virtual\u000apower management:\u000a\u000a
p264
sV/proc/meminfo
p265
VMemTotal:        1717184 kB\u000aMemFree:         1119188 kB\u000aMemAvailable:    1485944 kB\u000aBuffers:           17524 kB\u000aCached:           463488 kB\u000aSwapCached:            0 kB\u000aActive:            94640 kB\u000aInactive:         447368 kB\u000aActive(anon):      60988 kB\u000aInactive(anon):      216 kB\u000aActive(file):      33652 kB\u000aInactive(file):   447152 kB\u000aUnevictable:           0 kB\u000aMlocked:               0 kB\u000aSwapTotal:             0 kB\u000aSwapFree:              0 kB\u000aDirty:               384 kB\u000aWriteback:             0 kB\u000aAnonPages:         60984 kB\u000aMapped:            35164 kB\u000aShmem:               220 kB\u000aSlab:              43120 kB\u000aSReclaimable:      32920 kB\u000aSUnreclaim:        10200 kB\u000aKernelStack:        1152 kB\u000aPageTables:         1340 kB\u000aNFS_Unstable:          0 kB\u000aBounce:                0 kB\u000aWritebackTmp:          0 kB\u000aCommitLimit:      858592 kB\u000aCommitted_AS:     253556 kB\u000aVmallocTotal:   34359738367 kB\u000aVmallocUsed:           0 kB\u000aVmallocChunk:          0 kB\u000aAnonHugePages:         0 kB\u000aShmemHugePages:        0 kB\u000aShmemPmdMapped:        0 kB\u000aHugePages_Total:       0\u000aHugePages_Free:        0\u000aHugePages_Rsvd:        0\u000aHugePages_Surp:        0\u000aHugepagesize:       2048 kB\u000aDirectMap4k:       17408 kB\u000aDirectMap2M:     1744896 kB\u000a
p266
ssVstatus_key
p267
Vpywren.jobs/03c5f4d6-5dd2-4896-a627-fa42a24ea072/00005/status.json
p268
sVend_time
p269
F1609050001.527415
sVlog_group_name
p270
V/aws/lambda/pywren_redis_2
p271
sVdata_key
p272
Vpywren.jobs/03c5f4d6-5dd2-4896-a627-fa42a24ea072/aggdata.pickle
p273
sa(dp274
Vcallset_id
p275
V03c5f4d6-5dd2-4896-a627-fa42a24ea072
p276
sVlog_stream_name
p277
V2020/12/27/[$LATEST]6274a4c6e0344913a3ab6ae03a47f3c5
p278
sVstdout
p279
V
sVfunc_key
p280
Vpywren.jobs/03c5f4d6-5dd2-4896-a627-fa42a24ea072/func.pickle
p281
sVfree_disk_bytes
p282
I538333184
sVruntime_cached
p283
I00
sVretcode
p284
I0
sVcall_id
p285
V00006
p286
sVoutput_key
p287
Vpywren.jobs/03c5f4d6-5dd2-4896-a627-fa42a24ea072/00006/output.pickle
p288
sVruntime_s3_key_used
p289
V38d1b2-pywren.runtimes/default_2.7.tar.gz.0079
p290
sVaws_request_id
p291
Vf88cde2e-8c94-4647-9002-6c0f48553f4b
p292
sVexec_time
p293
F42.18959903717041
sVstart_time
p294
F1609049952.2973731
sVsetup_time
p295
F6.9783978462219238
sVruntime_s3_bucket_used
p296
Vpywren-runtimes-public-us-west-2
p297
sVexception
p298
NsVhost_submit_time
p299
F1609049951.58183
sVserver_info
p300
(dp301
Vuname
p302
V('Linux', '169.254.214.245', '4.14.203-112.332.amzn2.x86_64', '#1 SMP Wed Nov 4 20:46:34 UTC 2020', 'x86_64', 'x86_64')
p303
sV/proc/self/cgroup
p304
VMemTotal:        1717184 kB\u000aMemFree:         1118444 kB\u000aMemAvailable:    1486200 kB\u000aBuffers:           17724 kB\u000aCached:           464312 kB\u000aSwapCached:            0 kB\u000aActive:            96192 kB\u000aInactive:         446968 kB\u000aActive(anon):      61116 kB\u000aInactive(anon):      216 kB\u000aActive(file):      35076 kB\u000aInactive(file):   446752 kB\u000aUnevictable:           0 kB\u000aMlocked:               0 kB\u000aSwapTotal:             0 kB\u000aSwapFree:              0 kB\u000aDirty:               152 kB\u000aWriteback:             0 kB\u000aAnonPages:         61112 kB\u000aMapped:            35008 kB\u000aShmem:               220 kB\u000aSlab:              42844 kB\u000aSReclaimable:      32868 kB\u000aSUnreclaim:         9976 kB\u000aKernelStack:        1152 kB\u000aPageTables:         1328 kB\u000aNFS_Unstable:          0 kB\u000aBounce:                0 kB\u000aWritebackTmp:          0 kB\u000aCommitLimit:      858592 kB\u000aCommitted_AS:     253804 kB\u000aVmallocTotal:   34359738367 kB\u000aVmallocUsed:           0 kB\u000aVmallocChunk:          0 kB\u000aAnonHugePages:         0 kB\u000aShmemHugePages:        0 kB\u000aShmemPmdMapped:        0 kB\u000aHugePages_Total:       0\u000aHugePages_Free:        0\u000aHugePages_Rsvd:        0\u000aHugePages_Surp:        0\u000aHugepagesize:       2048 kB\u000aDirectMap4k:       21504 kB\u000aDirectMap2M:     1740800 kB\u000a
p305
sV/proc/cgroups
p306
V#subsys_name	hierarchy	num_cgroups	enabled\u000acpuset	8	1	1\u000acpu	5	5	1\u000acpuacct	5	5	1\u000ablkio	9	1	1\u000amemory	4	5	1\u000adevices	11	1	1\u000afreezer	7	2	1\u000anet_cls	10	1	1\u000aperf_event	2	1	1\u000anet_prio	10	1	1\u000ahugetlb	6	1	1\u000apids	3	1	1\u000a
p307
sV/proc/cpuinfo
p308
Vprocessor	: 0\u000avendor_id	: GenuineIntel\u000acpu family	: 6\u000amodel		: 63\u000amodel name	: Intel(R) Xeon(R) Processor @ 2.50GHz\u000astepping	: 2\u000amicrocode	: 0x1\u000acpu MHz		: 2500.010\u000acache size	: 36608 KB\u000aphysical id	: 0\u000asiblings	: 2\u000acore id		: 0\u000acpu cores	: 2\u000aapicid		: 0\u000ainitial apicid	: 0\u000afpu		: yes\u000afpu_exception	: yes\u000acpuid level	: 13\u000awp		: yes\u000aflags		: fpu vme de pse tsc msr pae mce cx8 apic sep mtrr pge mca cmov pat pse36 clflush mmx fxsr sse sse2 ht syscall nx rdtscp lm constant_tsc rep_good nopl xtopology nonstop_tsc cpuid tsc_known_freq pni pclmulqdq ssse3 fma cx16 pcid sse4_1 sse4_2 x2apic movbe popcnt tsc_deadline_timer aes xsave avx f16c rdrand hypervisor lahf_lm abm cpuid_fault invpcid_single ssbd ibrs ibpb stibp ibrs_enhanced fsgsbase tsc_adjust bmi1 avx2 smep bmi2 erms invpcid smap xsaveopt arat md_clear arch_capabilities\u000abugs		: spectre_v1 spectre_v2 spec_store_bypass swapgs\u000abogomips	: 5000.02\u000aclflush size	: 64\u000acache_alignment	: 64\u000aaddress sizes	: 46 bits physical, 48 bits virtual\u000apower management:\u000a\u000aprocessor	: 1\u000avendor_id	: GenuineIntel\u000acpu family	: 6\u000amodel		: 63\u000amodel name	: Intel(R) Xeon(R) Processor @ 2.50GHz\u000astepping	: 2\u000amicrocode	: 0x1\u000acpu MHz		: 2500.010\u000acache size	: 36608 KB\u000aphysical id	: 0\u000asiblings	: 2\u000acore id		: 1\u000acpu cores	: 2\u000aapicid		: 1\u000ainitial apicid	: 1\u000afpu		: yes\u000afpu_exception	: yes\u000acpuid level	: 13\u000awp		: yes\u000aflags		: fpu vme de pse tsc msr pae mce cx8 apic sep mtrr pge mca cmov pat pse36 clflush mmx fxsr sse sse2 ht syscall nx rdtscp lm constant_tsc rep_good nopl xtopology nonstop_tsc cpuid tsc_known_freq pni pclmulqdq ssse3 fma cx16 pcid sse4_1 sse4_2 x2apic movbe popcnt tsc_deadline_timer aes xsave avx f16c rdrand hypervisor lahf_lm abm cpuid_fault invpcid_single ssbd ibrs ibpb stibp ibrs_enhanced fsgsbase tsc_adjust bmi1 avx2 smep bmi2 erms invpcid smap xsaveopt arat md_clear arch_capabilities\u000abugs		: spectre_v1 spectre_v2 spec_store_bypass swapgs\u000abogomips	: 5000.02\u000aclflush size	: 64\u000acache_alignment	: 64\u000aaddress sizes	: 46 bits physical, 48 bits virtual\u000apower management:\u000a\u000a
p309
sV/proc/meminfo
p310
VMemTotal:        1717184 kB\u000aMemFree:         1118444 kB\u000aMemAvailable:    1486200 kB\u000aBuffers:           17724 kB\u000aCached:           464312 kB\u000aSwapCached:            0 kB\u000aActive:            96192 kB\u000aInactive:         446968 kB\u000aActive(anon):      61116 kB\u000aInactive(anon):      216 kB\u000aActive(file):      35076 kB\u000aInactive(file):   446752 kB\u000aUnevictable:           0 kB\u000aMlocked:               0 kB\u000aSwapTotal:             0 kB\u000aSwapFree:              0 kB\u000aDirty:               152 kB\u000aWriteback:             0 kB\u000aAnonPages:         61112 kB\u000aMapped:            35008 kB\u000aShmem:               220 kB\u000aSlab:              42844 kB\u000aSReclaimable:      32868 kB\u000aSUnreclaim:         9976 kB\u000aKernelStack:        1152 kB\u000aPageTables:         1328 kB\u000aNFS_Unstable:          0 kB\u000aBounce:                0 kB\u000aWritebackTmp:          0 kB\u000aCommitLimit:      858592 kB\u000aCommitted_AS:     253804 kB\u000aVmallocTotal:   34359738367 kB\u000aVmallocUsed:           0 kB\u000aVmallocChunk:          0 kB\u000aAnonHugePages:         0 kB\u000aShmemHugePages:        0 kB\u000aShmemPmdMapped:        0 kB\u000aHugePages_Total:       0\u000aHugePages_Free:        0\u000aHugePages_Rsvd:        0\u000aHugePages_Surp:        0\u000aHugepagesize:       2048 kB\u000aDirectMap4k:       21504 kB\u000aDirectMap2M:     1740800 kB\u000a
p311
ssVstatus_key
p312
Vpywren.jobs/03c5f4d6-5dd2-4896-a627-fa42a24ea072/00006/status.json
p313
sVend_time
p314
F1609050001.465364
sVlog_group_name
p315
V/aws/lambda/pywren_redis_2
p316
sVdata_key
p317
Vpywren.jobs/03c5f4d6-5dd2-4896-a627-fa42a24ea072/aggdata.pickle
p318
sa(dp319
Vcallset_id
p320
V03c5f4d6-5dd2-4896-a627-fa42a24ea072
p321
sVlog_stream_name
p322
V2020/12/27/[$LATEST]29de98c2bafe4d01b591d87739db12ed
p323
sVstdout
p324
V
sVfunc_key
p325
Vpywren.jobs/03c5f4d6-5dd2-4896-a627-fa42a24ea072/func.pickle
p326
sVfree_disk_bytes
p327
I538333184
sVruntime_cached
p328
I00
sVretcode
p329
I0
sVcall_id
p330
V00007
p331
sVoutput_key
p332
Vpywren.jobs/03c5f4d6-5dd2-4896-a627-fa42a24ea072/00007/output.pickle
p333
sVruntime_s3_key_used
p334
V918015-pywren.runtimes/default_2.7.tar.gz.0075
p335
sVaws_request_id
p336
V10449f83-8adf-474f-b641-e1c31ead6373
p337
sVexec_time
p338
F42.249946117401123
sVstart_time
p339
F1609049952.2834589
sVsetup_time
p340
F7.1276559829711914
sVruntime_s3_bucket_used
p341
Vpywren-runtimes-public-us-west-2
p342
sVexception
p343
NsVhost_submit_time
p344
F1609049951.5997801
sVserver_info
p345
(dp346
Vuname
p347
V('Linux', '169.254.16.109', '4.14.203-112.332.amzn2.x86_64', '#1 SMP Wed Nov 4 20:46:34 UTC 2020', 'x86_64', 'x86_64')
p348
sV/proc/self/cgroup
p349
VMemTotal:        1717184 kB\u000aMemFree:         1124044 kB\u000aMemAvailable:    1485568 kB\u000aBuffers:           15272 kB\u000aCached:           460544 kB\u000aSwapCached:            0 kB\u000aActive:            92740 kB\u000aInactive:         444584 kB\u000aActive(anon):      61500 kB\u000aInactive(anon):      216 kB\u000aActive(file):      31240 kB\u000aInactive(file):   444368 kB\u000aUnevictable:           0 kB\u000aMlocked:               0 kB\u000aSwapTotal:             0 kB\u000aSwapFree:              0 kB\u000aDirty:               124 kB\u000aWriteback:             0 kB\u000aAnonPages:         61500 kB\u000aMapped:            34908 kB\u000aShmem:               220 kB\u000aSlab:              42980 kB\u000aSReclaimable:      32848 kB\u000aSUnreclaim:        10132 kB\u000aKernelStack:        1152 kB\u000aPageTables:         1324 kB\u000aNFS_Unstable:          0 kB\u000aBounce:                0 kB\u000aWritebackTmp:          0 kB\u000aCommitLimit:      858592 kB\u000aCommitted_AS:     253568 kB\u000aVmallocTotal:   34359738367 kB\u000aVmallocUsed:           0 kB\u000aVmallocChunk:          0 kB\u000aAnonHugePages:         0 kB\u000aShmemHugePages:        0 kB\u000aShmemPmdMapped:        0 kB\u000aHugePages_Total:       0\u000aHugePages_Free:        0\u000aHugePages_Rsvd:        0\u000aHugePages_Surp:        0\u000aHugepagesize:       2048 kB\u000aDirectMap4k:       21504 kB\u000aDirectMap2M:     1740800 kB\u000a
p350
sV/proc/cgroups
p351
V#subsys_name	hierarchy	num_cgroups	enabled\u000acpuset	2	1	1\u000acpu	4	5	1\u000acpuacct	4	5	1\u000ablkio	5	1	1\u000amemory	7	5	1\u000adevices	11	1	1\u000afreezer	6	2	1\u000anet_cls	3	1	1\u000aperf_event	10	1	1\u000anet_prio	3	1	1\u000ahugetlb	9	1	1\u000apids	8	1	1\u000a
p352
sV/proc/cpuinfo
p353
Vprocessor	: 0\u000avendor_id	: GenuineIntel\u000acpu family	: 6\u000amodel		: 63\u000amodel name	: Intel(R) Xeon(R) Processor @ 2.50GHz\u000astepping	: 2\u000amicrocode	: 0x1\u000acpu MHz		: 2500.012\u000acache size	: 33792 KB\u000aphysical id	: 0\u000asiblings	: 2\u000acore id		: 0\u000acpu cores	: 2\u000aapicid		: 0\u000ainitial apicid	: 0\u000afpu		: yes\u000afpu_exception	: yes\u000acpuid level	: 13\u000awp		: yes\u000aflags		: fpu vme de pse tsc msr pae mce cx8 apic sep mtrr pge mca cmov pat pse36 clflush mmx fxsr sse sse2 ht syscall nx rdtscp lm constant_tsc rep_good nopl xtopology nonstop_tsc cpuid tsc_known_freq pni pclmulqdq ssse3 fma cx16 pcid sse4_1 sse4_2 x2apic movbe popcnt tsc_deadline_timer aes xsave avx f16c rdrand hypervisor lahf_lm abm cpuid_fault invpcid_single pti ssbd ibrs ibpb stibp fsgsbase tsc_adjust bmi1 avx2 smep bmi2 erms invpcid smap xsaveopt arat md_clear arch_capabilities\u000abugs		: cpu_meltdown spectre_v1 spectre_v2 spec_store_bypass l1tf mds swapgs\u000abogomips	: 5000.02\u000aclflush size	: 64\u000acache_alignment	: 64\u000aaddress sizes	: 46 bits physical, 48 bits virtual\u000apower management:\u000a\u000aprocessor	: 1\u000avendor_id	: GenuineIntel\u000acpu family	: 6\u000amodel		: 63\u000amodel name	: Intel(R) Xeon(R) Processor @ 2.50GHz\u000astepping	: 2\u000amicrocode	: 0x1\u000acpu MHz		: 2500.012\u000acache size	: 33792 KB\u000aphysical id	: 0\u000asiblings	: 2\u000acore id		: 1\u000acpu cores	: 2\u000aapicid		: 1\u000ainitial apicid	: 1\u000afpu		: yes\u000afpu_exception	: yes\u000acpuid level	: 13\u000awp		: yes\u000aflags		: fpu vme de pse tsc msr pae mce cx8 apic sep mtrr pge mca cmov pat pse36 clflush mmx fxsr sse sse2 ht syscall nx rdtscp lm constant_tsc rep_good nopl xtopology nonstop_tsc cpuid tsc_known_freq pni pclmulqdq ssse3 fma cx16 pcid sse4_1 sse4_2 x2apic movbe popcnt tsc_deadline_timer aes xsave avx f16c rdrand hypervisor lahf_lm abm cpuid_fault invpcid_single pti ssbd ibrs ibpb stibp fsgsbase tsc_adjust bmi1 avx2 smep bmi2 erms invpcid smap xsaveopt arat md_clear arch_capabilities\u000abugs		: cpu_meltdown spectre_v1 spectre_v2 spec_store_bypass l1tf mds swapgs\u000abogomips	: 5000.02\u000aclflush size	: 64\u000acache_alignment	: 64\u000aaddress sizes	: 46 bits physical, 48 bits virtual\u000apower management:\u000a\u000a
p354
sV/proc/meminfo
p355
VMemTotal:        1717184 kB\u000aMemFree:         1124044 kB\u000aMemAvailable:    1485568 kB\u000aBuffers:           15272 kB\u000aCached:           460544 kB\u000aSwapCached:            0 kB\u000aActive:            92740 kB\u000aInactive:         444584 kB\u000aActive(anon):      61500 kB\u000aInactive(anon):      216 kB\u000aActive(file):      31240 kB\u000aInactive(file):   444368 kB\u000aUnevictable:           0 kB\u000aMlocked:               0 kB\u000aSwapTotal:             0 kB\u000aSwapFree:              0 kB\u000aDirty:               124 kB\u000aWriteback:             0 kB\u000aAnonPages:         61496 kB\u000aMapped:            34908 kB\u000aShmem:               220 kB\u000aSlab:              42980 kB\u000aSReclaimable:      32848 kB\u000aSUnreclaim:        10132 kB\u000aKernelStack:        1152 kB\u000aPageTables:         1324 kB\u000aNFS_Unstable:          0 kB\u000aBounce:                0 kB\u000aWritebackTmp:          0 kB\u000aCommitLimit:      858592 kB\u000aCommitted_AS:     253568 kB\u000aVmallocTotal:   34359738367 kB\u000aVmallocUsed:           0 kB\u000aVmallocChunk:          0 kB\u000aAnonHugePages:         0 kB\u000aShmemHugePages:        0 kB\u000aShmemPmdMapped:        0 kB\u000aHugePages_Total:       0\u000aHugePages_Free:        0\u000aHugePages_Rsvd:        0\u000aHugePages_Surp:        0\u000aHugepagesize:       2048 kB\u000aDirectMap4k:       21504 kB\u000aDirectMap2M:     1740800 kB\u000a
p356
ssVstatus_key
p357
Vpywren.jobs/03c5f4d6-5dd2-4896-a627-fa42a24ea072/00007/status.json
p358
sVend_time
p359
F1609050001.6610551
sVlog_group_name
p360
V/aws/lambda/pywren_redis_2
p361
sVdata_key
p362
Vpywren.jobs/03c5f4d6-5dd2-4896-a627-fa42a24ea072/aggdata.pickle
p363
sa(dp364
Vcallset_id
p365
V03c5f4d6-5dd2-4896-a627-fa42a24ea072
p366
sVlog_stream_name
p367
V2020/12/27/[$LATEST]b7895f0eea024f88b5fb9d60697af495
p368
sVstdout
p369
V
sVfunc_key
p370
Vpywren.jobs/03c5f4d6-5dd2-4896-a627-fa42a24ea072/func.pickle
p371
sVfree_disk_bytes
p372
I538333184
sVruntime_cached
p373
I00
sVretcode
p374
I0
sVcall_id
p375
V00008
p376
sVoutput_key
p377
Vpywren.jobs/03c5f4d6-5dd2-4896-a627-fa42a24ea072/00008/output.pickle
p378
sVruntime_s3_key_used
p379
V61a2a1-pywren.runtimes/default_2.7.tar.gz.0050
p380
sVaws_request_id
p381
V3ba61d07-d908-4687-aa37-71191c0912fc
p382
sVexec_time
p383
F42.240908145904541
sVstart_time
p384
F1609049952.2882969
sVsetup_time
p385
F6.897212028503418
sVruntime_s3_bucket_used
p386
Vpywren-runtimes-public-us-west-2
p387
sVexception
p388
NsVhost_submit_time
p389
F1609049951.590034
sVserver_info
p390
(dp391
Vuname
p392
V('Linux', '169.254.1.165', '4.14.203-112.332.amzn2.x86_64', '#1 SMP Wed Nov 4 20:46:34 UTC 2020', 'x86_64', 'x86_64')
p393
sV/proc/self/cgroup
p394
VMemTotal:        1717184 kB\u000aMemFree:         1123464 kB\u000aMemAvailable:    1485832 kB\u000aBuffers:           14388 kB\u000aCached:           462336 kB\u000aSwapCached:            0 kB\u000aActive:            91924 kB\u000aInactive:         446248 kB\u000aActive(anon):      61440 kB\u000aInactive(anon):      216 kB\u000aActive(file):      30484 kB\u000aInactive(file):   446032 kB\u000aUnevictable:           0 kB\u000aMlocked:               0 kB\u000aSwapTotal:             0 kB\u000aSwapFree:              0 kB\u000aDirty:               288 kB\u000aWriteback:             0 kB\u000aAnonPages:         61436 kB\u000aMapped:            34404 kB\u000aShmem:               220 kB\u000aSlab:              42820 kB\u000aSReclaimable:      32720 kB\u000aSUnreclaim:        10100 kB\u000aKernelStack:        1160 kB\u000aPageTables:         1312 kB\u000aNFS_Unstable:          0 kB\u000aBounce:                0 kB\u000aWritebackTmp:          0 kB\u000aCommitLimit:      858592 kB\u000aCommitted_AS:     253536 kB\u000aVmallocTotal:   34359738367 kB\u000aVmallocUsed:           0 kB\u000aVmallocChunk:          0 kB\u000aAnonHugePages:         0 kB\u000aShmemHugePages:        0 kB\u000aShmemPmdMapped:        0 kB\u000aHugePages_Total:       0\u000aHugePages_Free:        0\u000aHugePages_Rsvd:        0\u000aHugePages_Surp:        0\u000aHugepagesize:       2048 kB\u000aDirectMap4k:       21504 kB\u000aDirectMap2M:     1740800 kB\u000a
p395
sV/proc/cgroups
p396
V#subsys_name	hierarchy	num_cgroups	enabled\u000acpuset	5	1	1\u000acpu	3	5	1\u000acpuacct	3	5	1\u000ablkio	10	1	1\u000amemory	9	5	1\u000adevices	4	1	1\u000afreezer	7	2	1\u000anet_cls	6	1	1\u000aperf_event	2	1	1\u000anet_prio	6	1	1\u000ahugetlb	11	1	1\u000apids	8	1	1\u000a
p397
sV/proc/cpuinfo
p398
Vprocessor	: 0\u000avendor_id	: GenuineIntel\u000acpu family	: 6\u000amodel		: 63\u000amodel name	: Intel(R) Xeon(R) Processor @ 2.50GHz\u000astepping	: 2\u000amicrocode	: 0x1\u000acpu MHz		: 2500.008\u000acache size	: 33792 KB\u000aphysical id	: 0\u000asiblings	: 2\u000acore id		: 0\u000acpu cores	: 2\u000aapicid		: 0\u000ainitial apicid	: 0\u000afpu		: yes\u000afpu_exception	: yes\u000acpuid level	: 13\u000awp		: yes\u000aflags		: fpu vme de pse tsc msr pae mce cx8 apic sep mtrr pge mca cmov pat pse36 clflush mmx fxsr sse sse2 ht syscall nx rdtscp lm constant_tsc rep_good nopl xtopology nonstop_tsc cpuid tsc_known_freq pni pclmulqdq ssse3 fma cx16 pcid sse4_1 sse4_2 x2apic movbe popcnt tsc_deadline_timer aes xsave avx f16c rdrand hypervisor lahf_lm abm cpuid_fault invpcid_single pti ssbd ibrs ibpb stibp fsgsbase tsc_adjust bmi1 avx2 smep bmi2 erms invpcid smap xsaveopt arat md_clear arch_capabilities\u000abugs		: cpu_meltdown spectre_v1 spectre_v2 spec_store_bypass l1tf mds swapgs\u000abogomips	: 5000.01\u000aclflush size	: 64\u000acache_alignment	: 64\u000aaddress sizes	: 46 bits physical, 48 bits virtual\u000apower management:\u000a\u000aprocessor	: 1\u000avendor_id	: GenuineIntel\u000acpu family	: 6\u000amodel		: 63\u000amodel name	: Intel(R) Xeon(R) Processor @ 2.50GHz\u000astepping	: 2\u000amicrocode	: 0x1\u000acpu MHz		: 2500.008\u000acache size	: 33792 KB\u000aphysical id	: 0\u000asiblings	: 2\u000acore id		: 1\u000acpu cores	: 2\u000aapicid		: 1\u000ainitial apicid	: 1\u000afpu		: yes\u000afpu_exception	: yes\u000acpuid level	: 13\u000awp		: yes\u000aflags		: fpu vme de pse tsc msr pae mce cx8 apic sep mtrr pge mca cmov pat pse36 clflush mmx fxsr sse sse2 ht syscall nx rdtscp lm constant_tsc rep_good nopl xtopology nonstop_tsc cpuid tsc_known_freq pni pclmulqdq ssse3 fma cx16 pcid sse4_1 sse4_2 x2apic movbe popcnt tsc_deadline_timer aes xsave avx f16c rdrand hypervisor lahf_lm abm cpuid_fault invpcid_single pti ssbd ibrs ibpb stibp fsgsbase tsc_adjust bmi1 avx2 smep bmi2 erms invpcid smap xsaveopt arat md_clear arch_capabilities\u000abugs		: cpu_meltdown spectre_v1 spectre_v2 spec_store_bypass l1tf mds swapgs\u000abogomips	: 5000.01\u000aclflush size	: 64\u000acache_alignment	: 64\u000aaddress sizes	: 46 bits physical, 48 bits virtual\u000apower management:\u000a\u000a
p399
sV/proc/meminfo
p400
VMemTotal:        1717184 kB\u000aMemFree:         1123464 kB\u000aMemAvailable:    1485832 kB\u000aBuffers:           14388 kB\u000aCached:           462336 kB\u000aSwapCached:            0 kB\u000aActive:            91924 kB\u000aInactive:         446248 kB\u000aActive(anon):      61440 kB\u000aInactive(anon):      216 kB\u000aActive(file):      30484 kB\u000aInactive(file):   446032 kB\u000aUnevictable:           0 kB\u000aMlocked:               0 kB\u000aSwapTotal:             0 kB\u000aSwapFree:              0 kB\u000aDirty:               288 kB\u000aWriteback:             0 kB\u000aAnonPages:         61436 kB\u000aMapped:            34404 kB\u000aShmem:               220 kB\u000aSlab:              42820 kB\u000aSReclaimable:      32720 kB\u000aSUnreclaim:        10100 kB\u000aKernelStack:        1160 kB\u000aPageTables:         1312 kB\u000aNFS_Unstable:          0 kB\u000aBounce:                0 kB\u000aWritebackTmp:          0 kB\u000aCommitLimit:      858592 kB\u000aCommitted_AS:     253536 kB\u000aVmallocTotal:   34359738367 kB\u000aVmallocUsed:           0 kB\u000aVmallocChunk:          0 kB\u000aAnonHugePages:         0 kB\u000aShmemHugePages:        0 kB\u000aShmemPmdMapped:        0 kB\u000aHugePages_Total:       0\u000aHugePages_Free:        0\u000aHugePages_Rsvd:        0\u000aHugePages_Surp:        0\u000aHugepagesize:       2048 kB\u000aDirectMap4k:       21504 kB\u000aDirectMap2M:     1740800 kB\u000a
p401
ssVstatus_key
p402
Vpywren.jobs/03c5f4d6-5dd2-4896-a627-fa42a24ea072/00008/status.json
p403
sVend_time
p404
F1609050001.4264109
sVlog_group_name
p405
V/aws/lambda/pywren_redis_2
p406
sVdata_key
p407
Vpywren.jobs/03c5f4d6-5dd2-4896-a627-fa42a24ea072/aggdata.pickle
p408
sa(dp409
Vcallset_id
p410
V03c5f4d6-5dd2-4896-a627-fa42a24ea072
p411
sVlog_stream_name
p412
V2020/12/27/[$LATEST]733fcbb6adfa41e28206c833ce9e604b
p413
sVstdout
p414
V
sVfunc_key
p415
Vpywren.jobs/03c5f4d6-5dd2-4896-a627-fa42a24ea072/func.pickle
p416
sVfree_disk_bytes
p417
I538333184
sVruntime_cached
p418
I00
sVretcode
p419
I0
sVcall_id
p420
V00009
p421
sVoutput_key
p422
Vpywren.jobs/03c5f4d6-5dd2-4896-a627-fa42a24ea072/00009/output.pickle
p423
sVruntime_s3_key_used
p424
V7da364-pywren.runtimes/default_2.7.tar.gz.0055
p425
sVaws_request_id
p426
V74162cba-ca3d-4264-81aa-184d9bbab8fa
p427
sVexec_time
p428
F42.765935897827148
sVstart_time
p429
F1609049952.4441531
sVsetup_time
p430
F7.1719169616699219
sVruntime_s3_bucket_used
p431
Vpywren-runtimes-public-us-west-2
p432
sVexception
p433
NsVhost_submit_time
p434
F1609049951.594943
sVserver_info
p435
(dp436
Vuname
p437
V('Linux', '169.254.111.173', '4.14.203-112.332.amzn2.x86_64', '#1 SMP Wed Nov 4 20:46:34 UTC 2020', 'x86_64', 'x86_64')
p438
sV/proc/self/cgroup
p439
VMemTotal:        1717184 kB\u000aMemFree:         1120104 kB\u000aMemAvailable:    1486472 kB\u000aBuffers:           16808 kB\u000aCached:           463908 kB\u000aSwapCached:            0 kB\u000aActive:            94384 kB\u000aInactive:         447456 kB\u000aActive(anon):      61116 kB\u000aInactive(anon):      216 kB\u000aActive(file):      33268 kB\u000aInactive(file):   447240 kB\u000aUnevictable:           0 kB\u000aMlocked:               0 kB\u000aSwapTotal:             0 kB\u000aSwapFree:              0 kB\u000aDirty:               148 kB\u000aWriteback:             0 kB\u000aAnonPages:         61112 kB\u000aMapped:            35356 kB\u000aShmem:               220 kB\u000aSlab:              42724 kB\u000aSReclaimable:      32732 kB\u000aSUnreclaim:         9992 kB\u000aKernelStack:        1152 kB\u000aPageTables:         1332 kB\u000aNFS_Unstable:          0 kB\u000aBounce:                0 kB\u000aWritebackTmp:          0 kB\u000aCommitLimit:      858592 kB\u000aCommitted_AS:     253812 kB\u000aVmallocTotal:   34359738367 kB\u000aVmallocUsed:           0 kB\u000aVmallocChunk:          0 kB\u000aAnonHugePages:         0 kB\u000aShmemHugePages:        0 kB\u000aShmemPmdMapped:        0 kB\u000aHugePages_Total:       0\u000aHugePages_Free:        0\u000aHugePages_Rsvd:        0\u000aHugePages_Surp:        0\u000aHugepagesize:       2048 kB\u000aDirectMap4k:       21504 kB\u000aDirectMap2M:     1740800 kB\u000a
p440
sV/proc/cgroups
p441
V#subsys_name	hierarchy	num_cgroups	enabled\u000acpuset	7	1	1\u000acpu	3	5	1\u000acpuacct	3	5	1\u000ablkio	6	1	1\u000amemory	2	5	1\u000adevices	8	1	1\u000afreezer	5	2	1\u000anet_cls	4	1	1\u000aperf_event	11	1	1\u000anet_prio	4	1	1\u000ahugetlb	10	1	1\u000apids	9	1	1\u000a
p442
sV/proc/cpuinfo
p443
Vprocessor	: 0\u000avendor_id	: GenuineIntel\u000acpu family	: 6\u000amodel		: 63\u000amodel name	: Intel(R) Xeon(R) Processor @ 2.50GHz\u000astepping	: 2\u000amicrocode	: 0x1\u000acpu MHz		: 2499.994\u000acache size	: 33792 KB\u000aphysical id	: 0\u000asiblings	: 2\u000acore id		: 0\u000acpu cores	: 2\u000aapicid		: 0\u000ainitial apicid	: 0\u000afpu		: yes\u000afpu_exception	: yes\u000acpuid level	: 13\u000awp		: yes\u000aflags		: fpu vme de pse tsc msr pae mce cx8 apic sep mtrr pge mca cmov pat pse36 clflush mmx fxsr sse sse2 ht syscall nx rdtscp lm constant_tsc rep_good nopl xtopology nonstop_tsc cpuid tsc_known_freq pni pclmulqdq ssse3 fma cx16 pcid sse4_1 sse4_2 x2apic movbe popcnt tsc_deadline_timer aes xsave avx f16c rdrand hypervisor lahf_lm abm cpuid_fault invpcid_single pti ssbd ibrs ibpb stibp fsgsbase tsc_adjust bmi1 avx2 smep bmi2 erms invpcid smap xsaveopt arat md_clear arch_capabilities\u000abugs		: cpu_meltdown spectre_v1 spectre_v2 spec_store_bypass l1tf mds swapgs\u000abogomips	: 4999.98\u000aclflush size	: 64\u000acache_alignment	: 64\u000aaddress sizes	: 46 bits physical, 48 bits virtual\u000apower management:\u000a\u000aprocessor	: 1\u000avendor_id	: GenuineIntel\u000acpu family	: 6\u000amodel		: 63\u000amodel name	: Intel(R) Xeon(R) Processor @ 2.50GHz\u000astepping	: 2\u000amicrocode	: 0x1\u000acpu MHz		: 2499.994\u000acache size	: 33792 KB\u000aphysical id	: 0\u000asiblings	: 2\u000acore id		: 1\u000acpu cores	: 2\u000aapicid		: 1\u000ainitial apicid	: 1\u000afpu		: yes\u000afpu_exception	: yes\u000acpuid level	: 13\u000awp		: yes\u000aflags		: fpu vme de pse tsc msr pae mce cx8 apic sep mtrr pge mca cmov pat pse36 clflush mmx fxsr sse sse2 ht syscall nx rdtscp lm constant_tsc rep_good nopl xtopology nonstop_tsc cpuid tsc_known_freq pni pclmulqdq ssse3 fma cx16 pcid sse4_1 sse4_2 x2apic movbe popcnt tsc_deadline_timer aes xsave avx f16c rdrand hypervisor lahf_lm abm cpuid_fault invpcid_single pti ssbd ibrs ibpb stibp fsgsbase tsc_adjust bmi1 avx2 smep bmi2 erms invpcid smap xsaveopt arat md_clear arch_capabilities\u000abugs		: cpu_meltdown spectre_v1 spectre_v2 spec_store_bypass l1tf mds swapgs\u000abogomips	: 4999.98\u000aclflush size	: 64\u000acache_alignment	: 64\u000aaddress sizes	: 46 bits physical, 48 bits virtual\u000apower management:\u000a\u000a
p444
sV/proc/meminfo
p445
VMemTotal:        1717184 kB\u000aMemFree:         1120104 kB\u000aMemAvailable:    1486472 kB\u000aBuffers:           16808 kB\u000aCached:           463908 kB\u000aSwapCached:            0 kB\u000aActive:            94384 kB\u000aInactive:         447456 kB\u000aActive(anon):      61116 kB\u000aInactive(anon):      216 kB\u000aActive(file):      33268 kB\u000aInactive(file):   447240 kB\u000aUnevictable:           0 kB\u000aMlocked:               0 kB\u000aSwapTotal:             0 kB\u000aSwapFree:              0 kB\u000aDirty:               148 kB\u000aWriteback:             0 kB\u000aAnonPages:         61112 kB\u000aMapped:            35356 kB\u000aShmem:               220 kB\u000aSlab:              42724 kB\u000aSReclaimable:      32732 kB\u000aSUnreclaim:         9992 kB\u000aKernelStack:        1152 kB\u000aPageTables:         1332 kB\u000aNFS_Unstable:          0 kB\u000aBounce:                0 kB\u000aWritebackTmp:          0 kB\u000aCommitLimit:      858592 kB\u000aCommitted_AS:     253812 kB\u000aVmallocTotal:   34359738367 kB\u000aVmallocUsed:           0 kB\u000aVmallocChunk:          0 kB\u000aAnonHugePages:         0 kB\u000aShmemHugePages:        0 kB\u000aShmemPmdMapped:        0 kB\u000aHugePages_Total:       0\u000aHugePages_Free:        0\u000aHugePages_Rsvd:        0\u000aHugePages_Surp:        0\u000aHugepagesize:       2048 kB\u000aDirectMap4k:       21504 kB\u000aDirectMap2M:     1740800 kB\u000a
p446
ssVstatus_key
p447
Vpywren.jobs/03c5f4d6-5dd2-4896-a627-fa42a24ea072/00009/status.json
p448
sVend_time
p449
F1609050002.381999
sVlog_group_name
p450
V/aws/lambda/pywren_redis_2
p451
sVdata_key
p452
Vpywren.jobs/03c5f4d6-5dd2-4896-a627-fa42a24ea072/aggdata.pickle
p453
sa(dp454
Vcallset_id
p455
V03c5f4d6-5dd2-4896-a627-fa42a24ea072
p456
sVlog_stream_name
p457
V2020/12/27/[$LATEST]41327728a4a44e249d0fcfbf8b32fa81
p458
sVstdout
p459
V
sVfunc_key
p460
Vpywren.jobs/03c5f4d6-5dd2-4896-a627-fa42a24ea072/func.pickle
p461
sVfree_disk_bytes
p462
I538333184
sVruntime_cached
p463
I00
sVretcode
p464
I0
sVcall_id
p465
V00010
p466
sVoutput_key
p467
Vpywren.jobs/03c5f4d6-5dd2-4896-a627-fa42a24ea072/00010/output.pickle
p468
sVruntime_s3_key_used
p469
V063896-pywren.runtimes/default_2.7.tar.gz.0042
p470
sVaws_request_id
p471
V1201a47f-9f30-4bb2-8672-8d7944005dc6
p472
sVexec_time
p473
F42.274447202682495
sVstart_time
p474
F1609049952.3516519
sVsetup_time
p475
F6.9366099834442139
sVruntime_s3_bucket_used
p476
Vpywren-runtimes-public-us-west-2
p477
sVexception
p478
NsVhost_submit_time
p479
F1609049951.6062231
sVserver_info
p480
(dp481
Vuname
p482
V('Linux', '169.254.104.141', '4.14.203-112.332.amzn2.x86_64', '#1 SMP Wed Nov 4 20:46:34 UTC 2020', 'x86_64', 'x86_64')
p483
sV/proc/self/cgroup
p484
VMemTotal:        1717184 kB\u000aMemFree:         1119448 kB\u000aMemAvailable:    1485920 kB\u000aBuffers:           17424 kB\u000aCached:           463284 kB\u000aSwapCached:            0 kB\u000aActive:            94280 kB\u000aInactive:         447400 kB\u000aActive(anon):      60968 kB\u000aInactive(anon):      216 kB\u000aActive(file):      33312 kB\u000aInactive(file):   447184 kB\u000aUnevictable:           0 kB\u000aMlocked:               0 kB\u000aSwapTotal:             0 kB\u000aSwapFree:              0 kB\u000aDirty:               356 kB\u000aWriteback:             0 kB\u000aAnonPages:         60976 kB\u000aMapped:            35300 kB\u000aShmem:               220 kB\u000aSlab:              43392 kB\u000aSReclaimable:      32968 kB\u000aSUnreclaim:        10424 kB\u000aKernelStack:        1176 kB\u000aPageTables:         1388 kB\u000aNFS_Unstable:          0 kB\u000aBounce:                0 kB\u000aWritebackTmp:          0 kB\u000aCommitLimit:      858592 kB\u000aCommitted_AS:     253604 kB\u000aVmallocTotal:   34359738367 kB\u000aVmallocUsed:           0 kB\u000aVmallocChunk:          0 kB\u000aAnonHugePages:         0 kB\u000aShmemHugePages:        0 kB\u000aShmemPmdMapped:        0 kB\u000aHugePages_Total:       0\u000aHugePages_Free:        0\u000aHugePages_Rsvd:        0\u000aHugePages_Surp:        0\u000aHugepagesize:       2048 kB\u000aDirectMap4k:       21504 kB\u000aDirectMap2M:     1740800 kB\u000a
p485
sV/proc/cgroups
p486
V#subsys_name	hierarchy	num_cgroups	enabled\u000acpuset	5	1	1\u000acpu	6	5	1\u000acpuacct	6	5	1\u000ablkio	2	1	1\u000amemory	4	5	1\u000adevices	8	1	1\u000afreezer	9	2	1\u000anet_cls	3	1	1\u000aperf_event	10	1	1\u000anet_prio	3	1	1\u000ahugetlb	11	1	1\u000apids	7	1	1\u000a
p487
sV/proc/cpuinfo
p488
Vprocessor	: 0\u000avendor_id	: GenuineIntel\u000acpu family	: 6\u000amodel		: 63\u000amodel name	: Intel(R) Xeon(R) Processor @ 2.50GHz\u000astepping	: 2\u000amicrocode	: 0x1\u000acpu MHz		: 2500.014\u000acache size	: 36608 KB\u000aphysical id	: 0\u000asiblings	: 2\u000acore id		: 0\u000acpu cores	: 2\u000aapicid		: 0\u000ainitial apicid	: 0\u000afpu		: yes\u000afpu_exception	: yes\u000acpuid level	: 13\u000awp		: yes\u000aflags		: fpu vme de pse tsc msr pae mce cx8 apic sep mtrr pge mca cmov pat pse36 clflush mmx fxsr sse sse2 ht syscall nx rdtscp lm constant_tsc rep_good nopl xtopology nonstop_tsc cpuid tsc_known_freq pni pclmulqdq ssse3 fma cx16 pcid sse4_1 sse4_2 x2apic movbe popcnt tsc_deadline_timer aes xsave avx f16c rdrand hypervisor lahf_lm abm cpuid_fault invpcid_single ssbd ibrs ibpb stibp ibrs_enhanced fsgsbase tsc_adjust bmi1 avx2 smep bmi2 erms invpcid smap xsaveopt arat md_clear arch_capabilities\u000abugs		: spectre_v1 spectre_v2 spec_store_bypass swapgs\u000abogomips	: 5000.02\u000aclflush size	: 64\u000acache_alignment	: 64\u000aaddress sizes	: 46 bits physical, 48 bits virtual\u000apower management:\u000a\u000aprocessor	: 1\u000avendor_id	: GenuineIntel\u000acpu family	: 6\u000amodel		: 63\u000amodel name	: Intel(R) Xeon(R) Processor @ 2.50GHz\u000astepping	: 2\u000amicrocode	: 0x1\u000acpu MHz		: 2500.014\u000acache size	: 36608 KB\u000aphysical id	: 0\u000asiblings	: 2\u000acore id		: 1\u000acpu cores	: 2\u000aapicid		: 1\u000ainitial apicid	: 1\u000afpu		: yes\u000afpu_exception	: yes\u000acpuid level	: 13\u000awp		: yes\u000aflags		: fpu vme de pse tsc msr pae mce cx8 apic sep mtrr pge mca cmov pat pse36 clflush mmx fxsr sse sse2 ht syscall nx rdtscp lm constant_tsc rep_good nopl xtopology nonstop_tsc cpuid tsc_known_freq pni pclmulqdq ssse3 fma cx16 pcid sse4_1 sse4_2 x2apic movbe popcnt tsc_deadline_timer aes xsave avx f16c rdrand hypervisor lahf_lm abm cpuid_fault invpcid_single ssbd ibrs ibpb stibp ibrs_enhanced fsgsbase tsc_adjust bmi1 avx2 smep bmi2 erms invpcid smap xsaveopt arat md_clear arch_capabilities\u000abugs		: spectre_v1 spectre_v2 spec_store_bypass swapgs\u000abogomips	: 5000.02\u000aclflush size	: 64\u000acache_alignment	: 64\u000aaddress sizes	: 46 bits physical, 48 bits virtual\u000apower management:\u000a\u000a
p489
sV/proc/meminfo
p490
VMemTotal:        1717184 kB\u000aMemFree:         1119448 kB\u000aMemAvailable:    1485920 kB\u000aBuffers:           17424 kB\u000aCached:           463284 kB\u000aSwapCached:            0 kB\u000aActive:            94280 kB\u000aInactive:         447400 kB\u000aActive(anon):      60968 kB\u000aInactive(anon):      216 kB\u000aActive(file):      33312 kB\u000aInactive(file):   447184 kB\u000aUnevictable:           0 kB\u000aMlocked:               0 kB\u000aSwapTotal:             0 kB\u000aSwapFree:              0 kB\u000aDirty:               356 kB\u000aWriteback:             0 kB\u000aAnonPages:         60976 kB\u000aMapped:            35300 kB\u000aShmem:               220 kB\u000aSlab:              43392 kB\u000aSReclaimable:      32968 kB\u000aSUnreclaim:        10424 kB\u000aKernelStack:        1176 kB\u000aPageTables:         1388 kB\u000aNFS_Unstable:          0 kB\u000aBounce:                0 kB\u000aWritebackTmp:          0 kB\u000aCommitLimit:      858592 kB\u000aCommitted_AS:     253604 kB\u000aVmallocTotal:   34359738367 kB\u000aVmallocUsed:           0 kB\u000aVmallocChunk:          0 kB\u000aAnonHugePages:         0 kB\u000aShmemHugePages:        0 kB\u000aShmemPmdMapped:        0 kB\u000aHugePages_Total:       0\u000aHugePages_Free:        0\u000aHugePages_Rsvd:        0\u000aHugePages_Surp:        0\u000aHugepagesize:       2048 kB\u000aDirectMap4k:       21504 kB\u000aDirectMap2M:     1740800 kB\u000a
p491
ssVstatus_key
p492
Vpywren.jobs/03c5f4d6-5dd2-4896-a627-fa42a24ea072/00010/status.json
p493
sVend_time
p494
F1609050001.5627019
sVlog_group_name
p495
V/aws/lambda/pywren_redis_2
p496
sVdata_key
p497
Vpywren.jobs/03c5f4d6-5dd2-4896-a627-fa42a24ea072/aggdata.pickle
p498
sa(dp499
Vcallset_id
p500
V03c5f4d6-5dd2-4896-a627-fa42a24ea072
p501
sVlog_stream_name
p502
V2020/12/27/[$LATEST]b08ad8c187d744878f81156747e8b83a
p503
sVstdout
p504
V
sVfunc_key
p505
Vpywren.jobs/03c5f4d6-5dd2-4896-a627-fa42a24ea072/func.pickle
p506
sVfree_disk_bytes
p507
I538333184
sVruntime_cached
p508
I00
sVretcode
p509
I0
sVcall_id
p510
V00011
p511
sVoutput_key
p512
Vpywren.jobs/03c5f4d6-5dd2-4896-a627-fa42a24ea072/00011/output.pickle
p513
sVruntime_s3_key_used
p514
V6fb970-pywren.runtimes/default_2.7.tar.gz.0026
p515
sVaws_request_id
p516
V8fe72b0e-9a5c-4634-9e2f-53b94596cb9d
p517
sVexec_time
p518
F42.201586008071899
sVstart_time
p519
F1609049952.386745
sVsetup_time
p520
F7.1552510261535645
sVruntime_s3_bucket_used
p521
Vpywren-runtimes-public-us-west-2
p522
sVexception
p523
NsVhost_submit_time
p524
F1609049951.6130259
sVserver_info
p525
(dp526
Vuname
p527
V('Linux', '169.254.129.61', '4.14.203-112.332.amzn2.x86_64', '#1 SMP Wed Nov 4 20:46:34 UTC 2020', 'x86_64', 'x86_64')
p528
sV/proc/self/cgroup
p529
VMemTotal:        1717184 kB\u000aMemFree:         1118252 kB\u000aMemAvailable:    1486008 kB\u000aBuffers:           17864 kB\u000aCached:           464224 kB\u000aSwapCached:            0 kB\u000aActive:            95784 kB\u000aInactive:         447740 kB\u000aActive(anon):      61428 kB\u000aInactive(anon):      216 kB\u000aActive(file):      34356 kB\u000aInactive(file):   447524 kB\u000aUnevictable:           0 kB\u000aMlocked:               0 kB\u000aSwapTotal:             0 kB\u000aSwapFree:              0 kB\u000aDirty:               368 kB\u000aWriteback:             0 kB\u000aAnonPages:         61424 kB\u000aMapped:            35404 kB\u000aShmem:               220 kB\u000aSlab:              43092 kB\u000aSReclaimable:      32764 kB\u000aSUnreclaim:        10328 kB\u000aKernelStack:        1152 kB\u000aPageTables:         1336 kB\u000aNFS_Unstable:          0 kB\u000aBounce:                0 kB\u000aWritebackTmp:          0 kB\u000aCommitLimit:      858592 kB\u000aCommitted_AS:     251664 kB\u000aVmallocTotal:   34359738367 kB\u000aVmallocUsed:           0 kB\u000aVmallocChunk:          0 kB\u000aAnonHugePages:         0 kB\u000aShmemHugePages:        0 kB\u000aShmemPmdMapped:        0 kB\u000aHugePages_Total:       0\u000aHugePages_Free:        0\u000aHugePages_Rsvd:        0\u000aHugePages_Surp:        0\u000aHugepagesize:       2048 kB\u000aDirectMap4k:       21504 kB\u000aDirectMap2M:     1740800 kB\u000a
p530
sV/proc/cgroups
p531
V#subsys_name	hierarchy	num_cgroups	enabled\u000acpuset	10	1	1\u000acpu	6	5	1\u000acpuacct	6	5	1\u000ablkio	4	1	1\u000amemory	5	5	1\u000adevices	8	1	1\u000afreezer	9	2	1\u000anet_cls	3	1	1\u000aperf_event	11	1	1\u000anet_prio	3	1	1\u000ahugetlb	2	1	1\u000apids	7	1	1\u000a
p532
sV/proc/cpuinfo
p533
Vprocessor	: 0\u000avendor_id	: GenuineIntel\u000acpu family	: 6\u000amodel		: 63\u000amodel name	: Intel(R) Xeon(R) Processor @ 2.50GHz\u000astepping	: 2\u000amicrocode	: 0x1\u000acpu MHz		: 2500.014\u000acache size	: 36608 KB\u000aphysical id	: 0\u000asiblings	: 2\u000acore id		: 0\u000acpu cores	: 2\u000aapicid		: 0\u000ainitial apicid	: 0\u000afpu		: yes\u000afpu_exception	: yes\u000acpuid level	: 13\u000awp		: yes\u000aflags		: fpu vme de pse tsc msr pae mce cx8 apic sep mtrr pge mca cmov pat pse36 clflush mmx fxsr sse sse2 ht syscall nx rdtscp lm constant_tsc rep_good nopl xtopology nonstop_tsc cpuid tsc_known_freq pni pclmulqdq ssse3 fma cx16 pcid sse4_1 sse4_2 x2apic movbe popcnt tsc_deadline_timer aes xsave avx f16c rdrand hypervisor lahf_lm abm cpuid_fault invpcid_single ssbd ibrs ibpb stibp ibrs_enhanced fsgsbase tsc_adjust bmi1 avx2 smep bmi2 erms invpcid smap xsaveopt arat md_clear arch_capabilities\u000abugs		: spectre_v1 spectre_v2 spec_store_bypass swapgs\u000abogomips	: 5000.02\u000aclflush size	: 64\u000acache_alignment	: 64\u000aaddress sizes	: 46 bits physical, 48 bits virtual\u000apower management:\u000a\u000aprocessor	: 1\u000avendor_id	: GenuineIntel\u000acpu family	: 6\u000amodel		: 63\u000amodel name	: Intel(R) Xeon(R) Processor @ 2.50GHz\u000astepping	: 2\u000amicrocode	: 0x1\u000acpu MHz		: 2500.014\u000acache size	: 36608 KB\u000aphysical id	: 0\u000asiblings	: 2\u000acore id		: 1\u000acpu cores	: 2\u000aapicid		: 1\u000ainitial apicid	: 1\u000afpu		: yes\u000afpu_exception	: yes\u000acpuid level	: 13\u000awp		: yes\u000aflags		: fpu vme de pse tsc msr pae mce cx8 apic sep mtrr pge mca cmov pat pse36 clflush mmx fxsr sse sse2 ht syscall nx rdtscp lm constant_tsc rep_good nopl xtopology nonstop_tsc cpuid tsc_known_freq pni pclmulqdq ssse3 fma cx16 pcid sse4_1 sse4_2 x2apic movbe popcnt tsc_deadline_timer aes xsave avx f16c rdrand hypervisor lahf_lm abm cpuid_fault invpcid_single ssbd ibrs ibpb stibp ibrs_enhanced fsgsbase tsc_adjust bmi1 avx2 smep bmi2 erms invpcid smap xsaveopt arat md_clear arch_capabilities\u000abugs		: spectre_v1 spectre_v2 spec_store_bypass swapgs\u000abogomips	: 5000.02\u000aclflush size	: 64\u000acache_alignment	: 64\u000aaddress sizes	: 46 bits physical, 48 bits virtual\u000apower management:\u000a\u000a
p534
sV/proc/meminfo
p535
VMemTotal:        1717184 kB\u000aMemFree:         1118252 kB\u000aMemAvailable:    1486008 kB\u000aBuffers:           17864 kB\u000aCached:           464224 kB\u000aSwapCached:            0 kB\u000aActive:            95784 kB\u000aInactive:         447740 kB\u000aActive(anon):      61428 kB\u000aInactive(anon):      216 kB\u000aActive(file):      34356 kB\u000aInactive(file):   447524 kB\u000aUnevictable:           0 kB\u000aMlocked:               0 kB\u000aSwapTotal:             0 kB\u000aSwapFree:              0 kB\u000aDirty:               368 kB\u000aWriteback:             0 kB\u000aAnonPages:         61424 kB\u000aMapped:            35404 kB\u000aShmem:               220 kB\u000aSlab:              43092 kB\u000aSReclaimable:      32764 kB\u000aSUnreclaim:        10328 kB\u000aKernelStack:        1152 kB\u000aPageTables:         1336 kB\u000aNFS_Unstable:          0 kB\u000aBounce:                0 kB\u000aWritebackTmp:          0 kB\u000aCommitLimit:      858592 kB\u000aCommitted_AS:     251664 kB\u000aVmallocTotal:   34359738367 kB\u000aVmallocUsed:           0 kB\u000aVmallocChunk:          0 kB\u000aAnonHugePages:         0 kB\u000aShmemHugePages:        0 kB\u000aShmemPmdMapped:        0 kB\u000aHugePages_Total:       0\u000aHugePages_Free:        0\u000aHugePages_Rsvd:        0\u000aHugePages_Surp:        0\u000aHugepagesize:       2048 kB\u000aDirectMap4k:       21504 kB\u000aDirectMap2M:     1740800 kB\u000a
p536
ssVstatus_key
p537
Vpywren.jobs/03c5f4d6-5dd2-4896-a627-fa42a24ea072/00011/status.json
p538
sVend_time
p539
F1609050001.743576
sVlog_group_name
p540
V/aws/lambda/pywren_redis_2
p541
sVdata_key
p542
Vpywren.jobs/03c5f4d6-5dd2-4896-a627-fa42a24ea072/aggdata.pickle
p543
sa(dp544
Vcallset_id
p545
V03c5f4d6-5dd2-4896-a627-fa42a24ea072
p546
sVlog_stream_name
p547
V2020/12/27/[$LATEST]a1f6c1a3bda047b3a16fdb8a74a518d2
p548
sVstdout
p549
V
sVfunc_key
p550
Vpywren.jobs/03c5f4d6-5dd2-4896-a627-fa42a24ea072/func.pickle
p551
sVfree_disk_bytes
p552
I538333184
sVruntime_cached
p553
I00
sVretcode
p554
I0
sVcall_id
p555
V00012
p556
sVoutput_key
p557
Vpywren.jobs/03c5f4d6-5dd2-4896-a627-fa42a24ea072/00012/output.pickle
p558
sVruntime_s3_key_used
p559
V6ea717-pywren.runtimes/default_2.7.tar.gz.0076
p560
sVaws_request_id
p561
Vbff72f24-f5c6-4c6a-a71c-0843a42957ed
p562
sVexec_time
p563
F42.249135971069336
sVstart_time
p564
F1609049952.3473461
sVsetup_time
p565
F6.9365348815917969
sVruntime_s3_bucket_used
p566
Vpywren-runtimes-public-us-west-2
p567
sVexception
p568
NsVhost_submit_time
p569
F1609049951.619539
sVserver_info
p570
(dp571
Vuname
p572
V('Linux', '169.254.85.229', '4.14.203-112.332.amzn2.x86_64', '#1 SMP Wed Nov 4 20:46:34 UTC 2020', 'x86_64', 'x86_64')
p573
sV/proc/self/cgroup
p574
VMemTotal:        1717184 kB\u000aMemFree:         1122404 kB\u000aMemAvailable:    1486024 kB\u000aBuffers:           17196 kB\u000aCached:           460760 kB\u000aSwapCached:            0 kB\u000aActive:            94056 kB\u000aInactive:         444976 kB\u000aActive(anon):      61076 kB\u000aInactive(anon):      216 kB\u000aActive(file):      32980 kB\u000aInactive(file):   444760 kB\u000aUnevictable:           0 kB\u000aMlocked:               0 kB\u000aSwapTotal:             0 kB\u000aSwapFree:              0 kB\u000aDirty:               356 kB\u000aWriteback:             0 kB\u000aAnonPages:         61104 kB\u000aMapped:            35012 kB\u000aShmem:               220 kB\u000aSlab:              42904 kB\u000aSReclaimable:      32776 kB\u000aSUnreclaim:        10128 kB\u000aKernelStack:        1192 kB\u000aPageTables:         1416 kB\u000aNFS_Unstable:          0 kB\u000aBounce:                0 kB\u000aWritebackTmp:          0 kB\u000aCommitLimit:      858592 kB\u000aCommitted_AS:     253604 kB\u000aVmallocTotal:   34359738367 kB\u000aVmallocUsed:           0 kB\u000aVmallocChunk:          0 kB\u000aAnonHugePages:         0 kB\u000aShmemHugePages:        0 kB\u000aShmemPmdMapped:        0 kB\u000aHugePages_Total:       0\u000aHugePages_Free:        0\u000aHugePages_Rsvd:        0\u000aHugePages_Surp:        0\u000aHugepagesize:       2048 kB\u000aDirectMap4k:       23552 kB\u000aDirectMap2M:     1738752 kB\u000a
p575
sV/proc/cgroups
p576
V#subsys_name	hierarchy	num_cgroups	enabled\u000acpuset	3	1	1\u000acpu	6	5	1\u000acpuacct	6	5	1\u000ablkio	5	1	1\u000amemory	11	5	1\u000adevices	10	1	1\u000afreezer	7	2	1\u000anet_cls	4	1	1\u000aperf_event	8	1	1\u000anet_prio	4	1	1\u000ahugetlb	9	1	1\u000apids	2	1	1\u000a
p577
sV/proc/cpuinfo
p578
Vprocessor	: 0\u000avendor_id	: GenuineIntel\u000acpu family	: 6\u000amodel		: 63\u000amodel name	: Intel(R) Xeon(R) Processor @ 2.50GHz\u000astepping	: 2\u000amicrocode	: 0x1\u000acpu MHz		: 2500.014\u000acache size	: 36608 KB\u000aphysical id	: 0\u000asiblings	: 2\u000acore id		: 0\u000acpu cores	: 2\u000aapicid		: 0\u000ainitial apicid	: 0\u000afpu		: yes\u000afpu_exception	: yes\u000acpuid level	: 13\u000awp		: yes\u000aflags		: fpu vme de pse tsc msr pae mce cx8 apic sep mtrr pge mca cmov pat pse36 clflush mmx fxsr sse sse2 ht syscall nx rdtscp lm constant_tsc rep_good nopl xtopology nonstop_tsc cpuid tsc_known_freq pni pclmulqdq ssse3 fma cx16 pcid sse4_1 sse4_2 x2apic movbe popcnt tsc_deadline_timer aes xsave avx f16c rdrand hypervisor lahf_lm abm cpuid_fault invpcid_single ssbd ibrs ibpb stibp ibrs_enhanced fsgsbase tsc_adjust bmi1 avx2 smep bmi2 erms invpcid smap xsaveopt arat md_clear arch_capabilities\u000abugs		: spectre_v1 spectre_v2 spec_store_bypass swapgs\u000abogomips	: 5000.02\u000aclflush size	: 64\u000acache_alignment	: 64\u000aaddress sizes	: 46 bits physical, 48 bits virtual\u000apower management:\u000a\u000aprocessor	: 1\u000avendor_id	: GenuineIntel\u000acpu family	: 6\u000amodel		: 63\u000amodel name	: Intel(R) Xeon(R) Processor @ 2.50GHz\u000astepping	: 2\u000amicrocode	: 0x1\u000acpu MHz		: 2500.014\u000acache size	: 36608 KB\u000aphysical id	: 0\u000asiblings	: 2\u000acore id		: 1\u000acpu cores	: 2\u000aapicid		: 1\u000ainitial apicid	: 1\u000afpu		: yes\u000afpu_exception	: yes\u000acpuid level	: 13\u000awp		: yes\u000aflags		: fpu vme de pse tsc msr pae mce cx8 apic sep mtrr pge mca cmov pat pse36 clflush mmx fxsr sse sse2 ht syscall nx rdtscp lm constant_tsc rep_good nopl xtopology nonstop_tsc cpuid tsc_known_freq pni pclmulqdq ssse3 fma cx16 pcid sse4_1 sse4_2 x2apic movbe popcnt tsc_deadline_timer aes xsave avx f16c rdrand hypervisor lahf_lm abm cpuid_fault invpcid_single ssbd ibrs ibpb stibp ibrs_enhanced fsgsbase tsc_adjust bmi1 avx2 smep bmi2 erms invpcid smap xsaveopt arat md_clear arch_capabilities\u000abugs		: spectre_v1 spectre_v2 spec_store_bypass swapgs\u000abogomips	: 5000.02\u000aclflush size	: 64\u000acache_alignment	: 64\u000aaddress sizes	: 46 bits physical, 48 bits virtual\u000apower management:\u000a\u000a
p579
sV/proc/meminfo
p580
VMemTotal:        1717184 kB\u000aMemFree:         1122404 kB\u000aMemAvailable:    1486024 kB\u000aBuffers:           17196 kB\u000aCached:           460760 kB\u000aSwapCached:            0 kB\u000aActive:            94056 kB\u000aInactive:         444976 kB\u000aActive(anon):      61076 kB\u000aInactive(anon):      216 kB\u000aActive(file):      32980 kB\u000aInactive(file):   444760 kB\u000aUnevictable:           0 kB\u000aMlocked:               0 kB\u000aSwapTotal:             0 kB\u000aSwapFree:              0 kB\u000aDirty:               356 kB\u000aWriteback:             0 kB\u000aAnonPages:         61104 kB\u000aMapped:            35012 kB\u000aShmem:               220 kB\u000aSlab:              42904 kB\u000aSReclaimable:      32776 kB\u000aSUnreclaim:        10128 kB\u000aKernelStack:        1192 kB\u000aPageTables:         1416 kB\u000aNFS_Unstable:          0 kB\u000aBounce:                0 kB\u000aWritebackTmp:          0 kB\u000aCommitLimit:      858592 kB\u000aCommitted_AS:     253604 kB\u000aVmallocTotal:   34359738367 kB\u000aVmallocUsed:           0 kB\u000aVmallocChunk:          0 kB\u000aAnonHugePages:         0 kB\u000aShmemHugePages:        0 kB\u000aShmemPmdMapped:        0 kB\u000aHugePages_Total:       0\u000aHugePages_Free:        0\u000aHugePages_Rsvd:        0\u000aHugePages_Surp:        0\u000aHugepagesize:       2048 kB\u000aDirectMap4k:       23552 kB\u000aDirectMap2M:     1738752 kB\u000a
p581
ssVstatus_key
p582
Vpywren.jobs/03c5f4d6-5dd2-4896-a627-fa42a24ea072/00012/status.json
p583
sVend_time
p584
F1609050001.53301
sVlog_group_name
p585
V/aws/lambda/pywren_redis_2
p586
sVdata_key
p587
Vpywren.jobs/03c5f4d6-5dd2-4896-a627-fa42a24ea072/aggdata.pickle
p588
sa(dp589
Vcallset_id
p590
V03c5f4d6-5dd2-4896-a627-fa42a24ea072
p591
sVlog_stream_name
p592
V2020/12/27/[$LATEST]fb549fd92b6a441bb7af53c165998d87
p593
sVstdout
p594
V
sVfunc_key
p595
Vpywren.jobs/03c5f4d6-5dd2-4896-a627-fa42a24ea072/func.pickle
p596
sVfree_disk_bytes
p597
I538333184
sVruntime_cached
p598
I00
sVretcode
p599
I0
sVcall_id
p600
V00013
p601
sVoutput_key
p602
Vpywren.jobs/03c5f4d6-5dd2-4896-a627-fa42a24ea072/00013/output.pickle
p603
sVruntime_s3_key_used
p604
V07c439-pywren.runtimes/default_2.7.tar.gz.0069
p605
sVaws_request_id
p606
V1406570b-a0e7-4c83-81d3-9c24dd967608
p607
sVexec_time
p608
F42.29613208770752
sVstart_time
p609
F1609049952.4516039
sVsetup_time
p610
F7.2203490734100342
sVruntime_s3_bucket_used
p611
Vpywren-runtimes-public-us-west-2
p612
sVexception
p613
NsVhost_submit_time
p614
F1609049951.6272359
sVserver_info
p615
(dp616
Vuname
p617
V('Linux', '169.254.186.181', '4.14.203-112.332.amzn2.x86_64', '#1 SMP Wed Nov 4 20:46:34 UTC 2020', 'x86_64', 'x86_64')
p618
sV/proc/self/cgroup
p619
VMemTotal:        1717184 kB\u000aMemFree:         1117260 kB\u000aMemAvailable:    1485696 kB\u000aBuffers:           17812 kB\u000aCached:           464884 kB\u000aSwapCached:            0 kB\u000aActive:            96796 kB\u000aInactive:         447364 kB\u000aActive(anon):      61456 kB\u000aInactive(anon):      216 kB\u000aActive(file):      35340 kB\u000aInactive(file):   447148 kB\u000aUnevictable:           0 kB\u000aMlocked:               0 kB\u000aSwapTotal:             0 kB\u000aSwapFree:              0 kB\u000aDirty:               352 kB\u000aWriteback:             0 kB\u000aAnonPages:         61452 kB\u000aMapped:            35460 kB\u000aShmem:               220 kB\u000aSlab:              42788 kB\u000aSReclaimable:      32908 kB\u000aSUnreclaim:         9880 kB\u000aKernelStack:        1152 kB\u000aPageTables:         1364 kB\u000aNFS_Unstable:          0 kB\u000aBounce:                0 kB\u000aWritebackTmp:          0 kB\u000aCommitLimit:      858592 kB\u000aCommitted_AS:     250620 kB\u000aVmallocTotal:   34359738367 kB\u000aVmallocUsed:           0 kB\u000aVmallocChunk:          0 kB\u000aAnonHugePages:         0 kB\u000aShmemHugePages:        0 kB\u000aShmemPmdMapped:        0 kB\u000aHugePages_Total:       0\u000aHugePages_Free:        0\u000aHugePages_Rsvd:        0\u000aHugePages_Surp:        0\u000aHugepagesize:       2048 kB\u000aDirectMap4k:       21504 kB\u000aDirectMap2M:     1740800 kB\u000a
p620
sV/proc/cgroups
p621
V#subsys_name	hierarchy	num_cgroups	enabled\u000acpuset	8	1	1\u000acpu	4	5	1\u000acpuacct	4	5	1\u000ablkio	10	1	1\u000amemory	3	5	1\u000adevices	7	1	1\u000afreezer	2	2	1\u000anet_cls	6	1	1\u000aperf_event	11	1	1\u000anet_prio	6	1	1\u000ahugetlb	5	1	1\u000apids	9	1	1\u000a
p622
sV/proc/cpuinfo
p623
Vprocessor	: 0\u000avendor_id	: GenuineIntel\u000acpu family	: 6\u000amodel		: 63\u000amodel name	: Intel(R) Xeon(R) Processor @ 2.50GHz\u000astepping	: 2\u000amicrocode	: 0x1\u000acpu MHz		: 2500.008\u000acache size	: 33792 KB\u000aphysical id	: 0\u000asiblings	: 2\u000acore id		: 0\u000acpu cores	: 2\u000aapicid		: 0\u000ainitial apicid	: 0\u000afpu		: yes\u000afpu_exception	: yes\u000acpuid level	: 13\u000awp		: yes\u000aflags		: fpu vme de pse tsc msr pae mce cx8 apic sep mtrr pge mca cmov pat pse36 clflush mmx fxsr sse sse2 ht syscall nx rdtscp lm constant_tsc rep_good nopl xtopology nonstop_tsc cpuid tsc_known_freq pni pclmulqdq ssse3 fma cx16 pcid sse4_1 sse4_2 x2apic movbe popcnt tsc_deadline_timer aes xsave avx f16c rdrand hypervisor lahf_lm abm cpuid_fault invpcid_single pti ssbd ibrs ibpb stibp fsgsbase tsc_adjust bmi1 avx2 smep bmi2 erms invpcid smap xsaveopt arat md_clear arch_capabilities\u000abugs		: cpu_meltdown spectre_v1 spectre_v2 spec_store_bypass l1tf mds swapgs\u000abogomips	: 5000.01\u000aclflush size	: 64\u000acache_alignment	: 64\u000aaddress sizes	: 46 bits physical, 48 bits virtual\u000apower management:\u000a\u000aprocessor	: 1\u000avendor_id	: GenuineIntel\u000acpu family	: 6\u000amodel		: 63\u000amodel name	: Intel(R) Xeon(R) Processor @ 2.50GHz\u000astepping	: 2\u000amicrocode	: 0x1\u000acpu MHz		: 2500.008\u000acache size	: 33792 KB\u000aphysical id	: 0\u000asiblings	: 2\u000acore id		: 1\u000acpu cores	: 2\u000aapicid		: 1\u000ainitial apicid	: 1\u000afpu		: yes\u000afpu_exception	: yes\u000acpuid level	: 13\u000awp		: yes\u000aflags		: fpu vme de pse tsc msr pae mce cx8 apic sep mtrr pge mca cmov pat pse36 clflush mmx fxsr sse sse2 ht syscall nx rdtscp lm constant_tsc rep_good nopl xtopology nonstop_tsc cpuid tsc_known_freq pni pclmulqdq ssse3 fma cx16 pcid sse4_1 sse4_2 x2apic movbe popcnt tsc_deadline_timer aes xsave avx f16c rdrand hypervisor lahf_lm abm cpuid_fault invpcid_single pti ssbd ibrs ibpb stibp fsgsbase tsc_adjust bmi1 avx2 smep bmi2 erms invpcid smap xsaveopt arat md_clear arch_capabilities\u000abugs		: cpu_meltdown spectre_v1 spectre_v2 spec_store_bypass l1tf mds swapgs\u000abogomips	: 5000.01\u000aclflush size	: 64\u000acache_alignment	: 64\u000aaddress sizes	: 46 bits physical, 48 bits virtual\u000apower management:\u000a\u000a
p624
sV/proc/meminfo
p625
VMemTotal:        1717184 kB\u000aMemFree:         1117176 kB\u000aMemAvailable:    1485612 kB\u000aBuffers:           17812 kB\u000aCached:           464884 kB\u000aSwapCached:            0 kB\u000aActive:            96796 kB\u000aInactive:         447364 kB\u000aActive(anon):      61456 kB\u000aInactive(anon):      216 kB\u000aActive(file):      35340 kB\u000aInactive(file):   447148 kB\u000aUnevictable:           0 kB\u000aMlocked:               0 kB\u000aSwapTotal:             0 kB\u000aSwapFree:              0 kB\u000aDirty:               352 kB\u000aWriteback:             0 kB\u000aAnonPages:         61452 kB\u000aMapped:            35460 kB\u000aShmem:               220 kB\u000aSlab:              42788 kB\u000aSReclaimable:      32908 kB\u000aSUnreclaim:         9880 kB\u000aKernelStack:        1152 kB\u000aPageTables:         1364 kB\u000aNFS_Unstable:          0 kB\u000aBounce:                0 kB\u000aWritebackTmp:          0 kB\u000aCommitLimit:      858592 kB\u000aCommitted_AS:     250620 kB\u000aVmallocTotal:   34359738367 kB\u000aVmallocUsed:           0 kB\u000aVmallocChunk:          0 kB\u000aAnonHugePages:         0 kB\u000aShmemHugePages:        0 kB\u000aShmemPmdMapped:        0 kB\u000aHugePages_Total:       0\u000aHugePages_Free:        0\u000aHugePages_Rsvd:        0\u000aHugePages_Surp:        0\u000aHugepagesize:       2048 kB\u000aDirectMap4k:       21504 kB\u000aDirectMap2M:     1740800 kB\u000a
p626
ssVstatus_key
p627
Vpywren.jobs/03c5f4d6-5dd2-4896-a627-fa42a24ea072/00013/status.json
p628
sVend_time
p629
F1609050001.96808
sVlog_group_name
p630
V/aws/lambda/pywren_redis_2
p631
sVdata_key
p632
Vpywren.jobs/03c5f4d6-5dd2-4896-a627-fa42a24ea072/aggdata.pickle
p633
sa(dp634
Vcallset_id
p635
V03c5f4d6-5dd2-4896-a627-fa42a24ea072
p636
sVlog_stream_name
p637
V2020/12/27/[$LATEST]c8192d01bf26480492b298275f29039f
p638
sVstdout
p639
V
sVfunc_key
p640
Vpywren.jobs/03c5f4d6-5dd2-4896-a627-fa42a24ea072/func.pickle
p641
sVfree_disk_bytes
p642
I538333184
sVruntime_cached
p643
I00
sVretcode
p644
I0
sVcall_id
p645
V00014
p646
sVoutput_key
p647
Vpywren.jobs/03c5f4d6-5dd2-4896-a627-fa42a24ea072/00014/output.pickle
p648
sVruntime_s3_key_used
p649
V8e1b7d-pywren.runtimes/default_2.7.tar.gz.0033
p650
sVaws_request_id
p651
Vdc7e89c1-a6a3-4556-a47f-31fb8b07f4d7
p652
sVexec_time
p653
F42.209115028381348
sVstart_time
p654
F1609049952.4708419
sVsetup_time
p655
F7.2555391788482666
sVruntime_s3_bucket_used
p656
Vpywren-runtimes-public-us-west-2
p657
sVexception
p658
NsVhost_submit_time
p659
F1609049951.6396301
sVserver_info
p660
(dp661
Vuname
p662
V('Linux', '169.254.236.29', '4.14.203-112.332.amzn2.x86_64', '#1 SMP Wed Nov 4 20:46:34 UTC 2020', 'x86_64', 'x86_64')
p663
sV/proc/self/cgroup
p664
VMemTotal:        1717184 kB\u000aMemFree:         1118348 kB\u000aMemAvailable:    1485796 kB\u000aBuffers:           17892 kB\u000aCached:           463912 kB\u000aSwapCached:            0 kB\u000aActive:            95700 kB\u000aInactive:         447548 kB\u000aActive(anon):      61436 kB\u000aInactive(anon):      216 kB\u000aActive(file):      34264 kB\u000aInactive(file):   447332 kB\u000aUnevictable:           0 kB\u000aMlocked:               0 kB\u000aSwapTotal:             0 kB\u000aSwapFree:              0 kB\u000aDirty:                 4 kB\u000aWriteback:             0 kB\u000aAnonPages:         61432 kB\u000aMapped:            35128 kB\u000aShmem:               220 kB\u000aSlab:              42692 kB\u000aSReclaimable:      32716 kB\u000aSUnreclaim:         9976 kB\u000aKernelStack:        1152 kB\u000aPageTables:         1336 kB\u000aNFS_Unstable:          0 kB\u000aBounce:                0 kB\u000aWritebackTmp:          0 kB\u000aCommitLimit:      858592 kB\u000aCommitted_AS:     251296 kB\u000aVmallocTotal:   34359738367 kB\u000aVmallocUsed:           0 kB\u000aVmallocChunk:          0 kB\u000aAnonHugePages:         0 kB\u000aShmemHugePages:        0 kB\u000aShmemPmdMapped:        0 kB\u000aHugePages_Total:       0\u000aHugePages_Free:        0\u000aHugePages_Rsvd:        0\u000aHugePages_Surp:        0\u000aHugepagesize:       2048 kB\u000aDirectMap4k:       19456 kB\u000aDirectMap2M:     1742848 kB\u000a
p665
sV/proc/cgroups
p666
V#subsys_name	hierarchy	num_cgroups	enabled\u000acpuset	9	1	1\u000acpu	3	5	1\u000acpuacct	3	5	1\u000ablkio	11	1	1\u000amemory	4	5	1\u000adevices	5	1	1\u000afreezer	6	2	1\u000anet_cls	2	1	1\u000aperf_event	10	1	1\u000anet_prio	2	1	1\u000ahugetlb	7	1	1\u000apids	8	1	1\u000a
p667
sV/proc/cpuinfo
p668
