(dp1
S'run_statuses'
p2
(lp3
(dp4
Vcallset_id
p5
Ve7ef63ff-2cc1-4e90-9eec-6b5de8d58a07
p6
sVlog_stream_name
p7
V2020/12/27/[$LATEST]4a62846c11d34b3fa585c781e6616413
p8
sVstdout
p9
V
sVfunc_key
p10
Vpywren.jobs/e7ef63ff-2cc1-4e90-9eec-6b5de8d58a07/func.pickle
p11
sVfree_disk_bytes
p12
I120508416
sVruntime_cached
p13
I01
sVretcode
p14
I0
sVcall_id
p15
V00000
p16
sVoutput_key
p17
Vpywren.jobs/e7ef63ff-2cc1-4e90-9eec-6b5de8d58a07/00000/output.pickle
p18
sVruntime_s3_key_used
p19
V5020c8-pywren.runtimes/default_2.7.tar.gz.0027
p20
sVaws_request_id
p21
V4abe0247-f0aa-4ade-9954-283008fdd96a
p22
sVexec_time
p23
F100.8053081035614
sVstart_time
p24
F1609049165.959655
sVsetup_time
p25
F0.076001882553100586
sVruntime_s3_bucket_used
p26
Vpywren-runtimes-public-us-west-2
p27
sVexception
p28
NsVhost_submit_time
p29
F1609049165.7297039
sVserver_info
p30
(dp31
Vuname
p32
V('Linux', '169.254.14.141', '4.14.203-112.332.amzn2.x86_64', '#1 SMP Wed Nov 4 20:46:34 UTC 2020', 'x86_64', 'x86_64')
p33
sV/proc/self/cgroup
p34
VMemTotal:        1717184 kB\u000aMemFree:         1119996 kB\u000aMemAvailable:    1485300 kB\u000aBuffers:           16056 kB\u000aCached:           463472 kB\u000aSwapCached:            0 kB\u000aActive:           104736 kB\u000aInactive:         436252 kB\u000aActive(anon):      61444 kB\u000aInactive(anon):      216 kB\u000aActive(file):      43292 kB\u000aInactive(file):   436036 kB\u000aUnevictable:           0 kB\u000aMlocked:               0 kB\u000aSwapTotal:             0 kB\u000aSwapFree:              0 kB\u000aDirty:               216 kB\u000aWriteback:             0 kB\u000aAnonPages:         61448 kB\u000aMapped:            34956 kB\u000aShmem:               220 kB\u000aSlab:              43544 kB\u000aSReclaimable:      32968 kB\u000aSUnreclaim:        10576 kB\u000aKernelStack:        1152 kB\u000aPageTables:         1352 kB\u000aNFS_Unstable:          0 kB\u000aBounce:                0 kB\u000aWritebackTmp:          0 kB\u000aCommitLimit:      858592 kB\u000aCommitted_AS:     264504 kB\u000aVmallocTotal:   34359738367 kB\u000aVmallocUsed:           0 kB\u000aVmallocChunk:          0 kB\u000aAnonHugePages:         0 kB\u000aShmemHugePages:        0 kB\u000aShmemPmdMapped:        0 kB\u000aHugePages_Total:       0\u000aHugePages_Free:        0\u000aHugePages_Rsvd:        0\u000aHugePages_Surp:        0\u000aHugepagesize:       2048 kB\u000aDirectMap4k:       23552 kB\u000aDirectMap2M:     1738752 kB\u000a
p35
sV/proc/cgroups
p36
V#subsys_name	hierarchy	num_cgroups	enabled\u000acpuset	11	1	1\u000acpu	2	5	1\u000acpuacct	2	5	1\u000ablkio	9	1	1\u000amemory	4	5	1\u000adevices	8	1	1\u000afreezer	7	2	1\u000anet_cls	3	1	1\u000aperf_event	6	1	1\u000anet_prio	3	1	1\u000ahugetlb	10	1	1\u000apids	5	1	1\u000a
p37
sV/proc/cpuinfo
p38
Vprocessor	: 0\u000avendor_id	: GenuineIntel\u000acpu family	: 6\u000amodel		: 63\u000amodel name	: Intel(R) Xeon(R) Processor @ 2.50GHz\u000astepping	: 2\u000amicrocode	: 0x1\u000acpu MHz		: 2500.012\u000acache size	: 36608 KB\u000aphysical id	: 0\u000asiblings	: 2\u000acore id		: 0\u000acpu cores	: 2\u000aapicid		: 0\u000ainitial apicid	: 0\u000afpu		: yes\u000afpu_exception	: yes\u000acpuid level	: 13\u000awp		: yes\u000aflags		: fpu vme de pse tsc msr pae mce cx8 apic sep mtrr pge mca cmov pat pse36 clflush mmx fxsr sse sse2 ht syscall nx rdtscp lm constant_tsc rep_good nopl xtopology nonstop_tsc cpuid tsc_known_freq pni pclmulqdq ssse3 fma cx16 pcid sse4_1 sse4_2 x2apic movbe popcnt tsc_deadline_timer aes xsave avx f16c rdrand hypervisor lahf_lm abm cpuid_fault invpcid_single ssbd ibrs ibpb stibp ibrs_enhanced fsgsbase tsc_adjust bmi1 avx2 smep bmi2 erms invpcid smap xsaveopt arat md_clear arch_capabilities\u000abugs		: spectre_v1 spectre_v2 spec_store_bypass swapgs\u000abogomips	: 5000.02\u000aclflush size	: 64\u000acache_alignment	: 64\u000aaddress sizes	: 46 bits physical, 48 bits virtual\u000apower management:\u000a\u000aprocessor	: 1\u000avendor_id	: GenuineIntel\u000acpu family	: 6\u000amodel		: 63\u000amodel name	: Intel(R) Xeon(R) Processor @ 2.50GHz\u000astepping	: 2\u000amicrocode	: 0x1\u000acpu MHz		: 2500.012\u000acache size	: 36608 KB\u000aphysical id	: 0\u000asiblings	: 2\u000acore id		: 1\u000acpu cores	: 2\u000aapicid		: 1\u000ainitial apicid	: 1\u000afpu		: yes\u000afpu_exception	: yes\u000acpuid level	: 13\u000awp		: yes\u000aflags		: fpu vme de pse tsc msr pae mce cx8 apic sep mtrr pge mca cmov pat pse36 clflush mmx fxsr sse sse2 ht syscall nx rdtscp lm constant_tsc rep_good nopl xtopology nonstop_tsc cpuid tsc_known_freq pni pclmulqdq ssse3 fma cx16 pcid sse4_1 sse4_2 x2apic movbe popcnt tsc_deadline_timer aes xsave avx f16c rdrand hypervisor lahf_lm abm cpuid_fault invpcid_single ssbd ibrs ibpb stibp ibrs_enhanced fsgsbase tsc_adjust bmi1 avx2 smep bmi2 erms invpcid smap xsaveopt arat md_clear arch_capabilities\u000abugs		: spectre_v1 spectre_v2 spec_store_bypass swapgs\u000abogomips	: 5000.02\u000aclflush size	: 64\u000acache_alignment	: 64\u000aaddress sizes	: 46 bits physical, 48 bits virtual\u000apower management:\u000a\u000a
p39
sV/proc/meminfo
p40
VMemTotal:        1717184 kB\u000aMemFree:         1119996 kB\u000aMemAvailable:    1485300 kB\u000aBuffers:           16056 kB\u000aCached:           463472 kB\u000aSwapCached:            0 kB\u000aActive:           104736 kB\u000aInactive:         436252 kB\u000aActive(anon):      61444 kB\u000aInactive(anon):      216 kB\u000aActive(file):      43292 kB\u000aInactive(file):   436036 kB\u000aUnevictable:           0 kB\u000aMlocked:               0 kB\u000aSwapTotal:             0 kB\u000aSwapFree:              0 kB\u000aDirty:               216 kB\u000aWriteback:             0 kB\u000aAnonPages:         61448 kB\u000aMapped:            34956 kB\u000aShmem:               220 kB\u000aSlab:              43544 kB\u000aSReclaimable:      32968 kB\u000aSUnreclaim:        10576 kB\u000aKernelStack:        1152 kB\u000aPageTables:         1352 kB\u000aNFS_Unstable:          0 kB\u000aBounce:                0 kB\u000aWritebackTmp:          0 kB\u000aCommitLimit:      858592 kB\u000aCommitted_AS:     264504 kB\u000aVmallocTotal:   34359738367 kB\u000aVmallocUsed:           0 kB\u000aVmallocChunk:          0 kB\u000aAnonHugePages:         0 kB\u000aShmemHugePages:        0 kB\u000aShmemPmdMapped:        0 kB\u000aHugePages_Total:       0\u000aHugePages_Free:        0\u000aHugePages_Rsvd:        0\u000aHugePages_Surp:        0\u000aHugepagesize:       2048 kB\u000aDirectMap4k:       23552 kB\u000aDirectMap2M:     1738752 kB\u000a
p41
ssVstatus_key
p42
Vpywren.jobs/e7ef63ff-2cc1-4e90-9eec-6b5de8d58a07/00000/status.json
p43
sVend_time
p44
F1609049266.8409581
sVlog_group_name
p45
V/aws/lambda/pywren_redis_2
p46
sVdata_key
p47
Vpywren.jobs/e7ef63ff-2cc1-4e90-9eec-6b5de8d58a07/aggdata.pickle
p48
sa(dp49
Vcallset_id
p50
Ve7ef63ff-2cc1-4e90-9eec-6b5de8d58a07
p51
sVlog_stream_name
p52
V2020/12/27/[$LATEST]3af500c2fb9e4939be45fe8d22140756
p53
sVstdout
p54
V
sVfunc_key
p55
Vpywren.jobs/e7ef63ff-2cc1-4e90-9eec-6b5de8d58a07/func.pickle
p56
sVfree_disk_bytes
p57
I120508416
sVruntime_cached
p58
I01
sVretcode
p59
I0
sVcall_id
p60
V00001
p61
sVoutput_key
p62
Vpywren.jobs/e7ef63ff-2cc1-4e90-9eec-6b5de8d58a07/00001/output.pickle
p63
sVruntime_s3_key_used
p64
Vb094c0-pywren.runtimes/default_2.7.tar.gz.0097
p65
sVaws_request_id
p66
Vaf02bd62-3db9-431d-941f-2680d48fdc45
p67
sVexec_time
p68
F102.5706958770752
sVstart_time
p69
F1609049165.9143291
sVsetup_time
p70
F0.1194920539855957
sVruntime_s3_bucket_used
p71
Vpywren-runtimes-public-us-west-2
p72
sVexception
p73
NsVhost_submit_time
p74
F1609049165.7319529
sVserver_info
p75
(dp76
Vuname
p77
V('Linux', '169.254.66.5', '4.14.203-112.332.amzn2.x86_64', '#1 SMP Wed Nov 4 20:46:34 UTC 2020', 'x86_64', 'x86_64')
p78
sV/proc/self/cgroup
p79
VMemTotal:        1717184 kB\u000aMemFree:         1115272 kB\u000aMemAvailable:    1486044 kB\u000aBuffers:           18740 kB\u000aCached:           466236 kB\u000aSwapCached:            0 kB\u000aActive:           104548 kB\u000aInactive:         441944 kB\u000aActive(anon):      61508 kB\u000aInactive(anon):      216 kB\u000aActive(file):      43040 kB\u000aInactive(file):   441728 kB\u000aUnevictable:           0 kB\u000aMlocked:               0 kB\u000aSwapTotal:             0 kB\u000aSwapFree:              0 kB\u000aDirty:               228 kB\u000aWriteback:             0 kB\u000aAnonPages:         61508 kB\u000aMapped:            35536 kB\u000aShmem:               220 kB\u000aSlab:              43048 kB\u000aSReclaimable:      33024 kB\u000aSUnreclaim:        10024 kB\u000aKernelStack:        1136 kB\u000aPageTables:         1348 kB\u000aNFS_Unstable:          0 kB\u000aBounce:                0 kB\u000aWritebackTmp:          0 kB\u000aCommitLimit:      858592 kB\u000aCommitted_AS:     245624 kB\u000aVmallocTotal:   34359738367 kB\u000aVmallocUsed:           0 kB\u000aVmallocChunk:          0 kB\u000aAnonHugePages:         0 kB\u000aShmemHugePages:        0 kB\u000aShmemPmdMapped:        0 kB\u000aHugePages_Total:       0\u000aHugePages_Free:        0\u000aHugePages_Rsvd:        0\u000aHugePages_Surp:        0\u000aHugepagesize:       2048 kB\u000aDirectMap4k:       19456 kB\u000aDirectMap2M:     1742848 kB\u000a
p80
sV/proc/cgroups
p81
V#subsys_name	hierarchy	num_cgroups	enabled\u000acpuset	10	1	1\u000acpu	5	5	1\u000acpuacct	5	5	1\u000ablkio	7	1	1\u000amemory	8	5	1\u000adevices	2	1	1\u000afreezer	3	2	1\u000anet_cls	6	1	1\u000aperf_event	9	1	1\u000anet_prio	6	1	1\u000ahugetlb	4	1	1\u000apids	11	1	1\u000a
p82
sV/proc/cpuinfo
p83
Vprocessor	: 0\u000avendor_id	: GenuineIntel\u000acpu family	: 6\u000amodel		: 63\u000amodel name	: Intel(R) Xeon(R) Processor @ 2.50GHz\u000astepping	: 2\u000amicrocode	: 0x1\u000acpu MHz		: 2500.010\u000acache size	: 33792 KB\u000aphysical id	: 0\u000asiblings	: 2\u000acore id		: 0\u000acpu cores	: 2\u000aapicid		: 0\u000ainitial apicid	: 0\u000afpu		: yes\u000afpu_exception	: yes\u000acpuid level	: 13\u000awp		: yes\u000aflags		: fpu vme de pse tsc msr pae mce cx8 apic sep mtrr pge mca cmov pat pse36 clflush mmx fxsr sse sse2 ht syscall nx rdtscp lm constant_tsc rep_good nopl xtopology nonstop_tsc cpuid tsc_known_freq pni pclmulqdq ssse3 fma cx16 pcid sse4_1 sse4_2 x2apic movbe popcnt tsc_deadline_timer aes xsave avx f16c rdrand hypervisor lahf_lm abm cpuid_fault invpcid_single pti ssbd ibrs ibpb stibp fsgsbase tsc_adjust bmi1 avx2 smep bmi2 erms invpcid smap xsaveopt arat md_clear arch_capabilities\u000abugs		: cpu_meltdown spectre_v1 spectre_v2 spec_store_bypass l1tf mds swapgs\u000abogomips	: 5000.02\u000aclflush size	: 64\u000acache_alignment	: 64\u000aaddress sizes	: 46 bits physical, 48 bits virtual\u000apower management:\u000a\u000aprocessor	: 1\u000avendor_id	: GenuineIntel\u000acpu family	: 6\u000amodel		: 63\u000amodel name	: Intel(R) Xeon(R) Processor @ 2.50GHz\u000astepping	: 2\u000amicrocode	: 0x1\u000acpu MHz		: 2500.010\u000acache size	: 33792 KB\u000aphysical id	: 0\u000asiblings	: 2\u000acore id		: 1\u000acpu cores	: 2\u000aapicid		: 1\u000ainitial apicid	: 1\u000afpu		: yes\u000afpu_exception	: yes\u000acpuid level	: 13\u000awp		: yes\u000aflags		: fpu vme de pse tsc msr pae mce cx8 apic sep mtrr pge mca cmov pat pse36 clflush mmx fxsr sse sse2 ht syscall nx rdtscp lm constant_tsc rep_good nopl xtopology nonstop_tsc cpuid tsc_known_freq pni pclmulqdq ssse3 fma cx16 pcid sse4_1 sse4_2 x2apic movbe popcnt tsc_deadline_timer aes xsave avx f16c rdrand hypervisor lahf_lm abm cpuid_fault invpcid_single pti ssbd ibrs ibpb stibp fsgsbase tsc_adjust bmi1 avx2 smep bmi2 erms invpcid smap xsaveopt arat md_clear arch_capabilities\u000abugs		: cpu_meltdown spectre_v1 spectre_v2 spec_store_bypass l1tf mds swapgs\u000abogomips	: 5000.02\u000aclflush size	: 64\u000acache_alignment	: 64\u000aaddress sizes	: 46 bits physical, 48 bits virtual\u000apower management:\u000a\u000a
p84
sV/proc/meminfo
p85
VMemTotal:        1717184 kB\u000aMemFree:         1115272 kB\u000aMemAvailable:    1486044 kB\u000aBuffers:           18740 kB\u000aCached:           466236 kB\u000aSwapCached:            0 kB\u000aActive:           104548 kB\u000aInactive:         441944 kB\u000aActive(anon):      61508 kB\u000aInactive(anon):      216 kB\u000aActive(file):      43040 kB\u000aInactive(file):   441728 kB\u000aUnevictable:           0 kB\u000aMlocked:               0 kB\u000aSwapTotal:             0 kB\u000aSwapFree:              0 kB\u000aDirty:               228 kB\u000aWriteback:             0 kB\u000aAnonPages:         61508 kB\u000aMapped:            35536 kB\u000aShmem:               220 kB\u000aSlab:              43048 kB\u000aSReclaimable:      33024 kB\u000aSUnreclaim:        10024 kB\u000aKernelStack:        1136 kB\u000aPageTables:         1348 kB\u000aNFS_Unstable:          0 kB\u000aBounce:                0 kB\u000aWritebackTmp:          0 kB\u000aCommitLimit:      858592 kB\u000aCommitted_AS:     245624 kB\u000aVmallocTotal:   34359738367 kB\u000aVmallocUsed:           0 kB\u000aVmallocChunk:          0 kB\u000aAnonHugePages:         0 kB\u000aShmemHugePages:        0 kB\u000aShmemPmdMapped:        0 kB\u000aHugePages_Total:       0\u000aHugePages_Free:        0\u000aHugePages_Rsvd:        0\u000aHugePages_Surp:        0\u000aHugepagesize:       2048 kB\u000aDirectMap4k:       19456 kB\u000aDirectMap2M:     1742848 kB\u000a
p86
ssVstatus_key
p87
Vpywren.jobs/e7ef63ff-2cc1-4e90-9eec-6b5de8d58a07/00001/status.json
p88
sVend_time
p89
F1609049268.604512
sVlog_group_name
p90
V/aws/lambda/pywren_redis_2
p91
sVdata_key
p92
Vpywren.jobs/e7ef63ff-2cc1-4e90-9eec-6b5de8d58a07/aggdata.pickle
p93
sa(dp94
Vcallset_id
p95
Ve7ef63ff-2cc1-4e90-9eec-6b5de8d58a07
p96
sVlog_stream_name
p97
V2020/12/27/[$LATEST]14a6d83289be45b4ac9832d6274ca50e
p98
sVstdout
p99
V
sVfunc_key
p100
Vpywren.jobs/e7ef63ff-2cc1-4e90-9eec-6b5de8d58a07/func.pickle
p101
sVfree_disk_bytes
p102
I120508416
sVruntime_cached
p103
I01
sVretcode
p104
I0
sVcall_id
p105
V00002
p106
sVoutput_key
p107
Vpywren.jobs/e7ef63ff-2cc1-4e90-9eec-6b5de8d58a07/00002/output.pickle
p108
sVruntime_s3_key_used
p109
V7da364-pywren.runtimes/default_2.7.tar.gz.0055
p110
sVaws_request_id
p111
Vb588ac62-75dd-4a23-8aea-7865ab868834
p112
sVexec_time
p113
F100.66797494888306
sVstart_time
p114
F1609049165.9680769
sVsetup_time
p115
F0.073312997817993164
sVruntime_s3_bucket_used
p116
Vpywren-runtimes-public-us-west-2
p117
sVexception
p118
NsVhost_submit_time
p119
F1609049165.742605
sVserver_info
p120
(dp121
Vuname
p122
V('Linux', '169.254.5.109', '4.14.203-112.332.amzn2.x86_64', '#1 SMP Wed Nov 4 20:46:34 UTC 2020', 'x86_64', 'x86_64')
p123
sV/proc/self/cgroup
p124
VMemTotal:        1717184 kB\u000aMemFree:         1121544 kB\u000aMemAvailable:    1486144 kB\u000aBuffers:           15472 kB\u000aCached:           463388 kB\u000aSwapCached:            0 kB\u000aActive:           104080 kB\u000aInactive:         436220 kB\u000aActive(anon):      61408 kB\u000aInactive(anon):      216 kB\u000aActive(file):      42672 kB\u000aInactive(file):   436004 kB\u000aUnevictable:           0 kB\u000aMlocked:               0 kB\u000aSwapTotal:             0 kB\u000aSwapFree:              0 kB\u000aDirty:               184 kB\u000aWriteback:             0 kB\u000aAnonPages:         61408 kB\u000aMapped:            34852 kB\u000aShmem:               220 kB\u000aSlab:              42896 kB\u000aSReclaimable:      32860 kB\u000aSUnreclaim:        10036 kB\u000aKernelStack:        1136 kB\u000aPageTables:         1396 kB\u000aNFS_Unstable:          0 kB\u000aBounce:                0 kB\u000aWritebackTmp:          0 kB\u000aCommitLimit:      858592 kB\u000aCommitted_AS:     254272 kB\u000aVmallocTotal:   34359738367 kB\u000aVmallocUsed:           0 kB\u000aVmallocChunk:          0 kB\u000aAnonHugePages:         0 kB\u000aShmemHugePages:        0 kB\u000aShmemPmdMapped:        0 kB\u000aHugePages_Total:       0\u000aHugePages_Free:        0\u000aHugePages_Rsvd:        0\u000aHugePages_Surp:        0\u000aHugepagesize:       2048 kB\u000aDirectMap4k:       19456 kB\u000aDirectMap2M:     1742848 kB\u000a
p125
sV/proc/cgroups
p126
V#subsys_name	hierarchy	num_cgroups	enabled\u000acpuset	8	1	1\u000acpu	5	5	1\u000acpuacct	5	5	1\u000ablkio	4	1	1\u000amemory	2	5	1\u000adevices	6	1	1\u000afreezer	7	2	1\u000anet_cls	10	1	1\u000aperf_event	3	1	1\u000anet_prio	10	1	1\u000ahugetlb	11	1	1\u000apids	9	1	1\u000a
p127
sV/proc/cpuinfo
p128
Vprocessor	: 0\u000avendor_id	: GenuineIntel\u000acpu family	: 6\u000amodel		: 63\u000amodel name	: Intel(R) Xeon(R) Processor @ 2.50GHz\u000astepping	: 2\u000amicrocode	: 0x1\u000acpu MHz		: 2499.962\u000acache size	: 36608 KB\u000aphysical id	: 0\u000asiblings	: 2\u000acore id		: 0\u000acpu cores	: 2\u000aapicid		: 0\u000ainitial apicid	: 0\u000afpu		: yes\u000afpu_exception	: yes\u000acpuid level	: 13\u000awp		: yes\u000aflags		: fpu vme de pse tsc msr pae mce cx8 apic sep mtrr pge mca cmov pat pse36 clflush mmx fxsr sse sse2 ht syscall nx rdtscp lm constant_tsc rep_good nopl xtopology nonstop_tsc cpuid tsc_known_freq pni pclmulqdq ssse3 fma cx16 pcid sse4_1 sse4_2 x2apic movbe popcnt tsc_deadline_timer aes xsave avx f16c rdrand hypervisor lahf_lm abm cpuid_fault invpcid_single ssbd ibrs ibpb stibp ibrs_enhanced fsgsbase tsc_adjust bmi1 avx2 smep bmi2 erms invpcid smap xsaveopt arat md_clear arch_capabilities\u000abugs		: spectre_v1 spectre_v2 spec_store_bypass swapgs\u000abogomips	: 4999.92\u000aclflush size	: 64\u000acache_alignment	: 64\u000aaddress sizes	: 46 bits physical, 48 bits virtual\u000apower management:\u000a\u000aprocessor	: 1\u000avendor_id	: GenuineIntel\u000acpu family	: 6\u000amodel		: 63\u000amodel name	: Intel(R) Xeon(R) Processor @ 2.50GHz\u000astepping	: 2\u000amicrocode	: 0x1\u000acpu MHz		: 2499.962\u000acache size	: 36608 KB\u000aphysical id	: 0\u000asiblings	: 2\u000acore id		: 1\u000acpu cores	: 2\u000aapicid		: 1\u000ainitial apicid	: 1\u000afpu		: yes\u000afpu_exception	: yes\u000acpuid level	: 13\u000awp		: yes\u000aflags		: fpu vme de pse tsc msr pae mce cx8 apic sep mtrr pge mca cmov pat pse36 clflush mmx fxsr sse sse2 ht syscall nx rdtscp lm constant_tsc rep_good nopl xtopology nonstop_tsc cpuid tsc_known_freq pni pclmulqdq ssse3 fma cx16 pcid sse4_1 sse4_2 x2apic movbe popcnt tsc_deadline_timer aes xsave avx f16c rdrand hypervisor lahf_lm abm cpuid_fault invpcid_single ssbd ibrs ibpb stibp ibrs_enhanced fsgsbase tsc_adjust bmi1 avx2 smep bmi2 erms invpcid smap xsaveopt arat md_clear arch_capabilities\u000abugs		: spectre_v1 spectre_v2 spec_store_bypass swapgs\u000abogomips	: 4999.92\u000aclflush size	: 64\u000acache_alignment	: 64\u000aaddress sizes	: 46 bits physical, 48 bits virtual\u000apower management:\u000a\u000a
p129
sV/proc/meminfo
p130
VMemTotal:        1717184 kB\u000aMemFree:         1121544 kB\u000aMemAvailable:    1486144 kB\u000aBuffers:           15472 kB\u000aCached:           463388 kB\u000aSwapCached:            0 kB\u000aActive:           104080 kB\u000aInactive:         436220 kB\u000aActive(anon):      61408 kB\u000aInactive(anon):      216 kB\u000aActive(file):      42672 kB\u000aInactive(file):   436004 kB\u000aUnevictable:           0 kB\u000aMlocked:               0 kB\u000aSwapTotal:             0 kB\u000aSwapFree:              0 kB\u000aDirty:               184 kB\u000aWriteback:             0 kB\u000aAnonPages:         61408 kB\u000aMapped:            34852 kB\u000aShmem:               220 kB\u000aSlab:              42896 kB\u000aSReclaimable:      32860 kB\u000aSUnreclaim:        10036 kB\u000aKernelStack:        1136 kB\u000aPageTables:         1396 kB\u000aNFS_Unstable:          0 kB\u000aBounce:                0 kB\u000aWritebackTmp:          0 kB\u000aCommitLimit:      858592 kB\u000aCommitted_AS:     254272 kB\u000aVmallocTotal:   34359738367 kB\u000aVmallocUsed:           0 kB\u000aVmallocChunk:          0 kB\u000aAnonHugePages:         0 kB\u000aShmemHugePages:        0 kB\u000aShmemPmdMapped:        0 kB\u000aHugePages_Total:       0\u000aHugePages_Free:        0\u000aHugePages_Rsvd:        0\u000aHugePages_Surp:        0\u000aHugepagesize:       2048 kB\u000aDirectMap4k:       19456 kB\u000aDirectMap2M:     1742848 kB\u000a
p131
ssVstatus_key
p132
Vpywren.jobs/e7ef63ff-2cc1-4e90-9eec-6b5de8d58a07/00002/status.json
p133
sVend_time
p134
F1609049266.7093589
sVlog_group_name
p135
V/aws/lambda/pywren_redis_2
p136
sVdata_key
p137
Vpywren.jobs/e7ef63ff-2cc1-4e90-9eec-6b5de8d58a07/aggdata.pickle
p138
sa(dp139
Vcallset_id
p140
Ve7ef63ff-2cc1-4e90-9eec-6b5de8d58a07
p141
sVlog_stream_name
p142
V2020/12/27/[$LATEST]c21aed68472a45f398132c120b2261eb
p143
sVstdout
p144
V
sVfunc_key
p145
Vpywren.jobs/e7ef63ff-2cc1-4e90-9eec-6b5de8d58a07/func.pickle
p146
sVfree_disk_bytes
p147
I120508416
sVruntime_cached
p148
I01
sVretcode
p149
I0
sVcall_id
p150
V00003
p151
sVoutput_key
p152
Vpywren.jobs/e7ef63ff-2cc1-4e90-9eec-6b5de8d58a07/00003/output.pickle
p153
sVruntime_s3_key_used
p154
V61a2a1-pywren.runtimes/default_2.7.tar.gz.0050
p155
sVaws_request_id
p156
V7861444b-650d-4c95-a487-29374b81fa0d
p157
sVexec_time
p158
F102.59322214126587
sVstart_time
p159
F1609049165.932483
sVsetup_time
p160
F0.10793399810791016
sVruntime_s3_bucket_used
p161
Vpywren-runtimes-public-us-west-2
p162
sVexception
p163
NsVhost_submit_time
p164
F1609049165.7460639
sVserver_info
p165
(dp166
Vuname
p167
V('Linux', '169.254.163.13', '4.14.203-112.332.amzn2.x86_64', '#1 SMP Wed Nov 4 20:46:34 UTC 2020', 'x86_64', 'x86_64')
p168
sV/proc/self/cgroup
p169
VMemTotal:        1717184 kB\u000aMemFree:         1117904 kB\u000aMemAvailable:    1485084 kB\u000aBuffers:           15564 kB\u000aCached:           465736 kB\u000aSwapCached:            0 kB\u000aActive:           105480 kB\u000aInactive:         438112 kB\u000aActive(anon):      62200 kB\u000aInactive(anon):      216 kB\u000aActive(file):      43280 kB\u000aInactive(file):   437896 kB\u000aUnevictable:           0 kB\u000aMlocked:               0 kB\u000aSwapTotal:             0 kB\u000aSwapFree:              0 kB\u000aDirty:                 8 kB\u000aWriteback:             0 kB\u000aAnonPages:         62284 kB\u000aMapped:            34564 kB\u000aShmem:               220 kB\u000aSlab:              43188 kB\u000aSReclaimable:      33024 kB\u000aSUnreclaim:        10164 kB\u000aKernelStack:        1136 kB\u000aPageTables:         1336 kB\u000aNFS_Unstable:          0 kB\u000aBounce:                0 kB\u000aWritebackTmp:          0 kB\u000aCommitLimit:      858592 kB\u000aCommitted_AS:     254336 kB\u000aVmallocTotal:   34359738367 kB\u000aVmallocUsed:           0 kB\u000aVmallocChunk:          0 kB\u000aAnonHugePages:         0 kB\u000aShmemHugePages:        0 kB\u000aShmemPmdMapped:        0 kB\u000aHugePages_Total:       0\u000aHugePages_Free:        0\u000aHugePages_Rsvd:        0\u000aHugePages_Surp:        0\u000aHugepagesize:       2048 kB\u000aDirectMap4k:       21504 kB\u000aDirectMap2M:     1740800 kB\u000a
p170
sV/proc/cgroups
p171
V#subsys_name	hierarchy	num_cgroups	enabled\u000acpuset	7	1	1\u000acpu	4	5	1\u000acpuacct	4	5	1\u000ablkio	10	1	1\u000amemory	8	5	1\u000adevices	5	1	1\u000afreezer	9	2	1\u000anet_cls	2	1	1\u000aperf_event	6	1	1\u000anet_prio	2	1	1\u000ahugetlb	3	1	1\u000apids	11	1	1\u000a
p172
sV/proc/cpuinfo
p173
Vprocessor	: 0\u000avendor_id	: GenuineIntel\u000acpu family	: 6\u000amodel		: 63\u000amodel name	: Intel(R) Xeon(R) Processor @ 2.50GHz\u000astepping	: 2\u000amicrocode	: 0x1\u000acpu MHz		: 2499.998\u000acache size	: 33792 KB\u000aphysical id	: 0\u000asiblings	: 2\u000acore id		: 0\u000acpu cores	: 2\u000aapicid		: 0\u000ainitial apicid	: 0\u000afpu		: yes\u000afpu_exception	: yes\u000acpuid level	: 13\u000awp		: yes\u000aflags		: fpu vme de pse tsc msr pae mce cx8 apic sep mtrr pge mca cmov pat pse36 clflush mmx fxsr sse sse2 ht syscall nx rdtscp lm constant_tsc rep_good nopl xtopology nonstop_tsc cpuid tsc_known_freq pni pclmulqdq ssse3 fma cx16 pcid sse4_1 sse4_2 x2apic movbe popcnt tsc_deadline_timer aes xsave avx f16c rdrand hypervisor lahf_lm abm cpuid_fault invpcid_single pti ssbd ibrs ibpb stibp fsgsbase tsc_adjust bmi1 avx2 smep bmi2 erms invpcid smap xsaveopt arat md_clear arch_capabilities\u000abugs		: cpu_meltdown spectre_v1 spectre_v2 spec_store_bypass l1tf mds swapgs\u000abogomips	: 4999.99\u000aclflush size	: 64\u000acache_alignment	: 64\u000aaddress sizes	: 46 bits physical, 48 bits virtual\u000apower management:\u000a\u000aprocessor	: 1\u000avendor_id	: GenuineIntel\u000acpu family	: 6\u000amodel		: 63\u000amodel name	: Intel(R) Xeon(R) Processor @ 2.50GHz\u000astepping	: 2\u000amicrocode	: 0x1\u000acpu MHz		: 2499.998\u000acache size	: 33792 KB\u000aphysical id	: 0\u000asiblings	: 2\u000acore id		: 1\u000acpu cores	: 2\u000aapicid		: 1\u000ainitial apicid	: 1\u000afpu		: yes\u000afpu_exception	: yes\u000acpuid level	: 13\u000awp		: yes\u000aflags		: fpu vme de pse tsc msr pae mce cx8 apic sep mtrr pge mca cmov pat pse36 clflush mmx fxsr sse sse2 ht syscall nx rdtscp lm constant_tsc rep_good nopl xtopology nonstop_tsc cpuid tsc_known_freq pni pclmulqdq ssse3 fma cx16 pcid sse4_1 sse4_2 x2apic movbe popcnt tsc_deadline_timer aes xsave avx f16c rdrand hypervisor lahf_lm abm cpuid_fault invpcid_single pti ssbd ibrs ibpb stibp fsgsbase tsc_adjust bmi1 avx2 smep bmi2 erms invpcid smap xsaveopt arat md_clear arch_capabilities\u000abugs		: cpu_meltdown spectre_v1 spectre_v2 spec_store_bypass l1tf mds swapgs\u000abogomips	: 4999.99\u000aclflush size	: 64\u000acache_alignment	: 64\u000aaddress sizes	: 46 bits physical, 48 bits virtual\u000apower management:\u000a\u000a
p174
sV/proc/meminfo
p175
VMemTotal:        1717184 kB\u000aMemFree:         1117904 kB\u000aMemAvailable:    1485084 kB\u000aBuffers:           15564 kB\u000aCached:           465736 kB\u000aSwapCached:            0 kB\u000aActive:           105480 kB\u000aInactive:         438112 kB\u000aActive(anon):      62200 kB\u000aInactive(anon):      216 kB\u000aActive(file):      43280 kB\u000aInactive(file):   437896 kB\u000aUnevictable:           0 kB\u000aMlocked:               0 kB\u000aSwapTotal:             0 kB\u000aSwapFree:              0 kB\u000aDirty:                 8 kB\u000aWriteback:             0 kB\u000aAnonPages:         62284 kB\u000aMapped:            34564 kB\u000aShmem:               220 kB\u000aSlab:              43188 kB\u000aSReclaimable:      33024 kB\u000aSUnreclaim:        10164 kB\u000aKernelStack:        1136 kB\u000aPageTables:         1336 kB\u000aNFS_Unstable:          0 kB\u000aBounce:                0 kB\u000aWritebackTmp:          0 kB\u000aCommitLimit:      858592 kB\u000aCommitted_AS:     254336 kB\u000aVmallocTotal:   34359738367 kB\u000aVmallocUsed:           0 kB\u000aVmallocChunk:          0 kB\u000aAnonHugePages:         0 kB\u000aShmemHugePages:        0 kB\u000aShmemPmdMapped:        0 kB\u000aHugePages_Total:       0\u000aHugePages_Free:        0\u000aHugePages_Rsvd:        0\u000aHugePages_Surp:        0\u000aHugepagesize:       2048 kB\u000aDirectMap4k:       21504 kB\u000aDirectMap2M:     1740800 kB\u000a
p176
ssVstatus_key
p177
Vpywren.jobs/e7ef63ff-2cc1-4e90-9eec-6b5de8d58a07/00003/status.json
p178
sVend_time
p179
F1609049268.6336329
sVlog_group_name
p180
V/aws/lambda/pywren_redis_2
p181
sVdata_key
p182
Vpywren.jobs/e7ef63ff-2cc1-4e90-9eec-6b5de8d58a07/aggdata.pickle
p183
sa(dp184
Vcallset_id
p185
Ve7ef63ff-2cc1-4e90-9eec-6b5de8d58a07
p186
sVlog_stream_name
p187
V2020/12/27/[$LATEST]47c34004647e4cfdb8c9149b1bcfdad6
p188
sVstdout
p189
V
sVfunc_key
p190
Vpywren.jobs/e7ef63ff-2cc1-4e90-9eec-6b5de8d58a07/func.pickle
p191
sVfree_disk_bytes
p192
I120508416
sVruntime_cached
p193
I01
sVretcode
p194
I0
sVcall_id
p195
V00004
p196
sVoutput_key
p197
Vpywren.jobs/e7ef63ff-2cc1-4e90-9eec-6b5de8d58a07/00004/output.pickle
p198
sVruntime_s3_key_used
p199
V647b0b-pywren.runtimes/default_2.7.tar.gz.0099
p200
sVaws_request_id
p201
V7f95ea3f-c869-4589-acf7-31562915220c
p202
sVexec_time
p203
F102.39518904685974
sVstart_time
p204
F1609049165.9139099
sVsetup_time
p205
F0.11742615699768066
sVruntime_s3_bucket_used
p206
Vpywren-runtimes-public-us-west-2
p207
sVexception
p208
NsVhost_submit_time
p209
F1609049165.7526751
sVserver_info
p210
(dp211
Vuname
p212
V('Linux', '169.254.1.109', '4.14.203-112.332.amzn2.x86_64', '#1 SMP Wed Nov 4 20:46:34 UTC 2020', 'x86_64', 'x86_64')
p213
sV/proc/self/cgroup
p214
VMemTotal:        1717184 kB\u000aMemFree:         1114144 kB\u000aMemAvailable:    1485332 kB\u000aBuffers:           18796 kB\u000aCached:           466644 kB\u000aSwapCached:            0 kB\u000aActive:           108272 kB\u000aInactive:         438932 kB\u000aActive(anon):      61752 kB\u000aInactive(anon):      216 kB\u000aActive(file):      46520 kB\u000aInactive(file):   438716 kB\u000aUnevictable:           0 kB\u000aMlocked:               0 kB\u000aSwapTotal:             0 kB\u000aSwapFree:              0 kB\u000aDirty:               232 kB\u000aWriteback:             0 kB\u000aAnonPages:         61752 kB\u000aMapped:            35840 kB\u000aShmem:               220 kB\u000aSlab:              43272 kB\u000aSReclaimable:      32920 kB\u000aSUnreclaim:        10352 kB\u000aKernelStack:        1152 kB\u000aPageTables:         1356 kB\u000aNFS_Unstable:          0 kB\u000aBounce:                0 kB\u000aWritebackTmp:          0 kB\u000aCommitLimit:      858592 kB\u000aCommitted_AS:     263884 kB\u000aVmallocTotal:   34359738367 kB\u000aVmallocUsed:           0 kB\u000aVmallocChunk:          0 kB\u000aAnonHugePages:         0 kB\u000aShmemHugePages:        0 kB\u000aShmemPmdMapped:        0 kB\u000aHugePages_Total:       0\u000aHugePages_Free:        0\u000aHugePages_Rsvd:        0\u000aHugePages_Surp:        0\u000aHugepagesize:       2048 kB\u000aDirectMap4k:       21504 kB\u000aDirectMap2M:     1740800 kB\u000a
p215
sV/proc/cgroups
p216
V#subsys_name	hierarchy	num_cgroups	enabled\u000acpuset	8	1	1\u000acpu	5	5	1\u000acpuacct	5	5	1\u000ablkio	11	1	1\u000amemory	3	5	1\u000adevices	6	1	1\u000afreezer	7	2	1\u000anet_cls	2	1	1\u000aperf_event	10	1	1\u000anet_prio	2	1	1\u000ahugetlb	4	1	1\u000apids	9	1	1\u000a
p217
sV/proc/cpuinfo
p218
Vprocessor	: 0\u000avendor_id	: GenuineIntel\u000acpu family	: 6\u000amodel		: 63\u000amodel name	: Intel(R) Xeon(R) Processor @ 2.50GHz\u000astepping	: 2\u000amicrocode	: 0x1\u000acpu MHz		: 2500.010\u000acache size	: 36608 KB\u000aphysical id	: 0\u000asiblings	: 2\u000acore id		: 0\u000acpu cores	: 2\u000aapicid		: 0\u000ainitial apicid	: 0\u000afpu		: yes\u000afpu_exception	: yes\u000acpuid level	: 13\u000awp		: yes\u000aflags		: fpu vme de pse tsc msr pae mce cx8 apic sep mtrr pge mca cmov pat pse36 clflush mmx fxsr sse sse2 ht syscall nx rdtscp lm constant_tsc rep_good nopl xtopology nonstop_tsc cpuid tsc_known_freq pni pclmulqdq ssse3 fma cx16 pcid sse4_1 sse4_2 x2apic movbe popcnt tsc_deadline_timer aes xsave avx f16c rdrand hypervisor lahf_lm abm cpuid_fault invpcid_single ssbd ibrs ibpb stibp ibrs_enhanced fsgsbase tsc_adjust bmi1 avx2 smep bmi2 erms invpcid smap xsaveopt arat md_clear arch_capabilities\u000abugs		: spectre_v1 spectre_v2 spec_store_bypass swapgs\u000abogomips	: 5000.02\u000aclflush size	: 64\u000acache_alignment	: 64\u000aaddress sizes	: 46 bits physical, 48 bits virtual\u000apower management:\u000a\u000aprocessor	: 1\u000avendor_id	: GenuineIntel\u000acpu family	: 6\u000amodel		: 63\u000amodel name	: Intel(R) Xeon(R) Processor @ 2.50GHz\u000astepping	: 2\u000amicrocode	: 0x1\u000acpu MHz		: 2500.010\u000acache size	: 36608 KB\u000aphysical id	: 0\u000asiblings	: 2\u000acore id		: 1\u000acpu cores	: 2\u000aapicid		: 1\u000ainitial apicid	: 1\u000afpu		: yes\u000afpu_exception	: yes\u000acpuid level	: 13\u000awp		: yes\u000aflags		: fpu vme de pse tsc msr pae mce cx8 apic sep mtrr pge mca cmov pat pse36 clflush mmx fxsr sse sse2 ht syscall nx rdtscp lm constant_tsc rep_good nopl xtopology nonstop_tsc cpuid tsc_known_freq pni pclmulqdq ssse3 fma cx16 pcid sse4_1 sse4_2 x2apic movbe popcnt tsc_deadline_timer aes xsave avx f16c rdrand hypervisor lahf_lm abm cpuid_fault invpcid_single ssbd ibrs ibpb stibp ibrs_enhanced fsgsbase tsc_adjust bmi1 avx2 smep bmi2 erms invpcid smap xsaveopt arat md_clear arch_capabilities\u000abugs		: spectre_v1 spectre_v2 spec_store_bypass swapgs\u000abogomips	: 5000.02\u000aclflush size	: 64\u000acache_alignment	: 64\u000aaddress sizes	: 46 bits physical, 48 bits virtual\u000apower management:\u000a\u000a
p219
sV/proc/meminfo
p220
VMemTotal:        1717184 kB\u000aMemFree:         1114144 kB\u000aMemAvailable:    1485332 kB\u000aBuffers:           18796 kB\u000aCached:           466644 kB\u000aSwapCached:            0 kB\u000aActive:           108272 kB\u000aInactive:         438932 kB\u000aActive(anon):      61752 kB\u000aInactive(anon):      216 kB\u000aActive(file):      46520 kB\u000aInactive(file):   438716 kB\u000aUnevictable:           0 kB\u000aMlocked:               0 kB\u000aSwapTotal:             0 kB\u000aSwapFree:              0 kB\u000aDirty:               232 kB\u000aWriteback:             0 kB\u000aAnonPages:         61752 kB\u000aMapped:            35840 kB\u000aShmem:               220 kB\u000aSlab:              43272 kB\u000aSReclaimable:      32920 kB\u000aSUnreclaim:        10352 kB\u000aKernelStack:        1152 kB\u000aPageTables:         1356 kB\u000aNFS_Unstable:          0 kB\u000aBounce:                0 kB\u000aWritebackTmp:          0 kB\u000aCommitLimit:      858592 kB\u000aCommitted_AS:     263884 kB\u000aVmallocTotal:   34359738367 kB\u000aVmallocUsed:           0 kB\u000aVmallocChunk:          0 kB\u000aAnonHugePages:         0 kB\u000aShmemHugePages:        0 kB\u000aShmemPmdMapped:        0 kB\u000aHugePages_Total:       0\u000aHugePages_Free:        0\u000aHugePages_Rsvd:        0\u000aHugePages_Surp:        0\u000aHugepagesize:       2048 kB\u000aDirectMap4k:       21504 kB\u000aDirectMap2M:     1740800 kB\u000a
p221
ssVstatus_key
p222
Vpywren.jobs/e7ef63ff-2cc1-4e90-9eec-6b5de8d58a07/00004/status.json
p223
sVend_time
p224
F1609049268.4265201
sVlog_group_name
p225
V/aws/lambda/pywren_redis_2
p226
sVdata_key
p227
Vpywren.jobs/e7ef63ff-2cc1-4e90-9eec-6b5de8d58a07/aggdata.pickle
p228
sa(dp229
Vcallset_id
p230
Ve7ef63ff-2cc1-4e90-9eec-6b5de8d58a07
p231
sVlog_stream_name
p232
V2020/12/27/[$LATEST]c89a4ba3fc0a4b01ad9d1a64600cef47
p233
sVstdout
p234
V
sVfunc_key
p235
Vpywren.jobs/e7ef63ff-2cc1-4e90-9eec-6b5de8d58a07/func.pickle
p236
sVfree_disk_bytes
p237
I120508416
sVruntime_cached
p238
I01
sVretcode
p239
I0
sVcall_id
p240
V00005
p241
sVoutput_key
p242
Vpywren.jobs/e7ef63ff-2cc1-4e90-9eec-6b5de8d58a07/00005/output.pickle
p243
sVruntime_s3_key_used
p244
V1194bd-pywren.runtimes/default_2.7.tar.gz.0000
p245
sVaws_request_id
p246
Vbb89d7c9-ae4f-497e-9b44-e19231727b03
p247
sVexec_time
p248
F102.60173678398132
sVstart_time
p249
F1609049165.9719341
sVsetup_time
p250
F0.096688032150268555
sVruntime_s3_bucket_used
p251
Vpywren-runtimes-public-us-west-2
p252
sVexception
p253
NsVhost_submit_time
p254
F1609049165.7509999
sVserver_info
p255
(dp256
Vuname
p257
V('Linux', '169.254.159.149', '4.14.203-112.332.amzn2.x86_64', '#1 SMP Wed Nov 4 20:46:34 UTC 2020', 'x86_64', 'x86_64')
p258
sV/proc/self/cgroup
p259
VMemTotal:        1717184 kB\u000aMemFree:         1114668 kB\u000aMemAvailable:    1485340 kB\u000aBuffers:           18488 kB\u000aCached:           466476 kB\u000aSwapCached:            0 kB\u000aActive:           108008 kB\u000aInactive:         438956 kB\u000aActive(anon):      61992 kB\u000aInactive(anon):      216 kB\u000aActive(file):      46016 kB\u000aInactive(file):   438740 kB\u000aUnevictable:           0 kB\u000aMlocked:               0 kB\u000aSwapTotal:             0 kB\u000aSwapFree:              0 kB\u000aDirty:               224 kB\u000aWriteback:             0 kB\u000aAnonPages:         61992 kB\u000aMapped:            35640 kB\u000aShmem:               220 kB\u000aSlab:              43184 kB\u000aSReclaimable:      32844 kB\u000aSUnreclaim:        10340 kB\u000aKernelStack:        1136 kB\u000aPageTables:         1316 kB\u000aNFS_Unstable:          0 kB\u000aBounce:                0 kB\u000aWritebackTmp:          0 kB\u000aCommitLimit:      858592 kB\u000aCommitted_AS:     254252 kB\u000aVmallocTotal:   34359738367 kB\u000aVmallocUsed:           0 kB\u000aVmallocChunk:          0 kB\u000aAnonHugePages:         0 kB\u000aShmemHugePages:        0 kB\u000aShmemPmdMapped:        0 kB\u000aHugePages_Total:       0\u000aHugePages_Free:        0\u000aHugePages_Rsvd:        0\u000aHugePages_Surp:        0\u000aHugepagesize:       2048 kB\u000aDirectMap4k:       23552 kB\u000aDirectMap2M:     1738752 kB\u000a
p260
sV/proc/cgroups
p261
V#subsys_name	hierarchy	num_cgroups	enabled\u000acpuset	9	1	1\u000acpu	6	5	1\u000acpuacct	6	5	1\u000ablkio	2	1	1\u000amemory	10	5	1\u000adevices	5	1	1\u000afreezer	11	2	1\u000anet_cls	4	1	1\u000aperf_event	8	1	1\u000anet_prio	4	1	1\u000ahugetlb	7	1	1\u000apids	3	1	1\u000a
p262
sV/proc/cpuinfo
p263
Vprocessor	: 0\u000avendor_id	: GenuineIntel\u000acpu family	: 6\u000amodel		: 63\u000amodel name	: Intel(R) Xeon(R) Processor @ 2.50GHz\u000astepping	: 2\u000amicrocode	: 0x1\u000acpu MHz		: 2500.010\u000acache size	: 36608 KB\u000aphysical id	: 0\u000asiblings	: 2\u000acore id		: 0\u000acpu cores	: 2\u000aapicid		: 0\u000ainitial apicid	: 0\u000afpu		: yes\u000afpu_exception	: yes\u000acpuid level	: 13\u000awp		: yes\u000aflags		: fpu vme de pse tsc msr pae mce cx8 apic sep mtrr pge mca cmov pat pse36 clflush mmx fxsr sse sse2 ht syscall nx rdtscp lm constant_tsc rep_good nopl xtopology nonstop_tsc cpuid tsc_known_freq pni pclmulqdq ssse3 fma cx16 pcid sse4_1 sse4_2 x2apic movbe popcnt tsc_deadline_timer aes xsave avx f16c rdrand hypervisor lahf_lm abm cpuid_fault invpcid_single ssbd ibrs ibpb stibp ibrs_enhanced fsgsbase tsc_adjust bmi1 avx2 smep bmi2 erms invpcid smap xsaveopt arat md_clear arch_capabilities\u000abugs		: spectre_v1 spectre_v2 spec_store_bypass swapgs\u000abogomips	: 5000.02\u000aclflush size	: 64\u000acache_alignment	: 64\u000aaddress sizes	: 46 bits physical, 48 bits virtual\u000apower management:\u000a\u000aprocessor	: 1\u000avendor_id	: GenuineIntel\u000acpu family	: 6\u000amodel		: 63\u000amodel name	: Intel(R) Xeon(R) Processor @ 2.50GHz\u000astepping	: 2\u000amicrocode	: 0x1\u000acpu MHz		: 2500.010\u000acache size	: 36608 KB\u000aphysical id	: 0\u000asiblings	: 2\u000acore id		: 1\u000acpu cores	: 2\u000aapicid		: 1\u000ainitial apicid	: 1\u000afpu		: yes\u000afpu_exception	: yes\u000acpuid level	: 13\u000awp		: yes\u000aflags		: fpu vme de pse tsc msr pae mce cx8 apic sep mtrr pge mca cmov pat pse36 clflush mmx fxsr sse sse2 ht syscall nx rdtscp lm constant_tsc rep_good nopl xtopology nonstop_tsc cpuid tsc_known_freq pni pclmulqdq ssse3 fma cx16 pcid sse4_1 sse4_2 x2apic movbe popcnt tsc_deadline_timer aes xsave avx f16c rdrand hypervisor lahf_lm abm cpuid_fault invpcid_single ssbd ibrs ibpb stibp ibrs_enhanced fsgsbase tsc_adjust bmi1 avx2 smep bmi2 erms invpcid smap xsaveopt arat md_clear arch_capabilities\u000abugs		: spectre_v1 spectre_v2 spec_store_bypass swapgs\u000abogomips	: 5000.02\u000aclflush size	: 64\u000acache_alignment	: 64\u000aaddress sizes	: 46 bits physical, 48 bits virtual\u000apower management:\u000a\u000a
p264
sV/proc/meminfo
p265
VMemTotal:        1717184 kB\u000aMemFree:         1114668 kB\u000aMemAvailable:    1485340 kB\u000aBuffers:           18488 kB\u000aCached:           466476 kB\u000aSwapCached:            0 kB\u000aActive:           108008 kB\u000aInactive:         438956 kB\u000aActive(anon):      61992 kB\u000aInactive(anon):      216 kB\u000aActive(file):      46016 kB\u000aInactive(file):   438740 kB\u000aUnevictable:           0 kB\u000aMlocked:               0 kB\u000aSwapTotal:             0 kB\u000aSwapFree:              0 kB\u000aDirty:               224 kB\u000aWriteback:             0 kB\u000aAnonPages:         61992 kB\u000aMapped:            35640 kB\u000aShmem:               220 kB\u000aSlab:              43184 kB\u000aSReclaimable:      32844 kB\u000aSUnreclaim:        10340 kB\u000aKernelStack:        1136 kB\u000aPageTables:         1316 kB\u000aNFS_Unstable:          0 kB\u000aBounce:                0 kB\u000aWritebackTmp:          0 kB\u000aCommitLimit:      858592 kB\u000aCommitted_AS:     254252 kB\u000aVmallocTotal:   34359738367 kB\u000aVmallocUsed:           0 kB\u000aVmallocChunk:          0 kB\u000aAnonHugePages:         0 kB\u000aShmemHugePages:        0 kB\u000aShmemPmdMapped:        0 kB\u000aHugePages_Total:       0\u000aHugePages_Free:        0\u000aHugePages_Rsvd:        0\u000aHugePages_Surp:        0\u000aHugepagesize:       2048 kB\u000aDirectMap4k:       23552 kB\u000aDirectMap2M:     1738752 kB\u000a
p266
ssVstatus_key
p267
Vpywren.jobs/e7ef63ff-2cc1-4e90-9eec-6b5de8d58a07/00005/status.json
p268
sVend_time
p269
F1609049268.6703529
sVlog_group_name
p270
V/aws/lambda/pywren_redis_2
p271
sVdata_key
p272
Vpywren.jobs/e7ef63ff-2cc1-4e90-9eec-6b5de8d58a07/aggdata.pickle
p273
sa(dp274
Vcallset_id
p275
Ve7ef63ff-2cc1-4e90-9eec-6b5de8d58a07
p276
sVlog_stream_name
p277
V2020/12/27/[$LATEST]21a471665fa444a08d12d0497cee544c
p278
sVstdout
p279
V
sVfunc_key
p280
Vpywren.jobs/e7ef63ff-2cc1-4e90-9eec-6b5de8d58a07/func.pickle
p281
sVfree_disk_bytes
p282
I120508416
sVruntime_cached
p283
I01
sVretcode
p284
I0
sVcall_id
p285
V00006
p286
sVoutput_key
p287
Vpywren.jobs/e7ef63ff-2cc1-4e90-9eec-6b5de8d58a07/00006/output.pickle
p288
sVruntime_s3_key_used
p289
Ve2a605-pywren.runtimes/default_2.7.tar.gz.0070
p290
sVaws_request_id
p291
Vb25e14e4-5fe2-4151-b8a3-d61f53278464
p292
sVexec_time
p293
F100.58259296417236
sVstart_time
p294
F1609049166.0778191
sVsetup_time
p295
F0.075877904891967773
sVruntime_s3_bucket_used
p296
Vpywren-runtimes-public-us-west-2
p297
sVexception
p298
NsVhost_submit_time
p299
F1609049165.7709401
sVserver_info
p300
(dp301
Vuname
p302
V('Linux', '169.254.104.77', '4.14.203-112.332.amzn2.x86_64', '#1 SMP Wed Nov 4 20:46:34 UTC 2020', 'x86_64', 'x86_64')
p303
sV/proc/self/cgroup
p304
VMemTotal:        1717184 kB\u000aMemFree:         1118212 kB\u000aMemAvailable:    1485828 kB\u000aBuffers:           17836 kB\u000aCached:           464060 kB\u000aSwapCached:            0 kB\u000aActive:           106624 kB\u000aInactive:         437004 kB\u000aActive(anon):      61724 kB\u000aInactive(anon):      216 kB\u000aActive(file):      44900 kB\u000aInactive(file):   436788 kB\u000aUnevictable:           0 kB\u000aMlocked:               0 kB\u000aSwapTotal:             0 kB\u000aSwapFree:              0 kB\u000aDirty:                 8 kB\u000aWriteback:             0 kB\u000aAnonPages:         61700 kB\u000aMapped:            35364 kB\u000aShmem:               220 kB\u000aSlab:              43176 kB\u000aSReclaimable:      32872 kB\u000aSUnreclaim:        10304 kB\u000aKernelStack:        1144 kB\u000aPageTables:         1412 kB\u000aNFS_Unstable:          0 kB\u000aBounce:                0 kB\u000aWritebackTmp:          0 kB\u000aCommitLimit:      858592 kB\u000aCommitted_AS:     254260 kB\u000aVmallocTotal:   34359738367 kB\u000aVmallocUsed:           0 kB\u000aVmallocChunk:          0 kB\u000aAnonHugePages:         0 kB\u000aShmemHugePages:        0 kB\u000aShmemPmdMapped:        0 kB\u000aHugePages_Total:       0\u000aHugePages_Free:        0\u000aHugePages_Rsvd:        0\u000aHugePages_Surp:        0\u000aHugepagesize:       2048 kB\u000aDirectMap4k:       21504 kB\u000aDirectMap2M:     1740800 kB\u000a
p305
sV/proc/cgroups
p306
V#subsys_name	hierarchy	num_cgroups	enabled\u000acpuset	11	1	1\u000acpu	5	5	1\u000acpuacct	5	5	1\u000ablkio	4	1	1\u000amemory	10	5	1\u000adevices	7	1	1\u000afreezer	8	2	1\u000anet_cls	6	1	1\u000aperf_event	3	1	1\u000anet_prio	6	1	1\u000ahugetlb	2	1	1\u000apids	9	1	1\u000a
p307
sV/proc/cpuinfo
p308
Vprocessor	: 0\u000avendor_id	: GenuineIntel\u000acpu family	: 6\u000amodel		: 63\u000amodel name	: Intel(R) Xeon(R) Processor @ 2.50GHz\u000astepping	: 2\u000amicrocode	: 0x1\u000acpu MHz		: 2500.010\u000acache size	: 36608 KB\u000aphysical id	: 0\u000asiblings	: 2\u000acore id		: 0\u000acpu cores	: 2\u000aapicid		: 0\u000ainitial apicid	: 0\u000afpu		: yes\u000afpu_exception	: yes\u000acpuid level	: 13\u000awp		: yes\u000aflags		: fpu vme de pse tsc msr pae mce cx8 apic sep mtrr pge mca cmov pat pse36 clflush mmx fxsr sse sse2 ht syscall nx rdtscp lm constant_tsc rep_good nopl xtopology nonstop_tsc cpuid tsc_known_freq pni pclmulqdq ssse3 fma cx16 pcid sse4_1 sse4_2 x2apic movbe popcnt tsc_deadline_timer aes xsave avx f16c rdrand hypervisor lahf_lm abm cpuid_fault invpcid_single ssbd ibrs ibpb stibp ibrs_enhanced fsgsbase tsc_adjust bmi1 avx2 smep bmi2 erms invpcid smap xsaveopt arat md_clear arch_capabilities\u000abugs		: spectre_v1 spectre_v2 spec_store_bypass swapgs\u000abogomips	: 5000.02\u000aclflush size	: 64\u000acache_alignment	: 64\u000aaddress sizes	: 46 bits physical, 48 bits virtual\u000apower management:\u000a\u000aprocessor	: 1\u000avendor_id	: GenuineIntel\u000acpu family	: 6\u000amodel		: 63\u000amodel name	: Intel(R) Xeon(R) Processor @ 2.50GHz\u000astepping	: 2\u000amicrocode	: 0x1\u000acpu MHz		: 2500.010\u000acache size	: 36608 KB\u000aphysical id	: 0\u000asiblings	: 2\u000acore id		: 1\u000acpu cores	: 2\u000aapicid		: 1\u000ainitial apicid	: 1\u000afpu		: yes\u000afpu_exception	: yes\u000acpuid level	: 13\u000awp		: yes\u000aflags		: fpu vme de pse tsc msr pae mce cx8 apic sep mtrr pge mca cmov pat pse36 clflush mmx fxsr sse sse2 ht syscall nx rdtscp lm constant_tsc rep_good nopl xtopology nonstop_tsc cpuid tsc_known_freq pni pclmulqdq ssse3 fma cx16 pcid sse4_1 sse4_2 x2apic movbe popcnt tsc_deadline_timer aes xsave avx f16c rdrand hypervisor lahf_lm abm cpuid_fault invpcid_single ssbd ibrs ibpb stibp ibrs_enhanced fsgsbase tsc_adjust bmi1 avx2 smep bmi2 erms invpcid smap xsaveopt arat md_clear arch_capabilities\u000abugs		: spectre_v1 spectre_v2 spec_store_bypass swapgs\u000abogomips	: 5000.02\u000aclflush size	: 64\u000acache_alignment	: 64\u000aaddress sizes	: 46 bits physical, 48 bits virtual\u000apower management:\u000a\u000a
p309
sV/proc/meminfo
p310
VMemTotal:        1717184 kB\u000aMemFree:         1118212 kB\u000aMemAvailable:    1485828 kB\u000aBuffers:           17836 kB\u000aCached:           464060 kB\u000aSwapCached:            0 kB\u000aActive:           106624 kB\u000aInactive:         437004 kB\u000aActive(anon):      61724 kB\u000aInactive(anon):      216 kB\u000aActive(file):      44900 kB\u000aInactive(file):   436788 kB\u000aUnevictable:           0 kB\u000aMlocked:               0 kB\u000aSwapTotal:             0 kB\u000aSwapFree:              0 kB\u000aDirty:                 8 kB\u000aWriteback:             0 kB\u000aAnonPages:         61700 kB\u000aMapped:            35364 kB\u000aShmem:               220 kB\u000aSlab:              43176 kB\u000aSReclaimable:      32872 kB\u000aSUnreclaim:        10304 kB\u000aKernelStack:        1144 kB\u000aPageTables:         1412 kB\u000aNFS_Unstable:          0 kB\u000aBounce:                0 kB\u000aWritebackTmp:          0 kB\u000aCommitLimit:      858592 kB\u000aCommitted_AS:     254260 kB\u000aVmallocTotal:   34359738367 kB\u000aVmallocUsed:           0 kB\u000aVmallocChunk:          0 kB\u000aAnonHugePages:         0 kB\u000aShmemHugePages:        0 kB\u000aShmemPmdMapped:        0 kB\u000aHugePages_Total:       0\u000aHugePages_Free:        0\u000aHugePages_Rsvd:        0\u000aHugePages_Surp:        0\u000aHugepagesize:       2048 kB\u000aDirectMap4k:       21504 kB\u000aDirectMap2M:     1740800 kB\u000a
p311
ssVstatus_key
p312
Vpywren.jobs/e7ef63ff-2cc1-4e90-9eec-6b5de8d58a07/00006/status.json
p313
sVend_time
p314
F1609049266.736284
sVlog_group_name
p315
V/aws/lambda/pywren_redis_2
p316
sVdata_key
p317
Vpywren.jobs/e7ef63ff-2cc1-4e90-9eec-6b5de8d58a07/aggdata.pickle
p318
sa(dp319
Vcallset_id
p320
Ve7ef63ff-2cc1-4e90-9eec-6b5de8d58a07
p321
sVlog_stream_name
p322
V2020/12/27/[$LATEST]55aaeb19df1e42fa819e2e2f21dcd447
p323
sVstdout
p324
V
sVfunc_key
p325
Vpywren.jobs/e7ef63ff-2cc1-4e90-9eec-6b5de8d58a07/func.pickle
p326
sVfree_disk_bytes
p327
I120508416
sVruntime_cached
p328
I01
sVretcode
p329
I0
sVcall_id
p330
V00007
p331
sVoutput_key
p332
Vpywren.jobs/e7ef63ff-2cc1-4e90-9eec-6b5de8d58a07/00007/output.pickle
p333
sVruntime_s3_key_used
p334
V9c5315-pywren.runtimes/default_2.7.tar.gz.0049
p335
sVaws_request_id
p336
Vaad95015-4007-43c2-996c-7333b2d58a46
p337
sVexec_time
p338
F102.54583716392517
sVstart_time
p339
F1609049165.9900229
sVsetup_time
p340
F0.074692010879516602
sVruntime_s3_bucket_used
p341
Vpywren-runtimes-public-us-west-2
p342
sVexception
p343
NsVhost_submit_time
p344
F1609049165.7665999
sVserver_info
p345
(dp346
Vuname
p347
V('Linux', '169.254.151.189', '4.14.203-112.332.amzn2.x86_64', '#1 SMP Wed Nov 4 20:46:34 UTC 2020', 'x86_64', 'x86_64')
p348
sV/proc/self/cgroup
p349
VMemTotal:        1717184 kB\u000aMemFree:         1117996 kB\u000aMemAvailable:    1485168 kB\u000aBuffers:           17848 kB\u000aCached:           463604 kB\u000aSwapCached:            0 kB\u000aActive:           107544 kB\u000aInactive:         436024 kB\u000aActive(anon):      62116 kB\u000aInactive(anon):      216 kB\u000aActive(file):      45428 kB\u000aInactive(file):   435808 kB\u000aUnevictable:           0 kB\u000aMlocked:               0 kB\u000aSwapTotal:             0 kB\u000aSwapFree:              0 kB\u000aDirty:                 8 kB\u000aWriteback:             0 kB\u000aAnonPages:         62112 kB\u000aMapped:            35364 kB\u000aShmem:               220 kB\u000aSlab:              43152 kB\u000aSReclaimable:      32888 kB\u000aSUnreclaim:        10264 kB\u000aKernelStack:        1136 kB\u000aPageTables:         1328 kB\u000aNFS_Unstable:          0 kB\u000aBounce:                0 kB\u000aWritebackTmp:          0 kB\u000aCommitLimit:      858592 kB\u000aCommitted_AS:     254328 kB\u000aVmallocTotal:   34359738367 kB\u000aVmallocUsed:           0 kB\u000aVmallocChunk:          0 kB\u000aAnonHugePages:         0 kB\u000aShmemHugePages:        0 kB\u000aShmemPmdMapped:        0 kB\u000aHugePages_Total:       0\u000aHugePages_Free:        0\u000aHugePages_Rsvd:        0\u000aHugePages_Surp:        0\u000aHugepagesize:       2048 kB\u000aDirectMap4k:       21504 kB\u000aDirectMap2M:     1740800 kB\u000a
p350
sV/proc/cgroups
p351
V#subsys_name	hierarchy	num_cgroups	enabled\u000acpuset	2	1	1\u000acpu	4	5	1\u000acpuacct	4	5	1\u000ablkio	10	1	1\u000amemory	5	5	1\u000adevices	3	1	1\u000afreezer	7	2	1\u000anet_cls	9	1	1\u000aperf_event	8	1	1\u000anet_prio	9	1	1\u000ahugetlb	11	1	1\u000apids	6	1	1\u000a
p352
sV/proc/cpuinfo
p353
Vprocessor	: 0\u000avendor_id	: GenuineIntel\u000acpu family	: 6\u000amodel		: 63\u000amodel name	: Intel(R) Xeon(R) Processor @ 2.50GHz\u000astepping	: 2\u000amicrocode	: 0x1\u000acpu MHz		: 2500.012\u000acache size	: 36608 KB\u000aphysical id	: 0\u000asiblings	: 2\u000acore id		: 0\u000acpu cores	: 2\u000aapicid		: 0\u000ainitial apicid	: 0\u000afpu		: yes\u000afpu_exception	: yes\u000acpuid level	: 13\u000awp		: yes\u000aflags		: fpu vme de pse tsc msr pae mce cx8 apic sep mtrr pge mca cmov pat pse36 clflush mmx fxsr sse sse2 ht syscall nx rdtscp lm constant_tsc rep_good nopl xtopology nonstop_tsc cpuid tsc_known_freq pni pclmulqdq ssse3 fma cx16 pcid sse4_1 sse4_2 x2apic movbe popcnt tsc_deadline_timer aes xsave avx f16c rdrand hypervisor lahf_lm abm cpuid_fault invpcid_single ssbd ibrs ibpb stibp ibrs_enhanced fsgsbase tsc_adjust bmi1 avx2 smep bmi2 erms invpcid smap xsaveopt arat md_clear arch_capabilities\u000abugs		: spectre_v1 spectre_v2 spec_store_bypass swapgs\u000abogomips	: 5000.02\u000aclflush size	: 64\u000acache_alignment	: 64\u000aaddress sizes	: 46 bits physical, 48 bits virtual\u000apower management:\u000a\u000aprocessor	: 1\u000avendor_id	: GenuineIntel\u000acpu family	: 6\u000amodel		: 63\u000amodel name	: Intel(R) Xeon(R) Processor @ 2.50GHz\u000astepping	: 2\u000amicrocode	: 0x1\u000acpu MHz		: 2500.012\u000acache size	: 36608 KB\u000aphysical id	: 0\u000asiblings	: 2\u000acore id		: 1\u000acpu cores	: 2\u000aapicid		: 1\u000ainitial apicid	: 1\u000afpu		: yes\u000afpu_exception	: yes\u000acpuid level	: 13\u000awp		: yes\u000aflags		: fpu vme de pse tsc msr pae mce cx8 apic sep mtrr pge mca cmov pat pse36 clflush mmx fxsr sse sse2 ht syscall nx rdtscp lm constant_tsc rep_good nopl xtopology nonstop_tsc cpuid tsc_known_freq pni pclmulqdq ssse3 fma cx16 pcid sse4_1 sse4_2 x2apic movbe popcnt tsc_deadline_timer aes xsave avx f16c rdrand hypervisor lahf_lm abm cpuid_fault invpcid_single ssbd ibrs ibpb stibp ibrs_enhanced fsgsbase tsc_adjust bmi1 avx2 smep bmi2 erms invpcid smap xsaveopt arat md_clear arch_capabilities\u000abugs		: spectre_v1 spectre_v2 spec_store_bypass swapgs\u000abogomips	: 5000.02\u000aclflush size	: 64\u000acache_alignment	: 64\u000aaddress sizes	: 46 bits physical, 48 bits virtual\u000apower management:\u000a\u000a
p354
sV/proc/meminfo
p355
VMemTotal:        1717184 kB\u000aMemFree:         1117996 kB\u000aMemAvailable:    1485168 kB\u000aBuffers:           17848 kB\u000aCached:           463604 kB\u000aSwapCached:            0 kB\u000aActive:           107544 kB\u000aInactive:         436024 kB\u000aActive(anon):      62116 kB\u000aInactive(anon):      216 kB\u000aActive(file):      45428 kB\u000aInactive(file):   435808 kB\u000aUnevictable:           0 kB\u000aMlocked:               0 kB\u000aSwapTotal:             0 kB\u000aSwapFree:              0 kB\u000aDirty:                 8 kB\u000aWriteback:             0 kB\u000aAnonPages:         62112 kB\u000aMapped:            35364 kB\u000aShmem:               220 kB\u000aSlab:              43152 kB\u000aSReclaimable:      32888 kB\u000aSUnreclaim:        10264 kB\u000aKernelStack:        1136 kB\u000aPageTables:         1328 kB\u000aNFS_Unstable:          0 kB\u000aBounce:                0 kB\u000aWritebackTmp:          0 kB\u000aCommitLimit:      858592 kB\u000aCommitted_AS:     254328 kB\u000aVmallocTotal:   34359738367 kB\u000aVmallocUsed:           0 kB\u000aVmallocChunk:          0 kB\u000aAnonHugePages:         0 kB\u000aShmemHugePages:        0 kB\u000aShmemPmdMapped:        0 kB\u000aHugePages_Total:       0\u000aHugePages_Free:        0\u000aHugePages_Rsvd:        0\u000aHugePages_Surp:        0\u000aHugepagesize:       2048 kB\u000aDirectMap4k:       21504 kB\u000aDirectMap2M:     1740800 kB\u000a
p356
ssVstatus_key
p357
Vpywren.jobs/e7ef63ff-2cc1-4e90-9eec-6b5de8d58a07/00007/status.json
p358
sVend_time
p359
F1609049268.6105471
sVlog_group_name
p360
V/aws/lambda/pywren_redis_2
p361
sVdata_key
p362
Vpywren.jobs/e7ef63ff-2cc1-4e90-9eec-6b5de8d58a07/aggdata.pickle
p363
sa(dp364
Vcallset_id
p365
Ve7ef63ff-2cc1-4e90-9eec-6b5de8d58a07
p366
sVlog_stream_name
p367
V2020/12/27/[$LATEST]e412a2e9c36e4df0bc2c632f113044e0
p368
sVstdout
p369
V
sVfunc_key
p370
Vpywren.jobs/e7ef63ff-2cc1-4e90-9eec-6b5de8d58a07/func.pickle
p371
sVfree_disk_bytes
p372
I120508416
sVruntime_cached
p373
I01
sVretcode
p374
I0
sVcall_id
p375
V00008
p376
sVoutput_key
p377
Vpywren.jobs/e7ef63ff-2cc1-4e90-9eec-6b5de8d58a07/00008/output.pickle
p378
sVruntime_s3_key_used
p379
V4b94e1-pywren.runtimes/default_2.7.tar.gz.0083
p380
sVaws_request_id
p381
V2be684b1-efa7-45cb-8667-e9fb14722b3e
p382
sVexec_time
p383
F102.50251984596252
sVstart_time
p384
F1609049165.9368899
sVsetup_time
p385
F0.099860191345214844
sVruntime_s3_bucket_used
p386
Vpywren-runtimes-public-us-west-2
p387
sVexception
p388
NsVhost_submit_time
p389
F1609049165.776756
sVserver_info
p390
(dp391
Vuname
p392
V('Linux', '169.254.75.85', '4.14.203-112.332.amzn2.x86_64', '#1 SMP Wed Nov 4 20:46:34 UTC 2020', 'x86_64', 'x86_64')
p393
sV/proc/self/cgroup
p394
VMemTotal:        1717184 kB\u000aMemFree:         1118076 kB\u000aMemAvailable:    1485588 kB\u000aBuffers:           15732 kB\u000aCached:           465944 kB\u000aSwapCached:            0 kB\u000aActive:           104684 kB\u000aInactive:         438364 kB\u000aActive(anon):      61284 kB\u000aInactive(anon):      216 kB\u000aActive(file):      43400 kB\u000aInactive(file):   438148 kB\u000aUnevictable:           0 kB\u000aMlocked:               0 kB\u000aSwapTotal:             0 kB\u000aSwapFree:              0 kB\u000aDirty:               132 kB\u000aWriteback:             0 kB\u000aAnonPages:         61360 kB\u000aMapped:            35232 kB\u000aShmem:               220 kB\u000aSlab:              43220 kB\u000aSReclaimable:      32940 kB\u000aSUnreclaim:        10280 kB\u000aKernelStack:        1136 kB\u000aPageTables:         1340 kB\u000aNFS_Unstable:          0 kB\u000aBounce:                0 kB\u000aWritebackTmp:          0 kB\u000aCommitLimit:      858592 kB\u000aCommitted_AS:     251948 kB\u000aVmallocTotal:   34359738367 kB\u000aVmallocUsed:           0 kB\u000aVmallocChunk:          0 kB\u000aAnonHugePages:         0 kB\u000aShmemHugePages:        0 kB\u000aShmemPmdMapped:        0 kB\u000aHugePages_Total:       0\u000aHugePages_Free:        0\u000aHugePages_Rsvd:        0\u000aHugePages_Surp:        0\u000aHugepagesize:       2048 kB\u000aDirectMap4k:       21504 kB\u000aDirectMap2M:     1740800 kB\u000a
p395
sV/proc/cgroups
p396
V#subsys_name	hierarchy	num_cgroups	enabled\u000acpuset	3	1	1\u000acpu	6	5	1\u000acpuacct	6	5	1\u000ablkio	10	1	1\u000amemory	9	5	1\u000adevices	2	1	1\u000afreezer	11	2	1\u000anet_cls	4	1	1\u000aperf_event	5	1	1\u000anet_prio	4	1	1\u000ahugetlb	7	1	1\u000apids	8	1	1\u000a
p397
sV/proc/cpuinfo
p398
Vprocessor	: 0\u000avendor_id	: GenuineIntel\u000acpu family	: 6\u000amodel		: 63\u000amodel name	: Intel(R) Xeon(R) Processor @ 2.50GHz\u000astepping	: 2\u000amicrocode	: 0x1\u000acpu MHz		: 2500.010\u000acache size	: 36608 KB\u000aphysical id	: 0\u000asiblings	: 2\u000acore id		: 0\u000acpu cores	: 2\u000aapicid		: 0\u000ainitial apicid	: 0\u000afpu		: yes\u000afpu_exception	: yes\u000acpuid level	: 13\u000awp		: yes\u000aflags		: fpu vme de pse tsc msr pae mce cx8 apic sep mtrr pge mca cmov pat pse36 clflush mmx fxsr sse sse2 ht syscall nx rdtscp lm constant_tsc rep_good nopl xtopology nonstop_tsc cpuid tsc_known_freq pni pclmulqdq ssse3 fma cx16 pcid sse4_1 sse4_2 x2apic movbe popcnt tsc_deadline_timer aes xsave avx f16c rdrand hypervisor lahf_lm abm cpuid_fault invpcid_single ssbd ibrs ibpb stibp ibrs_enhanced fsgsbase tsc_adjust bmi1 avx2 smep bmi2 erms invpcid smap xsaveopt arat md_clear arch_capabilities\u000abugs		: spectre_v1 spectre_v2 spec_store_bypass swapgs\u000abogomips	: 5000.02\u000aclflush size	: 64\u000acache_alignment	: 64\u000aaddress sizes	: 46 bits physical, 48 bits virtual\u000apower management:\u000a\u000aprocessor	: 1\u000avendor_id	: GenuineIntel\u000acpu family	: 6\u000amodel		: 63\u000amodel name	: Intel(R) Xeon(R) Processor @ 2.50GHz\u000astepping	: 2\u000amicrocode	: 0x1\u000acpu MHz		: 2500.010\u000acache size	: 36608 KB\u000aphysical id	: 0\u000asiblings	: 2\u000acore id		: 1\u000acpu cores	: 2\u000aapicid		: 1\u000ainitial apicid	: 1\u000afpu		: yes\u000afpu_exception	: yes\u000acpuid level	: 13\u000awp		: yes\u000aflags		: fpu vme de pse tsc msr pae mce cx8 apic sep mtrr pge mca cmov pat pse36 clflush mmx fxsr sse sse2 ht syscall nx rdtscp lm constant_tsc rep_good nopl xtopology nonstop_tsc cpuid tsc_known_freq pni pclmulqdq ssse3 fma cx16 pcid sse4_1 sse4_2 x2apic movbe popcnt tsc_deadline_timer aes xsave avx f16c rdrand hypervisor lahf_lm abm cpuid_fault invpcid_single ssbd ibrs ibpb stibp ibrs_enhanced fsgsbase tsc_adjust bmi1 avx2 smep bmi2 erms invpcid smap xsaveopt arat md_clear arch_capabilities\u000abugs		: spectre_v1 spectre_v2 spec_store_bypass swapgs\u000abogomips	: 5000.02\u000aclflush size	: 64\u000acache_alignment	: 64\u000aaddress sizes	: 46 bits physical, 48 bits virtual\u000apower management:\u000a\u000a
p399
sV/proc/meminfo
p400
VMemTotal:        1717184 kB\u000aMemFree:         1118076 kB\u000aMemAvailable:    1485588 kB\u000aBuffers:           15732 kB\u000aCached:           465944 kB\u000aSwapCached:            0 kB\u000aActive:           104684 kB\u000aInactive:         438364 kB\u000aActive(anon):      61284 kB\u000aInactive(anon):      216 kB\u000aActive(file):      43400 kB\u000aInactive(file):   438148 kB\u000aUnevictable:           0 kB\u000aMlocked:               0 kB\u000aSwapTotal:             0 kB\u000aSwapFree:              0 kB\u000aDirty:               132 kB\u000aWriteback:             0 kB\u000aAnonPages:         61360 kB\u000aMapped:            35232 kB\u000aShmem:               220 kB\u000aSlab:              43220 kB\u000aSReclaimable:      32940 kB\u000aSUnreclaim:        10280 kB\u000aKernelStack:        1136 kB\u000aPageTables:         1340 kB\u000aNFS_Unstable:          0 kB\u000aBounce:                0 kB\u000aWritebackTmp:          0 kB\u000aCommitLimit:      858592 kB\u000aCommitted_AS:     251948 kB\u000aVmallocTotal:   34359738367 kB\u000aVmallocUsed:           0 kB\u000aVmallocChunk:          0 kB\u000aAnonHugePages:         0 kB\u000aShmemHugePages:        0 kB\u000aShmemPmdMapped:        0 kB\u000aHugePages_Total:       0\u000aHugePages_Free:        0\u000aHugePages_Rsvd:        0\u000aHugePages_Surp:        0\u000aHugepagesize:       2048 kB\u000aDirectMap4k:       21504 kB\u000aDirectMap2M:     1740800 kB\u000a
p401
ssVstatus_key
p402
Vpywren.jobs/e7ef63ff-2cc1-4e90-9eec-6b5de8d58a07/00008/status.json
p403
sVend_time
p404
F1609049268.539264
sVlog_group_name
p405
V/aws/lambda/pywren_redis_2
p406
sVdata_key
p407
Vpywren.jobs/e7ef63ff-2cc1-4e90-9eec-6b5de8d58a07/aggdata.pickle
p408
sa(dp409
Vcallset_id
p410
Ve7ef63ff-2cc1-4e90-9eec-6b5de8d58a07
p411
sVlog_stream_name
p412
V2020/12/27/[$LATEST]31449cc44b7348389a9e59322d6bd508
p413
sVstdout
p414
V
sVfunc_key
p415
Vpywren.jobs/e7ef63ff-2cc1-4e90-9eec-6b5de8d58a07/func.pickle
p416
sVfree_disk_bytes
p417
I120508416
sVruntime_cached
p418
I01
sVretcode
p419
I0
sVcall_id
p420
V00009
p421
sVoutput_key
p422
Vpywren.jobs/e7ef63ff-2cc1-4e90-9eec-6b5de8d58a07/00009/output.pickle
p423
sVruntime_s3_key_used
p424
Vb96969-pywren.runtimes/default_2.7.tar.gz.0093
p425
sVaws_request_id
p426
V0fb74344-9484-4ac5-af5f-ed11b367d50c
p427
sVexec_time
p428
F102.50905299186707
sVstart_time
p429
F1609049165.9277251
sVsetup_time
p430
F0.12220883369445801
sVruntime_s3_bucket_used
p431
Vpywren-runtimes-public-us-west-2
p432
sVexception
p433
NsVhost_submit_time
p434
F1609049165.7962871
sVserver_info
p435
(dp436
Vuname
p437
V('Linux', '169.254.12.165', '4.14.203-112.332.amzn2.x86_64', '#1 SMP Wed Nov 4 20:46:34 UTC 2020', 'x86_64', 'x86_64')
p438
sV/proc/self/cgroup
p439
VMemTotal:        1717184 kB\u000aMemFree:         1116500 kB\u000aMemAvailable:    1485944 kB\u000aBuffers:           17332 kB\u000aCached:           466320 kB\u000aSwapCached:            0 kB\u000aActive:           106344 kB\u000aInactive:         438840 kB\u000aActive(anon):      61520 kB\u000aInactive(anon):      216 kB\u000aActive(file):      44824 kB\u000aInactive(file):   438624 kB\u000aUnevictable:           0 kB\u000aMlocked:               0 kB\u000aSwapTotal:             0 kB\u000aSwapFree:              0 kB\u000aDirty:                 4 kB\u000aWriteback:             0 kB\u000aAnonPages:         61520 kB\u000aMapped:            35552 kB\u000aShmem:               220 kB\u000aSlab:              43052 kB\u000aSReclaimable:      33004 kB\u000aSUnreclaim:        10048 kB\u000aKernelStack:        1152 kB\u000aPageTables:         1324 kB\u000aNFS_Unstable:          0 kB\u000aBounce:                0 kB\u000aWritebackTmp:          0 kB\u000aCommitLimit:      858592 kB\u000aCommitted_AS:     262524 kB\u000aVmallocTotal:   34359738367 kB\u000aVmallocUsed:           0 kB\u000aVmallocChunk:          0 kB\u000aAnonHugePages:         0 kB\u000aShmemHugePages:        0 kB\u000aShmemPmdMapped:        0 kB\u000aHugePages_Total:       0\u000aHugePages_Free:        0\u000aHugePages_Rsvd:        0\u000aHugePages_Surp:        0\u000aHugepagesize:       2048 kB\u000aDirectMap4k:       19456 kB\u000aDirectMap2M:     1742848 kB\u000a
p440
sV/proc/cgroups
p441
V#subsys_name	hierarchy	num_cgroups	enabled\u000acpuset	8	1	1\u000acpu	6	5	1\u000acpuacct	6	5	1\u000ablkio	7	1	1\u000amemory	11	5	1\u000adevices	9	1	1\u000afreezer	4	2	1\u000anet_cls	5	1	1\u000aperf_event	10	1	1\u000anet_prio	5	1	1\u000ahugetlb	2	1	1\u000apids	3	1	1\u000a
p442
sV/proc/cpuinfo
p443
Vprocessor	: 0\u000avendor_id	: GenuineIntel\u000acpu family	: 6\u000amodel		: 63\u000amodel name	: Intel(R) Xeon(R) Processor @ 2.50GHz\u000astepping	: 2\u000amicrocode	: 0x1\u000acpu MHz		: 2500.012\u000acache size	: 36608 KB\u000aphysical id	: 0\u000asiblings	: 2\u000acore id		: 0\u000acpu cores	: 2\u000aapicid		: 0\u000ainitial apicid	: 0\u000afpu		: yes\u000afpu_exception	: yes\u000acpuid level	: 13\u000awp		: yes\u000aflags		: fpu vme de pse tsc msr pae mce cx8 apic sep mtrr pge mca cmov pat pse36 clflush mmx fxsr sse sse2 ht syscall nx rdtscp lm constant_tsc rep_good nopl xtopology nonstop_tsc cpuid tsc_known_freq pni pclmulqdq ssse3 fma cx16 pcid sse4_1 sse4_2 x2apic movbe popcnt tsc_deadline_timer aes xsave avx f16c rdrand hypervisor lahf_lm abm cpuid_fault invpcid_single ssbd ibrs ibpb stibp ibrs_enhanced fsgsbase tsc_adjust bmi1 avx2 smep bmi2 erms invpcid smap xsaveopt arat md_clear arch_capabilities\u000abugs		: spectre_v1 spectre_v2 spec_store_bypass swapgs\u000abogomips	: 5000.02\u000aclflush size	: 64\u000acache_alignment	: 64\u000aaddress sizes	: 46 bits physical, 48 bits virtual\u000apower management:\u000a\u000aprocessor	: 1\u000avendor_id	: GenuineIntel\u000acpu family	: 6\u000amodel		: 63\u000amodel name	: Intel(R) Xeon(R) Processor @ 2.50GHz\u000astepping	: 2\u000amicrocode	: 0x1\u000acpu MHz		: 2500.012\u000acache size	: 36608 KB\u000aphysical id	: 0\u000asiblings	: 2\u000acore id		: 1\u000acpu cores	: 2\u000aapicid		: 1\u000ainitial apicid	: 1\u000afpu		: yes\u000afpu_exception	: yes\u000acpuid level	: 13\u000awp		: yes\u000aflags		: fpu vme de pse tsc msr pae mce cx8 apic sep mtrr pge mca cmov pat pse36 clflush mmx fxsr sse sse2 ht syscall nx rdtscp lm constant_tsc rep_good nopl xtopology nonstop_tsc cpuid tsc_known_freq pni pclmulqdq ssse3 fma cx16 pcid sse4_1 sse4_2 x2apic movbe popcnt tsc_deadline_timer aes xsave avx f16c rdrand hypervisor lahf_lm abm cpuid_fault invpcid_single ssbd ibrs ibpb stibp ibrs_enhanced fsgsbase tsc_adjust bmi1 avx2 smep bmi2 erms invpcid smap xsaveopt arat md_clear arch_capabilities\u000abugs		: spectre_v1 spectre_v2 spec_store_bypass swapgs\u000abogomips	: 5000.02\u000aclflush size	: 64\u000acache_alignment	: 64\u000aaddress sizes	: 46 bits physical, 48 bits virtual\u000apower management:\u000a\u000a
p444
sV/proc/meminfo
p445
VMemTotal:        1717184 kB\u000aMemFree:         1116500 kB\u000aMemAvailable:    1485944 kB\u000aBuffers:           17332 kB\u000aCached:           466320 kB\u000aSwapCached:            0 kB\u000aActive:           106344 kB\u000aInactive:         438840 kB\u000aActive(anon):      61520 kB\u000aInactive(anon):      216 kB\u000aActive(file):      44824 kB\u000aInactive(file):   438624 kB\u000aUnevictable:           0 kB\u000aMlocked:               0 kB\u000aSwapTotal:             0 kB\u000aSwapFree:              0 kB\u000aDirty:                 4 kB\u000aWriteback:             0 kB\u000aAnonPages:         61520 kB\u000aMapped:            35552 kB\u000aShmem:               220 kB\u000aSlab:              43052 kB\u000aSReclaimable:      33004 kB\u000aSUnreclaim:        10048 kB\u000aKernelStack:        1152 kB\u000aPageTables:         1324 kB\u000aNFS_Unstable:          0 kB\u000aBounce:                0 kB\u000aWritebackTmp:          0 kB\u000aCommitLimit:      858592 kB\u000aCommitted_AS:     262524 kB\u000aVmallocTotal:   34359738367 kB\u000aVmallocUsed:           0 kB\u000aVmallocChunk:          0 kB\u000aAnonHugePages:         0 kB\u000aShmemHugePages:        0 kB\u000aShmemPmdMapped:        0 kB\u000aHugePages_Total:       0\u000aHugePages_Free:        0\u000aHugePages_Rsvd:        0\u000aHugePages_Surp:        0\u000aHugepagesize:       2048 kB\u000aDirectMap4k:       19456 kB\u000aDirectMap2M:     1742848 kB\u000a
p446
ssVstatus_key
p447
Vpywren.jobs/e7ef63ff-2cc1-4e90-9eec-6b5de8d58a07/00009/status.json
p448
sVend_time
p449
F1609049268.5589831
sVlog_group_name
p450
V/aws/lambda/pywren_redis_2
p451
sVdata_key
p452
Vpywren.jobs/e7ef63ff-2cc1-4e90-9eec-6b5de8d58a07/aggdata.pickle
p453
sa(dp454
Vcallset_id
p455
Ve7ef63ff-2cc1-4e90-9eec-6b5de8d58a07
p456
sVlog_stream_name
p457
V2020/12/27/[$LATEST]0145d2c294b64e06928bd13025a9871d
p458
sVstdout
p459
V
sVfunc_key
p460
Vpywren.jobs/e7ef63ff-2cc1-4e90-9eec-6b5de8d58a07/func.pickle
p461
sVfree_disk_bytes
p462
I120508416
sVruntime_cached
p463
I01
sVretcode
p464
I0
sVcall_id
p465
V00010
p466
sVoutput_key
p467
Vpywren.jobs/e7ef63ff-2cc1-4e90-9eec-6b5de8d58a07/00010/output.pickle
p468
sVruntime_s3_key_used
p469
V5020c8-pywren.runtimes/default_2.7.tar.gz.0027
p470
sVaws_request_id
p471
Vf7d931dc-d206-4331-9d30-7ee43e22fddd
p472
sVexec_time
p473
F100.7750039100647
sVstart_time
p474
F1609049165.948756
sVsetup_time
p475
F0.084932088851928711
sVruntime_s3_bucket_used
p476
Vpywren-runtimes-public-us-west-2
p477
sVexception
p478
NsVhost_submit_time
p479
F1609049165.7871981
sVserver_info
p480
(dp481
Vuname
p482
V('Linux', '169.254.57.5', '4.14.203-112.332.amzn2.x86_64', '#1 SMP Wed Nov 4 20:46:34 UTC 2020', 'x86_64', 'x86_64')
p483
sV/proc/self/cgroup
p484
VMemTotal:        1717184 kB\u000aMemFree:         1117628 kB\u000aMemAvailable:    1484508 kB\u000aBuffers:           15600 kB\u000aCached:           465444 kB\u000aSwapCached:            0 kB\u000aActive:           105452 kB\u000aInactive:         437784 kB\u000aActive(anon):      62172 kB\u000aInactive(anon):      216 kB\u000aActive(file):      43280 kB\u000aInactive(file):   437568 kB\u000aUnevictable:           0 kB\u000aMlocked:               0 kB\u000aSwapTotal:             0 kB\u000aSwapFree:              0 kB\u000aDirty:               196 kB\u000aWriteback:             0 kB\u000aAnonPages:         62160 kB\u000aMapped:            34748 kB\u000aShmem:               220 kB\u000aSlab:              43840 kB\u000aSReclaimable:      33076 kB\u000aSUnreclaim:        10764 kB\u000aKernelStack:        1152 kB\u000aPageTables:         1416 kB\u000aNFS_Unstable:          0 kB\u000aBounce:                0 kB\u000aWritebackTmp:          0 kB\u000aCommitLimit:      858592 kB\u000aCommitted_AS:     262580 kB\u000aVmallocTotal:   34359738367 kB\u000aVmallocUsed:           0 kB\u000aVmallocChunk:          0 kB\u000aAnonHugePages:         0 kB\u000aShmemHugePages:        0 kB\u000aShmemPmdMapped:        0 kB\u000aHugePages_Total:       0\u000aHugePages_Free:        0\u000aHugePages_Rsvd:        0\u000aHugePages_Surp:        0\u000aHugepagesize:       2048 kB\u000aDirectMap4k:       21504 kB\u000aDirectMap2M:     1740800 kB\u000a
p485
sV/proc/cgroups
p486
V#subsys_name	hierarchy	num_cgroups	enabled\u000acpuset	6	1	1\u000acpu	2	5	1\u000acpuacct	2	5	1\u000ablkio	4	1	1\u000amemory	10	5	1\u000adevices	11	1	1\u000afreezer	8	2	1\u000anet_cls	3	1	1\u000aperf_event	9	1	1\u000anet_prio	3	1	1\u000ahugetlb	5	1	1\u000apids	7	1	1\u000a
p487
sV/proc/cpuinfo
p488
Vprocessor	: 0\u000avendor_id	: GenuineIntel\u000acpu family	: 6\u000amodel		: 63\u000amodel name	: Intel(R) Xeon(R) Processor @ 2.50GHz\u000astepping	: 2\u000amicrocode	: 0x1\u000acpu MHz		: 2500.010\u000acache size	: 36608 KB\u000aphysical id	: 0\u000asiblings	: 2\u000acore id		: 0\u000acpu cores	: 2\u000aapicid		: 0\u000ainitial apicid	: 0\u000afpu		: yes\u000afpu_exception	: yes\u000acpuid level	: 13\u000awp		: yes\u000aflags		: fpu vme de pse tsc msr pae mce cx8 apic sep mtrr pge mca cmov pat pse36 clflush mmx fxsr sse sse2 ht syscall nx rdtscp lm constant_tsc rep_good nopl xtopology nonstop_tsc cpuid tsc_known_freq pni pclmulqdq ssse3 fma cx16 pcid sse4_1 sse4_2 x2apic movbe popcnt tsc_deadline_timer aes xsave avx f16c rdrand hypervisor lahf_lm abm cpuid_fault invpcid_single ssbd ibrs ibpb stibp ibrs_enhanced fsgsbase tsc_adjust bmi1 avx2 smep bmi2 erms invpcid smap xsaveopt arat md_clear arch_capabilities\u000abugs		: spectre_v1 spectre_v2 spec_store_bypass swapgs\u000abogomips	: 5000.02\u000aclflush size	: 64\u000acache_alignment	: 64\u000aaddress sizes	: 46 bits physical, 48 bits virtual\u000apower management:\u000a\u000aprocessor	: 1\u000avendor_id	: GenuineIntel\u000acpu family	: 6\u000amodel		: 63\u000amodel name	: Intel(R) Xeon(R) Processor @ 2.50GHz\u000astepping	: 2\u000amicrocode	: 0x1\u000acpu MHz		: 2500.010\u000acache size	: 36608 KB\u000aphysical id	: 0\u000asiblings	: 2\u000acore id		: 1\u000acpu cores	: 2\u000aapicid		: 1\u000ainitial apicid	: 1\u000afpu		: yes\u000afpu_exception	: yes\u000acpuid level	: 13\u000awp		: yes\u000aflags		: fpu vme de pse tsc msr pae mce cx8 apic sep mtrr pge mca cmov pat pse36 clflush mmx fxsr sse sse2 ht syscall nx rdtscp lm constant_tsc rep_good nopl xtopology nonstop_tsc cpuid tsc_known_freq pni pclmulqdq ssse3 fma cx16 pcid sse4_1 sse4_2 x2apic movbe popcnt tsc_deadline_timer aes xsave avx f16c rdrand hypervisor lahf_lm abm cpuid_fault invpcid_single ssbd ibrs ibpb stibp ibrs_enhanced fsgsbase tsc_adjust bmi1 avx2 smep bmi2 erms invpcid smap xsaveopt arat md_clear arch_capabilities\u000abugs		: spectre_v1 spectre_v2 spec_store_bypass swapgs\u000abogomips	: 5000.02\u000aclflush size	: 64\u000acache_alignment	: 64\u000aaddress sizes	: 46 bits physical, 48 bits virtual\u000apower management:\u000a\u000a
p489
sV/proc/meminfo
p490
VMemTotal:        1717184 kB\u000aMemFree:         1117628 kB\u000aMemAvailable:    1484508 kB\u000aBuffers:           15600 kB\u000aCached:           465444 kB\u000aSwapCached:            0 kB\u000aActive:           105452 kB\u000aInactive:         437784 kB\u000aActive(anon):      62172 kB\u000aInactive(anon):      216 kB\u000aActive(file):      43280 kB\u000aInactive(file):   437568 kB\u000aUnevictable:           0 kB\u000aMlocked:               0 kB\u000aSwapTotal:             0 kB\u000aSwapFree:              0 kB\u000aDirty:               196 kB\u000aWriteback:             0 kB\u000aAnonPages:         62160 kB\u000aMapped:            34748 kB\u000aShmem:               220 kB\u000aSlab:              43840 kB\u000aSReclaimable:      33076 kB\u000aSUnreclaim:        10764 kB\u000aKernelStack:        1152 kB\u000aPageTables:         1416 kB\u000aNFS_Unstable:          0 kB\u000aBounce:                0 kB\u000aWritebackTmp:          0 kB\u000aCommitLimit:      858592 kB\u000aCommitted_AS:     262580 kB\u000aVmallocTotal:   34359738367 kB\u000aVmallocUsed:           0 kB\u000aVmallocChunk:          0 kB\u000aAnonHugePages:         0 kB\u000aShmemHugePages:        0 kB\u000aShmemPmdMapped:        0 kB\u000aHugePages_Total:       0\u000aHugePages_Free:        0\u000aHugePages_Rsvd:        0\u000aHugePages_Surp:        0\u000aHugepagesize:       2048 kB\u000aDirectMap4k:       21504 kB\u000aDirectMap2M:     1740800 kB\u000a
p491
ssVstatus_key
p492
Vpywren.jobs/e7ef63ff-2cc1-4e90-9eec-6b5de8d58a07/00010/status.json
p493
sVend_time
p494
F1609049266.8086851
sVlog_group_name
p495
V/aws/lambda/pywren_redis_2
p496
sVdata_key
p497
Vpywren.jobs/e7ef63ff-2cc1-4e90-9eec-6b5de8d58a07/aggdata.pickle
p498
sa(dp499
Vcallset_id
p500
Ve7ef63ff-2cc1-4e90-9eec-6b5de8d58a07
p501
sVlog_stream_name
p502
V2020/12/27/[$LATEST]d8e1275e6d3e4e43a9318608b57c9961
p503
sVstdout
p504
V
sVfunc_key
p505
Vpywren.jobs/e7ef63ff-2cc1-4e90-9eec-6b5de8d58a07/func.pickle
p506
sVfree_disk_bytes
p507
I120508416
sVruntime_cached
p508
I01
sVretcode
p509
I0
sVcall_id
p510
V00011
p511
sVoutput_key
p512
Vpywren.jobs/e7ef63ff-2cc1-4e90-9eec-6b5de8d58a07/00011/output.pickle
p513
sVruntime_s3_key_used
p514
V12207e-pywren.runtimes/default_2.7.tar.gz.0044
p515
sVaws_request_id
p516
V57ffb884-7ba9-4e8d-9b35-0caa6ddee273
p517
sVexec_time
p518
F102.47369480133057
sVstart_time
p519
F1609049165.9529791
sVsetup_time
p520
F0.084408998489379883
sVruntime_s3_bucket_used
p521
Vpywren-runtimes-public-us-west-2
p522
sVexception
p523
NsVhost_submit_time
p524
F1609049165.7894051
sVserver_info
p525
(dp526
Vuname
p527
V('Linux', '169.254.240.125', '4.14.203-112.332.amzn2.x86_64', '#1 SMP Wed Nov 4 20:46:34 UTC 2020', 'x86_64', 'x86_64')
p528
sV/proc/self/cgroup
p529
VMemTotal:        1717184 kB\u000aMemFree:         1116728 kB\u000aMemAvailable:    1486032 kB\u000aBuffers:           17468 kB\u000aCached:           466036 kB\u000aSwapCached:            0 kB\u000aActive:           106228 kB\u000aInactive:         438652 kB\u000aActive(anon):      61368 kB\u000aInactive(anon):      216 kB\u000aActive(file):      44860 kB\u000aInactive(file):   438436 kB\u000aUnevictable:           0 kB\u000aMlocked:               0 kB\u000aSwapTotal:             0 kB\u000aSwapFree:              0 kB\u000aDirty:               216 kB\u000aWriteback:             0 kB\u000aAnonPages:         61364 kB\u000aMapped:            35040 kB\u000aShmem:               220 kB\u000aSlab:              43060 kB\u000aSReclaimable:      33032 kB\u000aSUnreclaim:        10028 kB\u000aKernelStack:        1136 kB\u000aPageTables:         1320 kB\u000aNFS_Unstable:          0 kB\u000aBounce:                0 kB\u000aWritebackTmp:          0 kB\u000aCommitLimit:      858592 kB\u000aCommitted_AS:     254336 kB\u000aVmallocTotal:   34359738367 kB\u000aVmallocUsed:           0 kB\u000aVmallocChunk:          0 kB\u000aAnonHugePages:         0 kB\u000aShmemHugePages:        0 kB\u000aShmemPmdMapped:        0 kB\u000aHugePages_Total:       0\u000aHugePages_Free:        0\u000aHugePages_Rsvd:        0\u000aHugePages_Surp:        0\u000aHugepagesize:       2048 kB\u000aDirectMap4k:       23552 kB\u000aDirectMap2M:     1738752 kB\u000a
p530
sV/proc/cgroups
p531
V#subsys_name	hierarchy	num_cgroups	enabled\u000acpuset	6	1	1\u000acpu	5	5	1\u000acpuacct	5	5	1\u000ablkio	11	1	1\u000amemory	3	5	1\u000adevices	8	1	1\u000afreezer	9	2	1\u000anet_cls	4	1	1\u000aperf_event	2	1	1\u000anet_prio	4	1	1\u000ahugetlb	7	1	1\u000apids	10	1	1\u000a
p532
sV/proc/cpuinfo
p533
Vprocessor	: 0\u000avendor_id	: GenuineIntel\u000acpu family	: 6\u000amodel		: 63\u000amodel name	: Intel(R) Xeon(R) Processor @ 2.50GHz\u000astepping	: 2\u000amicrocode	: 0x1\u000acpu MHz		: 2500.012\u000acache size	: 36608 KB\u000aphysical id	: 0\u000asiblings	: 2\u000acore id		: 0\u000acpu cores	: 2\u000aapicid		: 0\u000ainitial apicid	: 0\u000afpu		: yes\u000afpu_exception	: yes\u000acpuid level	: 13\u000awp		: yes\u000aflags		: fpu vme de pse tsc msr pae mce cx8 apic sep mtrr pge mca cmov pat pse36 clflush mmx fxsr sse sse2 ht syscall nx rdtscp lm constant_tsc rep_good nopl xtopology nonstop_tsc cpuid tsc_known_freq pni pclmulqdq ssse3 fma cx16 pcid sse4_1 sse4_2 x2apic movbe popcnt tsc_deadline_timer aes xsave avx f16c rdrand hypervisor lahf_lm abm cpuid_fault invpcid_single ssbd ibrs ibpb stibp ibrs_enhanced fsgsbase tsc_adjust bmi1 avx2 smep bmi2 erms invpcid smap xsaveopt arat md_clear arch_capabilities\u000abugs		: spectre_v1 spectre_v2 spec_store_bypass swapgs\u000abogomips	: 5000.02\u000aclflush size	: 64\u000acache_alignment	: 64\u000aaddress sizes	: 46 bits physical, 48 bits virtual\u000apower management:\u000a\u000aprocessor	: 1\u000avendor_id	: GenuineIntel\u000acpu family	: 6\u000amodel		: 63\u000amodel name	: Intel(R) Xeon(R) Processor @ 2.50GHz\u000astepping	: 2\u000amicrocode	: 0x1\u000acpu MHz		: 2500.012\u000acache size	: 36608 KB\u000aphysical id	: 0\u000asiblings	: 2\u000acore id		: 1\u000acpu cores	: 2\u000aapicid		: 1\u000ainitial apicid	: 1\u000afpu		: yes\u000afpu_exception	: yes\u000acpuid level	: 13\u000awp		: yes\u000aflags		: fpu vme de pse tsc msr pae mce cx8 apic sep mtrr pge mca cmov pat pse36 clflush mmx fxsr sse sse2 ht syscall nx rdtscp lm constant_tsc rep_good nopl xtopology nonstop_tsc cpuid tsc_known_freq pni pclmulqdq ssse3 fma cx16 pcid sse4_1 sse4_2 x2apic movbe popcnt tsc_deadline_timer aes xsave avx f16c rdrand hypervisor lahf_lm abm cpuid_fault invpcid_single ssbd ibrs ibpb stibp ibrs_enhanced fsgsbase tsc_adjust bmi1 avx2 smep bmi2 erms invpcid smap xsaveopt arat md_clear arch_capabilities\u000abugs		: spectre_v1 spectre_v2 spec_store_bypass swapgs\u000abogomips	: 5000.02\u000aclflush size	: 64\u000acache_alignment	: 64\u000aaddress sizes	: 46 bits physical, 48 bits virtual\u000apower management:\u000a\u000a
p534
sV/proc/meminfo
p535
VMemTotal:        1717184 kB\u000aMemFree:         1116728 kB\u000aMemAvailable:    1486032 kB\u000aBuffers:           17468 kB\u000aCached:           466036 kB\u000aSwapCached:            0 kB\u000aActive:           106228 kB\u000aInactive:         438652 kB\u000aActive(anon):      61368 kB\u000aInactive(anon):      216 kB\u000aActive(file):      44860 kB\u000aInactive(file):   438436 kB\u000aUnevictable:           0 kB\u000aMlocked:               0 kB\u000aSwapTotal:             0 kB\u000aSwapFree:              0 kB\u000aDirty:               216 kB\u000aWriteback:             0 kB\u000aAnonPages:         61364 kB\u000aMapped:            35040 kB\u000aShmem:               220 kB\u000aSlab:              43060 kB\u000aSReclaimable:      33032 kB\u000aSUnreclaim:        10028 kB\u000aKernelStack:        1136 kB\u000aPageTables:         1320 kB\u000aNFS_Unstable:          0 kB\u000aBounce:                0 kB\u000aWritebackTmp:          0 kB\u000aCommitLimit:      858592 kB\u000aCommitted_AS:     254336 kB\u000aVmallocTotal:   34359738367 kB\u000aVmallocUsed:           0 kB\u000aVmallocChunk:          0 kB\u000aAnonHugePages:         0 kB\u000aShmemHugePages:        0 kB\u000aShmemPmdMapped:        0 kB\u000aHugePages_Total:       0\u000aHugePages_Free:        0\u000aHugePages_Rsvd:        0\u000aHugePages_Surp:        0\u000aHugepagesize:       2048 kB\u000aDirectMap4k:       23552 kB\u000aDirectMap2M:     1738752 kB\u000a
p536
ssVstatus_key
p537
Vpywren.jobs/e7ef63ff-2cc1-4e90-9eec-6b5de8d58a07/00011/status.json
p538
sVend_time
p539
F1609049268.5110769
sVlog_group_name
p540
V/aws/lambda/pywren_redis_2
p541
sVdata_key
p542
Vpywren.jobs/e7ef63ff-2cc1-4e90-9eec-6b5de8d58a07/aggdata.pickle
p543
sa(dp544
Vcallset_id
p545
Ve7ef63ff-2cc1-4e90-9eec-6b5de8d58a07
p546
sVlog_stream_name
p547
V2020/12/27/[$LATEST]120481eaf6e143bb97b40430783bc9d9
p548
sVstdout
p549
V
sVfunc_key
p550
Vpywren.jobs/e7ef63ff-2cc1-4e90-9eec-6b5de8d58a07/func.pickle
p551
sVfree_disk_bytes
p552
I120508416
sVruntime_cached
p553
I01
sVretcode
p554
I0
sVcall_id
p555
V00012
p556
sVoutput_key
p557
Vpywren.jobs/e7ef63ff-2cc1-4e90-9eec-6b5de8d58a07/00012/output.pickle
p558
sVruntime_s3_key_used
p559
V10e0c7-pywren.runtimes/default_2.7.tar.gz.0022
p560
sVaws_request_id
p561
Vf6b0f2dd-f88d-4e8f-aebd-04e1526bcba8
p562
sVexec_time
p563
F102.45976281166077
sVstart_time
p564
F1609049165.9914269
sVsetup_time
p565
F0.065966129302978516
sVruntime_s3_bucket_used
p566
Vpywren-runtimes-public-us-west-2
p567
sVexception
p568
NsVhost_submit_time
p569
F1609049165.8069961
sVserver_info
p570
(dp571
Vuname
p572
V('Linux', '169.254.7.125', '4.14.203-112.332.amzn2.x86_64', '#1 SMP Wed Nov 4 20:46:34 UTC 2020', 'x86_64', 'x86_64')
p573
sV/proc/self/cgroup
p574
VMemTotal:        1717184 kB\u000aMemFree:         1118448 kB\u000aMemAvailable:    1485916 kB\u000aBuffers:           15916 kB\u000aCached:           465732 kB\u000aSwapCached:            0 kB\u000aActive:           105124 kB\u000aInactive:         438048 kB\u000aActive(anon):      61492 kB\u000aInactive(anon):      212 kB\u000aActive(file):      43632 kB\u000aInactive(file):   437836 kB\u000aUnevictable:           0 kB\u000aMlocked:               0 kB\u000aSwapTotal:             0 kB\u000aSwapFree:              0 kB\u000aDirty:               200 kB\u000aWriteback:             0 kB\u000aAnonPages:         61512 kB\u000aMapped:            34976 kB\u000aShmem:               220 kB\u000aSlab:              43200 kB\u000aSReclaimable:      33012 kB\u000aSUnreclaim:        10188 kB\u000aKernelStack:        1136 kB\u000aPageTables:         1324 kB\u000aNFS_Unstable:          0 kB\u000aBounce:                0 kB\u000aWritebackTmp:          0 kB\u000aCommitLimit:      858592 kB\u000aCommitted_AS:     254312 kB\u000aVmallocTotal:   34359738367 kB\u000aVmallocUsed:           0 kB\u000aVmallocChunk:          0 kB\u000aAnonHugePages:         0 kB\u000aShmemHugePages:        0 kB\u000aShmemPmdMapped:        0 kB\u000aHugePages_Total:       0\u000aHugePages_Free:        0\u000aHugePages_Rsvd:        0\u000aHugePages_Surp:        0\u000aHugepagesize:       2048 kB\u000aDirectMap4k:       21504 kB\u000aDirectMap2M:     1740800 kB\u000a
p575
sV/proc/cgroups
p576
V#subsys_name	hierarchy	num_cgroups	enabled\u000acpuset	11	1	1\u000acpu	7	5	1\u000acpuacct	7	5	1\u000ablkio	5	1	1\u000amemory	4	5	1\u000adevices	10	1	1\u000afreezer	8	2	1\u000anet_cls	6	1	1\u000aperf_event	3	1	1\u000anet_prio	6	1	1\u000ahugetlb	2	1	1\u000apids	9	1	1\u000a
p577
sV/proc/cpuinfo
p578
Vprocessor	: 0\u000avendor_id	: GenuineIntel\u000acpu family	: 6\u000amodel		: 63\u000amodel name	: Intel(R) Xeon(R) Processor @ 2.50GHz\u000astepping	: 2\u000amicrocode	: 0x1\u000acpu MHz		: 2500.010\u000acache size	: 36608 KB\u000aphysical id	: 0\u000asiblings	: 2\u000acore id		: 0\u000acpu cores	: 2\u000aapicid		: 0\u000ainitial apicid	: 0\u000afpu		: yes\u000afpu_exception	: yes\u000acpuid level	: 13\u000awp		: yes\u000aflags		: fpu vme de pse tsc msr pae mce cx8 apic sep mtrr pge mca cmov pat pse36 clflush mmx fxsr sse sse2 ht syscall nx rdtscp lm constant_tsc rep_good nopl xtopology nonstop_tsc cpuid tsc_known_freq pni pclmulqdq ssse3 fma cx16 pcid sse4_1 sse4_2 x2apic movbe popcnt tsc_deadline_timer aes xsave avx f16c rdrand hypervisor lahf_lm abm cpuid_fault invpcid_single ssbd ibrs ibpb stibp ibrs_enhanced fsgsbase tsc_adjust bmi1 avx2 smep bmi2 erms invpcid smap xsaveopt arat md_clear arch_capabilities\u000abugs		: spectre_v1 spectre_v2 spec_store_bypass swapgs\u000abogomips	: 5000.02\u000aclflush size	: 64\u000acache_alignment	: 64\u000aaddress sizes	: 46 bits physical, 48 bits virtual\u000apower management:\u000a\u000aprocessor	: 1\u000avendor_id	: GenuineIntel\u000acpu family	: 6\u000amodel		: 63\u000amodel name	: Intel(R) Xeon(R) Processor @ 2.50GHz\u000astepping	: 2\u000amicrocode	: 0x1\u000acpu MHz		: 2500.010\u000acache size	: 36608 KB\u000aphysical id	: 0\u000asiblings	: 2\u000acore id		: 1\u000acpu cores	: 2\u000aapicid		: 1\u000ainitial apicid	: 1\u000afpu		: yes\u000afpu_exception	: yes\u000acpuid level	: 13\u000awp		: yes\u000aflags		: fpu vme de pse tsc msr pae mce cx8 apic sep mtrr pge mca cmov pat pse36 clflush mmx fxsr sse sse2 ht syscall nx rdtscp lm constant_tsc rep_good nopl xtopology nonstop_tsc cpuid tsc_known_freq pni pclmulqdq ssse3 fma cx16 pcid sse4_1 sse4_2 x2apic movbe popcnt tsc_deadline_timer aes xsave avx f16c rdrand hypervisor lahf_lm abm cpuid_fault invpcid_single ssbd ibrs ibpb stibp ibrs_enhanced fsgsbase tsc_adjust bmi1 avx2 smep bmi2 erms invpcid smap xsaveopt arat md_clear arch_capabilities\u000abugs		: spectre_v1 spectre_v2 spec_store_bypass swapgs\u000abogomips	: 5000.02\u000aclflush size	: 64\u000acache_alignment	: 64\u000aaddress sizes	: 46 bits physical, 48 bits virtual\u000apower management:\u000a\u000a
p579
sV/proc/meminfo
p580
VMemTotal:        1717184 kB\u000aMemFree:         1118448 kB\u000aMemAvailable:    1485916 kB\u000aBuffers:           15916 kB\u000aCached:           465732 kB\u000aSwapCached:            0 kB\u000aActive:           105124 kB\u000aInactive:         438048 kB\u000aActive(anon):      61492 kB\u000aInactive(anon):      212 kB\u000aActive(file):      43632 kB\u000aInactive(file):   437836 kB\u000aUnevictable:           0 kB\u000aMlocked:               0 kB\u000aSwapTotal:             0 kB\u000aSwapFree:              0 kB\u000aDirty:               200 kB\u000aWriteback:             0 kB\u000aAnonPages:         61512 kB\u000aMapped:            34976 kB\u000aShmem:               220 kB\u000aSlab:              43200 kB\u000aSReclaimable:      33012 kB\u000aSUnreclaim:        10188 kB\u000aKernelStack:        1136 kB\u000aPageTables:         1324 kB\u000aNFS_Unstable:          0 kB\u000aBounce:                0 kB\u000aWritebackTmp:          0 kB\u000aCommitLimit:      858592 kB\u000aCommitted_AS:     254312 kB\u000aVmallocTotal:   34359738367 kB\u000aVmallocUsed:           0 kB\u000aVmallocChunk:          0 kB\u000aAnonHugePages:         0 kB\u000aShmemHugePages:        0 kB\u000aShmemPmdMapped:        0 kB\u000aHugePages_Total:       0\u000aHugePages_Free:        0\u000aHugePages_Rsvd:        0\u000aHugePages_Surp:        0\u000aHugepagesize:       2048 kB\u000aDirectMap4k:       21504 kB\u000aDirectMap2M:     1740800 kB\u000a
p581
ssVstatus_key
p582
Vpywren.jobs/e7ef63ff-2cc1-4e90-9eec-6b5de8d58a07/00012/status.json
p583
sVend_time
p584
F1609049268.5171511
sVlog_group_name
p585
V/aws/lambda/pywren_redis_2
p586
sVdata_key
p587
Vpywren.jobs/e7ef63ff-2cc1-4e90-9eec-6b5de8d58a07/aggdata.pickle
p588
sa(dp589
Vcallset_id
p590
Ve7ef63ff-2cc1-4e90-9eec-6b5de8d58a07
p591
sVlog_stream_name
p592
V2020/12/27/[$LATEST]83662ae2a46741709ef8ea7f363ecfdb
p593
sVstdout
p594
V
sVfunc_key
p595
Vpywren.jobs/e7ef63ff-2cc1-4e90-9eec-6b5de8d58a07/func.pickle
p596
sVfree_disk_bytes
p597
I120508416
sVruntime_cached
p598
I01
sVretcode
p599
I0
sVcall_id
p600
V00013
p601
sVoutput_key
p602
Vpywren.jobs/e7ef63ff-2cc1-4e90-9eec-6b5de8d58a07/00013/output.pickle
p603
sVruntime_s3_key_used
p604
V445d59-pywren.runtimes/default_2.7.tar.gz.0085
p605
sVaws_request_id
p606
V3275b07c-b103-4d2f-98bd-430be71ebd31
p607
sVexec_time
p608
F100.52093195915222
sVstart_time
p609
F1609049165.9748559
sVsetup_time
p610
F0.072889089584350586
sVruntime_s3_bucket_used
p611
Vpywren-runtimes-public-us-west-2
p612
sVexception
p613
NsVhost_submit_time
p614
F1609049165.805557
sVserver_info
p615
(dp616
Vuname
p617
V('Linux', '169.254.0.217', '4.14.203-112.332.amzn2.x86_64', '#1 SMP Wed Nov 4 20:46:34 UTC 2020', 'x86_64', 'x86_64')
p618
sV/proc/self/cgroup
p619
VMemTotal:        1717184 kB\u000aMemFree:         1118944 kB\u000aMemAvailable:    1485268 kB\u000aBuffers:           15224 kB\u000aCached:           465368 kB\u000aSwapCached:            0 kB\u000aActive:           104348 kB\u000aInactive:         437964 kB\u000aActive(anon):      61700 kB\u000aInactive(anon):      216 kB\u000aActive(file):      42648 kB\u000aInactive(file):   437748 kB\u000aUnevictable:           0 kB\u000aMlocked:               0 kB\u000aSwapTotal:             0 kB\u000aSwapFree:              0 kB\u000aDirty:               176 kB\u000aWriteback:             0 kB\u000aAnonPages:         61708 kB\u000aMapped:            34360 kB\u000aShmem:               220 kB\u000aSlab:              43204 kB\u000aSReclaimable:      32872 kB\u000aSUnreclaim:        10332 kB\u000aKernelStack:        1152 kB\u000aPageTables:         1344 kB\u000aNFS_Unstable:          0 kB\u000aBounce:                0 kB\u000aWritebackTmp:          0 kB\u000aCommitLimit:      858592 kB\u000aCommitted_AS:     254272 kB\u000aVmallocTotal:   34359738367 kB\u000aVmallocUsed:           0 kB\u000aVmallocChunk:          0 kB\u000aAnonHugePages:         0 kB\u000aShmemHugePages:        0 kB\u000aShmemPmdMapped:        0 kB\u000aHugePages_Total:       0\u000aHugePages_Free:        0\u000aHugePages_Rsvd:        0\u000aHugePages_Surp:        0\u000aHugepagesize:       2048 kB\u000aDirectMap4k:       25600 kB\u000aDirectMap2M:     1736704 kB\u000a
p620
sV/proc/cgroups
p621
V#subsys_name	hierarchy	num_cgroups	enabled\u000acpuset	10	1	1\u000acpu	4	5	1\u000acpuacct	4	5	1\u000ablkio	9	1	1\u000amemory	2	5	1\u000adevices	6	1	1\u000afreezer	5	2	1\u000anet_cls	3	1	1\u000aperf_event	8	1	1\u000anet_prio	3	1	1\u000ahugetlb	7	1	1\u000apids	11	1	1\u000a
p622
sV/proc/cpuinfo
p623
Vprocessor	: 0\u000avendor_id	: GenuineIntel\u000acpu family	: 6\u000amodel		: 63\u000amodel name	: Intel(R) Xeon(R) Processor @ 2.50GHz\u000astepping	: 2\u000amicrocode	: 0x1\u000acpu MHz		: 2500.010\u000acache size	: 36608 KB\u000aphysical id	: 0\u000asiblings	: 2\u000acore id		: 0\u000acpu cores	: 2\u000aapicid		: 0\u000ainitial apicid	: 0\u000afpu		: yes\u000afpu_exception	: yes\u000acpuid level	: 13\u000awp		: yes\u000aflags		: fpu vme de pse tsc msr pae mce cx8 apic sep mtrr pge mca cmov pat pse36 clflush mmx fxsr sse sse2 ht syscall nx rdtscp lm constant_tsc rep_good nopl xtopology nonstop_tsc cpuid tsc_known_freq pni pclmulqdq ssse3 fma cx16 pcid sse4_1 sse4_2 x2apic movbe popcnt tsc_deadline_timer aes xsave avx f16c rdrand hypervisor lahf_lm abm cpuid_fault invpcid_single ssbd ibrs ibpb stibp ibrs_enhanced fsgsbase tsc_adjust bmi1 avx2 smep bmi2 erms invpcid smap xsaveopt arat md_clear arch_capabilities\u000abugs		: spectre_v1 spectre_v2 spec_store_bypass swapgs\u000abogomips	: 5000.02\u000aclflush size	: 64\u000acache_alignment	: 64\u000aaddress sizes	: 46 bits physical, 48 bits virtual\u000apower management:\u000a\u000aprocessor	: 1\u000avendor_id	: GenuineIntel\u000acpu family	: 6\u000amodel		: 63\u000amodel name	: Intel(R) Xeon(R) Processor @ 2.50GHz\u000astepping	: 2\u000amicrocode	: 0x1\u000acpu MHz		: 2500.010\u000acache size	: 36608 KB\u000aphysical id	: 0\u000asiblings	: 2\u000acore id		: 1\u000acpu cores	: 2\u000aapicid		: 1\u000ainitial apicid	: 1\u000afpu		: yes\u000afpu_exception	: yes\u000acpuid level	: 13\u000awp		: yes\u000aflags		: fpu vme de pse tsc msr pae mce cx8 apic sep mtrr pge mca cmov pat pse36 clflush mmx fxsr sse sse2 ht syscall nx rdtscp lm constant_tsc rep_good nopl xtopology nonstop_tsc cpuid tsc_known_freq pni pclmulqdq ssse3 fma cx16 pcid sse4_1 sse4_2 x2apic movbe popcnt tsc_deadline_timer aes xsave avx f16c rdrand hypervisor lahf_lm abm cpuid_fault invpcid_single ssbd ibrs ibpb stibp ibrs_enhanced fsgsbase tsc_adjust bmi1 avx2 smep bmi2 erms invpcid smap xsaveopt arat md_clear arch_capabilities\u000abugs		: spectre_v1 spectre_v2 spec_store_bypass swapgs\u000abogomips	: 5000.02\u000aclflush size	: 64\u000acache_alignment	: 64\u000aaddress sizes	: 46 bits physical, 48 bits virtual\u000apower management:\u000a\u000a
p624
sV/proc/meminfo
p625
VMemTotal:        1717184 kB\u000aMemFree:         1118944 kB\u000aMemAvailable:    1485268 kB\u000aBuffers:           15224 kB\u000aCached:           465368 kB\u000aSwapCached:            0 kB\u000aActive:           104348 kB\u000aInactive:         437964 kB\u000aActive(anon):      61700 kB\u000aInactive(anon):      216 kB\u000aActive(file):      42648 kB\u000aInactive(file):   437748 kB\u000aUnevictable:           0 kB\u000aMlocked:               0 kB\u000aSwapTotal:             0 kB\u000aSwapFree:              0 kB\u000aDirty:               176 kB\u000aWriteback:             0 kB\u000aAnonPages:         61708 kB\u000aMapped:            34360 kB\u000aShmem:               220 kB\u000aSlab:              43204 kB\u000aSReclaimable:      32872 kB\u000aSUnreclaim:        10332 kB\u000aKernelStack:        1152 kB\u000aPageTables:         1344 kB\u000aNFS_Unstable:          0 kB\u000aBounce:                0 kB\u000aWritebackTmp:          0 kB\u000aCommitLimit:      858592 kB\u000aCommitted_AS:     254272 kB\u000aVmallocTotal:   34359738367 kB\u000aVmallocUsed:           0 kB\u000aVmallocChunk:          0 kB\u000aAnonHugePages:         0 kB\u000aShmemHugePages:        0 kB\u000aShmemPmdMapped:        0 kB\u000aHugePages_Total:       0\u000aHugePages_Free:        0\u000aHugePages_Rsvd:        0\u000aHugePages_Surp:        0\u000aHugepagesize:       2048 kB\u000aDirectMap4k:       25600 kB\u000aDirectMap2M:     1736704 kB\u000a
p626
ssVstatus_key
p627
Vpywren.jobs/e7ef63ff-2cc1-4e90-9eec-6b5de8d58a07/00013/status.json
p628
sVend_time
p629
F1609049266.568671
sVlog_group_name
p630
V/aws/lambda/pywren_redis_2
p631
sVdata_key
p632
Vpywren.jobs/e7ef63ff-2cc1-4e90-9eec-6b5de8d58a07/aggdata.pickle
p633
sa(dp634
Vcallset_id
p635
Ve7ef63ff-2cc1-4e90-9eec-6b5de8d58a07
p636
sVlog_stream_name
p637
V2020/12/27/[$LATEST]c0eb14a766a04a1fbd1268871c4a19c6
p638
sVstdout
p639
V
sVfunc_key
p640
Vpywren.jobs/e7ef63ff-2cc1-4e90-9eec-6b5de8d58a07/func.pickle
p641
sVfree_disk_bytes
p642
I120508416
sVruntime_cached
p643
I01
sVretcode
p644
I0
sVcall_id
p645
V00014
p646
sVoutput_key
p647
Vpywren.jobs/e7ef63ff-2cc1-4e90-9eec-6b5de8d58a07/00014/output.pickle
p648
sVruntime_s3_key_used
p649
Vd37123-pywren.runtimes/default_2.7.tar.gz.0060
p650
sVaws_request_id
p651
Vdb5512ee-c78b-4fda-9909-0cf6aad38d16
p652
sVexec_time
p653
F102.51266694068909
sVstart_time
p654
F1609049166.0055931
sVsetup_time
p655
F0.10567498207092285
sVruntime_s3_bucket_used
p656
Vpywren-runtimes-public-us-west-2
p657
sVexception
p658
NsVhost_submit_time
p659
F1609049165.825866
sVserver_info
p660
(dp661
Vuname
p662
V('Linux', '169.254.224.85', '4.14.203-112.332.amzn2.x86_64', '#1 SMP Wed Nov 4 20:46:34 UTC 2020', 'x86_64', 'x86_64')
p663
sV/proc/self/cgroup
p664
VMemTotal:        1717184 kB\u000aMemFree:         1116064 kB\u000aMemAvailable:    1485832 kB\u000aBuffers:           17936 kB\u000aCached:           466044 kB\u000aSwapCached:            0 kB\u000aActive:           106868 kB\u000aInactive:         438468 kB\u000aActive(anon):      61348 kB\u000aInactive(anon):      216 kB\u000aActive(file):      45520 kB\u000aInactive(file):   438252 kB\u000aUnevictable:           0 kB\u000aMlocked:               0 kB\u000aSwapTotal:             0 kB\u000aSwapFree:              0 kB\u000aDirty:                 8 kB\u000aWriteback:             0 kB\u000aAnonPages:         61348 kB\u000aMapped:            35368 kB\u000aShmem:               220 kB\u000aSlab:              43388 kB\u000aSReclaimable:      33004 kB\u000aSUnreclaim:        10384 kB\u000aKernelStack:        1136 kB\u000aPageTables:         1352 kB\u000aNFS_Unstable:          0 kB\u000aBounce:                0 kB\u000aWritebackTmp:          0 kB\u000aCommitLimit:      858592 kB\u000aCommitted_AS:     254332 kB\u000aVmallocTotal:   34359738367 kB\u000aVmallocUsed:           0 kB\u000aVmallocChunk:          0 kB\u000aAnonHugePages:         0 kB\u000aShmemHugePages:        0 kB\u000aShmemPmdMapped:        0 kB\u000aHugePages_Total:       0\u000aHugePages_Free:        0\u000aHugePages_Rsvd:        0\u000aHugePages_Surp:        0\u000aHugepagesize:       2048 kB\u000aDirectMap4k:       21504 kB\u000aDirectMap2M:     1740800 kB\u000a
p665
sV/proc/cgroups
p666
V#subsys_name	hierarchy	num_cgroups	enabled\u000acpuset	3	1	1\u000acpu	2	5	1\u000acpuacct	2	5	1\u000ablkio	9	1	1\u000amemory	5	5	1\u000adevices	8	1	1\u000afreezer	10	2	1\u000anet_cls	4	1	1\u000aperf_event	11	1	1\u000anet_prio	4	1	1\u000ahugetlb	6	1	1\u000apids	7	1	1\u000a
p667
sV/proc/cpuinfo
p668
