(dp1
S'run_statuses'
p2
(lp3
(dp4
Vcallset_id
p5
Vfae4bdba-fa65-4c2c-baa2-7a77b6239d16
p6
sVlog_stream_name
p7
V2020/12/28/[$LATEST]a5a0ad4ce45b49b28027e09e330534fd
p8
sVstdout
p9
V
sVfunc_key
p10
Vpywren.jobs/fae4bdba-fa65-4c2c-baa2-7a77b6239d16/func.pickle
p11
sVfree_disk_bytes
p12
I538333184
sVruntime_cached
p13
I00
sVretcode
p14
I0
sVcall_id
p15
V00000
p16
sVoutput_key
p17
Vpywren.jobs/fae4bdba-fa65-4c2c-baa2-7a77b6239d16/00000/output.pickle
p18
sVruntime_s3_key_used
p19
V63afac-pywren.runtimes/default_2.7.tar.gz.0054
p20
sVaws_request_id
p21
V2b667ed7-f04a-42a4-86dd-90ed43a58184
p22
sVexec_time
p23
F84.459724903106689
sVstart_time
p24
F1609151963.001348
sVsetup_time
p25
F7.4984230995178223
sVruntime_s3_bucket_used
p26
Vpywren-runtimes-public-us-west-2
p27
sVexception
p28
NsVhost_submit_time
p29
F1609151962.2773941
sVserver_info
p30
(dp31
Vuname
p32
V('Linux', '169.254.32.29', '4.14.203-112.332.amzn2.x86_64', '#1 SMP Wed Nov 4 20:46:34 UTC 2020', 'x86_64', 'x86_64')
p33
sV/proc/self/cgroup
p34
VMemTotal:        1717184 kB\u000aMemFree:         1119728 kB\u000aMemAvailable:    1486492 kB\u000aBuffers:           16644 kB\u000aCached:           464420 kB\u000aSwapCached:            0 kB\u000aActive:            93828 kB\u000aInactive:         447888 kB\u000aActive(anon):      60640 kB\u000aInactive(anon):      216 kB\u000aActive(file):      33188 kB\u000aInactive(file):   447672 kB\u000aUnevictable:           0 kB\u000aMlocked:               0 kB\u000aSwapTotal:             0 kB\u000aSwapFree:              0 kB\u000aDirty:                16 kB\u000aWriteback:             0 kB\u000aAnonPages:         60640 kB\u000aMapped:            34972 kB\u000aShmem:               220 kB\u000aSlab:              43016 kB\u000aSReclaimable:      32824 kB\u000aSUnreclaim:        10192 kB\u000aKernelStack:        1136 kB\u000aPageTables:         1328 kB\u000aNFS_Unstable:          0 kB\u000aBounce:                0 kB\u000aWritebackTmp:          0 kB\u000aCommitLimit:      858592 kB\u000aCommitted_AS:     253820 kB\u000aVmallocTotal:   34359738367 kB\u000aVmallocUsed:           0 kB\u000aVmallocChunk:          0 kB\u000aAnonHugePages:         0 kB\u000aShmemHugePages:        0 kB\u000aShmemPmdMapped:        0 kB\u000aHugePages_Total:       0\u000aHugePages_Free:        0\u000aHugePages_Rsvd:        0\u000aHugePages_Surp:        0\u000aHugepagesize:       2048 kB\u000aDirectMap4k:       19456 kB\u000aDirectMap2M:     1742848 kB\u000a
p35
sV/proc/cgroups
p36
V#subsys_name	hierarchy	num_cgroups	enabled\u000acpuset	11	1	1\u000acpu	4	5	1\u000acpuacct	4	5	1\u000ablkio	10	1	1\u000amemory	3	5	1\u000adevices	9	1	1\u000afreezer	8	2	1\u000anet_cls	5	1	1\u000aperf_event	2	1	1\u000anet_prio	5	1	1\u000ahugetlb	6	1	1\u000apids	7	1	1\u000a
p37
sV/proc/cpuinfo
p38
Vprocessor	: 0\u000avendor_id	: GenuineIntel\u000acpu family	: 6\u000amodel		: 63\u000amodel name	: Intel(R) Xeon(R) Processor @ 2.50GHz\u000astepping	: 2\u000amicrocode	: 0x1\u000acpu MHz		: 2500.038\u000acache size	: 36608 KB\u000aphysical id	: 0\u000asiblings	: 2\u000acore id		: 0\u000acpu cores	: 2\u000aapicid		: 0\u000ainitial apicid	: 0\u000afpu		: yes\u000afpu_exception	: yes\u000acpuid level	: 13\u000awp		: yes\u000aflags		: fpu vme de pse tsc msr pae mce cx8 apic sep mtrr pge mca cmov pat pse36 clflush mmx fxsr sse sse2 ht syscall nx rdtscp lm constant_tsc rep_good nopl xtopology nonstop_tsc cpuid tsc_known_freq pni pclmulqdq ssse3 fma cx16 pcid sse4_1 sse4_2 x2apic movbe popcnt tsc_deadline_timer aes xsave avx f16c rdrand hypervisor lahf_lm abm cpuid_fault invpcid_single ssbd ibrs ibpb stibp ibrs_enhanced fsgsbase tsc_adjust bmi1 avx2 smep bmi2 erms invpcid smap xsaveopt arat md_clear arch_capabilities\u000abugs		: spectre_v1 spectre_v2 spec_store_bypass swapgs\u000abogomips	: 5000.07\u000aclflush size	: 64\u000acache_alignment	: 64\u000aaddress sizes	: 46 bits physical, 48 bits virtual\u000apower management:\u000a\u000aprocessor	: 1\u000avendor_id	: GenuineIntel\u000acpu family	: 6\u000amodel		: 63\u000amodel name	: Intel(R) Xeon(R) Processor @ 2.50GHz\u000astepping	: 2\u000amicrocode	: 0x1\u000acpu MHz		: 2500.038\u000acache size	: 36608 KB\u000aphysical id	: 0\u000asiblings	: 2\u000acore id		: 1\u000acpu cores	: 2\u000aapicid		: 1\u000ainitial apicid	: 1\u000afpu		: yes\u000afpu_exception	: yes\u000acpuid level	: 13\u000awp		: yes\u000aflags		: fpu vme de pse tsc msr pae mce cx8 apic sep mtrr pge mca cmov pat pse36 clflush mmx fxsr sse sse2 ht syscall nx rdtscp lm constant_tsc rep_good nopl xtopology nonstop_tsc cpuid tsc_known_freq pni pclmulqdq ssse3 fma cx16 pcid sse4_1 sse4_2 x2apic movbe popcnt tsc_deadline_timer aes xsave avx f16c rdrand hypervisor lahf_lm abm cpuid_fault invpcid_single ssbd ibrs ibpb stibp ibrs_enhanced fsgsbase tsc_adjust bmi1 avx2 smep bmi2 erms invpcid smap xsaveopt arat md_clear arch_capabilities\u000abugs		: spectre_v1 spectre_v2 spec_store_bypass swapgs\u000abogomips	: 5000.07\u000aclflush size	: 64\u000acache_alignment	: 64\u000aaddress sizes	: 46 bits physical, 48 bits virtual\u000apower management:\u000a\u000a
p39
sV/proc/meminfo
p40
VMemTotal:        1717184 kB\u000aMemFree:         1119728 kB\u000aMemAvailable:    1486492 kB\u000aBuffers:           16644 kB\u000aCached:           464420 kB\u000aSwapCached:            0 kB\u000aActive:            93828 kB\u000aInactive:         447888 kB\u000aActive(anon):      60640 kB\u000aInactive(anon):      216 kB\u000aActive(file):      33188 kB\u000aInactive(file):   447672 kB\u000aUnevictable:           0 kB\u000aMlocked:               0 kB\u000aSwapTotal:             0 kB\u000aSwapFree:              0 kB\u000aDirty:                16 kB\u000aWriteback:             0 kB\u000aAnonPages:         60640 kB\u000aMapped:            34972 kB\u000aShmem:               220 kB\u000aSlab:              43016 kB\u000aSReclaimable:      32824 kB\u000aSUnreclaim:        10192 kB\u000aKernelStack:        1136 kB\u000aPageTables:         1328 kB\u000aNFS_Unstable:          0 kB\u000aBounce:                0 kB\u000aWritebackTmp:          0 kB\u000aCommitLimit:      858592 kB\u000aCommitted_AS:     253820 kB\u000aVmallocTotal:   34359738367 kB\u000aVmallocUsed:           0 kB\u000aVmallocChunk:          0 kB\u000aAnonHugePages:         0 kB\u000aShmemHugePages:        0 kB\u000aShmemPmdMapped:        0 kB\u000aHugePages_Total:       0\u000aHugePages_Free:        0\u000aHugePages_Rsvd:        0\u000aHugePages_Surp:        0\u000aHugepagesize:       2048 kB\u000aDirectMap4k:       19456 kB\u000aDirectMap2M:     1742848 kB\u000a
p41
ssVstatus_key
p42
Vpywren.jobs/fae4bdba-fa65-4c2c-baa2-7a77b6239d16/00000/status.json
p43
sVend_time
p44
F1609152054.9594901
sVlog_group_name
p45
V/aws/lambda/pywren_redis_2
p46
sVdata_key
p47
Vpywren.jobs/fae4bdba-fa65-4c2c-baa2-7a77b6239d16/aggdata.pickle
p48
sa(dp49
Vcallset_id
p50
Vfae4bdba-fa65-4c2c-baa2-7a77b6239d16
p51
sVlog_stream_name
p52
V2020/12/28/[$LATEST]9195755e296e44bf8ad790bbaf67eb67
p53
sVstdout
p54
V
sVfunc_key
p55
Vpywren.jobs/fae4bdba-fa65-4c2c-baa2-7a77b6239d16/func.pickle
p56
sVfree_disk_bytes
p57
I538333184
sVruntime_cached
p58
I00
sVretcode
p59
I0
sVcall_id
p60
V00001
p61
sVoutput_key
p62
Vpywren.jobs/fae4bdba-fa65-4c2c-baa2-7a77b6239d16/00001/output.pickle
p63
sVruntime_s3_key_used
p64
V83f1d4-pywren.runtimes/default_2.7.tar.gz.0024
p65
sVaws_request_id
p66
V5a1f8171-3163-4f99-9c6e-7cfa2b4910e2
p67
sVexec_time
p68
F84.497817039489746
sVstart_time
p69
F1609151963.0547841
sVsetup_time
p70
F7.280803918838501
sVruntime_s3_bucket_used
p71
Vpywren-runtimes-public-us-west-2
p72
sVexception
p73
NsVhost_submit_time
p74
F1609151962.2847371
sVserver_info
p75
(dp76
Vuname
p77
V('Linux', '169.254.12.197', '4.14.203-112.332.amzn2.x86_64', '#1 SMP Wed Nov 4 20:46:34 UTC 2020', 'x86_64', 'x86_64')
p78
sV/proc/self/cgroup
p79
VMemTotal:        1717184 kB\u000aMemFree:         1120888 kB\u000aMemAvailable:    1486424 kB\u000aBuffers:           16688 kB\u000aCached:           463152 kB\u000aSwapCached:            0 kB\u000aActive:            93460 kB\u000aInactive:         447056 kB\u000aActive(anon):      60660 kB\u000aInactive(anon):      216 kB\u000aActive(file):      32800 kB\u000aInactive(file):   446840 kB\u000aUnevictable:           0 kB\u000aMlocked:               0 kB\u000aSwapTotal:             0 kB\u000aSwapFree:              0 kB\u000aDirty:                 0 kB\u000aWriteback:             0 kB\u000aAnonPages:         60664 kB\u000aMapped:            34904 kB\u000aShmem:               220 kB\u000aSlab:              42964 kB\u000aSReclaimable:      32804 kB\u000aSUnreclaim:        10160 kB\u000aKernelStack:        1152 kB\u000aPageTables:         1320 kB\u000aNFS_Unstable:          0 kB\u000aBounce:                0 kB\u000aWritebackTmp:          0 kB\u000aCommitLimit:      858592 kB\u000aCommitted_AS:     253812 kB\u000aVmallocTotal:   34359738367 kB\u000aVmallocUsed:           0 kB\u000aVmallocChunk:          0 kB\u000aAnonHugePages:         0 kB\u000aShmemHugePages:        0 kB\u000aShmemPmdMapped:        0 kB\u000aHugePages_Total:       0\u000aHugePages_Free:        0\u000aHugePages_Rsvd:        0\u000aHugePages_Surp:        0\u000aHugepagesize:       2048 kB\u000aDirectMap4k:       19456 kB\u000aDirectMap2M:     1742848 kB\u000a
p80
sV/proc/cgroups
p81
V#subsys_name	hierarchy	num_cgroups	enabled\u000acpuset	7	1	1\u000acpu	2	5	1\u000acpuacct	2	5	1\u000ablkio	4	1	1\u000amemory	10	5	1\u000adevices	3	1	1\u000afreezer	6	2	1\u000anet_cls	9	1	1\u000aperf_event	11	1	1\u000anet_prio	9	1	1\u000ahugetlb	5	1	1\u000apids	8	1	1\u000a
p82
sV/proc/cpuinfo
p83
Vprocessor	: 0\u000avendor_id	: GenuineIntel\u000acpu family	: 6\u000amodel		: 63\u000amodel name	: Intel(R) Xeon(R) Processor @ 2.50GHz\u000astepping	: 2\u000amicrocode	: 0x1\u000acpu MHz		: 2500.014\u000acache size	: 33792 KB\u000aphysical id	: 0\u000asiblings	: 2\u000acore id		: 0\u000acpu cores	: 2\u000aapicid		: 0\u000ainitial apicid	: 0\u000afpu		: yes\u000afpu_exception	: yes\u000acpuid level	: 13\u000awp		: yes\u000aflags		: fpu vme de pse tsc msr pae mce cx8 apic sep mtrr pge mca cmov pat pse36 clflush mmx fxsr sse sse2 ht syscall nx rdtscp lm constant_tsc rep_good nopl xtopology nonstop_tsc cpuid tsc_known_freq pni pclmulqdq ssse3 fma cx16 pcid sse4_1 sse4_2 x2apic movbe popcnt tsc_deadline_timer aes xsave avx f16c rdrand hypervisor lahf_lm abm cpuid_fault invpcid_single pti ssbd ibrs ibpb stibp fsgsbase tsc_adjust bmi1 avx2 smep bmi2 erms invpcid smap xsaveopt arat md_clear arch_capabilities\u000abugs		: cpu_meltdown spectre_v1 spectre_v2 spec_store_bypass l1tf mds swapgs\u000abogomips	: 5000.02\u000aclflush size	: 64\u000acache_alignment	: 64\u000aaddress sizes	: 46 bits physical, 48 bits virtual\u000apower management:\u000a\u000aprocessor	: 1\u000avendor_id	: GenuineIntel\u000acpu family	: 6\u000amodel		: 63\u000amodel name	: Intel(R) Xeon(R) Processor @ 2.50GHz\u000astepping	: 2\u000amicrocode	: 0x1\u000acpu MHz		: 2500.014\u000acache size	: 33792 KB\u000aphysical id	: 0\u000asiblings	: 2\u000acore id		: 1\u000acpu cores	: 2\u000aapicid		: 1\u000ainitial apicid	: 1\u000afpu		: yes\u000afpu_exception	: yes\u000acpuid level	: 13\u000awp		: yes\u000aflags		: fpu vme de pse tsc msr pae mce cx8 apic sep mtrr pge mca cmov pat pse36 clflush mmx fxsr sse sse2 ht syscall nx rdtscp lm constant_tsc rep_good nopl xtopology nonstop_tsc cpuid tsc_known_freq pni pclmulqdq ssse3 fma cx16 pcid sse4_1 sse4_2 x2apic movbe popcnt tsc_deadline_timer aes xsave avx f16c rdrand hypervisor lahf_lm abm cpuid_fault invpcid_single pti ssbd ibrs ibpb stibp fsgsbase tsc_adjust bmi1 avx2 smep bmi2 erms invpcid smap xsaveopt arat md_clear arch_capabilities\u000abugs		: cpu_meltdown spectre_v1 spectre_v2 spec_store_bypass l1tf mds swapgs\u000abogomips	: 5000.02\u000aclflush size	: 64\u000acache_alignment	: 64\u000aaddress sizes	: 46 bits physical, 48 bits virtual\u000apower management:\u000a\u000a
p84
sV/proc/meminfo
p85
VMemTotal:        1717184 kB\u000aMemFree:         1120888 kB\u000aMemAvailable:    1486424 kB\u000aBuffers:           16688 kB\u000aCached:           463152 kB\u000aSwapCached:            0 kB\u000aActive:            93460 kB\u000aInactive:         447056 kB\u000aActive(anon):      60660 kB\u000aInactive(anon):      216 kB\u000aActive(file):      32800 kB\u000aInactive(file):   446840 kB\u000aUnevictable:           0 kB\u000aMlocked:               0 kB\u000aSwapTotal:             0 kB\u000aSwapFree:              0 kB\u000aDirty:                 0 kB\u000aWriteback:             0 kB\u000aAnonPages:         60664 kB\u000aMapped:            34904 kB\u000aShmem:               220 kB\u000aSlab:              42964 kB\u000aSReclaimable:      32804 kB\u000aSUnreclaim:        10160 kB\u000aKernelStack:        1152 kB\u000aPageTables:         1320 kB\u000aNFS_Unstable:          0 kB\u000aBounce:                0 kB\u000aWritebackTmp:          0 kB\u000aCommitLimit:      858592 kB\u000aCommitted_AS:     253812 kB\u000aVmallocTotal:   34359738367 kB\u000aVmallocUsed:           0 kB\u000aVmallocChunk:          0 kB\u000aAnonHugePages:         0 kB\u000aShmemHugePages:        0 kB\u000aShmemPmdMapped:        0 kB\u000aHugePages_Total:       0\u000aHugePages_Free:        0\u000aHugePages_Rsvd:        0\u000aHugePages_Surp:        0\u000aHugepagesize:       2048 kB\u000aDirectMap4k:       19456 kB\u000aDirectMap2M:     1742848 kB\u000a
p86
ssVstatus_key
p87
Vpywren.jobs/fae4bdba-fa65-4c2c-baa2-7a77b6239d16/00001/status.json
p88
sVend_time
p89
F1609152054.8333991
sVlog_group_name
p90
V/aws/lambda/pywren_redis_2
p91
sVdata_key
p92
Vpywren.jobs/fae4bdba-fa65-4c2c-baa2-7a77b6239d16/aggdata.pickle
p93
sa(dp94
Vcallset_id
p95
Vfae4bdba-fa65-4c2c-baa2-7a77b6239d16
p96
sVlog_stream_name
p97
V2020/12/28/[$LATEST]25f581e95db04f3ca85e5b8e63b3ce36
p98
sVstdout
p99
V
sVfunc_key
p100
Vpywren.jobs/fae4bdba-fa65-4c2c-baa2-7a77b6239d16/func.pickle
p101
sVfree_disk_bytes
p102
I538333184
sVruntime_cached
p103
I00
sVretcode
p104
I0
sVcall_id
p105
V00002
p106
sVoutput_key
p107
Vpywren.jobs/fae4bdba-fa65-4c2c-baa2-7a77b6239d16/00002/output.pickle
p108
sVruntime_s3_key_used
p109
Vb3daa6-pywren.runtimes/default_2.7.tar.gz.0039
p110
sVaws_request_id
p111
V3a9a3e7c-ef8f-4519-be1d-cb9ba2889d25
p112
sVexec_time
p113
F84.418843030929565
sVstart_time
p114
F1609151963.09793
sVsetup_time
p115
F7.2908060550689697
sVruntime_s3_bucket_used
p116
Vpywren-runtimes-public-us-west-2
p117
sVexception
p118
NsVhost_submit_time
p119
F1609151962.293699
sVserver_info
p120
(dp121
Vuname
p122
V('Linux', '169.254.63.189', '4.14.203-112.332.amzn2.x86_64', '#1 SMP Wed Nov 4 20:46:34 UTC 2020', 'x86_64', 'x86_64')
p123
sV/proc/self/cgroup
p124
VMemTotal:        1717184 kB\u000aMemFree:         1117968 kB\u000aMemAvailable:    1486160 kB\u000aBuffers:           18148 kB\u000aCached:           464244 kB\u000aSwapCached:            0 kB\u000aActive:            94824 kB\u000aInactive:         448264 kB\u000aActive(anon):      60688 kB\u000aInactive(anon):      216 kB\u000aActive(file):      34136 kB\u000aInactive(file):   448048 kB\u000aUnevictable:           0 kB\u000aMlocked:               0 kB\u000aSwapTotal:             0 kB\u000aSwapFree:              0 kB\u000aDirty:                12 kB\u000aWriteback:             0 kB\u000aAnonPages:         60684 kB\u000aMapped:            35036 kB\u000aShmem:               220 kB\u000aSlab:              43600 kB\u000aSReclaimable:      33028 kB\u000aSUnreclaim:        10572 kB\u000aKernelStack:        1136 kB\u000aPageTables:         1324 kB\u000aNFS_Unstable:          0 kB\u000aBounce:                0 kB\u000aWritebackTmp:          0 kB\u000aCommitLimit:      858592 kB\u000aCommitted_AS:     251708 kB\u000aVmallocTotal:   34359738367 kB\u000aVmallocUsed:           0 kB\u000aVmallocChunk:          0 kB\u000aAnonHugePages:         0 kB\u000aShmemHugePages:        0 kB\u000aShmemPmdMapped:        0 kB\u000aHugePages_Total:       0\u000aHugePages_Free:        0\u000aHugePages_Rsvd:        0\u000aHugePages_Surp:        0\u000aHugepagesize:       2048 kB\u000aDirectMap4k:       21504 kB\u000aDirectMap2M:     1740800 kB\u000a
p125
sV/proc/cgroups
p126
V#subsys_name	hierarchy	num_cgroups	enabled\u000acpuset	6	1	1\u000acpu	8	5	1\u000acpuacct	8	5	1\u000ablkio	10	1	1\u000amemory	4	5	1\u000adevices	5	1	1\u000afreezer	7	2	1\u000anet_cls	11	1	1\u000aperf_event	9	1	1\u000anet_prio	11	1	1\u000ahugetlb	3	1	1\u000apids	2	1	1\u000a
p127
sV/proc/cpuinfo
p128
Vprocessor	: 0\u000avendor_id	: GenuineIntel\u000acpu family	: 6\u000amodel		: 63\u000amodel name	: Intel(R) Xeon(R) Processor @ 2.50GHz\u000astepping	: 2\u000amicrocode	: 0x1\u000acpu MHz		: 2500.012\u000acache size	: 33792 KB\u000aphysical id	: 0\u000asiblings	: 2\u000acore id		: 0\u000acpu cores	: 2\u000aapicid		: 0\u000ainitial apicid	: 0\u000afpu		: yes\u000afpu_exception	: yes\u000acpuid level	: 13\u000awp		: yes\u000aflags		: fpu vme de pse tsc msr pae mce cx8 apic sep mtrr pge mca cmov pat pse36 clflush mmx fxsr sse sse2 ht syscall nx rdtscp lm constant_tsc rep_good nopl xtopology nonstop_tsc cpuid tsc_known_freq pni pclmulqdq ssse3 fma cx16 pcid sse4_1 sse4_2 x2apic movbe popcnt tsc_deadline_timer aes xsave avx f16c rdrand hypervisor lahf_lm abm cpuid_fault invpcid_single pti ssbd ibrs ibpb stibp fsgsbase tsc_adjust bmi1 avx2 smep bmi2 erms invpcid smap xsaveopt arat md_clear arch_capabilities\u000abugs		: cpu_meltdown spectre_v1 spectre_v2 spec_store_bypass l1tf mds swapgs\u000abogomips	: 5000.02\u000aclflush size	: 64\u000acache_alignment	: 64\u000aaddress sizes	: 46 bits physical, 48 bits virtual\u000apower management:\u000a\u000aprocessor	: 1\u000avendor_id	: GenuineIntel\u000acpu family	: 6\u000amodel		: 63\u000amodel name	: Intel(R) Xeon(R) Processor @ 2.50GHz\u000astepping	: 2\u000amicrocode	: 0x1\u000acpu MHz		: 2500.012\u000acache size	: 33792 KB\u000aphysical id	: 0\u000asiblings	: 2\u000acore id		: 1\u000acpu cores	: 2\u000aapicid		: 1\u000ainitial apicid	: 1\u000afpu		: yes\u000afpu_exception	: yes\u000acpuid level	: 13\u000awp		: yes\u000aflags		: fpu vme de pse tsc msr pae mce cx8 apic sep mtrr pge mca cmov pat pse36 clflush mmx fxsr sse sse2 ht syscall nx rdtscp lm constant_tsc rep_good nopl xtopology nonstop_tsc cpuid tsc_known_freq pni pclmulqdq ssse3 fma cx16 pcid sse4_1 sse4_2 x2apic movbe popcnt tsc_deadline_timer aes xsave avx f16c rdrand hypervisor lahf_lm abm cpuid_fault invpcid_single pti ssbd ibrs ibpb stibp fsgsbase tsc_adjust bmi1 avx2 smep bmi2 erms invpcid smap xsaveopt arat md_clear arch_capabilities\u000abugs		: cpu_meltdown spectre_v1 spectre_v2 spec_store_bypass l1tf mds swapgs\u000abogomips	: 5000.02\u000aclflush size	: 64\u000acache_alignment	: 64\u000aaddress sizes	: 46 bits physical, 48 bits virtual\u000apower management:\u000a\u000a
p129
sV/proc/meminfo
p130
VMemTotal:        1717184 kB\u000aMemFree:         1117968 kB\u000aMemAvailable:    1486160 kB\u000aBuffers:           18148 kB\u000aCached:           464244 kB\u000aSwapCached:            0 kB\u000aActive:            94824 kB\u000aInactive:         448264 kB\u000aActive(anon):      60688 kB\u000aInactive(anon):      216 kB\u000aActive(file):      34136 kB\u000aInactive(file):   448048 kB\u000aUnevictable:           0 kB\u000aMlocked:               0 kB\u000aSwapTotal:             0 kB\u000aSwapFree:              0 kB\u000aDirty:                12 kB\u000aWriteback:             0 kB\u000aAnonPages:         60684 kB\u000aMapped:            35036 kB\u000aShmem:               220 kB\u000aSlab:              43600 kB\u000aSReclaimable:      33028 kB\u000aSUnreclaim:        10572 kB\u000aKernelStack:        1136 kB\u000aPageTables:         1324 kB\u000aNFS_Unstable:          0 kB\u000aBounce:                0 kB\u000aWritebackTmp:          0 kB\u000aCommitLimit:      858592 kB\u000aCommitted_AS:     251708 kB\u000aVmallocTotal:   34359738367 kB\u000aVmallocUsed:           0 kB\u000aVmallocChunk:          0 kB\u000aAnonHugePages:         0 kB\u000aShmemHugePages:        0 kB\u000aShmemPmdMapped:        0 kB\u000aHugePages_Total:       0\u000aHugePages_Free:        0\u000aHugePages_Rsvd:        0\u000aHugePages_Surp:        0\u000aHugepagesize:       2048 kB\u000aDirectMap4k:       21504 kB\u000aDirectMap2M:     1740800 kB\u000a
p131
ssVstatus_key
p132
Vpywren.jobs/fae4bdba-fa65-4c2c-baa2-7a77b6239d16/00002/status.json
p133
sVend_time
p134
F1609152054.8075731
sVlog_group_name
p135
V/aws/lambda/pywren_redis_2
p136
sVdata_key
p137
Vpywren.jobs/fae4bdba-fa65-4c2c-baa2-7a77b6239d16/aggdata.pickle
p138
sa(dp139
Vcallset_id
p140
Vfae4bdba-fa65-4c2c-baa2-7a77b6239d16
p141
sVlog_stream_name
p142
V2020/12/28/[$LATEST]d7fd628c32be481dadcd344188beab60
p143
sVstdout
p144
V
sVfunc_key
p145
Vpywren.jobs/fae4bdba-fa65-4c2c-baa2-7a77b6239d16/func.pickle
p146
sVfree_disk_bytes
p147
I538333184
sVruntime_cached
p148
I00
sVretcode
p149
I0
sVcall_id
p150
V00003
p151
sVoutput_key
p152
Vpywren.jobs/fae4bdba-fa65-4c2c-baa2-7a77b6239d16/00003/output.pickle
p153
sVruntime_s3_key_used
p154
Vdcc6e0-pywren.runtimes/default_2.7.tar.gz.0017
p155
sVaws_request_id
p156
V403a3dcc-449b-460b-88a4-c1c14484e9f4
p157
sVexec_time
p158
F88.474103927612305
sVstart_time
p159
F1609151962.9778659
sVsetup_time
p160
F6.7412850856781006
sVruntime_s3_bucket_used
p161
Vpywren-runtimes-public-us-west-2
p162
sVexception
p163
NsVhost_submit_time
p164
F1609151962.289093
sVserver_info
p165
(dp166
Vuname
p167
V('Linux', '169.254.1.133', '4.14.203-112.332.amzn2.x86_64', '#1 SMP Wed Nov 4 20:46:34 UTC 2020', 'x86_64', 'x86_64')
p168
sV/proc/self/cgroup
p169
VMemTotal:        1717184 kB\u000aMemFree:         1126044 kB\u000aMemAvailable:    1486048 kB\u000aBuffers:           14076 kB\u000aCached:           460252 kB\u000aSwapCached:            0 kB\u000aActive:            90280 kB\u000aInactive:         444568 kB\u000aActive(anon):      60512 kB\u000aInactive(anon):      216 kB\u000aActive(file):      29768 kB\u000aInactive(file):   444352 kB\u000aUnevictable:           0 kB\u000aMlocked:               0 kB\u000aSwapTotal:             0 kB\u000aSwapFree:              0 kB\u000aDirty:                 8 kB\u000aWriteback:             0 kB\u000aAnonPages:         60508 kB\u000aMapped:            34452 kB\u000aShmem:               220 kB\u000aSlab:              43520 kB\u000aSReclaimable:      32784 kB\u000aSUnreclaim:        10736 kB\u000aKernelStack:        1136 kB\u000aPageTables:         1340 kB\u000aNFS_Unstable:          0 kB\u000aBounce:                0 kB\u000aWritebackTmp:          0 kB\u000aCommitLimit:      858592 kB\u000aCommitted_AS:     253744 kB\u000aVmallocTotal:   34359738367 kB\u000aVmallocUsed:           0 kB\u000aVmallocChunk:          0 kB\u000aAnonHugePages:         0 kB\u000aShmemHugePages:        0 kB\u000aShmemPmdMapped:        0 kB\u000aHugePages_Total:       0\u000aHugePages_Free:        0\u000aHugePages_Rsvd:        0\u000aHugePages_Surp:        0\u000aHugepagesize:       2048 kB\u000aDirectMap4k:       21504 kB\u000aDirectMap2M:     1740800 kB\u000a
p170
sV/proc/cgroups
p171
V#subsys_name	hierarchy	num_cgroups	enabled\u000acpuset	5	1	1\u000acpu	3	5	1\u000acpuacct	3	5	1\u000ablkio	6	1	1\u000amemory	4	5	1\u000adevices	11	1	1\u000afreezer	9	2	1\u000anet_cls	10	1	1\u000aperf_event	7	1	1\u000anet_prio	10	1	1\u000ahugetlb	8	1	1\u000apids	2	1	1\u000a
p172
sV/proc/cpuinfo
p173
Vprocessor	: 0\u000avendor_id	: GenuineIntel\u000acpu family	: 6\u000amodel		: 63\u000amodel name	: Intel(R) Xeon(R) Processor @ 2.50GHz\u000astepping	: 2\u000amicrocode	: 0x1\u000acpu MHz		: 2500.002\u000acache size	: 36608 KB\u000aphysical id	: 0\u000asiblings	: 2\u000acore id		: 0\u000acpu cores	: 2\u000aapicid		: 0\u000ainitial apicid	: 0\u000afpu		: yes\u000afpu_exception	: yes\u000acpuid level	: 13\u000awp		: yes\u000aflags		: fpu vme de pse tsc msr pae mce cx8 apic sep mtrr pge mca cmov pat pse36 clflush mmx fxsr sse sse2 ht syscall nx rdtscp lm constant_tsc rep_good nopl xtopology nonstop_tsc cpuid tsc_known_freq pni pclmulqdq ssse3 fma cx16 pcid sse4_1 sse4_2 x2apic movbe popcnt tsc_deadline_timer aes xsave avx f16c rdrand hypervisor lahf_lm abm cpuid_fault invpcid_single ssbd ibrs ibpb stibp ibrs_enhanced fsgsbase tsc_adjust bmi1 avx2 smep bmi2 erms invpcid smap xsaveopt arat md_clear arch_capabilities\u000abugs		: spectre_v1 spectre_v2 spec_store_bypass swapgs\u000abogomips	: 5000.00\u000aclflush size	: 64\u000acache_alignment	: 64\u000aaddress sizes	: 46 bits physical, 48 bits virtual\u000apower management:\u000a\u000aprocessor	: 1\u000avendor_id	: GenuineIntel\u000acpu family	: 6\u000amodel		: 63\u000amodel name	: Intel(R) Xeon(R) Processor @ 2.50GHz\u000astepping	: 2\u000amicrocode	: 0x1\u000acpu MHz		: 2500.002\u000acache size	: 36608 KB\u000aphysical id	: 0\u000asiblings	: 2\u000acore id		: 1\u000acpu cores	: 2\u000aapicid		: 1\u000ainitial apicid	: 1\u000afpu		: yes\u000afpu_exception	: yes\u000acpuid level	: 13\u000awp		: yes\u000aflags		: fpu vme de pse tsc msr pae mce cx8 apic sep mtrr pge mca cmov pat pse36 clflush mmx fxsr sse sse2 ht syscall nx rdtscp lm constant_tsc rep_good nopl xtopology nonstop_tsc cpuid tsc_known_freq pni pclmulqdq ssse3 fma cx16 pcid sse4_1 sse4_2 x2apic movbe popcnt tsc_deadline_timer aes xsave avx f16c rdrand hypervisor lahf_lm abm cpuid_fault invpcid_single ssbd ibrs ibpb stibp ibrs_enhanced fsgsbase tsc_adjust bmi1 avx2 smep bmi2 erms invpcid smap xsaveopt arat md_clear arch_capabilities\u000abugs		: spectre_v1 spectre_v2 spec_store_bypass swapgs\u000abogomips	: 5000.00\u000aclflush size	: 64\u000acache_alignment	: 64\u000aaddress sizes	: 46 bits physical, 48 bits virtual\u000apower management:\u000a\u000a
p174
sV/proc/meminfo
p175
VMemTotal:        1717184 kB\u000aMemFree:         1126044 kB\u000aMemAvailable:    1486048 kB\u000aBuffers:           14076 kB\u000aCached:           460252 kB\u000aSwapCached:            0 kB\u000aActive:            90280 kB\u000aInactive:         444568 kB\u000aActive(anon):      60512 kB\u000aInactive(anon):      216 kB\u000aActive(file):      29768 kB\u000aInactive(file):   444352 kB\u000aUnevictable:           0 kB\u000aMlocked:               0 kB\u000aSwapTotal:             0 kB\u000aSwapFree:              0 kB\u000aDirty:                 8 kB\u000aWriteback:             0 kB\u000aAnonPages:         60508 kB\u000aMapped:            34452 kB\u000aShmem:               220 kB\u000aSlab:              43520 kB\u000aSReclaimable:      32784 kB\u000aSUnreclaim:        10736 kB\u000aKernelStack:        1136 kB\u000aPageTables:         1340 kB\u000aNFS_Unstable:          0 kB\u000aBounce:                0 kB\u000aWritebackTmp:          0 kB\u000aCommitLimit:      858592 kB\u000aCommitted_AS:     253744 kB\u000aVmallocTotal:   34359738367 kB\u000aVmallocUsed:           0 kB\u000aVmallocChunk:          0 kB\u000aAnonHugePages:         0 kB\u000aShmemHugePages:        0 kB\u000aShmemPmdMapped:        0 kB\u000aHugePages_Total:       0\u000aHugePages_Free:        0\u000aHugePages_Rsvd:        0\u000aHugePages_Surp:        0\u000aHugepagesize:       2048 kB\u000aDirectMap4k:       21504 kB\u000aDirectMap2M:     1740800 kB\u000a
p176
ssVstatus_key
p177
Vpywren.jobs/fae4bdba-fa65-4c2c-baa2-7a77b6239d16/00003/status.json
p178
sVend_time
p179
F1609152058.1932499
sVlog_group_name
p180
V/aws/lambda/pywren_redis_2
p181
sVdata_key
p182
Vpywren.jobs/fae4bdba-fa65-4c2c-baa2-7a77b6239d16/aggdata.pickle
p183
sa(dp184
Vcallset_id
p185
Vfae4bdba-fa65-4c2c-baa2-7a77b6239d16
p186
sVlog_stream_name
p187
V2020/12/28/[$LATEST]28693ab8c03a48bfb4fd08ec36b48f15
p188
sVstdout
p189
V
sVfunc_key
p190
Vpywren.jobs/fae4bdba-fa65-4c2c-baa2-7a77b6239d16/func.pickle
p191
sVfree_disk_bytes
p192
I538333184
sVruntime_cached
p193
I00
sVretcode
p194
I0
sVcall_id
p195
V00004
p196
sVoutput_key
p197
Vpywren.jobs/fae4bdba-fa65-4c2c-baa2-7a77b6239d16/00004/output.pickle
p198
sVruntime_s3_key_used
p199
V022b0a-pywren.runtimes/default_2.7.tar.gz.0084
p200
sVaws_request_id
p201
V1b2277d1-9272-4099-9c24-d73f1e0e211f
p202
sVexec_time
p203
F88.418013095855713
sVstart_time
p204
F1609151963.066009
sVsetup_time
p205
F7.5774269104003906
sVruntime_s3_bucket_used
p206
Vpywren-runtimes-public-us-west-2
p207
sVexception
p208
NsVhost_submit_time
p209
F1609151962.295383
sVserver_info
p210
(dp211
Vuname
p212
V('Linux', '169.254.239.141', '4.14.203-112.332.amzn2.x86_64', '#1 SMP Wed Nov 4 20:46:34 UTC 2020', 'x86_64', 'x86_64')
p213
sV/proc/self/cgroup
p214
VMemTotal:        1717184 kB\u000aMemFree:         1117980 kB\u000aMemAvailable:    1486424 kB\u000aBuffers:           17672 kB\u000aCached:           464976 kB\u000aSwapCached:            0 kB\u000aActive:            95644 kB\u000aInactive:         447492 kB\u000aActive(anon):      60480 kB\u000aInactive(anon):      216 kB\u000aActive(file):      35164 kB\u000aInactive(file):   447276 kB\u000aUnevictable:           0 kB\u000aMlocked:               0 kB\u000aSwapTotal:             0 kB\u000aSwapFree:              0 kB\u000aDirty:               220 kB\u000aWriteback:             0 kB\u000aAnonPages:         60476 kB\u000aMapped:            34916 kB\u000aShmem:               220 kB\u000aSlab:              43496 kB\u000aSReclaimable:      33020 kB\u000aSUnreclaim:        10476 kB\u000aKernelStack:        1136 kB\u000aPageTables:         1352 kB\u000aNFS_Unstable:          0 kB\u000aBounce:                0 kB\u000aWritebackTmp:          0 kB\u000aCommitLimit:      858592 kB\u000aCommitted_AS:     254444 kB\u000aVmallocTotal:   34359738367 kB\u000aVmallocUsed:           0 kB\u000aVmallocChunk:          0 kB\u000aAnonHugePages:         0 kB\u000aShmemHugePages:        0 kB\u000aShmemPmdMapped:        0 kB\u000aHugePages_Total:       0\u000aHugePages_Free:        0\u000aHugePages_Rsvd:        0\u000aHugePages_Surp:        0\u000aHugepagesize:       2048 kB\u000aDirectMap4k:       23552 kB\u000aDirectMap2M:     1738752 kB\u000a
p215
sV/proc/cgroups
p216
V#subsys_name	hierarchy	num_cgroups	enabled\u000acpuset	5	1	1\u000acpu	4	5	1\u000acpuacct	4	5	1\u000ablkio	2	1	1\u000amemory	3	5	1\u000adevices	11	1	1\u000afreezer	6	2	1\u000anet_cls	8	1	1\u000aperf_event	7	1	1\u000anet_prio	8	1	1\u000ahugetlb	9	1	1\u000apids	10	1	1\u000a
p217
sV/proc/cpuinfo
p218
Vprocessor	: 0\u000avendor_id	: GenuineIntel\u000acpu family	: 6\u000amodel		: 63\u000amodel name	: Intel(R) Xeon(R) Processor @ 2.50GHz\u000astepping	: 2\u000amicrocode	: 0x1\u000acpu MHz		: 2500.012\u000acache size	: 33792 KB\u000aphysical id	: 0\u000asiblings	: 2\u000acore id		: 0\u000acpu cores	: 2\u000aapicid		: 0\u000ainitial apicid	: 0\u000afpu		: yes\u000afpu_exception	: yes\u000acpuid level	: 13\u000awp		: yes\u000aflags		: fpu vme de pse tsc msr pae mce cx8 apic sep mtrr pge mca cmov pat pse36 clflush mmx fxsr sse sse2 ht syscall nx rdtscp lm constant_tsc rep_good nopl xtopology nonstop_tsc cpuid tsc_known_freq pni pclmulqdq ssse3 fma cx16 pcid sse4_1 sse4_2 x2apic movbe popcnt tsc_deadline_timer aes xsave avx f16c rdrand hypervisor lahf_lm abm cpuid_fault invpcid_single pti ssbd ibrs ibpb stibp fsgsbase tsc_adjust bmi1 avx2 smep bmi2 erms invpcid smap xsaveopt arat md_clear arch_capabilities\u000abugs		: cpu_meltdown spectre_v1 spectre_v2 spec_store_bypass l1tf mds swapgs\u000abogomips	: 5000.02\u000aclflush size	: 64\u000acache_alignment	: 64\u000aaddress sizes	: 46 bits physical, 48 bits virtual\u000apower management:\u000a\u000aprocessor	: 1\u000avendor_id	: GenuineIntel\u000acpu family	: 6\u000amodel		: 63\u000amodel name	: Intel(R) Xeon(R) Processor @ 2.50GHz\u000astepping	: 2\u000amicrocode	: 0x1\u000acpu MHz		: 2500.012\u000acache size	: 33792 KB\u000aphysical id	: 0\u000asiblings	: 2\u000acore id		: 1\u000acpu cores	: 2\u000aapicid		: 1\u000ainitial apicid	: 1\u000afpu		: yes\u000afpu_exception	: yes\u000acpuid level	: 13\u000awp		: yes\u000aflags		: fpu vme de pse tsc msr pae mce cx8 apic sep mtrr pge mca cmov pat pse36 clflush mmx fxsr sse sse2 ht syscall nx rdtscp lm constant_tsc rep_good nopl xtopology nonstop_tsc cpuid tsc_known_freq pni pclmulqdq ssse3 fma cx16 pcid sse4_1 sse4_2 x2apic movbe popcnt tsc_deadline_timer aes xsave avx f16c rdrand hypervisor lahf_lm abm cpuid_fault invpcid_single pti ssbd ibrs ibpb stibp fsgsbase tsc_adjust bmi1 avx2 smep bmi2 erms invpcid smap xsaveopt arat md_clear arch_capabilities\u000abugs		: cpu_meltdown spectre_v1 spectre_v2 spec_store_bypass l1tf mds swapgs\u000abogomips	: 5000.02\u000aclflush size	: 64\u000acache_alignment	: 64\u000aaddress sizes	: 46 bits physical, 48 bits virtual\u000apower management:\u000a\u000a
p219
sV/proc/meminfo
p220
VMemTotal:        1717184 kB\u000aMemFree:         1117980 kB\u000aMemAvailable:    1486424 kB\u000aBuffers:           17672 kB\u000aCached:           464976 kB\u000aSwapCached:            0 kB\u000aActive:            95644 kB\u000aInactive:         447492 kB\u000aActive(anon):      60480 kB\u000aInactive(anon):      216 kB\u000aActive(file):      35164 kB\u000aInactive(file):   447276 kB\u000aUnevictable:           0 kB\u000aMlocked:               0 kB\u000aSwapTotal:             0 kB\u000aSwapFree:              0 kB\u000aDirty:               220 kB\u000aWriteback:             0 kB\u000aAnonPages:         60476 kB\u000aMapped:            34916 kB\u000aShmem:               220 kB\u000aSlab:              43496 kB\u000aSReclaimable:      33020 kB\u000aSUnreclaim:        10476 kB\u000aKernelStack:        1136 kB\u000aPageTables:         1352 kB\u000aNFS_Unstable:          0 kB\u000aBounce:                0 kB\u000aWritebackTmp:          0 kB\u000aCommitLimit:      858592 kB\u000aCommitted_AS:     254444 kB\u000aVmallocTotal:   34359738367 kB\u000aVmallocUsed:           0 kB\u000aVmallocChunk:          0 kB\u000aAnonHugePages:         0 kB\u000aShmemHugePages:        0 kB\u000aShmemPmdMapped:        0 kB\u000aHugePages_Total:       0\u000aHugePages_Free:        0\u000aHugePages_Rsvd:        0\u000aHugePages_Surp:        0\u000aHugepagesize:       2048 kB\u000aDirectMap4k:       23552 kB\u000aDirectMap2M:     1738752 kB\u000a
p221
ssVstatus_key
p222
Vpywren.jobs/fae4bdba-fa65-4c2c-baa2-7a77b6239d16/00004/status.json
p223
sVend_time
p224
F1609152059.0614419
sVlog_group_name
p225
V/aws/lambda/pywren_redis_2
p226
sVdata_key
p227
Vpywren.jobs/fae4bdba-fa65-4c2c-baa2-7a77b6239d16/aggdata.pickle
p228
sa(dp229
Vcallset_id
p230
Vfae4bdba-fa65-4c2c-baa2-7a77b6239d16
p231
sVlog_stream_name
p232
V2020/12/28/[$LATEST]ae3607c751194be3a462881a1a13d9d8
p233
sVstdout
p234
V
sVfunc_key
p235
Vpywren.jobs/fae4bdba-fa65-4c2c-baa2-7a77b6239d16/func.pickle
p236
sVfree_disk_bytes
p237
I538333184
sVruntime_cached
p238
I00
sVretcode
p239
I0
sVcall_id
p240
V00005
p241
sVoutput_key
p242
Vpywren.jobs/fae4bdba-fa65-4c2c-baa2-7a77b6239d16/00005/output.pickle
p243
sVruntime_s3_key_used
p244
V09bc9d-pywren.runtimes/default_2.7.tar.gz.0041
p245
sVaws_request_id
p246
V5c61908a-11df-4fee-ba63-2af2696d9c87
p247
sVexec_time
p248
F86.437839031219482
sVstart_time
p249
F1609151963.0023069
sVsetup_time
p250
F6.9070680141448975
sVruntime_s3_bucket_used
p251
Vpywren-runtimes-public-us-west-2
p252
sVexception
p253
NsVhost_submit_time
p254
F1609151962.300518
sVserver_info
p255
(dp256
Vuname
p257
V('Linux', '169.254.131.29', '4.14.203-112.332.amzn2.x86_64', '#1 SMP Wed Nov 4 20:46:34 UTC 2020', 'x86_64', 'x86_64')
p258
sV/proc/self/cgroup
p259
VMemTotal:        1717184 kB\u000aMemFree:         1121752 kB\u000aMemAvailable:    1485632 kB\u000aBuffers:           16744 kB\u000aCached:           461312 kB\u000aSwapCached:            0 kB\u000aActive:            93068 kB\u000aInactive:         445660 kB\u000aActive(anon):      60656 kB\u000aInactive(anon):      216 kB\u000aActive(file):      32412 kB\u000aInactive(file):   445444 kB\u000aUnevictable:           0 kB\u000aMlocked:               0 kB\u000aSwapTotal:             0 kB\u000aSwapFree:              0 kB\u000aDirty:                 8 kB\u000aWriteback:             0 kB\u000aAnonPages:         60576 kB\u000aMapped:            34972 kB\u000aShmem:               220 kB\u000aSlab:              43916 kB\u000aSReclaimable:      33060 kB\u000aSUnreclaim:        10856 kB\u000aKernelStack:        1136 kB\u000aPageTables:         1400 kB\u000aNFS_Unstable:          0 kB\u000aBounce:                0 kB\u000aWritebackTmp:          0 kB\u000aCommitLimit:      858592 kB\u000aCommitted_AS:     253836 kB\u000aVmallocTotal:   34359738367 kB\u000aVmallocUsed:           0 kB\u000aVmallocChunk:          0 kB\u000aAnonHugePages:         0 kB\u000aShmemHugePages:        0 kB\u000aShmemPmdMapped:        0 kB\u000aHugePages_Total:       0\u000aHugePages_Free:        0\u000aHugePages_Rsvd:        0\u000aHugePages_Surp:        0\u000aHugepagesize:       2048 kB\u000aDirectMap4k:       23552 kB\u000aDirectMap2M:     1738752 kB\u000a
p260
sV/proc/cgroups
p261
V#subsys_name	hierarchy	num_cgroups	enabled\u000acpuset	7	1	1\u000acpu	6	5	1\u000acpuacct	6	5	1\u000ablkio	11	1	1\u000amemory	9	5	1\u000adevices	2	1	1\u000afreezer	10	2	1\u000anet_cls	5	1	1\u000aperf_event	8	1	1\u000anet_prio	5	1	1\u000ahugetlb	4	1	1\u000apids	3	1	1\u000a
p262
sV/proc/cpuinfo
p263
Vprocessor	: 0\u000avendor_id	: GenuineIntel\u000acpu family	: 6\u000amodel		: 63\u000amodel name	: Intel(R) Xeon(R) Processor @ 2.50GHz\u000astepping	: 2\u000amicrocode	: 0x1\u000acpu MHz		: 2500.010\u000acache size	: 36608 KB\u000aphysical id	: 0\u000asiblings	: 2\u000acore id		: 0\u000acpu cores	: 2\u000aapicid		: 0\u000ainitial apicid	: 0\u000afpu		: yes\u000afpu_exception	: yes\u000acpuid level	: 13\u000awp		: yes\u000aflags		: fpu vme de pse tsc msr pae mce cx8 apic sep mtrr pge mca cmov pat pse36 clflush mmx fxsr sse sse2 ht syscall nx rdtscp lm constant_tsc rep_good nopl xtopology nonstop_tsc cpuid tsc_known_freq pni pclmulqdq ssse3 fma cx16 pcid sse4_1 sse4_2 x2apic movbe popcnt tsc_deadline_timer aes xsave avx f16c rdrand hypervisor lahf_lm abm cpuid_fault invpcid_single ssbd ibrs ibpb stibp ibrs_enhanced fsgsbase tsc_adjust bmi1 avx2 smep bmi2 erms invpcid smap xsaveopt arat md_clear arch_capabilities\u000abugs		: spectre_v1 spectre_v2 spec_store_bypass swapgs\u000abogomips	: 5000.02\u000aclflush size	: 64\u000acache_alignment	: 64\u000aaddress sizes	: 46 bits physical, 48 bits virtual\u000apower management:\u000a\u000aprocessor	: 1\u000avendor_id	: GenuineIntel\u000acpu family	: 6\u000amodel		: 63\u000amodel name	: Intel(R) Xeon(R) Processor @ 2.50GHz\u000astepping	: 2\u000amicrocode	: 0x1\u000acpu MHz		: 2500.010\u000acache size	: 36608 KB\u000aphysical id	: 0\u000asiblings	: 2\u000acore id		: 1\u000acpu cores	: 2\u000aapicid		: 1\u000ainitial apicid	: 1\u000afpu		: yes\u000afpu_exception	: yes\u000acpuid level	: 13\u000awp		: yes\u000aflags		: fpu vme de pse tsc msr pae mce cx8 apic sep mtrr pge mca cmov pat pse36 clflush mmx fxsr sse sse2 ht syscall nx rdtscp lm constant_tsc rep_good nopl xtopology nonstop_tsc cpuid tsc_known_freq pni pclmulqdq ssse3 fma cx16 pcid sse4_1 sse4_2 x2apic movbe popcnt tsc_deadline_timer aes xsave avx f16c rdrand hypervisor lahf_lm abm cpuid_fault invpcid_single ssbd ibrs ibpb stibp ibrs_enhanced fsgsbase tsc_adjust bmi1 avx2 smep bmi2 erms invpcid smap xsaveopt arat md_clear arch_capabilities\u000abugs		: spectre_v1 spectre_v2 spec_store_bypass swapgs\u000abogomips	: 5000.02\u000aclflush size	: 64\u000acache_alignment	: 64\u000aaddress sizes	: 46 bits physical, 48 bits virtual\u000apower management:\u000a\u000a
p264
sV/proc/meminfo
p265
VMemTotal:        1717184 kB\u000aMemFree:         1121752 kB\u000aMemAvailable:    1485632 kB\u000aBuffers:           16744 kB\u000aCached:           461312 kB\u000aSwapCached:            0 kB\u000aActive:            93068 kB\u000aInactive:         445660 kB\u000aActive(anon):      60656 kB\u000aInactive(anon):      216 kB\u000aActive(file):      32412 kB\u000aInactive(file):   445444 kB\u000aUnevictable:           0 kB\u000aMlocked:               0 kB\u000aSwapTotal:             0 kB\u000aSwapFree:              0 kB\u000aDirty:                 8 kB\u000aWriteback:             0 kB\u000aAnonPages:         60576 kB\u000aMapped:            34972 kB\u000aShmem:               220 kB\u000aSlab:              43916 kB\u000aSReclaimable:      33060 kB\u000aSUnreclaim:        10856 kB\u000aKernelStack:        1136 kB\u000aPageTables:         1400 kB\u000aNFS_Unstable:          0 kB\u000aBounce:                0 kB\u000aWritebackTmp:          0 kB\u000aCommitLimit:      858592 kB\u000aCommitted_AS:     253836 kB\u000aVmallocTotal:   34359738367 kB\u000aVmallocUsed:           0 kB\u000aVmallocChunk:          0 kB\u000aAnonHugePages:         0 kB\u000aShmemHugePages:        0 kB\u000aShmemPmdMapped:        0 kB\u000aHugePages_Total:       0\u000aHugePages_Free:        0\u000aHugePages_Rsvd:        0\u000aHugePages_Surp:        0\u000aHugepagesize:       2048 kB\u000aDirectMap4k:       23552 kB\u000aDirectMap2M:     1738752 kB\u000a
p266
ssVstatus_key
p267
Vpywren.jobs/fae4bdba-fa65-4c2c-baa2-7a77b6239d16/00005/status.json
p268
sVend_time
p269
F1609152056.347209
sVlog_group_name
p270
V/aws/lambda/pywren_redis_2
p271
sVdata_key
p272
Vpywren.jobs/fae4bdba-fa65-4c2c-baa2-7a77b6239d16/aggdata.pickle
p273
sa(dp274
Vcallset_id
p275
Vfae4bdba-fa65-4c2c-baa2-7a77b6239d16
p276
sVlog_stream_name
p277
V2020/12/28/[$LATEST]540feb1b12f340748e522baf84817afb
p278
sVstdout
p279
V
sVfunc_key
p280
Vpywren.jobs/fae4bdba-fa65-4c2c-baa2-7a77b6239d16/func.pickle
p281
sVfree_disk_bytes
p282
I538333184
sVruntime_cached
p283
I00
sVretcode
p284
I0
sVcall_id
p285
V00006
p286
sVoutput_key
p287
Vpywren.jobs/fae4bdba-fa65-4c2c-baa2-7a77b6239d16/00006/output.pickle
p288
sVruntime_s3_key_used
p289
V85df1b-pywren.runtimes/default_2.7.tar.gz.0066
p290
sVaws_request_id
p291
Ve7a33458-7d5a-4eea-bf00-9bed50215987
p292
sVexec_time
p293
F82.586885929107666
sVstart_time
p294
F1609151963.030236
sVsetup_time
p295
F6.9476790428161621
sVruntime_s3_bucket_used
p296
Vpywren-runtimes-public-us-west-2
p297
sVexception
p298
NsVhost_submit_time
p299
F1609151962.3060091
sVserver_info
p300
(dp301
Vuname
p302
V('Linux', '169.254.157.133', '4.14.203-112.332.amzn2.x86_64', '#1 SMP Wed Nov 4 20:46:34 UTC 2020', 'x86_64', 'x86_64')
p303
sV/proc/self/cgroup
p304
VMemTotal:        1717184 kB\u000aMemFree:         1119200 kB\u000aMemAvailable:    1486068 kB\u000aBuffers:           16968 kB\u000aCached:           464180 kB\u000aSwapCached:            0 kB\u000aActive:            93552 kB\u000aInactive:         448360 kB\u000aActive(anon):      60744 kB\u000aInactive(anon):      216 kB\u000aActive(file):      32808 kB\u000aInactive(file):   448144 kB\u000aUnevictable:           0 kB\u000aMlocked:               0 kB\u000aSwapTotal:             0 kB\u000aSwapFree:              0 kB\u000aDirty:                12 kB\u000aWriteback:             0 kB\u000aAnonPages:         60752 kB\u000aMapped:            34908 kB\u000aShmem:               220 kB\u000aSlab:              43212 kB\u000aSReclaimable:      32848 kB\u000aSUnreclaim:        10364 kB\u000aKernelStack:        1152 kB\u000aPageTables:         1308 kB\u000aNFS_Unstable:          0 kB\u000aBounce:                0 kB\u000aWritebackTmp:          0 kB\u000aCommitLimit:      858592 kB\u000aCommitted_AS:     253832 kB\u000aVmallocTotal:   34359738367 kB\u000aVmallocUsed:           0 kB\u000aVmallocChunk:          0 kB\u000aAnonHugePages:         0 kB\u000aShmemHugePages:        0 kB\u000aShmemPmdMapped:        0 kB\u000aHugePages_Total:       0\u000aHugePages_Free:        0\u000aHugePages_Rsvd:        0\u000aHugePages_Surp:        0\u000aHugepagesize:       2048 kB\u000aDirectMap4k:       23552 kB\u000aDirectMap2M:     1738752 kB\u000a
p305
sV/proc/cgroups
p306
V#subsys_name	hierarchy	num_cgroups	enabled\u000acpuset	10	1	1\u000acpu	11	5	1\u000acpuacct	11	5	1\u000ablkio	3	1	1\u000amemory	9	5	1\u000adevices	4	1	1\u000afreezer	8	2	1\u000anet_cls	2	1	1\u000aperf_event	5	1	1\u000anet_prio	2	1	1\u000ahugetlb	6	1	1\u000apids	7	1	1\u000a
p307
sV/proc/cpuinfo
p308
Vprocessor	: 0\u000avendor_id	: GenuineIntel\u000acpu family	: 6\u000amodel		: 63\u000amodel name	: Intel(R) Xeon(R) Processor @ 2.50GHz\u000astepping	: 2\u000amicrocode	: 0x1\u000acpu MHz		: 2500.010\u000acache size	: 36608 KB\u000aphysical id	: 0\u000asiblings	: 2\u000acore id		: 0\u000acpu cores	: 2\u000aapicid		: 0\u000ainitial apicid	: 0\u000afpu		: yes\u000afpu_exception	: yes\u000acpuid level	: 13\u000awp		: yes\u000aflags		: fpu vme de pse tsc msr pae mce cx8 apic sep mtrr pge mca cmov pat pse36 clflush mmx fxsr sse sse2 ht syscall nx rdtscp lm constant_tsc rep_good nopl xtopology nonstop_tsc cpuid tsc_known_freq pni pclmulqdq ssse3 fma cx16 pcid sse4_1 sse4_2 x2apic movbe popcnt tsc_deadline_timer aes xsave avx f16c rdrand hypervisor lahf_lm abm cpuid_fault invpcid_single ssbd ibrs ibpb stibp ibrs_enhanced fsgsbase tsc_adjust bmi1 avx2 smep bmi2 erms invpcid smap xsaveopt arat md_clear arch_capabilities\u000abugs		: spectre_v1 spectre_v2 spec_store_bypass swapgs\u000abogomips	: 5000.02\u000aclflush size	: 64\u000acache_alignment	: 64\u000aaddress sizes	: 46 bits physical, 48 bits virtual\u000apower management:\u000a\u000aprocessor	: 1\u000avendor_id	: GenuineIntel\u000acpu family	: 6\u000amodel		: 63\u000amodel name	: Intel(R) Xeon(R) Processor @ 2.50GHz\u000astepping	: 2\u000amicrocode	: 0x1\u000acpu MHz		: 2500.010\u000acache size	: 36608 KB\u000aphysical id	: 0\u000asiblings	: 2\u000acore id		: 1\u000acpu cores	: 2\u000aapicid		: 1\u000ainitial apicid	: 1\u000afpu		: yes\u000afpu_exception	: yes\u000acpuid level	: 13\u000awp		: yes\u000aflags		: fpu vme de pse tsc msr pae mce cx8 apic sep mtrr pge mca cmov pat pse36 clflush mmx fxsr sse sse2 ht syscall nx rdtscp lm constant_tsc rep_good nopl xtopology nonstop_tsc cpuid tsc_known_freq pni pclmulqdq ssse3 fma cx16 pcid sse4_1 sse4_2 x2apic movbe popcnt tsc_deadline_timer aes xsave avx f16c rdrand hypervisor lahf_lm abm cpuid_fault invpcid_single ssbd ibrs ibpb stibp ibrs_enhanced fsgsbase tsc_adjust bmi1 avx2 smep bmi2 erms invpcid smap xsaveopt arat md_clear arch_capabilities\u000abugs		: spectre_v1 spectre_v2 spec_store_bypass swapgs\u000abogomips	: 5000.02\u000aclflush size	: 64\u000acache_alignment	: 64\u000aaddress sizes	: 46 bits physical, 48 bits virtual\u000apower management:\u000a\u000a
p309
sV/proc/meminfo
p310
VMemTotal:        1717184 kB\u000aMemFree:         1119200 kB\u000aMemAvailable:    1486068 kB\u000aBuffers:           16968 kB\u000aCached:           464180 kB\u000aSwapCached:            0 kB\u000aActive:            93552 kB\u000aInactive:         448360 kB\u000aActive(anon):      60744 kB\u000aInactive(anon):      216 kB\u000aActive(file):      32808 kB\u000aInactive(file):   448144 kB\u000aUnevictable:           0 kB\u000aMlocked:               0 kB\u000aSwapTotal:             0 kB\u000aSwapFree:              0 kB\u000aDirty:                12 kB\u000aWriteback:             0 kB\u000aAnonPages:         60752 kB\u000aMapped:            34908 kB\u000aShmem:               220 kB\u000aSlab:              43212 kB\u000aSReclaimable:      32848 kB\u000aSUnreclaim:        10364 kB\u000aKernelStack:        1152 kB\u000aPageTables:         1308 kB\u000aNFS_Unstable:          0 kB\u000aBounce:                0 kB\u000aWritebackTmp:          0 kB\u000aCommitLimit:      858592 kB\u000aCommitted_AS:     253832 kB\u000aVmallocTotal:   34359738367 kB\u000aVmallocUsed:           0 kB\u000aVmallocChunk:          0 kB\u000aAnonHugePages:         0 kB\u000aShmemHugePages:        0 kB\u000aShmemPmdMapped:        0 kB\u000aHugePages_Total:       0\u000aHugePages_Free:        0\u000aHugePages_Rsvd:        0\u000aHugePages_Surp:        0\u000aHugepagesize:       2048 kB\u000aDirectMap4k:       23552 kB\u000aDirectMap2M:     1738752 kB\u000a
p311
ssVstatus_key
p312
Vpywren.jobs/fae4bdba-fa65-4c2c-baa2-7a77b6239d16/00006/status.json
p313
sVend_time
p314
F1609152052.5647941
sVlog_group_name
p315
V/aws/lambda/pywren_redis_2
p316
sVdata_key
p317
Vpywren.jobs/fae4bdba-fa65-4c2c-baa2-7a77b6239d16/aggdata.pickle
p318
sa(dp319
Vcallset_id
p320
Vfae4bdba-fa65-4c2c-baa2-7a77b6239d16
p321
sVlog_stream_name
p322
V2020/12/28/[$LATEST]41c7cb68b938453382cd1ba21f2b388e
p323
sVstdout
p324
V
sVfunc_key
p325
Vpywren.jobs/fae4bdba-fa65-4c2c-baa2-7a77b6239d16/func.pickle
p326
sVfree_disk_bytes
p327
I538333184
sVruntime_cached
p328
I00
sVretcode
p329
I0
sVcall_id
p330
V00007
p331
sVoutput_key
p332
Vpywren.jobs/fae4bdba-fa65-4c2c-baa2-7a77b6239d16/00007/output.pickle
p333
sVruntime_s3_key_used
p334
Vc39cc0-pywren.runtimes/default_2.7.tar.gz.0048
p335
sVaws_request_id
p336
V4760b735-ecd8-4882-a6eb-d0d728c1f4b1
p337
sVexec_time
p338
F84.436636924743652
sVstart_time
p339
F1609151963.108598
sVsetup_time
p340
F7.455003023147583
sVruntime_s3_bucket_used
p341
Vpywren-runtimes-public-us-west-2
p342
sVexception
p343
NsVhost_submit_time
p344
F1609151962.3177209
sVserver_info
p345
(dp346
Vuname
p347
V('Linux', '169.254.29.29', '4.14.203-112.332.amzn2.x86_64', '#1 SMP Wed Nov 4 20:46:34 UTC 2020', 'x86_64', 'x86_64')
p348
sV/proc/self/cgroup
p349
VMemTotal:        1717184 kB\u000aMemFree:         1122872 kB\u000aMemAvailable:    1486856 kB\u000aBuffers:           14632 kB\u000aCached:           463648 kB\u000aSwapCached:            0 kB\u000aActive:            91700 kB\u000aInactive:         447136 kB\u000aActive(anon):      60548 kB\u000aInactive(anon):      216 kB\u000aActive(file):      31152 kB\u000aInactive(file):   446920 kB\u000aUnevictable:           0 kB\u000aMlocked:               0 kB\u000aSwapTotal:             0 kB\u000aSwapFree:              0 kB\u000aDirty:                12 kB\u000aWriteback:             0 kB\u000aAnonPages:         60548 kB\u000aMapped:            34432 kB\u000aShmem:               220 kB\u000aSlab:              42992 kB\u000aSReclaimable:      32836 kB\u000aSUnreclaim:        10156 kB\u000aKernelStack:        1136 kB\u000aPageTables:         1336 kB\u000aNFS_Unstable:          0 kB\u000aBounce:                0 kB\u000aWritebackTmp:          0 kB\u000aCommitLimit:      858592 kB\u000aCommitted_AS:     253744 kB\u000aVmallocTotal:   34359738367 kB\u000aVmallocUsed:           0 kB\u000aVmallocChunk:          0 kB\u000aAnonHugePages:         0 kB\u000aShmemHugePages:        0 kB\u000aShmemPmdMapped:        0 kB\u000aHugePages_Total:       0\u000aHugePages_Free:        0\u000aHugePages_Rsvd:        0\u000aHugePages_Surp:        0\u000aHugepagesize:       2048 kB\u000aDirectMap4k:       19456 kB\u000aDirectMap2M:     1742848 kB\u000a
p350
sV/proc/cgroups
p351
V#subsys_name	hierarchy	num_cgroups	enabled\u000acpuset	3	1	1\u000acpu	2	5	1\u000acpuacct	2	5	1\u000ablkio	10	1	1\u000amemory	4	5	1\u000adevices	11	1	1\u000afreezer	7	2	1\u000anet_cls	6	1	1\u000aperf_event	8	1	1\u000anet_prio	6	1	1\u000ahugetlb	5	1	1\u000apids	9	1	1\u000a
p352
sV/proc/cpuinfo
p353
Vprocessor	: 0\u000avendor_id	: GenuineIntel\u000acpu family	: 6\u000amodel		: 63\u000amodel name	: Intel(R) Xeon(R) Processor @ 2.50GHz\u000astepping	: 2\u000amicrocode	: 0x1\u000acpu MHz		: 2500.010\u000acache size	: 33792 KB\u000aphysical id	: 0\u000asiblings	: 2\u000acore id		: 0\u000acpu cores	: 2\u000aapicid		: 0\u000ainitial apicid	: 0\u000afpu		: yes\u000afpu_exception	: yes\u000acpuid level	: 13\u000awp		: yes\u000aflags		: fpu vme de pse tsc msr pae mce cx8 apic sep mtrr pge mca cmov pat pse36 clflush mmx fxsr sse sse2 ht syscall nx rdtscp lm constant_tsc rep_good nopl xtopology nonstop_tsc cpuid tsc_known_freq pni pclmulqdq ssse3 fma cx16 pcid sse4_1 sse4_2 x2apic movbe popcnt tsc_deadline_timer aes xsave avx f16c rdrand hypervisor lahf_lm abm cpuid_fault invpcid_single pti ssbd ibrs ibpb stibp fsgsbase tsc_adjust bmi1 avx2 smep bmi2 erms invpcid smap xsaveopt arat md_clear arch_capabilities\u000abugs		: cpu_meltdown spectre_v1 spectre_v2 spec_store_bypass l1tf mds swapgs\u000abogomips	: 5000.02\u000aclflush size	: 64\u000acache_alignment	: 64\u000aaddress sizes	: 46 bits physical, 48 bits virtual\u000apower management:\u000a\u000aprocessor	: 1\u000avendor_id	: GenuineIntel\u000acpu family	: 6\u000amodel		: 63\u000amodel name	: Intel(R) Xeon(R) Processor @ 2.50GHz\u000astepping	: 2\u000amicrocode	: 0x1\u000acpu MHz		: 2500.010\u000acache size	: 33792 KB\u000aphysical id	: 0\u000asiblings	: 2\u000acore id		: 1\u000acpu cores	: 2\u000aapicid		: 1\u000ainitial apicid	: 1\u000afpu		: yes\u000afpu_exception	: yes\u000acpuid level	: 13\u000awp		: yes\u000aflags		: fpu vme de pse tsc msr pae mce cx8 apic sep mtrr pge mca cmov pat pse36 clflush mmx fxsr sse sse2 ht syscall nx rdtscp lm constant_tsc rep_good nopl xtopology nonstop_tsc cpuid tsc_known_freq pni pclmulqdq ssse3 fma cx16 pcid sse4_1 sse4_2 x2apic movbe popcnt tsc_deadline_timer aes xsave avx f16c rdrand hypervisor lahf_lm abm cpuid_fault invpcid_single pti ssbd ibrs ibpb stibp fsgsbase tsc_adjust bmi1 avx2 smep bmi2 erms invpcid smap xsaveopt arat md_clear arch_capabilities\u000abugs		: cpu_meltdown spectre_v1 spectre_v2 spec_store_bypass l1tf mds swapgs\u000abogomips	: 5000.02\u000aclflush size	: 64\u000acache_alignment	: 64\u000aaddress sizes	: 46 bits physical, 48 bits virtual\u000apower management:\u000a\u000a
p354
sV/proc/meminfo
p355
VMemTotal:        1717184 kB\u000aMemFree:         1122872 kB\u000aMemAvailable:    1486856 kB\u000aBuffers:           14632 kB\u000aCached:           463648 kB\u000aSwapCached:            0 kB\u000aActive:            91700 kB\u000aInactive:         447136 kB\u000aActive(anon):      60548 kB\u000aInactive(anon):      216 kB\u000aActive(file):      31152 kB\u000aInactive(file):   446920 kB\u000aUnevictable:           0 kB\u000aMlocked:               0 kB\u000aSwapTotal:             0 kB\u000aSwapFree:              0 kB\u000aDirty:                12 kB\u000aWriteback:             0 kB\u000aAnonPages:         60548 kB\u000aMapped:            34432 kB\u000aShmem:               220 kB\u000aSlab:              42992 kB\u000aSReclaimable:      32836 kB\u000aSUnreclaim:        10156 kB\u000aKernelStack:        1136 kB\u000aPageTables:         1336 kB\u000aNFS_Unstable:          0 kB\u000aBounce:                0 kB\u000aWritebackTmp:          0 kB\u000aCommitLimit:      858592 kB\u000aCommitted_AS:     253744 kB\u000aVmallocTotal:   34359738367 kB\u000aVmallocUsed:           0 kB\u000aVmallocChunk:          0 kB\u000aAnonHugePages:         0 kB\u000aShmemHugePages:        0 kB\u000aShmemPmdMapped:        0 kB\u000aHugePages_Total:       0\u000aHugePages_Free:        0\u000aHugePages_Rsvd:        0\u000aHugePages_Surp:        0\u000aHugepagesize:       2048 kB\u000aDirectMap4k:       19456 kB\u000aDirectMap2M:     1742848 kB\u000a
p356
ssVstatus_key
p357
Vpywren.jobs/fae4bdba-fa65-4c2c-baa2-7a77b6239d16/00007/status.json
p358
sVend_time
p359
F1609152055.000232
sVlog_group_name
p360
V/aws/lambda/pywren_redis_2
p361
sVdata_key
p362
Vpywren.jobs/fae4bdba-fa65-4c2c-baa2-7a77b6239d16/aggdata.pickle
p363
sa(dp364
Vcallset_id
p365
Vfae4bdba-fa65-4c2c-baa2-7a77b6239d16
p366
sVlog_stream_name
p367
V2020/12/28/[$LATEST]28ee96eaafd04686bcb3741237f3e59e
p368
sVstdout
p369
V
sVfunc_key
p370
Vpywren.jobs/fae4bdba-fa65-4c2c-baa2-7a77b6239d16/func.pickle
p371
sVfree_disk_bytes
p372
I538333184
sVruntime_cached
p373
I00
sVretcode
p374
I0
sVcall_id
p375
V00008
p376
sVoutput_key
p377
Vpywren.jobs/fae4bdba-fa65-4c2c-baa2-7a77b6239d16/00008/output.pickle
p378
sVruntime_s3_key_used
p379
Ve4d51b-pywren.runtimes/default_2.7.tar.gz.0008
p380
sVaws_request_id
p381
V56f87c25-9274-4b2c-8032-4339b2a22ff5
p382
sVexec_time
p383
F84.420462846755981
sVstart_time
p384
F1609151963.071852
sVsetup_time
p385
F7.2552580833435059
sVruntime_s3_bucket_used
p386
Vpywren-runtimes-public-us-west-2
p387
sVexception
p388
NsVhost_submit_time
p389
F1609151962.3241439
sVserver_info
p390
(dp391
Vuname
p392
V('Linux', '169.254.166.205', '4.14.203-112.332.amzn2.x86_64', '#1 SMP Wed Nov 4 20:46:34 UTC 2020', 'x86_64', 'x86_64')
p393
sV/proc/self/cgroup
p394
VMemTotal:        1717184 kB\u000aMemFree:         1118148 kB\u000aMemAvailable:    1485968 kB\u000aBuffers:           17312 kB\u000aCached:           464716 kB\u000aSwapCached:            0 kB\u000aActive:            95056 kB\u000aInactive:         448004 kB\u000aActive(anon):      61024 kB\u000aInactive(anon):      216 kB\u000aActive(file):      34032 kB\u000aInactive(file):   447788 kB\u000aUnevictable:           0 kB\u000aMlocked:               0 kB\u000aSwapTotal:             0 kB\u000aSwapFree:              0 kB\u000aDirty:                 8 kB\u000aWriteback:             0 kB\u000aAnonPages:         61020 kB\u000aMapped:            35408 kB\u000aShmem:               220 kB\u000aSlab:              43176 kB\u000aSReclaimable:      33012 kB\u000aSUnreclaim:        10164 kB\u000aKernelStack:        1136 kB\u000aPageTables:         1316 kB\u000aNFS_Unstable:          0 kB\u000aBounce:                0 kB\u000aWritebackTmp:          0 kB\u000aCommitLimit:      858592 kB\u000aCommitted_AS:     253724 kB\u000aVmallocTotal:   34359738367 kB\u000aVmallocUsed:           0 kB\u000aVmallocChunk:          0 kB\u000aAnonHugePages:         0 kB\u000aShmemHugePages:        0 kB\u000aShmemPmdMapped:        0 kB\u000aHugePages_Total:       0\u000aHugePages_Free:        0\u000aHugePages_Rsvd:        0\u000aHugePages_Surp:        0\u000aHugepagesize:       2048 kB\u000aDirectMap4k:       21504 kB\u000aDirectMap2M:     1740800 kB\u000a
p395
sV/proc/cgroups
p396
V#subsys_name	hierarchy	num_cgroups	enabled\u000acpuset	8	1	1\u000acpu	2	5	1\u000acpuacct	2	5	1\u000ablkio	9	1	1\u000amemory	10	5	1\u000adevices	11	1	1\u000afreezer	7	2	1\u000anet_cls	4	1	1\u000aperf_event	6	1	1\u000anet_prio	4	1	1\u000ahugetlb	5	1	1\u000apids	3	1	1\u000a
p397
sV/proc/cpuinfo
p398
Vprocessor	: 0\u000avendor_id	: GenuineIntel\u000acpu family	: 6\u000amodel		: 63\u000amodel name	: Intel(R) Xeon(R) Processor @ 2.50GHz\u000astepping	: 2\u000amicrocode	: 0x1\u000acpu MHz		: 2500.010\u000acache size	: 33792 KB\u000aphysical id	: 0\u000asiblings	: 2\u000acore id		: 0\u000acpu cores	: 2\u000aapicid		: 0\u000ainitial apicid	: 0\u000afpu		: yes\u000afpu_exception	: yes\u000acpuid level	: 13\u000awp		: yes\u000aflags		: fpu vme de pse tsc msr pae mce cx8 apic sep mtrr pge mca cmov pat pse36 clflush mmx fxsr sse sse2 ht syscall nx rdtscp lm constant_tsc rep_good nopl xtopology nonstop_tsc cpuid tsc_known_freq pni pclmulqdq ssse3 fma cx16 pcid sse4_1 sse4_2 x2apic movbe popcnt tsc_deadline_timer aes xsave avx f16c rdrand hypervisor lahf_lm abm cpuid_fault invpcid_single pti ssbd ibrs ibpb stibp fsgsbase tsc_adjust bmi1 avx2 smep bmi2 erms invpcid smap xsaveopt arat md_clear arch_capabilities\u000abugs		: cpu_meltdown spectre_v1 spectre_v2 spec_store_bypass l1tf mds swapgs\u000abogomips	: 5000.02\u000aclflush size	: 64\u000acache_alignment	: 64\u000aaddress sizes	: 46 bits physical, 48 bits virtual\u000apower management:\u000a\u000aprocessor	: 1\u000avendor_id	: GenuineIntel\u000acpu family	: 6\u000amodel		: 63\u000amodel name	: Intel(R) Xeon(R) Processor @ 2.50GHz\u000astepping	: 2\u000amicrocode	: 0x1\u000acpu MHz		: 2500.010\u000acache size	: 33792 KB\u000aphysical id	: 0\u000asiblings	: 2\u000acore id		: 1\u000acpu cores	: 2\u000aapicid		: 1\u000ainitial apicid	: 1\u000afpu		: yes\u000afpu_exception	: yes\u000acpuid level	: 13\u000awp		: yes\u000aflags		: fpu vme de pse tsc msr pae mce cx8 apic sep mtrr pge mca cmov pat pse36 clflush mmx fxsr sse sse2 ht syscall nx rdtscp lm constant_tsc rep_good nopl xtopology nonstop_tsc cpuid tsc_known_freq pni pclmulqdq ssse3 fma cx16 pcid sse4_1 sse4_2 x2apic movbe popcnt tsc_deadline_timer aes xsave avx f16c rdrand hypervisor lahf_lm abm cpuid_fault invpcid_single pti ssbd ibrs ibpb stibp fsgsbase tsc_adjust bmi1 avx2 smep bmi2 erms invpcid smap xsaveopt arat md_clear arch_capabilities\u000abugs		: cpu_meltdown spectre_v1 spectre_v2 spec_store_bypass l1tf mds swapgs\u000abogomips	: 5000.02\u000aclflush size	: 64\u000acache_alignment	: 64\u000aaddress sizes	: 46 bits physical, 48 bits virtual\u000apower management:\u000a\u000a
p399
sV/proc/meminfo
p400
VMemTotal:        1717184 kB\u000aMemFree:         1118148 kB\u000aMemAvailable:    1485968 kB\u000aBuffers:           17312 kB\u000aCached:           464716 kB\u000aSwapCached:            0 kB\u000aActive:            95056 kB\u000aInactive:         448004 kB\u000aActive(anon):      61024 kB\u000aInactive(anon):      216 kB\u000aActive(file):      34032 kB\u000aInactive(file):   447788 kB\u000aUnevictable:           0 kB\u000aMlocked:               0 kB\u000aSwapTotal:             0 kB\u000aSwapFree:              0 kB\u000aDirty:                 8 kB\u000aWriteback:             0 kB\u000aAnonPages:         61020 kB\u000aMapped:            35408 kB\u000aShmem:               220 kB\u000aSlab:              43176 kB\u000aSReclaimable:      33012 kB\u000aSUnreclaim:        10164 kB\u000aKernelStack:        1136 kB\u000aPageTables:         1316 kB\u000aNFS_Unstable:          0 kB\u000aBounce:                0 kB\u000aWritebackTmp:          0 kB\u000aCommitLimit:      858592 kB\u000aCommitted_AS:     253724 kB\u000aVmallocTotal:   34359738367 kB\u000aVmallocUsed:           0 kB\u000aVmallocChunk:          0 kB\u000aAnonHugePages:         0 kB\u000aShmemHugePages:        0 kB\u000aShmemPmdMapped:        0 kB\u000aHugePages_Total:       0\u000aHugePages_Free:        0\u000aHugePages_Rsvd:        0\u000aHugePages_Surp:        0\u000aHugepagesize:       2048 kB\u000aDirectMap4k:       21504 kB\u000aDirectMap2M:     1740800 kB\u000a
p401
ssVstatus_key
p402
Vpywren.jobs/fae4bdba-fa65-4c2c-baa2-7a77b6239d16/00008/status.json
p403
sVend_time
p404
F1609152054.7475669
sVlog_group_name
p405
V/aws/lambda/pywren_redis_2
p406
sVdata_key
p407
Vpywren.jobs/fae4bdba-fa65-4c2c-baa2-7a77b6239d16/aggdata.pickle
p408
sa(dp409
Vcallset_id
p410
Vfae4bdba-fa65-4c2c-baa2-7a77b6239d16
p411
sVlog_stream_name
p412
V2020/12/28/[$LATEST]f5be1757b22d456182b9bc6b9ed3747c
p413
sVstdout
p414
V
sVfunc_key
p415
Vpywren.jobs/fae4bdba-fa65-4c2c-baa2-7a77b6239d16/func.pickle
p416
sVfree_disk_bytes
p417
I538333184
sVruntime_cached
p418
I00
sVretcode
p419
I0
sVcall_id
p420
V00009
p421
sVoutput_key
p422
Vpywren.jobs/fae4bdba-fa65-4c2c-baa2-7a77b6239d16/00009/output.pickle
p423
sVruntime_s3_key_used
p424
Ve2a605-pywren.runtimes/default_2.7.tar.gz.0070
p425
sVaws_request_id
p426
V46bfcdb7-3c94-45c9-81bc-f16fbcd51ba4
p427
sVexec_time
p428
F82.417872190475464
sVstart_time
p429
F1609151963.071595
sVsetup_time
p430
F7.2266049385070801
sVruntime_s3_bucket_used
p431
Vpywren-runtimes-public-us-west-2
p432
sVexception
p433
NsVhost_submit_time
p434
F1609151962.3316269
sVserver_info
p435
(dp436
Vuname
p437
V('Linux', '169.254.227.101', '4.14.203-112.332.amzn2.x86_64', '#1 SMP Wed Nov 4 20:46:34 UTC 2020', 'x86_64', 'x86_64')
p438
sV/proc/self/cgroup
p439
VMemTotal:        1717184 kB\u000aMemFree:         1120996 kB\u000aMemAvailable:    1486352 kB\u000aBuffers:           17244 kB\u000aCached:           462420 kB\u000aSwapCached:            0 kB\u000aActive:            93876 kB\u000aInactive:         446712 kB\u000aActive(anon):      60924 kB\u000aInactive(anon):      216 kB\u000aActive(file):      32952 kB\u000aInactive(file):   446496 kB\u000aUnevictable:           0 kB\u000aMlocked:               0 kB\u000aSwapTotal:             0 kB\u000aSwapFree:              0 kB\u000aDirty:                 8 kB\u000aWriteback:             0 kB\u000aAnonPages:         60976 kB\u000aMapped:            35000 kB\u000aShmem:               220 kB\u000aSlab:              43104 kB\u000aSReclaimable:      32832 kB\u000aSUnreclaim:        10272 kB\u000aKernelStack:        1168 kB\u000aPageTables:         1296 kB\u000aNFS_Unstable:          0 kB\u000aBounce:                0 kB\u000aWritebackTmp:          0 kB\u000aCommitLimit:      858592 kB\u000aCommitted_AS:     252892 kB\u000aVmallocTotal:   34359738367 kB\u000aVmallocUsed:           0 kB\u000aVmallocChunk:          0 kB\u000aAnonHugePages:         0 kB\u000aShmemHugePages:        0 kB\u000aShmemPmdMapped:        0 kB\u000aHugePages_Total:       0\u000aHugePages_Free:        0\u000aHugePages_Rsvd:        0\u000aHugePages_Surp:        0\u000aHugepagesize:       2048 kB\u000aDirectMap4k:       21504 kB\u000aDirectMap2M:     1740800 kB\u000a
p440
sV/proc/cgroups
p441
V#subsys_name	hierarchy	num_cgroups	enabled\u000acpuset	11	1	1\u000acpu	4	5	1\u000acpuacct	4	5	1\u000ablkio	10	1	1\u000amemory	9	5	1\u000adevices	3	1	1\u000afreezer	5	2	1\u000anet_cls	6	1	1\u000aperf_event	7	1	1\u000anet_prio	6	1	1\u000ahugetlb	8	1	1\u000apids	2	1	1\u000a
p442
sV/proc/cpuinfo
p443
Vprocessor	: 0\u000avendor_id	: GenuineIntel\u000acpu family	: 6\u000amodel		: 63\u000amodel name	: Intel(R) Xeon(R) Processor @ 2.50GHz\u000astepping	: 2\u000amicrocode	: 0x1\u000acpu MHz		: 2500.010\u000acache size	: 33792 KB\u000aphysical id	: 0\u000asiblings	: 2\u000acore id		: 0\u000acpu cores	: 2\u000aapicid		: 0\u000ainitial apicid	: 0\u000afpu		: yes\u000afpu_exception	: yes\u000acpuid level	: 13\u000awp		: yes\u000aflags		: fpu vme de pse tsc msr pae mce cx8 apic sep mtrr pge mca cmov pat pse36 clflush mmx fxsr sse sse2 ht syscall nx rdtscp lm constant_tsc rep_good nopl xtopology nonstop_tsc cpuid tsc_known_freq pni pclmulqdq ssse3 fma cx16 pcid sse4_1 sse4_2 x2apic movbe popcnt tsc_deadline_timer aes xsave avx f16c rdrand hypervisor lahf_lm abm cpuid_fault invpcid_single pti ssbd ibrs ibpb stibp fsgsbase tsc_adjust bmi1 avx2 smep bmi2 erms invpcid smap xsaveopt arat md_clear arch_capabilities\u000abugs		: cpu_meltdown spectre_v1 spectre_v2 spec_store_bypass l1tf mds swapgs\u000abogomips	: 5000.02\u000aclflush size	: 64\u000acache_alignment	: 64\u000aaddress sizes	: 46 bits physical, 48 bits virtual\u000apower management:\u000a\u000aprocessor	: 1\u000avendor_id	: GenuineIntel\u000acpu family	: 6\u000amodel		: 63\u000amodel name	: Intel(R) Xeon(R) Processor @ 2.50GHz\u000astepping	: 2\u000amicrocode	: 0x1\u000acpu MHz		: 2500.010\u000acache size	: 33792 KB\u000aphysical id	: 0\u000asiblings	: 2\u000acore id		: 1\u000acpu cores	: 2\u000aapicid		: 1\u000ainitial apicid	: 1\u000afpu		: yes\u000afpu_exception	: yes\u000acpuid level	: 13\u000awp		: yes\u000aflags		: fpu vme de pse tsc msr pae mce cx8 apic sep mtrr pge mca cmov pat pse36 clflush mmx fxsr sse sse2 ht syscall nx rdtscp lm constant_tsc rep_good nopl xtopology nonstop_tsc cpuid tsc_known_freq pni pclmulqdq ssse3 fma cx16 pcid sse4_1 sse4_2 x2apic movbe popcnt tsc_deadline_timer aes xsave avx f16c rdrand hypervisor lahf_lm abm cpuid_fault invpcid_single pti ssbd ibrs ibpb stibp fsgsbase tsc_adjust bmi1 avx2 smep bmi2 erms invpcid smap xsaveopt arat md_clear arch_capabilities\u000abugs		: cpu_meltdown spectre_v1 spectre_v2 spec_store_bypass l1tf mds swapgs\u000abogomips	: 5000.02\u000aclflush size	: 64\u000acache_alignment	: 64\u000aaddress sizes	: 46 bits physical, 48 bits virtual\u000apower management:\u000a\u000a
p444
sV/proc/meminfo
p445
VMemTotal:        1717184 kB\u000aMemFree:         1120996 kB\u000aMemAvailable:    1486352 kB\u000aBuffers:           17244 kB\u000aCached:           462420 kB\u000aSwapCached:            0 kB\u000aActive:            93876 kB\u000aInactive:         446712 kB\u000aActive(anon):      60924 kB\u000aInactive(anon):      216 kB\u000aActive(file):      32952 kB\u000aInactive(file):   446496 kB\u000aUnevictable:           0 kB\u000aMlocked:               0 kB\u000aSwapTotal:             0 kB\u000aSwapFree:              0 kB\u000aDirty:                 8 kB\u000aWriteback:             0 kB\u000aAnonPages:         60976 kB\u000aMapped:            35000 kB\u000aShmem:               220 kB\u000aSlab:              43104 kB\u000aSReclaimable:      32832 kB\u000aSUnreclaim:        10272 kB\u000aKernelStack:        1168 kB\u000aPageTables:         1296 kB\u000aNFS_Unstable:          0 kB\u000aBounce:                0 kB\u000aWritebackTmp:          0 kB\u000aCommitLimit:      858592 kB\u000aCommitted_AS:     252892 kB\u000aVmallocTotal:   34359738367 kB\u000aVmallocUsed:           0 kB\u000aVmallocChunk:          0 kB\u000aAnonHugePages:         0 kB\u000aShmemHugePages:        0 kB\u000aShmemPmdMapped:        0 kB\u000aHugePages_Total:       0\u000aHugePages_Free:        0\u000aHugePages_Rsvd:        0\u000aHugePages_Surp:        0\u000aHugepagesize:       2048 kB\u000aDirectMap4k:       21504 kB\u000aDirectMap2M:     1740800 kB\u000a
p446
ssVstatus_key
p447
Vpywren.jobs/fae4bdba-fa65-4c2c-baa2-7a77b6239d16/00009/status.json
p448
sVend_time
p449
F1609152052.7160659
sVlog_group_name
p450
V/aws/lambda/pywren_redis_2
p451
sVdata_key
p452
Vpywren.jobs/fae4bdba-fa65-4c2c-baa2-7a77b6239d16/aggdata.pickle
p453
sa(dp454
Vcallset_id
p455
Vfae4bdba-fa65-4c2c-baa2-7a77b6239d16
p456
sVlog_stream_name
p457
V2020/12/28/[$LATEST]8fc0fc01b30d4c8db587f4f1b40a9201
p458
sVstdout
p459
V
sVfunc_key
p460
Vpywren.jobs/fae4bdba-fa65-4c2c-baa2-7a77b6239d16/func.pickle
p461
sVfree_disk_bytes
p462
I538333184
sVruntime_cached
p463
I00
sVretcode
p464
I0
sVcall_id
p465
V00010
p466
sVoutput_key
p467
Vpywren.jobs/fae4bdba-fa65-4c2c-baa2-7a77b6239d16/00010/output.pickle
p468
sVruntime_s3_key_used
p469
V61cf28-pywren.runtimes/default_2.7.tar.gz.0028
p470
sVaws_request_id
p471
V76d2c462-c794-45cc-a523-292afed4ba7a
p472
sVexec_time
p473
F86.635336875915527
sVstart_time
p474
F1609151963.0524139
sVsetup_time
p475
F7.0438041687011719
sVruntime_s3_bucket_used
p476
Vpywren-runtimes-public-us-west-2
p477
sVexception
p478
NsVhost_submit_time
p479
F1609151962.336916
sVserver_info
p480
(dp481
Vuname
p482
V('Linux', '169.254.27.181', '4.14.203-112.332.amzn2.x86_64', '#1 SMP Wed Nov 4 20:46:34 UTC 2020', 'x86_64', 'x86_64')
p483
sV/proc/self/cgroup
p484
VMemTotal:        1717184 kB\u000aMemFree:         1119156 kB\u000aMemAvailable:    1486148 kB\u000aBuffers:           17288 kB\u000aCached:           463916 kB\u000aSwapCached:            0 kB\u000aActive:            94012 kB\u000aInactive:         448044 kB\u000aActive(anon):      60844 kB\u000aInactive(anon):      216 kB\u000aActive(file):      33168 kB\u000aInactive(file):   447828 kB\u000aUnevictable:           0 kB\u000aMlocked:               0 kB\u000aSwapTotal:             0 kB\u000aSwapFree:              0 kB\u000aDirty:               220 kB\u000aWriteback:             0 kB\u000aAnonPages:         60880 kB\u000aMapped:            34972 kB\u000aShmem:               220 kB\u000aSlab:              43388 kB\u000aSReclaimable:      33008 kB\u000aSUnreclaim:        10380 kB\u000aKernelStack:        1136 kB\u000aPageTables:         1404 kB\u000aNFS_Unstable:          0 kB\u000aBounce:                0 kB\u000aWritebackTmp:          0 kB\u000aCommitLimit:      858592 kB\u000aCommitted_AS:     252820 kB\u000aVmallocTotal:   34359738367 kB\u000aVmallocUsed:           0 kB\u000aVmallocChunk:          0 kB\u000aAnonHugePages:         0 kB\u000aShmemHugePages:        0 kB\u000aShmemPmdMapped:        0 kB\u000aHugePages_Total:       0\u000aHugePages_Free:        0\u000aHugePages_Rsvd:        0\u000aHugePages_Surp:        0\u000aHugepagesize:       2048 kB\u000aDirectMap4k:       25600 kB\u000aDirectMap2M:     1736704 kB\u000a
p485
sV/proc/cgroups
p486
V#subsys_name	hierarchy	num_cgroups	enabled\u000acpuset	8	1	1\u000acpu	2	5	1\u000acpuacct	2	5	1\u000ablkio	3	1	1\u000amemory	11	5	1\u000adevices	7	1	1\u000afreezer	10	2	1\u000anet_cls	4	1	1\u000aperf_event	9	1	1\u000anet_prio	4	1	1\u000ahugetlb	5	1	1\u000apids	6	1	1\u000a
p487
sV/proc/cpuinfo
p488
Vprocessor	: 0\u000avendor_id	: GenuineIntel\u000acpu family	: 6\u000amodel		: 63\u000amodel name	: Intel(R) Xeon(R) Processor @ 2.50GHz\u000astepping	: 2\u000amicrocode	: 0x1\u000acpu MHz		: 2500.010\u000acache size	: 36608 KB\u000aphysical id	: 0\u000asiblings	: 2\u000acore id		: 0\u000acpu cores	: 2\u000aapicid		: 0\u000ainitial apicid	: 0\u000afpu		: yes\u000afpu_exception	: yes\u000acpuid level	: 13\u000awp		: yes\u000aflags		: fpu vme de pse tsc msr pae mce cx8 apic sep mtrr pge mca cmov pat pse36 clflush mmx fxsr sse sse2 ht syscall nx rdtscp lm constant_tsc rep_good nopl xtopology nonstop_tsc cpuid tsc_known_freq pni pclmulqdq ssse3 fma cx16 pcid sse4_1 sse4_2 x2apic movbe popcnt tsc_deadline_timer aes xsave avx f16c rdrand hypervisor lahf_lm abm cpuid_fault invpcid_single ssbd ibrs ibpb stibp ibrs_enhanced fsgsbase tsc_adjust bmi1 avx2 smep bmi2 erms invpcid smap xsaveopt arat md_clear arch_capabilities\u000abugs		: spectre_v1 spectre_v2 spec_store_bypass swapgs\u000abogomips	: 5000.02\u000aclflush size	: 64\u000acache_alignment	: 64\u000aaddress sizes	: 46 bits physical, 48 bits virtual\u000apower management:\u000a\u000aprocessor	: 1\u000avendor_id	: GenuineIntel\u000acpu family	: 6\u000amodel		: 63\u000amodel name	: Intel(R) Xeon(R) Processor @ 2.50GHz\u000astepping	: 2\u000amicrocode	: 0x1\u000acpu MHz		: 2500.010\u000acache size	: 36608 KB\u000aphysical id	: 0\u000asiblings	: 2\u000acore id		: 1\u000acpu cores	: 2\u000aapicid		: 1\u000ainitial apicid	: 1\u000afpu		: yes\u000afpu_exception	: yes\u000acpuid level	: 13\u000awp		: yes\u000aflags		: fpu vme de pse tsc msr pae mce cx8 apic sep mtrr pge mca cmov pat pse36 clflush mmx fxsr sse sse2 ht syscall nx rdtscp lm constant_tsc rep_good nopl xtopology nonstop_tsc cpuid tsc_known_freq pni pclmulqdq ssse3 fma cx16 pcid sse4_1 sse4_2 x2apic movbe popcnt tsc_deadline_timer aes xsave avx f16c rdrand hypervisor lahf_lm abm cpuid_fault invpcid_single ssbd ibrs ibpb stibp ibrs_enhanced fsgsbase tsc_adjust bmi1 avx2 smep bmi2 erms invpcid smap xsaveopt arat md_clear arch_capabilities\u000abugs		: spectre_v1 spectre_v2 spec_store_bypass swapgs\u000abogomips	: 5000.02\u000aclflush size	: 64\u000acache_alignment	: 64\u000aaddress sizes	: 46 bits physical, 48 bits virtual\u000apower management:\u000a\u000a
p489
sV/proc/meminfo
p490
VMemTotal:        1717184 kB\u000aMemFree:         1119156 kB\u000aMemAvailable:    1486148 kB\u000aBuffers:           17288 kB\u000aCached:           463916 kB\u000aSwapCached:            0 kB\u000aActive:            94012 kB\u000aInactive:         448044 kB\u000aActive(anon):      60844 kB\u000aInactive(anon):      216 kB\u000aActive(file):      33168 kB\u000aInactive(file):   447828 kB\u000aUnevictable:           0 kB\u000aMlocked:               0 kB\u000aSwapTotal:             0 kB\u000aSwapFree:              0 kB\u000aDirty:               220 kB\u000aWriteback:             0 kB\u000aAnonPages:         60880 kB\u000aMapped:            34972 kB\u000aShmem:               220 kB\u000aSlab:              43388 kB\u000aSReclaimable:      33008 kB\u000aSUnreclaim:        10380 kB\u000aKernelStack:        1136 kB\u000aPageTables:         1404 kB\u000aNFS_Unstable:          0 kB\u000aBounce:                0 kB\u000aWritebackTmp:          0 kB\u000aCommitLimit:      858592 kB\u000aCommitted_AS:     252820 kB\u000aVmallocTotal:   34359738367 kB\u000aVmallocUsed:           0 kB\u000aVmallocChunk:          0 kB\u000aAnonHugePages:         0 kB\u000aShmemHugePages:        0 kB\u000aShmemPmdMapped:        0 kB\u000aHugePages_Total:       0\u000aHugePages_Free:        0\u000aHugePages_Rsvd:        0\u000aHugePages_Surp:        0\u000aHugepagesize:       2048 kB\u000aDirectMap4k:       25600 kB\u000aDirectMap2M:     1736704 kB\u000a
p491
ssVstatus_key
p492
Vpywren.jobs/fae4bdba-fa65-4c2c-baa2-7a77b6239d16/00010/status.json
p493
sVend_time
p494
F1609152056.7315509
sVlog_group_name
p495
V/aws/lambda/pywren_redis_2
p496
sVdata_key
p497
Vpywren.jobs/fae4bdba-fa65-4c2c-baa2-7a77b6239d16/aggdata.pickle
p498
sa(dp499
Vcallset_id
p500
Vfae4bdba-fa65-4c2c-baa2-7a77b6239d16
p501
sVlog_stream_name
p502
V2020/12/28/[$LATEST]39e67277c64c45bfbff9cd93e25d65b2
p503
sVstdout
p504
V
sVfunc_key
p505
Vpywren.jobs/fae4bdba-fa65-4c2c-baa2-7a77b6239d16/func.pickle
p506
sVfree_disk_bytes
p507
I538333184
sVruntime_cached
p508
I00
sVretcode
p509
I0
sVcall_id
p510
V00011
p511
sVoutput_key
p512
Vpywren.jobs/fae4bdba-fa65-4c2c-baa2-7a77b6239d16/00011/output.pickle
p513
sVruntime_s3_key_used
p514
V3201af-pywren.runtimes/default_2.7.tar.gz.0051
p515
sVaws_request_id
p516
Va5dcdf7c-ad4f-4779-a310-8d2b31224232
p517
sVexec_time
p518
F86.607568025588989
sVstart_time
p519
F1609151963.1185701
sVsetup_time
p520
F7.1428499221801758
sVruntime_s3_bucket_used
p521
Vpywren-runtimes-public-us-west-2
p522
sVexception
p523
NsVhost_submit_time
p524
F1609151962.3427441
sVserver_info
p525
(dp526
Vuname
p527
V('Linux', '169.254.211.85', '4.14.203-112.332.amzn2.x86_64', '#1 SMP Wed Nov 4 20:46:34 UTC 2020', 'x86_64', 'x86_64')
p528
sV/proc/self/cgroup
p529
VMemTotal:        1717184 kB\u000aMemFree:         1119584 kB\u000aMemAvailable:    1486680 kB\u000aBuffers:           17076 kB\u000aCached:           464248 kB\u000aSwapCached:            0 kB\u000aActive:            93800 kB\u000aInactive:         448032 kB\u000aActive(anon):      60500 kB\u000aInactive(anon):      216 kB\u000aActive(file):      33300 kB\u000aInactive(file):   447816 kB\u000aUnevictable:           0 kB\u000aMlocked:               0 kB\u000aSwapTotal:             0 kB\u000aSwapFree:              0 kB\u000aDirty:               228 kB\u000aWriteback:             0 kB\u000aAnonPages:         60496 kB\u000aMapped:            34956 kB\u000aShmem:               220 kB\u000aSlab:              43304 kB\u000aSReclaimable:      32976 kB\u000aSUnreclaim:        10328 kB\u000aKernelStack:        1136 kB\u000aPageTables:         1332 kB\u000aNFS_Unstable:          0 kB\u000aBounce:                0 kB\u000aWritebackTmp:          0 kB\u000aCommitLimit:      858592 kB\u000aCommitted_AS:     253804 kB\u000aVmallocTotal:   34359738367 kB\u000aVmallocUsed:           0 kB\u000aVmallocChunk:          0 kB\u000aAnonHugePages:         0 kB\u000aShmemHugePages:        0 kB\u000aShmemPmdMapped:        0 kB\u000aHugePages_Total:       0\u000aHugePages_Free:        0\u000aHugePages_Rsvd:        0\u000aHugePages_Surp:        0\u000aHugepagesize:       2048 kB\u000aDirectMap4k:       21504 kB\u000aDirectMap2M:     1740800 kB\u000a
p530
sV/proc/cgroups
p531
V#subsys_name	hierarchy	num_cgroups	enabled\u000acpuset	10	1	1\u000acpu	5	5	1\u000acpuacct	5	5	1\u000ablkio	11	1	1\u000amemory	7	5	1\u000adevices	3	1	1\u000afreezer	2	2	1\u000anet_cls	4	1	1\u000aperf_event	9	1	1\u000anet_prio	4	1	1\u000ahugetlb	8	1	1\u000apids	6	1	1\u000a
p532
sV/proc/cpuinfo
p533
Vprocessor	: 0\u000avendor_id	: GenuineIntel\u000acpu family	: 6\u000amodel		: 63\u000amodel name	: Intel(R) Xeon(R) Processor @ 2.50GHz\u000astepping	: 2\u000amicrocode	: 0x1\u000acpu MHz		: 2500.012\u000acache size	: 33792 KB\u000aphysical id	: 0\u000asiblings	: 2\u000acore id		: 0\u000acpu cores	: 2\u000aapicid		: 0\u000ainitial apicid	: 0\u000afpu		: yes\u000afpu_exception	: yes\u000acpuid level	: 13\u000awp		: yes\u000aflags		: fpu vme de pse tsc msr pae mce cx8 apic sep mtrr pge mca cmov pat pse36 clflush mmx fxsr sse sse2 ht syscall nx rdtscp lm constant_tsc rep_good nopl xtopology nonstop_tsc cpuid tsc_known_freq pni pclmulqdq ssse3 fma cx16 pcid sse4_1 sse4_2 x2apic movbe popcnt tsc_deadline_timer aes xsave avx f16c rdrand hypervisor lahf_lm abm cpuid_fault invpcid_single pti ssbd ibrs ibpb stibp fsgsbase tsc_adjust bmi1 avx2 smep bmi2 erms invpcid smap xsaveopt arat md_clear arch_capabilities\u000abugs		: cpu_meltdown spectre_v1 spectre_v2 spec_store_bypass l1tf mds swapgs\u000abogomips	: 5000.02\u000aclflush size	: 64\u000acache_alignment	: 64\u000aaddress sizes	: 46 bits physical, 48 bits virtual\u000apower management:\u000a\u000aprocessor	: 1\u000avendor_id	: GenuineIntel\u000acpu family	: 6\u000amodel		: 63\u000amodel name	: Intel(R) Xeon(R) Processor @ 2.50GHz\u000astepping	: 2\u000amicrocode	: 0x1\u000acpu MHz		: 2500.012\u000acache size	: 33792 KB\u000aphysical id	: 0\u000asiblings	: 2\u000acore id		: 1\u000acpu cores	: 2\u000aapicid		: 1\u000ainitial apicid	: 1\u000afpu		: yes\u000afpu_exception	: yes\u000acpuid level	: 13\u000awp		: yes\u000aflags		: fpu vme de pse tsc msr pae mce cx8 apic sep mtrr pge mca cmov pat pse36 clflush mmx fxsr sse sse2 ht syscall nx rdtscp lm constant_tsc rep_good nopl xtopology nonstop_tsc cpuid tsc_known_freq pni pclmulqdq ssse3 fma cx16 pcid sse4_1 sse4_2 x2apic movbe popcnt tsc_deadline_timer aes xsave avx f16c rdrand hypervisor lahf_lm abm cpuid_fault invpcid_single pti ssbd ibrs ibpb stibp fsgsbase tsc_adjust bmi1 avx2 smep bmi2 erms invpcid smap xsaveopt arat md_clear arch_capabilities\u000abugs		: cpu_meltdown spectre_v1 spectre_v2 spec_store_bypass l1tf mds swapgs\u000abogomips	: 5000.02\u000aclflush size	: 64\u000acache_alignment	: 64\u000aaddress sizes	: 46 bits physical, 48 bits virtual\u000apower management:\u000a\u000a
p534
sV/proc/meminfo
p535
VMemTotal:        1717184 kB\u000aMemFree:         1119584 kB\u000aMemAvailable:    1486680 kB\u000aBuffers:           17076 kB\u000aCached:           464248 kB\u000aSwapCached:            0 kB\u000aActive:            93800 kB\u000aInactive:         448032 kB\u000aActive(anon):      60500 kB\u000aInactive(anon):      216 kB\u000aActive(file):      33300 kB\u000aInactive(file):   447816 kB\u000aUnevictable:           0 kB\u000aMlocked:               0 kB\u000aSwapTotal:             0 kB\u000aSwapFree:              0 kB\u000aDirty:               228 kB\u000aWriteback:             0 kB\u000aAnonPages:         60496 kB\u000aMapped:            34956 kB\u000aShmem:               220 kB\u000aSlab:              43304 kB\u000aSReclaimable:      32976 kB\u000aSUnreclaim:        10328 kB\u000aKernelStack:        1136 kB\u000aPageTables:         1332 kB\u000aNFS_Unstable:          0 kB\u000aBounce:                0 kB\u000aWritebackTmp:          0 kB\u000aCommitLimit:      858592 kB\u000aCommitted_AS:     253804 kB\u000aVmallocTotal:   34359738367 kB\u000aVmallocUsed:           0 kB\u000aVmallocChunk:          0 kB\u000aAnonHugePages:         0 kB\u000aShmemHugePages:        0 kB\u000aShmemPmdMapped:        0 kB\u000aHugePages_Total:       0\u000aHugePages_Free:        0\u000aHugePages_Rsvd:        0\u000aHugePages_Surp:        0\u000aHugepagesize:       2048 kB\u000aDirectMap4k:       21504 kB\u000aDirectMap2M:     1740800 kB\u000a
p536
ssVstatus_key
p537
Vpywren.jobs/fae4bdba-fa65-4c2c-baa2-7a77b6239d16/00011/status.json
p538
sVend_time
p539
F1609152056.868983
sVlog_group_name
p540
V/aws/lambda/pywren_redis_2
p541
sVdata_key
p542
Vpywren.jobs/fae4bdba-fa65-4c2c-baa2-7a77b6239d16/aggdata.pickle
p543
sa(dp544
Vcallset_id
p545
Vfae4bdba-fa65-4c2c-baa2-7a77b6239d16
p546
sVlog_stream_name
p547
V2020/12/28/[$LATEST]599c75260452423ab0a7b6ab4afda7e2
p548
sVstdout
p549
V
sVfunc_key
p550
Vpywren.jobs/fae4bdba-fa65-4c2c-baa2-7a77b6239d16/func.pickle
p551
sVfree_disk_bytes
p552
I538333184
sVruntime_cached
p553
I00
sVretcode
p554
I0
sVcall_id
p555
V00012
p556
sVoutput_key
p557
Vpywren.jobs/fae4bdba-fa65-4c2c-baa2-7a77b6239d16/00012/output.pickle
p558
sVruntime_s3_key_used
p559
Vc35ecc-pywren.runtimes/default_2.7.tar.gz.0005
p560
sVaws_request_id
p561
V8f352a84-4c39-414f-bc94-e012b4f11d5e
p562
sVexec_time
p563
F86.462743997573853
sVstart_time
p564
F1609151963.1003721
sVsetup_time
p565
F6.9745810031890869
sVruntime_s3_bucket_used
p566
Vpywren-runtimes-public-us-west-2
p567
sVexception
p568
NsVhost_submit_time
p569
F1609151962.3481591
sVserver_info
p570
(dp571
Vuname
p572
V('Linux', '169.254.201.237', '4.14.203-112.332.amzn2.x86_64', '#1 SMP Wed Nov 4 20:46:34 UTC 2020', 'x86_64', 'x86_64')
p573
sV/proc/self/cgroup
p574
VMemTotal:        1717184 kB\u000aMemFree:         1119016 kB\u000aMemAvailable:    1486040 kB\u000aBuffers:           16952 kB\u000aCached:           464324 kB\u000aSwapCached:            0 kB\u000aActive:            94272 kB\u000aInactive:         447720 kB\u000aActive(anon):      60708 kB\u000aInactive(anon):      216 kB\u000aActive(file):      33564 kB\u000aInactive(file):   447504 kB\u000aUnevictable:           0 kB\u000aMlocked:               0 kB\u000aSwapTotal:             0 kB\u000aSwapFree:              0 kB\u000aDirty:               240 kB\u000aWriteback:             0 kB\u000aAnonPages:         60704 kB\u000aMapped:            34900 kB\u000aShmem:               220 kB\u000aSlab:              43692 kB\u000aSReclaimable:      32924 kB\u000aSUnreclaim:        10768 kB\u000aKernelStack:        1136 kB\u000aPageTables:         1344 kB\u000aNFS_Unstable:          0 kB\u000aBounce:                0 kB\u000aWritebackTmp:          0 kB\u000aCommitLimit:      858592 kB\u000aCommitted_AS:     252796 kB\u000aVmallocTotal:   34359738367 kB\u000aVmallocUsed:           0 kB\u000aVmallocChunk:          0 kB\u000aAnonHugePages:         0 kB\u000aShmemHugePages:        0 kB\u000aShmemPmdMapped:        0 kB\u000aHugePages_Total:       0\u000aHugePages_Free:        0\u000aHugePages_Rsvd:        0\u000aHugePages_Surp:        0\u000aHugepagesize:       2048 kB\u000aDirectMap4k:       21504 kB\u000aDirectMap2M:     1740800 kB\u000a
p575
sV/proc/cgroups
p576
V#subsys_name	hierarchy	num_cgroups	enabled\u000acpuset	4	1	1\u000acpu	5	5	1\u000acpuacct	5	5	1\u000ablkio	8	1	1\u000amemory	2	5	1\u000adevices	7	1	1\u000afreezer	10	2	1\u000anet_cls	3	1	1\u000aperf_event	6	1	1\u000anet_prio	3	1	1\u000ahugetlb	11	1	1\u000apids	9	1	1\u000a
p577
sV/proc/cpuinfo
p578
Vprocessor	: 0\u000avendor_id	: GenuineIntel\u000acpu family	: 6\u000amodel		: 63\u000amodel name	: Intel(R) Xeon(R) Processor @ 2.50GHz\u000astepping	: 2\u000amicrocode	: 0x1\u000acpu MHz		: 2500.010\u000acache size	: 36608 KB\u000aphysical id	: 0\u000asiblings	: 2\u000acore id		: 0\u000acpu cores	: 2\u000aapicid		: 0\u000ainitial apicid	: 0\u000afpu		: yes\u000afpu_exception	: yes\u000acpuid level	: 13\u000awp		: yes\u000aflags		: fpu vme de pse tsc msr pae mce cx8 apic sep mtrr pge mca cmov pat pse36 clflush mmx fxsr sse sse2 ht syscall nx rdtscp lm constant_tsc rep_good nopl xtopology nonstop_tsc cpuid tsc_known_freq pni pclmulqdq ssse3 fma cx16 pcid sse4_1 sse4_2 x2apic movbe popcnt tsc_deadline_timer aes xsave avx f16c rdrand hypervisor lahf_lm abm cpuid_fault invpcid_single ssbd ibrs ibpb stibp ibrs_enhanced fsgsbase tsc_adjust bmi1 avx2 smep bmi2 erms invpcid smap xsaveopt arat md_clear arch_capabilities\u000abugs		: spectre_v1 spectre_v2 spec_store_bypass swapgs\u000abogomips	: 5000.02\u000aclflush size	: 64\u000acache_alignment	: 64\u000aaddress sizes	: 46 bits physical, 48 bits virtual\u000apower management:\u000a\u000aprocessor	: 1\u000avendor_id	: GenuineIntel\u000acpu family	: 6\u000amodel		: 63\u000amodel name	: Intel(R) Xeon(R) Processor @ 2.50GHz\u000astepping	: 2\u000amicrocode	: 0x1\u000acpu MHz		: 2500.010\u000acache size	: 36608 KB\u000aphysical id	: 0\u000asiblings	: 2\u000acore id		: 1\u000acpu cores	: 2\u000aapicid		: 1\u000ainitial apicid	: 1\u000afpu		: yes\u000afpu_exception	: yes\u000acpuid level	: 13\u000awp		: yes\u000aflags		: fpu vme de pse tsc msr pae mce cx8 apic sep mtrr pge mca cmov pat pse36 clflush mmx fxsr sse sse2 ht syscall nx rdtscp lm constant_tsc rep_good nopl xtopology nonstop_tsc cpuid tsc_known_freq pni pclmulqdq ssse3 fma cx16 pcid sse4_1 sse4_2 x2apic movbe popcnt tsc_deadline_timer aes xsave avx f16c rdrand hypervisor lahf_lm abm cpuid_fault invpcid_single ssbd ibrs ibpb stibp ibrs_enhanced fsgsbase tsc_adjust bmi1 avx2 smep bmi2 erms invpcid smap xsaveopt arat md_clear arch_capabilities\u000abugs		: spectre_v1 spectre_v2 spec_store_bypass swapgs\u000abogomips	: 5000.02\u000aclflush size	: 64\u000acache_alignment	: 64\u000aaddress sizes	: 46 bits physical, 48 bits virtual\u000apower management:\u000a\u000a
p579
sV/proc/meminfo
p580
VMemTotal:        1717184 kB\u000aMemFree:         1119016 kB\u000aMemAvailable:    1486040 kB\u000aBuffers:           16952 kB\u000aCached:           464324 kB\u000aSwapCached:            0 kB\u000aActive:            94272 kB\u000aInactive:         447720 kB\u000aActive(anon):      60708 kB\u000aInactive(anon):      216 kB\u000aActive(file):      33564 kB\u000aInactive(file):   447504 kB\u000aUnevictable:           0 kB\u000aMlocked:               0 kB\u000aSwapTotal:             0 kB\u000aSwapFree:              0 kB\u000aDirty:               240 kB\u000aWriteback:             0 kB\u000aAnonPages:         60704 kB\u000aMapped:            34900 kB\u000aShmem:               220 kB\u000aSlab:              43692 kB\u000aSReclaimable:      32924 kB\u000aSUnreclaim:        10768 kB\u000aKernelStack:        1136 kB\u000aPageTables:         1344 kB\u000aNFS_Unstable:          0 kB\u000aBounce:                0 kB\u000aWritebackTmp:          0 kB\u000aCommitLimit:      858592 kB\u000aCommitted_AS:     252796 kB\u000aVmallocTotal:   34359738367 kB\u000aVmallocUsed:           0 kB\u000aVmallocChunk:          0 kB\u000aAnonHugePages:         0 kB\u000aShmemHugePages:        0 kB\u000aShmemPmdMapped:        0 kB\u000aHugePages_Total:       0\u000aHugePages_Free:        0\u000aHugePages_Rsvd:        0\u000aHugePages_Surp:        0\u000aHugepagesize:       2048 kB\u000aDirectMap4k:       21504 kB\u000aDirectMap2M:     1740800 kB\u000a
p581
ssVstatus_key
p582
Vpywren.jobs/fae4bdba-fa65-4c2c-baa2-7a77b6239d16/00012/status.json
p583
sVend_time
p584
F1609152056.537693
sVlog_group_name
p585
V/aws/lambda/pywren_redis_2
p586
sVdata_key
p587
Vpywren.jobs/fae4bdba-fa65-4c2c-baa2-7a77b6239d16/aggdata.pickle
p588
sa(dp589
Vcallset_id
p590
Vfae4bdba-fa65-4c2c-baa2-7a77b6239d16
p591
sVlog_stream_name
p592
V2020/12/28/[$LATEST]8626ad294c284677ae9f89144044e02d
p593
sVstdout
p594
V
sVfunc_key
p595
Vpywren.jobs/fae4bdba-fa65-4c2c-baa2-7a77b6239d16/func.pickle
p596
sVfree_disk_bytes
p597
I538333184
sVruntime_cached
p598
I00
sVretcode
p599
I0
sVcall_id
p600
V00013
p601
sVoutput_key
p602
Vpywren.jobs/fae4bdba-fa65-4c2c-baa2-7a77b6239d16/00013/output.pickle
p603
sVruntime_s3_key_used
p604
V6ea717-pywren.runtimes/default_2.7.tar.gz.0076
p605
sVaws_request_id
p606
V97861f76-b313-4db1-951d-4e225aed6822
p607
sVexec_time
p608
F82.536766052246094
sVstart_time
p609
F1609151963.1592541
sVsetup_time
p610
F7.1353468894958496
sVruntime_s3_bucket_used
p611
Vpywren-runtimes-public-us-west-2
p612
sVexception
p613
NsVhost_submit_time
p614
F1609151962.351656
sVserver_info
p615
(dp616
Vuname
p617
V('Linux', '169.254.111.5', '4.14.203-112.332.amzn2.x86_64', '#1 SMP Wed Nov 4 20:46:34 UTC 2020', 'x86_64', 'x86_64')
p618
sV/proc/self/cgroup
p619
VMemTotal:        1717184 kB\u000aMemFree:         1116532 kB\u000aMemAvailable:    1485072 kB\u000aBuffers:           17632 kB\u000aCached:           465140 kB\u000aSwapCached:            0 kB\u000aActive:            95864 kB\u000aInactive:         448156 kB\u000aActive(anon):      61240 kB\u000aInactive(anon):      216 kB\u000aActive(file):      34624 kB\u000aInactive(file):   447940 kB\u000aUnevictable:           0 kB\u000aMlocked:               0 kB\u000aSwapTotal:             0 kB\u000aSwapFree:              0 kB\u000aDirty:               228 kB\u000aWriteback:             0 kB\u000aAnonPages:         61236 kB\u000aMapped:            35276 kB\u000aShmem:               220 kB\u000aSlab:              43792 kB\u000aSReclaimable:      32964 kB\u000aSUnreclaim:        10828 kB\u000aKernelStack:        1152 kB\u000aPageTables:         1308 kB\u000aNFS_Unstable:          0 kB\u000aBounce:                0 kB\u000aWritebackTmp:          0 kB\u000aCommitLimit:      858592 kB\u000aCommitted_AS:     253792 kB\u000aVmallocTotal:   34359738367 kB\u000aVmallocUsed:           0 kB\u000aVmallocChunk:          0 kB\u000aAnonHugePages:         0 kB\u000aShmemHugePages:        0 kB\u000aShmemPmdMapped:        0 kB\u000aHugePages_Total:       0\u000aHugePages_Free:        0\u000aHugePages_Rsvd:        0\u000aHugePages_Surp:        0\u000aHugepagesize:       2048 kB\u000aDirectMap4k:       19456 kB\u000aDirectMap2M:     1742848 kB\u000a
p620
sV/proc/cgroups
p621
V#subsys_name	hierarchy	num_cgroups	enabled\u000acpuset	8	1	1\u000acpu	11	5	1\u000acpuacct	11	5	1\u000ablkio	5	1	1\u000amemory	2	5	1\u000adevices	4	1	1\u000afreezer	10	2	1\u000anet_cls	3	1	1\u000aperf_event	9	1	1\u000anet_prio	3	1	1\u000ahugetlb	7	1	1\u000apids	6	1	1\u000a
p622
sV/proc/cpuinfo
p623
Vprocessor	: 0\u000avendor_id	: GenuineIntel\u000acpu family	: 6\u000amodel		: 63\u000amodel name	: Intel(R) Xeon(R) Processor @ 2.50GHz\u000astepping	: 2\u000amicrocode	: 0x1\u000acpu MHz		: 2500.010\u000acache size	: 33792 KB\u000aphysical id	: 0\u000asiblings	: 2\u000acore id		: 0\u000acpu cores	: 2\u000aapicid		: 0\u000ainitial apicid	: 0\u000afpu		: yes\u000afpu_exception	: yes\u000acpuid level	: 13\u000awp		: yes\u000aflags		: fpu vme de pse tsc msr pae mce cx8 apic sep mtrr pge mca cmov pat pse36 clflush mmx fxsr sse sse2 ht syscall nx rdtscp lm constant_tsc rep_good nopl xtopology nonstop_tsc cpuid tsc_known_freq pni pclmulqdq ssse3 fma cx16 pcid sse4_1 sse4_2 x2apic movbe popcnt tsc_deadline_timer aes xsave avx f16c rdrand hypervisor lahf_lm abm cpuid_fault invpcid_single pti ssbd ibrs ibpb stibp fsgsbase tsc_adjust bmi1 avx2 smep bmi2 erms invpcid smap xsaveopt arat md_clear arch_capabilities\u000abugs		: cpu_meltdown spectre_v1 spectre_v2 spec_store_bypass l1tf mds swapgs\u000abogomips	: 5000.02\u000aclflush size	: 64\u000acache_alignment	: 64\u000aaddress sizes	: 46 bits physical, 48 bits virtual\u000apower management:\u000a\u000aprocessor	: 1\u000avendor_id	: GenuineIntel\u000acpu family	: 6\u000amodel		: 63\u000amodel name	: Intel(R) Xeon(R) Processor @ 2.50GHz\u000astepping	: 2\u000amicrocode	: 0x1\u000acpu MHz		: 2500.010\u000acache size	: 33792 KB\u000aphysical id	: 0\u000asiblings	: 2\u000acore id		: 1\u000acpu cores	: 2\u000aapicid		: 1\u000ainitial apicid	: 1\u000afpu		: yes\u000afpu_exception	: yes\u000acpuid level	: 13\u000awp		: yes\u000aflags		: fpu vme de pse tsc msr pae mce cx8 apic sep mtrr pge mca cmov pat pse36 clflush mmx fxsr sse sse2 ht syscall nx rdtscp lm constant_tsc rep_good nopl xtopology nonstop_tsc cpuid tsc_known_freq pni pclmulqdq ssse3 fma cx16 pcid sse4_1 sse4_2 x2apic movbe popcnt tsc_deadline_timer aes xsave avx f16c rdrand hypervisor lahf_lm abm cpuid_fault invpcid_single pti ssbd ibrs ibpb stibp fsgsbase tsc_adjust bmi1 avx2 smep bmi2 erms invpcid smap xsaveopt arat md_clear arch_capabilities\u000abugs		: cpu_meltdown spectre_v1 spectre_v2 spec_store_bypass l1tf mds swapgs\u000abogomips	: 5000.02\u000aclflush size	: 64\u000acache_alignment	: 64\u000aaddress sizes	: 46 bits physical, 48 bits virtual\u000apower management:\u000a\u000a
p624
sV/proc/meminfo
p625
VMemTotal:        1717184 kB\u000aMemFree:         1116532 kB\u000aMemAvailable:    1485072 kB\u000aBuffers:           17632 kB\u000aCached:           465140 kB\u000aSwapCached:            0 kB\u000aActive:            95864 kB\u000aInactive:         448156 kB\u000aActive(anon):      61240 kB\u000aInactive(anon):      216 kB\u000aActive(file):      34624 kB\u000aInactive(file):   447940 kB\u000aUnevictable:           0 kB\u000aMlocked:               0 kB\u000aSwapTotal:             0 kB\u000aSwapFree:              0 kB\u000aDirty:               228 kB\u000aWriteback:             0 kB\u000aAnonPages:         61236 kB\u000aMapped:            35276 kB\u000aShmem:               220 kB\u000aSlab:              43792 kB\u000aSReclaimable:      32964 kB\u000aSUnreclaim:        10828 kB\u000aKernelStack:        1152 kB\u000aPageTables:         1308 kB\u000aNFS_Unstable:          0 kB\u000aBounce:                0 kB\u000aWritebackTmp:          0 kB\u000aCommitLimit:      858592 kB\u000aCommitted_AS:     253792 kB\u000aVmallocTotal:   34359738367 kB\u000aVmallocUsed:           0 kB\u000aVmallocChunk:          0 kB\u000aAnonHugePages:         0 kB\u000aShmemHugePages:        0 kB\u000aShmemPmdMapped:        0 kB\u000aHugePages_Total:       0\u000aHugePages_Free:        0\u000aHugePages_Rsvd:        0\u000aHugePages_Surp:        0\u000aHugepagesize:       2048 kB\u000aDirectMap4k:       19456 kB\u000aDirectMap2M:     1742848 kB\u000a
p626
ssVstatus_key
p627
Vpywren.jobs/fae4bdba-fa65-4c2c-baa2-7a77b6239d16/00013/status.json
p628
sVend_time
p629
F1609152052.8313611
sVlog_group_name
p630
V/aws/lambda/pywren_redis_2
p631
sVdata_key
p632
Vpywren.jobs/fae4bdba-fa65-4c2c-baa2-7a77b6239d16/aggdata.pickle
p633
sa(dp634
Vcallset_id
p635
Vfae4bdba-fa65-4c2c-baa2-7a77b6239d16
p636
sVlog_stream_name
p637
V2020/12/28/[$LATEST]836b47ce9fd14717b9bd3531753543bf
p638
sVstdout
p639
V
sVfunc_key
p640
Vpywren.jobs/fae4bdba-fa65-4c2c-baa2-7a77b6239d16/func.pickle
p641
sVfree_disk_bytes
p642
I538333184
sVruntime_cached
p643
I00
sVretcode
p644
I0
sVcall_id
p645
V00014
p646
sVoutput_key
p647
Vpywren.jobs/fae4bdba-fa65-4c2c-baa2-7a77b6239d16/00014/output.pickle
p648
sVruntime_s3_key_used
p649
Ve3e711-pywren.runtimes/default_2.7.tar.gz.0095
p650
sVaws_request_id
p651
V03ed9aab-fd89-4f05-9ca3-e038c5f177b8
p652
sVexec_time
p653
F84.454185009002686
sVstart_time
p654
F1609151963.0732861
sVsetup_time
p655
F7.1217648983001709
sVruntime_s3_bucket_used
p656
Vpywren-runtimes-public-us-west-2
p657
sVexception
p658
NsVhost_submit_time
p659
F1609151962.3563721
sVserver_info
p660
(dp661
Vuname
p662
V('Linux', '169.254.229.141', '4.14.203-112.332.amzn2.x86_64', '#1 SMP Wed Nov 4 20:46:34 UTC 2020', 'x86_64', 'x86_64')
p663
sV/proc/self/cgroup
p664
VMemTotal:        1717184 kB\u000aMemFree:         1119504 kB\u000aMemAvailable:    1486736 kB\u000aBuffers:           17684 kB\u000aCached:           463760 kB\u000aSwapCached:            0 kB\u000aActive:            93764 kB\u000aInactive:         448036 kB\u000aActive(anon):      60348 kB\u000aInactive(anon):      216 kB\u000aActive(file):      33416 kB\u000aInactive(file):   447820 kB\u000aUnevictable:           0 kB\u000aMlocked:               0 kB\u000aSwapTotal:             0 kB\u000aSwapFree:              0 kB\u000aDirty:               228 kB\u000aWriteback:             0 kB\u000aAnonPages:         60304 kB\u000aMapped:            35064 kB\u000aShmem:               220 kB\u000aSlab:              43380 kB\u000aSReclaimable:      33004 kB\u000aSUnreclaim:        10376 kB\u000aKernelStack:        1168 kB\u000aPageTables:         1296 kB\u000aNFS_Unstable:          0 kB\u000aBounce:                0 kB\u000aWritebackTmp:          0 kB\u000aCommitLimit:      858592 kB\u000aCommitted_AS:     252052 kB\u000aVmallocTotal:   34359738367 kB\u000aVmallocUsed:           0 kB\u000aVmallocChunk:          0 kB\u000aAnonHugePages:         0 kB\u000aShmemHugePages:        0 kB\u000aShmemPmdMapped:        0 kB\u000aHugePages_Total:       0\u000aHugePages_Free:        0\u000aHugePages_Rsvd:        0\u000aHugePages_Surp:        0\u000aHugepagesize:       2048 kB\u000aDirectMap4k:       21504 kB\u000aDirectMap2M:     1740800 kB\u000a
p665
sV/proc/cgroups
p666
V#subsys_name	hierarchy	num_cgroups	enabled\u000acpuset	5	1	1\u000acpu	4	5	1\u000acpuacct	4	5	1\u000ablkio	3	1	1\u000amemory	2	5	1\u000adevices	6	1	1\u000afreezer	8	2	1\u000anet_cls	7	1	1\u000aperf_event	11	1	1\u000anet_prio	7	1	1\u000ahugetlb	9	1	1\u000apids	10	1	1\u000a
p667
sV/proc/cpuinfo
p668
