(dp1
S'run_statuses'
p2
(lp3
(dp4
Vcallset_id
p5
V8df9cc45-9560-4f8f-a4ec-1d87d02d8ac4
p6
sVlog_stream_name
p7
V2020/12/28/[$LATEST]64327458cf83481abc947f3408f26cc0
p8
sVstdout
p9
V
sVfunc_key
p10
Vpywren.jobs/8df9cc45-9560-4f8f-a4ec-1d87d02d8ac4/func.pickle
p11
sVfree_disk_bytes
p12
I538333184
sVruntime_cached
p13
I00
sVretcode
p14
I0
sVcall_id
p15
V00000
p16
sVoutput_key
p17
Vpywren.jobs/8df9cc45-9560-4f8f-a4ec-1d87d02d8ac4/00000/output.pickle
p18
sVruntime_s3_key_used
p19
V4323f5-pywren.runtimes/default_2.7.tar.gz.0020
p20
sVaws_request_id
p21
V0cffa03c-b628-42f8-8bb2-89e5e48d3655
p22
sVexec_time
p23
F62.312505960464478
sVstart_time
p24
F1609151982.9721069
sVsetup_time
p25
F7.3182370662689209
sVruntime_s3_bucket_used
p26
Vpywren-runtimes-public-us-west-2
p27
sVexception
p28
NsVhost_submit_time
p29
F1609151982.2165329
sVserver_info
p30
(dp31
Vuname
p32
V('Linux', '169.254.209.53', '4.14.203-112.332.amzn2.x86_64', '#1 SMP Wed Nov 4 20:46:34 UTC 2020', 'x86_64', 'x86_64')
p33
sV/proc/self/cgroup
p34
VMemTotal:        1717184 kB\u000aMemFree:         1116820 kB\u000aMemAvailable:    1486160 kB\u000aBuffers:           18016 kB\u000aCached:           465572 kB\u000aSwapCached:            0 kB\u000aActive:            96580 kB\u000aInactive:         448244 kB\u000aActive(anon):      61228 kB\u000aInactive(anon):      216 kB\u000aActive(file):      35352 kB\u000aInactive(file):   448028 kB\u000aUnevictable:           0 kB\u000aMlocked:               0 kB\u000aSwapTotal:             0 kB\u000aSwapFree:              0 kB\u000aDirty:               380 kB\u000aWriteback:             0 kB\u000aAnonPages:         61224 kB\u000aMapped:            35124 kB\u000aShmem:               220 kB\u000aSlab:              43228 kB\u000aSReclaimable:      32936 kB\u000aSUnreclaim:        10292 kB\u000aKernelStack:        1152 kB\u000aPageTables:         1316 kB\u000aNFS_Unstable:          0 kB\u000aBounce:                0 kB\u000aWritebackTmp:          0 kB\u000aCommitLimit:      858592 kB\u000aCommitted_AS:     253808 kB\u000aVmallocTotal:   34359738367 kB\u000aVmallocUsed:           0 kB\u000aVmallocChunk:          0 kB\u000aAnonHugePages:         0 kB\u000aShmemHugePages:        0 kB\u000aShmemPmdMapped:        0 kB\u000aHugePages_Total:       0\u000aHugePages_Free:        0\u000aHugePages_Rsvd:        0\u000aHugePages_Surp:        0\u000aHugepagesize:       2048 kB\u000aDirectMap4k:       21504 kB\u000aDirectMap2M:     1740800 kB\u000a
p35
sV/proc/cgroups
p36
V#subsys_name	hierarchy	num_cgroups	enabled\u000acpuset	2	1	1\u000acpu	5	5	1\u000acpuacct	5	5	1\u000ablkio	10	1	1\u000amemory	11	5	1\u000adevices	8	1	1\u000afreezer	6	2	1\u000anet_cls	3	1	1\u000aperf_event	7	1	1\u000anet_prio	3	1	1\u000ahugetlb	4	1	1\u000apids	9	1	1\u000a
p37
sV/proc/cpuinfo
p38
Vprocessor	: 0\u000avendor_id	: GenuineIntel\u000acpu family	: 6\u000amodel		: 63\u000amodel name	: Intel(R) Xeon(R) Processor @ 2.50GHz\u000astepping	: 2\u000amicrocode	: 0x1\u000acpu MHz		: 2500.010\u000acache size	: 33792 KB\u000aphysical id	: 0\u000asiblings	: 2\u000acore id		: 0\u000acpu cores	: 2\u000aapicid		: 0\u000ainitial apicid	: 0\u000afpu		: yes\u000afpu_exception	: yes\u000acpuid level	: 13\u000awp		: yes\u000aflags		: fpu vme de pse tsc msr pae mce cx8 apic sep mtrr pge mca cmov pat pse36 clflush mmx fxsr sse sse2 ht syscall nx rdtscp lm constant_tsc rep_good nopl xtopology nonstop_tsc cpuid tsc_known_freq pni pclmulqdq ssse3 fma cx16 pcid sse4_1 sse4_2 x2apic movbe popcnt tsc_deadline_timer aes xsave avx f16c rdrand hypervisor lahf_lm abm cpuid_fault invpcid_single pti ssbd ibrs ibpb stibp fsgsbase tsc_adjust bmi1 avx2 smep bmi2 erms invpcid smap xsaveopt arat md_clear arch_capabilities\u000abugs		: cpu_meltdown spectre_v1 spectre_v2 spec_store_bypass l1tf mds swapgs\u000abogomips	: 5000.02\u000aclflush size	: 64\u000acache_alignment	: 64\u000aaddress sizes	: 46 bits physical, 48 bits virtual\u000apower management:\u000a\u000aprocessor	: 1\u000avendor_id	: GenuineIntel\u000acpu family	: 6\u000amodel		: 63\u000amodel name	: Intel(R) Xeon(R) Processor @ 2.50GHz\u000astepping	: 2\u000amicrocode	: 0x1\u000acpu MHz		: 2500.010\u000acache size	: 33792 KB\u000aphysical id	: 0\u000asiblings	: 2\u000acore id		: 1\u000acpu cores	: 2\u000aapicid		: 1\u000ainitial apicid	: 1\u000afpu		: yes\u000afpu_exception	: yes\u000acpuid level	: 13\u000awp		: yes\u000aflags		: fpu vme de pse tsc msr pae mce cx8 apic sep mtrr pge mca cmov pat pse36 clflush mmx fxsr sse sse2 ht syscall nx rdtscp lm constant_tsc rep_good nopl xtopology nonstop_tsc cpuid tsc_known_freq pni pclmulqdq ssse3 fma cx16 pcid sse4_1 sse4_2 x2apic movbe popcnt tsc_deadline_timer aes xsave avx f16c rdrand hypervisor lahf_lm abm cpuid_fault invpcid_single pti ssbd ibrs ibpb stibp fsgsbase tsc_adjust bmi1 avx2 smep bmi2 erms invpcid smap xsaveopt arat md_clear arch_capabilities\u000abugs		: cpu_meltdown spectre_v1 spectre_v2 spec_store_bypass l1tf mds swapgs\u000abogomips	: 5000.02\u000aclflush size	: 64\u000acache_alignment	: 64\u000aaddress sizes	: 46 bits physical, 48 bits virtual\u000apower management:\u000a\u000a
p39
sV/proc/meminfo
p40
VMemTotal:        1717184 kB\u000aMemFree:         1116820 kB\u000aMemAvailable:    1486160 kB\u000aBuffers:           18016 kB\u000aCached:           465572 kB\u000aSwapCached:            0 kB\u000aActive:            96580 kB\u000aInactive:         448244 kB\u000aActive(anon):      61228 kB\u000aInactive(anon):      216 kB\u000aActive(file):      35352 kB\u000aInactive(file):   448028 kB\u000aUnevictable:           0 kB\u000aMlocked:               0 kB\u000aSwapTotal:             0 kB\u000aSwapFree:              0 kB\u000aDirty:               380 kB\u000aWriteback:             0 kB\u000aAnonPages:         61224 kB\u000aMapped:            35124 kB\u000aShmem:               220 kB\u000aSlab:              43228 kB\u000aSReclaimable:      32936 kB\u000aSUnreclaim:        10292 kB\u000aKernelStack:        1152 kB\u000aPageTables:         1316 kB\u000aNFS_Unstable:          0 kB\u000aBounce:                0 kB\u000aWritebackTmp:          0 kB\u000aCommitLimit:      858592 kB\u000aCommitted_AS:     253808 kB\u000aVmallocTotal:   34359738367 kB\u000aVmallocUsed:           0 kB\u000aVmallocChunk:          0 kB\u000aAnonHugePages:         0 kB\u000aShmemHugePages:        0 kB\u000aShmemPmdMapped:        0 kB\u000aHugePages_Total:       0\u000aHugePages_Free:        0\u000aHugePages_Rsvd:        0\u000aHugePages_Surp:        0\u000aHugepagesize:       2048 kB\u000aDirectMap4k:       21504 kB\u000aDirectMap2M:     1740800 kB\u000a
p41
ssVstatus_key
p42
Vpywren.jobs/8df9cc45-9560-4f8f-a4ec-1d87d02d8ac4/00000/status.json
p43
sVend_time
p44
F1609152052.602845
sVlog_group_name
p45
V/aws/lambda/pywren_redis_2
p46
sVdata_key
p47
Vpywren.jobs/8df9cc45-9560-4f8f-a4ec-1d87d02d8ac4/aggdata.pickle
p48
sa(dp49
Vcallset_id
p50
V8df9cc45-9560-4f8f-a4ec-1d87d02d8ac4
p51
sVlog_stream_name
p52
V2020/12/28/[$LATEST]ccc4283fe6fc4f94b6b5c15e464f0c40
p53
sVstdout
p54
V
sVfunc_key
p55
Vpywren.jobs/8df9cc45-9560-4f8f-a4ec-1d87d02d8ac4/func.pickle
p56
sVfree_disk_bytes
p57
I538333184
sVruntime_cached
p58
I00
sVretcode
p59
I0
sVcall_id
p60
V00001
p61
sVoutput_key
p62
Vpywren.jobs/8df9cc45-9560-4f8f-a4ec-1d87d02d8ac4/00001/output.pickle
p63
sVruntime_s3_key_used
p64
V82c403-pywren.runtimes/default_2.7.tar.gz.0090
p65
sVaws_request_id
p66
V7355714e-07e6-423f-914e-3137801896e7
p67
sVexec_time
p68
F64.317698001861572
sVstart_time
p69
F1609151982.9786711
sVsetup_time
p70
F7.1433689594268799
sVruntime_s3_bucket_used
p71
Vpywren-runtimes-public-us-west-2
p72
sVexception
p73
NsVhost_submit_time
p74
F1609151982.2204239
sVserver_info
p75
(dp76
Vuname
p77
V('Linux', '169.254.245.21', '4.14.203-112.332.amzn2.x86_64', '#1 SMP Wed Nov 4 20:46:34 UTC 2020', 'x86_64', 'x86_64')
p78
sV/proc/self/cgroup
p79
VMemTotal:        1717184 kB\u000aMemFree:         1118476 kB\u000aMemAvailable:    1486032 kB\u000aBuffers:           17576 kB\u000aCached:           464180 kB\u000aSwapCached:            0 kB\u000aActive:            94768 kB\u000aInactive:         448200 kB\u000aActive(anon):      61204 kB\u000aInactive(anon):      216 kB\u000aActive(file):      33564 kB\u000aInactive(file):   447984 kB\u000aUnevictable:           0 kB\u000aMlocked:               0 kB\u000aSwapTotal:             0 kB\u000aSwapFree:              0 kB\u000aDirty:               156 kB\u000aWriteback:             0 kB\u000aAnonPages:         61244 kB\u000aMapped:            35340 kB\u000aShmem:               220 kB\u000aSlab:              43276 kB\u000aSReclaimable:      33028 kB\u000aSUnreclaim:        10248 kB\u000aKernelStack:        1168 kB\u000aPageTables:         1312 kB\u000aNFS_Unstable:          0 kB\u000aBounce:                0 kB\u000aWritebackTmp:          0 kB\u000aCommitLimit:      858592 kB\u000aCommitted_AS:     251680 kB\u000aVmallocTotal:   34359738367 kB\u000aVmallocUsed:           0 kB\u000aVmallocChunk:          0 kB\u000aAnonHugePages:         0 kB\u000aShmemHugePages:        0 kB\u000aShmemPmdMapped:        0 kB\u000aHugePages_Total:       0\u000aHugePages_Free:        0\u000aHugePages_Rsvd:        0\u000aHugePages_Surp:        0\u000aHugepagesize:       2048 kB\u000aDirectMap4k:       21504 kB\u000aDirectMap2M:     1740800 kB\u000a
p80
sV/proc/cgroups
p81
V#subsys_name	hierarchy	num_cgroups	enabled\u000acpuset	7	1	1\u000acpu	2	5	1\u000acpuacct	2	5	1\u000ablkio	6	1	1\u000amemory	5	5	1\u000adevices	10	1	1\u000afreezer	4	2	1\u000anet_cls	9	1	1\u000aperf_event	11	1	1\u000anet_prio	9	1	1\u000ahugetlb	8	1	1\u000apids	3	1	1\u000a
p82
sV/proc/cpuinfo
p83
Vprocessor	: 0\u000avendor_id	: GenuineIntel\u000acpu family	: 6\u000amodel		: 63\u000amodel name	: Intel(R) Xeon(R) Processor @ 2.50GHz\u000astepping	: 2\u000amicrocode	: 0x1\u000acpu MHz		: 2500.010\u000acache size	: 33792 KB\u000aphysical id	: 0\u000asiblings	: 2\u000acore id		: 0\u000acpu cores	: 2\u000aapicid		: 0\u000ainitial apicid	: 0\u000afpu		: yes\u000afpu_exception	: yes\u000acpuid level	: 13\u000awp		: yes\u000aflags		: fpu vme de pse tsc msr pae mce cx8 apic sep mtrr pge mca cmov pat pse36 clflush mmx fxsr sse sse2 ht syscall nx rdtscp lm constant_tsc rep_good nopl xtopology nonstop_tsc cpuid tsc_known_freq pni pclmulqdq ssse3 fma cx16 pcid sse4_1 sse4_2 x2apic movbe popcnt tsc_deadline_timer aes xsave avx f16c rdrand hypervisor lahf_lm abm cpuid_fault invpcid_single pti ssbd ibrs ibpb stibp fsgsbase tsc_adjust bmi1 avx2 smep bmi2 erms invpcid smap xsaveopt arat md_clear arch_capabilities\u000abugs		: cpu_meltdown spectre_v1 spectre_v2 spec_store_bypass l1tf mds swapgs\u000abogomips	: 5000.02\u000aclflush size	: 64\u000acache_alignment	: 64\u000aaddress sizes	: 46 bits physical, 48 bits virtual\u000apower management:\u000a\u000aprocessor	: 1\u000avendor_id	: GenuineIntel\u000acpu family	: 6\u000amodel		: 63\u000amodel name	: Intel(R) Xeon(R) Processor @ 2.50GHz\u000astepping	: 2\u000amicrocode	: 0x1\u000acpu MHz		: 2500.010\u000acache size	: 33792 KB\u000aphysical id	: 0\u000asiblings	: 2\u000acore id		: 1\u000acpu cores	: 2\u000aapicid		: 1\u000ainitial apicid	: 1\u000afpu		: yes\u000afpu_exception	: yes\u000acpuid level	: 13\u000awp		: yes\u000aflags		: fpu vme de pse tsc msr pae mce cx8 apic sep mtrr pge mca cmov pat pse36 clflush mmx fxsr sse sse2 ht syscall nx rdtscp lm constant_tsc rep_good nopl xtopology nonstop_tsc cpuid tsc_known_freq pni pclmulqdq ssse3 fma cx16 pcid sse4_1 sse4_2 x2apic movbe popcnt tsc_deadline_timer aes xsave avx f16c rdrand hypervisor lahf_lm abm cpuid_fault invpcid_single pti ssbd ibrs ibpb stibp fsgsbase tsc_adjust bmi1 avx2 smep bmi2 erms invpcid smap xsaveopt arat md_clear arch_capabilities\u000abugs		: cpu_meltdown spectre_v1 spectre_v2 spec_store_bypass l1tf mds swapgs\u000abogomips	: 5000.02\u000aclflush size	: 64\u000acache_alignment	: 64\u000aaddress sizes	: 46 bits physical, 48 bits virtual\u000apower management:\u000a\u000a
p84
sV/proc/meminfo
p85
VMemTotal:        1717184 kB\u000aMemFree:         1118476 kB\u000aMemAvailable:    1486032 kB\u000aBuffers:           17576 kB\u000aCached:           464180 kB\u000aSwapCached:            0 kB\u000aActive:            94768 kB\u000aInactive:         448200 kB\u000aActive(anon):      61204 kB\u000aInactive(anon):      216 kB\u000aActive(file):      33564 kB\u000aInactive(file):   447984 kB\u000aUnevictable:           0 kB\u000aMlocked:               0 kB\u000aSwapTotal:             0 kB\u000aSwapFree:              0 kB\u000aDirty:               156 kB\u000aWriteback:             0 kB\u000aAnonPages:         61244 kB\u000aMapped:            35340 kB\u000aShmem:               220 kB\u000aSlab:              43276 kB\u000aSReclaimable:      33028 kB\u000aSUnreclaim:        10248 kB\u000aKernelStack:        1168 kB\u000aPageTables:         1312 kB\u000aNFS_Unstable:          0 kB\u000aBounce:                0 kB\u000aWritebackTmp:          0 kB\u000aCommitLimit:      858592 kB\u000aCommitted_AS:     251680 kB\u000aVmallocTotal:   34359738367 kB\u000aVmallocUsed:           0 kB\u000aVmallocChunk:          0 kB\u000aAnonHugePages:         0 kB\u000aShmemHugePages:        0 kB\u000aShmemPmdMapped:        0 kB\u000aHugePages_Total:       0\u000aHugePages_Free:        0\u000aHugePages_Rsvd:        0\u000aHugePages_Surp:        0\u000aHugepagesize:       2048 kB\u000aDirectMap4k:       21504 kB\u000aDirectMap2M:     1740800 kB\u000a
p86
ssVstatus_key
p87
Vpywren.jobs/8df9cc45-9560-4f8f-a4ec-1d87d02d8ac4/00001/status.json
p88
sVend_time
p89
F1609152054.4397321
sVlog_group_name
p90
V/aws/lambda/pywren_redis_2
p91
sVdata_key
p92
Vpywren.jobs/8df9cc45-9560-4f8f-a4ec-1d87d02d8ac4/aggdata.pickle
p93
sa(dp94
Vcallset_id
p95
V8df9cc45-9560-4f8f-a4ec-1d87d02d8ac4
p96
sVlog_stream_name
p97
V2020/12/28/[$LATEST]9296033032c7421d974a12b5e19a84b8
p98
sVstdout
p99
V
sVfunc_key
p100
Vpywren.jobs/8df9cc45-9560-4f8f-a4ec-1d87d02d8ac4/func.pickle
p101
sVfree_disk_bytes
p102
I538333184
sVruntime_cached
p103
I00
sVretcode
p104
I0
sVcall_id
p105
V00002
p106
sVoutput_key
p107
Vpywren.jobs/8df9cc45-9560-4f8f-a4ec-1d87d02d8ac4/00002/output.pickle
p108
sVruntime_s3_key_used
p109
Vf92bca-pywren.runtimes/default_2.7.tar.gz.0036
p110
sVaws_request_id
p111
V6a177772-2df8-4bcd-a523-377249dfd3d9
p112
sVexec_time
p113
F66.427100896835327
sVstart_time
p114
F1609151982.9506199
sVsetup_time
p115
F7.0507481098175049
sVruntime_s3_bucket_used
p116
Vpywren-runtimes-public-us-west-2
p117
sVexception
p118
NsVhost_submit_time
p119
F1609151982.227529
sVserver_info
p120
(dp121
Vuname
p122
V('Linux', '169.254.114.165', '4.14.203-112.332.amzn2.x86_64', '#1 SMP Wed Nov 4 20:46:34 UTC 2020', 'x86_64', 'x86_64')
p123
sV/proc/self/cgroup
p124
VMemTotal:        1717184 kB\u000aMemFree:         1120132 kB\u000aMemAvailable:    1486048 kB\u000aBuffers:           16580 kB\u000aCached:           463564 kB\u000aSwapCached:            0 kB\u000aActive:            93796 kB\u000aInactive:         447548 kB\u000aActive(anon):      61180 kB\u000aInactive(anon):      216 kB\u000aActive(file):      32616 kB\u000aInactive(file):   447332 kB\u000aUnevictable:           0 kB\u000aMlocked:               0 kB\u000aSwapTotal:             0 kB\u000aSwapFree:              0 kB\u000aDirty:               176 kB\u000aWriteback:             0 kB\u000aAnonPages:         61184 kB\u000aMapped:            35016 kB\u000aShmem:               220 kB\u000aSlab:              43220 kB\u000aSReclaimable:      32952 kB\u000aSUnreclaim:        10268 kB\u000aKernelStack:        1160 kB\u000aPageTables:         1396 kB\u000aNFS_Unstable:          0 kB\u000aBounce:                0 kB\u000aWritebackTmp:          0 kB\u000aCommitLimit:      858592 kB\u000aCommitted_AS:     251624 kB\u000aVmallocTotal:   34359738367 kB\u000aVmallocUsed:           0 kB\u000aVmallocChunk:          0 kB\u000aAnonHugePages:         0 kB\u000aShmemHugePages:        0 kB\u000aShmemPmdMapped:        0 kB\u000aHugePages_Total:       0\u000aHugePages_Free:        0\u000aHugePages_Rsvd:        0\u000aHugePages_Surp:        0\u000aHugepagesize:       2048 kB\u000aDirectMap4k:       21504 kB\u000aDirectMap2M:     1740800 kB\u000a
p125
sV/proc/cgroups
p126
V#subsys_name	hierarchy	num_cgroups	enabled\u000acpuset	4	1	1\u000acpu	8	5	1\u000acpuacct	8	5	1\u000ablkio	7	1	1\u000amemory	5	5	1\u000adevices	2	1	1\u000afreezer	3	2	1\u000anet_cls	6	1	1\u000aperf_event	9	1	1\u000anet_prio	6	1	1\u000ahugetlb	10	1	1\u000apids	11	1	1\u000a
p127
sV/proc/cpuinfo
p128
Vprocessor	: 0\u000avendor_id	: GenuineIntel\u000acpu family	: 6\u000amodel		: 63\u000amodel name	: Intel(R) Xeon(R) Processor @ 2.50GHz\u000astepping	: 2\u000amicrocode	: 0x1\u000acpu MHz		: 2500.014\u000acache size	: 36608 KB\u000aphysical id	: 0\u000asiblings	: 2\u000acore id		: 0\u000acpu cores	: 2\u000aapicid		: 0\u000ainitial apicid	: 0\u000afpu		: yes\u000afpu_exception	: yes\u000acpuid level	: 13\u000awp		: yes\u000aflags		: fpu vme de pse tsc msr pae mce cx8 apic sep mtrr pge mca cmov pat pse36 clflush mmx fxsr sse sse2 ht syscall nx rdtscp lm constant_tsc rep_good nopl xtopology nonstop_tsc cpuid tsc_known_freq pni pclmulqdq ssse3 fma cx16 pcid sse4_1 sse4_2 x2apic movbe popcnt tsc_deadline_timer aes xsave avx f16c rdrand hypervisor lahf_lm abm cpuid_fault invpcid_single ssbd ibrs ibpb stibp ibrs_enhanced fsgsbase tsc_adjust bmi1 avx2 smep bmi2 erms invpcid smap xsaveopt arat md_clear arch_capabilities\u000abugs		: spectre_v1 spectre_v2 spec_store_bypass swapgs\u000abogomips	: 5000.02\u000aclflush size	: 64\u000acache_alignment	: 64\u000aaddress sizes	: 46 bits physical, 48 bits virtual\u000apower management:\u000a\u000aprocessor	: 1\u000avendor_id	: GenuineIntel\u000acpu family	: 6\u000amodel		: 63\u000amodel name	: Intel(R) Xeon(R) Processor @ 2.50GHz\u000astepping	: 2\u000amicrocode	: 0x1\u000acpu MHz		: 2500.014\u000acache size	: 36608 KB\u000aphysical id	: 0\u000asiblings	: 2\u000acore id		: 1\u000acpu cores	: 2\u000aapicid		: 1\u000ainitial apicid	: 1\u000afpu		: yes\u000afpu_exception	: yes\u000acpuid level	: 13\u000awp		: yes\u000aflags		: fpu vme de pse tsc msr pae mce cx8 apic sep mtrr pge mca cmov pat pse36 clflush mmx fxsr sse sse2 ht syscall nx rdtscp lm constant_tsc rep_good nopl xtopology nonstop_tsc cpuid tsc_known_freq pni pclmulqdq ssse3 fma cx16 pcid sse4_1 sse4_2 x2apic movbe popcnt tsc_deadline_timer aes xsave avx f16c rdrand hypervisor lahf_lm abm cpuid_fault invpcid_single ssbd ibrs ibpb stibp ibrs_enhanced fsgsbase tsc_adjust bmi1 avx2 smep bmi2 erms invpcid smap xsaveopt arat md_clear arch_capabilities\u000abugs		: spectre_v1 spectre_v2 spec_store_bypass swapgs\u000abogomips	: 5000.02\u000aclflush size	: 64\u000acache_alignment	: 64\u000aaddress sizes	: 46 bits physical, 48 bits virtual\u000apower management:\u000a\u000a
p129
sV/proc/meminfo
p130
VMemTotal:        1717184 kB\u000aMemFree:         1120132 kB\u000aMemAvailable:    1486048 kB\u000aBuffers:           16580 kB\u000aCached:           463564 kB\u000aSwapCached:            0 kB\u000aActive:            93796 kB\u000aInactive:         447548 kB\u000aActive(anon):      61180 kB\u000aInactive(anon):      216 kB\u000aActive(file):      32616 kB\u000aInactive(file):   447332 kB\u000aUnevictable:           0 kB\u000aMlocked:               0 kB\u000aSwapTotal:             0 kB\u000aSwapFree:              0 kB\u000aDirty:               176 kB\u000aWriteback:             0 kB\u000aAnonPages:         61184 kB\u000aMapped:            35016 kB\u000aShmem:               220 kB\u000aSlab:              43220 kB\u000aSReclaimable:      32952 kB\u000aSUnreclaim:        10268 kB\u000aKernelStack:        1160 kB\u000aPageTables:         1396 kB\u000aNFS_Unstable:          0 kB\u000aBounce:                0 kB\u000aWritebackTmp:          0 kB\u000aCommitLimit:      858592 kB\u000aCommitted_AS:     251624 kB\u000aVmallocTotal:   34359738367 kB\u000aVmallocUsed:           0 kB\u000aVmallocChunk:          0 kB\u000aAnonHugePages:         0 kB\u000aShmemHugePages:        0 kB\u000aShmemPmdMapped:        0 kB\u000aHugePages_Total:       0\u000aHugePages_Free:        0\u000aHugePages_Rsvd:        0\u000aHugePages_Surp:        0\u000aHugepagesize:       2048 kB\u000aDirectMap4k:       21504 kB\u000aDirectMap2M:     1740800 kB\u000a
p131
ssVstatus_key
p132
Vpywren.jobs/8df9cc45-9560-4f8f-a4ec-1d87d02d8ac4/00002/status.json
p133
sVend_time
p134
F1609152056.428463
sVlog_group_name
p135
V/aws/lambda/pywren_redis_2
p136
sVdata_key
p137
Vpywren.jobs/8df9cc45-9560-4f8f-a4ec-1d87d02d8ac4/aggdata.pickle
p138
sa(dp139
Vcallset_id
p140
V8df9cc45-9560-4f8f-a4ec-1d87d02d8ac4
p141
sVlog_stream_name
p142
V2020/12/28/[$LATEST]ab8316299510462691a78bb80c260fe5
p143
sVstdout
p144
V
sVfunc_key
p145
Vpywren.jobs/8df9cc45-9560-4f8f-a4ec-1d87d02d8ac4/func.pickle
p146
sVfree_disk_bytes
p147
I538333184
sVruntime_cached
p148
I00
sVretcode
p149
I0
sVcall_id
p150
V00003
p151
sVoutput_key
p152
Vpywren.jobs/8df9cc45-9560-4f8f-a4ec-1d87d02d8ac4/00003/output.pickle
p153
sVruntime_s3_key_used
p154
V918015-pywren.runtimes/default_2.7.tar.gz.0075
p155
sVaws_request_id
p156
V9b35e4a7-ddc3-49b2-b66f-18c874770e19
p157
sVexec_time
p158
F65.125004053115845
sVstart_time
p159
F1609151982.971674
sVsetup_time
p160
F6.8646359443664551
sVruntime_s3_bucket_used
p161
Vpywren-runtimes-public-us-west-2
p162
sVexception
p163
NsVhost_submit_time
p164
F1609151982.228935
sVserver_info
p165
(dp166
Vuname
p167
V('Linux', '169.254.24.173', '4.14.203-112.332.amzn2.x86_64', '#1 SMP Wed Nov 4 20:46:34 UTC 2020', 'x86_64', 'x86_64')
p168
sV/proc/self/cgroup
p169
VMemTotal:        1717184 kB\u000aMemFree:         1122036 kB\u000aMemAvailable:    1486368 kB\u000aBuffers:           17120 kB\u000aCached:           461428 kB\u000aSwapCached:            0 kB\u000aActive:            93648 kB\u000aInactive:         445596 kB\u000aActive(anon):      60692 kB\u000aInactive(anon):      212 kB\u000aActive(file):      32956 kB\u000aInactive(file):   445384 kB\u000aUnevictable:           0 kB\u000aMlocked:               0 kB\u000aSwapTotal:             0 kB\u000aSwapFree:              0 kB\u000aDirty:               152 kB\u000aWriteback:             0 kB\u000aAnonPages:         60684 kB\u000aMapped:            34948 kB\u000aShmem:               220 kB\u000aSlab:              43364 kB\u000aSReclaimable:      33000 kB\u000aSUnreclaim:        10364 kB\u000aKernelStack:        1152 kB\u000aPageTables:         1324 kB\u000aNFS_Unstable:          0 kB\u000aBounce:                0 kB\u000aWritebackTmp:          0 kB\u000aCommitLimit:      858592 kB\u000aCommitted_AS:     251676 kB\u000aVmallocTotal:   34359738367 kB\u000aVmallocUsed:           0 kB\u000aVmallocChunk:          0 kB\u000aAnonHugePages:         0 kB\u000aShmemHugePages:        0 kB\u000aShmemPmdMapped:        0 kB\u000aHugePages_Total:       0\u000aHugePages_Free:        0\u000aHugePages_Rsvd:        0\u000aHugePages_Surp:        0\u000aHugepagesize:       2048 kB\u000aDirectMap4k:       21504 kB\u000aDirectMap2M:     1740800 kB\u000a
p170
sV/proc/cgroups
p171
V#subsys_name	hierarchy	num_cgroups	enabled\u000acpuset	3	1	1\u000acpu	4	5	1\u000acpuacct	4	5	1\u000ablkio	11	1	1\u000amemory	9	5	1\u000adevices	7	1	1\u000afreezer	8	2	1\u000anet_cls	6	1	1\u000aperf_event	5	1	1\u000anet_prio	6	1	1\u000ahugetlb	2	1	1\u000apids	10	1	1\u000a
p172
sV/proc/cpuinfo
p173
Vprocessor	: 0\u000avendor_id	: GenuineIntel\u000acpu family	: 6\u000amodel		: 63\u000amodel name	: Intel(R) Xeon(R) Processor @ 2.50GHz\u000astepping	: 2\u000amicrocode	: 0x1\u000acpu MHz		: 2500.010\u000acache size	: 36608 KB\u000aphysical id	: 0\u000asiblings	: 2\u000acore id		: 0\u000acpu cores	: 2\u000aapicid		: 0\u000ainitial apicid	: 0\u000afpu		: yes\u000afpu_exception	: yes\u000acpuid level	: 13\u000awp		: yes\u000aflags		: fpu vme de pse tsc msr pae mce cx8 apic sep mtrr pge mca cmov pat pse36 clflush mmx fxsr sse sse2 ht syscall nx rdtscp lm constant_tsc rep_good nopl xtopology nonstop_tsc cpuid tsc_known_freq pni pclmulqdq ssse3 fma cx16 pcid sse4_1 sse4_2 x2apic movbe popcnt tsc_deadline_timer aes xsave avx f16c rdrand hypervisor lahf_lm abm cpuid_fault invpcid_single ssbd ibrs ibpb stibp ibrs_enhanced fsgsbase tsc_adjust bmi1 avx2 smep bmi2 erms invpcid smap xsaveopt arat md_clear arch_capabilities\u000abugs		: spectre_v1 spectre_v2 spec_store_bypass swapgs\u000abogomips	: 5000.02\u000aclflush size	: 64\u000acache_alignment	: 64\u000aaddress sizes	: 46 bits physical, 48 bits virtual\u000apower management:\u000a\u000aprocessor	: 1\u000avendor_id	: GenuineIntel\u000acpu family	: 6\u000amodel		: 63\u000amodel name	: Intel(R) Xeon(R) Processor @ 2.50GHz\u000astepping	: 2\u000amicrocode	: 0x1\u000acpu MHz		: 2500.010\u000acache size	: 36608 KB\u000aphysical id	: 0\u000asiblings	: 2\u000acore id		: 1\u000acpu cores	: 2\u000aapicid		: 1\u000ainitial apicid	: 1\u000afpu		: yes\u000afpu_exception	: yes\u000acpuid level	: 13\u000awp		: yes\u000aflags		: fpu vme de pse tsc msr pae mce cx8 apic sep mtrr pge mca cmov pat pse36 clflush mmx fxsr sse sse2 ht syscall nx rdtscp lm constant_tsc rep_good nopl xtopology nonstop_tsc cpuid tsc_known_freq pni pclmulqdq ssse3 fma cx16 pcid sse4_1 sse4_2 x2apic movbe popcnt tsc_deadline_timer aes xsave avx f16c rdrand hypervisor lahf_lm abm cpuid_fault invpcid_single ssbd ibrs ibpb stibp ibrs_enhanced fsgsbase tsc_adjust bmi1 avx2 smep bmi2 erms invpcid smap xsaveopt arat md_clear arch_capabilities\u000abugs		: spectre_v1 spectre_v2 spec_store_bypass swapgs\u000abogomips	: 5000.02\u000aclflush size	: 64\u000acache_alignment	: 64\u000aaddress sizes	: 46 bits physical, 48 bits virtual\u000apower management:\u000a\u000a
p174
sV/proc/meminfo
p175
VMemTotal:        1717184 kB\u000aMemFree:         1122036 kB\u000aMemAvailable:    1486368 kB\u000aBuffers:           17120 kB\u000aCached:           461428 kB\u000aSwapCached:            0 kB\u000aActive:            93648 kB\u000aInactive:         445596 kB\u000aActive(anon):      60692 kB\u000aInactive(anon):      212 kB\u000aActive(file):      32956 kB\u000aInactive(file):   445384 kB\u000aUnevictable:           0 kB\u000aMlocked:               0 kB\u000aSwapTotal:             0 kB\u000aSwapFree:              0 kB\u000aDirty:               152 kB\u000aWriteback:             0 kB\u000aAnonPages:         60684 kB\u000aMapped:            34948 kB\u000aShmem:               220 kB\u000aSlab:              43364 kB\u000aSReclaimable:      33000 kB\u000aSUnreclaim:        10364 kB\u000aKernelStack:        1152 kB\u000aPageTables:         1324 kB\u000aNFS_Unstable:          0 kB\u000aBounce:                0 kB\u000aWritebackTmp:          0 kB\u000aCommitLimit:      858592 kB\u000aCommitted_AS:     251676 kB\u000aVmallocTotal:   34359738367 kB\u000aVmallocUsed:           0 kB\u000aVmallocChunk:          0 kB\u000aAnonHugePages:         0 kB\u000aShmemHugePages:        0 kB\u000aShmemPmdMapped:        0 kB\u000aHugePages_Total:       0\u000aHugePages_Free:        0\u000aHugePages_Rsvd:        0\u000aHugePages_Surp:        0\u000aHugepagesize:       2048 kB\u000aDirectMap4k:       21504 kB\u000aDirectMap2M:     1740800 kB\u000a
p176
ssVstatus_key
p177
Vpywren.jobs/8df9cc45-9560-4f8f-a4ec-1d87d02d8ac4/00003/status.json
p178
sVend_time
p179
F1609152054.961308
sVlog_group_name
p180
V/aws/lambda/pywren_redis_2
p181
sVdata_key
p182
Vpywren.jobs/8df9cc45-9560-4f8f-a4ec-1d87d02d8ac4/aggdata.pickle
p183
sa(dp184
Vcallset_id
p185
V8df9cc45-9560-4f8f-a4ec-1d87d02d8ac4
p186
sVlog_stream_name
p187
V2020/12/28/[$LATEST]6579644e81e24759a82332cd5bb49415
p188
sVstdout
p189
V
sVfunc_key
p190
Vpywren.jobs/8df9cc45-9560-4f8f-a4ec-1d87d02d8ac4/func.pickle
p191
sVfree_disk_bytes
p192
I538333184
sVruntime_cached
p193
I00
sVretcode
p194
I0
sVcall_id
p195
V00004
p196
sVoutput_key
p197
Vpywren.jobs/8df9cc45-9560-4f8f-a4ec-1d87d02d8ac4/00004/output.pickle
p198
sVruntime_s3_key_used
p199
V0435e6-pywren.runtimes/default_2.7.tar.gz.0047
p200
sVaws_request_id
p201
Va540b0ab-715e-4942-bd8b-1edd8add4181
p202
sVexec_time
p203
F72.342479944229126
sVstart_time
p204
F1609151982.9227159
sVsetup_time
p205
F6.9138481616973877
sVruntime_s3_bucket_used
p206
Vpywren-runtimes-public-us-west-2
p207
sVexception
p208
NsVhost_submit_time
p209
F1609151982.2396159
sVserver_info
p210
(dp211
Vuname
p212
V('Linux', '169.254.72.149', '4.14.203-112.332.amzn2.x86_64', '#1 SMP Wed Nov 4 20:46:34 UTC 2020', 'x86_64', 'x86_64')
p213
sV/proc/self/cgroup
p214
VMemTotal:        1717184 kB\u000aMemFree:         1122100 kB\u000aMemAvailable:    1486548 kB\u000aBuffers:           17188 kB\u000aCached:           461456 kB\u000aSwapCached:            0 kB\u000aActive:            93640 kB\u000aInactive:         445672 kB\u000aActive(anon):      60660 kB\u000aInactive(anon):      216 kB\u000aActive(file):      32980 kB\u000aInactive(file):   445456 kB\u000aUnevictable:           0 kB\u000aMlocked:               0 kB\u000aSwapTotal:             0 kB\u000aSwapFree:              0 kB\u000aDirty:               224 kB\u000aWriteback:             0 kB\u000aAnonPages:         60656 kB\u000aMapped:            35116 kB\u000aShmem:               220 kB\u000aSlab:              43288 kB\u000aSReclaimable:      33040 kB\u000aSUnreclaim:        10248 kB\u000aKernelStack:        1152 kB\u000aPageTables:         1332 kB\u000aNFS_Unstable:          0 kB\u000aBounce:                0 kB\u000aWritebackTmp:          0 kB\u000aCommitLimit:      858592 kB\u000aCommitted_AS:     251700 kB\u000aVmallocTotal:   34359738367 kB\u000aVmallocUsed:           0 kB\u000aVmallocChunk:          0 kB\u000aAnonHugePages:         0 kB\u000aShmemHugePages:        0 kB\u000aShmemPmdMapped:        0 kB\u000aHugePages_Total:       0\u000aHugePages_Free:        0\u000aHugePages_Rsvd:        0\u000aHugePages_Surp:        0\u000aHugepagesize:       2048 kB\u000aDirectMap4k:       21504 kB\u000aDirectMap2M:     1740800 kB\u000a
p215
sV/proc/cgroups
p216
V#subsys_name	hierarchy	num_cgroups	enabled\u000acpuset	8	1	1\u000acpu	4	5	1\u000acpuacct	4	5	1\u000ablkio	2	1	1\u000amemory	10	5	1\u000adevices	7	1	1\u000afreezer	9	2	1\u000anet_cls	5	1	1\u000aperf_event	6	1	1\u000anet_prio	5	1	1\u000ahugetlb	3	1	1\u000apids	11	1	1\u000a
p217
sV/proc/cpuinfo
p218
Vprocessor	: 0\u000avendor_id	: GenuineIntel\u000acpu family	: 6\u000amodel		: 63\u000amodel name	: Intel(R) Xeon(R) Processor @ 2.50GHz\u000astepping	: 2\u000amicrocode	: 0x1\u000acpu MHz		: 2500.014\u000acache size	: 36608 KB\u000aphysical id	: 0\u000asiblings	: 2\u000acore id		: 0\u000acpu cores	: 2\u000aapicid		: 0\u000ainitial apicid	: 0\u000afpu		: yes\u000afpu_exception	: yes\u000acpuid level	: 13\u000awp		: yes\u000aflags		: fpu vme de pse tsc msr pae mce cx8 apic sep mtrr pge mca cmov pat pse36 clflush mmx fxsr sse sse2 ht syscall nx rdtscp lm constant_tsc rep_good nopl xtopology nonstop_tsc cpuid tsc_known_freq pni pclmulqdq ssse3 fma cx16 pcid sse4_1 sse4_2 x2apic movbe popcnt tsc_deadline_timer aes xsave avx f16c rdrand hypervisor lahf_lm abm cpuid_fault invpcid_single ssbd ibrs ibpb stibp ibrs_enhanced fsgsbase tsc_adjust bmi1 avx2 smep bmi2 erms invpcid smap xsaveopt arat md_clear arch_capabilities\u000abugs		: spectre_v1 spectre_v2 spec_store_bypass swapgs\u000abogomips	: 5000.02\u000aclflush size	: 64\u000acache_alignment	: 64\u000aaddress sizes	: 46 bits physical, 48 bits virtual\u000apower management:\u000a\u000aprocessor	: 1\u000avendor_id	: GenuineIntel\u000acpu family	: 6\u000amodel		: 63\u000amodel name	: Intel(R) Xeon(R) Processor @ 2.50GHz\u000astepping	: 2\u000amicrocode	: 0x1\u000acpu MHz		: 2500.014\u000acache size	: 36608 KB\u000aphysical id	: 0\u000asiblings	: 2\u000acore id		: 1\u000acpu cores	: 2\u000aapicid		: 1\u000ainitial apicid	: 1\u000afpu		: yes\u000afpu_exception	: yes\u000acpuid level	: 13\u000awp		: yes\u000aflags		: fpu vme de pse tsc msr pae mce cx8 apic sep mtrr pge mca cmov pat pse36 clflush mmx fxsr sse sse2 ht syscall nx rdtscp lm constant_tsc rep_good nopl xtopology nonstop_tsc cpuid tsc_known_freq pni pclmulqdq ssse3 fma cx16 pcid sse4_1 sse4_2 x2apic movbe popcnt tsc_deadline_timer aes xsave avx f16c rdrand hypervisor lahf_lm abm cpuid_fault invpcid_single ssbd ibrs ibpb stibp ibrs_enhanced fsgsbase tsc_adjust bmi1 avx2 smep bmi2 erms invpcid smap xsaveopt arat md_clear arch_capabilities\u000abugs		: spectre_v1 spectre_v2 spec_store_bypass swapgs\u000abogomips	: 5000.02\u000aclflush size	: 64\u000acache_alignment	: 64\u000aaddress sizes	: 46 bits physical, 48 bits virtual\u000apower management:\u000a\u000a
p219
sV/proc/meminfo
p220
VMemTotal:        1717184 kB\u000aMemFree:         1122100 kB\u000aMemAvailable:    1486548 kB\u000aBuffers:           17188 kB\u000aCached:           461456 kB\u000aSwapCached:            0 kB\u000aActive:            93640 kB\u000aInactive:         445672 kB\u000aActive(anon):      60660 kB\u000aInactive(anon):      216 kB\u000aActive(file):      32980 kB\u000aInactive(file):   445456 kB\u000aUnevictable:           0 kB\u000aMlocked:               0 kB\u000aSwapTotal:             0 kB\u000aSwapFree:              0 kB\u000aDirty:               224 kB\u000aWriteback:             0 kB\u000aAnonPages:         60656 kB\u000aMapped:            35116 kB\u000aShmem:               220 kB\u000aSlab:              43288 kB\u000aSReclaimable:      33040 kB\u000aSUnreclaim:        10248 kB\u000aKernelStack:        1152 kB\u000aPageTables:         1332 kB\u000aNFS_Unstable:          0 kB\u000aBounce:                0 kB\u000aWritebackTmp:          0 kB\u000aCommitLimit:      858592 kB\u000aCommitted_AS:     251700 kB\u000aVmallocTotal:   34359738367 kB\u000aVmallocUsed:           0 kB\u000aVmallocChunk:          0 kB\u000aAnonHugePages:         0 kB\u000aShmemHugePages:        0 kB\u000aShmemPmdMapped:        0 kB\u000aHugePages_Total:       0\u000aHugePages_Free:        0\u000aHugePages_Rsvd:        0\u000aHugePages_Surp:        0\u000aHugepagesize:       2048 kB\u000aDirectMap4k:       21504 kB\u000aDirectMap2M:     1740800 kB\u000a
p221
ssVstatus_key
p222
Vpywren.jobs/8df9cc45-9560-4f8f-a4ec-1d87d02d8ac4/00004/status.json
p223
sVend_time
p224
F1609152062.179038
sVlog_group_name
p225
V/aws/lambda/pywren_redis_2
p226
sVdata_key
p227
Vpywren.jobs/8df9cc45-9560-4f8f-a4ec-1d87d02d8ac4/aggdata.pickle
p228
sa(dp229
Vcallset_id
p230
V8df9cc45-9560-4f8f-a4ec-1d87d02d8ac4
p231
sVlog_stream_name
p232
V2020/12/28/[$LATEST]4a179e11fc664e7aaf5bad53cbe5e553
p233
sVstdout
p234
V
sVfunc_key
p235
Vpywren.jobs/8df9cc45-9560-4f8f-a4ec-1d87d02d8ac4/func.pickle
p236
sVfree_disk_bytes
p237
I538333184
sVruntime_cached
p238
I00
sVretcode
p239
I0
sVcall_id
p240
V00005
p241
sVoutput_key
p242
Vpywren.jobs/8df9cc45-9560-4f8f-a4ec-1d87d02d8ac4/00005/output.pickle
p243
sVruntime_s3_key_used
p244
V4a1b0c-pywren.runtimes/default_2.7.tar.gz.0092
p245
sVaws_request_id
p246
V1cd14125-aaf2-49a9-8a38-e43b4818bd77
p247
sVexec_time
p248
F66.369971990585327
sVstart_time
p249
F1609151982.993674
sVsetup_time
p250
F7.185075044631958
sVruntime_s3_bucket_used
p251
Vpywren-runtimes-public-us-west-2
p252
sVexception
p253
NsVhost_submit_time
p254
F1609151982.246294
sVserver_info
p255
(dp256
Vuname
p257
V('Linux', '169.254.23.21', '4.14.203-112.332.amzn2.x86_64', '#1 SMP Wed Nov 4 20:46:34 UTC 2020', 'x86_64', 'x86_64')
p258
sV/proc/self/cgroup
p259
VMemTotal:        1717184 kB\u000aMemFree:         1117756 kB\u000aMemAvailable:    1486132 kB\u000aBuffers:           17924 kB\u000aCached:           464660 kB\u000aSwapCached:            0 kB\u000aActive:            95664 kB\u000aInactive:         448092 kB\u000aActive(anon):      61164 kB\u000aInactive(anon):      216 kB\u000aActive(file):      34500 kB\u000aInactive(file):   447876 kB\u000aUnevictable:           0 kB\u000aMlocked:               0 kB\u000aSwapTotal:             0 kB\u000aSwapFree:              0 kB\u000aDirty:               136 kB\u000aWriteback:             0 kB\u000aAnonPages:         61076 kB\u000aMapped:            35168 kB\u000aShmem:               220 kB\u000aSlab:              43264 kB\u000aSReclaimable:      33016 kB\u000aSUnreclaim:        10248 kB\u000aKernelStack:        1160 kB\u000aPageTables:         1304 kB\u000aNFS_Unstable:          0 kB\u000aBounce:                0 kB\u000aWritebackTmp:          0 kB\u000aCommitLimit:      858592 kB\u000aCommitted_AS:     253740 kB\u000aVmallocTotal:   34359738367 kB\u000aVmallocUsed:           0 kB\u000aVmallocChunk:          0 kB\u000aAnonHugePages:         0 kB\u000aShmemHugePages:        0 kB\u000aShmemPmdMapped:        0 kB\u000aHugePages_Total:       0\u000aHugePages_Free:        0\u000aHugePages_Rsvd:        0\u000aHugePages_Surp:        0\u000aHugepagesize:       2048 kB\u000aDirectMap4k:       21504 kB\u000aDirectMap2M:     1740800 kB\u000a
p260
sV/proc/cgroups
p261
V#subsys_name	hierarchy	num_cgroups	enabled\u000acpuset	4	1	1\u000acpu	9	5	1\u000acpuacct	9	5	1\u000ablkio	2	1	1\u000amemory	11	5	1\u000adevices	7	1	1\u000afreezer	6	2	1\u000anet_cls	3	1	1\u000aperf_event	5	1	1\u000anet_prio	3	1	1\u000ahugetlb	10	1	1\u000apids	8	1	1\u000a
p262
sV/proc/cpuinfo
p263
Vprocessor	: 0\u000avendor_id	: GenuineIntel\u000acpu family	: 6\u000amodel		: 63\u000amodel name	: Intel(R) Xeon(R) Processor @ 2.50GHz\u000astepping	: 2\u000amicrocode	: 0x1\u000acpu MHz		: 2500.014\u000acache size	: 33792 KB\u000aphysical id	: 0\u000asiblings	: 2\u000acore id		: 0\u000acpu cores	: 2\u000aapicid		: 0\u000ainitial apicid	: 0\u000afpu		: yes\u000afpu_exception	: yes\u000acpuid level	: 13\u000awp		: yes\u000aflags		: fpu vme de pse tsc msr pae mce cx8 apic sep mtrr pge mca cmov pat pse36 clflush mmx fxsr sse sse2 ht syscall nx rdtscp lm constant_tsc rep_good nopl xtopology nonstop_tsc cpuid tsc_known_freq pni pclmulqdq ssse3 fma cx16 pcid sse4_1 sse4_2 x2apic movbe popcnt tsc_deadline_timer aes xsave avx f16c rdrand hypervisor lahf_lm abm cpuid_fault invpcid_single pti ssbd ibrs ibpb stibp fsgsbase tsc_adjust bmi1 avx2 smep bmi2 erms invpcid smap xsaveopt arat md_clear arch_capabilities\u000abugs		: cpu_meltdown spectre_v1 spectre_v2 spec_store_bypass l1tf mds swapgs\u000abogomips	: 5000.02\u000aclflush size	: 64\u000acache_alignment	: 64\u000aaddress sizes	: 46 bits physical, 48 bits virtual\u000apower management:\u000a\u000aprocessor	: 1\u000avendor_id	: GenuineIntel\u000acpu family	: 6\u000amodel		: 63\u000amodel name	: Intel(R) Xeon(R) Processor @ 2.50GHz\u000astepping	: 2\u000amicrocode	: 0x1\u000acpu MHz		: 2500.014\u000acache size	: 33792 KB\u000aphysical id	: 0\u000asiblings	: 2\u000acore id		: 1\u000acpu cores	: 2\u000aapicid		: 1\u000ainitial apicid	: 1\u000afpu		: yes\u000afpu_exception	: yes\u000acpuid level	: 13\u000awp		: yes\u000aflags		: fpu vme de pse tsc msr pae mce cx8 apic sep mtrr pge mca cmov pat pse36 clflush mmx fxsr sse sse2 ht syscall nx rdtscp lm constant_tsc rep_good nopl xtopology nonstop_tsc cpuid tsc_known_freq pni pclmulqdq ssse3 fma cx16 pcid sse4_1 sse4_2 x2apic movbe popcnt tsc_deadline_timer aes xsave avx f16c rdrand hypervisor lahf_lm abm cpuid_fault invpcid_single pti ssbd ibrs ibpb stibp fsgsbase tsc_adjust bmi1 avx2 smep bmi2 erms invpcid smap xsaveopt arat md_clear arch_capabilities\u000abugs		: cpu_meltdown spectre_v1 spectre_v2 spec_store_bypass l1tf mds swapgs\u000abogomips	: 5000.02\u000aclflush size	: 64\u000acache_alignment	: 64\u000aaddress sizes	: 46 bits physical, 48 bits virtual\u000apower management:\u000a\u000a
p264
sV/proc/meminfo
p265
VMemTotal:        1717184 kB\u000aMemFree:         1117756 kB\u000aMemAvailable:    1486132 kB\u000aBuffers:           17924 kB\u000aCached:           464660 kB\u000aSwapCached:            0 kB\u000aActive:            95664 kB\u000aInactive:         448092 kB\u000aActive(anon):      61164 kB\u000aInactive(anon):      216 kB\u000aActive(file):      34500 kB\u000aInactive(file):   447876 kB\u000aUnevictable:           0 kB\u000aMlocked:               0 kB\u000aSwapTotal:             0 kB\u000aSwapFree:              0 kB\u000aDirty:               136 kB\u000aWriteback:             0 kB\u000aAnonPages:         61076 kB\u000aMapped:            35168 kB\u000aShmem:               220 kB\u000aSlab:              43264 kB\u000aSReclaimable:      33016 kB\u000aSUnreclaim:        10248 kB\u000aKernelStack:        1160 kB\u000aPageTables:         1304 kB\u000aNFS_Unstable:          0 kB\u000aBounce:                0 kB\u000aWritebackTmp:          0 kB\u000aCommitLimit:      858592 kB\u000aCommitted_AS:     253740 kB\u000aVmallocTotal:   34359738367 kB\u000aVmallocUsed:           0 kB\u000aVmallocChunk:          0 kB\u000aAnonHugePages:         0 kB\u000aShmemHugePages:        0 kB\u000aShmemPmdMapped:        0 kB\u000aHugePages_Total:       0\u000aHugePages_Free:        0\u000aHugePages_Rsvd:        0\u000aHugePages_Surp:        0\u000aHugepagesize:       2048 kB\u000aDirectMap4k:       21504 kB\u000aDirectMap2M:     1740800 kB\u000a
p266
ssVstatus_key
p267
Vpywren.jobs/8df9cc45-9560-4f8f-a4ec-1d87d02d8ac4/00005/status.json
p268
sVend_time
p269
F1609152056.5487151
sVlog_group_name
p270
V/aws/lambda/pywren_redis_2
p271
sVdata_key
p272
Vpywren.jobs/8df9cc45-9560-4f8f-a4ec-1d87d02d8ac4/aggdata.pickle
p273
sa(dp274
Vcallset_id
p275
V8df9cc45-9560-4f8f-a4ec-1d87d02d8ac4
p276
sVlog_stream_name
p277
V2020/12/28/[$LATEST]8e6f408ff8754e09b6e28d308dca6ca2
p278
sVstdout
p279
V
sVfunc_key
p280
Vpywren.jobs/8df9cc45-9560-4f8f-a4ec-1d87d02d8ac4/func.pickle
p281
sVfree_disk_bytes
p282
I538333184
sVruntime_cached
p283
I00
sVretcode
p284
I0
sVcall_id
p285
V00006
p286
sVoutput_key
p287
Vpywren.jobs/8df9cc45-9560-4f8f-a4ec-1d87d02d8ac4/00006/output.pickle
p288
sVruntime_s3_key_used
p289
Vb96969-pywren.runtimes/default_2.7.tar.gz.0093
p290
sVaws_request_id
p291
V9026f1a5-7c8d-4713-b975-e232730ef8fc
p292
sVexec_time
p293
F80.735007047653198
sVstart_time
p294
F1609151983.0074711
sVsetup_time
p295
F6.8762259483337402
sVruntime_s3_bucket_used
p296
Vpywren-runtimes-public-us-west-2
p297
sVexception
p298
NsVhost_submit_time
p299
F1609151982.254158
sVserver_info
p300
(dp301
Vuname
p302
V('Linux', '169.254.116.237', '4.14.203-112.332.amzn2.x86_64', '#1 SMP Wed Nov 4 20:46:34 UTC 2020', 'x86_64', 'x86_64')
p303
sV/proc/self/cgroup
p304
VMemTotal:        1717184 kB\u000aMemFree:         1122532 kB\u000aMemAvailable:    1486684 kB\u000aBuffers:           16972 kB\u000aCached:           461448 kB\u000aSwapCached:            0 kB\u000aActive:            93332 kB\u000aInactive:         445772 kB\u000aActive(anon):      60676 kB\u000aInactive(anon):      212 kB\u000aActive(file):      32656 kB\u000aInactive(file):   445560 kB\u000aUnevictable:           0 kB\u000aMlocked:               0 kB\u000aSwapTotal:             0 kB\u000aSwapFree:              0 kB\u000aDirty:                 4 kB\u000aWriteback:             0 kB\u000aAnonPages:         60676 kB\u000aMapped:            35044 kB\u000aShmem:               220 kB\u000aSlab:              43096 kB\u000aSReclaimable:      32884 kB\u000aSUnreclaim:        10212 kB\u000aKernelStack:        1152 kB\u000aPageTables:         1344 kB\u000aNFS_Unstable:          0 kB\u000aBounce:                0 kB\u000aWritebackTmp:          0 kB\u000aCommitLimit:      858592 kB\u000aCommitted_AS:     253704 kB\u000aVmallocTotal:   34359738367 kB\u000aVmallocUsed:           0 kB\u000aVmallocChunk:          0 kB\u000aAnonHugePages:         0 kB\u000aShmemHugePages:        0 kB\u000aShmemPmdMapped:        0 kB\u000aHugePages_Total:       0\u000aHugePages_Free:        0\u000aHugePages_Rsvd:        0\u000aHugePages_Surp:        0\u000aHugepagesize:       2048 kB\u000aDirectMap4k:       25600 kB\u000aDirectMap2M:     1736704 kB\u000a
p305
sV/proc/cgroups
p306
V#subsys_name	hierarchy	num_cgroups	enabled\u000acpuset	3	1	1\u000acpu	8	5	1\u000acpuacct	8	5	1\u000ablkio	11	1	1\u000amemory	9	5	1\u000adevices	7	1	1\u000afreezer	5	2	1\u000anet_cls	2	1	1\u000aperf_event	10	1	1\u000anet_prio	2	1	1\u000ahugetlb	6	1	1\u000apids	4	1	1\u000a
p307
sV/proc/cpuinfo
p308
Vprocessor	: 0\u000avendor_id	: GenuineIntel\u000acpu family	: 6\u000amodel		: 63\u000amodel name	: Intel(R) Xeon(R) Processor @ 2.50GHz\u000astepping	: 2\u000amicrocode	: 0x1\u000acpu MHz		: 2500.006\u000acache size	: 36608 KB\u000aphysical id	: 0\u000asiblings	: 2\u000acore id		: 0\u000acpu cores	: 2\u000aapicid		: 0\u000ainitial apicid	: 0\u000afpu		: yes\u000afpu_exception	: yes\u000acpuid level	: 13\u000awp		: yes\u000aflags		: fpu vme de pse tsc msr pae mce cx8 apic sep mtrr pge mca cmov pat pse36 clflush mmx fxsr sse sse2 ht syscall nx rdtscp lm constant_tsc rep_good nopl xtopology nonstop_tsc cpuid tsc_known_freq pni pclmulqdq ssse3 fma cx16 pcid sse4_1 sse4_2 x2apic movbe popcnt tsc_deadline_timer aes xsave avx f16c rdrand hypervisor lahf_lm abm cpuid_fault invpcid_single ssbd ibrs ibpb stibp ibrs_enhanced fsgsbase tsc_adjust bmi1 avx2 smep bmi2 erms invpcid smap xsaveopt arat md_clear arch_capabilities\u000abugs		: spectre_v1 spectre_v2 spec_store_bypass swapgs\u000abogomips	: 5000.01\u000aclflush size	: 64\u000acache_alignment	: 64\u000aaddress sizes	: 46 bits physical, 48 bits virtual\u000apower management:\u000a\u000aprocessor	: 1\u000avendor_id	: GenuineIntel\u000acpu family	: 6\u000amodel		: 63\u000amodel name	: Intel(R) Xeon(R) Processor @ 2.50GHz\u000astepping	: 2\u000amicrocode	: 0x1\u000acpu MHz		: 2500.006\u000acache size	: 36608 KB\u000aphysical id	: 0\u000asiblings	: 2\u000acore id		: 1\u000acpu cores	: 2\u000aapicid		: 1\u000ainitial apicid	: 1\u000afpu		: yes\u000afpu_exception	: yes\u000acpuid level	: 13\u000awp		: yes\u000aflags		: fpu vme de pse tsc msr pae mce cx8 apic sep mtrr pge mca cmov pat pse36 clflush mmx fxsr sse sse2 ht syscall nx rdtscp lm constant_tsc rep_good nopl xtopology nonstop_tsc cpuid tsc_known_freq pni pclmulqdq ssse3 fma cx16 pcid sse4_1 sse4_2 x2apic movbe popcnt tsc_deadline_timer aes xsave avx f16c rdrand hypervisor lahf_lm abm cpuid_fault invpcid_single ssbd ibrs ibpb stibp ibrs_enhanced fsgsbase tsc_adjust bmi1 avx2 smep bmi2 erms invpcid smap xsaveopt arat md_clear arch_capabilities\u000abugs		: spectre_v1 spectre_v2 spec_store_bypass swapgs\u000abogomips	: 5000.01\u000aclflush size	: 64\u000acache_alignment	: 64\u000aaddress sizes	: 46 bits physical, 48 bits virtual\u000apower management:\u000a\u000a
p309
sV/proc/meminfo
p310
VMemTotal:        1717184 kB\u000aMemFree:         1122532 kB\u000aMemAvailable:    1486684 kB\u000aBuffers:           16972 kB\u000aCached:           461448 kB\u000aSwapCached:            0 kB\u000aActive:            93332 kB\u000aInactive:         445772 kB\u000aActive(anon):      60676 kB\u000aInactive(anon):      212 kB\u000aActive(file):      32656 kB\u000aInactive(file):   445560 kB\u000aUnevictable:           0 kB\u000aMlocked:               0 kB\u000aSwapTotal:             0 kB\u000aSwapFree:              0 kB\u000aDirty:                 4 kB\u000aWriteback:             0 kB\u000aAnonPages:         60676 kB\u000aMapped:            35044 kB\u000aShmem:               220 kB\u000aSlab:              43096 kB\u000aSReclaimable:      32884 kB\u000aSUnreclaim:        10212 kB\u000aKernelStack:        1152 kB\u000aPageTables:         1344 kB\u000aNFS_Unstable:          0 kB\u000aBounce:                0 kB\u000aWritebackTmp:          0 kB\u000aCommitLimit:      858592 kB\u000aCommitted_AS:     253704 kB\u000aVmallocTotal:   34359738367 kB\u000aVmallocUsed:           0 kB\u000aVmallocChunk:          0 kB\u000aAnonHugePages:         0 kB\u000aShmemHugePages:        0 kB\u000aShmemPmdMapped:        0 kB\u000aHugePages_Total:       0\u000aHugePages_Free:        0\u000aHugePages_Rsvd:        0\u000aHugePages_Surp:        0\u000aHugepagesize:       2048 kB\u000aDirectMap4k:       25600 kB\u000aDirectMap2M:     1736704 kB\u000a
p311
ssVstatus_key
p312
Vpywren.jobs/8df9cc45-9560-4f8f-a4ec-1d87d02d8ac4/00006/status.json
p313
sVend_time
p314
F1609152070.6186991
sVlog_group_name
p315
V/aws/lambda/pywren_redis_2
p316
sVdata_key
p317
Vpywren.jobs/8df9cc45-9560-4f8f-a4ec-1d87d02d8ac4/aggdata.pickle
p318
sa(dp319
Vcallset_id
p320
V8df9cc45-9560-4f8f-a4ec-1d87d02d8ac4
p321
sVlog_stream_name
p322
V2020/12/28/[$LATEST]8f3bbb9499bf4befab4aca6e3e0a74f3
p323
sVstdout
p324
V
sVfunc_key
p325
Vpywren.jobs/8df9cc45-9560-4f8f-a4ec-1d87d02d8ac4/func.pickle
p326
sVfree_disk_bytes
p327
I538333184
sVruntime_cached
p328
I00
sVretcode
p329
I0
sVcall_id
p330
V00007
p331
sVoutput_key
p332
Vpywren.jobs/8df9cc45-9560-4f8f-a4ec-1d87d02d8ac4/00007/output.pickle
p333
sVruntime_s3_key_used
p334
V1238dc-pywren.runtimes/default_2.7.tar.gz.0023
p335
sVaws_request_id
p336
V86680f48-cdec-4b72-8f8f-658c4fff5219
p337
sVexec_time
p338
F64.484119892120361
sVstart_time
p339
F1609151982.9762399
sVsetup_time
p340
F6.937960147857666
sVruntime_s3_bucket_used
p341
Vpywren-runtimes-public-us-west-2
p342
sVexception
p343
NsVhost_submit_time
p344
F1609151982.2599411
sVserver_info
p345
(dp346
Vuname
p347
V('Linux', '169.254.199.237', '4.14.203-112.332.amzn2.x86_64', '#1 SMP Wed Nov 4 20:46:34 UTC 2020', 'x86_64', 'x86_64')
p348
sV/proc/self/cgroup
p349
VMemTotal:        1717184 kB\u000aMemFree:         1118596 kB\u000aMemAvailable:    1485612 kB\u000aBuffers:           17228 kB\u000aCached:           463984 kB\u000aSwapCached:            0 kB\u000aActive:            94368 kB\u000aInactive:         448104 kB\u000aActive(anon):      61244 kB\u000aInactive(anon):      216 kB\u000aActive(file):      33124 kB\u000aInactive(file):   447888 kB\u000aUnevictable:           0 kB\u000aMlocked:               0 kB\u000aSwapTotal:             0 kB\u000aSwapFree:              0 kB\u000aDirty:               152 kB\u000aWriteback:             0 kB\u000aAnonPages:         61288 kB\u000aMapped:            34696 kB\u000aShmem:               220 kB\u000aSlab:              43692 kB\u000aSReclaimable:      33020 kB\u000aSUnreclaim:        10672 kB\u000aKernelStack:        1168 kB\u000aPageTables:         1396 kB\u000aNFS_Unstable:          0 kB\u000aBounce:                0 kB\u000aWritebackTmp:          0 kB\u000aCommitLimit:      858592 kB\u000aCommitted_AS:     252832 kB\u000aVmallocTotal:   34359738367 kB\u000aVmallocUsed:           0 kB\u000aVmallocChunk:          0 kB\u000aAnonHugePages:         0 kB\u000aShmemHugePages:        0 kB\u000aShmemPmdMapped:        0 kB\u000aHugePages_Total:       0\u000aHugePages_Free:        0\u000aHugePages_Rsvd:        0\u000aHugePages_Surp:        0\u000aHugepagesize:       2048 kB\u000aDirectMap4k:       19456 kB\u000aDirectMap2M:     1742848 kB\u000a
p350
sV/proc/cgroups
p351
V#subsys_name	hierarchy	num_cgroups	enabled\u000acpuset	7	1	1\u000acpu	10	5	1\u000acpuacct	10	5	1\u000ablkio	6	1	1\u000amemory	3	5	1\u000adevices	5	1	1\u000afreezer	4	2	1\u000anet_cls	8	1	1\u000aperf_event	9	1	1\u000anet_prio	8	1	1\u000ahugetlb	2	1	1\u000apids	11	1	1\u000a
p352
sV/proc/cpuinfo
p353
Vprocessor	: 0\u000avendor_id	: GenuineIntel\u000acpu family	: 6\u000amodel		: 63\u000amodel name	: Intel(R) Xeon(R) Processor @ 2.50GHz\u000astepping	: 2\u000amicrocode	: 0x1\u000acpu MHz		: 2500.012\u000acache size	: 36608 KB\u000aphysical id	: 0\u000asiblings	: 2\u000acore id		: 0\u000acpu cores	: 2\u000aapicid		: 0\u000ainitial apicid	: 0\u000afpu		: yes\u000afpu_exception	: yes\u000acpuid level	: 13\u000awp		: yes\u000aflags		: fpu vme de pse tsc msr pae mce cx8 apic sep mtrr pge mca cmov pat pse36 clflush mmx fxsr sse sse2 ht syscall nx rdtscp lm constant_tsc rep_good nopl xtopology nonstop_tsc cpuid tsc_known_freq pni pclmulqdq ssse3 fma cx16 pcid sse4_1 sse4_2 x2apic movbe popcnt tsc_deadline_timer aes xsave avx f16c rdrand hypervisor lahf_lm abm cpuid_fault invpcid_single ssbd ibrs ibpb stibp ibrs_enhanced fsgsbase tsc_adjust bmi1 avx2 smep bmi2 erms invpcid smap xsaveopt arat md_clear arch_capabilities\u000abugs		: spectre_v1 spectre_v2 spec_store_bypass swapgs\u000abogomips	: 5000.02\u000aclflush size	: 64\u000acache_alignment	: 64\u000aaddress sizes	: 46 bits physical, 48 bits virtual\u000apower management:\u000a\u000aprocessor	: 1\u000avendor_id	: GenuineIntel\u000acpu family	: 6\u000amodel		: 63\u000amodel name	: Intel(R) Xeon(R) Processor @ 2.50GHz\u000astepping	: 2\u000amicrocode	: 0x1\u000acpu MHz		: 2500.012\u000acache size	: 36608 KB\u000aphysical id	: 0\u000asiblings	: 2\u000acore id		: 1\u000acpu cores	: 2\u000aapicid		: 1\u000ainitial apicid	: 1\u000afpu		: yes\u000afpu_exception	: yes\u000acpuid level	: 13\u000awp		: yes\u000aflags		: fpu vme de pse tsc msr pae mce cx8 apic sep mtrr pge mca cmov pat pse36 clflush mmx fxsr sse sse2 ht syscall nx rdtscp lm constant_tsc rep_good nopl xtopology nonstop_tsc cpuid tsc_known_freq pni pclmulqdq ssse3 fma cx16 pcid sse4_1 sse4_2 x2apic movbe popcnt tsc_deadline_timer aes xsave avx f16c rdrand hypervisor lahf_lm abm cpuid_fault invpcid_single ssbd ibrs ibpb stibp ibrs_enhanced fsgsbase tsc_adjust bmi1 avx2 smep bmi2 erms invpcid smap xsaveopt arat md_clear arch_capabilities\u000abugs		: spectre_v1 spectre_v2 spec_store_bypass swapgs\u000abogomips	: 5000.02\u000aclflush size	: 64\u000acache_alignment	: 64\u000aaddress sizes	: 46 bits physical, 48 bits virtual\u000apower management:\u000a\u000a
p354
sV/proc/meminfo
p355
VMemTotal:        1717184 kB\u000aMemFree:         1118596 kB\u000aMemAvailable:    1485612 kB\u000aBuffers:           17228 kB\u000aCached:           463984 kB\u000aSwapCached:            0 kB\u000aActive:            94368 kB\u000aInactive:         448104 kB\u000aActive(anon):      61244 kB\u000aInactive(anon):      216 kB\u000aActive(file):      33124 kB\u000aInactive(file):   447888 kB\u000aUnevictable:           0 kB\u000aMlocked:               0 kB\u000aSwapTotal:             0 kB\u000aSwapFree:              0 kB\u000aDirty:               152 kB\u000aWriteback:             0 kB\u000aAnonPages:         61288 kB\u000aMapped:            34696 kB\u000aShmem:               220 kB\u000aSlab:              43692 kB\u000aSReclaimable:      33020 kB\u000aSUnreclaim:        10672 kB\u000aKernelStack:        1168 kB\u000aPageTables:         1396 kB\u000aNFS_Unstable:          0 kB\u000aBounce:                0 kB\u000aWritebackTmp:          0 kB\u000aCommitLimit:      858592 kB\u000aCommitted_AS:     252832 kB\u000aVmallocTotal:   34359738367 kB\u000aVmallocUsed:           0 kB\u000aVmallocChunk:          0 kB\u000aAnonHugePages:         0 kB\u000aShmemHugePages:        0 kB\u000aShmemPmdMapped:        0 kB\u000aHugePages_Total:       0\u000aHugePages_Free:        0\u000aHugePages_Rsvd:        0\u000aHugePages_Surp:        0\u000aHugepagesize:       2048 kB\u000aDirectMap4k:       19456 kB\u000aDirectMap2M:     1742848 kB\u000a
p356
ssVstatus_key
p357
Vpywren.jobs/8df9cc45-9560-4f8f-a4ec-1d87d02d8ac4/00007/status.json
p358
sVend_time
p359
F1609152054.398314
sVlog_group_name
p360
V/aws/lambda/pywren_redis_2
p361
sVdata_key
p362
Vpywren.jobs/8df9cc45-9560-4f8f-a4ec-1d87d02d8ac4/aggdata.pickle
p363
sa(dp364
Vcallset_id
p365
V8df9cc45-9560-4f8f-a4ec-1d87d02d8ac4
p366
sVlog_stream_name
p367
V2020/12/28/[$LATEST]f243498744324df5b9156661430cdce1
p368
sVstdout
p369
V
sVfunc_key
p370
Vpywren.jobs/8df9cc45-9560-4f8f-a4ec-1d87d02d8ac4/func.pickle
p371
sVfree_disk_bytes
p372
I538333184
sVruntime_cached
p373
I00
sVretcode
p374
I0
sVcall_id
p375
V00008
p376
sVoutput_key
p377
Vpywren.jobs/8df9cc45-9560-4f8f-a4ec-1d87d02d8ac4/00008/output.pickle
p378
sVruntime_s3_key_used
p379
V327cf3-pywren.runtimes/default_2.7.tar.gz.0031
p380
sVaws_request_id
p381
V1eb34c92-6fe8-4552-877f-3083672762ed
p382
sVexec_time
p383
F64.276952981948853
sVstart_time
p384
F1609151982.963974
sVsetup_time
p385
F6.9439809322357178
sVruntime_s3_bucket_used
p386
Vpywren-runtimes-public-us-west-2
p387
sVexception
p388
NsVhost_submit_time
p389
F1609151982.2556081
sVserver_info
p390
(dp391
Vuname
p392
V('Linux', '169.254.1.149', '4.14.203-112.332.amzn2.x86_64', '#1 SMP Wed Nov 4 20:46:34 UTC 2020', 'x86_64', 'x86_64')
p393
sV/proc/self/cgroup
p394
VMemTotal:        1717184 kB\u000aMemFree:         1123272 kB\u000aMemAvailable:    1486084 kB\u000aBuffers:           14336 kB\u000aCached:           462732 kB\u000aSwapCached:            0 kB\u000aActive:            91220 kB\u000aInactive:         446736 kB\u000aActive(anon):      60880 kB\u000aInactive(anon):      216 kB\u000aActive(file):      30340 kB\u000aInactive(file):   446520 kB\u000aUnevictable:           0 kB\u000aMlocked:               0 kB\u000aSwapTotal:             0 kB\u000aSwapFree:              0 kB\u000aDirty:               144 kB\u000aWriteback:             0 kB\u000aAnonPages:         60788 kB\u000aMapped:            34360 kB\u000aShmem:               220 kB\u000aSlab:              43432 kB\u000aSReclaimable:      32916 kB\u000aSUnreclaim:        10516 kB\u000aKernelStack:        1184 kB\u000aPageTables:         1416 kB\u000aNFS_Unstable:          0 kB\u000aBounce:                0 kB\u000aWritebackTmp:          0 kB\u000aCommitLimit:      858592 kB\u000aCommitted_AS:     251624 kB\u000aVmallocTotal:   34359738367 kB\u000aVmallocUsed:           0 kB\u000aVmallocChunk:          0 kB\u000aAnonHugePages:         0 kB\u000aShmemHugePages:        0 kB\u000aShmemPmdMapped:        0 kB\u000aHugePages_Total:       0\u000aHugePages_Free:        0\u000aHugePages_Rsvd:        0\u000aHugePages_Surp:        0\u000aHugepagesize:       2048 kB\u000aDirectMap4k:       21504 kB\u000aDirectMap2M:     1740800 kB\u000a
p395
sV/proc/cgroups
p396
V#subsys_name	hierarchy	num_cgroups	enabled\u000acpuset	2	1	1\u000acpu	3	5	1\u000acpuacct	3	5	1\u000ablkio	10	1	1\u000amemory	7	5	1\u000adevices	5	1	1\u000afreezer	9	2	1\u000anet_cls	8	1	1\u000aperf_event	4	1	1\u000anet_prio	8	1	1\u000ahugetlb	11	1	1\u000apids	6	1	1\u000a
p397
sV/proc/cpuinfo
p398
Vprocessor	: 0\u000avendor_id	: GenuineIntel\u000acpu family	: 6\u000amodel		: 63\u000amodel name	: Intel(R) Xeon(R) Processor @ 2.50GHz\u000astepping	: 2\u000amicrocode	: 0x1\u000acpu MHz		: 2500.010\u000acache size	: 33792 KB\u000aphysical id	: 0\u000asiblings	: 2\u000acore id		: 0\u000acpu cores	: 2\u000aapicid		: 0\u000ainitial apicid	: 0\u000afpu		: yes\u000afpu_exception	: yes\u000acpuid level	: 13\u000awp		: yes\u000aflags		: fpu vme de pse tsc msr pae mce cx8 apic sep mtrr pge mca cmov pat pse36 clflush mmx fxsr sse sse2 ht syscall nx rdtscp lm constant_tsc rep_good nopl xtopology nonstop_tsc cpuid tsc_known_freq pni pclmulqdq ssse3 fma cx16 pcid sse4_1 sse4_2 x2apic movbe popcnt tsc_deadline_timer aes xsave avx f16c rdrand hypervisor lahf_lm abm cpuid_fault invpcid_single pti ssbd ibrs ibpb stibp fsgsbase tsc_adjust bmi1 avx2 smep bmi2 erms invpcid smap xsaveopt arat md_clear arch_capabilities\u000abugs		: cpu_meltdown spectre_v1 spectre_v2 spec_store_bypass l1tf mds swapgs\u000abogomips	: 5000.02\u000aclflush size	: 64\u000acache_alignment	: 64\u000aaddress sizes	: 46 bits physical, 48 bits virtual\u000apower management:\u000a\u000aprocessor	: 1\u000avendor_id	: GenuineIntel\u000acpu family	: 6\u000amodel		: 63\u000amodel name	: Intel(R) Xeon(R) Processor @ 2.50GHz\u000astepping	: 2\u000amicrocode	: 0x1\u000acpu MHz		: 2500.010\u000acache size	: 33792 KB\u000aphysical id	: 0\u000asiblings	: 2\u000acore id		: 1\u000acpu cores	: 2\u000aapicid		: 1\u000ainitial apicid	: 1\u000afpu		: yes\u000afpu_exception	: yes\u000acpuid level	: 13\u000awp		: yes\u000aflags		: fpu vme de pse tsc msr pae mce cx8 apic sep mtrr pge mca cmov pat pse36 clflush mmx fxsr sse sse2 ht syscall nx rdtscp lm constant_tsc rep_good nopl xtopology nonstop_tsc cpuid tsc_known_freq pni pclmulqdq ssse3 fma cx16 pcid sse4_1 sse4_2 x2apic movbe popcnt tsc_deadline_timer aes xsave avx f16c rdrand hypervisor lahf_lm abm cpuid_fault invpcid_single pti ssbd ibrs ibpb stibp fsgsbase tsc_adjust bmi1 avx2 smep bmi2 erms invpcid smap xsaveopt arat md_clear arch_capabilities\u000abugs		: cpu_meltdown spectre_v1 spectre_v2 spec_store_bypass l1tf mds swapgs\u000abogomips	: 5000.02\u000aclflush size	: 64\u000acache_alignment	: 64\u000aaddress sizes	: 46 bits physical, 48 bits virtual\u000apower management:\u000a\u000a
p399
sV/proc/meminfo
p400
VMemTotal:        1717184 kB\u000aMemFree:         1123272 kB\u000aMemAvailable:    1486084 kB\u000aBuffers:           14336 kB\u000aCached:           462732 kB\u000aSwapCached:            0 kB\u000aActive:            91220 kB\u000aInactive:         446736 kB\u000aActive(anon):      60880 kB\u000aInactive(anon):      216 kB\u000aActive(file):      30340 kB\u000aInactive(file):   446520 kB\u000aUnevictable:           0 kB\u000aMlocked:               0 kB\u000aSwapTotal:             0 kB\u000aSwapFree:              0 kB\u000aDirty:               144 kB\u000aWriteback:             0 kB\u000aAnonPages:         60788 kB\u000aMapped:            34360 kB\u000aShmem:               220 kB\u000aSlab:              43432 kB\u000aSReclaimable:      32916 kB\u000aSUnreclaim:        10516 kB\u000aKernelStack:        1184 kB\u000aPageTables:         1416 kB\u000aNFS_Unstable:          0 kB\u000aBounce:                0 kB\u000aWritebackTmp:          0 kB\u000aCommitLimit:      858592 kB\u000aCommitted_AS:     251624 kB\u000aVmallocTotal:   34359738367 kB\u000aVmallocUsed:           0 kB\u000aVmallocChunk:          0 kB\u000aAnonHugePages:         0 kB\u000aShmemHugePages:        0 kB\u000aShmemPmdMapped:        0 kB\u000aHugePages_Total:       0\u000aHugePages_Free:        0\u000aHugePages_Rsvd:        0\u000aHugePages_Surp:        0\u000aHugepagesize:       2048 kB\u000aDirectMap4k:       21504 kB\u000aDirectMap2M:     1740800 kB\u000a
p401
ssVstatus_key
p402
Vpywren.jobs/8df9cc45-9560-4f8f-a4ec-1d87d02d8ac4/00008/status.json
p403
sVend_time
p404
F1609152054.184901
sVlog_group_name
p405
V/aws/lambda/pywren_redis_2
p406
sVdata_key
p407
Vpywren.jobs/8df9cc45-9560-4f8f-a4ec-1d87d02d8ac4/aggdata.pickle
p408
sa(dp409
Vcallset_id
p410
V8df9cc45-9560-4f8f-a4ec-1d87d02d8ac4
p411
sVlog_stream_name
p412
V2020/12/28/[$LATEST]045c7234bbe9487f81c17a58ceb4cbe0
p413
sVstdout
p414
V
sVfunc_key
p415
Vpywren.jobs/8df9cc45-9560-4f8f-a4ec-1d87d02d8ac4/func.pickle
p416
sVfree_disk_bytes
p417
I538333184
sVruntime_cached
p418
I00
sVretcode
p419
I0
sVcall_id
p420
V00009
p421
sVoutput_key
p422
Vpywren.jobs/8df9cc45-9560-4f8f-a4ec-1d87d02d8ac4/00009/output.pickle
p423
sVruntime_s3_key_used
p424
V9e6738-pywren.runtimes/default_2.7.tar.gz.0081
p425
sVaws_request_id
p426
V87e35e78-48db-4dae-b559-52b6c974b93a
p427
sVexec_time
p428
F68.39451003074646
sVstart_time
p429
F1609151983.0339839
sVsetup_time
p430
F6.9018700122833252
sVruntime_s3_bucket_used
p431
Vpywren-runtimes-public-us-west-2
p432
sVexception
p433
NsVhost_submit_time
p434
F1609151982.2669799
sVserver_info
p435
(dp436
Vuname
p437
V('Linux', '169.254.238.165', '4.14.203-112.332.amzn2.x86_64', '#1 SMP Wed Nov 4 20:46:34 UTC 2020', 'x86_64', 'x86_64')
p438
sV/proc/self/cgroup
p439
VMemTotal:        1717184 kB\u000aMemFree:         1118752 kB\u000aMemAvailable:    1485572 kB\u000aBuffers:           17532 kB\u000aCached:           463448 kB\u000aSwapCached:            0 kB\u000aActive:            94708 kB\u000aInactive:         447476 kB\u000aActive(anon):      61196 kB\u000aInactive(anon):      216 kB\u000aActive(file):      33512 kB\u000aInactive(file):   447260 kB\u000aUnevictable:           0 kB\u000aMlocked:               0 kB\u000aSwapTotal:             0 kB\u000aSwapFree:              0 kB\u000aDirty:                 4 kB\u000aWriteback:             0 kB\u000aAnonPages:         61196 kB\u000aMapped:            34880 kB\u000aShmem:               220 kB\u000aSlab:              43796 kB\u000aSReclaimable:      33112 kB\u000aSUnreclaim:        10684 kB\u000aKernelStack:        1152 kB\u000aPageTables:         1348 kB\u000aNFS_Unstable:          0 kB\u000aBounce:                0 kB\u000aWritebackTmp:          0 kB\u000aCommitLimit:      858592 kB\u000aCommitted_AS:     252876 kB\u000aVmallocTotal:   34359738367 kB\u000aVmallocUsed:           0 kB\u000aVmallocChunk:          0 kB\u000aAnonHugePages:         0 kB\u000aShmemHugePages:        0 kB\u000aShmemPmdMapped:        0 kB\u000aHugePages_Total:       0\u000aHugePages_Free:        0\u000aHugePages_Rsvd:        0\u000aHugePages_Surp:        0\u000aHugepagesize:       2048 kB\u000aDirectMap4k:       23552 kB\u000aDirectMap2M:     1738752 kB\u000a
p440
sV/proc/cgroups
p441
V#subsys_name	hierarchy	num_cgroups	enabled\u000acpuset	4	1	1\u000acpu	6	5	1\u000acpuacct	6	5	1\u000ablkio	8	1	1\u000amemory	3	5	1\u000adevices	2	1	1\u000afreezer	9	2	1\u000anet_cls	5	1	1\u000aperf_event	7	1	1\u000anet_prio	5	1	1\u000ahugetlb	11	1	1\u000apids	10	1	1\u000a
p442
sV/proc/cpuinfo
p443
Vprocessor	: 0\u000avendor_id	: GenuineIntel\u000acpu family	: 6\u000amodel		: 63\u000amodel name	: Intel(R) Xeon(R) Processor @ 2.50GHz\u000astepping	: 2\u000amicrocode	: 0x1\u000acpu MHz		: 2500.010\u000acache size	: 36608 KB\u000aphysical id	: 0\u000asiblings	: 2\u000acore id		: 0\u000acpu cores	: 2\u000aapicid		: 0\u000ainitial apicid	: 0\u000afpu		: yes\u000afpu_exception	: yes\u000acpuid level	: 13\u000awp		: yes\u000aflags		: fpu vme de pse tsc msr pae mce cx8 apic sep mtrr pge mca cmov pat pse36 clflush mmx fxsr sse sse2 ht syscall nx rdtscp lm constant_tsc rep_good nopl xtopology nonstop_tsc cpuid tsc_known_freq pni pclmulqdq ssse3 fma cx16 pcid sse4_1 sse4_2 x2apic movbe popcnt tsc_deadline_timer aes xsave avx f16c rdrand hypervisor lahf_lm abm cpuid_fault invpcid_single ssbd ibrs ibpb stibp ibrs_enhanced fsgsbase tsc_adjust bmi1 avx2 smep bmi2 erms invpcid smap xsaveopt arat md_clear arch_capabilities\u000abugs		: spectre_v1 spectre_v2 spec_store_bypass swapgs\u000abogomips	: 5000.02\u000aclflush size	: 64\u000acache_alignment	: 64\u000aaddress sizes	: 46 bits physical, 48 bits virtual\u000apower management:\u000a\u000aprocessor	: 1\u000avendor_id	: GenuineIntel\u000acpu family	: 6\u000amodel		: 63\u000amodel name	: Intel(R) Xeon(R) Processor @ 2.50GHz\u000astepping	: 2\u000amicrocode	: 0x1\u000acpu MHz		: 2500.010\u000acache size	: 36608 KB\u000aphysical id	: 0\u000asiblings	: 2\u000acore id		: 1\u000acpu cores	: 2\u000aapicid		: 1\u000ainitial apicid	: 1\u000afpu		: yes\u000afpu_exception	: yes\u000acpuid level	: 13\u000awp		: yes\u000aflags		: fpu vme de pse tsc msr pae mce cx8 apic sep mtrr pge mca cmov pat pse36 clflush mmx fxsr sse sse2 ht syscall nx rdtscp lm constant_tsc rep_good nopl xtopology nonstop_tsc cpuid tsc_known_freq pni pclmulqdq ssse3 fma cx16 pcid sse4_1 sse4_2 x2apic movbe popcnt tsc_deadline_timer aes xsave avx f16c rdrand hypervisor lahf_lm abm cpuid_fault invpcid_single ssbd ibrs ibpb stibp ibrs_enhanced fsgsbase tsc_adjust bmi1 avx2 smep bmi2 erms invpcid smap xsaveopt arat md_clear arch_capabilities\u000abugs		: spectre_v1 spectre_v2 spec_store_bypass swapgs\u000abogomips	: 5000.02\u000aclflush size	: 64\u000acache_alignment	: 64\u000aaddress sizes	: 46 bits physical, 48 bits virtual\u000apower management:\u000a\u000a
p444
sV/proc/meminfo
p445
VMemTotal:        1717184 kB\u000aMemFree:         1118752 kB\u000aMemAvailable:    1485572 kB\u000aBuffers:           17532 kB\u000aCached:           463448 kB\u000aSwapCached:            0 kB\u000aActive:            94708 kB\u000aInactive:         447476 kB\u000aActive(anon):      61196 kB\u000aInactive(anon):      216 kB\u000aActive(file):      33512 kB\u000aInactive(file):   447260 kB\u000aUnevictable:           0 kB\u000aMlocked:               0 kB\u000aSwapTotal:             0 kB\u000aSwapFree:              0 kB\u000aDirty:                 4 kB\u000aWriteback:             0 kB\u000aAnonPages:         61196 kB\u000aMapped:            34880 kB\u000aShmem:               220 kB\u000aSlab:              43796 kB\u000aSReclaimable:      33112 kB\u000aSUnreclaim:        10684 kB\u000aKernelStack:        1152 kB\u000aPageTables:         1348 kB\u000aNFS_Unstable:          0 kB\u000aBounce:                0 kB\u000aWritebackTmp:          0 kB\u000aCommitLimit:      858592 kB\u000aCommitted_AS:     252876 kB\u000aVmallocTotal:   34359738367 kB\u000aVmallocUsed:           0 kB\u000aVmallocChunk:          0 kB\u000aAnonHugePages:         0 kB\u000aShmemHugePages:        0 kB\u000aShmemPmdMapped:        0 kB\u000aHugePages_Total:       0\u000aHugePages_Free:        0\u000aHugePages_Rsvd:        0\u000aHugePages_Surp:        0\u000aHugepagesize:       2048 kB\u000aDirectMap4k:       23552 kB\u000aDirectMap2M:     1738752 kB\u000a
p446
ssVstatus_key
p447
Vpywren.jobs/8df9cc45-9560-4f8f-a4ec-1d87d02d8ac4/00009/status.json
p448
sVend_time
p449
F1609152058.3303599
sVlog_group_name
p450
V/aws/lambda/pywren_redis_2
p451
sVdata_key
p452
Vpywren.jobs/8df9cc45-9560-4f8f-a4ec-1d87d02d8ac4/aggdata.pickle
p453
sa(dp454
Vcallset_id
p455
V8df9cc45-9560-4f8f-a4ec-1d87d02d8ac4
p456
sVlog_stream_name
p457
V2020/12/28/[$LATEST]84f2f160982d4b4fb2841a4b34fe5b9c
p458
sVstdout
p459
V
sVfunc_key
p460
Vpywren.jobs/8df9cc45-9560-4f8f-a4ec-1d87d02d8ac4/func.pickle
p461
sVfree_disk_bytes
p462
I538333184
sVruntime_cached
p463
I00
sVretcode
p464
I0
sVcall_id
p465
V00010
p466
sVoutput_key
p467
Vpywren.jobs/8df9cc45-9560-4f8f-a4ec-1d87d02d8ac4/00010/output.pickle
p468
sVruntime_s3_key_used
p469
V918015-pywren.runtimes/default_2.7.tar.gz.0075
p470
sVaws_request_id
p471
V1bf68891-89b0-4293-aee6-7a5b42fab398
p472
sVexec_time
p473
F68.466566801071167
sVstart_time
p474
F1609151983.0026059
sVsetup_time
p475
F7.1289591789245605
sVruntime_s3_bucket_used
p476
Vpywren-runtimes-public-us-west-2
p477
sVexception
p478
NsVhost_submit_time
p479
F1609151982.2685211
sVserver_info
p480
(dp481
Vuname
p482
V('Linux', '169.254.124.5', '4.14.203-112.332.amzn2.x86_64', '#1 SMP Wed Nov 4 20:46:34 UTC 2020', 'x86_64', 'x86_64')
p483
sV/proc/self/cgroup
p484
VMemTotal:        1717184 kB\u000aMemFree:         1119072 kB\u000aMemAvailable:    1485896 kB\u000aBuffers:           16884 kB\u000aCached:           464192 kB\u000aSwapCached:            0 kB\u000aActive:            94628 kB\u000aInactive:         447628 kB\u000aActive(anon):      61172 kB\u000aInactive(anon):      216 kB\u000aActive(file):      33456 kB\u000aInactive(file):   447412 kB\u000aUnevictable:           0 kB\u000aMlocked:               0 kB\u000aSwapTotal:             0 kB\u000aSwapFree:              0 kB\u000aDirty:               232 kB\u000aWriteback:             0 kB\u000aAnonPages:         61168 kB\u000aMapped:            34704 kB\u000aShmem:               220 kB\u000aSlab:              43388 kB\u000aSReclaimable:      32928 kB\u000aSUnreclaim:        10460 kB\u000aKernelStack:        1152 kB\u000aPageTables:         1324 kB\u000aNFS_Unstable:          0 kB\u000aBounce:                0 kB\u000aWritebackTmp:          0 kB\u000aCommitLimit:      858592 kB\u000aCommitted_AS:     251732 kB\u000aVmallocTotal:   34359738367 kB\u000aVmallocUsed:           0 kB\u000aVmallocChunk:          0 kB\u000aAnonHugePages:         0 kB\u000aShmemHugePages:        0 kB\u000aShmemPmdMapped:        0 kB\u000aHugePages_Total:       0\u000aHugePages_Free:        0\u000aHugePages_Rsvd:        0\u000aHugePages_Surp:        0\u000aHugepagesize:       2048 kB\u000aDirectMap4k:       21504 kB\u000aDirectMap2M:     1740800 kB\u000a
p485
sV/proc/cgroups
p486
V#subsys_name	hierarchy	num_cgroups	enabled\u000acpuset	4	1	1\u000acpu	3	5	1\u000acpuacct	3	5	1\u000ablkio	2	1	1\u000amemory	7	5	1\u000adevices	8	1	1\u000afreezer	11	2	1\u000anet_cls	6	1	1\u000aperf_event	10	1	1\u000anet_prio	6	1	1\u000ahugetlb	9	1	1\u000apids	5	1	1\u000a
p487
sV/proc/cpuinfo
p488
Vprocessor	: 0\u000avendor_id	: GenuineIntel\u000acpu family	: 6\u000amodel		: 63\u000amodel name	: Intel(R) Xeon(R) Processor @ 2.50GHz\u000astepping	: 2\u000amicrocode	: 0x1\u000acpu MHz		: 2500.010\u000acache size	: 33792 KB\u000aphysical id	: 0\u000asiblings	: 2\u000acore id		: 0\u000acpu cores	: 2\u000aapicid		: 0\u000ainitial apicid	: 0\u000afpu		: yes\u000afpu_exception	: yes\u000acpuid level	: 13\u000awp		: yes\u000aflags		: fpu vme de pse tsc msr pae mce cx8 apic sep mtrr pge mca cmov pat pse36 clflush mmx fxsr sse sse2 ht syscall nx rdtscp lm constant_tsc rep_good nopl xtopology nonstop_tsc cpuid tsc_known_freq pni pclmulqdq ssse3 fma cx16 pcid sse4_1 sse4_2 x2apic movbe popcnt tsc_deadline_timer aes xsave avx f16c rdrand hypervisor lahf_lm abm cpuid_fault invpcid_single pti ssbd ibrs ibpb stibp fsgsbase tsc_adjust bmi1 avx2 smep bmi2 erms invpcid smap xsaveopt arat md_clear arch_capabilities\u000abugs		: cpu_meltdown spectre_v1 spectre_v2 spec_store_bypass l1tf mds swapgs\u000abogomips	: 5000.02\u000aclflush size	: 64\u000acache_alignment	: 64\u000aaddress sizes	: 46 bits physical, 48 bits virtual\u000apower management:\u000a\u000aprocessor	: 1\u000avendor_id	: GenuineIntel\u000acpu family	: 6\u000amodel		: 63\u000amodel name	: Intel(R) Xeon(R) Processor @ 2.50GHz\u000astepping	: 2\u000amicrocode	: 0x1\u000acpu MHz		: 2500.010\u000acache size	: 33792 KB\u000aphysical id	: 0\u000asiblings	: 2\u000acore id		: 1\u000acpu cores	: 2\u000aapicid		: 1\u000ainitial apicid	: 1\u000afpu		: yes\u000afpu_exception	: yes\u000acpuid level	: 13\u000awp		: yes\u000aflags		: fpu vme de pse tsc msr pae mce cx8 apic sep mtrr pge mca cmov pat pse36 clflush mmx fxsr sse sse2 ht syscall nx rdtscp lm constant_tsc rep_good nopl xtopology nonstop_tsc cpuid tsc_known_freq pni pclmulqdq ssse3 fma cx16 pcid sse4_1 sse4_2 x2apic movbe popcnt tsc_deadline_timer aes xsave avx f16c rdrand hypervisor lahf_lm abm cpuid_fault invpcid_single pti ssbd ibrs ibpb stibp fsgsbase tsc_adjust bmi1 avx2 smep bmi2 erms invpcid smap xsaveopt arat md_clear arch_capabilities\u000abugs		: cpu_meltdown spectre_v1 spectre_v2 spec_store_bypass l1tf mds swapgs\u000abogomips	: 5000.02\u000aclflush size	: 64\u000acache_alignment	: 64\u000aaddress sizes	: 46 bits physical, 48 bits virtual\u000apower management:\u000a\u000a
p489
sV/proc/meminfo
p490
VMemTotal:        1717184 kB\u000aMemFree:         1119072 kB\u000aMemAvailable:    1485896 kB\u000aBuffers:           16884 kB\u000aCached:           464192 kB\u000aSwapCached:            0 kB\u000aActive:            94628 kB\u000aInactive:         447628 kB\u000aActive(anon):      61172 kB\u000aInactive(anon):      216 kB\u000aActive(file):      33456 kB\u000aInactive(file):   447412 kB\u000aUnevictable:           0 kB\u000aMlocked:               0 kB\u000aSwapTotal:             0 kB\u000aSwapFree:              0 kB\u000aDirty:               232 kB\u000aWriteback:             0 kB\u000aAnonPages:         61168 kB\u000aMapped:            34704 kB\u000aShmem:               220 kB\u000aSlab:              43388 kB\u000aSReclaimable:      32928 kB\u000aSUnreclaim:        10460 kB\u000aKernelStack:        1152 kB\u000aPageTables:         1324 kB\u000aNFS_Unstable:          0 kB\u000aBounce:                0 kB\u000aWritebackTmp:          0 kB\u000aCommitLimit:      858592 kB\u000aCommitted_AS:     251732 kB\u000aVmallocTotal:   34359738367 kB\u000aVmallocUsed:           0 kB\u000aVmallocChunk:          0 kB\u000aAnonHugePages:         0 kB\u000aShmemHugePages:        0 kB\u000aShmemPmdMapped:        0 kB\u000aHugePages_Total:       0\u000aHugePages_Free:        0\u000aHugePages_Rsvd:        0\u000aHugePages_Surp:        0\u000aHugepagesize:       2048 kB\u000aDirectMap4k:       21504 kB\u000aDirectMap2M:     1740800 kB\u000a
p491
ssVstatus_key
p492
Vpywren.jobs/8df9cc45-9560-4f8f-a4ec-1d87d02d8ac4/00010/status.json
p493
sVend_time
p494
F1609152058.5981269
sVlog_group_name
p495
V/aws/lambda/pywren_redis_2
p496
sVdata_key
p497
Vpywren.jobs/8df9cc45-9560-4f8f-a4ec-1d87d02d8ac4/aggdata.pickle
p498
sa(dp499
Vcallset_id
p500
V8df9cc45-9560-4f8f-a4ec-1d87d02d8ac4
p501
sVlog_stream_name
p502
V2020/12/28/[$LATEST]12c219c68bec460bbd01b05b014ff724
p503
sVstdout
p504
V
sVfunc_key
p505
Vpywren.jobs/8df9cc45-9560-4f8f-a4ec-1d87d02d8ac4/func.pickle
p506
sVfree_disk_bytes
p507
I538333184
sVruntime_cached
p508
I00
sVretcode
p509
I0
sVcall_id
p510
V00011
p511
sVoutput_key
p512
Vpywren.jobs/8df9cc45-9560-4f8f-a4ec-1d87d02d8ac4/00011/output.pickle
p513
sVruntime_s3_key_used
p514
Vb094c0-pywren.runtimes/default_2.7.tar.gz.0097
p515
sVaws_request_id
p516
V15999573-f481-44a6-9f9d-5a2ca610eccd
p517
sVexec_time
p518
F63.34052300453186
sVstart_time
p519
F1609151982.950536
sVsetup_time
p520
F6.9458889961242676
sVruntime_s3_bucket_used
p521
Vpywren-runtimes-public-us-west-2
p522
sVexception
p523
NsVhost_submit_time
p524
F1609151982.2741449
sVserver_info
p525
(dp526
Vuname
p527
V('Linux', '169.254.90.141', '4.14.203-112.332.amzn2.x86_64', '#1 SMP Wed Nov 4 20:46:34 UTC 2020', 'x86_64', 'x86_64')
p528
sV/proc/self/cgroup
p529
VMemTotal:        1717184 kB\u000aMemFree:         1121848 kB\u000aMemAvailable:    1485904 kB\u000aBuffers:           16924 kB\u000aCached:           461412 kB\u000aSwapCached:            0 kB\u000aActive:            93936 kB\u000aInactive:         445600 kB\u000aActive(anon):      61192 kB\u000aInactive(anon):      216 kB\u000aActive(file):      32744 kB\u000aInactive(file):   445384 kB\u000aUnevictable:           0 kB\u000aMlocked:               0 kB\u000aSwapTotal:             0 kB\u000aSwapFree:              0 kB\u000aDirty:               360 kB\u000aWriteback:             0 kB\u000aAnonPages:         61116 kB\u000aMapped:            34956 kB\u000aShmem:               220 kB\u000aSlab:              43320 kB\u000aSReclaimable:      32872 kB\u000aSUnreclaim:        10448 kB\u000aKernelStack:        1168 kB\u000aPageTables:         1404 kB\u000aNFS_Unstable:          0 kB\u000aBounce:                0 kB\u000aWritebackTmp:          0 kB\u000aCommitLimit:      858592 kB\u000aCommitted_AS:     253764 kB\u000aVmallocTotal:   34359738367 kB\u000aVmallocUsed:           0 kB\u000aVmallocChunk:          0 kB\u000aAnonHugePages:         0 kB\u000aShmemHugePages:        0 kB\u000aShmemPmdMapped:        0 kB\u000aHugePages_Total:       0\u000aHugePages_Free:        0\u000aHugePages_Rsvd:        0\u000aHugePages_Surp:        0\u000aHugepagesize:       2048 kB\u000aDirectMap4k:       19456 kB\u000aDirectMap2M:     1742848 kB\u000a
p530
sV/proc/cgroups
p531
V#subsys_name	hierarchy	num_cgroups	enabled\u000acpuset	4	1	1\u000acpu	8	5	1\u000acpuacct	8	5	1\u000ablkio	9	1	1\u000amemory	11	5	1\u000adevices	2	1	1\u000afreezer	5	2	1\u000anet_cls	7	1	1\u000aperf_event	10	1	1\u000anet_prio	7	1	1\u000ahugetlb	3	1	1\u000apids	6	1	1\u000a
p532
sV/proc/cpuinfo
p533
Vprocessor	: 0\u000avendor_id	: GenuineIntel\u000acpu family	: 6\u000amodel		: 63\u000amodel name	: Intel(R) Xeon(R) Processor @ 2.50GHz\u000astepping	: 2\u000amicrocode	: 0x1\u000acpu MHz		: 2500.012\u000acache size	: 36608 KB\u000aphysical id	: 0\u000asiblings	: 2\u000acore id		: 0\u000acpu cores	: 2\u000aapicid		: 0\u000ainitial apicid	: 0\u000afpu		: yes\u000afpu_exception	: yes\u000acpuid level	: 13\u000awp		: yes\u000aflags		: fpu vme de pse tsc msr pae mce cx8 apic sep mtrr pge mca cmov pat pse36 clflush mmx fxsr sse sse2 ht syscall nx rdtscp lm constant_tsc rep_good nopl xtopology nonstop_tsc cpuid tsc_known_freq pni pclmulqdq ssse3 fma cx16 pcid sse4_1 sse4_2 x2apic movbe popcnt tsc_deadline_timer aes xsave avx f16c rdrand hypervisor lahf_lm abm cpuid_fault invpcid_single ssbd ibrs ibpb stibp ibrs_enhanced fsgsbase tsc_adjust bmi1 avx2 smep bmi2 erms invpcid smap xsaveopt arat md_clear arch_capabilities\u000abugs		: spectre_v1 spectre_v2 spec_store_bypass swapgs\u000abogomips	: 5000.02\u000aclflush size	: 64\u000acache_alignment	: 64\u000aaddress sizes	: 46 bits physical, 48 bits virtual\u000apower management:\u000a\u000aprocessor	: 1\u000avendor_id	: GenuineIntel\u000acpu family	: 6\u000amodel		: 63\u000amodel name	: Intel(R) Xeon(R) Processor @ 2.50GHz\u000astepping	: 2\u000amicrocode	: 0x1\u000acpu MHz		: 2500.012\u000acache size	: 36608 KB\u000aphysical id	: 0\u000asiblings	: 2\u000acore id		: 1\u000acpu cores	: 2\u000aapicid		: 1\u000ainitial apicid	: 1\u000afpu		: yes\u000afpu_exception	: yes\u000acpuid level	: 13\u000awp		: yes\u000aflags		: fpu vme de pse tsc msr pae mce cx8 apic sep mtrr pge mca cmov pat pse36 clflush mmx fxsr sse sse2 ht syscall nx rdtscp lm constant_tsc rep_good nopl xtopology nonstop_tsc cpuid tsc_known_freq pni pclmulqdq ssse3 fma cx16 pcid sse4_1 sse4_2 x2apic movbe popcnt tsc_deadline_timer aes xsave avx f16c rdrand hypervisor lahf_lm abm cpuid_fault invpcid_single ssbd ibrs ibpb stibp ibrs_enhanced fsgsbase tsc_adjust bmi1 avx2 smep bmi2 erms invpcid smap xsaveopt arat md_clear arch_capabilities\u000abugs		: spectre_v1 spectre_v2 spec_store_bypass swapgs\u000abogomips	: 5000.02\u000aclflush size	: 64\u000acache_alignment	: 64\u000aaddress sizes	: 46 bits physical, 48 bits virtual\u000apower management:\u000a\u000a
p534
sV/proc/meminfo
p535
VMemTotal:        1717184 kB\u000aMemFree:         1121848 kB\u000aMemAvailable:    1485904 kB\u000aBuffers:           16924 kB\u000aCached:           461412 kB\u000aSwapCached:            0 kB\u000aActive:            93936 kB\u000aInactive:         445600 kB\u000aActive(anon):      61192 kB\u000aInactive(anon):      216 kB\u000aActive(file):      32744 kB\u000aInactive(file):   445384 kB\u000aUnevictable:           0 kB\u000aMlocked:               0 kB\u000aSwapTotal:             0 kB\u000aSwapFree:              0 kB\u000aDirty:               360 kB\u000aWriteback:             0 kB\u000aAnonPages:         61116 kB\u000aMapped:            34956 kB\u000aShmem:               220 kB\u000aSlab:              43320 kB\u000aSReclaimable:      32872 kB\u000aSUnreclaim:        10448 kB\u000aKernelStack:        1168 kB\u000aPageTables:         1404 kB\u000aNFS_Unstable:          0 kB\u000aBounce:                0 kB\u000aWritebackTmp:          0 kB\u000aCommitLimit:      858592 kB\u000aCommitted_AS:     253764 kB\u000aVmallocTotal:   34359738367 kB\u000aVmallocUsed:           0 kB\u000aVmallocChunk:          0 kB\u000aAnonHugePages:         0 kB\u000aShmemHugePages:        0 kB\u000aShmemPmdMapped:        0 kB\u000aHugePages_Total:       0\u000aHugePages_Free:        0\u000aHugePages_Rsvd:        0\u000aHugePages_Surp:        0\u000aHugepagesize:       2048 kB\u000aDirectMap4k:       19456 kB\u000aDirectMap2M:     1742848 kB\u000a
p536
ssVstatus_key
p537
Vpywren.jobs/8df9cc45-9560-4f8f-a4ec-1d87d02d8ac4/00011/status.json
p538
sVend_time
p539
F1609152053.236943
sVlog_group_name
p540
V/aws/lambda/pywren_redis_2
p541
sVdata_key
p542
Vpywren.jobs/8df9cc45-9560-4f8f-a4ec-1d87d02d8ac4/aggdata.pickle
p543
sa(dp544
Vcallset_id
p545
V8df9cc45-9560-4f8f-a4ec-1d87d02d8ac4
p546
sVlog_stream_name
p547
V2020/12/28/[$LATEST]a5f5f028bd7942dd8f988c00defc29c7
p548
sVstdout
p549
V
sVfunc_key
p550
Vpywren.jobs/8df9cc45-9560-4f8f-a4ec-1d87d02d8ac4/func.pickle
p551
sVfree_disk_bytes
p552
I538333184
sVruntime_cached
p553
I00
sVretcode
p554
I0
sVcall_id
p555
V00012
p556
sVoutput_key
p557
Vpywren.jobs/8df9cc45-9560-4f8f-a4ec-1d87d02d8ac4/00012/output.pickle
p558
sVruntime_s3_key_used
p559
V75b072-pywren.runtimes/default_2.7.tar.gz.0015
p560
sVaws_request_id
p561
V1b7743d3-5f57-48a5-82f5-09c954288f4c
p562
sVexec_time
p563
F68.356400012969971
sVstart_time
p564
F1609151983.073339
sVsetup_time
p565
F7.2195079326629639
sVruntime_s3_bucket_used
p566
Vpywren-runtimes-public-us-west-2
p567
sVexception
p568
NsVhost_submit_time
p569
F1609151982.2856491
sVserver_info
p570
(dp571
Vuname
p572
V('Linux', '169.254.44.157', '4.14.203-112.332.amzn2.x86_64', '#1 SMP Wed Nov 4 20:46:34 UTC 2020', 'x86_64', 'x86_64')
p573
sV/proc/self/cgroup
p574
VMemTotal:        1717184 kB\u000aMemFree:         1119452 kB\u000aMemAvailable:    1486356 kB\u000aBuffers:           17044 kB\u000aCached:           464032 kB\u000aSwapCached:            0 kB\u000aActive:            93816 kB\u000aInactive:         448008 kB\u000aActive(anon):      60736 kB\u000aInactive(anon):      216 kB\u000aActive(file):      33080 kB\u000aInactive(file):   447792 kB\u000aUnevictable:           0 kB\u000aMlocked:               0 kB\u000aSwapTotal:             0 kB\u000aSwapFree:              0 kB\u000aDirty:                 8 kB\u000aWriteback:             0 kB\u000aAnonPages:         60740 kB\u000aMapped:            35284 kB\u000aShmem:               220 kB\u000aSlab:              43356 kB\u000aSReclaimable:      33076 kB\u000aSUnreclaim:        10280 kB\u000aKernelStack:        1152 kB\u000aPageTables:         1340 kB\u000aNFS_Unstable:          0 kB\u000aBounce:                0 kB\u000aWritebackTmp:          0 kB\u000aCommitLimit:      858592 kB\u000aCommitted_AS:     251840 kB\u000aVmallocTotal:   34359738367 kB\u000aVmallocUsed:           0 kB\u000aVmallocChunk:          0 kB\u000aAnonHugePages:         0 kB\u000aShmemHugePages:        0 kB\u000aShmemPmdMapped:        0 kB\u000aHugePages_Total:       0\u000aHugePages_Free:        0\u000aHugePages_Rsvd:        0\u000aHugePages_Surp:        0\u000aHugepagesize:       2048 kB\u000aDirectMap4k:       23552 kB\u000aDirectMap2M:     1738752 kB\u000a
p575
sV/proc/cgroups
p576
V#subsys_name	hierarchy	num_cgroups	enabled\u000acpuset	3	1	1\u000acpu	4	5	1\u000acpuacct	4	5	1\u000ablkio	10	1	1\u000amemory	9	5	1\u000adevices	11	1	1\u000afreezer	7	2	1\u000anet_cls	2	1	1\u000aperf_event	5	1	1\u000anet_prio	2	1	1\u000ahugetlb	8	1	1\u000apids	6	1	1\u000a
p577
sV/proc/cpuinfo
p578
Vprocessor	: 0\u000avendor_id	: GenuineIntel\u000acpu family	: 6\u000amodel		: 63\u000amodel name	: Intel(R) Xeon(R) Processor @ 2.50GHz\u000astepping	: 2\u000amicrocode	: 0x1\u000acpu MHz		: 2500.012\u000acache size	: 33792 KB\u000aphysical id	: 0\u000asiblings	: 2\u000acore id		: 0\u000acpu cores	: 2\u000aapicid		: 0\u000ainitial apicid	: 0\u000afpu		: yes\u000afpu_exception	: yes\u000acpuid level	: 13\u000awp		: yes\u000aflags		: fpu vme de pse tsc msr pae mce cx8 apic sep mtrr pge mca cmov pat pse36 clflush mmx fxsr sse sse2 ht syscall nx rdtscp lm constant_tsc rep_good nopl xtopology nonstop_tsc cpuid tsc_known_freq pni pclmulqdq ssse3 fma cx16 pcid sse4_1 sse4_2 x2apic movbe popcnt tsc_deadline_timer aes xsave avx f16c rdrand hypervisor lahf_lm abm cpuid_fault invpcid_single pti ssbd ibrs ibpb stibp fsgsbase tsc_adjust bmi1 avx2 smep bmi2 erms invpcid smap xsaveopt arat md_clear arch_capabilities\u000abugs		: cpu_meltdown spectre_v1 spectre_v2 spec_store_bypass l1tf mds swapgs\u000abogomips	: 5000.02\u000aclflush size	: 64\u000acache_alignment	: 64\u000aaddress sizes	: 46 bits physical, 48 bits virtual\u000apower management:\u000a\u000aprocessor	: 1\u000avendor_id	: GenuineIntel\u000acpu family	: 6\u000amodel		: 63\u000amodel name	: Intel(R) Xeon(R) Processor @ 2.50GHz\u000astepping	: 2\u000amicrocode	: 0x1\u000acpu MHz		: 2500.012\u000acache size	: 33792 KB\u000aphysical id	: 0\u000asiblings	: 2\u000acore id		: 1\u000acpu cores	: 2\u000aapicid		: 1\u000ainitial apicid	: 1\u000afpu		: yes\u000afpu_exception	: yes\u000acpuid level	: 13\u000awp		: yes\u000aflags		: fpu vme de pse tsc msr pae mce cx8 apic sep mtrr pge mca cmov pat pse36 clflush mmx fxsr sse sse2 ht syscall nx rdtscp lm constant_tsc rep_good nopl xtopology nonstop_tsc cpuid tsc_known_freq pni pclmulqdq ssse3 fma cx16 pcid sse4_1 sse4_2 x2apic movbe popcnt tsc_deadline_timer aes xsave avx f16c rdrand hypervisor lahf_lm abm cpuid_fault invpcid_single pti ssbd ibrs ibpb stibp fsgsbase tsc_adjust bmi1 avx2 smep bmi2 erms invpcid smap xsaveopt arat md_clear arch_capabilities\u000abugs		: cpu_meltdown spectre_v1 spectre_v2 spec_store_bypass l1tf mds swapgs\u000abogomips	: 5000.02\u000aclflush size	: 64\u000acache_alignment	: 64\u000aaddress sizes	: 46 bits physical, 48 bits virtual\u000apower management:\u000a\u000a
p579
sV/proc/meminfo
p580
VMemTotal:        1717184 kB\u000aMemFree:         1119452 kB\u000aMemAvailable:    1486356 kB\u000aBuffers:           17044 kB\u000aCached:           464032 kB\u000aSwapCached:            0 kB\u000aActive:            93816 kB\u000aInactive:         448008 kB\u000aActive(anon):      60736 kB\u000aInactive(anon):      216 kB\u000aActive(file):      33080 kB\u000aInactive(file):   447792 kB\u000aUnevictable:           0 kB\u000aMlocked:               0 kB\u000aSwapTotal:             0 kB\u000aSwapFree:              0 kB\u000aDirty:                 8 kB\u000aWriteback:             0 kB\u000aAnonPages:         60740 kB\u000aMapped:            35284 kB\u000aShmem:               220 kB\u000aSlab:              43356 kB\u000aSReclaimable:      33076 kB\u000aSUnreclaim:        10280 kB\u000aKernelStack:        1152 kB\u000aPageTables:         1340 kB\u000aNFS_Unstable:          0 kB\u000aBounce:                0 kB\u000aWritebackTmp:          0 kB\u000aCommitLimit:      858592 kB\u000aCommitted_AS:     251840 kB\u000aVmallocTotal:   34359738367 kB\u000aVmallocUsed:           0 kB\u000aVmallocChunk:          0 kB\u000aAnonHugePages:         0 kB\u000aShmemHugePages:        0 kB\u000aShmemPmdMapped:        0 kB\u000aHugePages_Total:       0\u000aHugePages_Free:        0\u000aHugePages_Rsvd:        0\u000aHugePages_Surp:        0\u000aHugepagesize:       2048 kB\u000aDirectMap4k:       23552 kB\u000aDirectMap2M:     1738752 kB\u000a
p581
ssVstatus_key
p582
Vpywren.jobs/8df9cc45-9560-4f8f-a4ec-1d87d02d8ac4/00012/status.json
p583
sVend_time
p584
F1609152058.6492431
sVlog_group_name
p585
V/aws/lambda/pywren_redis_2
p586
sVdata_key
p587
Vpywren.jobs/8df9cc45-9560-4f8f-a4ec-1d87d02d8ac4/aggdata.pickle
p588
sa(dp589
Vcallset_id
p590
V8df9cc45-9560-4f8f-a4ec-1d87d02d8ac4
p591
sVlog_stream_name
p592
V2020/12/28/[$LATEST]c2427c67be484a46ac542e7c6d277c33
p593
sVstdout
p594
V
sVfunc_key
p595
Vpywren.jobs/8df9cc45-9560-4f8f-a4ec-1d87d02d8ac4/func.pickle
p596
sVfree_disk_bytes
p597
I538333184
sVruntime_cached
p598
I00
sVretcode
p599
I0
sVcall_id
p600
V00013
p601
sVoutput_key
p602
Vpywren.jobs/8df9cc45-9560-4f8f-a4ec-1d87d02d8ac4/00013/output.pickle
p603
sVruntime_s3_key_used
p604
Vbc07c9-pywren.runtimes/default_2.7.tar.gz.0058
p605
sVaws_request_id
p606
V27dca261-3ad0-4ecb-92ff-aaad5bf785a7
p607
sVexec_time
p608
F70.390367984771729
sVstart_time
p609
F1609151983.0667901
sVsetup_time
p610
F7.1406159400939941
sVruntime_s3_bucket_used
p611
Vpywren-runtimes-public-us-west-2
p612
sVexception
p613
NsVhost_submit_time
p614
F1609151982.2935791
sVserver_info
p615
(dp616
Vuname
p617
V('Linux', '169.254.190.61', '4.14.203-112.332.amzn2.x86_64', '#1 SMP Wed Nov 4 20:46:34 UTC 2020', 'x86_64', 'x86_64')
p618
sV/proc/self/cgroup
p619
VMemTotal:        1717184 kB\u000aMemFree:         1121516 kB\u000aMemAvailable:    1486000 kB\u000aBuffers:           17044 kB\u000aCached:           461580 kB\u000aSwapCached:            0 kB\u000aActive:            93736 kB\u000aInactive:         445824 kB\u000aActive(anon):      60924 kB\u000aInactive(anon):      216 kB\u000aActive(file):      32812 kB\u000aInactive(file):   445608 kB\u000aUnevictable:           0 kB\u000aMlocked:               0 kB\u000aSwapTotal:             0 kB\u000aSwapFree:              0 kB\u000aDirty:                12 kB\u000aWriteback:             0 kB\u000aAnonPages:         60840 kB\u000aMapped:            35060 kB\u000aShmem:               220 kB\u000aSlab:              43580 kB\u000aSReclaimable:      33144 kB\u000aSUnreclaim:        10436 kB\u000aKernelStack:        1168 kB\u000aPageTables:         1412 kB\u000aNFS_Unstable:          0 kB\u000aBounce:                0 kB\u000aWritebackTmp:          0 kB\u000aCommitLimit:      858592 kB\u000aCommitted_AS:     253804 kB\u000aVmallocTotal:   34359738367 kB\u000aVmallocUsed:           0 kB\u000aVmallocChunk:          0 kB\u000aAnonHugePages:         0 kB\u000aShmemHugePages:        0 kB\u000aShmemPmdMapped:        0 kB\u000aHugePages_Total:       0\u000aHugePages_Free:        0\u000aHugePages_Rsvd:        0\u000aHugePages_Surp:        0\u000aHugepagesize:       2048 kB\u000aDirectMap4k:       19456 kB\u000aDirectMap2M:     1742848 kB\u000a
p620
sV/proc/cgroups
p621
V#subsys_name	hierarchy	num_cgroups	enabled\u000acpuset	8	1	1\u000acpu	6	5	1\u000acpuacct	6	5	1\u000ablkio	9	1	1\u000amemory	2	5	1\u000adevices	7	1	1\u000afreezer	11	2	1\u000anet_cls	4	1	1\u000aperf_event	10	1	1\u000anet_prio	4	1	1\u000ahugetlb	3	1	1\u000apids	5	1	1\u000a
p622
sV/proc/cpuinfo
p623
Vprocessor	: 0\u000avendor_id	: GenuineIntel\u000acpu family	: 6\u000amodel		: 63\u000amodel name	: Intel(R) Xeon(R) Processor @ 2.50GHz\u000astepping	: 2\u000amicrocode	: 0x1\u000acpu MHz		: 2500.048\u000acache size	: 33792 KB\u000aphysical id	: 0\u000asiblings	: 2\u000acore id		: 0\u000acpu cores	: 2\u000aapicid		: 0\u000ainitial apicid	: 0\u000afpu		: yes\u000afpu_exception	: yes\u000acpuid level	: 13\u000awp		: yes\u000aflags		: fpu vme de pse tsc msr pae mce cx8 apic sep mtrr pge mca cmov pat pse36 clflush mmx fxsr sse sse2 ht syscall nx rdtscp lm constant_tsc rep_good nopl xtopology nonstop_tsc cpuid tsc_known_freq pni pclmulqdq ssse3 fma cx16 pcid sse4_1 sse4_2 x2apic movbe popcnt tsc_deadline_timer aes xsave avx f16c rdrand hypervisor lahf_lm abm cpuid_fault invpcid_single pti ssbd ibrs ibpb stibp fsgsbase tsc_adjust bmi1 avx2 smep bmi2 erms invpcid smap xsaveopt arat md_clear arch_capabilities\u000abugs		: cpu_meltdown spectre_v1 spectre_v2 spec_store_bypass l1tf mds swapgs\u000abogomips	: 5000.09\u000aclflush size	: 64\u000acache_alignment	: 64\u000aaddress sizes	: 46 bits physical, 48 bits virtual\u000apower management:\u000a\u000aprocessor	: 1\u000avendor_id	: GenuineIntel\u000acpu family	: 6\u000amodel		: 63\u000amodel name	: Intel(R) Xeon(R) Processor @ 2.50GHz\u000astepping	: 2\u000amicrocode	: 0x1\u000acpu MHz		: 2500.048\u000acache size	: 33792 KB\u000aphysical id	: 0\u000asiblings	: 2\u000acore id		: 1\u000acpu cores	: 2\u000aapicid		: 1\u000ainitial apicid	: 1\u000afpu		: yes\u000afpu_exception	: yes\u000acpuid level	: 13\u000awp		: yes\u000aflags		: fpu vme de pse tsc msr pae mce cx8 apic sep mtrr pge mca cmov pat pse36 clflush mmx fxsr sse sse2 ht syscall nx rdtscp lm constant_tsc rep_good nopl xtopology nonstop_tsc cpuid tsc_known_freq pni pclmulqdq ssse3 fma cx16 pcid sse4_1 sse4_2 x2apic movbe popcnt tsc_deadline_timer aes xsave avx f16c rdrand hypervisor lahf_lm abm cpuid_fault invpcid_single pti ssbd ibrs ibpb stibp fsgsbase tsc_adjust bmi1 avx2 smep bmi2 erms invpcid smap xsaveopt arat md_clear arch_capabilities\u000abugs		: cpu_meltdown spectre_v1 spectre_v2 spec_store_bypass l1tf mds swapgs\u000abogomips	: 5000.09\u000aclflush size	: 64\u000acache_alignment	: 64\u000aaddress sizes	: 46 bits physical, 48 bits virtual\u000apower management:\u000a\u000a
p624
sV/proc/meminfo
p625
VMemTotal:        1717184 kB\u000aMemFree:         1121516 kB\u000aMemAvailable:    1486000 kB\u000aBuffers:           17044 kB\u000aCached:           461580 kB\u000aSwapCached:            0 kB\u000aActive:            93736 kB\u000aInactive:         445824 kB\u000aActive(anon):      60924 kB\u000aInactive(anon):      216 kB\u000aActive(file):      32812 kB\u000aInactive(file):   445608 kB\u000aUnevictable:           0 kB\u000aMlocked:               0 kB\u000aSwapTotal:             0 kB\u000aSwapFree:              0 kB\u000aDirty:                12 kB\u000aWriteback:             0 kB\u000aAnonPages:         60840 kB\u000aMapped:            35060 kB\u000aShmem:               220 kB\u000aSlab:              43580 kB\u000aSReclaimable:      33144 kB\u000aSUnreclaim:        10436 kB\u000aKernelStack:        1168 kB\u000aPageTables:         1412 kB\u000aNFS_Unstable:          0 kB\u000aBounce:                0 kB\u000aWritebackTmp:          0 kB\u000aCommitLimit:      858592 kB\u000aCommitted_AS:     253804 kB\u000aVmallocTotal:   34359738367 kB\u000aVmallocUsed:           0 kB\u000aVmallocChunk:          0 kB\u000aAnonHugePages:         0 kB\u000aShmemHugePages:        0 kB\u000aShmemPmdMapped:        0 kB\u000aHugePages_Total:       0\u000aHugePages_Free:        0\u000aHugePages_Rsvd:        0\u000aHugePages_Surp:        0\u000aHugepagesize:       2048 kB\u000aDirectMap4k:       19456 kB\u000aDirectMap2M:     1742848 kB\u000a
p626
ssVstatus_key
p627
Vpywren.jobs/8df9cc45-9560-4f8f-a4ec-1d87d02d8ac4/00013/status.json
p628
sVend_time
p629
F1609152060.5977681
sVlog_group_name
p630
V/aws/lambda/pywren_redis_2
p631
sVdata_key
p632
Vpywren.jobs/8df9cc45-9560-4f8f-a4ec-1d87d02d8ac4/aggdata.pickle
p633
sa(dp634
Vcallset_id
p635
V8df9cc45-9560-4f8f-a4ec-1d87d02d8ac4
p636
sVlog_stream_name
p637
V2020/12/28/[$LATEST]26529ff13aff44ea9c0814b4e3c42094
p638
sVstdout
p639
V
sVfunc_key
p640
Vpywren.jobs/8df9cc45-9560-4f8f-a4ec-1d87d02d8ac4/func.pickle
p641
sVfree_disk_bytes
p642
I538333184
sVruntime_cached
p643
I00
sVretcode
p644
I0
sVcall_id
p645
V00014
p646
sVoutput_key
p647
Vpywren.jobs/8df9cc45-9560-4f8f-a4ec-1d87d02d8ac4/00014/output.pickle
p648
sVruntime_s3_key_used
p649
V445d59-pywren.runtimes/default_2.7.tar.gz.0085
p650
sVaws_request_id
p651
V3a555c62-ea27-41c7-944a-5a098623bb80
p652
sVexec_time
p653
F68.300559997558594
sVstart_time
p654
F1609151983.0164189
sVsetup_time
p655
F6.9492521286010742
sVruntime_s3_bucket_used
p656
Vpywren-runtimes-public-us-west-2
p657
sVexception
p658
NsVhost_submit_time
p659
F1609151982.296546
sVserver_info
p660
(dp661
Vuname
p662
V('Linux', '169.254.144.133', '4.14.203-112.332.amzn2.x86_64', '#1 SMP Wed Nov 4 20:46:34 UTC 2020', 'x86_64', 'x86_64')
p663
sV/proc/self/cgroup
p664
VMemTotal:        1717184 kB\u000aMemFree:         1123200 kB\u000aMemAvailable:    1486428 kB\u000aBuffers:           16352 kB\u000aCached:           461104 kB\u000aSwapCached:            0 kB\u000aActive:            92924 kB\u000aInactive:         445380 kB\u000aActive(anon):      60832 kB\u000aInactive(anon):      216 kB\u000aActive(file):      32092 kB\u000aInactive(file):   445164 kB\u000aUnevictable:           0 kB\u000aMlocked:               0 kB\u000aSwapTotal:             0 kB\u000aSwapFree:              0 kB\u000aDirty:                 4 kB\u000aWriteback:             0 kB\u000aAnonPages:         60836 kB\u000aMapped:            34968 kB\u000aShmem:               220 kB\u000aSlab:              43256 kB\u000aSReclaimable:      32960 kB\u000aSUnreclaim:        10296 kB\u000aKernelStack:        1152 kB\u000aPageTables:         1328 kB\u000aNFS_Unstable:          0 kB\u000aBounce:                0 kB\u000aWritebackTmp:          0 kB\u000aCommitLimit:      858592 kB\u000aCommitted_AS:     251680 kB\u000aVmallocTotal:   34359738367 kB\u000aVmallocUsed:           0 kB\u000aVmallocChunk:          0 kB\u000aAnonHugePages:         0 kB\u000aShmemHugePages:        0 kB\u000aShmemPmdMapped:        0 kB\u000aHugePages_Total:       0\u000aHugePages_Free:        0\u000aHugePages_Rsvd:        0\u000aHugePages_Surp:        0\u000aHugepagesize:       2048 kB\u000aDirectMap4k:       25600 kB\u000aDirectMap2M:     1736704 kB\u000a
p665
sV/proc/cgroups
p666
V#subsys_name	hierarchy	num_cgroups	enabled\u000acpuset	6	1	1\u000acpu	5	5	1\u000acpuacct	5	5	1\u000ablkio	7	1	1\u000amemory	3	5	1\u000adevices	2	1	1\u000afreezer	9	2	1\u000anet_cls	10	1	1\u000aperf_event	8	1	1\u000anet_prio	10	1	1\u000ahugetlb	4	1	1\u000apids	11	1	1\u000a
p667
sV/proc/cpuinfo
p668
