(dp1
S'run_statuses'
p2
(lp3
(dp4
Vcallset_id
p5
V60bcf6f6-ef0c-4824-af15-445618a3b262
p6
sVlog_stream_name
p7
V2020/12/28/[$LATEST]579d62c324484f279d2e95f795be9839
p8
sVstdout
p9
V
sVfunc_key
p10
Vpywren.jobs/60bcf6f6-ef0c-4824-af15-445618a3b262/func.pickle
p11
sVfree_disk_bytes
p12
I538333184
sVruntime_cached
p13
I00
sVretcode
p14
I0
sVcall_id
p15
V00000
p16
sVoutput_key
p17
Vpywren.jobs/60bcf6f6-ef0c-4824-af15-445618a3b262/00000/output.pickle
p18
sVruntime_s3_key_used
p19
V918015-pywren.runtimes/default_2.7.tar.gz.0075
p20
sVaws_request_id
p21
V0ae403c0-9efd-4421-b3b3-07111804d185
p22
sVexec_time
p23
F46.200520038604736
sVstart_time
p24
F1609150547.253911
sVsetup_time
p25
F7.1143128871917725
sVruntime_s3_bucket_used
p26
Vpywren-runtimes-public-us-west-2
p27
sVexception
p28
NsVhost_submit_time
p29
F1609150546.5190661
sVserver_info
p30
(dp31
Vuname
p32
V('Linux', '169.254.93.173', '4.14.203-112.332.amzn2.x86_64', '#1 SMP Wed Nov 4 20:46:34 UTC 2020', 'x86_64', 'x86_64')
p33
sV/proc/self/cgroup
p34
VMemTotal:        1717184 kB\u000aMemFree:         1121996 kB\u000aMemAvailable:    1486348 kB\u000aBuffers:           17004 kB\u000aCached:           461644 kB\u000aSwapCached:            0 kB\u000aActive:            93440 kB\u000aInactive:         446044 kB\u000aActive(anon):      60844 kB\u000aInactive(anon):      216 kB\u000aActive(file):      32596 kB\u000aInactive(file):   445828 kB\u000aUnevictable:           0 kB\u000aMlocked:               0 kB\u000aSwapTotal:             0 kB\u000aSwapFree:              0 kB\u000aDirty:               356 kB\u000aWriteback:             0 kB\u000aAnonPages:         60764 kB\u000aMapped:            35164 kB\u000aShmem:               220 kB\u000aSlab:              43292 kB\u000aSReclaimable:      32868 kB\u000aSUnreclaim:        10424 kB\u000aKernelStack:        1168 kB\u000aPageTables:         1300 kB\u000aNFS_Unstable:          0 kB\u000aBounce:                0 kB\u000aWritebackTmp:          0 kB\u000aCommitLimit:      858592 kB\u000aCommitted_AS:     256040 kB\u000aVmallocTotal:   34359738367 kB\u000aVmallocUsed:           0 kB\u000aVmallocChunk:          0 kB\u000aAnonHugePages:         0 kB\u000aShmemHugePages:        0 kB\u000aShmemPmdMapped:        0 kB\u000aHugePages_Total:       0\u000aHugePages_Free:        0\u000aHugePages_Rsvd:        0\u000aHugePages_Surp:        0\u000aHugepagesize:       2048 kB\u000aDirectMap4k:       21504 kB\u000aDirectMap2M:     1740800 kB\u000a
p35
sV/proc/cgroups
p36
V#subsys_name	hierarchy	num_cgroups	enabled\u000acpuset	11	1	1\u000acpu	3	5	1\u000acpuacct	3	5	1\u000ablkio	7	1	1\u000amemory	8	5	1\u000adevices	9	1	1\u000afreezer	6	2	1\u000anet_cls	2	1	1\u000aperf_event	5	1	1\u000anet_prio	2	1	1\u000ahugetlb	4	1	1\u000apids	10	1	1\u000a
p37
sV/proc/cpuinfo
p38
Vprocessor	: 0\u000avendor_id	: GenuineIntel\u000acpu family	: 6\u000amodel		: 63\u000amodel name	: Intel(R) Xeon(R) Processor @ 2.50GHz\u000astepping	: 2\u000amicrocode	: 0x1\u000acpu MHz		: 2499.960\u000acache size	: 33792 KB\u000aphysical id	: 0\u000asiblings	: 2\u000acore id		: 0\u000acpu cores	: 2\u000aapicid		: 0\u000ainitial apicid	: 0\u000afpu		: yes\u000afpu_exception	: yes\u000acpuid level	: 13\u000awp		: yes\u000aflags		: fpu vme de pse tsc msr pae mce cx8 apic sep mtrr pge mca cmov pat pse36 clflush mmx fxsr sse sse2 ht syscall nx rdtscp lm constant_tsc rep_good nopl xtopology nonstop_tsc cpuid tsc_known_freq pni pclmulqdq ssse3 fma cx16 pcid sse4_1 sse4_2 x2apic movbe popcnt tsc_deadline_timer aes xsave avx f16c rdrand hypervisor lahf_lm abm cpuid_fault invpcid_single pti ssbd ibrs ibpb stibp fsgsbase tsc_adjust bmi1 avx2 smep bmi2 erms invpcid smap xsaveopt arat md_clear arch_capabilities\u000abugs		: cpu_meltdown spectre_v1 spectre_v2 spec_store_bypass l1tf mds swapgs\u000abogomips	: 4999.92\u000aclflush size	: 64\u000acache_alignment	: 64\u000aaddress sizes	: 46 bits physical, 48 bits virtual\u000apower management:\u000a\u000aprocessor	: 1\u000avendor_id	: GenuineIntel\u000acpu family	: 6\u000amodel		: 63\u000amodel name	: Intel(R) Xeon(R) Processor @ 2.50GHz\u000astepping	: 2\u000amicrocode	: 0x1\u000acpu MHz		: 2499.960\u000acache size	: 33792 KB\u000aphysical id	: 0\u000asiblings	: 2\u000acore id		: 1\u000acpu cores	: 2\u000aapicid		: 1\u000ainitial apicid	: 1\u000afpu		: yes\u000afpu_exception	: yes\u000acpuid level	: 13\u000awp		: yes\u000aflags		: fpu vme de pse tsc msr pae mce cx8 apic sep mtrr pge mca cmov pat pse36 clflush mmx fxsr sse sse2 ht syscall nx rdtscp lm constant_tsc rep_good nopl xtopology nonstop_tsc cpuid tsc_known_freq pni pclmulqdq ssse3 fma cx16 pcid sse4_1 sse4_2 x2apic movbe popcnt tsc_deadline_timer aes xsave avx f16c rdrand hypervisor lahf_lm abm cpuid_fault invpcid_single pti ssbd ibrs ibpb stibp fsgsbase tsc_adjust bmi1 avx2 smep bmi2 erms invpcid smap xsaveopt arat md_clear arch_capabilities\u000abugs		: cpu_meltdown spectre_v1 spectre_v2 spec_store_bypass l1tf mds swapgs\u000abogomips	: 4999.92\u000aclflush size	: 64\u000acache_alignment	: 64\u000aaddress sizes	: 46 bits physical, 48 bits virtual\u000apower management:\u000a\u000a
p39
sV/proc/meminfo
p40
VMemTotal:        1717184 kB\u000aMemFree:         1121996 kB\u000aMemAvailable:    1486348 kB\u000aBuffers:           17004 kB\u000aCached:           461644 kB\u000aSwapCached:            0 kB\u000aActive:            93440 kB\u000aInactive:         446044 kB\u000aActive(anon):      60844 kB\u000aInactive(anon):      216 kB\u000aActive(file):      32596 kB\u000aInactive(file):   445828 kB\u000aUnevictable:           0 kB\u000aMlocked:               0 kB\u000aSwapTotal:             0 kB\u000aSwapFree:              0 kB\u000aDirty:               356 kB\u000aWriteback:             0 kB\u000aAnonPages:         60764 kB\u000aMapped:            35164 kB\u000aShmem:               220 kB\u000aSlab:              43292 kB\u000aSReclaimable:      32868 kB\u000aSUnreclaim:        10424 kB\u000aKernelStack:        1168 kB\u000aPageTables:         1300 kB\u000aNFS_Unstable:          0 kB\u000aBounce:                0 kB\u000aWritebackTmp:          0 kB\u000aCommitLimit:      858592 kB\u000aCommitted_AS:     256040 kB\u000aVmallocTotal:   34359738367 kB\u000aVmallocUsed:           0 kB\u000aVmallocChunk:          0 kB\u000aAnonHugePages:         0 kB\u000aShmemHugePages:        0 kB\u000aShmemPmdMapped:        0 kB\u000aHugePages_Total:       0\u000aHugePages_Free:        0\u000aHugePages_Rsvd:        0\u000aHugePages_Surp:        0\u000aHugepagesize:       2048 kB\u000aDirectMap4k:       21504 kB\u000aDirectMap2M:     1740800 kB\u000a
p41
ssVstatus_key
p42
Vpywren.jobs/60bcf6f6-ef0c-4824-af15-445618a3b262/00000/status.json
p43
sVend_time
p44
F1609150600.568738
sVlog_group_name
p45
V/aws/lambda/pywren_redis_2
p46
sVdata_key
p47
Vpywren.jobs/60bcf6f6-ef0c-4824-af15-445618a3b262/aggdata.pickle
p48
sa(dp49
Vcallset_id
p50
V60bcf6f6-ef0c-4824-af15-445618a3b262
p51
sVlog_stream_name
p52
V2020/12/28/[$LATEST]f2833ab781e54389b8d478155f38edaf
p53
sVstdout
p54
V
sVfunc_key
p55
Vpywren.jobs/60bcf6f6-ef0c-4824-af15-445618a3b262/func.pickle
p56
sVfree_disk_bytes
p57
I538333184
sVruntime_cached
p58
I00
sVretcode
p59
I0
sVcall_id
p60
V00001
p61
sVoutput_key
p62
Vpywren.jobs/60bcf6f6-ef0c-4824-af15-445618a3b262/00001/output.pickle
p63
sVruntime_s3_key_used
p64
Vc4680d-pywren.runtimes/default_2.7.tar.gz.0043
p65
sVaws_request_id
p66
Vca9137e2-4c6d-4d05-979b-7d5af4973544
p67
sVexec_time
p68
F69.152734041213989
sVstart_time
p69
F1609150547.2877491
sVsetup_time
p70
F7.1189849376678467
sVruntime_s3_bucket_used
p71
Vpywren-runtimes-public-us-west-2
p72
sVexception
p73
NsVhost_submit_time
p74
F1609150546.5255001
sVserver_info
p75
(dp76
Vuname
p77
V('Linux', '169.254.227.69', '4.14.203-112.332.amzn2.x86_64', '#1 SMP Wed Nov 4 20:46:34 UTC 2020', 'x86_64', 'x86_64')
p78
sV/proc/self/cgroup
p79
VMemTotal:        1717184 kB\u000aMemFree:         1118448 kB\u000aMemAvailable:    1486488 kB\u000aBuffers:           17348 kB\u000aCached:           464932 kB\u000aSwapCached:            0 kB\u000aActive:            95332 kB\u000aInactive:         447844 kB\u000aActive(anon):      60884 kB\u000aInactive(anon):      216 kB\u000aActive(file):      34448 kB\u000aInactive(file):   447628 kB\u000aUnevictable:           0 kB\u000aMlocked:               0 kB\u000aSwapTotal:             0 kB\u000aSwapFree:              0 kB\u000aDirty:                 0 kB\u000aWriteback:             0 kB\u000aAnonPages:         60888 kB\u000aMapped:            34772 kB\u000aShmem:               220 kB\u000aSlab:              42992 kB\u000aSReclaimable:      32944 kB\u000aSUnreclaim:        10048 kB\u000aKernelStack:        1152 kB\u000aPageTables:         1332 kB\u000aNFS_Unstable:          0 kB\u000aBounce:                0 kB\u000aWritebackTmp:          0 kB\u000aCommitLimit:      858592 kB\u000aCommitted_AS:     254852 kB\u000aVmallocTotal:   34359738367 kB\u000aVmallocUsed:           0 kB\u000aVmallocChunk:          0 kB\u000aAnonHugePages:         0 kB\u000aShmemHugePages:        0 kB\u000aShmemPmdMapped:        0 kB\u000aHugePages_Total:       0\u000aHugePages_Free:        0\u000aHugePages_Rsvd:        0\u000aHugePages_Surp:        0\u000aHugepagesize:       2048 kB\u000aDirectMap4k:       23552 kB\u000aDirectMap2M:     1738752 kB\u000a
p80
sV/proc/cgroups
p81
V#subsys_name	hierarchy	num_cgroups	enabled\u000acpuset	3	1	1\u000acpu	4	5	1\u000acpuacct	4	5	1\u000ablkio	9	1	1\u000amemory	7	5	1\u000adevices	6	1	1\u000afreezer	11	2	1\u000anet_cls	2	1	1\u000aperf_event	10	1	1\u000anet_prio	2	1	1\u000ahugetlb	5	1	1\u000apids	8	1	1\u000a
p82
sV/proc/cpuinfo
p83
Vprocessor	: 0\u000avendor_id	: GenuineIntel\u000acpu family	: 6\u000amodel		: 63\u000amodel name	: Intel(R) Xeon(R) Processor @ 2.50GHz\u000astepping	: 2\u000amicrocode	: 0x1\u000acpu MHz		: 2500.012\u000acache size	: 33792 KB\u000aphysical id	: 0\u000asiblings	: 2\u000acore id		: 0\u000acpu cores	: 2\u000aapicid		: 0\u000ainitial apicid	: 0\u000afpu		: yes\u000afpu_exception	: yes\u000acpuid level	: 13\u000awp		: yes\u000aflags		: fpu vme de pse tsc msr pae mce cx8 apic sep mtrr pge mca cmov pat pse36 clflush mmx fxsr sse sse2 ht syscall nx rdtscp lm constant_tsc rep_good nopl xtopology nonstop_tsc cpuid tsc_known_freq pni pclmulqdq ssse3 fma cx16 pcid sse4_1 sse4_2 x2apic movbe popcnt tsc_deadline_timer aes xsave avx f16c rdrand hypervisor lahf_lm abm cpuid_fault invpcid_single pti ssbd ibrs ibpb stibp fsgsbase tsc_adjust bmi1 avx2 smep bmi2 erms invpcid smap xsaveopt arat md_clear arch_capabilities\u000abugs		: cpu_meltdown spectre_v1 spectre_v2 spec_store_bypass l1tf mds swapgs\u000abogomips	: 5000.02\u000aclflush size	: 64\u000acache_alignment	: 64\u000aaddress sizes	: 46 bits physical, 48 bits virtual\u000apower management:\u000a\u000aprocessor	: 1\u000avendor_id	: GenuineIntel\u000acpu family	: 6\u000amodel		: 63\u000amodel name	: Intel(R) Xeon(R) Processor @ 2.50GHz\u000astepping	: 2\u000amicrocode	: 0x1\u000acpu MHz		: 2500.012\u000acache size	: 33792 KB\u000aphysical id	: 0\u000asiblings	: 2\u000acore id		: 1\u000acpu cores	: 2\u000aapicid		: 1\u000ainitial apicid	: 1\u000afpu		: yes\u000afpu_exception	: yes\u000acpuid level	: 13\u000awp		: yes\u000aflags		: fpu vme de pse tsc msr pae mce cx8 apic sep mtrr pge mca cmov pat pse36 clflush mmx fxsr sse sse2 ht syscall nx rdtscp lm constant_tsc rep_good nopl xtopology nonstop_tsc cpuid tsc_known_freq pni pclmulqdq ssse3 fma cx16 pcid sse4_1 sse4_2 x2apic movbe popcnt tsc_deadline_timer aes xsave avx f16c rdrand hypervisor lahf_lm abm cpuid_fault invpcid_single pti ssbd ibrs ibpb stibp fsgsbase tsc_adjust bmi1 avx2 smep bmi2 erms invpcid smap xsaveopt arat md_clear arch_capabilities\u000abugs		: cpu_meltdown spectre_v1 spectre_v2 spec_store_bypass l1tf mds swapgs\u000abogomips	: 5000.02\u000aclflush size	: 64\u000acache_alignment	: 64\u000aaddress sizes	: 46 bits physical, 48 bits virtual\u000apower management:\u000a\u000a
p84
sV/proc/meminfo
p85
VMemTotal:        1717184 kB\u000aMemFree:         1118448 kB\u000aMemAvailable:    1486488 kB\u000aBuffers:           17348 kB\u000aCached:           464932 kB\u000aSwapCached:            0 kB\u000aActive:            95332 kB\u000aInactive:         447844 kB\u000aActive(anon):      60884 kB\u000aInactive(anon):      216 kB\u000aActive(file):      34448 kB\u000aInactive(file):   447628 kB\u000aUnevictable:           0 kB\u000aMlocked:               0 kB\u000aSwapTotal:             0 kB\u000aSwapFree:              0 kB\u000aDirty:                 0 kB\u000aWriteback:             0 kB\u000aAnonPages:         60888 kB\u000aMapped:            34772 kB\u000aShmem:               220 kB\u000aSlab:              42992 kB\u000aSReclaimable:      32944 kB\u000aSUnreclaim:        10048 kB\u000aKernelStack:        1152 kB\u000aPageTables:         1332 kB\u000aNFS_Unstable:          0 kB\u000aBounce:                0 kB\u000aWritebackTmp:          0 kB\u000aCommitLimit:      858592 kB\u000aCommitted_AS:     254852 kB\u000aVmallocTotal:   34359738367 kB\u000aVmallocUsed:           0 kB\u000aVmallocChunk:          0 kB\u000aAnonHugePages:         0 kB\u000aShmemHugePages:        0 kB\u000aShmemPmdMapped:        0 kB\u000aHugePages_Total:       0\u000aHugePages_Free:        0\u000aHugePages_Rsvd:        0\u000aHugePages_Surp:        0\u000aHugepagesize:       2048 kB\u000aDirectMap4k:       23552 kB\u000aDirectMap2M:     1738752 kB\u000a
p86
ssVstatus_key
p87
Vpywren.jobs/60bcf6f6-ef0c-4824-af15-445618a3b262/00001/status.json
p88
sVend_time
p89
F1609150623.559463
sVlog_group_name
p90
V/aws/lambda/pywren_redis_2
p91
sVdata_key
p92
Vpywren.jobs/60bcf6f6-ef0c-4824-af15-445618a3b262/aggdata.pickle
p93
sa(dp94
Vcallset_id
p95
V60bcf6f6-ef0c-4824-af15-445618a3b262
p96
sVlog_stream_name
p97
V2020/12/28/[$LATEST]79b853e7957a424f83004f633cfe8aa0
p98
sVstdout
p99
V
sVfunc_key
p100
Vpywren.jobs/60bcf6f6-ef0c-4824-af15-445618a3b262/func.pickle
p101
sVfree_disk_bytes
p102
I538333184
sVruntime_cached
p103
I00
sVretcode
p104
I0
sVcall_id
p105
V00002
p106
sVoutput_key
p107
Vpywren.jobs/60bcf6f6-ef0c-4824-af15-445618a3b262/00002/output.pickle
p108
sVruntime_s3_key_used
p109
V6fb4a4-pywren.runtimes/default_2.7.tar.gz.0003
p110
sVaws_request_id
p111
V751233b5-89b4-429e-bdfd-6583bc4fbd81
p112
sVexec_time
p113
F68.380959033966064
sVstart_time
p114
F1609150547.340734
sVsetup_time
p115
F7.1676290035247803
sVruntime_s3_bucket_used
p116
Vpywren-runtimes-public-us-west-2
p117
sVexception
p118
NsVhost_submit_time
p119
F1609150546.5269091
sVserver_info
p120
(dp121
Vuname
p122
V('Linux', '169.254.170.117', '4.14.203-112.332.amzn2.x86_64', '#1 SMP Wed Nov 4 20:46:34 UTC 2020', 'x86_64', 'x86_64')
p123
sV/proc/self/cgroup
p124
VMemTotal:        1717184 kB\u000aMemFree:         1117732 kB\u000aMemAvailable:    1486160 kB\u000aBuffers:           17772 kB\u000aCached:           464880 kB\u000aSwapCached:            0 kB\u000aActive:            94996 kB\u000aInactive:         448424 kB\u000aActive(anon):      60760 kB\u000aInactive(anon):      216 kB\u000aActive(file):      34236 kB\u000aInactive(file):   448208 kB\u000aUnevictable:           0 kB\u000aMlocked:               0 kB\u000aSwapTotal:             0 kB\u000aSwapFree:              0 kB\u000aDirty:               236 kB\u000aWriteback:             0 kB\u000aAnonPages:         60756 kB\u000aMapped:            35524 kB\u000aShmem:               220 kB\u000aSlab:              43032 kB\u000aSReclaimable:      32980 kB\u000aSUnreclaim:        10052 kB\u000aKernelStack:        1152 kB\u000aPageTables:         1332 kB\u000aNFS_Unstable:          0 kB\u000aBounce:                0 kB\u000aWritebackTmp:          0 kB\u000aCommitLimit:      858592 kB\u000aCommitted_AS:     253760 kB\u000aVmallocTotal:   34359738367 kB\u000aVmallocUsed:           0 kB\u000aVmallocChunk:          0 kB\u000aAnonHugePages:         0 kB\u000aShmemHugePages:        0 kB\u000aShmemPmdMapped:        0 kB\u000aHugePages_Total:       0\u000aHugePages_Free:        0\u000aHugePages_Rsvd:        0\u000aHugePages_Surp:        0\u000aHugepagesize:       2048 kB\u000aDirectMap4k:       23552 kB\u000aDirectMap2M:     1738752 kB\u000a
p125
sV/proc/cgroups
p126
V#subsys_name	hierarchy	num_cgroups	enabled\u000acpuset	11	1	1\u000acpu	5	5	1\u000acpuacct	5	5	1\u000ablkio	2	1	1\u000amemory	7	5	1\u000adevices	8	1	1\u000afreezer	10	2	1\u000anet_cls	3	1	1\u000aperf_event	9	1	1\u000anet_prio	3	1	1\u000ahugetlb	4	1	1\u000apids	6	1	1\u000a
p127
sV/proc/cpuinfo
p128
Vprocessor	: 0\u000avendor_id	: GenuineIntel\u000acpu family	: 6\u000amodel		: 63\u000amodel name	: Intel(R) Xeon(R) Processor @ 2.50GHz\u000astepping	: 2\u000amicrocode	: 0x1\u000acpu MHz		: 2500.014\u000acache size	: 33792 KB\u000aphysical id	: 0\u000asiblings	: 2\u000acore id		: 0\u000acpu cores	: 2\u000aapicid		: 0\u000ainitial apicid	: 0\u000afpu		: yes\u000afpu_exception	: yes\u000acpuid level	: 13\u000awp		: yes\u000aflags		: fpu vme de pse tsc msr pae mce cx8 apic sep mtrr pge mca cmov pat pse36 clflush mmx fxsr sse sse2 ht syscall nx rdtscp lm constant_tsc rep_good nopl xtopology nonstop_tsc cpuid tsc_known_freq pni pclmulqdq ssse3 fma cx16 pcid sse4_1 sse4_2 x2apic movbe popcnt tsc_deadline_timer aes xsave avx f16c rdrand hypervisor lahf_lm abm cpuid_fault invpcid_single pti ssbd ibrs ibpb stibp fsgsbase tsc_adjust bmi1 avx2 smep bmi2 erms invpcid smap xsaveopt arat md_clear arch_capabilities\u000abugs		: cpu_meltdown spectre_v1 spectre_v2 spec_store_bypass l1tf mds swapgs\u000abogomips	: 5000.02\u000aclflush size	: 64\u000acache_alignment	: 64\u000aaddress sizes	: 46 bits physical, 48 bits virtual\u000apower management:\u000a\u000aprocessor	: 1\u000avendor_id	: GenuineIntel\u000acpu family	: 6\u000amodel		: 63\u000amodel name	: Intel(R) Xeon(R) Processor @ 2.50GHz\u000astepping	: 2\u000amicrocode	: 0x1\u000acpu MHz		: 2500.014\u000acache size	: 33792 KB\u000aphysical id	: 0\u000asiblings	: 2\u000acore id		: 1\u000acpu cores	: 2\u000aapicid		: 1\u000ainitial apicid	: 1\u000afpu		: yes\u000afpu_exception	: yes\u000acpuid level	: 13\u000awp		: yes\u000aflags		: fpu vme de pse tsc msr pae mce cx8 apic sep mtrr pge mca cmov pat pse36 clflush mmx fxsr sse sse2 ht syscall nx rdtscp lm constant_tsc rep_good nopl xtopology nonstop_tsc cpuid tsc_known_freq pni pclmulqdq ssse3 fma cx16 pcid sse4_1 sse4_2 x2apic movbe popcnt tsc_deadline_timer aes xsave avx f16c rdrand hypervisor lahf_lm abm cpuid_fault invpcid_single pti ssbd ibrs ibpb stibp fsgsbase tsc_adjust bmi1 avx2 smep bmi2 erms invpcid smap xsaveopt arat md_clear arch_capabilities\u000abugs		: cpu_meltdown spectre_v1 spectre_v2 spec_store_bypass l1tf mds swapgs\u000abogomips	: 5000.02\u000aclflush size	: 64\u000acache_alignment	: 64\u000aaddress sizes	: 46 bits physical, 48 bits virtual\u000apower management:\u000a\u000a
p129
sV/proc/meminfo
p130
VMemTotal:        1717184 kB\u000aMemFree:         1117732 kB\u000aMemAvailable:    1486160 kB\u000aBuffers:           17772 kB\u000aCached:           464880 kB\u000aSwapCached:            0 kB\u000aActive:            94996 kB\u000aInactive:         448424 kB\u000aActive(anon):      60760 kB\u000aInactive(anon):      216 kB\u000aActive(file):      34236 kB\u000aInactive(file):   448208 kB\u000aUnevictable:           0 kB\u000aMlocked:               0 kB\u000aSwapTotal:             0 kB\u000aSwapFree:              0 kB\u000aDirty:               236 kB\u000aWriteback:             0 kB\u000aAnonPages:         60756 kB\u000aMapped:            35524 kB\u000aShmem:               220 kB\u000aSlab:              43032 kB\u000aSReclaimable:      32980 kB\u000aSUnreclaim:        10052 kB\u000aKernelStack:        1152 kB\u000aPageTables:         1332 kB\u000aNFS_Unstable:          0 kB\u000aBounce:                0 kB\u000aWritebackTmp:          0 kB\u000aCommitLimit:      858592 kB\u000aCommitted_AS:     253760 kB\u000aVmallocTotal:   34359738367 kB\u000aVmallocUsed:           0 kB\u000aVmallocChunk:          0 kB\u000aAnonHugePages:         0 kB\u000aShmemHugePages:        0 kB\u000aShmemPmdMapped:        0 kB\u000aHugePages_Total:       0\u000aHugePages_Free:        0\u000aHugePages_Rsvd:        0\u000aHugePages_Surp:        0\u000aHugepagesize:       2048 kB\u000aDirectMap4k:       23552 kB\u000aDirectMap2M:     1738752 kB\u000a
p131
ssVstatus_key
p132
Vpywren.jobs/60bcf6f6-ef0c-4824-af15-445618a3b262/00002/status.json
p133
sVend_time
p134
F1609150622.889318
sVlog_group_name
p135
V/aws/lambda/pywren_redis_2
p136
sVdata_key
p137
Vpywren.jobs/60bcf6f6-ef0c-4824-af15-445618a3b262/aggdata.pickle
p138
sa(dp139
Vcallset_id
p140
V60bcf6f6-ef0c-4824-af15-445618a3b262
p141
sVlog_stream_name
p142
V2020/12/28/[$LATEST]dc87540ad8214e7d95cf8435d0281d26
p143
sVstdout
p144
V
sVfunc_key
p145
Vpywren.jobs/60bcf6f6-ef0c-4824-af15-445618a3b262/func.pickle
p146
sVfree_disk_bytes
p147
I538333184
sVruntime_cached
p148
I00
sVretcode
p149
I0
sVcall_id
p150
V00003
p151
sVoutput_key
p152
Vpywren.jobs/60bcf6f6-ef0c-4824-af15-445618a3b262/00003/output.pickle
p153
sVruntime_s3_key_used
p154
V830f4c-pywren.runtimes/default_2.7.tar.gz.0018
p155
sVaws_request_id
p156
V983fb54d-948f-4fd0-82de-ada23c56c7e9
p157
sVexec_time
p158
F74.393643140792847
sVstart_time
p159
F1609150547.2425539
sVsetup_time
p160
F7.0815730094909668
sVruntime_s3_bucket_used
p161
Vpywren-runtimes-public-us-west-2
p162
sVexception
p163
NsVhost_submit_time
p164
F1609150546.5353351
sVserver_info
p165
(dp166
Vuname
p167
V('Linux', '169.254.164.213', '4.14.203-112.332.amzn2.x86_64', '#1 SMP Wed Nov 4 20:46:34 UTC 2020', 'x86_64', 'x86_64')
p168
sV/proc/self/cgroup
p169
VMemTotal:        1717184 kB\u000aMemFree:         1119168 kB\u000aMemAvailable:    1486460 kB\u000aBuffers:           17608 kB\u000aCached:           463920 kB\u000aSwapCached:            0 kB\u000aActive:            94296 kB\u000aInactive:         448008 kB\u000aActive(anon):      60772 kB\u000aInactive(anon):      212 kB\u000aActive(file):      33524 kB\u000aInactive(file):   447796 kB\u000aUnevictable:           0 kB\u000aMlocked:               0 kB\u000aSwapTotal:             0 kB\u000aSwapFree:              0 kB\u000aDirty:                 0 kB\u000aWriteback:             0 kB\u000aAnonPages:         60724 kB\u000aMapped:            35336 kB\u000aShmem:               220 kB\u000aSlab:              43368 kB\u000aSReclaimable:      32960 kB\u000aSUnreclaim:        10408 kB\u000aKernelStack:        1168 kB\u000aPageTables:         1412 kB\u000aNFS_Unstable:          0 kB\u000aBounce:                0 kB\u000aWritebackTmp:          0 kB\u000aCommitLimit:      858592 kB\u000aCommitted_AS:     252840 kB\u000aVmallocTotal:   34359738367 kB\u000aVmallocUsed:           0 kB\u000aVmallocChunk:          0 kB\u000aAnonHugePages:         0 kB\u000aShmemHugePages:        0 kB\u000aShmemPmdMapped:        0 kB\u000aHugePages_Total:       0\u000aHugePages_Free:        0\u000aHugePages_Rsvd:        0\u000aHugePages_Surp:        0\u000aHugepagesize:       2048 kB\u000aDirectMap4k:       21504 kB\u000aDirectMap2M:     1740800 kB\u000a
p170
sV/proc/cgroups
p171
V#subsys_name	hierarchy	num_cgroups	enabled\u000acpuset	2	1	1\u000acpu	5	5	1\u000acpuacct	5	5	1\u000ablkio	7	1	1\u000amemory	11	5	1\u000adevices	4	1	1\u000afreezer	3	2	1\u000anet_cls	10	1	1\u000aperf_event	6	1	1\u000anet_prio	10	1	1\u000ahugetlb	8	1	1\u000apids	9	1	1\u000a
p172
sV/proc/cpuinfo
p173
Vprocessor	: 0\u000avendor_id	: GenuineIntel\u000acpu family	: 6\u000amodel		: 63\u000amodel name	: Intel(R) Xeon(R) Processor @ 2.50GHz\u000astepping	: 2\u000amicrocode	: 0x1\u000acpu MHz		: 2500.012\u000acache size	: 36608 KB\u000aphysical id	: 0\u000asiblings	: 2\u000acore id		: 0\u000acpu cores	: 2\u000aapicid		: 0\u000ainitial apicid	: 0\u000afpu		: yes\u000afpu_exception	: yes\u000acpuid level	: 13\u000awp		: yes\u000aflags		: fpu vme de pse tsc msr pae mce cx8 apic sep mtrr pge mca cmov pat pse36 clflush mmx fxsr sse sse2 ht syscall nx rdtscp lm constant_tsc rep_good nopl xtopology nonstop_tsc cpuid tsc_known_freq pni pclmulqdq ssse3 fma cx16 pcid sse4_1 sse4_2 x2apic movbe popcnt tsc_deadline_timer aes xsave avx f16c rdrand hypervisor lahf_lm abm cpuid_fault invpcid_single ssbd ibrs ibpb stibp ibrs_enhanced fsgsbase tsc_adjust bmi1 avx2 smep bmi2 erms invpcid smap xsaveopt arat md_clear arch_capabilities\u000abugs		: spectre_v1 spectre_v2 spec_store_bypass swapgs\u000abogomips	: 5000.02\u000aclflush size	: 64\u000acache_alignment	: 64\u000aaddress sizes	: 46 bits physical, 48 bits virtual\u000apower management:\u000a\u000aprocessor	: 1\u000avendor_id	: GenuineIntel\u000acpu family	: 6\u000amodel		: 63\u000amodel name	: Intel(R) Xeon(R) Processor @ 2.50GHz\u000astepping	: 2\u000amicrocode	: 0x1\u000acpu MHz		: 2500.012\u000acache size	: 36608 KB\u000aphysical id	: 0\u000asiblings	: 2\u000acore id		: 1\u000acpu cores	: 2\u000aapicid		: 1\u000ainitial apicid	: 1\u000afpu		: yes\u000afpu_exception	: yes\u000acpuid level	: 13\u000awp		: yes\u000aflags		: fpu vme de pse tsc msr pae mce cx8 apic sep mtrr pge mca cmov pat pse36 clflush mmx fxsr sse sse2 ht syscall nx rdtscp lm constant_tsc rep_good nopl xtopology nonstop_tsc cpuid tsc_known_freq pni pclmulqdq ssse3 fma cx16 pcid sse4_1 sse4_2 x2apic movbe popcnt tsc_deadline_timer aes xsave avx f16c rdrand hypervisor lahf_lm abm cpuid_fault invpcid_single ssbd ibrs ibpb stibp ibrs_enhanced fsgsbase tsc_adjust bmi1 avx2 smep bmi2 erms invpcid smap xsaveopt arat md_clear arch_capabilities\u000abugs		: spectre_v1 spectre_v2 spec_store_bypass swapgs\u000abogomips	: 5000.02\u000aclflush size	: 64\u000acache_alignment	: 64\u000aaddress sizes	: 46 bits physical, 48 bits virtual\u000apower management:\u000a\u000a
p174
sV/proc/meminfo
p175
VMemTotal:        1717184 kB\u000aMemFree:         1119168 kB\u000aMemAvailable:    1486460 kB\u000aBuffers:           17608 kB\u000aCached:           463920 kB\u000aSwapCached:            0 kB\u000aActive:            94296 kB\u000aInactive:         448008 kB\u000aActive(anon):      60772 kB\u000aInactive(anon):      212 kB\u000aActive(file):      33524 kB\u000aInactive(file):   447796 kB\u000aUnevictable:           0 kB\u000aMlocked:               0 kB\u000aSwapTotal:             0 kB\u000aSwapFree:              0 kB\u000aDirty:                 0 kB\u000aWriteback:             0 kB\u000aAnonPages:         60724 kB\u000aMapped:            35336 kB\u000aShmem:               220 kB\u000aSlab:              43368 kB\u000aSReclaimable:      32960 kB\u000aSUnreclaim:        10408 kB\u000aKernelStack:        1168 kB\u000aPageTables:         1412 kB\u000aNFS_Unstable:          0 kB\u000aBounce:                0 kB\u000aWritebackTmp:          0 kB\u000aCommitLimit:      858592 kB\u000aCommitted_AS:     252840 kB\u000aVmallocTotal:   34359738367 kB\u000aVmallocUsed:           0 kB\u000aVmallocChunk:          0 kB\u000aAnonHugePages:         0 kB\u000aShmemHugePages:        0 kB\u000aShmemPmdMapped:        0 kB\u000aHugePages_Total:       0\u000aHugePages_Free:        0\u000aHugePages_Rsvd:        0\u000aHugePages_Surp:        0\u000aHugepagesize:       2048 kB\u000aDirectMap4k:       21504 kB\u000aDirectMap2M:     1740800 kB\u000a
p176
ssVstatus_key
p177
Vpywren.jobs/60bcf6f6-ef0c-4824-af15-445618a3b262/00003/status.json
p178
sVend_time
p179
F1609150628.717766
sVlog_group_name
p180
V/aws/lambda/pywren_redis_2
p181
sVdata_key
p182
Vpywren.jobs/60bcf6f6-ef0c-4824-af15-445618a3b262/aggdata.pickle
p183
sa(dp184
Vcallset_id
p185
V60bcf6f6-ef0c-4824-af15-445618a3b262
p186
sVlog_stream_name
p187
V2020/12/28/[$LATEST]85f0271f911a41d19e7487d27fa23bfd
p188
sVstdout
p189
V
sVfunc_key
p190
Vpywren.jobs/60bcf6f6-ef0c-4824-af15-445618a3b262/func.pickle
p191
sVfree_disk_bytes
p192
I538333184
sVruntime_cached
p193
I00
sVretcode
p194
I0
sVcall_id
p195
V00004
p196
sVoutput_key
p197
Vpywren.jobs/60bcf6f6-ef0c-4824-af15-445618a3b262/00004/output.pickle
p198
sVruntime_s3_key_used
p199
V7d6d50-pywren.runtimes/default_2.7.tar.gz.0021
p200
sVaws_request_id
p201
V061bfcb8-9500-4129-a0cd-de7b69e1c635
p202
sVexec_time
p203
F44.2532799243927
sVstart_time
p204
F1609150547.3203509
sVsetup_time
p205
F7.183556079864502
sVruntime_s3_bucket_used
p206
Vpywren-runtimes-public-us-west-2
p207
sVexception
p208
NsVhost_submit_time
p209
F1609150546.5415699
sVserver_info
p210
(dp211
Vuname
p212
V('Linux', '169.254.208.237', '4.14.203-112.332.amzn2.x86_64', '#1 SMP Wed Nov 4 20:46:34 UTC 2020', 'x86_64', 'x86_64')
p213
sV/proc/self/cgroup
p214
VMemTotal:        1717184 kB\u000aMemFree:         1118132 kB\u000aMemAvailable:    1486188 kB\u000aBuffers:           17828 kB\u000aCached:           464432 kB\u000aSwapCached:            0 kB\u000aActive:            95324 kB\u000aInactive:         447812 kB\u000aActive(anon):      60864 kB\u000aInactive(anon):      216 kB\u000aActive(file):      34460 kB\u000aInactive(file):   447596 kB\u000aUnevictable:           0 kB\u000aMlocked:               0 kB\u000aSwapTotal:             0 kB\u000aSwapFree:              0 kB\u000aDirty:               380 kB\u000aWriteback:             0 kB\u000aAnonPages:         60868 kB\u000aMapped:            35032 kB\u000aShmem:               220 kB\u000aSlab:              43508 kB\u000aSReclaimable:      33012 kB\u000aSUnreclaim:        10496 kB\u000aKernelStack:        1152 kB\u000aPageTables:         1328 kB\u000aNFS_Unstable:          0 kB\u000aBounce:                0 kB\u000aWritebackTmp:          0 kB\u000aCommitLimit:      858592 kB\u000aCommitted_AS:     253840 kB\u000aVmallocTotal:   34359738367 kB\u000aVmallocUsed:           0 kB\u000aVmallocChunk:          0 kB\u000aAnonHugePages:         0 kB\u000aShmemHugePages:        0 kB\u000aShmemPmdMapped:        0 kB\u000aHugePages_Total:       0\u000aHugePages_Free:        0\u000aHugePages_Rsvd:        0\u000aHugePages_Surp:        0\u000aHugepagesize:       2048 kB\u000aDirectMap4k:       23552 kB\u000aDirectMap2M:     1738752 kB\u000a
p215
sV/proc/cgroups
p216
V#subsys_name	hierarchy	num_cgroups	enabled\u000acpuset	10	1	1\u000acpu	7	5	1\u000acpuacct	7	5	1\u000ablkio	5	1	1\u000amemory	9	5	1\u000adevices	6	1	1\u000afreezer	3	2	1\u000anet_cls	4	1	1\u000aperf_event	11	1	1\u000anet_prio	4	1	1\u000ahugetlb	2	1	1\u000apids	8	1	1\u000a
p217
sV/proc/cpuinfo
p218
Vprocessor	: 0\u000avendor_id	: GenuineIntel\u000acpu family	: 6\u000amodel		: 63\u000amodel name	: Intel(R) Xeon(R) Processor @ 2.50GHz\u000astepping	: 2\u000amicrocode	: 0x1\u000acpu MHz		: 2500.010\u000acache size	: 33792 KB\u000aphysical id	: 0\u000asiblings	: 2\u000acore id		: 0\u000acpu cores	: 2\u000aapicid		: 0\u000ainitial apicid	: 0\u000afpu		: yes\u000afpu_exception	: yes\u000acpuid level	: 13\u000awp		: yes\u000aflags		: fpu vme de pse tsc msr pae mce cx8 apic sep mtrr pge mca cmov pat pse36 clflush mmx fxsr sse sse2 ht syscall nx rdtscp lm constant_tsc rep_good nopl xtopology nonstop_tsc cpuid tsc_known_freq pni pclmulqdq ssse3 fma cx16 pcid sse4_1 sse4_2 x2apic movbe popcnt tsc_deadline_timer aes xsave avx f16c rdrand hypervisor lahf_lm abm cpuid_fault invpcid_single pti ssbd ibrs ibpb stibp fsgsbase tsc_adjust bmi1 avx2 smep bmi2 erms invpcid smap xsaveopt arat md_clear arch_capabilities\u000abugs		: cpu_meltdown spectre_v1 spectre_v2 spec_store_bypass l1tf mds swapgs\u000abogomips	: 5000.02\u000aclflush size	: 64\u000acache_alignment	: 64\u000aaddress sizes	: 46 bits physical, 48 bits virtual\u000apower management:\u000a\u000aprocessor	: 1\u000avendor_id	: GenuineIntel\u000acpu family	: 6\u000amodel		: 63\u000amodel name	: Intel(R) Xeon(R) Processor @ 2.50GHz\u000astepping	: 2\u000amicrocode	: 0x1\u000acpu MHz		: 2500.010\u000acache size	: 33792 KB\u000aphysical id	: 0\u000asiblings	: 2\u000acore id		: 1\u000acpu cores	: 2\u000aapicid		: 1\u000ainitial apicid	: 1\u000afpu		: yes\u000afpu_exception	: yes\u000acpuid level	: 13\u000awp		: yes\u000aflags		: fpu vme de pse tsc msr pae mce cx8 apic sep mtrr pge mca cmov pat pse36 clflush mmx fxsr sse sse2 ht syscall nx rdtscp lm constant_tsc rep_good nopl xtopology nonstop_tsc cpuid tsc_known_freq pni pclmulqdq ssse3 fma cx16 pcid sse4_1 sse4_2 x2apic movbe popcnt tsc_deadline_timer aes xsave avx f16c rdrand hypervisor lahf_lm abm cpuid_fault invpcid_single pti ssbd ibrs ibpb stibp fsgsbase tsc_adjust bmi1 avx2 smep bmi2 erms invpcid smap xsaveopt arat md_clear arch_capabilities\u000abugs		: cpu_meltdown spectre_v1 spectre_v2 spec_store_bypass l1tf mds swapgs\u000abogomips	: 5000.02\u000aclflush size	: 64\u000acache_alignment	: 64\u000aaddress sizes	: 46 bits physical, 48 bits virtual\u000apower management:\u000a\u000a
p219
sV/proc/meminfo
p220
VMemTotal:        1717184 kB\u000aMemFree:         1118132 kB\u000aMemAvailable:    1486188 kB\u000aBuffers:           17828 kB\u000aCached:           464432 kB\u000aSwapCached:            0 kB\u000aActive:            95324 kB\u000aInactive:         447812 kB\u000aActive(anon):      60864 kB\u000aInactive(anon):      216 kB\u000aActive(file):      34460 kB\u000aInactive(file):   447596 kB\u000aUnevictable:           0 kB\u000aMlocked:               0 kB\u000aSwapTotal:             0 kB\u000aSwapFree:              0 kB\u000aDirty:               380 kB\u000aWriteback:             0 kB\u000aAnonPages:         60868 kB\u000aMapped:            35032 kB\u000aShmem:               220 kB\u000aSlab:              43508 kB\u000aSReclaimable:      33012 kB\u000aSUnreclaim:        10496 kB\u000aKernelStack:        1152 kB\u000aPageTables:         1328 kB\u000aNFS_Unstable:          0 kB\u000aBounce:                0 kB\u000aWritebackTmp:          0 kB\u000aCommitLimit:      858592 kB\u000aCommitted_AS:     253840 kB\u000aVmallocTotal:   34359738367 kB\u000aVmallocUsed:           0 kB\u000aVmallocChunk:          0 kB\u000aAnonHugePages:         0 kB\u000aShmemHugePages:        0 kB\u000aShmemPmdMapped:        0 kB\u000aHugePages_Total:       0\u000aHugePages_Free:        0\u000aHugePages_Rsvd:        0\u000aHugePages_Surp:        0\u000aHugepagesize:       2048 kB\u000aDirectMap4k:       23552 kB\u000aDirectMap2M:     1738752 kB\u000a
p221
ssVstatus_key
p222
Vpywren.jobs/60bcf6f6-ef0c-4824-af15-445618a3b262/00004/status.json
p223
sVend_time
p224
F1609150598.7571819
sVlog_group_name
p225
V/aws/lambda/pywren_redis_2
p226
sVdata_key
p227
Vpywren.jobs/60bcf6f6-ef0c-4824-af15-445618a3b262/aggdata.pickle
p228
sa(dp229
Vcallset_id
p230
V60bcf6f6-ef0c-4824-af15-445618a3b262
p231
sVlog_stream_name
p232
V2020/12/28/[$LATEST]17afdef2963a4a8f93be67110762a138
p233
sVstdout
p234
V
sVfunc_key
p235
Vpywren.jobs/60bcf6f6-ef0c-4824-af15-445618a3b262/func.pickle
p236
sVfree_disk_bytes
p237
I538333184
sVruntime_cached
p238
I00
sVretcode
p239
I0
sVcall_id
p240
V00005
p241
sVoutput_key
p242
Vpywren.jobs/60bcf6f6-ef0c-4824-af15-445618a3b262/00005/output.pickle
p243
sVruntime_s3_key_used
p244
V56d5ee-pywren.runtimes/default_2.7.tar.gz.0035
p245
sVaws_request_id
p246
V1c26b7fc-36bc-4112-ac28-a4a7a4ea3e60
p247
sVexec_time
p248
F52.526476860046387
sVstart_time
p249
F1609150547.281486
sVsetup_time
p250
F7.3562710285186768
sVruntime_s3_bucket_used
p251
Vpywren-runtimes-public-us-west-2
p252
sVexception
p253
NsVhost_submit_time
p254
F1609150546.5471661
sVserver_info
p255
(dp256
Vuname
p257
V('Linux', '169.254.155.133', '4.14.203-112.332.amzn2.x86_64', '#1 SMP Wed Nov 4 20:46:34 UTC 2020', 'x86_64', 'x86_64')
p258
sV/proc/self/cgroup
p259
VMemTotal:        1717184 kB\u000aMemFree:         1117468 kB\u000aMemAvailable:    1485260 kB\u000aBuffers:           17708 kB\u000aCached:           464360 kB\u000aSwapCached:            0 kB\u000aActive:            94784 kB\u000aInactive:         448572 kB\u000aActive(anon):      61280 kB\u000aInactive(anon):      216 kB\u000aActive(file):      33504 kB\u000aInactive(file):   448356 kB\u000aUnevictable:           0 kB\u000aMlocked:               0 kB\u000aSwapTotal:             0 kB\u000aSwapFree:              0 kB\u000aDirty:               144 kB\u000aWriteback:             0 kB\u000aAnonPages:         61224 kB\u000aMapped:            35116 kB\u000aShmem:               220 kB\u000aSlab:              43008 kB\u000aSReclaimable:      32876 kB\u000aSUnreclaim:        10132 kB\u000aKernelStack:        1168 kB\u000aPageTables:         1300 kB\u000aNFS_Unstable:          0 kB\u000aBounce:                0 kB\u000aWritebackTmp:          0 kB\u000aCommitLimit:      858592 kB\u000aCommitted_AS:     253836 kB\u000aVmallocTotal:   34359738367 kB\u000aVmallocUsed:           0 kB\u000aVmallocChunk:          0 kB\u000aAnonHugePages:         0 kB\u000aShmemHugePages:        0 kB\u000aShmemPmdMapped:        0 kB\u000aHugePages_Total:       0\u000aHugePages_Free:        0\u000aHugePages_Rsvd:        0\u000aHugePages_Surp:        0\u000aHugepagesize:       2048 kB\u000aDirectMap4k:       23552 kB\u000aDirectMap2M:     1738752 kB\u000a
p260
sV/proc/cgroups
p261
V#subsys_name	hierarchy	num_cgroups	enabled\u000acpuset	10	1	1\u000acpu	4	5	1\u000acpuacct	4	5	1\u000ablkio	3	1	1\u000amemory	7	5	1\u000adevices	5	1	1\u000afreezer	6	2	1\u000anet_cls	9	1	1\u000aperf_event	2	1	1\u000anet_prio	9	1	1\u000ahugetlb	8	1	1\u000apids	11	1	1\u000a
p262
sV/proc/cpuinfo
p263
Vprocessor	: 0\u000avendor_id	: GenuineIntel\u000acpu family	: 6\u000amodel		: 63\u000amodel name	: Intel(R) Xeon(R) Processor @ 2.50GHz\u000astepping	: 2\u000amicrocode	: 0x1\u000acpu MHz		: 2500.008\u000acache size	: 33792 KB\u000aphysical id	: 0\u000asiblings	: 2\u000acore id		: 0\u000acpu cores	: 2\u000aapicid		: 0\u000ainitial apicid	: 0\u000afpu		: yes\u000afpu_exception	: yes\u000acpuid level	: 13\u000awp		: yes\u000aflags		: fpu vme de pse tsc msr pae mce cx8 apic sep mtrr pge mca cmov pat pse36 clflush mmx fxsr sse sse2 ht syscall nx rdtscp lm constant_tsc rep_good nopl xtopology nonstop_tsc cpuid tsc_known_freq pni pclmulqdq ssse3 fma cx16 pcid sse4_1 sse4_2 x2apic movbe popcnt tsc_deadline_timer aes xsave avx f16c rdrand hypervisor lahf_lm abm cpuid_fault invpcid_single pti ssbd ibrs ibpb stibp fsgsbase tsc_adjust bmi1 avx2 smep bmi2 erms invpcid smap xsaveopt arat md_clear arch_capabilities\u000abugs		: cpu_meltdown spectre_v1 spectre_v2 spec_store_bypass l1tf mds swapgs\u000abogomips	: 5000.01\u000aclflush size	: 64\u000acache_alignment	: 64\u000aaddress sizes	: 46 bits physical, 48 bits virtual\u000apower management:\u000a\u000aprocessor	: 1\u000avendor_id	: GenuineIntel\u000acpu family	: 6\u000amodel		: 63\u000amodel name	: Intel(R) Xeon(R) Processor @ 2.50GHz\u000astepping	: 2\u000amicrocode	: 0x1\u000acpu MHz		: 2500.008\u000acache size	: 33792 KB\u000aphysical id	: 0\u000asiblings	: 2\u000acore id		: 1\u000acpu cores	: 2\u000aapicid		: 1\u000ainitial apicid	: 1\u000afpu		: yes\u000afpu_exception	: yes\u000acpuid level	: 13\u000awp		: yes\u000aflags		: fpu vme de pse tsc msr pae mce cx8 apic sep mtrr pge mca cmov pat pse36 clflush mmx fxsr sse sse2 ht syscall nx rdtscp lm constant_tsc rep_good nopl xtopology nonstop_tsc cpuid tsc_known_freq pni pclmulqdq ssse3 fma cx16 pcid sse4_1 sse4_2 x2apic movbe popcnt tsc_deadline_timer aes xsave avx f16c rdrand hypervisor lahf_lm abm cpuid_fault invpcid_single pti ssbd ibrs ibpb stibp fsgsbase tsc_adjust bmi1 avx2 smep bmi2 erms invpcid smap xsaveopt arat md_clear arch_capabilities\u000abugs		: cpu_meltdown spectre_v1 spectre_v2 spec_store_bypass l1tf mds swapgs\u000abogomips	: 5000.01\u000aclflush size	: 64\u000acache_alignment	: 64\u000aaddress sizes	: 46 bits physical, 48 bits virtual\u000apower management:\u000a\u000a
p264
sV/proc/meminfo
p265
VMemTotal:        1717184 kB\u000aMemFree:         1117468 kB\u000aMemAvailable:    1485260 kB\u000aBuffers:           17708 kB\u000aCached:           464360 kB\u000aSwapCached:            0 kB\u000aActive:            94784 kB\u000aInactive:         448572 kB\u000aActive(anon):      61280 kB\u000aInactive(anon):      216 kB\u000aActive(file):      33504 kB\u000aInactive(file):   448356 kB\u000aUnevictable:           0 kB\u000aMlocked:               0 kB\u000aSwapTotal:             0 kB\u000aSwapFree:              0 kB\u000aDirty:               144 kB\u000aWriteback:             0 kB\u000aAnonPages:         61224 kB\u000aMapped:            35116 kB\u000aShmem:               220 kB\u000aSlab:              43008 kB\u000aSReclaimable:      32876 kB\u000aSUnreclaim:        10132 kB\u000aKernelStack:        1168 kB\u000aPageTables:         1300 kB\u000aNFS_Unstable:          0 kB\u000aBounce:                0 kB\u000aWritebackTmp:          0 kB\u000aCommitLimit:      858592 kB\u000aCommitted_AS:     253836 kB\u000aVmallocTotal:   34359738367 kB\u000aVmallocUsed:           0 kB\u000aVmallocChunk:          0 kB\u000aAnonHugePages:         0 kB\u000aShmemHugePages:        0 kB\u000aShmemPmdMapped:        0 kB\u000aHugePages_Total:       0\u000aHugePages_Free:        0\u000aHugePages_Rsvd:        0\u000aHugePages_Surp:        0\u000aHugepagesize:       2048 kB\u000aDirectMap4k:       23552 kB\u000aDirectMap2M:     1738752 kB\u000a
p266
ssVstatus_key
p267
Vpywren.jobs/60bcf6f6-ef0c-4824-af15-445618a3b262/00005/status.json
p268
sVend_time
p269
F1609150607.164228
sVlog_group_name
p270
V/aws/lambda/pywren_redis_2
p271
sVdata_key
p272
Vpywren.jobs/60bcf6f6-ef0c-4824-af15-445618a3b262/aggdata.pickle
p273
sa(dp274
Vcallset_id
p275
V60bcf6f6-ef0c-4824-af15-445618a3b262
p276
sVlog_stream_name
p277
V2020/12/28/[$LATEST]d014150cec1149a797b320b891bd1bbc
p278
sVstdout
p279
V
sVfunc_key
p280
Vpywren.jobs/60bcf6f6-ef0c-4824-af15-445618a3b262/func.pickle
p281
sVfree_disk_bytes
p282
I538333184
sVruntime_cached
p283
I00
sVretcode
p284
I0
sVcall_id
p285
V00006
p286
sVoutput_key
p287
Vpywren.jobs/60bcf6f6-ef0c-4824-af15-445618a3b262/00006/output.pickle
p288
sVruntime_s3_key_used
p289
V8e1b7d-pywren.runtimes/default_2.7.tar.gz.0033
p290
sVaws_request_id
p291
V7c4e1d74-4f6a-4189-bb9c-d9307cec06a4
p292
sVexec_time
p293
F54.246546030044556
sVstart_time
p294
F1609150547.2996969
sVsetup_time
p295
F7.2165780067443848
sVruntime_s3_bucket_used
p296
Vpywren-runtimes-public-us-west-2
p297
sVexception
p298
NsVhost_submit_time
p299
F1609150546.5525689
sVserver_info
p300
(dp301
Vuname
p302
V('Linux', '169.254.167.221', '4.14.203-112.332.amzn2.x86_64', '#1 SMP Wed Nov 4 20:46:34 UTC 2020', 'x86_64', 'x86_64')
p303
sV/proc/self/cgroup
p304
VMemTotal:        1717184 kB\u000aMemFree:         1121380 kB\u000aMemAvailable:    1486488 kB\u000aBuffers:           17512 kB\u000aCached:           461832 kB\u000aSwapCached:            0 kB\u000aActive:            94204 kB\u000aInactive:         445824 kB\u000aActive(anon):      60680 kB\u000aInactive(anon):      216 kB\u000aActive(file):      33524 kB\u000aInactive(file):   445608 kB\u000aUnevictable:           0 kB\u000aMlocked:               0 kB\u000aSwapTotal:             0 kB\u000aSwapFree:              0 kB\u000aDirty:               124 kB\u000aWriteback:             0 kB\u000aAnonPages:         60616 kB\u000aMapped:            35292 kB\u000aShmem:               220 kB\u000aSlab:              43248 kB\u000aSReclaimable:      32968 kB\u000aSUnreclaim:        10280 kB\u000aKernelStack:        1168 kB\u000aPageTables:         1424 kB\u000aNFS_Unstable:          0 kB\u000aBounce:                0 kB\u000aWritebackTmp:          0 kB\u000aCommitLimit:      858592 kB\u000aCommitted_AS:     251688 kB\u000aVmallocTotal:   34359738367 kB\u000aVmallocUsed:           0 kB\u000aVmallocChunk:          0 kB\u000aAnonHugePages:         0 kB\u000aShmemHugePages:        0 kB\u000aShmemPmdMapped:        0 kB\u000aHugePages_Total:       0\u000aHugePages_Free:        0\u000aHugePages_Rsvd:        0\u000aHugePages_Surp:        0\u000aHugepagesize:       2048 kB\u000aDirectMap4k:       17408 kB\u000aDirectMap2M:     1744896 kB\u000a
p305
sV/proc/cgroups
p306
V#subsys_name	hierarchy	num_cgroups	enabled\u000acpuset	3	1	1\u000acpu	2	5	1\u000acpuacct	2	5	1\u000ablkio	9	1	1\u000amemory	4	5	1\u000adevices	10	1	1\u000afreezer	11	2	1\u000anet_cls	5	1	1\u000aperf_event	6	1	1\u000anet_prio	5	1	1\u000ahugetlb	8	1	1\u000apids	7	1	1\u000a
p307
sV/proc/cpuinfo
p308
Vprocessor	: 0\u000avendor_id	: GenuineIntel\u000acpu family	: 6\u000amodel		: 63\u000amodel name	: Intel(R) Xeon(R) Processor @ 2.50GHz\u000astepping	: 2\u000amicrocode	: 0x1\u000acpu MHz		: 2500.008\u000acache size	: 33792 KB\u000aphysical id	: 0\u000asiblings	: 2\u000acore id		: 0\u000acpu cores	: 2\u000aapicid		: 0\u000ainitial apicid	: 0\u000afpu		: yes\u000afpu_exception	: yes\u000acpuid level	: 13\u000awp		: yes\u000aflags		: fpu vme de pse tsc msr pae mce cx8 apic sep mtrr pge mca cmov pat pse36 clflush mmx fxsr sse sse2 ht syscall nx rdtscp lm constant_tsc rep_good nopl xtopology nonstop_tsc cpuid tsc_known_freq pni pclmulqdq ssse3 fma cx16 pcid sse4_1 sse4_2 x2apic movbe popcnt tsc_deadline_timer aes xsave avx f16c rdrand hypervisor lahf_lm abm cpuid_fault invpcid_single pti ssbd ibrs ibpb stibp fsgsbase tsc_adjust bmi1 avx2 smep bmi2 erms invpcid smap xsaveopt arat md_clear arch_capabilities\u000abugs		: cpu_meltdown spectre_v1 spectre_v2 spec_store_bypass l1tf mds swapgs\u000abogomips	: 5000.01\u000aclflush size	: 64\u000acache_alignment	: 64\u000aaddress sizes	: 46 bits physical, 48 bits virtual\u000apower management:\u000a\u000aprocessor	: 1\u000avendor_id	: GenuineIntel\u000acpu family	: 6\u000amodel		: 63\u000amodel name	: Intel(R) Xeon(R) Processor @ 2.50GHz\u000astepping	: 2\u000amicrocode	: 0x1\u000acpu MHz		: 2500.008\u000acache size	: 33792 KB\u000aphysical id	: 0\u000asiblings	: 2\u000acore id		: 1\u000acpu cores	: 2\u000aapicid		: 1\u000ainitial apicid	: 1\u000afpu		: yes\u000afpu_exception	: yes\u000acpuid level	: 13\u000awp		: yes\u000aflags		: fpu vme de pse tsc msr pae mce cx8 apic sep mtrr pge mca cmov pat pse36 clflush mmx fxsr sse sse2 ht syscall nx rdtscp lm constant_tsc rep_good nopl xtopology nonstop_tsc cpuid tsc_known_freq pni pclmulqdq ssse3 fma cx16 pcid sse4_1 sse4_2 x2apic movbe popcnt tsc_deadline_timer aes xsave avx f16c rdrand hypervisor lahf_lm abm cpuid_fault invpcid_single pti ssbd ibrs ibpb stibp fsgsbase tsc_adjust bmi1 avx2 smep bmi2 erms invpcid smap xsaveopt arat md_clear arch_capabilities\u000abugs		: cpu_meltdown spectre_v1 spectre_v2 spec_store_bypass l1tf mds swapgs\u000abogomips	: 5000.01\u000aclflush size	: 64\u000acache_alignment	: 64\u000aaddress sizes	: 46 bits physical, 48 bits virtual\u000apower management:\u000a\u000a
p309
sV/proc/meminfo
p310
VMemTotal:        1717184 kB\u000aMemFree:         1121380 kB\u000aMemAvailable:    1486488 kB\u000aBuffers:           17512 kB\u000aCached:           461832 kB\u000aSwapCached:            0 kB\u000aActive:            94204 kB\u000aInactive:         445824 kB\u000aActive(anon):      60680 kB\u000aInactive(anon):      216 kB\u000aActive(file):      33524 kB\u000aInactive(file):   445608 kB\u000aUnevictable:           0 kB\u000aMlocked:               0 kB\u000aSwapTotal:             0 kB\u000aSwapFree:              0 kB\u000aDirty:               124 kB\u000aWriteback:             0 kB\u000aAnonPages:         60616 kB\u000aMapped:            35292 kB\u000aShmem:               220 kB\u000aSlab:              43248 kB\u000aSReclaimable:      32968 kB\u000aSUnreclaim:        10280 kB\u000aKernelStack:        1168 kB\u000aPageTables:         1424 kB\u000aNFS_Unstable:          0 kB\u000aBounce:                0 kB\u000aWritebackTmp:          0 kB\u000aCommitLimit:      858592 kB\u000aCommitted_AS:     251688 kB\u000aVmallocTotal:   34359738367 kB\u000aVmallocUsed:           0 kB\u000aVmallocChunk:          0 kB\u000aAnonHugePages:         0 kB\u000aShmemHugePages:        0 kB\u000aShmemPmdMapped:        0 kB\u000aHugePages_Total:       0\u000aHugePages_Free:        0\u000aHugePages_Rsvd:        0\u000aHugePages_Surp:        0\u000aHugepagesize:       2048 kB\u000aDirectMap4k:       17408 kB\u000aDirectMap2M:     1744896 kB\u000a
p311
ssVstatus_key
p312
Vpywren.jobs/60bcf6f6-ef0c-4824-af15-445618a3b262/00006/status.json
p313
sVend_time
p314
F1609150608.762816
sVlog_group_name
p315
V/aws/lambda/pywren_redis_2
p316
sVdata_key
p317
Vpywren.jobs/60bcf6f6-ef0c-4824-af15-445618a3b262/aggdata.pickle
p318
sa(dp319
Vcallset_id
p320
V60bcf6f6-ef0c-4824-af15-445618a3b262
p321
sVlog_stream_name
p322
V2020/12/28/[$LATEST]805648c27e4f4029be1105fc2c95be84
p323
sVstdout
p324
V
sVfunc_key
p325
Vpywren.jobs/60bcf6f6-ef0c-4824-af15-445618a3b262/func.pickle
p326
sVfree_disk_bytes
p327
I538333184
sVruntime_cached
p328
I00
sVretcode
p329
I0
sVcall_id
p330
V00007
p331
sVoutput_key
p332
Vpywren.jobs/60bcf6f6-ef0c-4824-af15-445618a3b262/00007/output.pickle
p333
sVruntime_s3_key_used
p334
V022b0a-pywren.runtimes/default_2.7.tar.gz.0084
p335
sVaws_request_id
p336
Vb9ab30f7-a1df-4160-a2ad-33c863dae231
p337
sVexec_time
p338
F56.346876859664917
sVstart_time
p339
F1609150547.2841411
sVsetup_time
p340
F7.0790159702301025
sVruntime_s3_bucket_used
p341
Vpywren-runtimes-public-us-west-2
p342
sVexception
p343
NsVhost_submit_time
p344
F1609150546.560312
sVserver_info
p345
(dp346
Vuname
p347
V('Linux', '169.254.12.249', '4.14.203-112.332.amzn2.x86_64', '#1 SMP Wed Nov 4 20:46:34 UTC 2020', 'x86_64', 'x86_64')
p348
sV/proc/self/cgroup
p349
VMemTotal:        1717184 kB\u000aMemFree:         1123580 kB\u000aMemAvailable:    1485744 kB\u000aBuffers:           15376 kB\u000aCached:           460996 kB\u000aSwapCached:            0 kB\u000aActive:            92032 kB\u000aInactive:         445124 kB\u000aActive(anon):      60772 kB\u000aInactive(anon):      216 kB\u000aActive(file):      31260 kB\u000aInactive(file):   444908 kB\u000aUnevictable:           0 kB\u000aMlocked:               0 kB\u000aSwapTotal:             0 kB\u000aSwapFree:              0 kB\u000aDirty:               332 kB\u000aWriteback:             0 kB\u000aAnonPages:         60772 kB\u000aMapped:            34716 kB\u000aShmem:               220 kB\u000aSlab:              43492 kB\u000aSReclaimable:      33004 kB\u000aSUnreclaim:        10488 kB\u000aKernelStack:        1152 kB\u000aPageTables:         1324 kB\u000aNFS_Unstable:          0 kB\u000aBounce:                0 kB\u000aWritebackTmp:          0 kB\u000aCommitLimit:      858592 kB\u000aCommitted_AS:     253800 kB\u000aVmallocTotal:   34359738367 kB\u000aVmallocUsed:           0 kB\u000aVmallocChunk:          0 kB\u000aAnonHugePages:         0 kB\u000aShmemHugePages:        0 kB\u000aShmemPmdMapped:        0 kB\u000aHugePages_Total:       0\u000aHugePages_Free:        0\u000aHugePages_Rsvd:        0\u000aHugePages_Surp:        0\u000aHugepagesize:       2048 kB\u000aDirectMap4k:       21504 kB\u000aDirectMap2M:     1740800 kB\u000a
p350
sV/proc/cgroups
p351
V#subsys_name	hierarchy	num_cgroups	enabled\u000acpuset	4	1	1\u000acpu	6	5	1\u000acpuacct	6	5	1\u000ablkio	9	1	1\u000amemory	11	5	1\u000adevices	5	1	1\u000afreezer	3	2	1\u000anet_cls	2	1	1\u000aperf_event	10	1	1\u000anet_prio	2	1	1\u000ahugetlb	7	1	1\u000apids	8	1	1\u000a
p352
sV/proc/cpuinfo
p353
Vprocessor	: 0\u000avendor_id	: GenuineIntel\u000acpu family	: 6\u000amodel		: 63\u000amodel name	: Intel(R) Xeon(R) Processor @ 2.50GHz\u000astepping	: 2\u000amicrocode	: 0x1\u000acpu MHz		: 2500.010\u000acache size	: 36608 KB\u000aphysical id	: 0\u000asiblings	: 2\u000acore id		: 0\u000acpu cores	: 2\u000aapicid		: 0\u000ainitial apicid	: 0\u000afpu		: yes\u000afpu_exception	: yes\u000acpuid level	: 13\u000awp		: yes\u000aflags		: fpu vme de pse tsc msr pae mce cx8 apic sep mtrr pge mca cmov pat pse36 clflush mmx fxsr sse sse2 ht syscall nx rdtscp lm constant_tsc rep_good nopl xtopology nonstop_tsc cpuid tsc_known_freq pni pclmulqdq ssse3 fma cx16 pcid sse4_1 sse4_2 x2apic movbe popcnt tsc_deadline_timer aes xsave avx f16c rdrand hypervisor lahf_lm abm cpuid_fault invpcid_single ssbd ibrs ibpb stibp ibrs_enhanced fsgsbase tsc_adjust bmi1 avx2 smep bmi2 erms invpcid smap xsaveopt arat md_clear arch_capabilities\u000abugs		: spectre_v1 spectre_v2 spec_store_bypass swapgs\u000abogomips	: 5000.02\u000aclflush size	: 64\u000acache_alignment	: 64\u000aaddress sizes	: 46 bits physical, 48 bits virtual\u000apower management:\u000a\u000aprocessor	: 1\u000avendor_id	: GenuineIntel\u000acpu family	: 6\u000amodel		: 63\u000amodel name	: Intel(R) Xeon(R) Processor @ 2.50GHz\u000astepping	: 2\u000amicrocode	: 0x1\u000acpu MHz		: 2500.010\u000acache size	: 36608 KB\u000aphysical id	: 0\u000asiblings	: 2\u000acore id		: 1\u000acpu cores	: 2\u000aapicid		: 1\u000ainitial apicid	: 1\u000afpu		: yes\u000afpu_exception	: yes\u000acpuid level	: 13\u000awp		: yes\u000aflags		: fpu vme de pse tsc msr pae mce cx8 apic sep mtrr pge mca cmov pat pse36 clflush mmx fxsr sse sse2 ht syscall nx rdtscp lm constant_tsc rep_good nopl xtopology nonstop_tsc cpuid tsc_known_freq pni pclmulqdq ssse3 fma cx16 pcid sse4_1 sse4_2 x2apic movbe popcnt tsc_deadline_timer aes xsave avx f16c rdrand hypervisor lahf_lm abm cpuid_fault invpcid_single ssbd ibrs ibpb stibp ibrs_enhanced fsgsbase tsc_adjust bmi1 avx2 smep bmi2 erms invpcid smap xsaveopt arat md_clear arch_capabilities\u000abugs		: spectre_v1 spectre_v2 spec_store_bypass swapgs\u000abogomips	: 5000.02\u000aclflush size	: 64\u000acache_alignment	: 64\u000aaddress sizes	: 46 bits physical, 48 bits virtual\u000apower management:\u000a\u000a
p354
sV/proc/meminfo
p355
VMemTotal:        1717184 kB\u000aMemFree:         1123580 kB\u000aMemAvailable:    1485744 kB\u000aBuffers:           15376 kB\u000aCached:           460996 kB\u000aSwapCached:            0 kB\u000aActive:            92032 kB\u000aInactive:         445124 kB\u000aActive(anon):      60772 kB\u000aInactive(anon):      216 kB\u000aActive(file):      31260 kB\u000aInactive(file):   444908 kB\u000aUnevictable:           0 kB\u000aMlocked:               0 kB\u000aSwapTotal:             0 kB\u000aSwapFree:              0 kB\u000aDirty:               332 kB\u000aWriteback:             0 kB\u000aAnonPages:         60772 kB\u000aMapped:            34716 kB\u000aShmem:               220 kB\u000aSlab:              43492 kB\u000aSReclaimable:      33004 kB\u000aSUnreclaim:        10488 kB\u000aKernelStack:        1152 kB\u000aPageTables:         1324 kB\u000aNFS_Unstable:          0 kB\u000aBounce:                0 kB\u000aWritebackTmp:          0 kB\u000aCommitLimit:      858592 kB\u000aCommitted_AS:     253800 kB\u000aVmallocTotal:   34359738367 kB\u000aVmallocUsed:           0 kB\u000aVmallocChunk:          0 kB\u000aAnonHugePages:         0 kB\u000aShmemHugePages:        0 kB\u000aShmemPmdMapped:        0 kB\u000aHugePages_Total:       0\u000aHugePages_Free:        0\u000aHugePages_Rsvd:        0\u000aHugePages_Surp:        0\u000aHugepagesize:       2048 kB\u000aDirectMap4k:       21504 kB\u000aDirectMap2M:     1740800 kB\u000a
p356
ssVstatus_key
p357
Vpywren.jobs/60bcf6f6-ef0c-4824-af15-445618a3b262/00007/status.json
p358
sVend_time
p359
F1609150610.7100301
sVlog_group_name
p360
V/aws/lambda/pywren_redis_2
p361
sVdata_key
p362
Vpywren.jobs/60bcf6f6-ef0c-4824-af15-445618a3b262/aggdata.pickle
p363
sa(dp364
Vcallset_id
p365
V60bcf6f6-ef0c-4824-af15-445618a3b262
p366
sVlog_stream_name
p367
V2020/12/28/[$LATEST]fd9d7361760a4e4982c571f9b2c0bf40
p368
sVstdout
p369
V
sVfunc_key
p370
Vpywren.jobs/60bcf6f6-ef0c-4824-af15-445618a3b262/func.pickle
p371
sVfree_disk_bytes
p372
I538333184
sVruntime_cached
p373
I00
sVretcode
p374
I0
sVcall_id
p375
V00008
p376
sVoutput_key
p377
Vpywren.jobs/60bcf6f6-ef0c-4824-af15-445618a3b262/00008/output.pickle
p378
sVruntime_s3_key_used
p379
Vbc07c9-pywren.runtimes/default_2.7.tar.gz.0058
p380
sVaws_request_id
p381
Vf6f65c0b-f1d8-4d3b-bc69-efdd0fbc3b93
p382
sVexec_time
p383
F68.411192893981934
sVstart_time
p384
F1609150547.3451121
sVsetup_time
p385
F7.1624000072479248
sVruntime_s3_bucket_used
p386
Vpywren-runtimes-public-us-west-2
p387
sVexception
p388
NsVhost_submit_time
p389
F1609150546.56864
sVserver_info
p390
(dp391
Vuname
p392
V('Linux', '169.254.120.45', '4.14.203-112.332.amzn2.x86_64', '#1 SMP Wed Nov 4 20:46:34 UTC 2020', 'x86_64', 'x86_64')
p393
sV/proc/self/cgroup
p394
VMemTotal:        1717184 kB\u000aMemFree:         1118816 kB\u000aMemAvailable:    1487088 kB\u000aBuffers:           17920 kB\u000aCached:           464600 kB\u000aSwapCached:            0 kB\u000aActive:            95960 kB\u000aInactive:         447400 kB\u000aActive(anon):      60832 kB\u000aInactive(anon):      216 kB\u000aActive(file):      35128 kB\u000aInactive(file):   447184 kB\u000aUnevictable:           0 kB\u000aMlocked:               0 kB\u000aSwapTotal:             0 kB\u000aSwapFree:              0 kB\u000aDirty:               240 kB\u000aWriteback:             0 kB\u000aAnonPages:         60828 kB\u000aMapped:            35136 kB\u000aShmem:               220 kB\u000aSlab:              42612 kB\u000aSReclaimable:      32936 kB\u000aSUnreclaim:         9676 kB\u000aKernelStack:        1152 kB\u000aPageTables:         1312 kB\u000aNFS_Unstable:          0 kB\u000aBounce:                0 kB\u000aWritebackTmp:          0 kB\u000aCommitLimit:      858592 kB\u000aCommitted_AS:     251800 kB\u000aVmallocTotal:   34359738367 kB\u000aVmallocUsed:           0 kB\u000aVmallocChunk:          0 kB\u000aAnonHugePages:         0 kB\u000aShmemHugePages:        0 kB\u000aShmemPmdMapped:        0 kB\u000aHugePages_Total:       0\u000aHugePages_Free:        0\u000aHugePages_Rsvd:        0\u000aHugePages_Surp:        0\u000aHugepagesize:       2048 kB\u000aDirectMap4k:       21504 kB\u000aDirectMap2M:     1740800 kB\u000a
p395
sV/proc/cgroups
p396
V#subsys_name	hierarchy	num_cgroups	enabled\u000acpuset	4	1	1\u000acpu	7	5	1\u000acpuacct	7	5	1\u000ablkio	6	1	1\u000amemory	8	5	1\u000adevices	3	1	1\u000afreezer	10	2	1\u000anet_cls	5	1	1\u000aperf_event	2	1	1\u000anet_prio	5	1	1\u000ahugetlb	11	1	1\u000apids	9	1	1\u000a
p397
sV/proc/cpuinfo
p398
Vprocessor	: 0\u000avendor_id	: GenuineIntel\u000acpu family	: 6\u000amodel		: 63\u000amodel name	: Intel(R) Xeon(R) Processor @ 2.50GHz\u000astepping	: 2\u000amicrocode	: 0x1\u000acpu MHz		: 2500.010\u000acache size	: 33792 KB\u000aphysical id	: 0\u000asiblings	: 2\u000acore id		: 0\u000acpu cores	: 2\u000aapicid		: 0\u000ainitial apicid	: 0\u000afpu		: yes\u000afpu_exception	: yes\u000acpuid level	: 13\u000awp		: yes\u000aflags		: fpu vme de pse tsc msr pae mce cx8 apic sep mtrr pge mca cmov pat pse36 clflush mmx fxsr sse sse2 ht syscall nx rdtscp lm constant_tsc rep_good nopl xtopology nonstop_tsc cpuid tsc_known_freq pni pclmulqdq ssse3 fma cx16 pcid sse4_1 sse4_2 x2apic movbe popcnt tsc_deadline_timer aes xsave avx f16c rdrand hypervisor lahf_lm abm cpuid_fault invpcid_single pti ssbd ibrs ibpb stibp fsgsbase tsc_adjust bmi1 avx2 smep bmi2 erms invpcid smap xsaveopt arat md_clear arch_capabilities\u000abugs		: cpu_meltdown spectre_v1 spectre_v2 spec_store_bypass l1tf mds swapgs\u000abogomips	: 5000.02\u000aclflush size	: 64\u000acache_alignment	: 64\u000aaddress sizes	: 46 bits physical, 48 bits virtual\u000apower management:\u000a\u000aprocessor	: 1\u000avendor_id	: GenuineIntel\u000acpu family	: 6\u000amodel		: 63\u000amodel name	: Intel(R) Xeon(R) Processor @ 2.50GHz\u000astepping	: 2\u000amicrocode	: 0x1\u000acpu MHz		: 2500.010\u000acache size	: 33792 KB\u000aphysical id	: 0\u000asiblings	: 2\u000acore id		: 1\u000acpu cores	: 2\u000aapicid		: 1\u000ainitial apicid	: 1\u000afpu		: yes\u000afpu_exception	: yes\u000acpuid level	: 13\u000awp		: yes\u000aflags		: fpu vme de pse tsc msr pae mce cx8 apic sep mtrr pge mca cmov pat pse36 clflush mmx fxsr sse sse2 ht syscall nx rdtscp lm constant_tsc rep_good nopl xtopology nonstop_tsc cpuid tsc_known_freq pni pclmulqdq ssse3 fma cx16 pcid sse4_1 sse4_2 x2apic movbe popcnt tsc_deadline_timer aes xsave avx f16c rdrand hypervisor lahf_lm abm cpuid_fault invpcid_single pti ssbd ibrs ibpb stibp fsgsbase tsc_adjust bmi1 avx2 smep bmi2 erms invpcid smap xsaveopt arat md_clear arch_capabilities\u000abugs		: cpu_meltdown spectre_v1 spectre_v2 spec_store_bypass l1tf mds swapgs\u000abogomips	: 5000.02\u000aclflush size	: 64\u000acache_alignment	: 64\u000aaddress sizes	: 46 bits physical, 48 bits virtual\u000apower management:\u000a\u000a
p399
sV/proc/meminfo
p400
VMemTotal:        1717184 kB\u000aMemFree:         1118816 kB\u000aMemAvailable:    1487088 kB\u000aBuffers:           17920 kB\u000aCached:           464600 kB\u000aSwapCached:            0 kB\u000aActive:            95960 kB\u000aInactive:         447400 kB\u000aActive(anon):      60832 kB\u000aInactive(anon):      216 kB\u000aActive(file):      35128 kB\u000aInactive(file):   447184 kB\u000aUnevictable:           0 kB\u000aMlocked:               0 kB\u000aSwapTotal:             0 kB\u000aSwapFree:              0 kB\u000aDirty:               240 kB\u000aWriteback:             0 kB\u000aAnonPages:         60828 kB\u000aMapped:            35136 kB\u000aShmem:               220 kB\u000aSlab:              42612 kB\u000aSReclaimable:      32936 kB\u000aSUnreclaim:         9676 kB\u000aKernelStack:        1152 kB\u000aPageTables:         1312 kB\u000aNFS_Unstable:          0 kB\u000aBounce:                0 kB\u000aWritebackTmp:          0 kB\u000aCommitLimit:      858592 kB\u000aCommitted_AS:     251800 kB\u000aVmallocTotal:   34359738367 kB\u000aVmallocUsed:           0 kB\u000aVmallocChunk:          0 kB\u000aAnonHugePages:         0 kB\u000aShmemHugePages:        0 kB\u000aShmemPmdMapped:        0 kB\u000aHugePages_Total:       0\u000aHugePages_Free:        0\u000aHugePages_Rsvd:        0\u000aHugePages_Surp:        0\u000aHugepagesize:       2048 kB\u000aDirectMap4k:       21504 kB\u000aDirectMap2M:     1740800 kB\u000a
p401
ssVstatus_key
p402
Vpywren.jobs/60bcf6f6-ef0c-4824-af15-445618a3b262/00008/status.json
p403
sVend_time
p404
F1609150622.918699
sVlog_group_name
p405
V/aws/lambda/pywren_redis_2
p406
sVdata_key
p407
Vpywren.jobs/60bcf6f6-ef0c-4824-af15-445618a3b262/aggdata.pickle
p408
sa(dp409
Vcallset_id
p410
V60bcf6f6-ef0c-4824-af15-445618a3b262
p411
sVlog_stream_name
p412
V2020/12/28/[$LATEST]ffe8a457417b41d1b44ce38bd3f718fe
p413
sVstdout
p414
V
sVfunc_key
p415
Vpywren.jobs/60bcf6f6-ef0c-4824-af15-445618a3b262/func.pickle
p416
sVfree_disk_bytes
p417
I538333184
sVruntime_cached
p418
I00
sVretcode
p419
I0
sVcall_id
p420
V00009
p421
sVoutput_key
p422
Vpywren.jobs/60bcf6f6-ef0c-4824-af15-445618a3b262/00009/output.pickle
p423
sVruntime_s3_key_used
p424
V063896-pywren.runtimes/default_2.7.tar.gz.0042
p425
sVaws_request_id
p426
Vcbf2c7d0-a580-4930-b368-1dc00289b5e7
p427
sVexec_time
p428
F42.234940052032471
sVstart_time
p429
F1609150547.2957709
sVsetup_time
p430
F6.9327511787414551
sVruntime_s3_bucket_used
p431
Vpywren-runtimes-public-us-west-2
p432
sVexception
p433
NsVhost_submit_time
p434
F1609150546.57389
sVserver_info
p435
(dp436
Vuname
p437
V('Linux', '169.254.8.37', '4.14.203-112.332.amzn2.x86_64', '#1 SMP Wed Nov 4 20:46:34 UTC 2020', 'x86_64', 'x86_64')
p438
sV/proc/self/cgroup
p439
VMemTotal:        1717184 kB\u000aMemFree:         1117876 kB\u000aMemAvailable:    1485872 kB\u000aBuffers:           17432 kB\u000aCached:           464836 kB\u000aSwapCached:            0 kB\u000aActive:            94620 kB\u000aInactive:         448276 kB\u000aActive(anon):      60612 kB\u000aInactive(anon):      216 kB\u000aActive(file):      34008 kB\u000aInactive(file):   448060 kB\u000aUnevictable:           0 kB\u000aMlocked:               0 kB\u000aSwapTotal:             0 kB\u000aSwapFree:              0 kB\u000aDirty:               148 kB\u000aWriteback:             0 kB\u000aAnonPages:         60620 kB\u000aMapped:            35264 kB\u000aShmem:               220 kB\u000aSlab:              43496 kB\u000aSReclaimable:      32868 kB\u000aSUnreclaim:        10628 kB\u000aKernelStack:        1152 kB\u000aPageTables:         1316 kB\u000aNFS_Unstable:          0 kB\u000aBounce:                0 kB\u000aWritebackTmp:          0 kB\u000aCommitLimit:      858592 kB\u000aCommitted_AS:     253800 kB\u000aVmallocTotal:   34359738367 kB\u000aVmallocUsed:           0 kB\u000aVmallocChunk:          0 kB\u000aAnonHugePages:         0 kB\u000aShmemHugePages:        0 kB\u000aShmemPmdMapped:        0 kB\u000aHugePages_Total:       0\u000aHugePages_Free:        0\u000aHugePages_Rsvd:        0\u000aHugePages_Surp:        0\u000aHugepagesize:       2048 kB\u000aDirectMap4k:       21504 kB\u000aDirectMap2M:     1740800 kB\u000a
p440
sV/proc/cgroups
p441
V#subsys_name	hierarchy	num_cgroups	enabled\u000acpuset	11	1	1\u000acpu	7	5	1\u000acpuacct	7	5	1\u000ablkio	10	1	1\u000amemory	8	5	1\u000adevices	3	1	1\u000afreezer	5	2	1\u000anet_cls	6	1	1\u000aperf_event	4	1	1\u000anet_prio	6	1	1\u000ahugetlb	2	1	1\u000apids	9	1	1\u000a
p442
sV/proc/cpuinfo
p443
Vprocessor	: 0\u000avendor_id	: GenuineIntel\u000acpu family	: 6\u000amodel		: 63\u000amodel name	: Intel(R) Xeon(R) Processor @ 2.50GHz\u000astepping	: 2\u000amicrocode	: 0x1\u000acpu MHz		: 2500.010\u000acache size	: 36608 KB\u000aphysical id	: 0\u000asiblings	: 2\u000acore id		: 0\u000acpu cores	: 2\u000aapicid		: 0\u000ainitial apicid	: 0\u000afpu		: yes\u000afpu_exception	: yes\u000acpuid level	: 13\u000awp		: yes\u000aflags		: fpu vme de pse tsc msr pae mce cx8 apic sep mtrr pge mca cmov pat pse36 clflush mmx fxsr sse sse2 ht syscall nx rdtscp lm constant_tsc rep_good nopl xtopology nonstop_tsc cpuid tsc_known_freq pni pclmulqdq ssse3 fma cx16 pcid sse4_1 sse4_2 x2apic movbe popcnt tsc_deadline_timer aes xsave avx f16c rdrand hypervisor lahf_lm abm cpuid_fault invpcid_single ssbd ibrs ibpb stibp ibrs_enhanced fsgsbase tsc_adjust bmi1 avx2 smep bmi2 erms invpcid smap xsaveopt arat md_clear arch_capabilities\u000abugs		: spectre_v1 spectre_v2 spec_store_bypass swapgs\u000abogomips	: 5000.02\u000aclflush size	: 64\u000acache_alignment	: 64\u000aaddress sizes	: 46 bits physical, 48 bits virtual\u000apower management:\u000a\u000aprocessor	: 1\u000avendor_id	: GenuineIntel\u000acpu family	: 6\u000amodel		: 63\u000amodel name	: Intel(R) Xeon(R) Processor @ 2.50GHz\u000astepping	: 2\u000amicrocode	: 0x1\u000acpu MHz		: 2500.010\u000acache size	: 36608 KB\u000aphysical id	: 0\u000asiblings	: 2\u000acore id		: 1\u000acpu cores	: 2\u000aapicid		: 1\u000ainitial apicid	: 1\u000afpu		: yes\u000afpu_exception	: yes\u000acpuid level	: 13\u000awp		: yes\u000aflags		: fpu vme de pse tsc msr pae mce cx8 apic sep mtrr pge mca cmov pat pse36 clflush mmx fxsr sse sse2 ht syscall nx rdtscp lm constant_tsc rep_good nopl xtopology nonstop_tsc cpuid tsc_known_freq pni pclmulqdq ssse3 fma cx16 pcid sse4_1 sse4_2 x2apic movbe popcnt tsc_deadline_timer aes xsave avx f16c rdrand hypervisor lahf_lm abm cpuid_fault invpcid_single ssbd ibrs ibpb stibp ibrs_enhanced fsgsbase tsc_adjust bmi1 avx2 smep bmi2 erms invpcid smap xsaveopt arat md_clear arch_capabilities\u000abugs		: spectre_v1 spectre_v2 spec_store_bypass swapgs\u000abogomips	: 5000.02\u000aclflush size	: 64\u000acache_alignment	: 64\u000aaddress sizes	: 46 bits physical, 48 bits virtual\u000apower management:\u000a\u000a
p444
sV/proc/meminfo
p445
VMemTotal:        1717184 kB\u000aMemFree:         1117876 kB\u000aMemAvailable:    1485872 kB\u000aBuffers:           17432 kB\u000aCached:           464836 kB\u000aSwapCached:            0 kB\u000aActive:            94620 kB\u000aInactive:         448276 kB\u000aActive(anon):      60612 kB\u000aInactive(anon):      216 kB\u000aActive(file):      34008 kB\u000aInactive(file):   448060 kB\u000aUnevictable:           0 kB\u000aMlocked:               0 kB\u000aSwapTotal:             0 kB\u000aSwapFree:              0 kB\u000aDirty:               148 kB\u000aWriteback:             0 kB\u000aAnonPages:         60620 kB\u000aMapped:            35264 kB\u000aShmem:               220 kB\u000aSlab:              43496 kB\u000aSReclaimable:      32868 kB\u000aSUnreclaim:        10628 kB\u000aKernelStack:        1152 kB\u000aPageTables:         1316 kB\u000aNFS_Unstable:          0 kB\u000aBounce:                0 kB\u000aWritebackTmp:          0 kB\u000aCommitLimit:      858592 kB\u000aCommitted_AS:     253800 kB\u000aVmallocTotal:   34359738367 kB\u000aVmallocUsed:           0 kB\u000aVmallocChunk:          0 kB\u000aAnonHugePages:         0 kB\u000aShmemHugePages:        0 kB\u000aShmemPmdMapped:        0 kB\u000aHugePages_Total:       0\u000aHugePages_Free:        0\u000aHugePages_Rsvd:        0\u000aHugePages_Surp:        0\u000aHugepagesize:       2048 kB\u000aDirectMap4k:       21504 kB\u000aDirectMap2M:     1740800 kB\u000a
p446
ssVstatus_key
p447
Vpywren.jobs/60bcf6f6-ef0c-4824-af15-445618a3b262/00009/status.json
p448
sVend_time
p449
F1609150596.4634531
sVlog_group_name
p450
V/aws/lambda/pywren_redis_2
p451
sVdata_key
p452
Vpywren.jobs/60bcf6f6-ef0c-4824-af15-445618a3b262/aggdata.pickle
p453
sa(dp454
Vcallset_id
p455
V60bcf6f6-ef0c-4824-af15-445618a3b262
p456
sVlog_stream_name
p457
V2020/12/28/[$LATEST]494302bef6584788946ce9e733775df7
p458
sVstdout
p459
V
sVfunc_key
p460
Vpywren.jobs/60bcf6f6-ef0c-4824-af15-445618a3b262/func.pickle
p461
sVfree_disk_bytes
p462
I538333184
sVruntime_cached
p463
I00
sVretcode
p464
I0
sVcall_id
p465
V00010
p466
sVoutput_key
p467
Vpywren.jobs/60bcf6f6-ef0c-4824-af15-445618a3b262/00010/output.pickle
p468
sVruntime_s3_key_used
p469
V022b0a-pywren.runtimes/default_2.7.tar.gz.0084
p470
sVaws_request_id
p471
Vebb9ca2e-e377-4860-8297-633c48a27cff
p472
sVexec_time
p473
F48.286786794662476
sVstart_time
p474
F1609150547.3204131
sVsetup_time
p475
F6.9369339942932129
sVruntime_s3_bucket_used
p476
Vpywren-runtimes-public-us-west-2
p477
sVexception
p478
NsVhost_submit_time
p479
F1609150546.580224
sVserver_info
p480
(dp481
Vuname
p482
V('Linux', '169.254.139.109', '4.14.203-112.332.amzn2.x86_64', '#1 SMP Wed Nov 4 20:46:34 UTC 2020', 'x86_64', 'x86_64')
p483
sV/proc/self/cgroup
p484
VMemTotal:        1717184 kB\u000aMemFree:         1122124 kB\u000aMemAvailable:    1485948 kB\u000aBuffers:           16824 kB\u000aCached:           461288 kB\u000aSwapCached:            0 kB\u000aActive:            93740 kB\u000aInactive:         445548 kB\u000aActive(anon):      61176 kB\u000aInactive(anon):      216 kB\u000aActive(file):      32564 kB\u000aInactive(file):   445332 kB\u000aUnevictable:           0 kB\u000aMlocked:               0 kB\u000aSwapTotal:             0 kB\u000aSwapFree:              0 kB\u000aDirty:               228 kB\u000aWriteback:             0 kB\u000aAnonPages:         61212 kB\u000aMapped:            34704 kB\u000aShmem:               220 kB\u000aSlab:              43284 kB\u000aSReclaimable:      32872 kB\u000aSUnreclaim:        10412 kB\u000aKernelStack:        1168 kB\u000aPageTables:         1412 kB\u000aNFS_Unstable:          0 kB\u000aBounce:                0 kB\u000aWritebackTmp:          0 kB\u000aCommitLimit:      858592 kB\u000aCommitted_AS:     253816 kB\u000aVmallocTotal:   34359738367 kB\u000aVmallocUsed:           0 kB\u000aVmallocChunk:          0 kB\u000aAnonHugePages:         0 kB\u000aShmemHugePages:        0 kB\u000aShmemPmdMapped:        0 kB\u000aHugePages_Total:       0\u000aHugePages_Free:        0\u000aHugePages_Rsvd:        0\u000aHugePages_Surp:        0\u000aHugepagesize:       2048 kB\u000aDirectMap4k:       21504 kB\u000aDirectMap2M:     1740800 kB\u000a
p485
sV/proc/cgroups
p486
V#subsys_name	hierarchy	num_cgroups	enabled\u000acpuset	4	1	1\u000acpu	6	5	1\u000acpuacct	6	5	1\u000ablkio	9	1	1\u000amemory	8	5	1\u000adevices	3	1	1\u000afreezer	11	2	1\u000anet_cls	5	1	1\u000aperf_event	2	1	1\u000anet_prio	5	1	1\u000ahugetlb	7	1	1\u000apids	10	1	1\u000a
p487
sV/proc/cpuinfo
p488
Vprocessor	: 0\u000avendor_id	: GenuineIntel\u000acpu family	: 6\u000amodel		: 63\u000amodel name	: Intel(R) Xeon(R) Processor @ 2.50GHz\u000astepping	: 2\u000amicrocode	: 0x1\u000acpu MHz		: 2500.010\u000acache size	: 36608 KB\u000aphysical id	: 0\u000asiblings	: 2\u000acore id		: 0\u000acpu cores	: 2\u000aapicid		: 0\u000ainitial apicid	: 0\u000afpu		: yes\u000afpu_exception	: yes\u000acpuid level	: 13\u000awp		: yes\u000aflags		: fpu vme de pse tsc msr pae mce cx8 apic sep mtrr pge mca cmov pat pse36 clflush mmx fxsr sse sse2 ht syscall nx rdtscp lm constant_tsc rep_good nopl xtopology nonstop_tsc cpuid tsc_known_freq pni pclmulqdq ssse3 fma cx16 pcid sse4_1 sse4_2 x2apic movbe popcnt tsc_deadline_timer aes xsave avx f16c rdrand hypervisor lahf_lm abm cpuid_fault invpcid_single ssbd ibrs ibpb stibp ibrs_enhanced fsgsbase tsc_adjust bmi1 avx2 smep bmi2 erms invpcid smap xsaveopt arat md_clear arch_capabilities\u000abugs		: spectre_v1 spectre_v2 spec_store_bypass swapgs\u000abogomips	: 5000.02\u000aclflush size	: 64\u000acache_alignment	: 64\u000aaddress sizes	: 46 bits physical, 48 bits virtual\u000apower management:\u000a\u000aprocessor	: 1\u000avendor_id	: GenuineIntel\u000acpu family	: 6\u000amodel		: 63\u000amodel name	: Intel(R) Xeon(R) Processor @ 2.50GHz\u000astepping	: 2\u000amicrocode	: 0x1\u000acpu MHz		: 2500.010\u000acache size	: 36608 KB\u000aphysical id	: 0\u000asiblings	: 2\u000acore id		: 1\u000acpu cores	: 2\u000aapicid		: 1\u000ainitial apicid	: 1\u000afpu		: yes\u000afpu_exception	: yes\u000acpuid level	: 13\u000awp		: yes\u000aflags		: fpu vme de pse tsc msr pae mce cx8 apic sep mtrr pge mca cmov pat pse36 clflush mmx fxsr sse sse2 ht syscall nx rdtscp lm constant_tsc rep_good nopl xtopology nonstop_tsc cpuid tsc_known_freq pni pclmulqdq ssse3 fma cx16 pcid sse4_1 sse4_2 x2apic movbe popcnt tsc_deadline_timer aes xsave avx f16c rdrand hypervisor lahf_lm abm cpuid_fault invpcid_single ssbd ibrs ibpb stibp ibrs_enhanced fsgsbase tsc_adjust bmi1 avx2 smep bmi2 erms invpcid smap xsaveopt arat md_clear arch_capabilities\u000abugs		: spectre_v1 spectre_v2 spec_store_bypass swapgs\u000abogomips	: 5000.02\u000aclflush size	: 64\u000acache_alignment	: 64\u000aaddress sizes	: 46 bits physical, 48 bits virtual\u000apower management:\u000a\u000a
p489
sV/proc/meminfo
p490
VMemTotal:        1717184 kB\u000aMemFree:         1122124 kB\u000aMemAvailable:    1485948 kB\u000aBuffers:           16824 kB\u000aCached:           461288 kB\u000aSwapCached:            0 kB\u000aActive:            93740 kB\u000aInactive:         445548 kB\u000aActive(anon):      61176 kB\u000aInactive(anon):      216 kB\u000aActive(file):      32564 kB\u000aInactive(file):   445332 kB\u000aUnevictable:           0 kB\u000aMlocked:               0 kB\u000aSwapTotal:             0 kB\u000aSwapFree:              0 kB\u000aDirty:               228 kB\u000aWriteback:             0 kB\u000aAnonPages:         61212 kB\u000aMapped:            34704 kB\u000aShmem:               220 kB\u000aSlab:              43284 kB\u000aSReclaimable:      32872 kB\u000aSUnreclaim:        10412 kB\u000aKernelStack:        1168 kB\u000aPageTables:         1412 kB\u000aNFS_Unstable:          0 kB\u000aBounce:                0 kB\u000aWritebackTmp:          0 kB\u000aCommitLimit:      858592 kB\u000aCommitted_AS:     253816 kB\u000aVmallocTotal:   34359738367 kB\u000aVmallocUsed:           0 kB\u000aVmallocChunk:          0 kB\u000aAnonHugePages:         0 kB\u000aShmemHugePages:        0 kB\u000aShmemPmdMapped:        0 kB\u000aHugePages_Total:       0\u000aHugePages_Free:        0\u000aHugePages_Rsvd:        0\u000aHugePages_Surp:        0\u000aHugepagesize:       2048 kB\u000aDirectMap4k:       21504 kB\u000aDirectMap2M:     1740800 kB\u000a
p491
ssVstatus_key
p492
Vpywren.jobs/60bcf6f6-ef0c-4824-af15-445618a3b262/00010/status.json
p493
sVend_time
p494
F1609150602.544127
sVlog_group_name
p495
V/aws/lambda/pywren_redis_2
p496
sVdata_key
p497
Vpywren.jobs/60bcf6f6-ef0c-4824-af15-445618a3b262/aggdata.pickle
p498
sa(dp499
Vcallset_id
p500
V60bcf6f6-ef0c-4824-af15-445618a3b262
p501
sVlog_stream_name
p502
V2020/12/28/[$LATEST]3d8761c4fdee490fa21a5d887de1d667
p503
sVstdout
p504
V
sVfunc_key
p505
Vpywren.jobs/60bcf6f6-ef0c-4824-af15-445618a3b262/func.pickle
p506
sVfree_disk_bytes
p507
I538333184
sVruntime_cached
p508
I00
sVretcode
p509
I0
sVcall_id
p510
V00011
p511
sVoutput_key
p512
Vpywren.jobs/60bcf6f6-ef0c-4824-af15-445618a3b262/00011/output.pickle
p513
sVruntime_s3_key_used
p514
V75b072-pywren.runtimes/default_2.7.tar.gz.0015
p515
sVaws_request_id
p516
V9e60ecae-d7e0-419f-9919-397999f858d2
p517
sVexec_time
p518
F44.263537883758545
sVstart_time
p519
F1609150547.3961179
sVsetup_time
p520
F6.9725461006164551
sVruntime_s3_bucket_used
p521
Vpywren-runtimes-public-us-west-2
p522
sVexception
p523
NsVhost_submit_time
p524
F1609150546.5868571
sVserver_info
p525
(dp526
Vuname
p527
V('Linux', '169.254.190.69', '4.14.203-112.332.amzn2.x86_64', '#1 SMP Wed Nov 4 20:46:34 UTC 2020', 'x86_64', 'x86_64')
p528
sV/proc/self/cgroup
p529
VMemTotal:        1717184 kB\u000aMemFree:         1122460 kB\u000aMemAvailable:    1486060 kB\u000aBuffers:           16528 kB\u000aCached:           461372 kB\u000aSwapCached:            0 kB\u000aActive:            93400 kB\u000aInactive:         445336 kB\u000aActive(anon):      60828 kB\u000aInactive(anon):      216 kB\u000aActive(file):      32572 kB\u000aInactive(file):   445120 kB\u000aUnevictable:           0 kB\u000aMlocked:               0 kB\u000aSwapTotal:             0 kB\u000aSwapFree:              0 kB\u000aDirty:                 4 kB\u000aWriteback:             0 kB\u000aAnonPages:         60824 kB\u000aMapped:            35036 kB\u000aShmem:               220 kB\u000aSlab:              43520 kB\u000aSReclaimable:      32828 kB\u000aSUnreclaim:        10692 kB\u000aKernelStack:        1152 kB\u000aPageTables:         1340 kB\u000aNFS_Unstable:          0 kB\u000aBounce:                0 kB\u000aWritebackTmp:          0 kB\u000aCommitLimit:      858592 kB\u000aCommitted_AS:     251700 kB\u000aVmallocTotal:   34359738367 kB\u000aVmallocUsed:           0 kB\u000aVmallocChunk:          0 kB\u000aAnonHugePages:         0 kB\u000aShmemHugePages:        0 kB\u000aShmemPmdMapped:        0 kB\u000aHugePages_Total:       0\u000aHugePages_Free:        0\u000aHugePages_Rsvd:        0\u000aHugePages_Surp:        0\u000aHugepagesize:       2048 kB\u000aDirectMap4k:       17408 kB\u000aDirectMap2M:     1744896 kB\u000a
p530
sV/proc/cgroups
p531
V#subsys_name	hierarchy	num_cgroups	enabled\u000acpuset	6	1	1\u000acpu	2	5	1\u000acpuacct	2	5	1\u000ablkio	5	1	1\u000amemory	3	5	1\u000adevices	4	1	1\u000afreezer	9	2	1\u000anet_cls	8	1	1\u000aperf_event	10	1	1\u000anet_prio	8	1	1\u000ahugetlb	11	1	1\u000apids	7	1	1\u000a
p532
sV/proc/cpuinfo
p533
Vprocessor	: 0\u000avendor_id	: GenuineIntel\u000acpu family	: 6\u000amodel		: 63\u000amodel name	: Intel(R) Xeon(R) Processor @ 2.50GHz\u000astepping	: 2\u000amicrocode	: 0x1\u000acpu MHz		: 2500.014\u000acache size	: 36608 KB\u000aphysical id	: 0\u000asiblings	: 2\u000acore id		: 0\u000acpu cores	: 2\u000aapicid		: 0\u000ainitial apicid	: 0\u000afpu		: yes\u000afpu_exception	: yes\u000acpuid level	: 13\u000awp		: yes\u000aflags		: fpu vme de pse tsc msr pae mce cx8 apic sep mtrr pge mca cmov pat pse36 clflush mmx fxsr sse sse2 ht syscall nx rdtscp lm constant_tsc rep_good nopl xtopology nonstop_tsc cpuid tsc_known_freq pni pclmulqdq ssse3 fma cx16 pcid sse4_1 sse4_2 x2apic movbe popcnt tsc_deadline_timer aes xsave avx f16c rdrand hypervisor lahf_lm abm cpuid_fault invpcid_single ssbd ibrs ibpb stibp ibrs_enhanced fsgsbase tsc_adjust bmi1 avx2 smep bmi2 erms invpcid smap xsaveopt arat md_clear arch_capabilities\u000abugs		: spectre_v1 spectre_v2 spec_store_bypass swapgs\u000abogomips	: 5000.02\u000aclflush size	: 64\u000acache_alignment	: 64\u000aaddress sizes	: 46 bits physical, 48 bits virtual\u000apower management:\u000a\u000aprocessor	: 1\u000avendor_id	: GenuineIntel\u000acpu family	: 6\u000amodel		: 63\u000amodel name	: Intel(R) Xeon(R) Processor @ 2.50GHz\u000astepping	: 2\u000amicrocode	: 0x1\u000acpu MHz		: 2500.014\u000acache size	: 36608 KB\u000aphysical id	: 0\u000asiblings	: 2\u000acore id		: 1\u000acpu cores	: 2\u000aapicid		: 1\u000ainitial apicid	: 1\u000afpu		: yes\u000afpu_exception	: yes\u000acpuid level	: 13\u000awp		: yes\u000aflags		: fpu vme de pse tsc msr pae mce cx8 apic sep mtrr pge mca cmov pat pse36 clflush mmx fxsr sse sse2 ht syscall nx rdtscp lm constant_tsc rep_good nopl xtopology nonstop_tsc cpuid tsc_known_freq pni pclmulqdq ssse3 fma cx16 pcid sse4_1 sse4_2 x2apic movbe popcnt tsc_deadline_timer aes xsave avx f16c rdrand hypervisor lahf_lm abm cpuid_fault invpcid_single ssbd ibrs ibpb stibp ibrs_enhanced fsgsbase tsc_adjust bmi1 avx2 smep bmi2 erms invpcid smap xsaveopt arat md_clear arch_capabilities\u000abugs		: spectre_v1 spectre_v2 spec_store_bypass swapgs\u000abogomips	: 5000.02\u000aclflush size	: 64\u000acache_alignment	: 64\u000aaddress sizes	: 46 bits physical, 48 bits virtual\u000apower management:\u000a\u000a
p534
sV/proc/meminfo
p535
VMemTotal:        1717184 kB\u000aMemFree:         1122460 kB\u000aMemAvailable:    1486060 kB\u000aBuffers:           16528 kB\u000aCached:           461372 kB\u000aSwapCached:            0 kB\u000aActive:            93400 kB\u000aInactive:         445336 kB\u000aActive(anon):      60828 kB\u000aInactive(anon):      216 kB\u000aActive(file):      32572 kB\u000aInactive(file):   445120 kB\u000aUnevictable:           0 kB\u000aMlocked:               0 kB\u000aSwapTotal:             0 kB\u000aSwapFree:              0 kB\u000aDirty:                 4 kB\u000aWriteback:             0 kB\u000aAnonPages:         60824 kB\u000aMapped:            35036 kB\u000aShmem:               220 kB\u000aSlab:              43520 kB\u000aSReclaimable:      32828 kB\u000aSUnreclaim:        10692 kB\u000aKernelStack:        1152 kB\u000aPageTables:         1340 kB\u000aNFS_Unstable:          0 kB\u000aBounce:                0 kB\u000aWritebackTmp:          0 kB\u000aCommitLimit:      858592 kB\u000aCommitted_AS:     251700 kB\u000aVmallocTotal:   34359738367 kB\u000aVmallocUsed:           0 kB\u000aVmallocChunk:          0 kB\u000aAnonHugePages:         0 kB\u000aShmemHugePages:        0 kB\u000aShmemPmdMapped:        0 kB\u000aHugePages_Total:       0\u000aHugePages_Free:        0\u000aHugePages_Rsvd:        0\u000aHugePages_Surp:        0\u000aHugepagesize:       2048 kB\u000aDirectMap4k:       17408 kB\u000aDirectMap2M:     1744896 kB\u000a
p536
ssVstatus_key
p537
Vpywren.jobs/60bcf6f6-ef0c-4824-af15-445618a3b262/00011/status.json
p538
sVend_time
p539
F1609150598.6321969
sVlog_group_name
p540
V/aws/lambda/pywren_redis_2
p541
sVdata_key
p542
Vpywren.jobs/60bcf6f6-ef0c-4824-af15-445618a3b262/aggdata.pickle
p543
sa(dp544
Vcallset_id
p545
V60bcf6f6-ef0c-4824-af15-445618a3b262
p546
sVlog_stream_name
p547
V2020/12/28/[$LATEST]d642e2c44131445fba2fd7312aa11c3a
p548
sVstdout
p549
V
sVfunc_key
p550
Vpywren.jobs/60bcf6f6-ef0c-4824-af15-445618a3b262/func.pickle
p551
sVfree_disk_bytes
p552
I538333184
sVruntime_cached
p553
I00
sVretcode
p554
I0
sVcall_id
p555
V00012
p556
sVoutput_key
p557
Vpywren.jobs/60bcf6f6-ef0c-4824-af15-445618a3b262/00012/output.pickle
p558
sVruntime_s3_key_used
p559
V09bc9d-pywren.runtimes/default_2.7.tar.gz.0041
p560
sVaws_request_id
p561
V04d8c177-ef2d-4a3f-8c0e-3d2f8fdc2ef4
p562
sVexec_time
p563
F48.23317289352417
sVstart_time
p564
F1609150547.287365
sVsetup_time
p565
F8.2661161422729492
sVruntime_s3_bucket_used
p566
Vpywren-runtimes-public-us-west-2
p567
sVexception
p568
NsVhost_submit_time
p569
F1609150546.58832
sVserver_info
p570
(dp571
Vuname
p572
V('Linux', '169.254.136.117', '4.14.203-112.332.amzn2.x86_64', '#1 SMP Wed Nov 4 20:46:34 UTC 2020', 'x86_64', 'x86_64')
p573
sV/proc/self/cgroup
p574
VMemTotal:        1717184 kB\u000aMemFree:         1119316 kB\u000aMemAvailable:    1486376 kB\u000aBuffers:           17304 kB\u000aCached:           464012 kB\u000aSwapCached:            0 kB\u000aActive:            94444 kB\u000aInactive:         447892 kB\u000aActive(anon):      61012 kB\u000aInactive(anon):      216 kB\u000aActive(file):      33432 kB\u000aInactive(file):   447676 kB\u000aUnevictable:           0 kB\u000aMlocked:               0 kB\u000aSwapTotal:             0 kB\u000aSwapFree:              0 kB\u000aDirty:               368 kB\u000aWriteback:             0 kB\u000aAnonPages:         61012 kB\u000aMapped:            34964 kB\u000aShmem:               220 kB\u000aSlab:              43112 kB\u000aSReclaimable:      32920 kB\u000aSUnreclaim:        10192 kB\u000aKernelStack:        1168 kB\u000aPageTables:         1312 kB\u000aNFS_Unstable:          0 kB\u000aBounce:                0 kB\u000aWritebackTmp:          0 kB\u000aCommitLimit:      858592 kB\u000aCommitted_AS:     252872 kB\u000aVmallocTotal:   34359738367 kB\u000aVmallocUsed:           0 kB\u000aVmallocChunk:          0 kB\u000aAnonHugePages:         0 kB\u000aShmemHugePages:        0 kB\u000aShmemPmdMapped:        0 kB\u000aHugePages_Total:       0\u000aHugePages_Free:        0\u000aHugePages_Rsvd:        0\u000aHugePages_Surp:        0\u000aHugepagesize:       2048 kB\u000aDirectMap4k:       23552 kB\u000aDirectMap2M:     1738752 kB\u000a
p575
sV/proc/cgroups
p576
V#subsys_name	hierarchy	num_cgroups	enabled\u000acpuset	5	1	1\u000acpu	11	5	1\u000acpuacct	11	5	1\u000ablkio	9	1	1\u000amemory	8	5	1\u000adevices	4	1	1\u000afreezer	3	2	1\u000anet_cls	10	1	1\u000aperf_event	6	1	1\u000anet_prio	10	1	1\u000ahugetlb	7	1	1\u000apids	2	1	1\u000a
p577
sV/proc/cpuinfo
p578
Vprocessor	: 0\u000avendor_id	: GenuineIntel\u000acpu family	: 6\u000amodel		: 63\u000amodel name	: Intel(R) Xeon(R) Processor @ 2.50GHz\u000astepping	: 2\u000amicrocode	: 0x1\u000acpu MHz		: 2500.010\u000acache size	: 33792 KB\u000aphysical id	: 0\u000asiblings	: 2\u000acore id		: 0\u000acpu cores	: 2\u000aapicid		: 0\u000ainitial apicid	: 0\u000afpu		: yes\u000afpu_exception	: yes\u000acpuid level	: 13\u000awp		: yes\u000aflags		: fpu vme de pse tsc msr pae mce cx8 apic sep mtrr pge mca cmov pat pse36 clflush mmx fxsr sse sse2 ht syscall nx rdtscp lm constant_tsc rep_good nopl xtopology nonstop_tsc cpuid tsc_known_freq pni pclmulqdq ssse3 fma cx16 pcid sse4_1 sse4_2 x2apic movbe popcnt tsc_deadline_timer aes xsave avx f16c rdrand hypervisor lahf_lm abm cpuid_fault invpcid_single pti ssbd ibrs ibpb stibp fsgsbase tsc_adjust bmi1 avx2 smep bmi2 erms invpcid smap xsaveopt arat md_clear arch_capabilities\u000abugs		: cpu_meltdown spectre_v1 spectre_v2 spec_store_bypass l1tf mds swapgs\u000abogomips	: 5000.02\u000aclflush size	: 64\u000acache_alignment	: 64\u000aaddress sizes	: 46 bits physical, 48 bits virtual\u000apower management:\u000a\u000aprocessor	: 1\u000avendor_id	: GenuineIntel\u000acpu family	: 6\u000amodel		: 63\u000amodel name	: Intel(R) Xeon(R) Processor @ 2.50GHz\u000astepping	: 2\u000amicrocode	: 0x1\u000acpu MHz		: 2500.010\u000acache size	: 33792 KB\u000aphysical id	: 0\u000asiblings	: 2\u000acore id		: 1\u000acpu cores	: 2\u000aapicid		: 1\u000ainitial apicid	: 1\u000afpu		: yes\u000afpu_exception	: yes\u000acpuid level	: 13\u000awp		: yes\u000aflags		: fpu vme de pse tsc msr pae mce cx8 apic sep mtrr pge mca cmov pat pse36 clflush mmx fxsr sse sse2 ht syscall nx rdtscp lm constant_tsc rep_good nopl xtopology nonstop_tsc cpuid tsc_known_freq pni pclmulqdq ssse3 fma cx16 pcid sse4_1 sse4_2 x2apic movbe popcnt tsc_deadline_timer aes xsave avx f16c rdrand hypervisor lahf_lm abm cpuid_fault invpcid_single pti ssbd ibrs ibpb stibp fsgsbase tsc_adjust bmi1 avx2 smep bmi2 erms invpcid smap xsaveopt arat md_clear arch_capabilities\u000abugs		: cpu_meltdown spectre_v1 spectre_v2 spec_store_bypass l1tf mds swapgs\u000abogomips	: 5000.02\u000aclflush size	: 64\u000acache_alignment	: 64\u000aaddress sizes	: 46 bits physical, 48 bits virtual\u000apower management:\u000a\u000a
p579
sV/proc/meminfo
p580
VMemTotal:        1717184 kB\u000aMemFree:         1119316 kB\u000aMemAvailable:    1486376 kB\u000aBuffers:           17304 kB\u000aCached:           464012 kB\u000aSwapCached:            0 kB\u000aActive:            94444 kB\u000aInactive:         447892 kB\u000aActive(anon):      61012 kB\u000aInactive(anon):      216 kB\u000aActive(file):      33432 kB\u000aInactive(file):   447676 kB\u000aUnevictable:           0 kB\u000aMlocked:               0 kB\u000aSwapTotal:             0 kB\u000aSwapFree:              0 kB\u000aDirty:               368 kB\u000aWriteback:             0 kB\u000aAnonPages:         61012 kB\u000aMapped:            34964 kB\u000aShmem:               220 kB\u000aSlab:              43112 kB\u000aSReclaimable:      32920 kB\u000aSUnreclaim:        10192 kB\u000aKernelStack:        1168 kB\u000aPageTables:         1312 kB\u000aNFS_Unstable:          0 kB\u000aBounce:                0 kB\u000aWritebackTmp:          0 kB\u000aCommitLimit:      858592 kB\u000aCommitted_AS:     252872 kB\u000aVmallocTotal:   34359738367 kB\u000aVmallocUsed:           0 kB\u000aVmallocChunk:          0 kB\u000aAnonHugePages:         0 kB\u000aShmemHugePages:        0 kB\u000aShmemPmdMapped:        0 kB\u000aHugePages_Total:       0\u000aHugePages_Free:        0\u000aHugePages_Rsvd:        0\u000aHugePages_Surp:        0\u000aHugepagesize:       2048 kB\u000aDirectMap4k:       23552 kB\u000aDirectMap2M:     1738752 kB\u000a
p581
ssVstatus_key
p582
Vpywren.jobs/60bcf6f6-ef0c-4824-af15-445618a3b262/00012/status.json
p583
sVend_time
p584
F1609150603.7866471
sVlog_group_name
p585
V/aws/lambda/pywren_redis_2
p586
sVdata_key
p587
Vpywren.jobs/60bcf6f6-ef0c-4824-af15-445618a3b262/aggdata.pickle
p588
sa(dp589
Vcallset_id
p590
V60bcf6f6-ef0c-4824-af15-445618a3b262
p591
sVlog_stream_name
p592
V2020/12/28/[$LATEST]cb500006c5fb44c0971a3ec7e2cb38f8
p593
sVstdout
p594
V
sVfunc_key
p595
Vpywren.jobs/60bcf6f6-ef0c-4824-af15-445618a3b262/func.pickle
p596
sVfree_disk_bytes
p597
I538333184
sVruntime_cached
p598
I00
sVretcode
p599
I0
sVcall_id
p600
V00013
p601
sVoutput_key
p602
Vpywren.jobs/60bcf6f6-ef0c-4824-af15-445618a3b262/00013/output.pickle
p603
sVruntime_s3_key_used
p604
V12207e-pywren.runtimes/default_2.7.tar.gz.0044
p605
sVaws_request_id
p606
V5959ed36-9d8e-4386-b3e4-59e2c5cb99db
p607
sVexec_time
p608
F56.299385070800781
sVstart_time
p609
F1609150547.316324
sVsetup_time
p610
F7.1365699768066406
sVruntime_s3_bucket_used
p611
Vpywren-runtimes-public-us-west-2
p612
sVexception
p613
NsVhost_submit_time
p614
F1609150546.6001401
sVserver_info
p615
(dp616
Vuname
p617
V('Linux', '169.254.18.229', '4.14.203-112.332.amzn2.x86_64', '#1 SMP Wed Nov 4 20:46:34 UTC 2020', 'x86_64', 'x86_64')
p618
sV/proc/self/cgroup
p619
VMemTotal:        1717184 kB\u000aMemFree:         1119080 kB\u000aMemAvailable:    1486460 kB\u000aBuffers:           17036 kB\u000aCached:           464584 kB\u000aSwapCached:            0 kB\u000aActive:            94212 kB\u000aInactive:         448172 kB\u000aActive(anon):      60736 kB\u000aInactive(anon):      216 kB\u000aActive(file):      33476 kB\u000aInactive(file):   447956 kB\u000aUnevictable:           0 kB\u000aMlocked:               0 kB\u000aSwapTotal:             0 kB\u000aSwapFree:              0 kB\u000aDirty:               124 kB\u000aWriteback:             0 kB\u000aAnonPages:         60752 kB\u000aMapped:            34940 kB\u000aShmem:               220 kB\u000aSlab:              43260 kB\u000aSReclaimable:      32908 kB\u000aSUnreclaim:        10352 kB\u000aKernelStack:        1152 kB\u000aPageTables:         1324 kB\u000aNFS_Unstable:          0 kB\u000aBounce:                0 kB\u000aWritebackTmp:          0 kB\u000aCommitLimit:      858592 kB\u000aCommitted_AS:     251592 kB\u000aVmallocTotal:   34359738367 kB\u000aVmallocUsed:           0 kB\u000aVmallocChunk:          0 kB\u000aAnonHugePages:         0 kB\u000aShmemHugePages:        0 kB\u000aShmemPmdMapped:        0 kB\u000aHugePages_Total:       0\u000aHugePages_Free:        0\u000aHugePages_Rsvd:        0\u000aHugePages_Surp:        0\u000aHugepagesize:       2048 kB\u000aDirectMap4k:       25600 kB\u000aDirectMap2M:     1736704 kB\u000a
p620
sV/proc/cgroups
p621
V#subsys_name	hierarchy	num_cgroups	enabled\u000acpuset	5	1	1\u000acpu	2	5	1\u000acpuacct	2	5	1\u000ablkio	9	1	1\u000amemory	6	5	1\u000adevices	8	1	1\u000afreezer	3	2	1\u000anet_cls	4	1	1\u000aperf_event	7	1	1\u000anet_prio	4	1	1\u000ahugetlb	11	1	1\u000apids	10	1	1\u000a
p622
sV/proc/cpuinfo
p623
Vprocessor	: 0\u000avendor_id	: GenuineIntel\u000acpu family	: 6\u000amodel		: 63\u000amodel name	: Intel(R) Xeon(R) Processor @ 2.50GHz\u000astepping	: 2\u000amicrocode	: 0x1\u000acpu MHz		: 2500.002\u000acache size	: 33792 KB\u000aphysical id	: 0\u000asiblings	: 2\u000acore id		: 0\u000acpu cores	: 2\u000aapicid		: 0\u000ainitial apicid	: 0\u000afpu		: yes\u000afpu_exception	: yes\u000acpuid level	: 13\u000awp		: yes\u000aflags		: fpu vme de pse tsc msr pae mce cx8 apic sep mtrr pge mca cmov pat pse36 clflush mmx fxsr sse sse2 ht syscall nx rdtscp lm constant_tsc rep_good nopl xtopology nonstop_tsc cpuid tsc_known_freq pni pclmulqdq ssse3 fma cx16 pcid sse4_1 sse4_2 x2apic movbe popcnt tsc_deadline_timer aes xsave avx f16c rdrand hypervisor lahf_lm abm cpuid_fault invpcid_single pti ssbd ibrs ibpb stibp fsgsbase tsc_adjust bmi1 avx2 smep bmi2 erms invpcid smap xsaveopt arat md_clear arch_capabilities\u000abugs		: cpu_meltdown spectre_v1 spectre_v2 spec_store_bypass l1tf mds swapgs\u000abogomips	: 5000.00\u000aclflush size	: 64\u000acache_alignment	: 64\u000aaddress sizes	: 46 bits physical, 48 bits virtual\u000apower management:\u000a\u000aprocessor	: 1\u000avendor_id	: GenuineIntel\u000acpu family	: 6\u000amodel		: 63\u000amodel name	: Intel(R) Xeon(R) Processor @ 2.50GHz\u000astepping	: 2\u000amicrocode	: 0x1\u000acpu MHz		: 2500.002\u000acache size	: 33792 KB\u000aphysical id	: 0\u000asiblings	: 2\u000acore id		: 1\u000acpu cores	: 2\u000aapicid		: 1\u000ainitial apicid	: 1\u000afpu		: yes\u000afpu_exception	: yes\u000acpuid level	: 13\u000awp		: yes\u000aflags		: fpu vme de pse tsc msr pae mce cx8 apic sep mtrr pge mca cmov pat pse36 clflush mmx fxsr sse sse2 ht syscall nx rdtscp lm constant_tsc rep_good nopl xtopology nonstop_tsc cpuid tsc_known_freq pni pclmulqdq ssse3 fma cx16 pcid sse4_1 sse4_2 x2apic movbe popcnt tsc_deadline_timer aes xsave avx f16c rdrand hypervisor lahf_lm abm cpuid_fault invpcid_single pti ssbd ibrs ibpb stibp fsgsbase tsc_adjust bmi1 avx2 smep bmi2 erms invpcid smap xsaveopt arat md_clear arch_capabilities\u000abugs		: cpu_meltdown spectre_v1 spectre_v2 spec_store_bypass l1tf mds swapgs\u000abogomips	: 5000.00\u000aclflush size	: 64\u000acache_alignment	: 64\u000aaddress sizes	: 46 bits physical, 48 bits virtual\u000apower management:\u000a\u000a
p624
sV/proc/meminfo
p625
VMemTotal:        1717184 kB\u000aMemFree:         1119080 kB\u000aMemAvailable:    1486460 kB\u000aBuffers:           17036 kB\u000aCached:           464584 kB\u000aSwapCached:            0 kB\u000aActive:            94212 kB\u000aInactive:         448172 kB\u000aActive(anon):      60736 kB\u000aInactive(anon):      216 kB\u000aActive(file):      33476 kB\u000aInactive(file):   447956 kB\u000aUnevictable:           0 kB\u000aMlocked:               0 kB\u000aSwapTotal:             0 kB\u000aSwapFree:              0 kB\u000aDirty:               124 kB\u000aWriteback:             0 kB\u000aAnonPages:         60752 kB\u000aMapped:            34940 kB\u000aShmem:               220 kB\u000aSlab:              43260 kB\u000aSReclaimable:      32908 kB\u000aSUnreclaim:        10352 kB\u000aKernelStack:        1152 kB\u000aPageTables:         1324 kB\u000aNFS_Unstable:          0 kB\u000aBounce:                0 kB\u000aWritebackTmp:          0 kB\u000aCommitLimit:      858592 kB\u000aCommitted_AS:     251592 kB\u000aVmallocTotal:   34359738367 kB\u000aVmallocUsed:           0 kB\u000aVmallocChunk:          0 kB\u000aAnonHugePages:         0 kB\u000aShmemHugePages:        0 kB\u000aShmemPmdMapped:        0 kB\u000aHugePages_Total:       0\u000aHugePages_Free:        0\u000aHugePages_Rsvd:        0\u000aHugePages_Surp:        0\u000aHugepagesize:       2048 kB\u000aDirectMap4k:       25600 kB\u000aDirectMap2M:     1736704 kB\u000a
p626
ssVstatus_key
p627
Vpywren.jobs/60bcf6f6-ef0c-4824-af15-445618a3b262/00013/status.json
p628
sVend_time
p629
F1609150610.752274
sVlog_group_name
p630
V/aws/lambda/pywren_redis_2
p631
sVdata_key
p632
Vpywren.jobs/60bcf6f6-ef0c-4824-af15-445618a3b262/aggdata.pickle
p633
sa(dp634
Vcallset_id
p635
V60bcf6f6-ef0c-4824-af15-445618a3b262
p636
sVlog_stream_name
p637
V2020/12/28/[$LATEST]528548e12d114740a006da9492d1287c
p638
sVstdout
p639
V
sVfunc_key
p640
Vpywren.jobs/60bcf6f6-ef0c-4824-af15-445618a3b262/func.pickle
p641
sVfree_disk_bytes
p642
I538333184
sVruntime_cached
p643
I00
sVretcode
p644
I0
sVcall_id
p645
V00014
p646
sVoutput_key
p647
Vpywren.jobs/60bcf6f6-ef0c-4824-af15-445618a3b262/00014/output.pickle
p648
sVruntime_s3_key_used
p649
V1c4bf7-pywren.runtimes/default_2.7.tar.gz.0019
p650
sVaws_request_id
p651
V6bb2320b-e715-411f-a9a0-7c3f073617dc
p652
sVexec_time
p653
F48.284643888473511
sVstart_time
p654
F1609150547.343101
sVsetup_time
p655
F7.0587069988250732
sVruntime_s3_bucket_used
p656
Vpywren-runtimes-public-us-west-2
p657
sVexception
p658
NsVhost_submit_time
p659
F1609150546.608923
sVserver_info
p660
(dp661
Vuname
p662
V('Linux', '169.254.239.109', '4.14.203-112.332.amzn2.x86_64', '#1 SMP Wed Nov 4 20:46:34 UTC 2020', 'x86_64', 'x86_64')
p663
sV/proc/self/cgroup
p664
VMemTotal:        1717184 kB\u000aMemFree:         1119096 kB\u000aMemAvailable:    1486668 kB\u000aBuffers:           17584 kB\u000aCached:           464232 kB\u000aSwapCached:            0 kB\u000aActive:            94188 kB\u000aInactive:         448424 kB\u000aActive(anon):      60784 kB\u000aInactive(anon):      216 kB\u000aActive(file):      33404 kB\u000aInactive(file):   448208 kB\u000aUnevictable:           0 kB\u000aMlocked:               0 kB\u000aSwapTotal:             0 kB\u000aSwapFree:              0 kB\u000aDirty:               124 kB\u000aWriteback:             0 kB\u000aAnonPages:         60796 kB\u000aMapped:            34892 kB\u000aShmem:               220 kB\u000aSlab:              43116 kB\u000aSReclaimable:      32936 kB\u000aSUnreclaim:        10180 kB\u000aKernelStack:        1168 kB\u000aPageTables:         1280 kB\u000aNFS_Unstable:          0 kB\u000aBounce:                0 kB\u000aWritebackTmp:          0 kB\u000aCommitLimit:      858592 kB\u000aCommitted_AS:     251728 kB\u000aVmallocTotal:   34359738367 kB\u000aVmallocUsed:           0 kB\u000aVmallocChunk:          0 kB\u000aAnonHugePages:         0 kB\u000aShmemHugePages:        0 kB\u000aShmemPmdMapped:        0 kB\u000aHugePages_Total:       0\u000aHugePages_Free:        0\u000aHugePages_Rsvd:        0\u000aHugePages_Surp:        0\u000aHugepagesize:       2048 kB\u000aDirectMap4k:       23552 kB\u000aDirectMap2M:     1738752 kB\u000a
p665
sV/proc/cgroups
p666
V#subsys_name	hierarchy	num_cgroups	enabled\u000acpuset	10	1	1\u000acpu	5	5	1\u000acpuacct	5	5	1\u000ablkio	3	1	1\u000amemory	4	5	1\u000adevices	9	1	1\u000afreezer	11	2	1\u000anet_cls	2	1	1\u000aperf_event	7	1	1\u000anet_prio	2	1	1\u000ahugetlb	6	1	1\u000apids	8	1	1\u000a
p667
sV/proc/cpuinfo
p668
