(dp1
S'run_statuses'
p2
(lp3
(dp4
Vcallset_id
p5
V889be03d-3c5e-4263-9efc-9190146379c6
p6
sVlog_stream_name
p7
V2020/12/28/[$LATEST]34169647596c46c597dd3a4fef5b8fa6
p8
sVstdout
p9
V
sVfunc_key
p10
Vpywren.jobs/889be03d-3c5e-4263-9efc-9190146379c6/func.pickle
p11
sVfree_disk_bytes
p12
I538333184
sVruntime_cached
p13
I00
sVretcode
p14
I0
sVcall_id
p15
V00000
p16
sVoutput_key
p17
Vpywren.jobs/889be03d-3c5e-4263-9efc-9190146379c6/00000/output.pickle
p18
sVruntime_s3_key_used
p19
V10e0c7-pywren.runtimes/default_2.7.tar.gz.0022
p20
sVaws_request_id
p21
V0b0cbb7e-37ec-4d1d-9ce7-fb0c6c4e98ee
p22
sVexec_time
p23
F24.12383508682251
sVstart_time
p24
F1609150567.239872
sVsetup_time
p25
F6.8648719787597656
sVruntime_s3_bucket_used
p26
Vpywren-runtimes-public-us-west-2
p27
sVexception
p28
NsVhost_submit_time
p29
F1609150566.4935269
sVserver_info
p30
(dp31
Vuname
p32
V('Linux', '169.254.6.101', '4.14.203-112.332.amzn2.x86_64', '#1 SMP Wed Nov 4 20:46:34 UTC 2020', 'x86_64', 'x86_64')
p33
sV/proc/self/cgroup
p34
VMemTotal:        1717184 kB\u000aMemFree:         1124372 kB\u000aMemAvailable:    1486004 kB\u000aBuffers:           14944 kB\u000aCached:           460944 kB\u000aSwapCached:            0 kB\u000aActive:            91576 kB\u000aInactive:         445396 kB\u000aActive(anon):      61076 kB\u000aInactive(anon):      216 kB\u000aActive(file):      30500 kB\u000aInactive(file):   445180 kB\u000aUnevictable:           0 kB\u000aMlocked:               0 kB\u000aSwapTotal:             0 kB\u000aSwapFree:              0 kB\u000aDirty:             10172 kB\u000aWriteback:             0 kB\u000aAnonPages:         61092 kB\u000aMapped:            34456 kB\u000aShmem:               220 kB\u000aSlab:              43268 kB\u000aSReclaimable:      32916 kB\u000aSUnreclaim:        10352 kB\u000aKernelStack:        1168 kB\u000aPageTables:         1284 kB\u000aNFS_Unstable:          0 kB\u000aBounce:                0 kB\u000aWritebackTmp:          0 kB\u000aCommitLimit:      858592 kB\u000aCommitted_AS:     252812 kB\u000aVmallocTotal:   34359738367 kB\u000aVmallocUsed:           0 kB\u000aVmallocChunk:          0 kB\u000aAnonHugePages:         0 kB\u000aShmemHugePages:        0 kB\u000aShmemPmdMapped:        0 kB\u000aHugePages_Total:       0\u000aHugePages_Free:        0\u000aHugePages_Rsvd:        0\u000aHugePages_Surp:        0\u000aHugepagesize:       2048 kB\u000aDirectMap4k:       21504 kB\u000aDirectMap2M:     1740800 kB\u000a
p35
sV/proc/cgroups
p36
V#subsys_name	hierarchy	num_cgroups	enabled\u000acpuset	8	1	1\u000acpu	7	5	1\u000acpuacct	7	5	1\u000ablkio	5	1	1\u000amemory	3	5	1\u000adevices	2	1	1\u000afreezer	6	2	1\u000anet_cls	11	1	1\u000aperf_event	4	1	1\u000anet_prio	11	1	1\u000ahugetlb	10	1	1\u000apids	9	1	1\u000a
p37
sV/proc/cpuinfo
p38
Vprocessor	: 0\u000avendor_id	: GenuineIntel\u000acpu family	: 6\u000amodel		: 63\u000amodel name	: Intel(R) Xeon(R) Processor @ 2.50GHz\u000astepping	: 2\u000amicrocode	: 0x1\u000acpu MHz		: 2500.012\u000acache size	: 36608 KB\u000aphysical id	: 0\u000asiblings	: 2\u000acore id		: 0\u000acpu cores	: 2\u000aapicid		: 0\u000ainitial apicid	: 0\u000afpu		: yes\u000afpu_exception	: yes\u000acpuid level	: 13\u000awp		: yes\u000aflags		: fpu vme de pse tsc msr pae mce cx8 apic sep mtrr pge mca cmov pat pse36 clflush mmx fxsr sse sse2 ht syscall nx rdtscp lm constant_tsc rep_good nopl xtopology nonstop_tsc cpuid tsc_known_freq pni pclmulqdq ssse3 fma cx16 pcid sse4_1 sse4_2 x2apic movbe popcnt tsc_deadline_timer aes xsave avx f16c rdrand hypervisor lahf_lm abm cpuid_fault invpcid_single ssbd ibrs ibpb stibp ibrs_enhanced fsgsbase tsc_adjust bmi1 avx2 smep bmi2 erms invpcid smap xsaveopt arat md_clear arch_capabilities\u000abugs		: spectre_v1 spectre_v2 spec_store_bypass swapgs\u000abogomips	: 5000.02\u000aclflush size	: 64\u000acache_alignment	: 64\u000aaddress sizes	: 46 bits physical, 48 bits virtual\u000apower management:\u000a\u000aprocessor	: 1\u000avendor_id	: GenuineIntel\u000acpu family	: 6\u000amodel		: 63\u000amodel name	: Intel(R) Xeon(R) Processor @ 2.50GHz\u000astepping	: 2\u000amicrocode	: 0x1\u000acpu MHz		: 2500.012\u000acache size	: 36608 KB\u000aphysical id	: 0\u000asiblings	: 2\u000acore id		: 1\u000acpu cores	: 2\u000aapicid		: 1\u000ainitial apicid	: 1\u000afpu		: yes\u000afpu_exception	: yes\u000acpuid level	: 13\u000awp		: yes\u000aflags		: fpu vme de pse tsc msr pae mce cx8 apic sep mtrr pge mca cmov pat pse36 clflush mmx fxsr sse sse2 ht syscall nx rdtscp lm constant_tsc rep_good nopl xtopology nonstop_tsc cpuid tsc_known_freq pni pclmulqdq ssse3 fma cx16 pcid sse4_1 sse4_2 x2apic movbe popcnt tsc_deadline_timer aes xsave avx f16c rdrand hypervisor lahf_lm abm cpuid_fault invpcid_single ssbd ibrs ibpb stibp ibrs_enhanced fsgsbase tsc_adjust bmi1 avx2 smep bmi2 erms invpcid smap xsaveopt arat md_clear arch_capabilities\u000abugs		: spectre_v1 spectre_v2 spec_store_bypass swapgs\u000abogomips	: 5000.02\u000aclflush size	: 64\u000acache_alignment	: 64\u000aaddress sizes	: 46 bits physical, 48 bits virtual\u000apower management:\u000a\u000a
p39
sV/proc/meminfo
p40
VMemTotal:        1717184 kB\u000aMemFree:         1124372 kB\u000aMemAvailable:    1486004 kB\u000aBuffers:           14944 kB\u000aCached:           460944 kB\u000aSwapCached:            0 kB\u000aActive:            91576 kB\u000aInactive:         445396 kB\u000aActive(anon):      61076 kB\u000aInactive(anon):      216 kB\u000aActive(file):      30500 kB\u000aInactive(file):   445180 kB\u000aUnevictable:           0 kB\u000aMlocked:               0 kB\u000aSwapTotal:             0 kB\u000aSwapFree:              0 kB\u000aDirty:             10172 kB\u000aWriteback:             0 kB\u000aAnonPages:         61092 kB\u000aMapped:            34456 kB\u000aShmem:               220 kB\u000aSlab:              43268 kB\u000aSReclaimable:      32916 kB\u000aSUnreclaim:        10352 kB\u000aKernelStack:        1168 kB\u000aPageTables:         1284 kB\u000aNFS_Unstable:          0 kB\u000aBounce:                0 kB\u000aWritebackTmp:          0 kB\u000aCommitLimit:      858592 kB\u000aCommitted_AS:     252812 kB\u000aVmallocTotal:   34359738367 kB\u000aVmallocUsed:           0 kB\u000aVmallocChunk:          0 kB\u000aAnonHugePages:         0 kB\u000aShmemHugePages:        0 kB\u000aShmemPmdMapped:        0 kB\u000aHugePages_Total:       0\u000aHugePages_Free:        0\u000aHugePages_Rsvd:        0\u000aHugePages_Surp:        0\u000aHugepagesize:       2048 kB\u000aDirectMap4k:       21504 kB\u000aDirectMap2M:     1740800 kB\u000a
p41
ssVstatus_key
p42
Vpywren.jobs/889be03d-3c5e-4263-9efc-9190146379c6/00000/status.json
p43
sVend_time
p44
F1609150598.2285731
sVlog_group_name
p45
V/aws/lambda/pywren_redis_2
p46
sVdata_key
p47
Vpywren.jobs/889be03d-3c5e-4263-9efc-9190146379c6/aggdata.pickle
p48
sa(dp49
Vcallset_id
p50
V889be03d-3c5e-4263-9efc-9190146379c6
p51
sVlog_stream_name
p52
V2020/12/28/[$LATEST]08091dd5fd324bf5b3e450dcf45e60e0
p53
sVstdout
p54
V
sVfunc_key
p55
Vpywren.jobs/889be03d-3c5e-4263-9efc-9190146379c6/func.pickle
p56
sVfree_disk_bytes
p57
I538333184
sVruntime_cached
p58
I00
sVretcode
p59
I0
sVcall_id
p60
V00001
p61
sVoutput_key
p62
Vpywren.jobs/889be03d-3c5e-4263-9efc-9190146379c6/00001/output.pickle
p63
sVruntime_s3_key_used
p64
V8100c4-pywren.runtimes/default_2.7.tar.gz.0056
p65
sVaws_request_id
p66
V7e341f37-8ab2-454b-a0cc-f617ee3a4e61
p67
sVexec_time
p68
F30.194348096847534
sVstart_time
p69
F1609150567.2919979
sVsetup_time
p70
F7.2185189723968506
sVruntime_s3_bucket_used
p71
Vpywren-runtimes-public-us-west-2
p72
sVexception
p73
NsVhost_submit_time
p74
F1609150566.4951899
sVserver_info
p75
(dp76
Vuname
p77
V('Linux', '169.254.237.213', '4.14.203-112.332.amzn2.x86_64', '#1 SMP Wed Nov 4 20:46:34 UTC 2020', 'x86_64', 'x86_64')
p78
sV/proc/self/cgroup
p79
VMemTotal:        1717184 kB\u000aMemFree:         1119104 kB\u000aMemAvailable:    1485792 kB\u000aBuffers:           16660 kB\u000aCached:           464296 kB\u000aSwapCached:            0 kB\u000aActive:            94116 kB\u000aInactive:         448160 kB\u000aActive(anon):      61312 kB\u000aInactive(anon):      216 kB\u000aActive(file):      32804 kB\u000aInactive(file):   447944 kB\u000aUnevictable:           0 kB\u000aMlocked:               0 kB\u000aSwapTotal:             0 kB\u000aSwapFree:              0 kB\u000aDirty:              8620 kB\u000aWriteback:             0 kB\u000aAnonPages:         61228 kB\u000aMapped:            34880 kB\u000aShmem:               220 kB\u000aSlab:              43312 kB\u000aSReclaimable:      32896 kB\u000aSUnreclaim:        10416 kB\u000aKernelStack:        1160 kB\u000aPageTables:         1424 kB\u000aNFS_Unstable:          0 kB\u000aBounce:                0 kB\u000aWritebackTmp:          0 kB\u000aCommitLimit:      858592 kB\u000aCommitted_AS:     251680 kB\u000aVmallocTotal:   34359738367 kB\u000aVmallocUsed:           0 kB\u000aVmallocChunk:          0 kB\u000aAnonHugePages:         0 kB\u000aShmemHugePages:        0 kB\u000aShmemPmdMapped:        0 kB\u000aHugePages_Total:       0\u000aHugePages_Free:        0\u000aHugePages_Rsvd:        0\u000aHugePages_Surp:        0\u000aHugepagesize:       2048 kB\u000aDirectMap4k:       23552 kB\u000aDirectMap2M:     1738752 kB\u000a
p80
sV/proc/cgroups
p81
V#subsys_name	hierarchy	num_cgroups	enabled\u000acpuset	11	1	1\u000acpu	4	5	1\u000acpuacct	4	5	1\u000ablkio	6	1	1\u000amemory	5	5	1\u000adevices	2	1	1\u000afreezer	3	2	1\u000anet_cls	7	1	1\u000aperf_event	8	1	1\u000anet_prio	7	1	1\u000ahugetlb	9	1	1\u000apids	10	1	1\u000a
p82
sV/proc/cpuinfo
p83
Vprocessor	: 0\u000avendor_id	: GenuineIntel\u000acpu family	: 6\u000amodel		: 63\u000amodel name	: Intel(R) Xeon(R) Processor @ 2.50GHz\u000astepping	: 2\u000amicrocode	: 0x1\u000acpu MHz		: 2500.010\u000acache size	: 33792 KB\u000aphysical id	: 0\u000asiblings	: 2\u000acore id		: 0\u000acpu cores	: 2\u000aapicid		: 0\u000ainitial apicid	: 0\u000afpu		: yes\u000afpu_exception	: yes\u000acpuid level	: 13\u000awp		: yes\u000aflags		: fpu vme de pse tsc msr pae mce cx8 apic sep mtrr pge mca cmov pat pse36 clflush mmx fxsr sse sse2 ht syscall nx rdtscp lm constant_tsc rep_good nopl xtopology nonstop_tsc cpuid tsc_known_freq pni pclmulqdq ssse3 fma cx16 pcid sse4_1 sse4_2 x2apic movbe popcnt tsc_deadline_timer aes xsave avx f16c rdrand hypervisor lahf_lm abm cpuid_fault invpcid_single pti ssbd ibrs ibpb stibp fsgsbase tsc_adjust bmi1 avx2 smep bmi2 erms invpcid smap xsaveopt arat md_clear arch_capabilities\u000abugs		: cpu_meltdown spectre_v1 spectre_v2 spec_store_bypass l1tf mds swapgs\u000abogomips	: 5000.02\u000aclflush size	: 64\u000acache_alignment	: 64\u000aaddress sizes	: 46 bits physical, 48 bits virtual\u000apower management:\u000a\u000aprocessor	: 1\u000avendor_id	: GenuineIntel\u000acpu family	: 6\u000amodel		: 63\u000amodel name	: Intel(R) Xeon(R) Processor @ 2.50GHz\u000astepping	: 2\u000amicrocode	: 0x1\u000acpu MHz		: 2500.010\u000acache size	: 33792 KB\u000aphysical id	: 0\u000asiblings	: 2\u000acore id		: 1\u000acpu cores	: 2\u000aapicid		: 1\u000ainitial apicid	: 1\u000afpu		: yes\u000afpu_exception	: yes\u000acpuid level	: 13\u000awp		: yes\u000aflags		: fpu vme de pse tsc msr pae mce cx8 apic sep mtrr pge mca cmov pat pse36 clflush mmx fxsr sse sse2 ht syscall nx rdtscp lm constant_tsc rep_good nopl xtopology nonstop_tsc cpuid tsc_known_freq pni pclmulqdq ssse3 fma cx16 pcid sse4_1 sse4_2 x2apic movbe popcnt tsc_deadline_timer aes xsave avx f16c rdrand hypervisor lahf_lm abm cpuid_fault invpcid_single pti ssbd ibrs ibpb stibp fsgsbase tsc_adjust bmi1 avx2 smep bmi2 erms invpcid smap xsaveopt arat md_clear arch_capabilities\u000abugs		: cpu_meltdown spectre_v1 spectre_v2 spec_store_bypass l1tf mds swapgs\u000abogomips	: 5000.02\u000aclflush size	: 64\u000acache_alignment	: 64\u000aaddress sizes	: 46 bits physical, 48 bits virtual\u000apower management:\u000a\u000a
p84
sV/proc/meminfo
p85
VMemTotal:        1717184 kB\u000aMemFree:         1119104 kB\u000aMemAvailable:    1485792 kB\u000aBuffers:           16660 kB\u000aCached:           464296 kB\u000aSwapCached:            0 kB\u000aActive:            94116 kB\u000aInactive:         448160 kB\u000aActive(anon):      61312 kB\u000aInactive(anon):      216 kB\u000aActive(file):      32804 kB\u000aInactive(file):   447944 kB\u000aUnevictable:           0 kB\u000aMlocked:               0 kB\u000aSwapTotal:             0 kB\u000aSwapFree:              0 kB\u000aDirty:              8620 kB\u000aWriteback:             0 kB\u000aAnonPages:         61228 kB\u000aMapped:            34880 kB\u000aShmem:               220 kB\u000aSlab:              43312 kB\u000aSReclaimable:      32896 kB\u000aSUnreclaim:        10416 kB\u000aKernelStack:        1160 kB\u000aPageTables:         1424 kB\u000aNFS_Unstable:          0 kB\u000aBounce:                0 kB\u000aWritebackTmp:          0 kB\u000aCommitLimit:      858592 kB\u000aCommitted_AS:     251680 kB\u000aVmallocTotal:   34359738367 kB\u000aVmallocUsed:           0 kB\u000aVmallocChunk:          0 kB\u000aAnonHugePages:         0 kB\u000aShmemHugePages:        0 kB\u000aShmemPmdMapped:        0 kB\u000aHugePages_Total:       0\u000aHugePages_Free:        0\u000aHugePages_Rsvd:        0\u000aHugePages_Surp:        0\u000aHugepagesize:       2048 kB\u000aDirectMap4k:       23552 kB\u000aDirectMap2M:     1738752 kB\u000a
p86
ssVstatus_key
p87
Vpywren.jobs/889be03d-3c5e-4263-9efc-9190146379c6/00001/status.json
p88
sVend_time
p89
F1609150604.704859
sVlog_group_name
p90
V/aws/lambda/pywren_redis_2
p91
sVdata_key
p92
Vpywren.jobs/889be03d-3c5e-4263-9efc-9190146379c6/aggdata.pickle
p93
sa(dp94
Vcallset_id
p95
V889be03d-3c5e-4263-9efc-9190146379c6
p96
sVlog_stream_name
p97
V2020/12/28/[$LATEST]2b77031fb418427d83ae5ad5ff700aea
p98
sVstdout
p99
V
sVfunc_key
p100
Vpywren.jobs/889be03d-3c5e-4263-9efc-9190146379c6/func.pickle
p101
sVfree_disk_bytes
p102
I538333184
sVruntime_cached
p103
I00
sVretcode
p104
I0
sVcall_id
p105
V00002
p106
sVoutput_key
p107
Vpywren.jobs/889be03d-3c5e-4263-9efc-9190146379c6/00002/output.pickle
p108
sVruntime_s3_key_used
p109
V4323f5-pywren.runtimes/default_2.7.tar.gz.0020
p110
sVaws_request_id
p111
Ve73370da-0b0d-4262-96d1-91a70e31e719
p112
sVexec_time
p113
F38.25987720489502
sVstart_time
p114
F1609150567.207916
sVsetup_time
p115
F6.9479658603668213
sVruntime_s3_bucket_used
p116
Vpywren-runtimes-public-us-west-2
p117
sVexception
p118
NsVhost_submit_time
p119
F1609150566.4982359
sVserver_info
p120
(dp121
Vuname
p122
V('Linux', '169.254.6.209', '4.14.203-112.332.amzn2.x86_64', '#1 SMP Wed Nov 4 20:46:34 UTC 2020', 'x86_64', 'x86_64')
p123
sV/proc/self/cgroup
p124
VMemTotal:        1717184 kB\u000aMemFree:         1125136 kB\u000aMemAvailable:    1486300 kB\u000aBuffers:           14752 kB\u000aCached:           460680 kB\u000aSwapCached:            0 kB\u000aActive:            91536 kB\u000aInactive:         444988 kB\u000aActive(anon):      61084 kB\u000aInactive(anon):      216 kB\u000aActive(file):      30452 kB\u000aInactive(file):   444772 kB\u000aUnevictable:           0 kB\u000aMlocked:               0 kB\u000aSwapTotal:             0 kB\u000aSwapFree:              0 kB\u000aDirty:               164 kB\u000aWriteback:             0 kB\u000aAnonPages:         61080 kB\u000aMapped:            34204 kB\u000aShmem:               220 kB\u000aSlab:              43040 kB\u000aSReclaimable:      32892 kB\u000aSUnreclaim:        10148 kB\u000aKernelStack:        1152 kB\u000aPageTables:         1336 kB\u000aNFS_Unstable:          0 kB\u000aBounce:                0 kB\u000aWritebackTmp:          0 kB\u000aCommitLimit:      858592 kB\u000aCommitted_AS:     252860 kB\u000aVmallocTotal:   34359738367 kB\u000aVmallocUsed:           0 kB\u000aVmallocChunk:          0 kB\u000aAnonHugePages:         0 kB\u000aShmemHugePages:        0 kB\u000aShmemPmdMapped:        0 kB\u000aHugePages_Total:       0\u000aHugePages_Free:        0\u000aHugePages_Rsvd:        0\u000aHugePages_Surp:        0\u000aHugepagesize:       2048 kB\u000aDirectMap4k:       23552 kB\u000aDirectMap2M:     1738752 kB\u000a
p125
sV/proc/cgroups
p126
V#subsys_name	hierarchy	num_cgroups	enabled\u000acpuset	6	1	1\u000acpu	5	5	1\u000acpuacct	5	5	1\u000ablkio	10	1	1\u000amemory	9	5	1\u000adevices	3	1	1\u000afreezer	4	2	1\u000anet_cls	8	1	1\u000aperf_event	2	1	1\u000anet_prio	8	1	1\u000ahugetlb	7	1	1\u000apids	11	1	1\u000a
p127
sV/proc/cpuinfo
p128
Vprocessor	: 0\u000avendor_id	: GenuineIntel\u000acpu family	: 6\u000amodel		: 63\u000amodel name	: Intel(R) Xeon(R) Processor @ 2.50GHz\u000astepping	: 2\u000amicrocode	: 0x1\u000acpu MHz		: 2500.020\u000acache size	: 36608 KB\u000aphysical id	: 0\u000asiblings	: 2\u000acore id		: 0\u000acpu cores	: 2\u000aapicid		: 0\u000ainitial apicid	: 0\u000afpu		: yes\u000afpu_exception	: yes\u000acpuid level	: 13\u000awp		: yes\u000aflags		: fpu vme de pse tsc msr pae mce cx8 apic sep mtrr pge mca cmov pat pse36 clflush mmx fxsr sse sse2 ht syscall nx rdtscp lm constant_tsc rep_good nopl xtopology nonstop_tsc cpuid tsc_known_freq pni pclmulqdq ssse3 fma cx16 pcid sse4_1 sse4_2 x2apic movbe popcnt tsc_deadline_timer aes xsave avx f16c rdrand hypervisor lahf_lm abm cpuid_fault invpcid_single ssbd ibrs ibpb stibp ibrs_enhanced fsgsbase tsc_adjust bmi1 avx2 smep bmi2 erms invpcid smap xsaveopt arat md_clear arch_capabilities\u000abugs		: spectre_v1 spectre_v2 spec_store_bypass swapgs\u000abogomips	: 5000.04\u000aclflush size	: 64\u000acache_alignment	: 64\u000aaddress sizes	: 46 bits physical, 48 bits virtual\u000apower management:\u000a\u000aprocessor	: 1\u000avendor_id	: GenuineIntel\u000acpu family	: 6\u000amodel		: 63\u000amodel name	: Intel(R) Xeon(R) Processor @ 2.50GHz\u000astepping	: 2\u000amicrocode	: 0x1\u000acpu MHz		: 2500.020\u000acache size	: 36608 KB\u000aphysical id	: 0\u000asiblings	: 2\u000acore id		: 1\u000acpu cores	: 2\u000aapicid		: 1\u000ainitial apicid	: 1\u000afpu		: yes\u000afpu_exception	: yes\u000acpuid level	: 13\u000awp		: yes\u000aflags		: fpu vme de pse tsc msr pae mce cx8 apic sep mtrr pge mca cmov pat pse36 clflush mmx fxsr sse sse2 ht syscall nx rdtscp lm constant_tsc rep_good nopl xtopology nonstop_tsc cpuid tsc_known_freq pni pclmulqdq ssse3 fma cx16 pcid sse4_1 sse4_2 x2apic movbe popcnt tsc_deadline_timer aes xsave avx f16c rdrand hypervisor lahf_lm abm cpuid_fault invpcid_single ssbd ibrs ibpb stibp ibrs_enhanced fsgsbase tsc_adjust bmi1 avx2 smep bmi2 erms invpcid smap xsaveopt arat md_clear arch_capabilities\u000abugs		: spectre_v1 spectre_v2 spec_store_bypass swapgs\u000abogomips	: 5000.04\u000aclflush size	: 64\u000acache_alignment	: 64\u000aaddress sizes	: 46 bits physical, 48 bits virtual\u000apower management:\u000a\u000a
p129
sV/proc/meminfo
p130
VMemTotal:        1717184 kB\u000aMemFree:         1125136 kB\u000aMemAvailable:    1486300 kB\u000aBuffers:           14752 kB\u000aCached:           460680 kB\u000aSwapCached:            0 kB\u000aActive:            91536 kB\u000aInactive:         444988 kB\u000aActive(anon):      61084 kB\u000aInactive(anon):      216 kB\u000aActive(file):      30452 kB\u000aInactive(file):   444772 kB\u000aUnevictable:           0 kB\u000aMlocked:               0 kB\u000aSwapTotal:             0 kB\u000aSwapFree:              0 kB\u000aDirty:               164 kB\u000aWriteback:             0 kB\u000aAnonPages:         61080 kB\u000aMapped:            34204 kB\u000aShmem:               220 kB\u000aSlab:              43040 kB\u000aSReclaimable:      32892 kB\u000aSUnreclaim:        10148 kB\u000aKernelStack:        1152 kB\u000aPageTables:         1336 kB\u000aNFS_Unstable:          0 kB\u000aBounce:                0 kB\u000aWritebackTmp:          0 kB\u000aCommitLimit:      858592 kB\u000aCommitted_AS:     252860 kB\u000aVmallocTotal:   34359738367 kB\u000aVmallocUsed:           0 kB\u000aVmallocChunk:          0 kB\u000aAnonHugePages:         0 kB\u000aShmemHugePages:        0 kB\u000aShmemPmdMapped:        0 kB\u000aHugePages_Total:       0\u000aHugePages_Free:        0\u000aHugePages_Rsvd:        0\u000aHugePages_Surp:        0\u000aHugepagesize:       2048 kB\u000aDirectMap4k:       23552 kB\u000aDirectMap2M:     1738752 kB\u000a
p131
ssVstatus_key
p132
Vpywren.jobs/889be03d-3c5e-4263-9efc-9190146379c6/00002/status.json
p133
sVend_time
p134
F1609150612.4157541
sVlog_group_name
p135
V/aws/lambda/pywren_redis_2
p136
sVdata_key
p137
Vpywren.jobs/889be03d-3c5e-4263-9efc-9190146379c6/aggdata.pickle
p138
sa(dp139
Vcallset_id
p140
V889be03d-3c5e-4263-9efc-9190146379c6
p141
sVlog_stream_name
p142
V2020/12/28/[$LATEST]34f379ecbe8540faa5b9a4c420a193c2
p143
sVstdout
p144
V
sVfunc_key
p145
Vpywren.jobs/889be03d-3c5e-4263-9efc-9190146379c6/func.pickle
p146
sVfree_disk_bytes
p147
I538333184
sVruntime_cached
p148
I00
sVretcode
p149
I0
sVcall_id
p150
V00003
p151
sVoutput_key
p152
Vpywren.jobs/889be03d-3c5e-4263-9efc-9190146379c6/00003/output.pickle
p153
sVruntime_s3_key_used
p154
Va92fa0-pywren.runtimes/default_2.7.tar.gz.0089
p155
sVaws_request_id
p156
V4187f963-f64f-4222-8780-35edbfe213a2
p157
sVexec_time
p158
F36.186393022537231
sVstart_time
p159
F1609150567.23353
sVsetup_time
p160
F7.1378898620605469
sVruntime_s3_bucket_used
p161
Vpywren-runtimes-public-us-west-2
p162
sVexception
p163
NsVhost_submit_time
p164
F1609150566.5172429
sVserver_info
p165
(dp166
Vuname
p167
V('Linux', '169.254.227.29', '4.14.203-112.332.amzn2.x86_64', '#1 SMP Wed Nov 4 20:46:34 UTC 2020', 'x86_64', 'x86_64')
p168
sV/proc/self/cgroup
p169
VMemTotal:        1717184 kB\u000aMemFree:         1120036 kB\u000aMemAvailable:    1486816 kB\u000aBuffers:           17256 kB\u000aCached:           463768 kB\u000aSwapCached:            0 kB\u000aActive:            94132 kB\u000aInactive:         447580 kB\u000aActive(anon):      60680 kB\u000aInactive(anon):      216 kB\u000aActive(file):      33452 kB\u000aInactive(file):   447364 kB\u000aUnevictable:           0 kB\u000aMlocked:               0 kB\u000aSwapTotal:             0 kB\u000aSwapFree:              0 kB\u000aDirty:               232 kB\u000aWriteback:             0 kB\u000aAnonPages:         60676 kB\u000aMapped:            35112 kB\u000aShmem:               220 kB\u000aSlab:              43040 kB\u000aSReclaimable:      32940 kB\u000aSUnreclaim:        10100 kB\u000aKernelStack:        1152 kB\u000aPageTables:         1332 kB\u000aNFS_Unstable:          0 kB\u000aBounce:                0 kB\u000aWritebackTmp:          0 kB\u000aCommitLimit:      858592 kB\u000aCommitted_AS:     251708 kB\u000aVmallocTotal:   34359738367 kB\u000aVmallocUsed:           0 kB\u000aVmallocChunk:          0 kB\u000aAnonHugePages:         0 kB\u000aShmemHugePages:        0 kB\u000aShmemPmdMapped:        0 kB\u000aHugePages_Total:       0\u000aHugePages_Free:        0\u000aHugePages_Rsvd:        0\u000aHugePages_Surp:        0\u000aHugepagesize:       2048 kB\u000aDirectMap4k:       21504 kB\u000aDirectMap2M:     1740800 kB\u000a
p170
sV/proc/cgroups
p171
V#subsys_name	hierarchy	num_cgroups	enabled\u000acpuset	6	1	1\u000acpu	5	5	1\u000acpuacct	5	5	1\u000ablkio	8	1	1\u000amemory	11	5	1\u000adevices	10	1	1\u000afreezer	4	2	1\u000anet_cls	3	1	1\u000aperf_event	7	1	1\u000anet_prio	3	1	1\u000ahugetlb	2	1	1\u000apids	9	1	1\u000a
p172
sV/proc/cpuinfo
p173
Vprocessor	: 0\u000avendor_id	: GenuineIntel\u000acpu family	: 6\u000amodel		: 63\u000amodel name	: Intel(R) Xeon(R) Processor @ 2.50GHz\u000astepping	: 2\u000amicrocode	: 0x1\u000acpu MHz		: 2500.014\u000acache size	: 36608 KB\u000aphysical id	: 0\u000asiblings	: 2\u000acore id		: 0\u000acpu cores	: 2\u000aapicid		: 0\u000ainitial apicid	: 0\u000afpu		: yes\u000afpu_exception	: yes\u000acpuid level	: 13\u000awp		: yes\u000aflags		: fpu vme de pse tsc msr pae mce cx8 apic sep mtrr pge mca cmov pat pse36 clflush mmx fxsr sse sse2 ht syscall nx rdtscp lm constant_tsc rep_good nopl xtopology nonstop_tsc cpuid tsc_known_freq pni pclmulqdq ssse3 fma cx16 pcid sse4_1 sse4_2 x2apic movbe popcnt tsc_deadline_timer aes xsave avx f16c rdrand hypervisor lahf_lm abm cpuid_fault invpcid_single ssbd ibrs ibpb stibp ibrs_enhanced fsgsbase tsc_adjust bmi1 avx2 smep bmi2 erms invpcid smap xsaveopt arat md_clear arch_capabilities\u000abugs		: spectre_v1 spectre_v2 spec_store_bypass swapgs\u000abogomips	: 5000.02\u000aclflush size	: 64\u000acache_alignment	: 64\u000aaddress sizes	: 46 bits physical, 48 bits virtual\u000apower management:\u000a\u000aprocessor	: 1\u000avendor_id	: GenuineIntel\u000acpu family	: 6\u000amodel		: 63\u000amodel name	: Intel(R) Xeon(R) Processor @ 2.50GHz\u000astepping	: 2\u000amicrocode	: 0x1\u000acpu MHz		: 2500.014\u000acache size	: 36608 KB\u000aphysical id	: 0\u000asiblings	: 2\u000acore id		: 1\u000acpu cores	: 2\u000aapicid		: 1\u000ainitial apicid	: 1\u000afpu		: yes\u000afpu_exception	: yes\u000acpuid level	: 13\u000awp		: yes\u000aflags		: fpu vme de pse tsc msr pae mce cx8 apic sep mtrr pge mca cmov pat pse36 clflush mmx fxsr sse sse2 ht syscall nx rdtscp lm constant_tsc rep_good nopl xtopology nonstop_tsc cpuid tsc_known_freq pni pclmulqdq ssse3 fma cx16 pcid sse4_1 sse4_2 x2apic movbe popcnt tsc_deadline_timer aes xsave avx f16c rdrand hypervisor lahf_lm abm cpuid_fault invpcid_single ssbd ibrs ibpb stibp ibrs_enhanced fsgsbase tsc_adjust bmi1 avx2 smep bmi2 erms invpcid smap xsaveopt arat md_clear arch_capabilities\u000abugs		: spectre_v1 spectre_v2 spec_store_bypass swapgs\u000abogomips	: 5000.02\u000aclflush size	: 64\u000acache_alignment	: 64\u000aaddress sizes	: 46 bits physical, 48 bits virtual\u000apower management:\u000a\u000a
p174
sV/proc/meminfo
p175
VMemTotal:        1717184 kB\u000aMemFree:         1120036 kB\u000aMemAvailable:    1486816 kB\u000aBuffers:           17256 kB\u000aCached:           463768 kB\u000aSwapCached:            0 kB\u000aActive:            94132 kB\u000aInactive:         447580 kB\u000aActive(anon):      60680 kB\u000aInactive(anon):      216 kB\u000aActive(file):      33452 kB\u000aInactive(file):   447364 kB\u000aUnevictable:           0 kB\u000aMlocked:               0 kB\u000aSwapTotal:             0 kB\u000aSwapFree:              0 kB\u000aDirty:               232 kB\u000aWriteback:             0 kB\u000aAnonPages:         60676 kB\u000aMapped:            35112 kB\u000aShmem:               220 kB\u000aSlab:              43040 kB\u000aSReclaimable:      32940 kB\u000aSUnreclaim:        10100 kB\u000aKernelStack:        1152 kB\u000aPageTables:         1332 kB\u000aNFS_Unstable:          0 kB\u000aBounce:                0 kB\u000aWritebackTmp:          0 kB\u000aCommitLimit:      858592 kB\u000aCommitted_AS:     251708 kB\u000aVmallocTotal:   34359738367 kB\u000aVmallocUsed:           0 kB\u000aVmallocChunk:          0 kB\u000aAnonHugePages:         0 kB\u000aShmemHugePages:        0 kB\u000aShmemPmdMapped:        0 kB\u000aHugePages_Total:       0\u000aHugePages_Free:        0\u000aHugePages_Rsvd:        0\u000aHugePages_Surp:        0\u000aHugepagesize:       2048 kB\u000aDirectMap4k:       21504 kB\u000aDirectMap2M:     1740800 kB\u000a
p176
ssVstatus_key
p177
Vpywren.jobs/889be03d-3c5e-4263-9efc-9190146379c6/00003/status.json
p178
sVend_time
p179
F1609150610.557807
sVlog_group_name
p180
V/aws/lambda/pywren_redis_2
p181
sVdata_key
p182
Vpywren.jobs/889be03d-3c5e-4263-9efc-9190146379c6/aggdata.pickle
p183
sa(dp184
Vcallset_id
p185
V889be03d-3c5e-4263-9efc-9190146379c6
p186
sVlog_stream_name
p187
V2020/12/28/[$LATEST]031804240af144b6a63ea291d7c513a7
p188
sVstdout
p189
V
sVfunc_key
p190
Vpywren.jobs/889be03d-3c5e-4263-9efc-9190146379c6/func.pickle
p191
sVfree_disk_bytes
p192
I538333184
sVruntime_cached
p193
I00
sVretcode
p194
I0
sVcall_id
p195
V00004
p196
sVoutput_key
p197
Vpywren.jobs/889be03d-3c5e-4263-9efc-9190146379c6/00004/output.pickle
p198
sVruntime_s3_key_used
p199
Ve2a605-pywren.runtimes/default_2.7.tar.gz.0070
p200
sVaws_request_id
p201
V0cdd053d-283b-48eb-a44b-b1fb583bd327
p202
sVexec_time
p203
F28.149366140365601
sVstart_time
p204
F1609150567.1918671
sVsetup_time
p205
F7.0272448062896729
sVruntime_s3_bucket_used
p206
Vpywren-runtimes-public-us-west-2
p207
sVexception
p208
NsVhost_submit_time
p209
F1609150566.5127151
sVserver_info
p210
(dp211
Vuname
p212
V('Linux', '169.254.165.21', '4.14.203-112.332.amzn2.x86_64', '#1 SMP Wed Nov 4 20:46:34 UTC 2020', 'x86_64', 'x86_64')
p213
sV/proc/self/cgroup
p214
VMemTotal:        1717184 kB\u000aMemFree:         1120228 kB\u000aMemAvailable:    1486532 kB\u000aBuffers:           16620 kB\u000aCached:           463908 kB\u000aSwapCached:            0 kB\u000aActive:            93568 kB\u000aInactive:         447752 kB\u000aActive(anon):      60796 kB\u000aInactive(anon):      216 kB\u000aActive(file):      32772 kB\u000aInactive(file):   447536 kB\u000aUnevictable:           0 kB\u000aMlocked:               0 kB\u000aSwapTotal:             0 kB\u000aSwapFree:              0 kB\u000aDirty:              8260 kB\u000aWriteback:             0 kB\u000aAnonPages:         60736 kB\u000aMapped:            35084 kB\u000aShmem:               220 kB\u000aSlab:              43148 kB\u000aSReclaimable:      33008 kB\u000aSUnreclaim:        10140 kB\u000aKernelStack:        1184 kB\u000aPageTables:         1400 kB\u000aNFS_Unstable:          0 kB\u000aBounce:                0 kB\u000aWritebackTmp:          0 kB\u000aCommitLimit:      858592 kB\u000aCommitted_AS:     250812 kB\u000aVmallocTotal:   34359738367 kB\u000aVmallocUsed:           0 kB\u000aVmallocChunk:          0 kB\u000aAnonHugePages:         0 kB\u000aShmemHugePages:        0 kB\u000aShmemPmdMapped:        0 kB\u000aHugePages_Total:       0\u000aHugePages_Free:        0\u000aHugePages_Rsvd:        0\u000aHugePages_Surp:        0\u000aHugepagesize:       2048 kB\u000aDirectMap4k:       21504 kB\u000aDirectMap2M:     1740800 kB\u000a
p215
sV/proc/cgroups
p216
V#subsys_name	hierarchy	num_cgroups	enabled\u000acpuset	2	1	1\u000acpu	5	5	1\u000acpuacct	5	5	1\u000ablkio	7	1	1\u000amemory	10	5	1\u000adevices	6	1	1\u000afreezer	9	2	1\u000anet_cls	4	1	1\u000aperf_event	11	1	1\u000anet_prio	4	1	1\u000ahugetlb	3	1	1\u000apids	8	1	1\u000a
p217
sV/proc/cpuinfo
p218
Vprocessor	: 0\u000avendor_id	: GenuineIntel\u000acpu family	: 6\u000amodel		: 63\u000amodel name	: Intel(R) Xeon(R) Processor @ 2.50GHz\u000astepping	: 2\u000amicrocode	: 0x1\u000acpu MHz		: 2500.012\u000acache size	: 36608 KB\u000aphysical id	: 0\u000asiblings	: 2\u000acore id		: 0\u000acpu cores	: 2\u000aapicid		: 0\u000ainitial apicid	: 0\u000afpu		: yes\u000afpu_exception	: yes\u000acpuid level	: 13\u000awp		: yes\u000aflags		: fpu vme de pse tsc msr pae mce cx8 apic sep mtrr pge mca cmov pat pse36 clflush mmx fxsr sse sse2 ht syscall nx rdtscp lm constant_tsc rep_good nopl xtopology nonstop_tsc cpuid tsc_known_freq pni pclmulqdq ssse3 fma cx16 pcid sse4_1 sse4_2 x2apic movbe popcnt tsc_deadline_timer aes xsave avx f16c rdrand hypervisor lahf_lm abm cpuid_fault invpcid_single ssbd ibrs ibpb stibp ibrs_enhanced fsgsbase tsc_adjust bmi1 avx2 smep bmi2 erms invpcid smap xsaveopt arat md_clear arch_capabilities\u000abugs		: spectre_v1 spectre_v2 spec_store_bypass swapgs\u000abogomips	: 5000.02\u000aclflush size	: 64\u000acache_alignment	: 64\u000aaddress sizes	: 46 bits physical, 48 bits virtual\u000apower management:\u000a\u000aprocessor	: 1\u000avendor_id	: GenuineIntel\u000acpu family	: 6\u000amodel		: 63\u000amodel name	: Intel(R) Xeon(R) Processor @ 2.50GHz\u000astepping	: 2\u000amicrocode	: 0x1\u000acpu MHz		: 2500.012\u000acache size	: 36608 KB\u000aphysical id	: 0\u000asiblings	: 2\u000acore id		: 1\u000acpu cores	: 2\u000aapicid		: 1\u000ainitial apicid	: 1\u000afpu		: yes\u000afpu_exception	: yes\u000acpuid level	: 13\u000awp		: yes\u000aflags		: fpu vme de pse tsc msr pae mce cx8 apic sep mtrr pge mca cmov pat pse36 clflush mmx fxsr sse sse2 ht syscall nx rdtscp lm constant_tsc rep_good nopl xtopology nonstop_tsc cpuid tsc_known_freq pni pclmulqdq ssse3 fma cx16 pcid sse4_1 sse4_2 x2apic movbe popcnt tsc_deadline_timer aes xsave avx f16c rdrand hypervisor lahf_lm abm cpuid_fault invpcid_single ssbd ibrs ibpb stibp ibrs_enhanced fsgsbase tsc_adjust bmi1 avx2 smep bmi2 erms invpcid smap xsaveopt arat md_clear arch_capabilities\u000abugs		: spectre_v1 spectre_v2 spec_store_bypass swapgs\u000abogomips	: 5000.02\u000aclflush size	: 64\u000acache_alignment	: 64\u000aaddress sizes	: 46 bits physical, 48 bits virtual\u000apower management:\u000a\u000a
p219
sV/proc/meminfo
p220
VMemTotal:        1717184 kB\u000aMemFree:         1120228 kB\u000aMemAvailable:    1486532 kB\u000aBuffers:           16620 kB\u000aCached:           463908 kB\u000aSwapCached:            0 kB\u000aActive:            93568 kB\u000aInactive:         447752 kB\u000aActive(anon):      60796 kB\u000aInactive(anon):      216 kB\u000aActive(file):      32772 kB\u000aInactive(file):   447536 kB\u000aUnevictable:           0 kB\u000aMlocked:               0 kB\u000aSwapTotal:             0 kB\u000aSwapFree:              0 kB\u000aDirty:              8260 kB\u000aWriteback:             0 kB\u000aAnonPages:         60736 kB\u000aMapped:            35084 kB\u000aShmem:               220 kB\u000aSlab:              43148 kB\u000aSReclaimable:      33008 kB\u000aSUnreclaim:        10140 kB\u000aKernelStack:        1184 kB\u000aPageTables:         1400 kB\u000aNFS_Unstable:          0 kB\u000aBounce:                0 kB\u000aWritebackTmp:          0 kB\u000aCommitLimit:      858592 kB\u000aCommitted_AS:     250812 kB\u000aVmallocTotal:   34359738367 kB\u000aVmallocUsed:           0 kB\u000aVmallocChunk:          0 kB\u000aAnonHugePages:         0 kB\u000aShmemHugePages:        0 kB\u000aShmemPmdMapped:        0 kB\u000aHugePages_Total:       0\u000aHugePages_Free:        0\u000aHugePages_Rsvd:        0\u000aHugePages_Surp:        0\u000aHugepagesize:       2048 kB\u000aDirectMap4k:       21504 kB\u000aDirectMap2M:     1740800 kB\u000a
p221
ssVstatus_key
p222
Vpywren.jobs/889be03d-3c5e-4263-9efc-9190146379c6/00004/status.json
p223
sVend_time
p224
F1609150602.3684721
sVlog_group_name
p225
V/aws/lambda/pywren_redis_2
p226
sVdata_key
p227
Vpywren.jobs/889be03d-3c5e-4263-9efc-9190146379c6/aggdata.pickle
p228
sa(dp229
Vcallset_id
p230
V889be03d-3c5e-4263-9efc-9190146379c6
p231
sVlog_stream_name
p232
V2020/12/28/[$LATEST]523891bd7e10484692a0321fe49d9513
p233
sVstdout
p234
V
sVfunc_key
p235
Vpywren.jobs/889be03d-3c5e-4263-9efc-9190146379c6/func.pickle
p236
sVfree_disk_bytes
p237
I538333184
sVruntime_cached
p238
I00
sVretcode
p239
I0
sVcall_id
p240
V00005
p241
sVoutput_key
p242
Vpywren.jobs/889be03d-3c5e-4263-9efc-9190146379c6/00005/output.pickle
p243
sVruntime_s3_key_used
p244
V08f228-pywren.runtimes/default_2.7.tar.gz.0091
p245
sVaws_request_id
p246
Vab6adb3c-89a2-4275-9986-de2e0a3b3996
p247
sVexec_time
p248
F24.141308069229126
sVstart_time
p249
F1609150567.244647
sVsetup_time
p250
F7.127249002456665
sVruntime_s3_bucket_used
p251
Vpywren-runtimes-public-us-west-2
p252
sVexception
p253
NsVhost_submit_time
p254
F1609150566.521661
sVserver_info
p255
(dp256
Vuname
p257
V('Linux', '169.254.243.149', '4.14.203-112.332.amzn2.x86_64', '#1 SMP Wed Nov 4 20:46:34 UTC 2020', 'x86_64', 'x86_64')
p258
sV/proc/self/cgroup
p259
VMemTotal:        1717184 kB\u000aMemFree:         1119164 kB\u000aMemAvailable:    1486356 kB\u000aBuffers:           17392 kB\u000aCached:           464024 kB\u000aSwapCached:            0 kB\u000aActive:            94104 kB\u000aInactive:         448148 kB\u000aActive(anon):      60832 kB\u000aInactive(anon):      212 kB\u000aActive(file):      33272 kB\u000aInactive(file):   447936 kB\u000aUnevictable:           0 kB\u000aMlocked:               0 kB\u000aSwapTotal:             0 kB\u000aSwapFree:              0 kB\u000aDirty:              8804 kB\u000aWriteback:             0 kB\u000aAnonPages:         60824 kB\u000aMapped:            35480 kB\u000aShmem:               220 kB\u000aSlab:              43156 kB\u000aSReclaimable:      32984 kB\u000aSUnreclaim:        10172 kB\u000aKernelStack:        1152 kB\u000aPageTables:         1340 kB\u000aNFS_Unstable:          0 kB\u000aBounce:                0 kB\u000aWritebackTmp:          0 kB\u000aCommitLimit:      858592 kB\u000aCommitted_AS:     256032 kB\u000aVmallocTotal:   34359738367 kB\u000aVmallocUsed:           0 kB\u000aVmallocChunk:          0 kB\u000aAnonHugePages:         0 kB\u000aShmemHugePages:        0 kB\u000aShmemPmdMapped:        0 kB\u000aHugePages_Total:       0\u000aHugePages_Free:        0\u000aHugePages_Rsvd:        0\u000aHugePages_Surp:        0\u000aHugepagesize:       2048 kB\u000aDirectMap4k:       19456 kB\u000aDirectMap2M:     1742848 kB\u000a
p260
sV/proc/cgroups
p261
V#subsys_name	hierarchy	num_cgroups	enabled\u000acpuset	2	1	1\u000acpu	6	5	1\u000acpuacct	6	5	1\u000ablkio	8	1	1\u000amemory	11	5	1\u000adevices	7	1	1\u000afreezer	5	2	1\u000anet_cls	3	1	1\u000aperf_event	4	1	1\u000anet_prio	3	1	1\u000ahugetlb	10	1	1\u000apids	9	1	1\u000a
p262
sV/proc/cpuinfo
p263
Vprocessor	: 0\u000avendor_id	: GenuineIntel\u000acpu family	: 6\u000amodel		: 63\u000amodel name	: Intel(R) Xeon(R) Processor @ 2.50GHz\u000astepping	: 2\u000amicrocode	: 0x1\u000acpu MHz		: 2500.014\u000acache size	: 33792 KB\u000aphysical id	: 0\u000asiblings	: 2\u000acore id		: 0\u000acpu cores	: 2\u000aapicid		: 0\u000ainitial apicid	: 0\u000afpu		: yes\u000afpu_exception	: yes\u000acpuid level	: 13\u000awp		: yes\u000aflags		: fpu vme de pse tsc msr pae mce cx8 apic sep mtrr pge mca cmov pat pse36 clflush mmx fxsr sse sse2 ht syscall nx rdtscp lm constant_tsc rep_good nopl xtopology nonstop_tsc cpuid tsc_known_freq pni pclmulqdq ssse3 fma cx16 pcid sse4_1 sse4_2 x2apic movbe popcnt tsc_deadline_timer aes xsave avx f16c rdrand hypervisor lahf_lm abm cpuid_fault invpcid_single pti ssbd ibrs ibpb stibp fsgsbase tsc_adjust bmi1 avx2 smep bmi2 erms invpcid smap xsaveopt arat md_clear arch_capabilities\u000abugs		: cpu_meltdown spectre_v1 spectre_v2 spec_store_bypass l1tf mds swapgs\u000abogomips	: 5000.02\u000aclflush size	: 64\u000acache_alignment	: 64\u000aaddress sizes	: 46 bits physical, 48 bits virtual\u000apower management:\u000a\u000aprocessor	: 1\u000avendor_id	: GenuineIntel\u000acpu family	: 6\u000amodel		: 63\u000amodel name	: Intel(R) Xeon(R) Processor @ 2.50GHz\u000astepping	: 2\u000amicrocode	: 0x1\u000acpu MHz		: 2500.014\u000acache size	: 33792 KB\u000aphysical id	: 0\u000asiblings	: 2\u000acore id		: 1\u000acpu cores	: 2\u000aapicid		: 1\u000ainitial apicid	: 1\u000afpu		: yes\u000afpu_exception	: yes\u000acpuid level	: 13\u000awp		: yes\u000aflags		: fpu vme de pse tsc msr pae mce cx8 apic sep mtrr pge mca cmov pat pse36 clflush mmx fxsr sse sse2 ht syscall nx rdtscp lm constant_tsc rep_good nopl xtopology nonstop_tsc cpuid tsc_known_freq pni pclmulqdq ssse3 fma cx16 pcid sse4_1 sse4_2 x2apic movbe popcnt tsc_deadline_timer aes xsave avx f16c rdrand hypervisor lahf_lm abm cpuid_fault invpcid_single pti ssbd ibrs ibpb stibp fsgsbase tsc_adjust bmi1 avx2 smep bmi2 erms invpcid smap xsaveopt arat md_clear arch_capabilities\u000abugs		: cpu_meltdown spectre_v1 spectre_v2 spec_store_bypass l1tf mds swapgs\u000abogomips	: 5000.02\u000aclflush size	: 64\u000acache_alignment	: 64\u000aaddress sizes	: 46 bits physical, 48 bits virtual\u000apower management:\u000a\u000a
p264
sV/proc/meminfo
p265
VMemTotal:        1717184 kB\u000aMemFree:         1119164 kB\u000aMemAvailable:    1486356 kB\u000aBuffers:           17392 kB\u000aCached:           464024 kB\u000aSwapCached:            0 kB\u000aActive:            94104 kB\u000aInactive:         448148 kB\u000aActive(anon):      60832 kB\u000aInactive(anon):      212 kB\u000aActive(file):      33272 kB\u000aInactive(file):   447936 kB\u000aUnevictable:           0 kB\u000aMlocked:               0 kB\u000aSwapTotal:             0 kB\u000aSwapFree:              0 kB\u000aDirty:              8804 kB\u000aWriteback:             0 kB\u000aAnonPages:         60824 kB\u000aMapped:            35480 kB\u000aShmem:               220 kB\u000aSlab:              43156 kB\u000aSReclaimable:      32984 kB\u000aSUnreclaim:        10172 kB\u000aKernelStack:        1152 kB\u000aPageTables:         1340 kB\u000aNFS_Unstable:          0 kB\u000aBounce:                0 kB\u000aWritebackTmp:          0 kB\u000aCommitLimit:      858592 kB\u000aCommitted_AS:     256032 kB\u000aVmallocTotal:   34359738367 kB\u000aVmallocUsed:           0 kB\u000aVmallocChunk:          0 kB\u000aAnonHugePages:         0 kB\u000aShmemHugePages:        0 kB\u000aShmemPmdMapped:        0 kB\u000aHugePages_Total:       0\u000aHugePages_Free:        0\u000aHugePages_Rsvd:        0\u000aHugePages_Surp:        0\u000aHugepagesize:       2048 kB\u000aDirectMap4k:       19456 kB\u000aDirectMap2M:     1742848 kB\u000a
p266
ssVstatus_key
p267
Vpywren.jobs/889be03d-3c5e-4263-9efc-9190146379c6/00005/status.json
p268
sVend_time
p269
F1609150598.5131969
sVlog_group_name
p270
V/aws/lambda/pywren_redis_2
p271
sVdata_key
p272
Vpywren.jobs/889be03d-3c5e-4263-9efc-9190146379c6/aggdata.pickle
p273
sa(dp274
Vcallset_id
p275
V889be03d-3c5e-4263-9efc-9190146379c6
p276
sVlog_stream_name
p277
V2020/12/28/[$LATEST]c65302c2ffe7423d8285c62a77e7a31a
p278
sVstdout
p279
V
sVfunc_key
p280
Vpywren.jobs/889be03d-3c5e-4263-9efc-9190146379c6/func.pickle
p281
sVfree_disk_bytes
p282
I538333184
sVruntime_cached
p283
I00
sVretcode
p284
I0
sVcall_id
p285
V00006
p286
sVoutput_key
p287
Vpywren.jobs/889be03d-3c5e-4263-9efc-9190146379c6/00006/output.pickle
p288
sVruntime_s3_key_used
p289
V9e6738-pywren.runtimes/default_2.7.tar.gz.0081
p290
sVaws_request_id
p291
V88ed266f-7c49-46b0-9471-7482fc5ab727
p292
sVexec_time
p293
F24.17570686340332
sVstart_time
p294
F1609150567.3115389
sVsetup_time
p295
F7.3112251758575439
sVruntime_s3_bucket_used
p296
Vpywren-runtimes-public-us-west-2
p297
sVexception
p298
NsVhost_submit_time
p299
F1609150566.5295141
sVserver_info
p300
(dp301
Vuname
p302
V('Linux', '169.254.225.237', '4.14.203-112.332.amzn2.x86_64', '#1 SMP Wed Nov 4 20:46:34 UTC 2020', 'x86_64', 'x86_64')
p303
sV/proc/self/cgroup
p304
VMemTotal:        1717184 kB\u000aMemFree:         1118848 kB\u000aMemAvailable:    1486380 kB\u000aBuffers:           17424 kB\u000aCached:           464404 kB\u000aSwapCached:            0 kB\u000aActive:            94768 kB\u000aInactive:         447848 kB\u000aActive(anon):      60780 kB\u000aInactive(anon):      216 kB\u000aActive(file):      33988 kB\u000aInactive(file):   447632 kB\u000aUnevictable:           0 kB\u000aMlocked:               0 kB\u000aSwapTotal:             0 kB\u000aSwapFree:              0 kB\u000aDirty:             10328 kB\u000aWriteback:             0 kB\u000aAnonPages:         60736 kB\u000aMapped:            35136 kB\u000aShmem:               220 kB\u000aSlab:              43200 kB\u000aSReclaimable:      32840 kB\u000aSUnreclaim:        10360 kB\u000aKernelStack:        1160 kB\u000aPageTables:         1284 kB\u000aNFS_Unstable:          0 kB\u000aBounce:                0 kB\u000aWritebackTmp:          0 kB\u000aCommitLimit:      858592 kB\u000aCommitted_AS:     253876 kB\u000aVmallocTotal:   34359738367 kB\u000aVmallocUsed:           0 kB\u000aVmallocChunk:          0 kB\u000aAnonHugePages:         0 kB\u000aShmemHugePages:        0 kB\u000aShmemPmdMapped:        0 kB\u000aHugePages_Total:       0\u000aHugePages_Free:        0\u000aHugePages_Rsvd:        0\u000aHugePages_Surp:        0\u000aHugepagesize:       2048 kB\u000aDirectMap4k:       23552 kB\u000aDirectMap2M:     1738752 kB\u000a
p305
sV/proc/cgroups
p306
V#subsys_name	hierarchy	num_cgroups	enabled\u000acpuset	9	1	1\u000acpu	3	5	1\u000acpuacct	3	5	1\u000ablkio	8	1	1\u000amemory	10	5	1\u000adevices	11	1	1\u000afreezer	7	2	1\u000anet_cls	6	1	1\u000aperf_event	4	1	1\u000anet_prio	6	1	1\u000ahugetlb	2	1	1\u000apids	5	1	1\u000a
p307
sV/proc/cpuinfo
p308
Vprocessor	: 0\u000avendor_id	: GenuineIntel\u000acpu family	: 6\u000amodel		: 63\u000amodel name	: Intel(R) Xeon(R) Processor @ 2.50GHz\u000astepping	: 2\u000amicrocode	: 0x1\u000acpu MHz		: 2500.010\u000acache size	: 33792 KB\u000aphysical id	: 0\u000asiblings	: 2\u000acore id		: 0\u000acpu cores	: 2\u000aapicid		: 0\u000ainitial apicid	: 0\u000afpu		: yes\u000afpu_exception	: yes\u000acpuid level	: 13\u000awp		: yes\u000aflags		: fpu vme de pse tsc msr pae mce cx8 apic sep mtrr pge mca cmov pat pse36 clflush mmx fxsr sse sse2 ht syscall nx rdtscp lm constant_tsc rep_good nopl xtopology nonstop_tsc cpuid tsc_known_freq pni pclmulqdq ssse3 fma cx16 pcid sse4_1 sse4_2 x2apic movbe popcnt tsc_deadline_timer aes xsave avx f16c rdrand hypervisor lahf_lm abm cpuid_fault invpcid_single pti ssbd ibrs ibpb stibp fsgsbase tsc_adjust bmi1 avx2 smep bmi2 erms invpcid smap xsaveopt arat md_clear arch_capabilities\u000abugs		: cpu_meltdown spectre_v1 spectre_v2 spec_store_bypass l1tf mds swapgs\u000abogomips	: 5000.02\u000aclflush size	: 64\u000acache_alignment	: 64\u000aaddress sizes	: 46 bits physical, 48 bits virtual\u000apower management:\u000a\u000aprocessor	: 1\u000avendor_id	: GenuineIntel\u000acpu family	: 6\u000amodel		: 63\u000amodel name	: Intel(R) Xeon(R) Processor @ 2.50GHz\u000astepping	: 2\u000amicrocode	: 0x1\u000acpu MHz		: 2500.010\u000acache size	: 33792 KB\u000aphysical id	: 0\u000asiblings	: 2\u000acore id		: 1\u000acpu cores	: 2\u000aapicid		: 1\u000ainitial apicid	: 1\u000afpu		: yes\u000afpu_exception	: yes\u000acpuid level	: 13\u000awp		: yes\u000aflags		: fpu vme de pse tsc msr pae mce cx8 apic sep mtrr pge mca cmov pat pse36 clflush mmx fxsr sse sse2 ht syscall nx rdtscp lm constant_tsc rep_good nopl xtopology nonstop_tsc cpuid tsc_known_freq pni pclmulqdq ssse3 fma cx16 pcid sse4_1 sse4_2 x2apic movbe popcnt tsc_deadline_timer aes xsave avx f16c rdrand hypervisor lahf_lm abm cpuid_fault invpcid_single pti ssbd ibrs ibpb stibp fsgsbase tsc_adjust bmi1 avx2 smep bmi2 erms invpcid smap xsaveopt arat md_clear arch_capabilities\u000abugs		: cpu_meltdown spectre_v1 spectre_v2 spec_store_bypass l1tf mds swapgs\u000abogomips	: 5000.02\u000aclflush size	: 64\u000acache_alignment	: 64\u000aaddress sizes	: 46 bits physical, 48 bits virtual\u000apower management:\u000a\u000a
p309
sV/proc/meminfo
p310
VMemTotal:        1717184 kB\u000aMemFree:         1118848 kB\u000aMemAvailable:    1486380 kB\u000aBuffers:           17424 kB\u000aCached:           464404 kB\u000aSwapCached:            0 kB\u000aActive:            94768 kB\u000aInactive:         447848 kB\u000aActive(anon):      60780 kB\u000aInactive(anon):      216 kB\u000aActive(file):      33988 kB\u000aInactive(file):   447632 kB\u000aUnevictable:           0 kB\u000aMlocked:               0 kB\u000aSwapTotal:             0 kB\u000aSwapFree:              0 kB\u000aDirty:             10328 kB\u000aWriteback:             0 kB\u000aAnonPages:         60736 kB\u000aMapped:            35136 kB\u000aShmem:               220 kB\u000aSlab:              43200 kB\u000aSReclaimable:      32840 kB\u000aSUnreclaim:        10360 kB\u000aKernelStack:        1160 kB\u000aPageTables:         1284 kB\u000aNFS_Unstable:          0 kB\u000aBounce:                0 kB\u000aWritebackTmp:          0 kB\u000aCommitLimit:      858592 kB\u000aCommitted_AS:     253876 kB\u000aVmallocTotal:   34359738367 kB\u000aVmallocUsed:           0 kB\u000aVmallocChunk:          0 kB\u000aAnonHugePages:         0 kB\u000aShmemHugePages:        0 kB\u000aShmemPmdMapped:        0 kB\u000aHugePages_Total:       0\u000aHugePages_Free:        0\u000aHugePages_Rsvd:        0\u000aHugePages_Surp:        0\u000aHugepagesize:       2048 kB\u000aDirectMap4k:       23552 kB\u000aDirectMap2M:     1738752 kB\u000a
p311
ssVstatus_key
p312
Vpywren.jobs/889be03d-3c5e-4263-9efc-9190146379c6/00006/status.json
p313
sVend_time
p314
F1609150598.7984641
sVlog_group_name
p315
V/aws/lambda/pywren_redis_2
p316
sVdata_key
p317
Vpywren.jobs/889be03d-3c5e-4263-9efc-9190146379c6/aggdata.pickle
p318
sa(dp319
Vcallset_id
p320
V889be03d-3c5e-4263-9efc-9190146379c6
p321
sVlog_stream_name
p322
V2020/12/28/[$LATEST]5615bbb6416f4ecca29061cc160016e2
p323
sVstdout
p324
V
sVfunc_key
p325
Vpywren.jobs/889be03d-3c5e-4263-9efc-9190146379c6/func.pickle
p326
sVfree_disk_bytes
p327
I538333184
sVruntime_cached
p328
I00
sVretcode
p329
I0
sVcall_id
p330
V00007
p331
sVoutput_key
p332
Vpywren.jobs/889be03d-3c5e-4263-9efc-9190146379c6/00007/output.pickle
p333
sVruntime_s3_key_used
p334
Vf92bca-pywren.runtimes/default_2.7.tar.gz.0036
p335
sVaws_request_id
p336
Vb8732d8b-d0b1-4516-867c-08cb89ee2df8
p337
sVexec_time
p338
F26.178870916366577
sVstart_time
p339
F1609150567.2316079
sVsetup_time
p340
F6.9290051460266113
sVruntime_s3_bucket_used
p341
Vpywren-runtimes-public-us-west-2
p342
sVexception
p343
NsVhost_submit_time
p344
F1609150566.5343189
sVserver_info
p345
(dp346
Vuname
p347
V('Linux', '169.254.185.245', '4.14.203-112.332.amzn2.x86_64', '#1 SMP Wed Nov 4 20:46:34 UTC 2020', 'x86_64', 'x86_64')
p348
sV/proc/self/cgroup
p349
VMemTotal:        1717184 kB\u000aMemFree:         1119116 kB\u000aMemAvailable:    1486608 kB\u000aBuffers:           17204 kB\u000aCached:           464556 kB\u000aSwapCached:            0 kB\u000aActive:            93708 kB\u000aInactive:         448796 kB\u000aActive(anon):      60736 kB\u000aInactive(anon):      216 kB\u000aActive(file):      32972 kB\u000aInactive(file):   448580 kB\u000aUnevictable:           0 kB\u000aMlocked:               0 kB\u000aSwapTotal:             0 kB\u000aSwapFree:              0 kB\u000aDirty:             10176 kB\u000aWriteback:             0 kB\u000aAnonPages:         60684 kB\u000aMapped:            35328 kB\u000aShmem:               220 kB\u000aSlab:              43004 kB\u000aSReclaimable:      32896 kB\u000aSUnreclaim:        10108 kB\u000aKernelStack:        1168 kB\u000aPageTables:         1404 kB\u000aNFS_Unstable:          0 kB\u000aBounce:                0 kB\u000aWritebackTmp:          0 kB\u000aCommitLimit:      858592 kB\u000aCommitted_AS:     251720 kB\u000aVmallocTotal:   34359738367 kB\u000aVmallocUsed:           0 kB\u000aVmallocChunk:          0 kB\u000aAnonHugePages:         0 kB\u000aShmemHugePages:        0 kB\u000aShmemPmdMapped:        0 kB\u000aHugePages_Total:       0\u000aHugePages_Free:        0\u000aHugePages_Rsvd:        0\u000aHugePages_Surp:        0\u000aHugepagesize:       2048 kB\u000aDirectMap4k:       19456 kB\u000aDirectMap2M:     1742848 kB\u000a
p350
sV/proc/cgroups
p351
V#subsys_name	hierarchy	num_cgroups	enabled\u000acpuset	7	1	1\u000acpu	6	5	1\u000acpuacct	6	5	1\u000ablkio	11	1	1\u000amemory	8	5	1\u000adevices	3	1	1\u000afreezer	5	2	1\u000anet_cls	10	1	1\u000aperf_event	2	1	1\u000anet_prio	10	1	1\u000ahugetlb	4	1	1\u000apids	9	1	1\u000a
p352
sV/proc/cpuinfo
p353
Vprocessor	: 0\u000avendor_id	: GenuineIntel\u000acpu family	: 6\u000amodel		: 63\u000amodel name	: Intel(R) Xeon(R) Processor @ 2.50GHz\u000astepping	: 2\u000amicrocode	: 0x1\u000acpu MHz		: 2500.012\u000acache size	: 36608 KB\u000aphysical id	: 0\u000asiblings	: 2\u000acore id		: 0\u000acpu cores	: 2\u000aapicid		: 0\u000ainitial apicid	: 0\u000afpu		: yes\u000afpu_exception	: yes\u000acpuid level	: 13\u000awp		: yes\u000aflags		: fpu vme de pse tsc msr pae mce cx8 apic sep mtrr pge mca cmov pat pse36 clflush mmx fxsr sse sse2 ht syscall nx rdtscp lm constant_tsc rep_good nopl xtopology nonstop_tsc cpuid tsc_known_freq pni pclmulqdq ssse3 fma cx16 pcid sse4_1 sse4_2 x2apic movbe popcnt tsc_deadline_timer aes xsave avx f16c rdrand hypervisor lahf_lm abm cpuid_fault invpcid_single ssbd ibrs ibpb stibp ibrs_enhanced fsgsbase tsc_adjust bmi1 avx2 smep bmi2 erms invpcid smap xsaveopt arat md_clear arch_capabilities\u000abugs		: spectre_v1 spectre_v2 spec_store_bypass swapgs\u000abogomips	: 5000.02\u000aclflush size	: 64\u000acache_alignment	: 64\u000aaddress sizes	: 46 bits physical, 48 bits virtual\u000apower management:\u000a\u000aprocessor	: 1\u000avendor_id	: GenuineIntel\u000acpu family	: 6\u000amodel		: 63\u000amodel name	: Intel(R) Xeon(R) Processor @ 2.50GHz\u000astepping	: 2\u000amicrocode	: 0x1\u000acpu MHz		: 2500.012\u000acache size	: 36608 KB\u000aphysical id	: 0\u000asiblings	: 2\u000acore id		: 1\u000acpu cores	: 2\u000aapicid		: 1\u000ainitial apicid	: 1\u000afpu		: yes\u000afpu_exception	: yes\u000acpuid level	: 13\u000awp		: yes\u000aflags		: fpu vme de pse tsc msr pae mce cx8 apic sep mtrr pge mca cmov pat pse36 clflush mmx fxsr sse sse2 ht syscall nx rdtscp lm constant_tsc rep_good nopl xtopology nonstop_tsc cpuid tsc_known_freq pni pclmulqdq ssse3 fma cx16 pcid sse4_1 sse4_2 x2apic movbe popcnt tsc_deadline_timer aes xsave avx f16c rdrand hypervisor lahf_lm abm cpuid_fault invpcid_single ssbd ibrs ibpb stibp ibrs_enhanced fsgsbase tsc_adjust bmi1 avx2 smep bmi2 erms invpcid smap xsaveopt arat md_clear arch_capabilities\u000abugs		: spectre_v1 spectre_v2 spec_store_bypass swapgs\u000abogomips	: 5000.02\u000aclflush size	: 64\u000acache_alignment	: 64\u000aaddress sizes	: 46 bits physical, 48 bits virtual\u000apower management:\u000a\u000a
p354
sV/proc/meminfo
p355
VMemTotal:        1717184 kB\u000aMemFree:         1119116 kB\u000aMemAvailable:    1486608 kB\u000aBuffers:           17204 kB\u000aCached:           464556 kB\u000aSwapCached:            0 kB\u000aActive:            93708 kB\u000aInactive:         448796 kB\u000aActive(anon):      60736 kB\u000aInactive(anon):      216 kB\u000aActive(file):      32972 kB\u000aInactive(file):   448580 kB\u000aUnevictable:           0 kB\u000aMlocked:               0 kB\u000aSwapTotal:             0 kB\u000aSwapFree:              0 kB\u000aDirty:             10176 kB\u000aWriteback:             0 kB\u000aAnonPages:         60684 kB\u000aMapped:            35328 kB\u000aShmem:               220 kB\u000aSlab:              43004 kB\u000aSReclaimable:      32896 kB\u000aSUnreclaim:        10108 kB\u000aKernelStack:        1168 kB\u000aPageTables:         1404 kB\u000aNFS_Unstable:          0 kB\u000aBounce:                0 kB\u000aWritebackTmp:          0 kB\u000aCommitLimit:      858592 kB\u000aCommitted_AS:     251720 kB\u000aVmallocTotal:   34359738367 kB\u000aVmallocUsed:           0 kB\u000aVmallocChunk:          0 kB\u000aAnonHugePages:         0 kB\u000aShmemHugePages:        0 kB\u000aShmemPmdMapped:        0 kB\u000aHugePages_Total:       0\u000aHugePages_Free:        0\u000aHugePages_Rsvd:        0\u000aHugePages_Surp:        0\u000aHugepagesize:       2048 kB\u000aDirectMap4k:       19456 kB\u000aDirectMap2M:     1742848 kB\u000a
p356
ssVstatus_key
p357
Vpywren.jobs/889be03d-3c5e-4263-9efc-9190146379c6/00007/status.json
p358
sVend_time
p359
F1609150600.3394799
sVlog_group_name
p360
V/aws/lambda/pywren_redis_2
p361
sVdata_key
p362
Vpywren.jobs/889be03d-3c5e-4263-9efc-9190146379c6/aggdata.pickle
p363
sa(dp364
Vcallset_id
p365
V889be03d-3c5e-4263-9efc-9190146379c6
p366
sVlog_stream_name
p367
V2020/12/28/[$LATEST]8496c3f2894248b485151aede7340cda
p368
sVstdout
p369
V
sVfunc_key
p370
Vpywren.jobs/889be03d-3c5e-4263-9efc-9190146379c6/func.pickle
p371
sVfree_disk_bytes
p372
I538333184
sVruntime_cached
p373
I00
sVretcode
p374
I0
sVcall_id
p375
V00008
p376
sVoutput_key
p377
Vpywren.jobs/889be03d-3c5e-4263-9efc-9190146379c6/00008/output.pickle
p378
sVruntime_s3_key_used
p379
Vbe2299-pywren.runtimes/default_2.7.tar.gz.0080
p380
sVaws_request_id
p381
V81045c22-746e-4a56-bad9-79aa8e13ac63
p382
sVexec_time
p383
F24.144244194030762
sVstart_time
p384
F1609150567.266243
sVsetup_time
p385
F7.089716911315918
sVruntime_s3_bucket_used
p386
Vpywren-runtimes-public-us-west-2
p387
sVexception
p388
NsVhost_submit_time
p389
F1609150566.539151
sVserver_info
p390
(dp391
Vuname
p392
V('Linux', '169.254.124.61', '4.14.203-112.332.amzn2.x86_64', '#1 SMP Wed Nov 4 20:46:34 UTC 2020', 'x86_64', 'x86_64')
p393
sV/proc/self/cgroup
p394
VMemTotal:        1717184 kB\u000aMemFree:         1118244 kB\u000aMemAvailable:    1486480 kB\u000aBuffers:           17784 kB\u000aCached:           464708 kB\u000aSwapCached:            0 kB\u000aActive:            95488 kB\u000aInactive:         448104 kB\u000aActive(anon):      61088 kB\u000aInactive(anon):      216 kB\u000aActive(file):      34400 kB\u000aInactive(file):   447888 kB\u000aUnevictable:           0 kB\u000aMlocked:               0 kB\u000aSwapTotal:             0 kB\u000aSwapFree:              0 kB\u000aDirty:              8404 kB\u000aWriteback:             0 kB\u000aAnonPages:         61088 kB\u000aMapped:            35116 kB\u000aShmem:               220 kB\u000aSlab:              43068 kB\u000aSReclaimable:      32912 kB\u000aSUnreclaim:        10156 kB\u000aKernelStack:        1152 kB\u000aPageTables:         1312 kB\u000aNFS_Unstable:          0 kB\u000aBounce:                0 kB\u000aWritebackTmp:          0 kB\u000aCommitLimit:      858592 kB\u000aCommitted_AS:     253804 kB\u000aVmallocTotal:   34359738367 kB\u000aVmallocUsed:           0 kB\u000aVmallocChunk:          0 kB\u000aAnonHugePages:         0 kB\u000aShmemHugePages:        0 kB\u000aShmemPmdMapped:        0 kB\u000aHugePages_Total:       0\u000aHugePages_Free:        0\u000aHugePages_Rsvd:        0\u000aHugePages_Surp:        0\u000aHugepagesize:       2048 kB\u000aDirectMap4k:       19456 kB\u000aDirectMap2M:     1742848 kB\u000a
p395
sV/proc/cgroups
p396
V#subsys_name	hierarchy	num_cgroups	enabled\u000acpuset	11	1	1\u000acpu	7	5	1\u000acpuacct	7	5	1\u000ablkio	3	1	1\u000amemory	10	5	1\u000adevices	5	1	1\u000afreezer	6	2	1\u000anet_cls	9	1	1\u000aperf_event	8	1	1\u000anet_prio	9	1	1\u000ahugetlb	2	1	1\u000apids	4	1	1\u000a
p397
sV/proc/cpuinfo
p398
Vprocessor	: 0\u000avendor_id	: GenuineIntel\u000acpu family	: 6\u000amodel		: 63\u000amodel name	: Intel(R) Xeon(R) Processor @ 2.50GHz\u000astepping	: 2\u000amicrocode	: 0x1\u000acpu MHz		: 2500.008\u000acache size	: 36608 KB\u000aphysical id	: 0\u000asiblings	: 2\u000acore id		: 0\u000acpu cores	: 2\u000aapicid		: 0\u000ainitial apicid	: 0\u000afpu		: yes\u000afpu_exception	: yes\u000acpuid level	: 13\u000awp		: yes\u000aflags		: fpu vme de pse tsc msr pae mce cx8 apic sep mtrr pge mca cmov pat pse36 clflush mmx fxsr sse sse2 ht syscall nx rdtscp lm constant_tsc rep_good nopl xtopology nonstop_tsc cpuid tsc_known_freq pni pclmulqdq ssse3 fma cx16 pcid sse4_1 sse4_2 x2apic movbe popcnt tsc_deadline_timer aes xsave avx f16c rdrand hypervisor lahf_lm abm cpuid_fault invpcid_single ssbd ibrs ibpb stibp ibrs_enhanced fsgsbase tsc_adjust bmi1 avx2 smep bmi2 erms invpcid smap xsaveopt arat md_clear arch_capabilities\u000abugs		: spectre_v1 spectre_v2 spec_store_bypass swapgs\u000abogomips	: 5000.01\u000aclflush size	: 64\u000acache_alignment	: 64\u000aaddress sizes	: 46 bits physical, 48 bits virtual\u000apower management:\u000a\u000aprocessor	: 1\u000avendor_id	: GenuineIntel\u000acpu family	: 6\u000amodel		: 63\u000amodel name	: Intel(R) Xeon(R) Processor @ 2.50GHz\u000astepping	: 2\u000amicrocode	: 0x1\u000acpu MHz		: 2500.008\u000acache size	: 36608 KB\u000aphysical id	: 0\u000asiblings	: 2\u000acore id		: 1\u000acpu cores	: 2\u000aapicid		: 1\u000ainitial apicid	: 1\u000afpu		: yes\u000afpu_exception	: yes\u000acpuid level	: 13\u000awp		: yes\u000aflags		: fpu vme de pse tsc msr pae mce cx8 apic sep mtrr pge mca cmov pat pse36 clflush mmx fxsr sse sse2 ht syscall nx rdtscp lm constant_tsc rep_good nopl xtopology nonstop_tsc cpuid tsc_known_freq pni pclmulqdq ssse3 fma cx16 pcid sse4_1 sse4_2 x2apic movbe popcnt tsc_deadline_timer aes xsave avx f16c rdrand hypervisor lahf_lm abm cpuid_fault invpcid_single ssbd ibrs ibpb stibp ibrs_enhanced fsgsbase tsc_adjust bmi1 avx2 smep bmi2 erms invpcid smap xsaveopt arat md_clear arch_capabilities\u000abugs		: spectre_v1 spectre_v2 spec_store_bypass swapgs\u000abogomips	: 5000.01\u000aclflush size	: 64\u000acache_alignment	: 64\u000aaddress sizes	: 46 bits physical, 48 bits virtual\u000apower management:\u000a\u000a
p399
sV/proc/meminfo
p400
VMemTotal:        1717184 kB\u000aMemFree:         1118244 kB\u000aMemAvailable:    1486480 kB\u000aBuffers:           17784 kB\u000aCached:           464708 kB\u000aSwapCached:            0 kB\u000aActive:            95488 kB\u000aInactive:         448104 kB\u000aActive(anon):      61088 kB\u000aInactive(anon):      216 kB\u000aActive(file):      34400 kB\u000aInactive(file):   447888 kB\u000aUnevictable:           0 kB\u000aMlocked:               0 kB\u000aSwapTotal:             0 kB\u000aSwapFree:              0 kB\u000aDirty:              8404 kB\u000aWriteback:             0 kB\u000aAnonPages:         61088 kB\u000aMapped:            35116 kB\u000aShmem:               220 kB\u000aSlab:              43068 kB\u000aSReclaimable:      32912 kB\u000aSUnreclaim:        10156 kB\u000aKernelStack:        1152 kB\u000aPageTables:         1312 kB\u000aNFS_Unstable:          0 kB\u000aBounce:                0 kB\u000aWritebackTmp:          0 kB\u000aCommitLimit:      858592 kB\u000aCommitted_AS:     253804 kB\u000aVmallocTotal:   34359738367 kB\u000aVmallocUsed:           0 kB\u000aVmallocChunk:          0 kB\u000aAnonHugePages:         0 kB\u000aShmemHugePages:        0 kB\u000aShmemPmdMapped:        0 kB\u000aHugePages_Total:       0\u000aHugePages_Free:        0\u000aHugePages_Rsvd:        0\u000aHugePages_Surp:        0\u000aHugepagesize:       2048 kB\u000aDirectMap4k:       19456 kB\u000aDirectMap2M:     1742848 kB\u000a
p401
ssVstatus_key
p402
Vpywren.jobs/889be03d-3c5e-4263-9efc-9190146379c6/00008/status.json
p403
sVend_time
p404
F1609150598.5001979
sVlog_group_name
p405
V/aws/lambda/pywren_redis_2
p406
sVdata_key
p407
Vpywren.jobs/889be03d-3c5e-4263-9efc-9190146379c6/aggdata.pickle
p408
sa(dp409
Vcallset_id
p410
V889be03d-3c5e-4263-9efc-9190146379c6
p411
sVlog_stream_name
p412
V2020/12/28/[$LATEST]dcaf3d0798004f9794590874e78a7804
p413
sVstdout
p414
V
sVfunc_key
p415
Vpywren.jobs/889be03d-3c5e-4263-9efc-9190146379c6/func.pickle
p416
sVfree_disk_bytes
p417
I538333184
sVruntime_cached
p418
I00
sVretcode
p419
I0
sVcall_id
p420
V00009
p421
sVoutput_key
p422
Vpywren.jobs/889be03d-3c5e-4263-9efc-9190146379c6/00009/output.pickle
p423
sVruntime_s3_key_used
p424
V56d5ee-pywren.runtimes/default_2.7.tar.gz.0035
p425
sVaws_request_id
p426
V60ccf063-8c68-4c65-af38-fb8be93354a7
p427
sVexec_time
p428
F28.115644216537476
sVstart_time
p429
F1609150567.294162
sVsetup_time
p430
F7.1956808567047119
sVruntime_s3_bucket_used
p431
Vpywren-runtimes-public-us-west-2
p432
sVexception
p433
NsVhost_submit_time
p434
F1609150566.5442679
sVserver_info
p435
(dp436
Vuname
p437
V('Linux', '169.254.247.237', '4.14.203-112.332.amzn2.x86_64', '#1 SMP Wed Nov 4 20:46:34 UTC 2020', 'x86_64', 'x86_64')
p438
sV/proc/self/cgroup
p439
VMemTotal:        1717184 kB\u000aMemFree:         1121840 kB\u000aMemAvailable:    1486180 kB\u000aBuffers:           17144 kB\u000aCached:           461376 kB\u000aSwapCached:            0 kB\u000aActive:            93928 kB\u000aInactive:         445740 kB\u000aActive(anon):      61140 kB\u000aInactive(anon):      216 kB\u000aActive(file):      32788 kB\u000aInactive(file):   445524 kB\u000aUnevictable:           0 kB\u000aMlocked:               0 kB\u000aSwapTotal:             0 kB\u000aSwapFree:              0 kB\u000aDirty:             10096 kB\u000aWriteback:             0 kB\u000aAnonPages:         61136 kB\u000aMapped:            34756 kB\u000aShmem:               220 kB\u000aSlab:              43180 kB\u000aSReclaimable:      33068 kB\u000aSUnreclaim:        10112 kB\u000aKernelStack:        1152 kB\u000aPageTables:         1316 kB\u000aNFS_Unstable:          0 kB\u000aBounce:                0 kB\u000aWritebackTmp:          0 kB\u000aCommitLimit:      858592 kB\u000aCommitted_AS:     253816 kB\u000aVmallocTotal:   34359738367 kB\u000aVmallocUsed:           0 kB\u000aVmallocChunk:          0 kB\u000aAnonHugePages:         0 kB\u000aShmemHugePages:        0 kB\u000aShmemPmdMapped:        0 kB\u000aHugePages_Total:       0\u000aHugePages_Free:        0\u000aHugePages_Rsvd:        0\u000aHugePages_Surp:        0\u000aHugepagesize:       2048 kB\u000aDirectMap4k:       19456 kB\u000aDirectMap2M:     1742848 kB\u000a
p440
sV/proc/cgroups
p441
V#subsys_name	hierarchy	num_cgroups	enabled\u000acpuset	11	1	1\u000acpu	8	5	1\u000acpuacct	8	5	1\u000ablkio	2	1	1\u000amemory	6	5	1\u000adevices	9	1	1\u000afreezer	3	2	1\u000anet_cls	4	1	1\u000aperf_event	7	1	1\u000anet_prio	4	1	1\u000ahugetlb	5	1	1\u000apids	10	1	1\u000a
p442
sV/proc/cpuinfo
p443
Vprocessor	: 0\u000avendor_id	: GenuineIntel\u000acpu family	: 6\u000amodel		: 63\u000amodel name	: Intel(R) Xeon(R) Processor @ 2.50GHz\u000astepping	: 2\u000amicrocode	: 0x1\u000acpu MHz		: 2500.014\u000acache size	: 33792 KB\u000aphysical id	: 0\u000asiblings	: 2\u000acore id		: 0\u000acpu cores	: 2\u000aapicid		: 0\u000ainitial apicid	: 0\u000afpu		: yes\u000afpu_exception	: yes\u000acpuid level	: 13\u000awp		: yes\u000aflags		: fpu vme de pse tsc msr pae mce cx8 apic sep mtrr pge mca cmov pat pse36 clflush mmx fxsr sse sse2 ht syscall nx rdtscp lm constant_tsc rep_good nopl xtopology nonstop_tsc cpuid tsc_known_freq pni pclmulqdq ssse3 fma cx16 pcid sse4_1 sse4_2 x2apic movbe popcnt tsc_deadline_timer aes xsave avx f16c rdrand hypervisor lahf_lm abm cpuid_fault invpcid_single pti ssbd ibrs ibpb stibp fsgsbase tsc_adjust bmi1 avx2 smep bmi2 erms invpcid smap xsaveopt arat md_clear arch_capabilities\u000abugs		: cpu_meltdown spectre_v1 spectre_v2 spec_store_bypass l1tf mds swapgs\u000abogomips	: 5000.02\u000aclflush size	: 64\u000acache_alignment	: 64\u000aaddress sizes	: 46 bits physical, 48 bits virtual\u000apower management:\u000a\u000aprocessor	: 1\u000avendor_id	: GenuineIntel\u000acpu family	: 6\u000amodel		: 63\u000amodel name	: Intel(R) Xeon(R) Processor @ 2.50GHz\u000astepping	: 2\u000amicrocode	: 0x1\u000acpu MHz		: 2500.014\u000acache size	: 33792 KB\u000aphysical id	: 0\u000asiblings	: 2\u000acore id		: 1\u000acpu cores	: 2\u000aapicid		: 1\u000ainitial apicid	: 1\u000afpu		: yes\u000afpu_exception	: yes\u000acpuid level	: 13\u000awp		: yes\u000aflags		: fpu vme de pse tsc msr pae mce cx8 apic sep mtrr pge mca cmov pat pse36 clflush mmx fxsr sse sse2 ht syscall nx rdtscp lm constant_tsc rep_good nopl xtopology nonstop_tsc cpuid tsc_known_freq pni pclmulqdq ssse3 fma cx16 pcid sse4_1 sse4_2 x2apic movbe popcnt tsc_deadline_timer aes xsave avx f16c rdrand hypervisor lahf_lm abm cpuid_fault invpcid_single pti ssbd ibrs ibpb stibp fsgsbase tsc_adjust bmi1 avx2 smep bmi2 erms invpcid smap xsaveopt arat md_clear arch_capabilities\u000abugs		: cpu_meltdown spectre_v1 spectre_v2 spec_store_bypass l1tf mds swapgs\u000abogomips	: 5000.02\u000aclflush size	: 64\u000acache_alignment	: 64\u000aaddress sizes	: 46 bits physical, 48 bits virtual\u000apower management:\u000a\u000a
p444
sV/proc/meminfo
p445
VMemTotal:        1717184 kB\u000aMemFree:         1121840 kB\u000aMemAvailable:    1486180 kB\u000aBuffers:           17144 kB\u000aCached:           461376 kB\u000aSwapCached:            0 kB\u000aActive:            93928 kB\u000aInactive:         445740 kB\u000aActive(anon):      61140 kB\u000aInactive(anon):      216 kB\u000aActive(file):      32788 kB\u000aInactive(file):   445524 kB\u000aUnevictable:           0 kB\u000aMlocked:               0 kB\u000aSwapTotal:             0 kB\u000aSwapFree:              0 kB\u000aDirty:             10096 kB\u000aWriteback:             0 kB\u000aAnonPages:         61136 kB\u000aMapped:            34756 kB\u000aShmem:               220 kB\u000aSlab:              43180 kB\u000aSReclaimable:      33068 kB\u000aSUnreclaim:        10112 kB\u000aKernelStack:        1152 kB\u000aPageTables:         1316 kB\u000aNFS_Unstable:          0 kB\u000aBounce:                0 kB\u000aWritebackTmp:          0 kB\u000aCommitLimit:      858592 kB\u000aCommitted_AS:     253816 kB\u000aVmallocTotal:   34359738367 kB\u000aVmallocUsed:           0 kB\u000aVmallocChunk:          0 kB\u000aAnonHugePages:         0 kB\u000aShmemHugePages:        0 kB\u000aShmemPmdMapped:        0 kB\u000aHugePages_Total:       0\u000aHugePages_Free:        0\u000aHugePages_Rsvd:        0\u000aHugePages_Surp:        0\u000aHugepagesize:       2048 kB\u000aDirectMap4k:       19456 kB\u000aDirectMap2M:     1742848 kB\u000a
p446
ssVstatus_key
p447
Vpywren.jobs/889be03d-3c5e-4263-9efc-9190146379c6/00009/status.json
p448
sVend_time
p449
F1609150602.6054809
sVlog_group_name
p450
V/aws/lambda/pywren_redis_2
p451
sVdata_key
p452
Vpywren.jobs/889be03d-3c5e-4263-9efc-9190146379c6/aggdata.pickle
p453
sa(dp454
Vcallset_id
p455
V889be03d-3c5e-4263-9efc-9190146379c6
p456
sVlog_stream_name
p457
V2020/12/28/[$LATEST]3fa16bddfcad45aeb92b25688e430a5b
p458
sVstdout
p459
V
sVfunc_key
p460
Vpywren.jobs/889be03d-3c5e-4263-9efc-9190146379c6/func.pickle
p461
sVfree_disk_bytes
p462
I538333184
sVruntime_cached
p463
I00
sVretcode
p464
I0
sVcall_id
p465
V00010
p466
sVoutput_key
p467
Vpywren.jobs/889be03d-3c5e-4263-9efc-9190146379c6/00010/output.pickle
p468
sVruntime_s3_key_used
p469
V445d59-pywren.runtimes/default_2.7.tar.gz.0085
p470
sVaws_request_id
p471
V9b354caf-e82c-438c-84e1-21a522ea3aeb
p472
sVexec_time
p473
F38.181859970092773
sVstart_time
p474
F1609150567.276392
sVsetup_time
p475
F7.0702779293060303
sVruntime_s3_bucket_used
p476
Vpywren-runtimes-public-us-west-2
p477
sVexception
p478
NsVhost_submit_time
p479
F1609150566.5487411
sVserver_info
p480
(dp481
Vuname
p482
V('Linux', '169.254.146.165', '4.14.203-112.332.amzn2.x86_64', '#1 SMP Wed Nov 4 20:46:34 UTC 2020', 'x86_64', 'x86_64')
p483
sV/proc/self/cgroup
p484
VMemTotal:        1717184 kB\u000aMemFree:         1122012 kB\u000aMemAvailable:    1486572 kB\u000aBuffers:           17128 kB\u000aCached:           461668 kB\u000aSwapCached:            0 kB\u000aActive:            93884 kB\u000aInactive:         445696 kB\u000aActive(anon):      60776 kB\u000aInactive(anon):      216 kB\u000aActive(file):      33108 kB\u000aInactive(file):   445480 kB\u000aUnevictable:           0 kB\u000aMlocked:               0 kB\u000aSwapTotal:             0 kB\u000aSwapFree:              0 kB\u000aDirty:               128 kB\u000aWriteback:             0 kB\u000aAnonPages:         60772 kB\u000aMapped:            35224 kB\u000aShmem:               220 kB\u000aSlab:              43148 kB\u000aSReclaimable:      32960 kB\u000aSUnreclaim:        10188 kB\u000aKernelStack:        1152 kB\u000aPageTables:         1308 kB\u000aNFS_Unstable:          0 kB\u000aBounce:                0 kB\u000aWritebackTmp:          0 kB\u000aCommitLimit:      858592 kB\u000aCommitted_AS:     253648 kB\u000aVmallocTotal:   34359738367 kB\u000aVmallocUsed:           0 kB\u000aVmallocChunk:          0 kB\u000aAnonHugePages:         0 kB\u000aShmemHugePages:        0 kB\u000aShmemPmdMapped:        0 kB\u000aHugePages_Total:       0\u000aHugePages_Free:        0\u000aHugePages_Rsvd:        0\u000aHugePages_Surp:        0\u000aHugepagesize:       2048 kB\u000aDirectMap4k:       21504 kB\u000aDirectMap2M:     1740800 kB\u000a
p485
sV/proc/cgroups
p486
V#subsys_name	hierarchy	num_cgroups	enabled\u000acpuset	9	1	1\u000acpu	7	5	1\u000acpuacct	7	5	1\u000ablkio	8	1	1\u000amemory	11	5	1\u000adevices	5	1	1\u000afreezer	2	2	1\u000anet_cls	3	1	1\u000aperf_event	6	1	1\u000anet_prio	3	1	1\u000ahugetlb	4	1	1\u000apids	10	1	1\u000a
p487
sV/proc/cpuinfo
p488
Vprocessor	: 0\u000avendor_id	: GenuineIntel\u000acpu family	: 6\u000amodel		: 63\u000amodel name	: Intel(R) Xeon(R) Processor @ 2.50GHz\u000astepping	: 2\u000amicrocode	: 0x1\u000acpu MHz		: 2500.012\u000acache size	: 36608 KB\u000aphysical id	: 0\u000asiblings	: 2\u000acore id		: 0\u000acpu cores	: 2\u000aapicid		: 0\u000ainitial apicid	: 0\u000afpu		: yes\u000afpu_exception	: yes\u000acpuid level	: 13\u000awp		: yes\u000aflags		: fpu vme de pse tsc msr pae mce cx8 apic sep mtrr pge mca cmov pat pse36 clflush mmx fxsr sse sse2 ht syscall nx rdtscp lm constant_tsc rep_good nopl xtopology nonstop_tsc cpuid tsc_known_freq pni pclmulqdq ssse3 fma cx16 pcid sse4_1 sse4_2 x2apic movbe popcnt tsc_deadline_timer aes xsave avx f16c rdrand hypervisor lahf_lm abm cpuid_fault invpcid_single ssbd ibrs ibpb stibp ibrs_enhanced fsgsbase tsc_adjust bmi1 avx2 smep bmi2 erms invpcid smap xsaveopt arat md_clear arch_capabilities\u000abugs		: spectre_v1 spectre_v2 spec_store_bypass swapgs\u000abogomips	: 5000.02\u000aclflush size	: 64\u000acache_alignment	: 64\u000aaddress sizes	: 46 bits physical, 48 bits virtual\u000apower management:\u000a\u000aprocessor	: 1\u000avendor_id	: GenuineIntel\u000acpu family	: 6\u000amodel		: 63\u000amodel name	: Intel(R) Xeon(R) Processor @ 2.50GHz\u000astepping	: 2\u000amicrocode	: 0x1\u000acpu MHz		: 2500.012\u000acache size	: 36608 KB\u000aphysical id	: 0\u000asiblings	: 2\u000acore id		: 1\u000acpu cores	: 2\u000aapicid		: 1\u000ainitial apicid	: 1\u000afpu		: yes\u000afpu_exception	: yes\u000acpuid level	: 13\u000awp		: yes\u000aflags		: fpu vme de pse tsc msr pae mce cx8 apic sep mtrr pge mca cmov pat pse36 clflush mmx fxsr sse sse2 ht syscall nx rdtscp lm constant_tsc rep_good nopl xtopology nonstop_tsc cpuid tsc_known_freq pni pclmulqdq ssse3 fma cx16 pcid sse4_1 sse4_2 x2apic movbe popcnt tsc_deadline_timer aes xsave avx f16c rdrand hypervisor lahf_lm abm cpuid_fault invpcid_single ssbd ibrs ibpb stibp ibrs_enhanced fsgsbase tsc_adjust bmi1 avx2 smep bmi2 erms invpcid smap xsaveopt arat md_clear arch_capabilities\u000abugs		: spectre_v1 spectre_v2 spec_store_bypass swapgs\u000abogomips	: 5000.02\u000aclflush size	: 64\u000acache_alignment	: 64\u000aaddress sizes	: 46 bits physical, 48 bits virtual\u000apower management:\u000a\u000a
p489
sV/proc/meminfo
p490
VMemTotal:        1717184 kB\u000aMemFree:         1122012 kB\u000aMemAvailable:    1486572 kB\u000aBuffers:           17128 kB\u000aCached:           461668 kB\u000aSwapCached:            0 kB\u000aActive:            93884 kB\u000aInactive:         445696 kB\u000aActive(anon):      60776 kB\u000aInactive(anon):      216 kB\u000aActive(file):      33108 kB\u000aInactive(file):   445480 kB\u000aUnevictable:           0 kB\u000aMlocked:               0 kB\u000aSwapTotal:             0 kB\u000aSwapFree:              0 kB\u000aDirty:               128 kB\u000aWriteback:             0 kB\u000aAnonPages:         60772 kB\u000aMapped:            35224 kB\u000aShmem:               220 kB\u000aSlab:              43148 kB\u000aSReclaimable:      32960 kB\u000aSUnreclaim:        10188 kB\u000aKernelStack:        1152 kB\u000aPageTables:         1308 kB\u000aNFS_Unstable:          0 kB\u000aBounce:                0 kB\u000aWritebackTmp:          0 kB\u000aCommitLimit:      858592 kB\u000aCommitted_AS:     253648 kB\u000aVmallocTotal:   34359738367 kB\u000aVmallocUsed:           0 kB\u000aVmallocChunk:          0 kB\u000aAnonHugePages:         0 kB\u000aShmemHugePages:        0 kB\u000aShmemPmdMapped:        0 kB\u000aHugePages_Total:       0\u000aHugePages_Free:        0\u000aHugePages_Rsvd:        0\u000aHugePages_Surp:        0\u000aHugepagesize:       2048 kB\u000aDirectMap4k:       21504 kB\u000aDirectMap2M:     1740800 kB\u000a
p491
ssVstatus_key
p492
Vpywren.jobs/889be03d-3c5e-4263-9efc-9190146379c6/00010/status.json
p493
sVend_time
p494
F1609150612.5285239
sVlog_group_name
p495
V/aws/lambda/pywren_redis_2
p496
sVdata_key
p497
Vpywren.jobs/889be03d-3c5e-4263-9efc-9190146379c6/aggdata.pickle
p498
sa(dp499
Vcallset_id
p500
V889be03d-3c5e-4263-9efc-9190146379c6
p501
sVlog_stream_name
p502
V2020/12/28/[$LATEST]4d79a0f6f7b14fc28b56e283a5a0f156
p503
sVstdout
p504
V
sVfunc_key
p505
Vpywren.jobs/889be03d-3c5e-4263-9efc-9190146379c6/func.pickle
p506
sVfree_disk_bytes
p507
I538333184
sVruntime_cached
p508
I00
sVretcode
p509
I0
sVcall_id
p510
V00011
p511
sVoutput_key
p512
Vpywren.jobs/889be03d-3c5e-4263-9efc-9190146379c6/00011/output.pickle
p513
sVruntime_s3_key_used
p514
Vd75e32-pywren.runtimes/default_2.7.tar.gz.0094
p515
sVaws_request_id
p516
V6146aefe-2695-42cb-9956-868439b2c5b2
p517
sVexec_time
p518
F24.120071887969971
sVstart_time
p519
F1609150567.3169041
sVsetup_time
p520
F7.1390390396118164
sVruntime_s3_bucket_used
p521
Vpywren-runtimes-public-us-west-2
p522
sVexception
p523
NsVhost_submit_time
p524
F1609150566.5560069
sVserver_info
p525
(dp526
Vuname
p527
V('Linux', '169.254.110.13', '4.14.203-112.332.amzn2.x86_64', '#1 SMP Wed Nov 4 20:46:34 UTC 2020', 'x86_64', 'x86_64')
p528
sV/proc/self/cgroup
p529
VMemTotal:        1717184 kB\u000aMemFree:         1119628 kB\u000aMemAvailable:    1486468 kB\u000aBuffers:           16748 kB\u000aCached:           464408 kB\u000aSwapCached:            0 kB\u000aActive:            93804 kB\u000aInactive:         448160 kB\u000aActive(anon):      60800 kB\u000aInactive(anon):      216 kB\u000aActive(file):      33004 kB\u000aInactive(file):   447944 kB\u000aUnevictable:           0 kB\u000aMlocked:               0 kB\u000aSwapTotal:             0 kB\u000aSwapFree:              0 kB\u000aDirty:              8340 kB\u000aWriteback:             0 kB\u000aAnonPages:         60808 kB\u000aMapped:            34928 kB\u000aShmem:               220 kB\u000aSlab:              42800 kB\u000aSReclaimable:      32796 kB\u000aSUnreclaim:        10004 kB\u000aKernelStack:        1168 kB\u000aPageTables:         1320 kB\u000aNFS_Unstable:          0 kB\u000aBounce:                0 kB\u000aWritebackTmp:          0 kB\u000aCommitLimit:      858592 kB\u000aCommitted_AS:     253748 kB\u000aVmallocTotal:   34359738367 kB\u000aVmallocUsed:           0 kB\u000aVmallocChunk:          0 kB\u000aAnonHugePages:         0 kB\u000aShmemHugePages:        0 kB\u000aShmemPmdMapped:        0 kB\u000aHugePages_Total:       0\u000aHugePages_Free:        0\u000aHugePages_Rsvd:        0\u000aHugePages_Surp:        0\u000aHugepagesize:       2048 kB\u000aDirectMap4k:       19456 kB\u000aDirectMap2M:     1742848 kB\u000a
p530
sV/proc/cgroups
p531
V#subsys_name	hierarchy	num_cgroups	enabled\u000acpuset	8	1	1\u000acpu	3	5	1\u000acpuacct	3	5	1\u000ablkio	6	1	1\u000amemory	5	5	1\u000adevices	11	1	1\u000afreezer	10	2	1\u000anet_cls	2	1	1\u000aperf_event	7	1	1\u000anet_prio	2	1	1\u000ahugetlb	4	1	1\u000apids	9	1	1\u000a
p532
sV/proc/cpuinfo
p533
Vprocessor	: 0\u000avendor_id	: GenuineIntel\u000acpu family	: 6\u000amodel		: 63\u000amodel name	: Intel(R) Xeon(R) Processor @ 2.50GHz\u000astepping	: 2\u000amicrocode	: 0x1\u000acpu MHz		: 2500.010\u000acache size	: 33792 KB\u000aphysical id	: 0\u000asiblings	: 2\u000acore id		: 0\u000acpu cores	: 2\u000aapicid		: 0\u000ainitial apicid	: 0\u000afpu		: yes\u000afpu_exception	: yes\u000acpuid level	: 13\u000awp		: yes\u000aflags		: fpu vme de pse tsc msr pae mce cx8 apic sep mtrr pge mca cmov pat pse36 clflush mmx fxsr sse sse2 ht syscall nx rdtscp lm constant_tsc rep_good nopl xtopology nonstop_tsc cpuid tsc_known_freq pni pclmulqdq ssse3 fma cx16 pcid sse4_1 sse4_2 x2apic movbe popcnt tsc_deadline_timer aes xsave avx f16c rdrand hypervisor lahf_lm abm cpuid_fault invpcid_single pti ssbd ibrs ibpb stibp fsgsbase tsc_adjust bmi1 avx2 smep bmi2 erms invpcid smap xsaveopt arat md_clear arch_capabilities\u000abugs		: cpu_meltdown spectre_v1 spectre_v2 spec_store_bypass l1tf mds swapgs\u000abogomips	: 5000.02\u000aclflush size	: 64\u000acache_alignment	: 64\u000aaddress sizes	: 46 bits physical, 48 bits virtual\u000apower management:\u000a\u000aprocessor	: 1\u000avendor_id	: GenuineIntel\u000acpu family	: 6\u000amodel		: 63\u000amodel name	: Intel(R) Xeon(R) Processor @ 2.50GHz\u000astepping	: 2\u000amicrocode	: 0x1\u000acpu MHz		: 2500.010\u000acache size	: 33792 KB\u000aphysical id	: 0\u000asiblings	: 2\u000acore id		: 1\u000acpu cores	: 2\u000aapicid		: 1\u000ainitial apicid	: 1\u000afpu		: yes\u000afpu_exception	: yes\u000acpuid level	: 13\u000awp		: yes\u000aflags		: fpu vme de pse tsc msr pae mce cx8 apic sep mtrr pge mca cmov pat pse36 clflush mmx fxsr sse sse2 ht syscall nx rdtscp lm constant_tsc rep_good nopl xtopology nonstop_tsc cpuid tsc_known_freq pni pclmulqdq ssse3 fma cx16 pcid sse4_1 sse4_2 x2apic movbe popcnt tsc_deadline_timer aes xsave avx f16c rdrand hypervisor lahf_lm abm cpuid_fault invpcid_single pti ssbd ibrs ibpb stibp fsgsbase tsc_adjust bmi1 avx2 smep bmi2 erms invpcid smap xsaveopt arat md_clear arch_capabilities\u000abugs		: cpu_meltdown spectre_v1 spectre_v2 spec_store_bypass l1tf mds swapgs\u000abogomips	: 5000.02\u000aclflush size	: 64\u000acache_alignment	: 64\u000aaddress sizes	: 46 bits physical, 48 bits virtual\u000apower management:\u000a\u000a
p534
sV/proc/meminfo
p535
VMemTotal:        1717184 kB\u000aMemFree:         1119628 kB\u000aMemAvailable:    1486468 kB\u000aBuffers:           16748 kB\u000aCached:           464408 kB\u000aSwapCached:            0 kB\u000aActive:            93804 kB\u000aInactive:         448160 kB\u000aActive(anon):      60800 kB\u000aInactive(anon):      216 kB\u000aActive(file):      33004 kB\u000aInactive(file):   447944 kB\u000aUnevictable:           0 kB\u000aMlocked:               0 kB\u000aSwapTotal:             0 kB\u000aSwapFree:              0 kB\u000aDirty:              8340 kB\u000aWriteback:             0 kB\u000aAnonPages:         60808 kB\u000aMapped:            34928 kB\u000aShmem:               220 kB\u000aSlab:              42800 kB\u000aSReclaimable:      32796 kB\u000aSUnreclaim:        10004 kB\u000aKernelStack:        1168 kB\u000aPageTables:         1320 kB\u000aNFS_Unstable:          0 kB\u000aBounce:                0 kB\u000aWritebackTmp:          0 kB\u000aCommitLimit:      858592 kB\u000aCommitted_AS:     253748 kB\u000aVmallocTotal:   34359738367 kB\u000aVmallocUsed:           0 kB\u000aVmallocChunk:          0 kB\u000aAnonHugePages:         0 kB\u000aShmemHugePages:        0 kB\u000aShmemPmdMapped:        0 kB\u000aHugePages_Total:       0\u000aHugePages_Free:        0\u000aHugePages_Rsvd:        0\u000aHugePages_Surp:        0\u000aHugepagesize:       2048 kB\u000aDirectMap4k:       19456 kB\u000aDirectMap2M:     1742848 kB\u000a
p536
ssVstatus_key
p537
Vpywren.jobs/889be03d-3c5e-4263-9efc-9190146379c6/00011/status.json
p538
sVend_time
p539
F1609150598.576009
sVlog_group_name
p540
V/aws/lambda/pywren_redis_2
p541
sVdata_key
p542
Vpywren.jobs/889be03d-3c5e-4263-9efc-9190146379c6/aggdata.pickle
p543
sa(dp544
Vcallset_id
p545
V889be03d-3c5e-4263-9efc-9190146379c6
p546
sVlog_stream_name
p547
V2020/12/28/[$LATEST]3deed78214a44da2ba7004b79eca34ce
p548
sVstdout
p549
V
sVfunc_key
p550
Vpywren.jobs/889be03d-3c5e-4263-9efc-9190146379c6/func.pickle
p551
sVfree_disk_bytes
p552
I538333184
sVruntime_cached
p553
I00
sVretcode
p554
I0
sVcall_id
p555
V00012
p556
sVoutput_key
p557
Vpywren.jobs/889be03d-3c5e-4263-9efc-9190146379c6/00012/output.pickle
p558
sVruntime_s3_key_used
p559
V1238dc-pywren.runtimes/default_2.7.tar.gz.0023
p560
sVaws_request_id
p561
Vd1c4e47c-d2c3-4030-98aa-87392c1106b9
p562
sVexec_time
p563
F26.148699998855591
sVstart_time
p564
F1609150567.322469
sVsetup_time
p565
F6.9468140602111816
sVruntime_s3_bucket_used
p566
Vpywren-runtimes-public-us-west-2
p567
sVexception
p568
NsVhost_submit_time
p569
F1609150566.5648129
sVserver_info
p570
(dp571
Vuname
p572
V('Linux', '169.254.66.149', '4.14.203-112.332.amzn2.x86_64', '#1 SMP Wed Nov 4 20:46:34 UTC 2020', 'x86_64', 'x86_64')
p573
sV/proc/self/cgroup
p574
VMemTotal:        1717184 kB\u000aMemFree:         1119528 kB\u000aMemAvailable:    1486464 kB\u000aBuffers:           17136 kB\u000aCached:           464044 kB\u000aSwapCached:            0 kB\u000aActive:            93924 kB\u000aInactive:         448068 kB\u000aActive(anon):      60804 kB\u000aInactive(anon):      216 kB\u000aActive(file):      33120 kB\u000aInactive(file):   447852 kB\u000aUnevictable:           0 kB\u000aMlocked:               0 kB\u000aSwapTotal:             0 kB\u000aSwapFree:              0 kB\u000aDirty:             10412 kB\u000aWriteback:             0 kB\u000aAnonPages:         60800 kB\u000aMapped:            35136 kB\u000aShmem:               220 kB\u000aSlab:              43244 kB\u000aSReclaimable:      32940 kB\u000aSUnreclaim:        10304 kB\u000aKernelStack:        1152 kB\u000aPageTables:         1340 kB\u000aNFS_Unstable:          0 kB\u000aBounce:                0 kB\u000aWritebackTmp:          0 kB\u000aCommitLimit:      858592 kB\u000aCommitted_AS:     253440 kB\u000aVmallocTotal:   34359738367 kB\u000aVmallocUsed:           0 kB\u000aVmallocChunk:          0 kB\u000aAnonHugePages:         0 kB\u000aShmemHugePages:        0 kB\u000aShmemPmdMapped:        0 kB\u000aHugePages_Total:       0\u000aHugePages_Free:        0\u000aHugePages_Rsvd:        0\u000aHugePages_Surp:        0\u000aHugepagesize:       2048 kB\u000aDirectMap4k:       21504 kB\u000aDirectMap2M:     1740800 kB\u000a
p575
sV/proc/cgroups
p576
V#subsys_name	hierarchy	num_cgroups	enabled\u000acpuset	2	1	1\u000acpu	4	5	1\u000acpuacct	4	5	1\u000ablkio	5	1	1\u000amemory	3	5	1\u000adevices	10	1	1\u000afreezer	9	2	1\u000anet_cls	6	1	1\u000aperf_event	11	1	1\u000anet_prio	6	1	1\u000ahugetlb	8	1	1\u000apids	7	1	1\u000a
p577
sV/proc/cpuinfo
p578
Vprocessor	: 0\u000avendor_id	: GenuineIntel\u000acpu family	: 6\u000amodel		: 63\u000amodel name	: Intel(R) Xeon(R) Processor @ 2.50GHz\u000astepping	: 2\u000amicrocode	: 0x1\u000acpu MHz		: 2500.012\u000acache size	: 36608 KB\u000aphysical id	: 0\u000asiblings	: 2\u000acore id		: 0\u000acpu cores	: 2\u000aapicid		: 0\u000ainitial apicid	: 0\u000afpu		: yes\u000afpu_exception	: yes\u000acpuid level	: 13\u000awp		: yes\u000aflags		: fpu vme de pse tsc msr pae mce cx8 apic sep mtrr pge mca cmov pat pse36 clflush mmx fxsr sse sse2 ht syscall nx rdtscp lm constant_tsc rep_good nopl xtopology nonstop_tsc cpuid tsc_known_freq pni pclmulqdq ssse3 fma cx16 pcid sse4_1 sse4_2 x2apic movbe popcnt tsc_deadline_timer aes xsave avx f16c rdrand hypervisor lahf_lm abm cpuid_fault invpcid_single ssbd ibrs ibpb stibp ibrs_enhanced fsgsbase tsc_adjust bmi1 avx2 smep bmi2 erms invpcid smap xsaveopt arat md_clear arch_capabilities\u000abugs		: spectre_v1 spectre_v2 spec_store_bypass swapgs\u000abogomips	: 5000.02\u000aclflush size	: 64\u000acache_alignment	: 64\u000aaddress sizes	: 46 bits physical, 48 bits virtual\u000apower management:\u000a\u000aprocessor	: 1\u000avendor_id	: GenuineIntel\u000acpu family	: 6\u000amodel		: 63\u000amodel name	: Intel(R) Xeon(R) Processor @ 2.50GHz\u000astepping	: 2\u000amicrocode	: 0x1\u000acpu MHz		: 2500.012\u000acache size	: 36608 KB\u000aphysical id	: 0\u000asiblings	: 2\u000acore id		: 1\u000acpu cores	: 2\u000aapicid		: 1\u000ainitial apicid	: 1\u000afpu		: yes\u000afpu_exception	: yes\u000acpuid level	: 13\u000awp		: yes\u000aflags		: fpu vme de pse tsc msr pae mce cx8 apic sep mtrr pge mca cmov pat pse36 clflush mmx fxsr sse sse2 ht syscall nx rdtscp lm constant_tsc rep_good nopl xtopology nonstop_tsc cpuid tsc_known_freq pni pclmulqdq ssse3 fma cx16 pcid sse4_1 sse4_2 x2apic movbe popcnt tsc_deadline_timer aes xsave avx f16c rdrand hypervisor lahf_lm abm cpuid_fault invpcid_single ssbd ibrs ibpb stibp ibrs_enhanced fsgsbase tsc_adjust bmi1 avx2 smep bmi2 erms invpcid smap xsaveopt arat md_clear arch_capabilities\u000abugs		: spectre_v1 spectre_v2 spec_store_bypass swapgs\u000abogomips	: 5000.02\u000aclflush size	: 64\u000acache_alignment	: 64\u000aaddress sizes	: 46 bits physical, 48 bits virtual\u000apower management:\u000a\u000a
p579
sV/proc/meminfo
p580
VMemTotal:        1717184 kB\u000aMemFree:         1119528 kB\u000aMemAvailable:    1486464 kB\u000aBuffers:           17136 kB\u000aCached:           464044 kB\u000aSwapCached:            0 kB\u000aActive:            93924 kB\u000aInactive:         448068 kB\u000aActive(anon):      60804 kB\u000aInactive(anon):      216 kB\u000aActive(file):      33120 kB\u000aInactive(file):   447852 kB\u000aUnevictable:           0 kB\u000aMlocked:               0 kB\u000aSwapTotal:             0 kB\u000aSwapFree:              0 kB\u000aDirty:             10412 kB\u000aWriteback:             0 kB\u000aAnonPages:         60800 kB\u000aMapped:            35136 kB\u000aShmem:               220 kB\u000aSlab:              43244 kB\u000aSReclaimable:      32940 kB\u000aSUnreclaim:        10304 kB\u000aKernelStack:        1152 kB\u000aPageTables:         1340 kB\u000aNFS_Unstable:          0 kB\u000aBounce:                0 kB\u000aWritebackTmp:          0 kB\u000aCommitLimit:      858592 kB\u000aCommitted_AS:     253440 kB\u000aVmallocTotal:   34359738367 kB\u000aVmallocUsed:           0 kB\u000aVmallocChunk:          0 kB\u000aAnonHugePages:         0 kB\u000aShmemHugePages:        0 kB\u000aShmemPmdMapped:        0 kB\u000aHugePages_Total:       0\u000aHugePages_Free:        0\u000aHugePages_Rsvd:        0\u000aHugePages_Surp:        0\u000aHugepagesize:       2048 kB\u000aDirectMap4k:       21504 kB\u000aDirectMap2M:     1740800 kB\u000a
p581
ssVstatus_key
p582
Vpywren.jobs/889be03d-3c5e-4263-9efc-9190146379c6/00012/status.json
p583
sVend_time
p584
F1609150600.4179771
sVlog_group_name
p585
V/aws/lambda/pywren_redis_2
p586
sVdata_key
p587
Vpywren.jobs/889be03d-3c5e-4263-9efc-9190146379c6/aggdata.pickle
p588
sa(dp589
Vcallset_id
p590
V889be03d-3c5e-4263-9efc-9190146379c6
p591
sVlog_stream_name
p592
V2020/12/28/[$LATEST]3ac776a97ff5485ab48b908ad83ba0b3
p593
sVstdout
p594
V
sVfunc_key
p595
Vpywren.jobs/889be03d-3c5e-4263-9efc-9190146379c6/func.pickle
p596
sVfree_disk_bytes
p597
I538333184
sVruntime_cached
p598
I00
sVretcode
p599
I0
sVcall_id
p600
V00013
p601
sVoutput_key
p602
Vpywren.jobs/889be03d-3c5e-4263-9efc-9190146379c6/00013/output.pickle
p603
sVruntime_s3_key_used
p604
Vef2a98-pywren.runtimes/default_2.7.tar.gz.0053
p605
sVaws_request_id
p606
V3dd9dfd0-9188-435a-af44-576de689ad6b
p607
sVexec_time
p608
F24.175678014755249
sVstart_time
p609
F1609150567.3085101
sVsetup_time
p610
F6.9903299808502197
sVruntime_s3_bucket_used
p611
Vpywren-runtimes-public-us-west-2
p612
sVexception
p613
NsVhost_submit_time
p614
F1609150566.5725739
sVserver_info
p615
(dp616
Vuname
p617
V('Linux', '169.254.37.237', '4.14.203-112.332.amzn2.x86_64', '#1 SMP Wed Nov 4 20:46:34 UTC 2020', 'x86_64', 'x86_64')
p618
sV/proc/self/cgroup
p619
VMemTotal:        1717184 kB\u000aMemFree:         1123200 kB\u000aMemAvailable:    1486844 kB\u000aBuffers:           16348 kB\u000aCached:           461524 kB\u000aSwapCached:            0 kB\u000aActive:            92936 kB\u000aInactive:         445688 kB\u000aActive(anon):      60732 kB\u000aInactive(anon):      216 kB\u000aActive(file):      32204 kB\u000aInactive(file):   445472 kB\u000aUnevictable:           0 kB\u000aMlocked:               0 kB\u000aSwapTotal:             0 kB\u000aSwapFree:              0 kB\u000aDirty:              8772 kB\u000aWriteback:             0 kB\u000aAnonPages:         60676 kB\u000aMapped:            34976 kB\u000aShmem:               220 kB\u000aSlab:              42936 kB\u000aSReclaimable:      32948 kB\u000aSUnreclaim:         9988 kB\u000aKernelStack:        1168 kB\u000aPageTables:         1424 kB\u000aNFS_Unstable:          0 kB\u000aBounce:                0 kB\u000aWritebackTmp:          0 kB\u000aCommitLimit:      858592 kB\u000aCommitted_AS:     252924 kB\u000aVmallocTotal:   34359738367 kB\u000aVmallocUsed:           0 kB\u000aVmallocChunk:          0 kB\u000aAnonHugePages:         0 kB\u000aShmemHugePages:        0 kB\u000aShmemPmdMapped:        0 kB\u000aHugePages_Total:       0\u000aHugePages_Free:        0\u000aHugePages_Rsvd:        0\u000aHugePages_Surp:        0\u000aHugepagesize:       2048 kB\u000aDirectMap4k:       21504 kB\u000aDirectMap2M:     1740800 kB\u000a
p620
sV/proc/cgroups
p621
V#subsys_name	hierarchy	num_cgroups	enabled\u000acpuset	9	1	1\u000acpu	4	5	1\u000acpuacct	4	5	1\u000ablkio	3	1	1\u000amemory	10	5	1\u000adevices	7	1	1\u000afreezer	6	2	1\u000anet_cls	5	1	1\u000aperf_event	2	1	1\u000anet_prio	5	1	1\u000ahugetlb	8	1	1\u000apids	11	1	1\u000a
p622
sV/proc/cpuinfo
p623
Vprocessor	: 0\u000avendor_id	: GenuineIntel\u000acpu family	: 6\u000amodel		: 63\u000amodel name	: Intel(R) Xeon(R) Processor @ 2.50GHz\u000astepping	: 2\u000amicrocode	: 0x1\u000acpu MHz		: 2500.038\u000acache size	: 36608 KB\u000aphysical id	: 0\u000asiblings	: 2\u000acore id		: 0\u000acpu cores	: 2\u000aapicid		: 0\u000ainitial apicid	: 0\u000afpu		: yes\u000afpu_exception	: yes\u000acpuid level	: 13\u000awp		: yes\u000aflags		: fpu vme de pse tsc msr pae mce cx8 apic sep mtrr pge mca cmov pat pse36 clflush mmx fxsr sse sse2 ht syscall nx rdtscp lm constant_tsc rep_good nopl xtopology nonstop_tsc cpuid tsc_known_freq pni pclmulqdq ssse3 fma cx16 pcid sse4_1 sse4_2 x2apic movbe popcnt tsc_deadline_timer aes xsave avx f16c rdrand hypervisor lahf_lm abm cpuid_fault invpcid_single ssbd ibrs ibpb stibp ibrs_enhanced fsgsbase tsc_adjust bmi1 avx2 smep bmi2 erms invpcid smap xsaveopt arat md_clear arch_capabilities\u000abugs		: spectre_v1 spectre_v2 spec_store_bypass swapgs\u000abogomips	: 5000.07\u000aclflush size	: 64\u000acache_alignment	: 64\u000aaddress sizes	: 46 bits physical, 48 bits virtual\u000apower management:\u000a\u000aprocessor	: 1\u000avendor_id	: GenuineIntel\u000acpu family	: 6\u000amodel		: 63\u000amodel name	: Intel(R) Xeon(R) Processor @ 2.50GHz\u000astepping	: 2\u000amicrocode	: 0x1\u000acpu MHz		: 2500.038\u000acache size	: 36608 KB\u000aphysical id	: 0\u000asiblings	: 2\u000acore id		: 1\u000acpu cores	: 2\u000aapicid		: 1\u000ainitial apicid	: 1\u000afpu		: yes\u000afpu_exception	: yes\u000acpuid level	: 13\u000awp		: yes\u000aflags		: fpu vme de pse tsc msr pae mce cx8 apic sep mtrr pge mca cmov pat pse36 clflush mmx fxsr sse sse2 ht syscall nx rdtscp lm constant_tsc rep_good nopl xtopology nonstop_tsc cpuid tsc_known_freq pni pclmulqdq ssse3 fma cx16 pcid sse4_1 sse4_2 x2apic movbe popcnt tsc_deadline_timer aes xsave avx f16c rdrand hypervisor lahf_lm abm cpuid_fault invpcid_single ssbd ibrs ibpb stibp ibrs_enhanced fsgsbase tsc_adjust bmi1 avx2 smep bmi2 erms invpcid smap xsaveopt arat md_clear arch_capabilities\u000abugs		: spectre_v1 spectre_v2 spec_store_bypass swapgs\u000abogomips	: 5000.07\u000aclflush size	: 64\u000acache_alignment	: 64\u000aaddress sizes	: 46 bits physical, 48 bits virtual\u000apower management:\u000a\u000a
p624
sV/proc/meminfo
p625
VMemTotal:        1717184 kB\u000aMemFree:         1123200 kB\u000aMemAvailable:    1486844 kB\u000aBuffers:           16348 kB\u000aCached:           461524 kB\u000aSwapCached:            0 kB\u000aActive:            92936 kB\u000aInactive:         445688 kB\u000aActive(anon):      60732 kB\u000aInactive(anon):      216 kB\u000aActive(file):      32204 kB\u000aInactive(file):   445472 kB\u000aUnevictable:           0 kB\u000aMlocked:               0 kB\u000aSwapTotal:             0 kB\u000aSwapFree:              0 kB\u000aDirty:              8772 kB\u000aWriteback:             0 kB\u000aAnonPages:         60676 kB\u000aMapped:            34976 kB\u000aShmem:               220 kB\u000aSlab:              42936 kB\u000aSReclaimable:      32948 kB\u000aSUnreclaim:         9988 kB\u000aKernelStack:        1168 kB\u000aPageTables:         1424 kB\u000aNFS_Unstable:          0 kB\u000aBounce:                0 kB\u000aWritebackTmp:          0 kB\u000aCommitLimit:      858592 kB\u000aCommitted_AS:     252924 kB\u000aVmallocTotal:   34359738367 kB\u000aVmallocUsed:           0 kB\u000aVmallocChunk:          0 kB\u000aAnonHugePages:         0 kB\u000aShmemHugePages:        0 kB\u000aShmemPmdMapped:        0 kB\u000aHugePages_Total:       0\u000aHugePages_Free:        0\u000aHugePages_Rsvd:        0\u000aHugePages_Surp:        0\u000aHugepagesize:       2048 kB\u000aDirectMap4k:       21504 kB\u000aDirectMap2M:     1740800 kB\u000a
p626
ssVstatus_key
p627
Vpywren.jobs/889be03d-3c5e-4263-9efc-9190146379c6/00013/status.json
p628
sVend_time
p629
F1609150598.4745121
sVlog_group_name
p630
V/aws/lambda/pywren_redis_2
p631
sVdata_key
p632
Vpywren.jobs/889be03d-3c5e-4263-9efc-9190146379c6/aggdata.pickle
p633
sa(dp634
Vcallset_id
p635
V889be03d-3c5e-4263-9efc-9190146379c6
p636
sVlog_stream_name
p637
V2020/12/28/[$LATEST]549b65fc722c436c94be22551d075bf3
p638
sVstdout
p639
V
sVfunc_key
p640
Vpywren.jobs/889be03d-3c5e-4263-9efc-9190146379c6/func.pickle
p641
sVfree_disk_bytes
p642
I538333184
sVruntime_cached
p643
I00
sVretcode
p644
I0
sVcall_id
p645
V00014
p646
sVoutput_key
p647
Vpywren.jobs/889be03d-3c5e-4263-9efc-9190146379c6/00014/output.pickle
p648
sVruntime_s3_key_used
p649
V83f1d4-pywren.runtimes/default_2.7.tar.gz.0024
p650
sVaws_request_id
p651
V42bca676-9530-45d3-8e89-f42c29b25a35
p652
sVexec_time
p653
F36.176944017410278
sVstart_time
p654
F1609150567.322454
sVsetup_time
p655
F7.0502269268035889
sVruntime_s3_bucket_used
p656
Vpywren-runtimes-public-us-west-2
p657
sVexception
p658
NsVhost_submit_time
p659
F1609150566.5750289
sVserver_info
p660
(dp661
Vuname
p662
V('Linux', '169.254.21.21', '4.14.203-112.332.amzn2.x86_64', '#1 SMP Wed Nov 4 20:46:34 UTC 2020', 'x86_64', 'x86_64')
p663
sV/proc/self/cgroup
p664
VMemTotal:        1717184 kB\u000aMemFree:         1121508 kB\u000aMemAvailable:    1486384 kB\u000aBuffers:           17536 kB\u000aCached:           461600 kB\u000aSwapCached:            0 kB\u000aActive:            94664 kB\u000aInactive:         445748 kB\u000aActive(anon):      61268 kB\u000aInactive(anon):      216 kB\u000aActive(file):      33396 kB\u000aInactive(file):   445532 kB\u000aUnevictable:           0 kB\u000aMlocked:               0 kB\u000aSwapTotal:             0 kB\u000aSwapFree:              0 kB\u000aDirty:                84 kB\u000aWriteback:            20 kB\u000aAnonPages:         61232 kB\u000aMapped:            35076 kB\u000aShmem:               220 kB\u000aSlab:              42900 kB\u000aSReclaimable:      32908 kB\u000aSUnreclaim:         9992 kB\u000aKernelStack:        1152 kB\u000aPageTables:         1292 kB\u000aNFS_Unstable:          0 kB\u000aBounce:                0 kB\u000aWritebackTmp:          0 kB\u000aCommitLimit:      858592 kB\u000aCommitted_AS:     253796 kB\u000aVmallocTotal:   34359738367 kB\u000aVmallocUsed:           0 kB\u000aVmallocChunk:          0 kB\u000aAnonHugePages:         0 kB\u000aShmemHugePages:        0 kB\u000aShmemPmdMapped:        0 kB\u000aHugePages_Total:       0\u000aHugePages_Free:        0\u000aHugePages_Rsvd:        0\u000aHugePages_Surp:        0\u000aHugepagesize:       2048 kB\u000aDirectMap4k:       21504 kB\u000aDirectMap2M:     1740800 kB\u000a
p665
sV/proc/cgroups
p666
V#subsys_name	hierarchy	num_cgroups	enabled\u000acpuset	7	1	1\u000acpu	3	5	1\u000acpuacct	3	5	1\u000ablkio	4	1	1\u000amemory	11	5	1\u000adevices	2	1	1\u000afreezer	5	2	1\u000anet_cls	10	1	1\u000aperf_event	9	1	1\u000anet_prio	10	1	1\u000ahugetlb	8	1	1\u000apids	6	1	1\u000a
p667
sV/proc/cpuinfo
p668
