(dp1
S'run_statuses'
p2
(lp3
(dp4
Vcallset_id
p5
V84074f8c-ca48-47e1-92f1-c0cfda792b0a
p6
sVlog_stream_name
p7
V2020/12/28/[$LATEST]75e78def1f3a4dd08564ab7d0e74d5e0
p8
sVstdout
p9
V
sVfunc_key
p10
Vpywren.jobs/84074f8c-ca48-47e1-92f1-c0cfda792b0a/func.pickle
p11
sVfree_disk_bytes
p12
I538333184
sVruntime_cached
p13
I00
sVretcode
p14
I0
sVcall_id
p15
V00000
p16
sVoutput_key
p17
Vpywren.jobs/84074f8c-ca48-47e1-92f1-c0cfda792b0a/00000/output.pickle
p18
sVruntime_s3_key_used
p19
V05f4ec-pywren.runtimes/default_2.7.tar.gz.0098
p20
sVaws_request_id
p21
V1e04260a-e814-45b8-b6f5-87d4dae6b1bf
p22
sVexec_time
p23
F62.357671022415161
sVstart_time
p24
F1609150527.2797821
sVsetup_time
p25
F7.1419658660888672
sVruntime_s3_bucket_used
p26
Vpywren-runtimes-public-us-west-2
p27
sVexception
p28
NsVhost_submit_time
p29
F1609150526.515573
sVserver_info
p30
(dp31
Vuname
p32
V('Linux', '169.254.137.189', '4.14.203-112.332.amzn2.x86_64', '#1 SMP Wed Nov 4 20:46:34 UTC 2020', 'x86_64', 'x86_64')
p33
sV/proc/self/cgroup
p34
VMemTotal:        1717184 kB\u000aMemFree:         1117704 kB\u000aMemAvailable:    1485944 kB\u000aBuffers:           18164 kB\u000aCached:           464332 kB\u000aSwapCached:            0 kB\u000aActive:            95016 kB\u000aInactive:         448368 kB\u000aActive(anon):      60880 kB\u000aInactive(anon):      216 kB\u000aActive(file):      34136 kB\u000aInactive(file):   448152 kB\u000aUnevictable:           0 kB\u000aMlocked:               0 kB\u000aSwapTotal:             0 kB\u000aSwapFree:              0 kB\u000aDirty:               340 kB\u000aWriteback:             0 kB\u000aAnonPages:         60788 kB\u000aMapped:            35496 kB\u000aShmem:               220 kB\u000aSlab:              43276 kB\u000aSReclaimable:      32920 kB\u000aSUnreclaim:        10356 kB\u000aKernelStack:        1168 kB\u000aPageTables:         1428 kB\u000aNFS_Unstable:          0 kB\u000aBounce:                0 kB\u000aWritebackTmp:          0 kB\u000aCommitLimit:      858592 kB\u000aCommitted_AS:     253784 kB\u000aVmallocTotal:   34359738367 kB\u000aVmallocUsed:           0 kB\u000aVmallocChunk:          0 kB\u000aAnonHugePages:         0 kB\u000aShmemHugePages:        0 kB\u000aShmemPmdMapped:        0 kB\u000aHugePages_Total:       0\u000aHugePages_Free:        0\u000aHugePages_Rsvd:        0\u000aHugePages_Surp:        0\u000aHugepagesize:       2048 kB\u000aDirectMap4k:       21504 kB\u000aDirectMap2M:     1740800 kB\u000a
p35
sV/proc/cgroups
p36
V#subsys_name	hierarchy	num_cgroups	enabled\u000acpuset	8	1	1\u000acpu	5	5	1\u000acpuacct	5	5	1\u000ablkio	6	1	1\u000amemory	4	5	1\u000adevices	9	1	1\u000afreezer	2	2	1\u000anet_cls	7	1	1\u000aperf_event	10	1	1\u000anet_prio	7	1	1\u000ahugetlb	11	1	1\u000apids	3	1	1\u000a
p37
sV/proc/cpuinfo
p38
Vprocessor	: 0\u000avendor_id	: GenuineIntel\u000acpu family	: 6\u000amodel		: 63\u000amodel name	: Intel(R) Xeon(R) Processor @ 2.50GHz\u000astepping	: 2\u000amicrocode	: 0x1\u000acpu MHz		: 2500.014\u000acache size	: 33792 KB\u000aphysical id	: 0\u000asiblings	: 2\u000acore id		: 0\u000acpu cores	: 2\u000aapicid		: 0\u000ainitial apicid	: 0\u000afpu		: yes\u000afpu_exception	: yes\u000acpuid level	: 13\u000awp		: yes\u000aflags		: fpu vme de pse tsc msr pae mce cx8 apic sep mtrr pge mca cmov pat pse36 clflush mmx fxsr sse sse2 ht syscall nx rdtscp lm constant_tsc rep_good nopl xtopology nonstop_tsc cpuid tsc_known_freq pni pclmulqdq ssse3 fma cx16 pcid sse4_1 sse4_2 x2apic movbe popcnt tsc_deadline_timer aes xsave avx f16c rdrand hypervisor lahf_lm abm cpuid_fault invpcid_single pti ssbd ibrs ibpb stibp fsgsbase tsc_adjust bmi1 avx2 smep bmi2 erms invpcid smap xsaveopt arat md_clear arch_capabilities\u000abugs		: cpu_meltdown spectre_v1 spectre_v2 spec_store_bypass l1tf mds swapgs\u000abogomips	: 5000.02\u000aclflush size	: 64\u000acache_alignment	: 64\u000aaddress sizes	: 46 bits physical, 48 bits virtual\u000apower management:\u000a\u000aprocessor	: 1\u000avendor_id	: GenuineIntel\u000acpu family	: 6\u000amodel		: 63\u000amodel name	: Intel(R) Xeon(R) Processor @ 2.50GHz\u000astepping	: 2\u000amicrocode	: 0x1\u000acpu MHz		: 2500.014\u000acache size	: 33792 KB\u000aphysical id	: 0\u000asiblings	: 2\u000acore id		: 1\u000acpu cores	: 2\u000aapicid		: 1\u000ainitial apicid	: 1\u000afpu		: yes\u000afpu_exception	: yes\u000acpuid level	: 13\u000awp		: yes\u000aflags		: fpu vme de pse tsc msr pae mce cx8 apic sep mtrr pge mca cmov pat pse36 clflush mmx fxsr sse sse2 ht syscall nx rdtscp lm constant_tsc rep_good nopl xtopology nonstop_tsc cpuid tsc_known_freq pni pclmulqdq ssse3 fma cx16 pcid sse4_1 sse4_2 x2apic movbe popcnt tsc_deadline_timer aes xsave avx f16c rdrand hypervisor lahf_lm abm cpuid_fault invpcid_single pti ssbd ibrs ibpb stibp fsgsbase tsc_adjust bmi1 avx2 smep bmi2 erms invpcid smap xsaveopt arat md_clear arch_capabilities\u000abugs		: cpu_meltdown spectre_v1 spectre_v2 spec_store_bypass l1tf mds swapgs\u000abogomips	: 5000.02\u000aclflush size	: 64\u000acache_alignment	: 64\u000aaddress sizes	: 46 bits physical, 48 bits virtual\u000apower management:\u000a\u000a
p39
sV/proc/meminfo
p40
VMemTotal:        1717184 kB\u000aMemFree:         1117704 kB\u000aMemAvailable:    1485944 kB\u000aBuffers:           18164 kB\u000aCached:           464332 kB\u000aSwapCached:            0 kB\u000aActive:            95016 kB\u000aInactive:         448368 kB\u000aActive(anon):      60880 kB\u000aInactive(anon):      216 kB\u000aActive(file):      34136 kB\u000aInactive(file):   448152 kB\u000aUnevictable:           0 kB\u000aMlocked:               0 kB\u000aSwapTotal:             0 kB\u000aSwapFree:              0 kB\u000aDirty:               340 kB\u000aWriteback:             0 kB\u000aAnonPages:         60788 kB\u000aMapped:            35496 kB\u000aShmem:               220 kB\u000aSlab:              43276 kB\u000aSReclaimable:      32920 kB\u000aSUnreclaim:        10356 kB\u000aKernelStack:        1168 kB\u000aPageTables:         1428 kB\u000aNFS_Unstable:          0 kB\u000aBounce:                0 kB\u000aWritebackTmp:          0 kB\u000aCommitLimit:      858592 kB\u000aCommitted_AS:     253784 kB\u000aVmallocTotal:   34359738367 kB\u000aVmallocUsed:           0 kB\u000aVmallocChunk:          0 kB\u000aAnonHugePages:         0 kB\u000aShmemHugePages:        0 kB\u000aShmemPmdMapped:        0 kB\u000aHugePages_Total:       0\u000aHugePages_Free:        0\u000aHugePages_Rsvd:        0\u000aHugePages_Surp:        0\u000aHugepagesize:       2048 kB\u000aDirectMap4k:       21504 kB\u000aDirectMap2M:     1740800 kB\u000a
p41
ssVstatus_key
p42
Vpywren.jobs/84074f8c-ca48-47e1-92f1-c0cfda792b0a/00000/status.json
p43
sVend_time
p44
F1609150596.779413
sVlog_group_name
p45
V/aws/lambda/pywren_redis_2
p46
sVdata_key
p47
Vpywren.jobs/84074f8c-ca48-47e1-92f1-c0cfda792b0a/aggdata.pickle
p48
sa(dp49
Vcallset_id
p50
V84074f8c-ca48-47e1-92f1-c0cfda792b0a
p51
sVlog_stream_name
p52
V2020/12/28/[$LATEST]919d134f876d4c7b9f8fc828235ad787
p53
sVstdout
p54
V
sVfunc_key
p55
Vpywren.jobs/84074f8c-ca48-47e1-92f1-c0cfda792b0a/func.pickle
p56
sVfree_disk_bytes
p57
I538333184
sVruntime_cached
p58
I00
sVretcode
p59
I0
sVcall_id
p60
V00001
p61
sVoutput_key
p62
Vpywren.jobs/84074f8c-ca48-47e1-92f1-c0cfda792b0a/00001/output.pickle
p63
sVruntime_s3_key_used
p64
V647b0b-pywren.runtimes/default_2.7.tar.gz.0099
p65
sVaws_request_id
p66
V4bccb7d5-819d-4fa1-a06a-14d4d8926475
p67
sVexec_time
p68
F62.617340087890625
sVstart_time
p69
F1609150527.31407
sVsetup_time
p70
F7.1909899711608887
sVruntime_s3_bucket_used
p71
Vpywren-runtimes-public-us-west-2
p72
sVexception
p73
NsVhost_submit_time
p74
F1609150526.5280671
sVserver_info
p75
(dp76
Vuname
p77
V('Linux', '169.254.109.69', '4.14.203-112.332.amzn2.x86_64', '#1 SMP Wed Nov 4 20:46:34 UTC 2020', 'x86_64', 'x86_64')
p78
sV/proc/self/cgroup
p79
VMemTotal:        1717184 kB\u000aMemFree:         1117676 kB\u000aMemAvailable:    1485468 kB\u000aBuffers:           17660 kB\u000aCached:           464400 kB\u000aSwapCached:            0 kB\u000aActive:            95316 kB\u000aInactive:         447968 kB\u000aActive(anon):      61216 kB\u000aInactive(anon):      216 kB\u000aActive(file):      34100 kB\u000aInactive(file):   447752 kB\u000aUnevictable:           0 kB\u000aMlocked:               0 kB\u000aSwapTotal:             0 kB\u000aSwapFree:              0 kB\u000aDirty:               340 kB\u000aWriteback:             0 kB\u000aAnonPages:         61212 kB\u000aMapped:            34912 kB\u000aShmem:               220 kB\u000aSlab:              43284 kB\u000aSReclaimable:      32896 kB\u000aSUnreclaim:        10388 kB\u000aKernelStack:        1152 kB\u000aPageTables:         1340 kB\u000aNFS_Unstable:          0 kB\u000aBounce:                0 kB\u000aWritebackTmp:          0 kB\u000aCommitLimit:      858592 kB\u000aCommitted_AS:     253812 kB\u000aVmallocTotal:   34359738367 kB\u000aVmallocUsed:           0 kB\u000aVmallocChunk:          0 kB\u000aAnonHugePages:         0 kB\u000aShmemHugePages:        0 kB\u000aShmemPmdMapped:        0 kB\u000aHugePages_Total:       0\u000aHugePages_Free:        0\u000aHugePages_Rsvd:        0\u000aHugePages_Surp:        0\u000aHugepagesize:       2048 kB\u000aDirectMap4k:       21504 kB\u000aDirectMap2M:     1740800 kB\u000a
p80
sV/proc/cgroups
p81
V#subsys_name	hierarchy	num_cgroups	enabled\u000acpuset	2	1	1\u000acpu	3	5	1\u000acpuacct	3	5	1\u000ablkio	10	1	1\u000amemory	6	5	1\u000adevices	5	1	1\u000afreezer	7	2	1\u000anet_cls	8	1	1\u000aperf_event	11	1	1\u000anet_prio	8	1	1\u000ahugetlb	4	1	1\u000apids	9	1	1\u000a
p82
sV/proc/cpuinfo
p83
Vprocessor	: 0\u000avendor_id	: GenuineIntel\u000acpu family	: 6\u000amodel		: 63\u000amodel name	: Intel(R) Xeon(R) Processor @ 2.50GHz\u000astepping	: 2\u000amicrocode	: 0x1\u000acpu MHz		: 2500.014\u000acache size	: 33792 KB\u000aphysical id	: 0\u000asiblings	: 2\u000acore id		: 0\u000acpu cores	: 2\u000aapicid		: 0\u000ainitial apicid	: 0\u000afpu		: yes\u000afpu_exception	: yes\u000acpuid level	: 13\u000awp		: yes\u000aflags		: fpu vme de pse tsc msr pae mce cx8 apic sep mtrr pge mca cmov pat pse36 clflush mmx fxsr sse sse2 ht syscall nx rdtscp lm constant_tsc rep_good nopl xtopology nonstop_tsc cpuid tsc_known_freq pni pclmulqdq ssse3 fma cx16 pcid sse4_1 sse4_2 x2apic movbe popcnt tsc_deadline_timer aes xsave avx f16c rdrand hypervisor lahf_lm abm cpuid_fault invpcid_single pti ssbd ibrs ibpb stibp fsgsbase tsc_adjust bmi1 avx2 smep bmi2 erms invpcid smap xsaveopt arat md_clear arch_capabilities\u000abugs		: cpu_meltdown spectre_v1 spectre_v2 spec_store_bypass l1tf mds swapgs\u000abogomips	: 5000.02\u000aclflush size	: 64\u000acache_alignment	: 64\u000aaddress sizes	: 46 bits physical, 48 bits virtual\u000apower management:\u000a\u000aprocessor	: 1\u000avendor_id	: GenuineIntel\u000acpu family	: 6\u000amodel		: 63\u000amodel name	: Intel(R) Xeon(R) Processor @ 2.50GHz\u000astepping	: 2\u000amicrocode	: 0x1\u000acpu MHz		: 2500.014\u000acache size	: 33792 KB\u000aphysical id	: 0\u000asiblings	: 2\u000acore id		: 1\u000acpu cores	: 2\u000aapicid		: 1\u000ainitial apicid	: 1\u000afpu		: yes\u000afpu_exception	: yes\u000acpuid level	: 13\u000awp		: yes\u000aflags		: fpu vme de pse tsc msr pae mce cx8 apic sep mtrr pge mca cmov pat pse36 clflush mmx fxsr sse sse2 ht syscall nx rdtscp lm constant_tsc rep_good nopl xtopology nonstop_tsc cpuid tsc_known_freq pni pclmulqdq ssse3 fma cx16 pcid sse4_1 sse4_2 x2apic movbe popcnt tsc_deadline_timer aes xsave avx f16c rdrand hypervisor lahf_lm abm cpuid_fault invpcid_single pti ssbd ibrs ibpb stibp fsgsbase tsc_adjust bmi1 avx2 smep bmi2 erms invpcid smap xsaveopt arat md_clear arch_capabilities\u000abugs		: cpu_meltdown spectre_v1 spectre_v2 spec_store_bypass l1tf mds swapgs\u000abogomips	: 5000.02\u000aclflush size	: 64\u000acache_alignment	: 64\u000aaddress sizes	: 46 bits physical, 48 bits virtual\u000apower management:\u000a\u000a
p84
sV/proc/meminfo
p85
VMemTotal:        1717184 kB\u000aMemFree:         1117676 kB\u000aMemAvailable:    1485468 kB\u000aBuffers:           17660 kB\u000aCached:           464400 kB\u000aSwapCached:            0 kB\u000aActive:            95316 kB\u000aInactive:         447968 kB\u000aActive(anon):      61216 kB\u000aInactive(anon):      216 kB\u000aActive(file):      34100 kB\u000aInactive(file):   447752 kB\u000aUnevictable:           0 kB\u000aMlocked:               0 kB\u000aSwapTotal:             0 kB\u000aSwapFree:              0 kB\u000aDirty:               340 kB\u000aWriteback:             0 kB\u000aAnonPages:         61212 kB\u000aMapped:            34912 kB\u000aShmem:               220 kB\u000aSlab:              43284 kB\u000aSReclaimable:      32896 kB\u000aSUnreclaim:        10388 kB\u000aKernelStack:        1152 kB\u000aPageTables:         1340 kB\u000aNFS_Unstable:          0 kB\u000aBounce:                0 kB\u000aWritebackTmp:          0 kB\u000aCommitLimit:      858592 kB\u000aCommitted_AS:     253812 kB\u000aVmallocTotal:   34359738367 kB\u000aVmallocUsed:           0 kB\u000aVmallocChunk:          0 kB\u000aAnonHugePages:         0 kB\u000aShmemHugePages:        0 kB\u000aShmemPmdMapped:        0 kB\u000aHugePages_Total:       0\u000aHugePages_Free:        0\u000aHugePages_Rsvd:        0\u000aHugePages_Surp:        0\u000aHugepagesize:       2048 kB\u000aDirectMap4k:       21504 kB\u000aDirectMap2M:     1740800 kB\u000a
p86
ssVstatus_key
p87
Vpywren.jobs/84074f8c-ca48-47e1-92f1-c0cfda792b0a/00001/status.json
p88
sVend_time
p89
F1609150597.122396
sVlog_group_name
p90
V/aws/lambda/pywren_redis_2
p91
sVdata_key
p92
Vpywren.jobs/84074f8c-ca48-47e1-92f1-c0cfda792b0a/aggdata.pickle
p93
sa(dp94
Vcallset_id
p95
V84074f8c-ca48-47e1-92f1-c0cfda792b0a
p96
sVlog_stream_name
p97
V2020/12/28/[$LATEST]58ef527afbaf495b8512b686157580f6
p98
sVstdout
p99
V
sVfunc_key
p100
Vpywren.jobs/84074f8c-ca48-47e1-92f1-c0cfda792b0a/func.pickle
p101
sVfree_disk_bytes
p102
I538333184
sVruntime_cached
p103
I00
sVretcode
p104
I0
sVcall_id
p105
V00002
p106
sVoutput_key
p107
Vpywren.jobs/84074f8c-ca48-47e1-92f1-c0cfda792b0a/00002/output.pickle
p108
sVruntime_s3_key_used
p109
Vbe2299-pywren.runtimes/default_2.7.tar.gz.0080
p110
sVaws_request_id
p111
Vb4770cd0-ef73-4c5e-a6c7-0a47400eb195
p112
sVexec_time
p113
F66.476069927215576
sVstart_time
p114
F1609150527.3013339
sVsetup_time
p115
F7.0762450695037842
sVruntime_s3_bucket_used
p116
Vpywren-runtimes-public-us-west-2
p117
sVexception
p118
NsVhost_submit_time
p119
F1609150526.5174651
sVserver_info
p120
(dp121
Vuname
p122
V('Linux', '169.254.1.221', '4.14.203-112.332.amzn2.x86_64', '#1 SMP Wed Nov 4 20:46:34 UTC 2020', 'x86_64', 'x86_64')
p123
sV/proc/self/cgroup
p124
VMemTotal:        1717184 kB\u000aMemFree:         1125380 kB\u000aMemAvailable:    1485936 kB\u000aBuffers:           14280 kB\u000aCached:           460616 kB\u000aSwapCached:            0 kB\u000aActive:            90988 kB\u000aInactive:         444704 kB\u000aActive(anon):      60792 kB\u000aInactive(anon):      216 kB\u000aActive(file):      30196 kB\u000aInactive(file):   444488 kB\u000aUnevictable:           0 kB\u000aMlocked:               0 kB\u000aSwapTotal:             0 kB\u000aSwapFree:              0 kB\u000aDirty:               144 kB\u000aWriteback:             0 kB\u000aAnonPages:         60736 kB\u000aMapped:            34360 kB\u000aShmem:               220 kB\u000aSlab:              43548 kB\u000aSReclaimable:      32756 kB\u000aSUnreclaim:        10792 kB\u000aKernelStack:        1168 kB\u000aPageTables:         1284 kB\u000aNFS_Unstable:          0 kB\u000aBounce:                0 kB\u000aWritebackTmp:          0 kB\u000aCommitLimit:      858592 kB\u000aCommitted_AS:     251740 kB\u000aVmallocTotal:   34359738367 kB\u000aVmallocUsed:           0 kB\u000aVmallocChunk:          0 kB\u000aAnonHugePages:         0 kB\u000aShmemHugePages:        0 kB\u000aShmemPmdMapped:        0 kB\u000aHugePages_Total:       0\u000aHugePages_Free:        0\u000aHugePages_Rsvd:        0\u000aHugePages_Surp:        0\u000aHugepagesize:       2048 kB\u000aDirectMap4k:       23552 kB\u000aDirectMap2M:     1738752 kB\u000a
p125
sV/proc/cgroups
p126
V#subsys_name	hierarchy	num_cgroups	enabled\u000acpuset	11	1	1\u000acpu	5	5	1\u000acpuacct	5	5	1\u000ablkio	3	1	1\u000amemory	2	5	1\u000adevices	10	1	1\u000afreezer	6	2	1\u000anet_cls	4	1	1\u000aperf_event	9	1	1\u000anet_prio	4	1	1\u000ahugetlb	8	1	1\u000apids	7	1	1\u000a
p127
sV/proc/cpuinfo
p128
Vprocessor	: 0\u000avendor_id	: GenuineIntel\u000acpu family	: 6\u000amodel		: 63\u000amodel name	: Intel(R) Xeon(R) Processor @ 2.50GHz\u000astepping	: 2\u000amicrocode	: 0x1\u000acpu MHz		: 2500.018\u000acache size	: 33792 KB\u000aphysical id	: 0\u000asiblings	: 2\u000acore id		: 0\u000acpu cores	: 2\u000aapicid		: 0\u000ainitial apicid	: 0\u000afpu		: yes\u000afpu_exception	: yes\u000acpuid level	: 13\u000awp		: yes\u000aflags		: fpu vme de pse tsc msr pae mce cx8 apic sep mtrr pge mca cmov pat pse36 clflush mmx fxsr sse sse2 ht syscall nx rdtscp lm constant_tsc rep_good nopl xtopology nonstop_tsc cpuid tsc_known_freq pni pclmulqdq ssse3 fma cx16 pcid sse4_1 sse4_2 x2apic movbe popcnt tsc_deadline_timer aes xsave avx f16c rdrand hypervisor lahf_lm abm cpuid_fault invpcid_single pti ssbd ibrs ibpb stibp fsgsbase tsc_adjust bmi1 avx2 smep bmi2 erms invpcid smap xsaveopt arat md_clear arch_capabilities\u000abugs		: cpu_meltdown spectre_v1 spectre_v2 spec_store_bypass l1tf mds swapgs\u000abogomips	: 5000.03\u000aclflush size	: 64\u000acache_alignment	: 64\u000aaddress sizes	: 46 bits physical, 48 bits virtual\u000apower management:\u000a\u000aprocessor	: 1\u000avendor_id	: GenuineIntel\u000acpu family	: 6\u000amodel		: 63\u000amodel name	: Intel(R) Xeon(R) Processor @ 2.50GHz\u000astepping	: 2\u000amicrocode	: 0x1\u000acpu MHz		: 2500.018\u000acache size	: 33792 KB\u000aphysical id	: 0\u000asiblings	: 2\u000acore id		: 1\u000acpu cores	: 2\u000aapicid		: 1\u000ainitial apicid	: 1\u000afpu		: yes\u000afpu_exception	: yes\u000acpuid level	: 13\u000awp		: yes\u000aflags		: fpu vme de pse tsc msr pae mce cx8 apic sep mtrr pge mca cmov pat pse36 clflush mmx fxsr sse sse2 ht syscall nx rdtscp lm constant_tsc rep_good nopl xtopology nonstop_tsc cpuid tsc_known_freq pni pclmulqdq ssse3 fma cx16 pcid sse4_1 sse4_2 x2apic movbe popcnt tsc_deadline_timer aes xsave avx f16c rdrand hypervisor lahf_lm abm cpuid_fault invpcid_single pti ssbd ibrs ibpb stibp fsgsbase tsc_adjust bmi1 avx2 smep bmi2 erms invpcid smap xsaveopt arat md_clear arch_capabilities\u000abugs		: cpu_meltdown spectre_v1 spectre_v2 spec_store_bypass l1tf mds swapgs\u000abogomips	: 5000.03\u000aclflush size	: 64\u000acache_alignment	: 64\u000aaddress sizes	: 46 bits physical, 48 bits virtual\u000apower management:\u000a\u000a
p129
sV/proc/meminfo
p130
VMemTotal:        1717184 kB\u000aMemFree:         1125380 kB\u000aMemAvailable:    1485936 kB\u000aBuffers:           14280 kB\u000aCached:           460616 kB\u000aSwapCached:            0 kB\u000aActive:            90988 kB\u000aInactive:         444704 kB\u000aActive(anon):      60792 kB\u000aInactive(anon):      216 kB\u000aActive(file):      30196 kB\u000aInactive(file):   444488 kB\u000aUnevictable:           0 kB\u000aMlocked:               0 kB\u000aSwapTotal:             0 kB\u000aSwapFree:              0 kB\u000aDirty:               144 kB\u000aWriteback:             0 kB\u000aAnonPages:         60736 kB\u000aMapped:            34360 kB\u000aShmem:               220 kB\u000aSlab:              43548 kB\u000aSReclaimable:      32756 kB\u000aSUnreclaim:        10792 kB\u000aKernelStack:        1168 kB\u000aPageTables:         1284 kB\u000aNFS_Unstable:          0 kB\u000aBounce:                0 kB\u000aWritebackTmp:          0 kB\u000aCommitLimit:      858592 kB\u000aCommitted_AS:     251740 kB\u000aVmallocTotal:   34359738367 kB\u000aVmallocUsed:           0 kB\u000aVmallocChunk:          0 kB\u000aAnonHugePages:         0 kB\u000aShmemHugePages:        0 kB\u000aShmemPmdMapped:        0 kB\u000aHugePages_Total:       0\u000aHugePages_Free:        0\u000aHugePages_Rsvd:        0\u000aHugePages_Surp:        0\u000aHugepagesize:       2048 kB\u000aDirectMap4k:       23552 kB\u000aDirectMap2M:     1738752 kB\u000a
p131
ssVstatus_key
p132
Vpywren.jobs/84074f8c-ca48-47e1-92f1-c0cfda792b0a/00002/status.json
p133
sVend_time
p134
F1609150600.8536439
sVlog_group_name
p135
V/aws/lambda/pywren_redis_2
p136
sVdata_key
p137
Vpywren.jobs/84074f8c-ca48-47e1-92f1-c0cfda792b0a/aggdata.pickle
p138
sa(dp139
Vcallset_id
p140
V84074f8c-ca48-47e1-92f1-c0cfda792b0a
p141
sVlog_stream_name
p142
V2020/12/28/[$LATEST]dcf37fb8c642447cb5c3bccc09f2a822
p143
sVstdout
p144
V
sVfunc_key
p145
Vpywren.jobs/84074f8c-ca48-47e1-92f1-c0cfda792b0a/func.pickle
p146
sVfree_disk_bytes
p147
I538333184
sVruntime_cached
p148
I00
sVretcode
p149
I0
sVcall_id
p150
V00003
p151
sVoutput_key
p152
Vpywren.jobs/84074f8c-ca48-47e1-92f1-c0cfda792b0a/00003/output.pickle
p153
sVruntime_s3_key_used
p154
V38d1b2-pywren.runtimes/default_2.7.tar.gz.0079
p155
sVaws_request_id
p156
V84b7b554-680a-4773-a6da-233e47369a94
p157
sVexec_time
p158
F75.237843036651611
sVstart_time
p159
F1609150527.331054
sVsetup_time
p160
F8.1610069274902344
sVruntime_s3_bucket_used
p161
Vpywren-runtimes-public-us-west-2
p162
sVexception
p163
NsVhost_submit_time
p164
F1609150526.5303199
sVserver_info
p165
(dp166
Vuname
p167
V('Linux', '169.254.73.29', '4.14.203-112.332.amzn2.x86_64', '#1 SMP Wed Nov 4 20:46:34 UTC 2020', 'x86_64', 'x86_64')
p168
sV/proc/self/cgroup
p169
VMemTotal:        1717184 kB\u000aMemFree:         1114820 kB\u000aMemAvailable:    1485816 kB\u000aBuffers:           19240 kB\u000aCached:           465892 kB\u000aSwapCached:            0 kB\u000aActive:            97648 kB\u000aInactive:         448680 kB\u000aActive(anon):      61188 kB\u000aInactive(anon):      216 kB\u000aActive(file):      36460 kB\u000aInactive(file):   448464 kB\u000aUnevictable:           0 kB\u000aMlocked:               0 kB\u000aSwapTotal:             0 kB\u000aSwapFree:              0 kB\u000aDirty:                 8 kB\u000aWriteback:             0 kB\u000aAnonPages:         61184 kB\u000aMapped:            35748 kB\u000aShmem:               220 kB\u000aSlab:              43540 kB\u000aSReclaimable:      33156 kB\u000aSUnreclaim:        10384 kB\u000aKernelStack:        1152 kB\u000aPageTables:         1328 kB\u000aNFS_Unstable:          0 kB\u000aBounce:                0 kB\u000aWritebackTmp:          0 kB\u000aCommitLimit:      858592 kB\u000aCommitted_AS:     252116 kB\u000aVmallocTotal:   34359738367 kB\u000aVmallocUsed:           0 kB\u000aVmallocChunk:          0 kB\u000aAnonHugePages:         0 kB\u000aShmemHugePages:        0 kB\u000aShmemPmdMapped:        0 kB\u000aHugePages_Total:       0\u000aHugePages_Free:        0\u000aHugePages_Rsvd:        0\u000aHugePages_Surp:        0\u000aHugepagesize:       2048 kB\u000aDirectMap4k:       19456 kB\u000aDirectMap2M:     1742848 kB\u000a
p170
sV/proc/cgroups
p171
V#subsys_name	hierarchy	num_cgroups	enabled\u000acpuset	10	1	1\u000acpu	3	5	1\u000acpuacct	3	5	1\u000ablkio	5	1	1\u000amemory	9	5	1\u000adevices	11	1	1\u000afreezer	6	2	1\u000anet_cls	4	1	1\u000aperf_event	7	1	1\u000anet_prio	4	1	1\u000ahugetlb	8	1	1\u000apids	2	1	1\u000a
p172
sV/proc/cpuinfo
p173
Vprocessor	: 0\u000avendor_id	: GenuineIntel\u000acpu family	: 6\u000amodel		: 63\u000amodel name	: Intel(R) Xeon(R) Processor @ 2.50GHz\u000astepping	: 2\u000amicrocode	: 0x1\u000acpu MHz		: 2500.012\u000acache size	: 33792 KB\u000aphysical id	: 0\u000asiblings	: 2\u000acore id		: 0\u000acpu cores	: 2\u000aapicid		: 0\u000ainitial apicid	: 0\u000afpu		: yes\u000afpu_exception	: yes\u000acpuid level	: 13\u000awp		: yes\u000aflags		: fpu vme de pse tsc msr pae mce cx8 apic sep mtrr pge mca cmov pat pse36 clflush mmx fxsr sse sse2 ht syscall nx rdtscp lm constant_tsc rep_good nopl xtopology nonstop_tsc cpuid tsc_known_freq pni pclmulqdq ssse3 fma cx16 pcid sse4_1 sse4_2 x2apic movbe popcnt tsc_deadline_timer aes xsave avx f16c rdrand hypervisor lahf_lm abm cpuid_fault invpcid_single pti ssbd ibrs ibpb stibp fsgsbase tsc_adjust bmi1 avx2 smep bmi2 erms invpcid smap xsaveopt arat md_clear arch_capabilities\u000abugs		: cpu_meltdown spectre_v1 spectre_v2 spec_store_bypass l1tf mds swapgs\u000abogomips	: 5000.02\u000aclflush size	: 64\u000acache_alignment	: 64\u000aaddress sizes	: 46 bits physical, 48 bits virtual\u000apower management:\u000a\u000aprocessor	: 1\u000avendor_id	: GenuineIntel\u000acpu family	: 6\u000amodel		: 63\u000amodel name	: Intel(R) Xeon(R) Processor @ 2.50GHz\u000astepping	: 2\u000amicrocode	: 0x1\u000acpu MHz		: 2500.012\u000acache size	: 33792 KB\u000aphysical id	: 0\u000asiblings	: 2\u000acore id		: 1\u000acpu cores	: 2\u000aapicid		: 1\u000ainitial apicid	: 1\u000afpu		: yes\u000afpu_exception	: yes\u000acpuid level	: 13\u000awp		: yes\u000aflags		: fpu vme de pse tsc msr pae mce cx8 apic sep mtrr pge mca cmov pat pse36 clflush mmx fxsr sse sse2 ht syscall nx rdtscp lm constant_tsc rep_good nopl xtopology nonstop_tsc cpuid tsc_known_freq pni pclmulqdq ssse3 fma cx16 pcid sse4_1 sse4_2 x2apic movbe popcnt tsc_deadline_timer aes xsave avx f16c rdrand hypervisor lahf_lm abm cpuid_fault invpcid_single pti ssbd ibrs ibpb stibp fsgsbase tsc_adjust bmi1 avx2 smep bmi2 erms invpcid smap xsaveopt arat md_clear arch_capabilities\u000abugs		: cpu_meltdown spectre_v1 spectre_v2 spec_store_bypass l1tf mds swapgs\u000abogomips	: 5000.02\u000aclflush size	: 64\u000acache_alignment	: 64\u000aaddress sizes	: 46 bits physical, 48 bits virtual\u000apower management:\u000a\u000a
p174
sV/proc/meminfo
p175
VMemTotal:        1717184 kB\u000aMemFree:         1114820 kB\u000aMemAvailable:    1485816 kB\u000aBuffers:           19240 kB\u000aCached:           465892 kB\u000aSwapCached:            0 kB\u000aActive:            97648 kB\u000aInactive:         448680 kB\u000aActive(anon):      61188 kB\u000aInactive(anon):      216 kB\u000aActive(file):      36460 kB\u000aInactive(file):   448464 kB\u000aUnevictable:           0 kB\u000aMlocked:               0 kB\u000aSwapTotal:             0 kB\u000aSwapFree:              0 kB\u000aDirty:                 8 kB\u000aWriteback:             0 kB\u000aAnonPages:         61184 kB\u000aMapped:            35748 kB\u000aShmem:               220 kB\u000aSlab:              43540 kB\u000aSReclaimable:      33156 kB\u000aSUnreclaim:        10384 kB\u000aKernelStack:        1152 kB\u000aPageTables:         1328 kB\u000aNFS_Unstable:          0 kB\u000aBounce:                0 kB\u000aWritebackTmp:          0 kB\u000aCommitLimit:      858592 kB\u000aCommitted_AS:     252116 kB\u000aVmallocTotal:   34359738367 kB\u000aVmallocUsed:           0 kB\u000aVmallocChunk:          0 kB\u000aAnonHugePages:         0 kB\u000aShmemHugePages:        0 kB\u000aShmemPmdMapped:        0 kB\u000aHugePages_Total:       0\u000aHugePages_Free:        0\u000aHugePages_Rsvd:        0\u000aHugePages_Surp:        0\u000aHugepagesize:       2048 kB\u000aDirectMap4k:       19456 kB\u000aDirectMap2M:     1742848 kB\u000a
p176
ssVstatus_key
p177
Vpywren.jobs/84074f8c-ca48-47e1-92f1-c0cfda792b0a/00003/status.json
p178
sVend_time
p179
F1609150610.729898
sVlog_group_name
p180
V/aws/lambda/pywren_redis_2
p181
sVdata_key
p182
Vpywren.jobs/84074f8c-ca48-47e1-92f1-c0cfda792b0a/aggdata.pickle
p183
sa(dp184
Vcallset_id
p185
V84074f8c-ca48-47e1-92f1-c0cfda792b0a
p186
sVlog_stream_name
p187
V2020/12/28/[$LATEST]68ba9b6a497f4592880d8650c4c0b5ed
p188
sVstdout
p189
V
sVfunc_key
p190
Vpywren.jobs/84074f8c-ca48-47e1-92f1-c0cfda792b0a/func.pickle
p191
sVfree_disk_bytes
p192
I538333184
sVruntime_cached
p193
I00
sVretcode
p194
I0
sVcall_id
p195
V00004
p196
sVoutput_key
p197
Vpywren.jobs/84074f8c-ca48-47e1-92f1-c0cfda792b0a/00004/output.pickle
p198
sVruntime_s3_key_used
p199
V6fb970-pywren.runtimes/default_2.7.tar.gz.0026
p200
sVaws_request_id
p201
V7c166b86-9c54-4700-817b-fdbd1890ec6c
p202
sVexec_time
p203
F76.441180944442749
sVstart_time
p204
F1609150527.252435
sVsetup_time
p205
F8.0741729736328125
sVruntime_s3_bucket_used
p206
Vpywren-runtimes-public-us-west-2
p207
sVexception
p208
NsVhost_submit_time
p209
F1609150526.538924
sVserver_info
p210
(dp211
Vuname
p212
V('Linux', '169.254.46.253', '4.14.203-112.332.amzn2.x86_64', '#1 SMP Wed Nov 4 20:46:34 UTC 2020', 'x86_64', 'x86_64')
p213
sV/proc/self/cgroup
p214
VMemTotal:        1717184 kB\u000aMemFree:         1120628 kB\u000aMemAvailable:    1486424 kB\u000aBuffers:           16784 kB\u000aCached:           463260 kB\u000aSwapCached:            0 kB\u000aActive:            93604 kB\u000aInactive:         447328 kB\u000aActive(anon):      60880 kB\u000aInactive(anon):      216 kB\u000aActive(file):      32724 kB\u000aInactive(file):   447112 kB\u000aUnevictable:           0 kB\u000aMlocked:               0 kB\u000aSwapTotal:             0 kB\u000aSwapFree:              0 kB\u000aDirty:               232 kB\u000aWriteback:             0 kB\u000aAnonPages:         60876 kB\u000aMapped:            34596 kB\u000aShmem:               220 kB\u000aSlab:              43104 kB\u000aSReclaimable:      32936 kB\u000aSUnreclaim:        10168 kB\u000aKernelStack:        1152 kB\u000aPageTables:         1344 kB\u000aNFS_Unstable:          0 kB\u000aBounce:                0 kB\u000aWritebackTmp:          0 kB\u000aCommitLimit:      858592 kB\u000aCommitted_AS:     251688 kB\u000aVmallocTotal:   34359738367 kB\u000aVmallocUsed:           0 kB\u000aVmallocChunk:          0 kB\u000aAnonHugePages:         0 kB\u000aShmemHugePages:        0 kB\u000aShmemPmdMapped:        0 kB\u000aHugePages_Total:       0\u000aHugePages_Free:        0\u000aHugePages_Rsvd:        0\u000aHugePages_Surp:        0\u000aHugepagesize:       2048 kB\u000aDirectMap4k:       19456 kB\u000aDirectMap2M:     1742848 kB\u000a
p215
sV/proc/cgroups
p216
V#subsys_name	hierarchy	num_cgroups	enabled\u000acpuset	2	1	1\u000acpu	10	5	1\u000acpuacct	10	5	1\u000ablkio	3	1	1\u000amemory	11	5	1\u000adevices	8	1	1\u000afreezer	4	2	1\u000anet_cls	5	1	1\u000aperf_event	6	1	1\u000anet_prio	5	1	1\u000ahugetlb	9	1	1\u000apids	7	1	1\u000a
p217
sV/proc/cpuinfo
p218
Vprocessor	: 0\u000avendor_id	: GenuineIntel\u000acpu family	: 6\u000amodel		: 63\u000amodel name	: Intel(R) Xeon(R) Processor @ 2.50GHz\u000astepping	: 2\u000amicrocode	: 0x1\u000acpu MHz		: 2500.008\u000acache size	: 36608 KB\u000aphysical id	: 0\u000asiblings	: 2\u000acore id		: 0\u000acpu cores	: 2\u000aapicid		: 0\u000ainitial apicid	: 0\u000afpu		: yes\u000afpu_exception	: yes\u000acpuid level	: 13\u000awp		: yes\u000aflags		: fpu vme de pse tsc msr pae mce cx8 apic sep mtrr pge mca cmov pat pse36 clflush mmx fxsr sse sse2 ht syscall nx rdtscp lm constant_tsc rep_good nopl xtopology nonstop_tsc cpuid tsc_known_freq pni pclmulqdq ssse3 fma cx16 pcid sse4_1 sse4_2 x2apic movbe popcnt tsc_deadline_timer aes xsave avx f16c rdrand hypervisor lahf_lm abm cpuid_fault invpcid_single ssbd ibrs ibpb stibp ibrs_enhanced fsgsbase tsc_adjust bmi1 avx2 smep bmi2 erms invpcid smap xsaveopt arat md_clear arch_capabilities\u000abugs		: spectre_v1 spectre_v2 spec_store_bypass swapgs\u000abogomips	: 5000.01\u000aclflush size	: 64\u000acache_alignment	: 64\u000aaddress sizes	: 46 bits physical, 48 bits virtual\u000apower management:\u000a\u000aprocessor	: 1\u000avendor_id	: GenuineIntel\u000acpu family	: 6\u000amodel		: 63\u000amodel name	: Intel(R) Xeon(R) Processor @ 2.50GHz\u000astepping	: 2\u000amicrocode	: 0x1\u000acpu MHz		: 2500.008\u000acache size	: 36608 KB\u000aphysical id	: 0\u000asiblings	: 2\u000acore id		: 1\u000acpu cores	: 2\u000aapicid		: 1\u000ainitial apicid	: 1\u000afpu		: yes\u000afpu_exception	: yes\u000acpuid level	: 13\u000awp		: yes\u000aflags		: fpu vme de pse tsc msr pae mce cx8 apic sep mtrr pge mca cmov pat pse36 clflush mmx fxsr sse sse2 ht syscall nx rdtscp lm constant_tsc rep_good nopl xtopology nonstop_tsc cpuid tsc_known_freq pni pclmulqdq ssse3 fma cx16 pcid sse4_1 sse4_2 x2apic movbe popcnt tsc_deadline_timer aes xsave avx f16c rdrand hypervisor lahf_lm abm cpuid_fault invpcid_single ssbd ibrs ibpb stibp ibrs_enhanced fsgsbase tsc_adjust bmi1 avx2 smep bmi2 erms invpcid smap xsaveopt arat md_clear arch_capabilities\u000abugs		: spectre_v1 spectre_v2 spec_store_bypass swapgs\u000abogomips	: 5000.01\u000aclflush size	: 64\u000acache_alignment	: 64\u000aaddress sizes	: 46 bits physical, 48 bits virtual\u000apower management:\u000a\u000a
p219
sV/proc/meminfo
p220
VMemTotal:        1717184 kB\u000aMemFree:         1120628 kB\u000aMemAvailable:    1486424 kB\u000aBuffers:           16784 kB\u000aCached:           463260 kB\u000aSwapCached:            0 kB\u000aActive:            93604 kB\u000aInactive:         447328 kB\u000aActive(anon):      60880 kB\u000aInactive(anon):      216 kB\u000aActive(file):      32724 kB\u000aInactive(file):   447112 kB\u000aUnevictable:           0 kB\u000aMlocked:               0 kB\u000aSwapTotal:             0 kB\u000aSwapFree:              0 kB\u000aDirty:               232 kB\u000aWriteback:             0 kB\u000aAnonPages:         60876 kB\u000aMapped:            34596 kB\u000aShmem:               220 kB\u000aSlab:              43104 kB\u000aSReclaimable:      32936 kB\u000aSUnreclaim:        10168 kB\u000aKernelStack:        1152 kB\u000aPageTables:         1344 kB\u000aNFS_Unstable:          0 kB\u000aBounce:                0 kB\u000aWritebackTmp:          0 kB\u000aCommitLimit:      858592 kB\u000aCommitted_AS:     251688 kB\u000aVmallocTotal:   34359738367 kB\u000aVmallocUsed:           0 kB\u000aVmallocChunk:          0 kB\u000aAnonHugePages:         0 kB\u000aShmemHugePages:        0 kB\u000aShmemPmdMapped:        0 kB\u000aHugePages_Total:       0\u000aHugePages_Free:        0\u000aHugePages_Rsvd:        0\u000aHugePages_Surp:        0\u000aHugepagesize:       2048 kB\u000aDirectMap4k:       19456 kB\u000aDirectMap2M:     1742848 kB\u000a
p221
ssVstatus_key
p222
Vpywren.jobs/84074f8c-ca48-47e1-92f1-c0cfda792b0a/00004/status.json
p223
sVend_time
p224
F1609150611.767781
sVlog_group_name
p225
V/aws/lambda/pywren_redis_2
p226
sVdata_key
p227
Vpywren.jobs/84074f8c-ca48-47e1-92f1-c0cfda792b0a/aggdata.pickle
p228
sa(dp229
Vcallset_id
p230
V84074f8c-ca48-47e1-92f1-c0cfda792b0a
p231
sVlog_stream_name
p232
V2020/12/28/[$LATEST]4fa607040d974066beb8b8c794b6fef6
p233
sVstdout
p234
V
sVfunc_key
p235
Vpywren.jobs/84074f8c-ca48-47e1-92f1-c0cfda792b0a/func.pickle
p236
sVfree_disk_bytes
p237
I538333184
sVruntime_cached
p238
I00
sVretcode
p239
I0
sVcall_id
p240
V00005
p241
sVoutput_key
p242
Vpywren.jobs/84074f8c-ca48-47e1-92f1-c0cfda792b0a/00005/output.pickle
p243
sVruntime_s3_key_used
p244
V7da364-pywren.runtimes/default_2.7.tar.gz.0055
p245
sVaws_request_id
p246
Ve0c5acf1-6b52-49fe-a6e2-ce65ddef2bb9
p247
sVexec_time
p248
F62.325926065444946
sVstart_time
p249
F1609150527.2957449
sVsetup_time
p250
F7.1841781139373779
sVruntime_s3_bucket_used
p251
Vpywren-runtimes-public-us-west-2
p252
sVexception
p253
NsVhost_submit_time
p254
F1609150526.542907
sVserver_info
p255
(dp256
Vuname
p257
V('Linux', '169.254.191.245', '4.14.203-112.332.amzn2.x86_64', '#1 SMP Wed Nov 4 20:46:34 UTC 2020', 'x86_64', 'x86_64')
p258
sV/proc/self/cgroup
p259
VMemTotal:        1717184 kB\u000aMemFree:         1118488 kB\u000aMemAvailable:    1485616 kB\u000aBuffers:           17008 kB\u000aCached:           464308 kB\u000aSwapCached:            0 kB\u000aActive:            94628 kB\u000aInactive:         447856 kB\u000aActive(anon):      61164 kB\u000aInactive(anon):      212 kB\u000aActive(file):      33464 kB\u000aInactive(file):   447644 kB\u000aUnevictable:           0 kB\u000aMlocked:               0 kB\u000aSwapTotal:             0 kB\u000aSwapFree:              0 kB\u000aDirty:               136 kB\u000aWriteback:             0 kB\u000aAnonPages:         61188 kB\u000aMapped:            34900 kB\u000aShmem:               220 kB\u000aSlab:              43296 kB\u000aSReclaimable:      33052 kB\u000aSUnreclaim:        10244 kB\u000aKernelStack:        1152 kB\u000aPageTables:         1328 kB\u000aNFS_Unstable:          0 kB\u000aBounce:                0 kB\u000aWritebackTmp:          0 kB\u000aCommitLimit:      858592 kB\u000aCommitted_AS:     253740 kB\u000aVmallocTotal:   34359738367 kB\u000aVmallocUsed:           0 kB\u000aVmallocChunk:          0 kB\u000aAnonHugePages:         0 kB\u000aShmemHugePages:        0 kB\u000aShmemPmdMapped:        0 kB\u000aHugePages_Total:       0\u000aHugePages_Free:        0\u000aHugePages_Rsvd:        0\u000aHugePages_Surp:        0\u000aHugepagesize:       2048 kB\u000aDirectMap4k:       21504 kB\u000aDirectMap2M:     1740800 kB\u000a
p260
sV/proc/cgroups
p261
V#subsys_name	hierarchy	num_cgroups	enabled\u000acpuset	2	1	1\u000acpu	4	5	1\u000acpuacct	4	5	1\u000ablkio	9	1	1\u000amemory	6	5	1\u000adevices	5	1	1\u000afreezer	10	2	1\u000anet_cls	3	1	1\u000aperf_event	7	1	1\u000anet_prio	3	1	1\u000ahugetlb	11	1	1\u000apids	8	1	1\u000a
p262
sV/proc/cpuinfo
p263
Vprocessor	: 0\u000avendor_id	: GenuineIntel\u000acpu family	: 6\u000amodel		: 63\u000amodel name	: Intel(R) Xeon(R) Processor @ 2.50GHz\u000astepping	: 2\u000amicrocode	: 0x1\u000acpu MHz		: 2500.012\u000acache size	: 33792 KB\u000aphysical id	: 0\u000asiblings	: 2\u000acore id		: 0\u000acpu cores	: 2\u000aapicid		: 0\u000ainitial apicid	: 0\u000afpu		: yes\u000afpu_exception	: yes\u000acpuid level	: 13\u000awp		: yes\u000aflags		: fpu vme de pse tsc msr pae mce cx8 apic sep mtrr pge mca cmov pat pse36 clflush mmx fxsr sse sse2 ht syscall nx rdtscp lm constant_tsc rep_good nopl xtopology nonstop_tsc cpuid tsc_known_freq pni pclmulqdq ssse3 fma cx16 pcid sse4_1 sse4_2 x2apic movbe popcnt tsc_deadline_timer aes xsave avx f16c rdrand hypervisor lahf_lm abm cpuid_fault invpcid_single pti ssbd ibrs ibpb stibp fsgsbase tsc_adjust bmi1 avx2 smep bmi2 erms invpcid smap xsaveopt arat md_clear arch_capabilities\u000abugs		: cpu_meltdown spectre_v1 spectre_v2 spec_store_bypass l1tf mds swapgs\u000abogomips	: 5000.02\u000aclflush size	: 64\u000acache_alignment	: 64\u000aaddress sizes	: 46 bits physical, 48 bits virtual\u000apower management:\u000a\u000aprocessor	: 1\u000avendor_id	: GenuineIntel\u000acpu family	: 6\u000amodel		: 63\u000amodel name	: Intel(R) Xeon(R) Processor @ 2.50GHz\u000astepping	: 2\u000amicrocode	: 0x1\u000acpu MHz		: 2500.012\u000acache size	: 33792 KB\u000aphysical id	: 0\u000asiblings	: 2\u000acore id		: 1\u000acpu cores	: 2\u000aapicid		: 1\u000ainitial apicid	: 1\u000afpu		: yes\u000afpu_exception	: yes\u000acpuid level	: 13\u000awp		: yes\u000aflags		: fpu vme de pse tsc msr pae mce cx8 apic sep mtrr pge mca cmov pat pse36 clflush mmx fxsr sse sse2 ht syscall nx rdtscp lm constant_tsc rep_good nopl xtopology nonstop_tsc cpuid tsc_known_freq pni pclmulqdq ssse3 fma cx16 pcid sse4_1 sse4_2 x2apic movbe popcnt tsc_deadline_timer aes xsave avx f16c rdrand hypervisor lahf_lm abm cpuid_fault invpcid_single pti ssbd ibrs ibpb stibp fsgsbase tsc_adjust bmi1 avx2 smep bmi2 erms invpcid smap xsaveopt arat md_clear arch_capabilities\u000abugs		: cpu_meltdown spectre_v1 spectre_v2 spec_store_bypass l1tf mds swapgs\u000abogomips	: 5000.02\u000aclflush size	: 64\u000acache_alignment	: 64\u000aaddress sizes	: 46 bits physical, 48 bits virtual\u000apower management:\u000a\u000a
p264
sV/proc/meminfo
p265
VMemTotal:        1717184 kB\u000aMemFree:         1118488 kB\u000aMemAvailable:    1485616 kB\u000aBuffers:           17008 kB\u000aCached:           464308 kB\u000aSwapCached:            0 kB\u000aActive:            94628 kB\u000aInactive:         447856 kB\u000aActive(anon):      61164 kB\u000aInactive(anon):      212 kB\u000aActive(file):      33464 kB\u000aInactive(file):   447644 kB\u000aUnevictable:           0 kB\u000aMlocked:               0 kB\u000aSwapTotal:             0 kB\u000aSwapFree:              0 kB\u000aDirty:               136 kB\u000aWriteback:             0 kB\u000aAnonPages:         61188 kB\u000aMapped:            34900 kB\u000aShmem:               220 kB\u000aSlab:              43296 kB\u000aSReclaimable:      33052 kB\u000aSUnreclaim:        10244 kB\u000aKernelStack:        1152 kB\u000aPageTables:         1328 kB\u000aNFS_Unstable:          0 kB\u000aBounce:                0 kB\u000aWritebackTmp:          0 kB\u000aCommitLimit:      858592 kB\u000aCommitted_AS:     253740 kB\u000aVmallocTotal:   34359738367 kB\u000aVmallocUsed:           0 kB\u000aVmallocChunk:          0 kB\u000aAnonHugePages:         0 kB\u000aShmemHugePages:        0 kB\u000aShmemPmdMapped:        0 kB\u000aHugePages_Total:       0\u000aHugePages_Free:        0\u000aHugePages_Rsvd:        0\u000aHugePages_Surp:        0\u000aHugepagesize:       2048 kB\u000aDirectMap4k:       21504 kB\u000aDirectMap2M:     1740800 kB\u000a
p266
ssVstatus_key
p267
Vpywren.jobs/84074f8c-ca48-47e1-92f1-c0cfda792b0a/00005/status.json
p268
sVend_time
p269
F1609150596.8058441
sVlog_group_name
p270
V/aws/lambda/pywren_redis_2
p271
sVdata_key
p272
Vpywren.jobs/84074f8c-ca48-47e1-92f1-c0cfda792b0a/aggdata.pickle
p273
sa(dp274
Vcallset_id
p275
V84074f8c-ca48-47e1-92f1-c0cfda792b0a
p276
sVlog_stream_name
p277
V2020/12/28/[$LATEST]ae2325f39a3b4fc288a71d8aa68cd71c
p278
sVstdout
p279
V
sVfunc_key
p280
Vpywren.jobs/84074f8c-ca48-47e1-92f1-c0cfda792b0a/func.pickle
p281
sVfree_disk_bytes
p282
I538333184
sVruntime_cached
p283
I00
sVretcode
p284
I0
sVcall_id
p285
V00006
p286
sVoutput_key
p287
Vpywren.jobs/84074f8c-ca48-47e1-92f1-c0cfda792b0a/00006/output.pickle
p288
sVruntime_s3_key_used
p289
V82c403-pywren.runtimes/default_2.7.tar.gz.0090
p290
sVaws_request_id
p291
V3357a834-139f-4514-862e-2ac376c84d6a
p292
sVexec_time
p293
F62.293437957763672
sVstart_time
p294
F1609150527.299334
sVsetup_time
p295
F7.2211520671844482
sVruntime_s3_bucket_used
p296
Vpywren-runtimes-public-us-west-2
p297
sVexception
p298
NsVhost_submit_time
p299
F1609150526.5506239
sVserver_info
p300
(dp301
Vuname
p302
V('Linux', '169.254.63.69', '4.14.203-112.332.amzn2.x86_64', '#1 SMP Wed Nov 4 20:46:34 UTC 2020', 'x86_64', 'x86_64')
p303
sV/proc/self/cgroup
p304
VMemTotal:        1717184 kB\u000aMemFree:         1121112 kB\u000aMemAvailable:    1486476 kB\u000aBuffers:           17916 kB\u000aCached:           461720 kB\u000aSwapCached:            0 kB\u000aActive:            94492 kB\u000aInactive:         445924 kB\u000aActive(anon):      60772 kB\u000aInactive(anon):      216 kB\u000aActive(file):      33720 kB\u000aInactive(file):   445708 kB\u000aUnevictable:           0 kB\u000aMlocked:               0 kB\u000aSwapTotal:             0 kB\u000aSwapFree:              0 kB\u000aDirty:               156 kB\u000aWriteback:             0 kB\u000aAnonPages:         60772 kB\u000aMapped:            35412 kB\u000aShmem:               220 kB\u000aSlab:              43164 kB\u000aSReclaimable:      32884 kB\u000aSUnreclaim:        10280 kB\u000aKernelStack:        1152 kB\u000aPageTables:         1352 kB\u000aNFS_Unstable:          0 kB\u000aBounce:                0 kB\u000aWritebackTmp:          0 kB\u000aCommitLimit:      858592 kB\u000aCommitted_AS:     253744 kB\u000aVmallocTotal:   34359738367 kB\u000aVmallocUsed:           0 kB\u000aVmallocChunk:          0 kB\u000aAnonHugePages:         0 kB\u000aShmemHugePages:        0 kB\u000aShmemPmdMapped:        0 kB\u000aHugePages_Total:       0\u000aHugePages_Free:        0\u000aHugePages_Rsvd:        0\u000aHugePages_Surp:        0\u000aHugepagesize:       2048 kB\u000aDirectMap4k:       19456 kB\u000aDirectMap2M:     1742848 kB\u000a
p305
sV/proc/cgroups
p306
V#subsys_name	hierarchy	num_cgroups	enabled\u000acpuset	11	1	1\u000acpu	3	5	1\u000acpuacct	3	5	1\u000ablkio	6	1	1\u000amemory	5	5	1\u000adevices	9	1	1\u000afreezer	8	2	1\u000anet_cls	10	1	1\u000aperf_event	2	1	1\u000anet_prio	10	1	1\u000ahugetlb	4	1	1\u000apids	7	1	1\u000a
p307
sV/proc/cpuinfo
p308
Vprocessor	: 0\u000avendor_id	: GenuineIntel\u000acpu family	: 6\u000amodel		: 63\u000amodel name	: Intel(R) Xeon(R) Processor @ 2.50GHz\u000astepping	: 2\u000amicrocode	: 0x1\u000acpu MHz		: 2500.008\u000acache size	: 33792 KB\u000aphysical id	: 0\u000asiblings	: 2\u000acore id		: 0\u000acpu cores	: 2\u000aapicid		: 0\u000ainitial apicid	: 0\u000afpu		: yes\u000afpu_exception	: yes\u000acpuid level	: 13\u000awp		: yes\u000aflags		: fpu vme de pse tsc msr pae mce cx8 apic sep mtrr pge mca cmov pat pse36 clflush mmx fxsr sse sse2 ht syscall nx rdtscp lm constant_tsc rep_good nopl xtopology nonstop_tsc cpuid tsc_known_freq pni pclmulqdq ssse3 fma cx16 pcid sse4_1 sse4_2 x2apic movbe popcnt tsc_deadline_timer aes xsave avx f16c rdrand hypervisor lahf_lm abm cpuid_fault invpcid_single pti ssbd ibrs ibpb stibp fsgsbase tsc_adjust bmi1 avx2 smep bmi2 erms invpcid smap xsaveopt arat md_clear arch_capabilities\u000abugs		: cpu_meltdown spectre_v1 spectre_v2 spec_store_bypass l1tf mds swapgs\u000abogomips	: 5000.01\u000aclflush size	: 64\u000acache_alignment	: 64\u000aaddress sizes	: 46 bits physical, 48 bits virtual\u000apower management:\u000a\u000aprocessor	: 1\u000avendor_id	: GenuineIntel\u000acpu family	: 6\u000amodel		: 63\u000amodel name	: Intel(R) Xeon(R) Processor @ 2.50GHz\u000astepping	: 2\u000amicrocode	: 0x1\u000acpu MHz		: 2500.008\u000acache size	: 33792 KB\u000aphysical id	: 0\u000asiblings	: 2\u000acore id		: 1\u000acpu cores	: 2\u000aapicid		: 1\u000ainitial apicid	: 1\u000afpu		: yes\u000afpu_exception	: yes\u000acpuid level	: 13\u000awp		: yes\u000aflags		: fpu vme de pse tsc msr pae mce cx8 apic sep mtrr pge mca cmov pat pse36 clflush mmx fxsr sse sse2 ht syscall nx rdtscp lm constant_tsc rep_good nopl xtopology nonstop_tsc cpuid tsc_known_freq pni pclmulqdq ssse3 fma cx16 pcid sse4_1 sse4_2 x2apic movbe popcnt tsc_deadline_timer aes xsave avx f16c rdrand hypervisor lahf_lm abm cpuid_fault invpcid_single pti ssbd ibrs ibpb stibp fsgsbase tsc_adjust bmi1 avx2 smep bmi2 erms invpcid smap xsaveopt arat md_clear arch_capabilities\u000abugs		: cpu_meltdown spectre_v1 spectre_v2 spec_store_bypass l1tf mds swapgs\u000abogomips	: 5000.01\u000aclflush size	: 64\u000acache_alignment	: 64\u000aaddress sizes	: 46 bits physical, 48 bits virtual\u000apower management:\u000a\u000a
p309
sV/proc/meminfo
p310
VMemTotal:        1717184 kB\u000aMemFree:         1121112 kB\u000aMemAvailable:    1486476 kB\u000aBuffers:           17916 kB\u000aCached:           461720 kB\u000aSwapCached:            0 kB\u000aActive:            94492 kB\u000aInactive:         445924 kB\u000aActive(anon):      60772 kB\u000aInactive(anon):      216 kB\u000aActive(file):      33720 kB\u000aInactive(file):   445708 kB\u000aUnevictable:           0 kB\u000aMlocked:               0 kB\u000aSwapTotal:             0 kB\u000aSwapFree:              0 kB\u000aDirty:               156 kB\u000aWriteback:             0 kB\u000aAnonPages:         60772 kB\u000aMapped:            35412 kB\u000aShmem:               220 kB\u000aSlab:              43164 kB\u000aSReclaimable:      32884 kB\u000aSUnreclaim:        10280 kB\u000aKernelStack:        1152 kB\u000aPageTables:         1352 kB\u000aNFS_Unstable:          0 kB\u000aBounce:                0 kB\u000aWritebackTmp:          0 kB\u000aCommitLimit:      858592 kB\u000aCommitted_AS:     253744 kB\u000aVmallocTotal:   34359738367 kB\u000aVmallocUsed:           0 kB\u000aVmallocChunk:          0 kB\u000aAnonHugePages:         0 kB\u000aShmemHugePages:        0 kB\u000aShmemPmdMapped:        0 kB\u000aHugePages_Total:       0\u000aHugePages_Free:        0\u000aHugePages_Rsvd:        0\u000aHugePages_Surp:        0\u000aHugepagesize:       2048 kB\u000aDirectMap4k:       19456 kB\u000aDirectMap2M:     1742848 kB\u000a
p311
ssVstatus_key
p312
Vpywren.jobs/84074f8c-ca48-47e1-92f1-c0cfda792b0a/00006/status.json
p313
sVend_time
p314
F1609150596.81392
sVlog_group_name
p315
V/aws/lambda/pywren_redis_2
p316
sVdata_key
p317
Vpywren.jobs/84074f8c-ca48-47e1-92f1-c0cfda792b0a/aggdata.pickle
p318
sa(dp319
Vcallset_id
p320
V84074f8c-ca48-47e1-92f1-c0cfda792b0a
p321
sVlog_stream_name
p322
V2020/12/28/[$LATEST]6358ed1c95b04164a5eeea2a912f90c1
p323
sVstdout
p324
V
sVfunc_key
p325
Vpywren.jobs/84074f8c-ca48-47e1-92f1-c0cfda792b0a/func.pickle
p326
sVfree_disk_bytes
p327
I538333184
sVruntime_cached
p328
I00
sVretcode
p329
I0
sVcall_id
p330
V00007
p331
sVoutput_key
p332
Vpywren.jobs/84074f8c-ca48-47e1-92f1-c0cfda792b0a/00007/output.pickle
p333
sVruntime_s3_key_used
p334
Ve2a605-pywren.runtimes/default_2.7.tar.gz.0070
p335
sVaws_request_id
p336
V827c4d45-52c8-4bab-8c73-4136cadb05a2
p337
sVexec_time
p338
F62.34460711479187
sVstart_time
p339
F1609150527.3785911
sVsetup_time
p340
F7.2031748294830322
sVruntime_s3_bucket_used
p341
Vpywren-runtimes-public-us-west-2
p342
sVexception
p343
NsVhost_submit_time
p344
F1609150526.5568371
sVserver_info
p345
(dp346
Vuname
p347
V('Linux', '169.254.224.29', '4.14.203-112.332.amzn2.x86_64', '#1 SMP Wed Nov 4 20:46:34 UTC 2020', 'x86_64', 'x86_64')
p348
sV/proc/self/cgroup
p349
VMemTotal:        1717184 kB\u000aMemFree:         1117432 kB\u000aMemAvailable:    1485796 kB\u000aBuffers:           17524 kB\u000aCached:           465132 kB\u000aSwapCached:            0 kB\u000aActive:            95584 kB\u000aInactive:         447864 kB\u000aActive(anon):      60784 kB\u000aInactive(anon):      216 kB\u000aActive(file):      34800 kB\u000aInactive(file):   447648 kB\u000aUnevictable:           0 kB\u000aMlocked:               0 kB\u000aSwapTotal:             0 kB\u000aSwapFree:              0 kB\u000aDirty:               232 kB\u000aWriteback:             0 kB\u000aAnonPages:         60780 kB\u000aMapped:            34984 kB\u000aShmem:               220 kB\u000aSlab:              43400 kB\u000aSReclaimable:      32844 kB\u000aSUnreclaim:        10556 kB\u000aKernelStack:        1152 kB\u000aPageTables:         1348 kB\u000aNFS_Unstable:          0 kB\u000aBounce:                0 kB\u000aWritebackTmp:          0 kB\u000aCommitLimit:      858592 kB\u000aCommitted_AS:     253852 kB\u000aVmallocTotal:   34359738367 kB\u000aVmallocUsed:           0 kB\u000aVmallocChunk:          0 kB\u000aAnonHugePages:         0 kB\u000aShmemHugePages:        0 kB\u000aShmemPmdMapped:        0 kB\u000aHugePages_Total:       0\u000aHugePages_Free:        0\u000aHugePages_Rsvd:        0\u000aHugePages_Surp:        0\u000aHugepagesize:       2048 kB\u000aDirectMap4k:       23552 kB\u000aDirectMap2M:     1738752 kB\u000a
p350
sV/proc/cgroups
p351
V#subsys_name	hierarchy	num_cgroups	enabled\u000acpuset	10	1	1\u000acpu	2	5	1\u000acpuacct	2	5	1\u000ablkio	8	1	1\u000amemory	6	5	1\u000adevices	11	1	1\u000afreezer	9	2	1\u000anet_cls	3	1	1\u000aperf_event	4	1	1\u000anet_prio	3	1	1\u000ahugetlb	5	1	1\u000apids	7	1	1\u000a
p352
sV/proc/cpuinfo
p353
Vprocessor	: 0\u000avendor_id	: GenuineIntel\u000acpu family	: 6\u000amodel		: 63\u000amodel name	: Intel(R) Xeon(R) Processor @ 2.50GHz\u000astepping	: 2\u000amicrocode	: 0x1\u000acpu MHz		: 2500.010\u000acache size	: 33792 KB\u000aphysical id	: 0\u000asiblings	: 2\u000acore id		: 0\u000acpu cores	: 2\u000aapicid		: 0\u000ainitial apicid	: 0\u000afpu		: yes\u000afpu_exception	: yes\u000acpuid level	: 13\u000awp		: yes\u000aflags		: fpu vme de pse tsc msr pae mce cx8 apic sep mtrr pge mca cmov pat pse36 clflush mmx fxsr sse sse2 ht syscall nx rdtscp lm constant_tsc rep_good nopl xtopology nonstop_tsc cpuid tsc_known_freq pni pclmulqdq ssse3 fma cx16 pcid sse4_1 sse4_2 x2apic movbe popcnt tsc_deadline_timer aes xsave avx f16c rdrand hypervisor lahf_lm abm cpuid_fault invpcid_single pti ssbd ibrs ibpb stibp fsgsbase tsc_adjust bmi1 avx2 smep bmi2 erms invpcid smap xsaveopt arat md_clear arch_capabilities\u000abugs		: cpu_meltdown spectre_v1 spectre_v2 spec_store_bypass l1tf mds swapgs\u000abogomips	: 5000.02\u000aclflush size	: 64\u000acache_alignment	: 64\u000aaddress sizes	: 46 bits physical, 48 bits virtual\u000apower management:\u000a\u000aprocessor	: 1\u000avendor_id	: GenuineIntel\u000acpu family	: 6\u000amodel		: 63\u000amodel name	: Intel(R) Xeon(R) Processor @ 2.50GHz\u000astepping	: 2\u000amicrocode	: 0x1\u000acpu MHz		: 2500.010\u000acache size	: 33792 KB\u000aphysical id	: 0\u000asiblings	: 2\u000acore id		: 1\u000acpu cores	: 2\u000aapicid		: 1\u000ainitial apicid	: 1\u000afpu		: yes\u000afpu_exception	: yes\u000acpuid level	: 13\u000awp		: yes\u000aflags		: fpu vme de pse tsc msr pae mce cx8 apic sep mtrr pge mca cmov pat pse36 clflush mmx fxsr sse sse2 ht syscall nx rdtscp lm constant_tsc rep_good nopl xtopology nonstop_tsc cpuid tsc_known_freq pni pclmulqdq ssse3 fma cx16 pcid sse4_1 sse4_2 x2apic movbe popcnt tsc_deadline_timer aes xsave avx f16c rdrand hypervisor lahf_lm abm cpuid_fault invpcid_single pti ssbd ibrs ibpb stibp fsgsbase tsc_adjust bmi1 avx2 smep bmi2 erms invpcid smap xsaveopt arat md_clear arch_capabilities\u000abugs		: cpu_meltdown spectre_v1 spectre_v2 spec_store_bypass l1tf mds swapgs\u000abogomips	: 5000.02\u000aclflush size	: 64\u000acache_alignment	: 64\u000aaddress sizes	: 46 bits physical, 48 bits virtual\u000apower management:\u000a\u000a
p354
sV/proc/meminfo
p355
VMemTotal:        1717184 kB\u000aMemFree:         1117432 kB\u000aMemAvailable:    1485796 kB\u000aBuffers:           17524 kB\u000aCached:           465132 kB\u000aSwapCached:            0 kB\u000aActive:            95584 kB\u000aInactive:         447864 kB\u000aActive(anon):      60784 kB\u000aInactive(anon):      216 kB\u000aActive(file):      34800 kB\u000aInactive(file):   447648 kB\u000aUnevictable:           0 kB\u000aMlocked:               0 kB\u000aSwapTotal:             0 kB\u000aSwapFree:              0 kB\u000aDirty:               232 kB\u000aWriteback:             0 kB\u000aAnonPages:         60780 kB\u000aMapped:            34984 kB\u000aShmem:               220 kB\u000aSlab:              43400 kB\u000aSReclaimable:      32844 kB\u000aSUnreclaim:        10556 kB\u000aKernelStack:        1152 kB\u000aPageTables:         1348 kB\u000aNFS_Unstable:          0 kB\u000aBounce:                0 kB\u000aWritebackTmp:          0 kB\u000aCommitLimit:      858592 kB\u000aCommitted_AS:     253852 kB\u000aVmallocTotal:   34359738367 kB\u000aVmallocUsed:           0 kB\u000aVmallocChunk:          0 kB\u000aAnonHugePages:         0 kB\u000aShmemHugePages:        0 kB\u000aShmemPmdMapped:        0 kB\u000aHugePages_Total:       0\u000aHugePages_Free:        0\u000aHugePages_Rsvd:        0\u000aHugePages_Surp:        0\u000aHugepagesize:       2048 kB\u000aDirectMap4k:       23552 kB\u000aDirectMap2M:     1738752 kB\u000a
p356
ssVstatus_key
p357
Vpywren.jobs/84074f8c-ca48-47e1-92f1-c0cfda792b0a/00007/status.json
p358
sVend_time
p359
F1609150596.926367
sVlog_group_name
p360
V/aws/lambda/pywren_redis_2
p361
sVdata_key
p362
Vpywren.jobs/84074f8c-ca48-47e1-92f1-c0cfda792b0a/aggdata.pickle
p363
sa(dp364
Vcallset_id
p365
V84074f8c-ca48-47e1-92f1-c0cfda792b0a
p366
sVlog_stream_name
p367
V2020/12/28/[$LATEST]7e3e1d60c8694293b65e6d34389fff8d
p368
sVstdout
p369
V
sVfunc_key
p370
Vpywren.jobs/84074f8c-ca48-47e1-92f1-c0cfda792b0a/func.pickle
p371
sVfree_disk_bytes
p372
I538333184
sVruntime_cached
p373
I00
sVretcode
p374
I0
sVcall_id
p375
V00008
p376
sVoutput_key
p377
Vpywren.jobs/84074f8c-ca48-47e1-92f1-c0cfda792b0a/00008/output.pickle
p378
sVruntime_s3_key_used
p379
V6fb4a4-pywren.runtimes/default_2.7.tar.gz.0003
p380
sVaws_request_id
p381
V5327827f-8d9c-488a-aa88-2f764b3a9521
p382
sVexec_time
p383
F64.341293811798096
sVstart_time
p384
F1609150527.301898
sVsetup_time
p385
F7.2303740978240967
sVruntime_s3_bucket_used
p386
Vpywren-runtimes-public-us-west-2
p387
sVexception
p388
NsVhost_submit_time
p389
F1609150526.5628359
sVserver_info
p390
(dp391
Vuname
p392
V('Linux', '169.254.243.173', '4.14.203-112.332.amzn2.x86_64', '#1 SMP Wed Nov 4 20:46:34 UTC 2020', 'x86_64', 'x86_64')
p393
sV/proc/self/cgroup
p394
VMemTotal:        1717184 kB\u000aMemFree:         1121892 kB\u000aMemAvailable:    1486284 kB\u000aBuffers:           17232 kB\u000aCached:           461508 kB\u000aSwapCached:            0 kB\u000aActive:            94068 kB\u000aInactive:         445548 kB\u000aActive(anon):      60868 kB\u000aInactive(anon):      216 kB\u000aActive(file):      33200 kB\u000aInactive(file):   445332 kB\u000aUnevictable:           0 kB\u000aMlocked:               0 kB\u000aSwapTotal:             0 kB\u000aSwapFree:              0 kB\u000aDirty:               152 kB\u000aWriteback:             0 kB\u000aAnonPages:         60864 kB\u000aMapped:            35264 kB\u000aShmem:               220 kB\u000aSlab:              43224 kB\u000aSReclaimable:      32736 kB\u000aSUnreclaim:        10488 kB\u000aKernelStack:        1152 kB\u000aPageTables:         1340 kB\u000aNFS_Unstable:          0 kB\u000aBounce:                0 kB\u000aWritebackTmp:          0 kB\u000aCommitLimit:      858592 kB\u000aCommitted_AS:     255540 kB\u000aVmallocTotal:   34359738367 kB\u000aVmallocUsed:           0 kB\u000aVmallocChunk:          0 kB\u000aAnonHugePages:         0 kB\u000aShmemHugePages:        0 kB\u000aShmemPmdMapped:        0 kB\u000aHugePages_Total:       0\u000aHugePages_Free:        0\u000aHugePages_Rsvd:        0\u000aHugePages_Surp:        0\u000aHugepagesize:       2048 kB\u000aDirectMap4k:       21504 kB\u000aDirectMap2M:     1740800 kB\u000a
p395
sV/proc/cgroups
p396
V#subsys_name	hierarchy	num_cgroups	enabled\u000acpuset	7	1	1\u000acpu	8	5	1\u000acpuacct	8	5	1\u000ablkio	11	1	1\u000amemory	6	5	1\u000adevices	2	1	1\u000afreezer	3	2	1\u000anet_cls	5	1	1\u000aperf_event	9	1	1\u000anet_prio	5	1	1\u000ahugetlb	10	1	1\u000apids	4	1	1\u000a
p397
sV/proc/cpuinfo
p398
Vprocessor	: 0\u000avendor_id	: GenuineIntel\u000acpu family	: 6\u000amodel		: 63\u000amodel name	: Intel(R) Xeon(R) Processor @ 2.50GHz\u000astepping	: 2\u000amicrocode	: 0x1\u000acpu MHz		: 2499.998\u000acache size	: 36608 KB\u000aphysical id	: 0\u000asiblings	: 2\u000acore id		: 0\u000acpu cores	: 2\u000aapicid		: 0\u000ainitial apicid	: 0\u000afpu		: yes\u000afpu_exception	: yes\u000acpuid level	: 13\u000awp		: yes\u000aflags		: fpu vme de pse tsc msr pae mce cx8 apic sep mtrr pge mca cmov pat pse36 clflush mmx fxsr sse sse2 ht syscall nx rdtscp lm constant_tsc rep_good nopl xtopology nonstop_tsc cpuid tsc_known_freq pni pclmulqdq ssse3 fma cx16 pcid sse4_1 sse4_2 x2apic movbe popcnt tsc_deadline_timer aes xsave avx f16c rdrand hypervisor lahf_lm abm cpuid_fault invpcid_single ssbd ibrs ibpb stibp ibrs_enhanced fsgsbase tsc_adjust bmi1 avx2 smep bmi2 erms invpcid smap xsaveopt arat md_clear arch_capabilities\u000abugs		: spectre_v1 spectre_v2 spec_store_bypass swapgs\u000abogomips	: 4999.99\u000aclflush size	: 64\u000acache_alignment	: 64\u000aaddress sizes	: 46 bits physical, 48 bits virtual\u000apower management:\u000a\u000aprocessor	: 1\u000avendor_id	: GenuineIntel\u000acpu family	: 6\u000amodel		: 63\u000amodel name	: Intel(R) Xeon(R) Processor @ 2.50GHz\u000astepping	: 2\u000amicrocode	: 0x1\u000acpu MHz		: 2499.998\u000acache size	: 36608 KB\u000aphysical id	: 0\u000asiblings	: 2\u000acore id		: 1\u000acpu cores	: 2\u000aapicid		: 1\u000ainitial apicid	: 1\u000afpu		: yes\u000afpu_exception	: yes\u000acpuid level	: 13\u000awp		: yes\u000aflags		: fpu vme de pse tsc msr pae mce cx8 apic sep mtrr pge mca cmov pat pse36 clflush mmx fxsr sse sse2 ht syscall nx rdtscp lm constant_tsc rep_good nopl xtopology nonstop_tsc cpuid tsc_known_freq pni pclmulqdq ssse3 fma cx16 pcid sse4_1 sse4_2 x2apic movbe popcnt tsc_deadline_timer aes xsave avx f16c rdrand hypervisor lahf_lm abm cpuid_fault invpcid_single ssbd ibrs ibpb stibp ibrs_enhanced fsgsbase tsc_adjust bmi1 avx2 smep bmi2 erms invpcid smap xsaveopt arat md_clear arch_capabilities\u000abugs		: spectre_v1 spectre_v2 spec_store_bypass swapgs\u000abogomips	: 4999.99\u000aclflush size	: 64\u000acache_alignment	: 64\u000aaddress sizes	: 46 bits physical, 48 bits virtual\u000apower management:\u000a\u000a
p399
sV/proc/meminfo
p400
VMemTotal:        1717184 kB\u000aMemFree:         1121892 kB\u000aMemAvailable:    1486284 kB\u000aBuffers:           17232 kB\u000aCached:           461508 kB\u000aSwapCached:            0 kB\u000aActive:            94068 kB\u000aInactive:         445548 kB\u000aActive(anon):      60868 kB\u000aInactive(anon):      216 kB\u000aActive(file):      33200 kB\u000aInactive(file):   445332 kB\u000aUnevictable:           0 kB\u000aMlocked:               0 kB\u000aSwapTotal:             0 kB\u000aSwapFree:              0 kB\u000aDirty:               152 kB\u000aWriteback:             0 kB\u000aAnonPages:         60864 kB\u000aMapped:            35264 kB\u000aShmem:               220 kB\u000aSlab:              43224 kB\u000aSReclaimable:      32736 kB\u000aSUnreclaim:        10488 kB\u000aKernelStack:        1152 kB\u000aPageTables:         1340 kB\u000aNFS_Unstable:          0 kB\u000aBounce:                0 kB\u000aWritebackTmp:          0 kB\u000aCommitLimit:      858592 kB\u000aCommitted_AS:     255540 kB\u000aVmallocTotal:   34359738367 kB\u000aVmallocUsed:           0 kB\u000aVmallocChunk:          0 kB\u000aAnonHugePages:         0 kB\u000aShmemHugePages:        0 kB\u000aShmemPmdMapped:        0 kB\u000aHugePages_Total:       0\u000aHugePages_Free:        0\u000aHugePages_Rsvd:        0\u000aHugePages_Surp:        0\u000aHugepagesize:       2048 kB\u000aDirectMap4k:       21504 kB\u000aDirectMap2M:     1740800 kB\u000a
p401
ssVstatus_key
p402
Vpywren.jobs/84074f8c-ca48-47e1-92f1-c0cfda792b0a/00008/status.json
p403
sVend_time
p404
F1609150598.87356
sVlog_group_name
p405
V/aws/lambda/pywren_redis_2
p406
sVdata_key
p407
Vpywren.jobs/84074f8c-ca48-47e1-92f1-c0cfda792b0a/aggdata.pickle
p408
sa(dp409
Vcallset_id
p410
V84074f8c-ca48-47e1-92f1-c0cfda792b0a
p411
sVlog_stream_name
p412
V2020/12/28/[$LATEST]6087080b04474a63a413998b58f0b36f
p413
sVstdout
p414
V
sVfunc_key
p415
Vpywren.jobs/84074f8c-ca48-47e1-92f1-c0cfda792b0a/func.pickle
p416
sVfree_disk_bytes
p417
I538333184
sVruntime_cached
p418
I00
sVretcode
p419
I0
sVcall_id
p420
V00009
p421
sVoutput_key
p422
Vpywren.jobs/84074f8c-ca48-47e1-92f1-c0cfda792b0a/00009/output.pickle
p423
sVruntime_s3_key_used
p424
V6fb4a4-pywren.runtimes/default_2.7.tar.gz.0003
p425
sVaws_request_id
p426
V0efb8964-3b0b-4901-a278-03dfa5a9b29c
p427
sVexec_time
p428
F62.339600086212158
sVstart_time
p429
F1609150527.3292971
sVsetup_time
p430
F7.1632039546966553
sVruntime_s3_bucket_used
p431
Vpywren-runtimes-public-us-west-2
p432
sVexception
p433
NsVhost_submit_time
p434
F1609150526.5702441
sVserver_info
p435
(dp436
Vuname
p437
V('Linux', '169.254.171.117', '4.14.203-112.332.amzn2.x86_64', '#1 SMP Wed Nov 4 20:46:34 UTC 2020', 'x86_64', 'x86_64')
p438
sV/proc/self/cgroup
p439
VMemTotal:        1717184 kB\u000aMemFree:         1116760 kB\u000aMemAvailable:    1486044 kB\u000aBuffers:           18216 kB\u000aCached:           465300 kB\u000aSwapCached:            0 kB\u000aActive:            96380 kB\u000aInactive:         447880 kB\u000aActive(anon):      60736 kB\u000aInactive(anon):      216 kB\u000aActive(file):      35644 kB\u000aInactive(file):   447664 kB\u000aUnevictable:           0 kB\u000aMlocked:               0 kB\u000aSwapTotal:             0 kB\u000aSwapFree:              0 kB\u000aDirty:               148 kB\u000aWriteback:             0 kB\u000aAnonPages:         60736 kB\u000aMapped:            35264 kB\u000aShmem:               220 kB\u000aSlab:              43296 kB\u000aSReclaimable:      32964 kB\u000aSUnreclaim:        10332 kB\u000aKernelStack:        1152 kB\u000aPageTables:         1344 kB\u000aNFS_Unstable:          0 kB\u000aBounce:                0 kB\u000aWritebackTmp:          0 kB\u000aCommitLimit:      858592 kB\u000aCommitted_AS:     253724 kB\u000aVmallocTotal:   34359738367 kB\u000aVmallocUsed:           0 kB\u000aVmallocChunk:          0 kB\u000aAnonHugePages:         0 kB\u000aShmemHugePages:        0 kB\u000aShmemPmdMapped:        0 kB\u000aHugePages_Total:       0\u000aHugePages_Free:        0\u000aHugePages_Rsvd:        0\u000aHugePages_Surp:        0\u000aHugepagesize:       2048 kB\u000aDirectMap4k:       21504 kB\u000aDirectMap2M:     1740800 kB\u000a
p440
sV/proc/cgroups
p441
V#subsys_name	hierarchy	num_cgroups	enabled\u000acpuset	11	1	1\u000acpu	5	5	1\u000acpuacct	5	5	1\u000ablkio	4	1	1\u000amemory	9	5	1\u000adevices	6	1	1\u000afreezer	2	2	1\u000anet_cls	8	1	1\u000aperf_event	3	1	1\u000anet_prio	8	1	1\u000ahugetlb	10	1	1\u000apids	7	1	1\u000a
p442
sV/proc/cpuinfo
p443
Vprocessor	: 0\u000avendor_id	: GenuineIntel\u000acpu family	: 6\u000amodel		: 63\u000amodel name	: Intel(R) Xeon(R) Processor @ 2.50GHz\u000astepping	: 2\u000amicrocode	: 0x1\u000acpu MHz		: 2500.008\u000acache size	: 33792 KB\u000aphysical id	: 0\u000asiblings	: 2\u000acore id		: 0\u000acpu cores	: 2\u000aapicid		: 0\u000ainitial apicid	: 0\u000afpu		: yes\u000afpu_exception	: yes\u000acpuid level	: 13\u000awp		: yes\u000aflags		: fpu vme de pse tsc msr pae mce cx8 apic sep mtrr pge mca cmov pat pse36 clflush mmx fxsr sse sse2 ht syscall nx rdtscp lm constant_tsc rep_good nopl xtopology nonstop_tsc cpuid tsc_known_freq pni pclmulqdq ssse3 fma cx16 pcid sse4_1 sse4_2 x2apic movbe popcnt tsc_deadline_timer aes xsave avx f16c rdrand hypervisor lahf_lm abm cpuid_fault invpcid_single pti ssbd ibrs ibpb stibp fsgsbase tsc_adjust bmi1 avx2 smep bmi2 erms invpcid smap xsaveopt arat md_clear arch_capabilities\u000abugs		: cpu_meltdown spectre_v1 spectre_v2 spec_store_bypass l1tf mds swapgs\u000abogomips	: 5000.01\u000aclflush size	: 64\u000acache_alignment	: 64\u000aaddress sizes	: 46 bits physical, 48 bits virtual\u000apower management:\u000a\u000aprocessor	: 1\u000avendor_id	: GenuineIntel\u000acpu family	: 6\u000amodel		: 63\u000amodel name	: Intel(R) Xeon(R) Processor @ 2.50GHz\u000astepping	: 2\u000amicrocode	: 0x1\u000acpu MHz		: 2500.008\u000acache size	: 33792 KB\u000aphysical id	: 0\u000asiblings	: 2\u000acore id		: 1\u000acpu cores	: 2\u000aapicid		: 1\u000ainitial apicid	: 1\u000afpu		: yes\u000afpu_exception	: yes\u000acpuid level	: 13\u000awp		: yes\u000aflags		: fpu vme de pse tsc msr pae mce cx8 apic sep mtrr pge mca cmov pat pse36 clflush mmx fxsr sse sse2 ht syscall nx rdtscp lm constant_tsc rep_good nopl xtopology nonstop_tsc cpuid tsc_known_freq pni pclmulqdq ssse3 fma cx16 pcid sse4_1 sse4_2 x2apic movbe popcnt tsc_deadline_timer aes xsave avx f16c rdrand hypervisor lahf_lm abm cpuid_fault invpcid_single pti ssbd ibrs ibpb stibp fsgsbase tsc_adjust bmi1 avx2 smep bmi2 erms invpcid smap xsaveopt arat md_clear arch_capabilities\u000abugs		: cpu_meltdown spectre_v1 spectre_v2 spec_store_bypass l1tf mds swapgs\u000abogomips	: 5000.01\u000aclflush size	: 64\u000acache_alignment	: 64\u000aaddress sizes	: 46 bits physical, 48 bits virtual\u000apower management:\u000a\u000a
p444
sV/proc/meminfo
p445
VMemTotal:        1717184 kB\u000aMemFree:         1116760 kB\u000aMemAvailable:    1486044 kB\u000aBuffers:           18216 kB\u000aCached:           465300 kB\u000aSwapCached:            0 kB\u000aActive:            96380 kB\u000aInactive:         447880 kB\u000aActive(anon):      60736 kB\u000aInactive(anon):      216 kB\u000aActive(file):      35644 kB\u000aInactive(file):   447664 kB\u000aUnevictable:           0 kB\u000aMlocked:               0 kB\u000aSwapTotal:             0 kB\u000aSwapFree:              0 kB\u000aDirty:               148 kB\u000aWriteback:             0 kB\u000aAnonPages:         60736 kB\u000aMapped:            35264 kB\u000aShmem:               220 kB\u000aSlab:              43296 kB\u000aSReclaimable:      32964 kB\u000aSUnreclaim:        10332 kB\u000aKernelStack:        1152 kB\u000aPageTables:         1344 kB\u000aNFS_Unstable:          0 kB\u000aBounce:                0 kB\u000aWritebackTmp:          0 kB\u000aCommitLimit:      858592 kB\u000aCommitted_AS:     253724 kB\u000aVmallocTotal:   34359738367 kB\u000aVmallocUsed:           0 kB\u000aVmallocChunk:          0 kB\u000aAnonHugePages:         0 kB\u000aShmemHugePages:        0 kB\u000aShmemPmdMapped:        0 kB\u000aHugePages_Total:       0\u000aHugePages_Free:        0\u000aHugePages_Rsvd:        0\u000aHugePages_Surp:        0\u000aHugepagesize:       2048 kB\u000aDirectMap4k:       21504 kB\u000aDirectMap2M:     1740800 kB\u000a
p446
ssVstatus_key
p447
Vpywren.jobs/84074f8c-ca48-47e1-92f1-c0cfda792b0a/00009/status.json
p448
sVend_time
p449
F1609150596.8320961
sVlog_group_name
p450
V/aws/lambda/pywren_redis_2
p451
sVdata_key
p452
Vpywren.jobs/84074f8c-ca48-47e1-92f1-c0cfda792b0a/aggdata.pickle
p453
sa(dp454
Vcallset_id
p455
V84074f8c-ca48-47e1-92f1-c0cfda792b0a
p456
sVlog_stream_name
p457
V2020/12/28/[$LATEST]57d556b9aa72470b9221728e0524fce1
p458
sVstdout
p459
V
sVfunc_key
p460
Vpywren.jobs/84074f8c-ca48-47e1-92f1-c0cfda792b0a/func.pickle
p461
sVfree_disk_bytes
p462
I538333184
sVruntime_cached
p463
I00
sVretcode
p464
I0
sVcall_id
p465
V00010
p466
sVoutput_key
p467
Vpywren.jobs/84074f8c-ca48-47e1-92f1-c0cfda792b0a/00010/output.pickle
p468
sVruntime_s3_key_used
p469
V746ea6-pywren.runtimes/default_2.7.tar.gz.0006
p470
sVaws_request_id
p471
Vaba02c92-bf9a-4cd5-b5a6-d8eff35dc5cf
p472
sVexec_time
p473
F62.284327983856201
sVstart_time
p474
F1609150527.3030341
sVsetup_time
p475
F7.1910359859466553
sVruntime_s3_bucket_used
p476
Vpywren-runtimes-public-us-west-2
p477
sVexception
p478
NsVhost_submit_time
p479
F1609150526.5722771
sVserver_info
p480
(dp481
Vuname
p482
V('Linux', '169.254.2.21', '4.14.203-112.332.amzn2.x86_64', '#1 SMP Wed Nov 4 20:46:34 UTC 2020', 'x86_64', 'x86_64')
p483
sV/proc/self/cgroup
p484
VMemTotal:        1717184 kB\u000aMemFree:         1122672 kB\u000aMemAvailable:    1485832 kB\u000aBuffers:           14684 kB\u000aCached:           462684 kB\u000aSwapCached:            0 kB\u000aActive:            91404 kB\u000aInactive:         446692 kB\u000aActive(anon):      60720 kB\u000aInactive(anon):      216 kB\u000aActive(file):      30684 kB\u000aInactive(file):   446476 kB\u000aUnevictable:           0 kB\u000aMlocked:               0 kB\u000aSwapTotal:             0 kB\u000aSwapFree:              0 kB\u000aDirty:               216 kB\u000aWriteback:             0 kB\u000aAnonPages:         60716 kB\u000aMapped:            34320 kB\u000aShmem:               220 kB\u000aSlab:              43400 kB\u000aSReclaimable:      33012 kB\u000aSUnreclaim:        10388 kB\u000aKernelStack:        1184 kB\u000aPageTables:         1332 kB\u000aNFS_Unstable:          0 kB\u000aBounce:                0 kB\u000aWritebackTmp:          0 kB\u000aCommitLimit:      858592 kB\u000aCommitted_AS:     253804 kB\u000aVmallocTotal:   34359738367 kB\u000aVmallocUsed:           0 kB\u000aVmallocChunk:          0 kB\u000aAnonHugePages:         0 kB\u000aShmemHugePages:        0 kB\u000aShmemPmdMapped:        0 kB\u000aHugePages_Total:       0\u000aHugePages_Free:        0\u000aHugePages_Rsvd:        0\u000aHugePages_Surp:        0\u000aHugepagesize:       2048 kB\u000aDirectMap4k:       23552 kB\u000aDirectMap2M:     1738752 kB\u000a
p485
sV/proc/cgroups
p486
V#subsys_name	hierarchy	num_cgroups	enabled\u000acpuset	9	1	1\u000acpu	2	5	1\u000acpuacct	2	5	1\u000ablkio	5	1	1\u000amemory	8	5	1\u000adevices	4	1	1\u000afreezer	11	2	1\u000anet_cls	6	1	1\u000aperf_event	7	1	1\u000anet_prio	6	1	1\u000ahugetlb	10	1	1\u000apids	3	1	1\u000a
p487
sV/proc/cpuinfo
p488
Vprocessor	: 0\u000avendor_id	: GenuineIntel\u000acpu family	: 6\u000amodel		: 63\u000amodel name	: Intel(R) Xeon(R) Processor @ 2.50GHz\u000astepping	: 2\u000amicrocode	: 0x1\u000acpu MHz		: 2500.014\u000acache size	: 33792 KB\u000aphysical id	: 0\u000asiblings	: 2\u000acore id		: 0\u000acpu cores	: 2\u000aapicid		: 0\u000ainitial apicid	: 0\u000afpu		: yes\u000afpu_exception	: yes\u000acpuid level	: 13\u000awp		: yes\u000aflags		: fpu vme de pse tsc msr pae mce cx8 apic sep mtrr pge mca cmov pat pse36 clflush mmx fxsr sse sse2 ht syscall nx rdtscp lm constant_tsc rep_good nopl xtopology nonstop_tsc cpuid tsc_known_freq pni pclmulqdq ssse3 fma cx16 pcid sse4_1 sse4_2 x2apic movbe popcnt tsc_deadline_timer aes xsave avx f16c rdrand hypervisor lahf_lm abm cpuid_fault invpcid_single pti ssbd ibrs ibpb stibp fsgsbase tsc_adjust bmi1 avx2 smep bmi2 erms invpcid smap xsaveopt arat md_clear arch_capabilities\u000abugs		: cpu_meltdown spectre_v1 spectre_v2 spec_store_bypass l1tf mds swapgs\u000abogomips	: 5000.02\u000aclflush size	: 64\u000acache_alignment	: 64\u000aaddress sizes	: 46 bits physical, 48 bits virtual\u000apower management:\u000a\u000aprocessor	: 1\u000avendor_id	: GenuineIntel\u000acpu family	: 6\u000amodel		: 63\u000amodel name	: Intel(R) Xeon(R) Processor @ 2.50GHz\u000astepping	: 2\u000amicrocode	: 0x1\u000acpu MHz		: 2500.014\u000acache size	: 33792 KB\u000aphysical id	: 0\u000asiblings	: 2\u000acore id		: 1\u000acpu cores	: 2\u000aapicid		: 1\u000ainitial apicid	: 1\u000afpu		: yes\u000afpu_exception	: yes\u000acpuid level	: 13\u000awp		: yes\u000aflags		: fpu vme de pse tsc msr pae mce cx8 apic sep mtrr pge mca cmov pat pse36 clflush mmx fxsr sse sse2 ht syscall nx rdtscp lm constant_tsc rep_good nopl xtopology nonstop_tsc cpuid tsc_known_freq pni pclmulqdq ssse3 fma cx16 pcid sse4_1 sse4_2 x2apic movbe popcnt tsc_deadline_timer aes xsave avx f16c rdrand hypervisor lahf_lm abm cpuid_fault invpcid_single pti ssbd ibrs ibpb stibp fsgsbase tsc_adjust bmi1 avx2 smep bmi2 erms invpcid smap xsaveopt arat md_clear arch_capabilities\u000abugs		: cpu_meltdown spectre_v1 spectre_v2 spec_store_bypass l1tf mds swapgs\u000abogomips	: 5000.02\u000aclflush size	: 64\u000acache_alignment	: 64\u000aaddress sizes	: 46 bits physical, 48 bits virtual\u000apower management:\u000a\u000a
p489
sV/proc/meminfo
p490
VMemTotal:        1717184 kB\u000aMemFree:         1122588 kB\u000aMemAvailable:    1485748 kB\u000aBuffers:           14684 kB\u000aCached:           462684 kB\u000aSwapCached:            0 kB\u000aActive:            91404 kB\u000aInactive:         446692 kB\u000aActive(anon):      60720 kB\u000aInactive(anon):      216 kB\u000aActive(file):      30684 kB\u000aInactive(file):   446476 kB\u000aUnevictable:           0 kB\u000aMlocked:               0 kB\u000aSwapTotal:             0 kB\u000aSwapFree:              0 kB\u000aDirty:               216 kB\u000aWriteback:             0 kB\u000aAnonPages:         60716 kB\u000aMapped:            34320 kB\u000aShmem:               220 kB\u000aSlab:              43400 kB\u000aSReclaimable:      33012 kB\u000aSUnreclaim:        10388 kB\u000aKernelStack:        1184 kB\u000aPageTables:         1332 kB\u000aNFS_Unstable:          0 kB\u000aBounce:                0 kB\u000aWritebackTmp:          0 kB\u000aCommitLimit:      858592 kB\u000aCommitted_AS:     253804 kB\u000aVmallocTotal:   34359738367 kB\u000aVmallocUsed:           0 kB\u000aVmallocChunk:          0 kB\u000aAnonHugePages:         0 kB\u000aShmemHugePages:        0 kB\u000aShmemPmdMapped:        0 kB\u000aHugePages_Total:       0\u000aHugePages_Free:        0\u000aHugePages_Rsvd:        0\u000aHugePages_Surp:        0\u000aHugepagesize:       2048 kB\u000aDirectMap4k:       23552 kB\u000aDirectMap2M:     1738752 kB\u000a
p491
ssVstatus_key
p492
Vpywren.jobs/84074f8c-ca48-47e1-92f1-c0cfda792b0a/00010/status.json
p493
sVend_time
p494
F1609150596.778393
sVlog_group_name
p495
V/aws/lambda/pywren_redis_2
p496
sVdata_key
p497
Vpywren.jobs/84074f8c-ca48-47e1-92f1-c0cfda792b0a/aggdata.pickle
p498
sa(dp499
Vcallset_id
p500
V84074f8c-ca48-47e1-92f1-c0cfda792b0a
p501
sVlog_stream_name
p502
V2020/12/28/[$LATEST]010a0276e65346a4b32d24386dec2124
p503
sVstdout
p504
V
sVfunc_key
p505
Vpywren.jobs/84074f8c-ca48-47e1-92f1-c0cfda792b0a/func.pickle
p506
sVfree_disk_bytes
p507
I538333184
sVruntime_cached
p508
I00
sVretcode
p509
I0
sVcall_id
p510
V00011
p511
sVoutput_key
p512
Vpywren.jobs/84074f8c-ca48-47e1-92f1-c0cfda792b0a/00011/output.pickle
p513
sVruntime_s3_key_used
p514
V85df1b-pywren.runtimes/default_2.7.tar.gz.0066
p515
sVaws_request_id
p516
Vc7979128-14b4-4c79-8e5e-2fb0b2b313ea
p517
sVexec_time
p518
F74.381112098693848
sVstart_time
p519
F1609150527.332257
sVsetup_time
p520
F7.2381019592285156
sVruntime_s3_bucket_used
p521
Vpywren-runtimes-public-us-west-2
p522
sVexception
p523
NsVhost_submit_time
p524
F1609150526.5768621
sVserver_info
p525
(dp526
Vuname
p527
V('Linux', '169.254.155.141', '4.14.203-112.332.amzn2.x86_64', '#1 SMP Wed Nov 4 20:46:34 UTC 2020', 'x86_64', 'x86_64')
p528
sV/proc/self/cgroup
p529
VMemTotal:        1717184 kB\u000aMemFree:         1119344 kB\u000aMemAvailable:    1486684 kB\u000aBuffers:           17496 kB\u000aCached:           464084 kB\u000aSwapCached:            0 kB\u000aActive:            94368 kB\u000aInactive:         448192 kB\u000aActive(anon):      60972 kB\u000aInactive(anon):      216 kB\u000aActive(file):      33396 kB\u000aInactive(file):   447976 kB\u000aUnevictable:           0 kB\u000aMlocked:               0 kB\u000aSwapTotal:             0 kB\u000aSwapFree:              0 kB\u000aDirty:                 4 kB\u000aWriteback:             0 kB\u000aAnonPages:         60968 kB\u000aMapped:            35308 kB\u000aShmem:               220 kB\u000aSlab:              42840 kB\u000aSReclaimable:      32948 kB\u000aSUnreclaim:         9892 kB\u000aKernelStack:        1168 kB\u000aPageTables:         1316 kB\u000aNFS_Unstable:          0 kB\u000aBounce:                0 kB\u000aWritebackTmp:          0 kB\u000aCommitLimit:      858592 kB\u000aCommitted_AS:     253828 kB\u000aVmallocTotal:   34359738367 kB\u000aVmallocUsed:           0 kB\u000aVmallocChunk:          0 kB\u000aAnonHugePages:         0 kB\u000aShmemHugePages:        0 kB\u000aShmemPmdMapped:        0 kB\u000aHugePages_Total:       0\u000aHugePages_Free:        0\u000aHugePages_Rsvd:        0\u000aHugePages_Surp:        0\u000aHugepagesize:       2048 kB\u000aDirectMap4k:       21504 kB\u000aDirectMap2M:     1740800 kB\u000a
p530
sV/proc/cgroups
p531
V#subsys_name	hierarchy	num_cgroups	enabled\u000acpuset	11	1	1\u000acpu	8	5	1\u000acpuacct	8	5	1\u000ablkio	10	1	1\u000amemory	3	5	1\u000adevices	5	1	1\u000afreezer	6	2	1\u000anet_cls	2	1	1\u000aperf_event	4	1	1\u000anet_prio	2	1	1\u000ahugetlb	9	1	1\u000apids	7	1	1\u000a
p532
sV/proc/cpuinfo
p533
Vprocessor	: 0\u000avendor_id	: GenuineIntel\u000acpu family	: 6\u000amodel		: 63\u000amodel name	: Intel(R) Xeon(R) Processor @ 2.50GHz\u000astepping	: 2\u000amicrocode	: 0x1\u000acpu MHz		: 2500.010\u000acache size	: 33792 KB\u000aphysical id	: 0\u000asiblings	: 2\u000acore id		: 0\u000acpu cores	: 2\u000aapicid		: 0\u000ainitial apicid	: 0\u000afpu		: yes\u000afpu_exception	: yes\u000acpuid level	: 13\u000awp		: yes\u000aflags		: fpu vme de pse tsc msr pae mce cx8 apic sep mtrr pge mca cmov pat pse36 clflush mmx fxsr sse sse2 ht syscall nx rdtscp lm constant_tsc rep_good nopl xtopology nonstop_tsc cpuid tsc_known_freq pni pclmulqdq ssse3 fma cx16 pcid sse4_1 sse4_2 x2apic movbe popcnt tsc_deadline_timer aes xsave avx f16c rdrand hypervisor lahf_lm abm cpuid_fault invpcid_single pti ssbd ibrs ibpb stibp fsgsbase tsc_adjust bmi1 avx2 smep bmi2 erms invpcid smap xsaveopt arat md_clear arch_capabilities\u000abugs		: cpu_meltdown spectre_v1 spectre_v2 spec_store_bypass l1tf mds swapgs\u000abogomips	: 5000.02\u000aclflush size	: 64\u000acache_alignment	: 64\u000aaddress sizes	: 46 bits physical, 48 bits virtual\u000apower management:\u000a\u000aprocessor	: 1\u000avendor_id	: GenuineIntel\u000acpu family	: 6\u000amodel		: 63\u000amodel name	: Intel(R) Xeon(R) Processor @ 2.50GHz\u000astepping	: 2\u000amicrocode	: 0x1\u000acpu MHz		: 2500.010\u000acache size	: 33792 KB\u000aphysical id	: 0\u000asiblings	: 2\u000acore id		: 1\u000acpu cores	: 2\u000aapicid		: 1\u000ainitial apicid	: 1\u000afpu		: yes\u000afpu_exception	: yes\u000acpuid level	: 13\u000awp		: yes\u000aflags		: fpu vme de pse tsc msr pae mce cx8 apic sep mtrr pge mca cmov pat pse36 clflush mmx fxsr sse sse2 ht syscall nx rdtscp lm constant_tsc rep_good nopl xtopology nonstop_tsc cpuid tsc_known_freq pni pclmulqdq ssse3 fma cx16 pcid sse4_1 sse4_2 x2apic movbe popcnt tsc_deadline_timer aes xsave avx f16c rdrand hypervisor lahf_lm abm cpuid_fault invpcid_single pti ssbd ibrs ibpb stibp fsgsbase tsc_adjust bmi1 avx2 smep bmi2 erms invpcid smap xsaveopt arat md_clear arch_capabilities\u000abugs		: cpu_meltdown spectre_v1 spectre_v2 spec_store_bypass l1tf mds swapgs\u000abogomips	: 5000.02\u000aclflush size	: 64\u000acache_alignment	: 64\u000aaddress sizes	: 46 bits physical, 48 bits virtual\u000apower management:\u000a\u000a
p534
sV/proc/meminfo
p535
VMemTotal:        1717184 kB\u000aMemFree:         1119344 kB\u000aMemAvailable:    1486684 kB\u000aBuffers:           17496 kB\u000aCached:           464084 kB\u000aSwapCached:            0 kB\u000aActive:            94368 kB\u000aInactive:         448192 kB\u000aActive(anon):      60972 kB\u000aInactive(anon):      216 kB\u000aActive(file):      33396 kB\u000aInactive(file):   447976 kB\u000aUnevictable:           0 kB\u000aMlocked:               0 kB\u000aSwapTotal:             0 kB\u000aSwapFree:              0 kB\u000aDirty:                 4 kB\u000aWriteback:             0 kB\u000aAnonPages:         60968 kB\u000aMapped:            35308 kB\u000aShmem:               220 kB\u000aSlab:              42840 kB\u000aSReclaimable:      32948 kB\u000aSUnreclaim:         9892 kB\u000aKernelStack:        1168 kB\u000aPageTables:         1316 kB\u000aNFS_Unstable:          0 kB\u000aBounce:                0 kB\u000aWritebackTmp:          0 kB\u000aCommitLimit:      858592 kB\u000aCommitted_AS:     253828 kB\u000aVmallocTotal:   34359738367 kB\u000aVmallocUsed:           0 kB\u000aVmallocChunk:          0 kB\u000aAnonHugePages:         0 kB\u000aShmemHugePages:        0 kB\u000aShmemPmdMapped:        0 kB\u000aHugePages_Total:       0\u000aHugePages_Free:        0\u000aHugePages_Rsvd:        0\u000aHugePages_Surp:        0\u000aHugepagesize:       2048 kB\u000aDirectMap4k:       21504 kB\u000aDirectMap2M:     1740800 kB\u000a
p536
ssVstatus_key
p537
Vpywren.jobs/84074f8c-ca48-47e1-92f1-c0cfda792b0a/00011/status.json
p538
sVend_time
p539
F1609150608.9514661
sVlog_group_name
p540
V/aws/lambda/pywren_redis_2
p541
sVdata_key
p542
Vpywren.jobs/84074f8c-ca48-47e1-92f1-c0cfda792b0a/aggdata.pickle
p543
sa(dp544
Vcallset_id
p545
V84074f8c-ca48-47e1-92f1-c0cfda792b0a
p546
sVlog_stream_name
p547
V2020/12/28/[$LATEST]a0a4594200dd4ff781bb83d39372c934
p548
sVstdout
p549
V
sVfunc_key
p550
Vpywren.jobs/84074f8c-ca48-47e1-92f1-c0cfda792b0a/func.pickle
p551
sVfree_disk_bytes
p552
I538333184
sVruntime_cached
p553
I00
sVretcode
p554
I0
sVcall_id
p555
V00012
p556
sVoutput_key
p557
Vpywren.jobs/84074f8c-ca48-47e1-92f1-c0cfda792b0a/00012/output.pickle
p558
sVruntime_s3_key_used
p559
Ve2a605-pywren.runtimes/default_2.7.tar.gz.0070
p560
sVaws_request_id
p561
V36db3122-e651-46fc-ae62-f8fb97aa00df
p562
sVexec_time
p563
F82.490893840789795
sVstart_time
p564
F1609150527.3379691
sVsetup_time
p565
F7.1552610397338867
sVruntime_s3_bucket_used
p566
Vpywren-runtimes-public-us-west-2
p567
sVexception
p568
NsVhost_submit_time
p569
F1609150526.588891
sVserver_info
p570
(dp571
Vuname
p572
V('Linux', '169.254.209.141', '4.14.203-112.332.amzn2.x86_64', '#1 SMP Wed Nov 4 20:46:34 UTC 2020', 'x86_64', 'x86_64')
p573
sV/proc/self/cgroup
p574
VMemTotal:        1717184 kB\u000aMemFree:         1118532 kB\u000aMemAvailable:    1486152 kB\u000aBuffers:           17644 kB\u000aCached:           464208 kB\u000aSwapCached:            0 kB\u000aActive:            94992 kB\u000aInactive:         447692 kB\u000aActive(anon):      60824 kB\u000aInactive(anon):      216 kB\u000aActive(file):      34168 kB\u000aInactive(file):   447476 kB\u000aUnevictable:           0 kB\u000aMlocked:               0 kB\u000aSwapTotal:             0 kB\u000aSwapFree:              0 kB\u000aDirty:               208 kB\u000aWriteback:             0 kB\u000aAnonPages:         60820 kB\u000aMapped:            34796 kB\u000aShmem:               220 kB\u000aSlab:              42932 kB\u000aSReclaimable:      32964 kB\u000aSUnreclaim:         9968 kB\u000aKernelStack:        1168 kB\u000aPageTables:         1320 kB\u000aNFS_Unstable:          0 kB\u000aBounce:                0 kB\u000aWritebackTmp:          0 kB\u000aCommitLimit:      858592 kB\u000aCommitted_AS:     253832 kB\u000aVmallocTotal:   34359738367 kB\u000aVmallocUsed:           0 kB\u000aVmallocChunk:          0 kB\u000aAnonHugePages:         0 kB\u000aShmemHugePages:        0 kB\u000aShmemPmdMapped:        0 kB\u000aHugePages_Total:       0\u000aHugePages_Free:        0\u000aHugePages_Rsvd:        0\u000aHugePages_Surp:        0\u000aHugepagesize:       2048 kB\u000aDirectMap4k:       21504 kB\u000aDirectMap2M:     1740800 kB\u000a
p575
sV/proc/cgroups
p576
V#subsys_name	hierarchy	num_cgroups	enabled\u000acpuset	3	1	1\u000acpu	9	5	1\u000acpuacct	9	5	1\u000ablkio	4	1	1\u000amemory	8	5	1\u000adevices	10	1	1\u000afreezer	5	2	1\u000anet_cls	2	1	1\u000aperf_event	7	1	1\u000anet_prio	2	1	1\u000ahugetlb	6	1	1\u000apids	11	1	1\u000a
p577
sV/proc/cpuinfo
p578
Vprocessor	: 0\u000avendor_id	: GenuineIntel\u000acpu family	: 6\u000amodel		: 63\u000amodel name	: Intel(R) Xeon(R) Processor @ 2.50GHz\u000astepping	: 2\u000amicrocode	: 0x1\u000acpu MHz		: 2500.012\u000acache size	: 33792 KB\u000aphysical id	: 0\u000asiblings	: 2\u000acore id		: 0\u000acpu cores	: 2\u000aapicid		: 0\u000ainitial apicid	: 0\u000afpu		: yes\u000afpu_exception	: yes\u000acpuid level	: 13\u000awp		: yes\u000aflags		: fpu vme de pse tsc msr pae mce cx8 apic sep mtrr pge mca cmov pat pse36 clflush mmx fxsr sse sse2 ht syscall nx rdtscp lm constant_tsc rep_good nopl xtopology nonstop_tsc cpuid tsc_known_freq pni pclmulqdq ssse3 fma cx16 pcid sse4_1 sse4_2 x2apic movbe popcnt tsc_deadline_timer aes xsave avx f16c rdrand hypervisor lahf_lm abm cpuid_fault invpcid_single pti ssbd ibrs ibpb stibp fsgsbase tsc_adjust bmi1 avx2 smep bmi2 erms invpcid smap xsaveopt arat md_clear arch_capabilities\u000abugs		: cpu_meltdown spectre_v1 spectre_v2 spec_store_bypass l1tf mds swapgs\u000abogomips	: 5000.02\u000aclflush size	: 64\u000acache_alignment	: 64\u000aaddress sizes	: 46 bits physical, 48 bits virtual\u000apower management:\u000a\u000aprocessor	: 1\u000avendor_id	: GenuineIntel\u000acpu family	: 6\u000amodel		: 63\u000amodel name	: Intel(R) Xeon(R) Processor @ 2.50GHz\u000astepping	: 2\u000amicrocode	: 0x1\u000acpu MHz		: 2500.012\u000acache size	: 33792 KB\u000aphysical id	: 0\u000asiblings	: 2\u000acore id		: 1\u000acpu cores	: 2\u000aapicid		: 1\u000ainitial apicid	: 1\u000afpu		: yes\u000afpu_exception	: yes\u000acpuid level	: 13\u000awp		: yes\u000aflags		: fpu vme de pse tsc msr pae mce cx8 apic sep mtrr pge mca cmov pat pse36 clflush mmx fxsr sse sse2 ht syscall nx rdtscp lm constant_tsc rep_good nopl xtopology nonstop_tsc cpuid tsc_known_freq pni pclmulqdq ssse3 fma cx16 pcid sse4_1 sse4_2 x2apic movbe popcnt tsc_deadline_timer aes xsave avx f16c rdrand hypervisor lahf_lm abm cpuid_fault invpcid_single pti ssbd ibrs ibpb stibp fsgsbase tsc_adjust bmi1 avx2 smep bmi2 erms invpcid smap xsaveopt arat md_clear arch_capabilities\u000abugs		: cpu_meltdown spectre_v1 spectre_v2 spec_store_bypass l1tf mds swapgs\u000abogomips	: 5000.02\u000aclflush size	: 64\u000acache_alignment	: 64\u000aaddress sizes	: 46 bits physical, 48 bits virtual\u000apower management:\u000a\u000a
p579
sV/proc/meminfo
p580
VMemTotal:        1717184 kB\u000aMemFree:         1118532 kB\u000aMemAvailable:    1486152 kB\u000aBuffers:           17644 kB\u000aCached:           464208 kB\u000aSwapCached:            0 kB\u000aActive:            94992 kB\u000aInactive:         447692 kB\u000aActive(anon):      60824 kB\u000aInactive(anon):      216 kB\u000aActive(file):      34168 kB\u000aInactive(file):   447476 kB\u000aUnevictable:           0 kB\u000aMlocked:               0 kB\u000aSwapTotal:             0 kB\u000aSwapFree:              0 kB\u000aDirty:               208 kB\u000aWriteback:             0 kB\u000aAnonPages:         60820 kB\u000aMapped:            34796 kB\u000aShmem:               220 kB\u000aSlab:              42932 kB\u000aSReclaimable:      32964 kB\u000aSUnreclaim:         9968 kB\u000aKernelStack:        1168 kB\u000aPageTables:         1320 kB\u000aNFS_Unstable:          0 kB\u000aBounce:                0 kB\u000aWritebackTmp:          0 kB\u000aCommitLimit:      858592 kB\u000aCommitted_AS:     253832 kB\u000aVmallocTotal:   34359738367 kB\u000aVmallocUsed:           0 kB\u000aVmallocChunk:          0 kB\u000aAnonHugePages:         0 kB\u000aShmemHugePages:        0 kB\u000aShmemPmdMapped:        0 kB\u000aHugePages_Total:       0\u000aHugePages_Free:        0\u000aHugePages_Rsvd:        0\u000aHugePages_Surp:        0\u000aHugepagesize:       2048 kB\u000aDirectMap4k:       21504 kB\u000aDirectMap2M:     1740800 kB\u000a
p581
ssVstatus_key
p582
Vpywren.jobs/84074f8c-ca48-47e1-92f1-c0cfda792b0a/00012/status.json
p583
sVend_time
p584
F1609150616.984117
sVlog_group_name
p585
V/aws/lambda/pywren_redis_2
p586
sVdata_key
p587
Vpywren.jobs/84074f8c-ca48-47e1-92f1-c0cfda792b0a/aggdata.pickle
p588
sa(dp589
Vcallset_id
p590
V84074f8c-ca48-47e1-92f1-c0cfda792b0a
p591
sVlog_stream_name
p592
V2020/12/28/[$LATEST]c9714c8fb76248059b537c5850f172b0
p593
sVstdout
p594
V
sVfunc_key
p595
Vpywren.jobs/84074f8c-ca48-47e1-92f1-c0cfda792b0a/func.pickle
p596
sVfree_disk_bytes
p597
I538333184
sVruntime_cached
p598
I00
sVretcode
p599
I0
sVcall_id
p600
V00013
p601
sVoutput_key
p602
Vpywren.jobs/84074f8c-ca48-47e1-92f1-c0cfda792b0a/00013/output.pickle
p603
sVruntime_s3_key_used
p604
Vc39cc0-pywren.runtimes/default_2.7.tar.gz.0048
p605
sVaws_request_id
p606
Vb79a3196-3daf-45a0-bb9f-756e3c5503b9
p607
sVexec_time
p608
F64.413515090942383
sVstart_time
p609
F1609150527.3442349
sVsetup_time
p610
F7.187932014465332
sVruntime_s3_bucket_used
p611
Vpywren-runtimes-public-us-west-2
p612
sVexception
p613
NsVhost_submit_time
p614
F1609150526.6009679
sVserver_info
p615
(dp616
Vuname
p617
V('Linux', '169.254.11.49', '4.14.203-112.332.amzn2.x86_64', '#1 SMP Wed Nov 4 20:46:34 UTC 2020', 'x86_64', 'x86_64')
p618
sV/proc/self/cgroup
p619
VMemTotal:        1717184 kB\u000aMemFree:         1118212 kB\u000aMemAvailable:    1486252 kB\u000aBuffers:           17620 kB\u000aCached:           464712 kB\u000aSwapCached:            0 kB\u000aActive:            94944 kB\u000aInactive:         448116 kB\u000aActive(anon):      60720 kB\u000aInactive(anon):      216 kB\u000aActive(file):      34224 kB\u000aInactive(file):   447900 kB\u000aUnevictable:           0 kB\u000aMlocked:               0 kB\u000aSwapTotal:             0 kB\u000aSwapFree:              0 kB\u000aDirty:                 8 kB\u000aWriteback:             0 kB\u000aAnonPages:         60720 kB\u000aMapped:            35336 kB\u000aShmem:               220 kB\u000aSlab:              42936 kB\u000aSReclaimable:      32848 kB\u000aSUnreclaim:        10088 kB\u000aKernelStack:        1152 kB\u000aPageTables:         1312 kB\u000aNFS_Unstable:          0 kB\u000aBounce:                0 kB\u000aWritebackTmp:          0 kB\u000aCommitLimit:      858592 kB\u000aCommitted_AS:     253820 kB\u000aVmallocTotal:   34359738367 kB\u000aVmallocUsed:           0 kB\u000aVmallocChunk:          0 kB\u000aAnonHugePages:         0 kB\u000aShmemHugePages:        0 kB\u000aShmemPmdMapped:        0 kB\u000aHugePages_Total:       0\u000aHugePages_Free:        0\u000aHugePages_Rsvd:        0\u000aHugePages_Surp:        0\u000aHugepagesize:       2048 kB\u000aDirectMap4k:       23552 kB\u000aDirectMap2M:     1738752 kB\u000a
p620
sV/proc/cgroups
p621
V#subsys_name	hierarchy	num_cgroups	enabled\u000acpuset	11	1	1\u000acpu	3	5	1\u000acpuacct	3	5	1\u000ablkio	2	1	1\u000amemory	5	5	1\u000adevices	4	1	1\u000afreezer	6	2	1\u000anet_cls	9	1	1\u000aperf_event	7	1	1\u000anet_prio	9	1	1\u000ahugetlb	10	1	1\u000apids	8	1	1\u000a
p622
sV/proc/cpuinfo
p623
Vprocessor	: 0\u000avendor_id	: GenuineIntel\u000acpu family	: 6\u000amodel		: 63\u000amodel name	: Intel(R) Xeon(R) Processor @ 2.50GHz\u000astepping	: 2\u000amicrocode	: 0x1\u000acpu MHz		: 2500.014\u000acache size	: 33792 KB\u000aphysical id	: 0\u000asiblings	: 2\u000acore id		: 0\u000acpu cores	: 2\u000aapicid		: 0\u000ainitial apicid	: 0\u000afpu		: yes\u000afpu_exception	: yes\u000acpuid level	: 13\u000awp		: yes\u000aflags		: fpu vme de pse tsc msr pae mce cx8 apic sep mtrr pge mca cmov pat pse36 clflush mmx fxsr sse sse2 ht syscall nx rdtscp lm constant_tsc rep_good nopl xtopology nonstop_tsc cpuid tsc_known_freq pni pclmulqdq ssse3 fma cx16 pcid sse4_1 sse4_2 x2apic movbe popcnt tsc_deadline_timer aes xsave avx f16c rdrand hypervisor lahf_lm abm cpuid_fault invpcid_single pti ssbd ibrs ibpb stibp fsgsbase tsc_adjust bmi1 avx2 smep bmi2 erms invpcid smap xsaveopt arat md_clear arch_capabilities\u000abugs		: cpu_meltdown spectre_v1 spectre_v2 spec_store_bypass l1tf mds swapgs\u000abogomips	: 5000.02\u000aclflush size	: 64\u000acache_alignment	: 64\u000aaddress sizes	: 46 bits physical, 48 bits virtual\u000apower management:\u000a\u000aprocessor	: 1\u000avendor_id	: GenuineIntel\u000acpu family	: 6\u000amodel		: 63\u000amodel name	: Intel(R) Xeon(R) Processor @ 2.50GHz\u000astepping	: 2\u000amicrocode	: 0x1\u000acpu MHz		: 2500.014\u000acache size	: 33792 KB\u000aphysical id	: 0\u000asiblings	: 2\u000acore id		: 1\u000acpu cores	: 2\u000aapicid		: 1\u000ainitial apicid	: 1\u000afpu		: yes\u000afpu_exception	: yes\u000acpuid level	: 13\u000awp		: yes\u000aflags		: fpu vme de pse tsc msr pae mce cx8 apic sep mtrr pge mca cmov pat pse36 clflush mmx fxsr sse sse2 ht syscall nx rdtscp lm constant_tsc rep_good nopl xtopology nonstop_tsc cpuid tsc_known_freq pni pclmulqdq ssse3 fma cx16 pcid sse4_1 sse4_2 x2apic movbe popcnt tsc_deadline_timer aes xsave avx f16c rdrand hypervisor lahf_lm abm cpuid_fault invpcid_single pti ssbd ibrs ibpb stibp fsgsbase tsc_adjust bmi1 avx2 smep bmi2 erms invpcid smap xsaveopt arat md_clear arch_capabilities\u000abugs		: cpu_meltdown spectre_v1 spectre_v2 spec_store_bypass l1tf mds swapgs\u000abogomips	: 5000.02\u000aclflush size	: 64\u000acache_alignment	: 64\u000aaddress sizes	: 46 bits physical, 48 bits virtual\u000apower management:\u000a\u000a
p624
sV/proc/meminfo
p625
VMemTotal:        1717184 kB\u000aMemFree:         1118212 kB\u000aMemAvailable:    1486252 kB\u000aBuffers:           17620 kB\u000aCached:           464712 kB\u000aSwapCached:            0 kB\u000aActive:            94944 kB\u000aInactive:         448116 kB\u000aActive(anon):      60720 kB\u000aInactive(anon):      216 kB\u000aActive(file):      34224 kB\u000aInactive(file):   447900 kB\u000aUnevictable:           0 kB\u000aMlocked:               0 kB\u000aSwapTotal:             0 kB\u000aSwapFree:              0 kB\u000aDirty:                 8 kB\u000aWriteback:             0 kB\u000aAnonPages:         60720 kB\u000aMapped:            35336 kB\u000aShmem:               220 kB\u000aSlab:              42936 kB\u000aSReclaimable:      32848 kB\u000aSUnreclaim:        10088 kB\u000aKernelStack:        1152 kB\u000aPageTables:         1312 kB\u000aNFS_Unstable:          0 kB\u000aBounce:                0 kB\u000aWritebackTmp:          0 kB\u000aCommitLimit:      858592 kB\u000aCommitted_AS:     253820 kB\u000aVmallocTotal:   34359738367 kB\u000aVmallocUsed:           0 kB\u000aVmallocChunk:          0 kB\u000aAnonHugePages:         0 kB\u000aShmemHugePages:        0 kB\u000aShmemPmdMapped:        0 kB\u000aHugePages_Total:       0\u000aHugePages_Free:        0\u000aHugePages_Rsvd:        0\u000aHugePages_Surp:        0\u000aHugepagesize:       2048 kB\u000aDirectMap4k:       23552 kB\u000aDirectMap2M:     1738752 kB\u000a
p626
ssVstatus_key
p627
Vpywren.jobs/84074f8c-ca48-47e1-92f1-c0cfda792b0a/00013/status.json
p628
sVend_time
p629
F1609150598.9456749
sVlog_group_name
p630
V/aws/lambda/pywren_redis_2
p631
sVdata_key
p632
Vpywren.jobs/84074f8c-ca48-47e1-92f1-c0cfda792b0a/aggdata.pickle
p633
sa(dp634
Vcallset_id
p635
V84074f8c-ca48-47e1-92f1-c0cfda792b0a
p636
sVlog_stream_name
p637
V2020/12/28/[$LATEST]657baf0f78544a10a27554222549955f
p638
sVstdout
p639
V
sVfunc_key
p640
Vpywren.jobs/84074f8c-ca48-47e1-92f1-c0cfda792b0a/func.pickle
p641
sVfree_disk_bytes
p642
I538333184
sVruntime_cached
p643
I00
sVretcode
p644
I0
sVcall_id
p645
V00014
p646
sVoutput_key
p647
Vpywren.jobs/84074f8c-ca48-47e1-92f1-c0cfda792b0a/00014/output.pickle
p648
sVruntime_s3_key_used
p649
V07c439-pywren.runtimes/default_2.7.tar.gz.0069
p650
sVaws_request_id
p651
Vcf7c6ae3-a034-4823-8268-0abefd0a5092
p652
sVexec_time
p653
F62.342082977294922
sVstart_time
p654
F1609150527.356889
sVsetup_time
p655
F6.9187910556793213
sVruntime_s3_bucket_used
p656
Vpywren-runtimes-public-us-west-2
p657
sVexception
p658
NsVhost_submit_time
p659
F1609150526.5966871
sVserver_info
p660
(dp661
Vuname
p662
V('Linux', '169.254.233.141', '4.14.203-112.332.amzn2.x86_64', '#1 SMP Wed Nov 4 20:46:34 UTC 2020', 'x86_64', 'x86_64')
p663
sV/proc/self/cgroup
p664
VMemTotal:        1717184 kB\u000aMemFree:         1118832 kB\u000aMemAvailable:    1485416 kB\u000aBuffers:           16936 kB\u000aCached:           463892 kB\u000aSwapCached:            0 kB\u000aActive:            94404 kB\u000aInactive:         447884 kB\u000aActive(anon):      61440 kB\u000aInactive(anon):      216 kB\u000aActive(file):      32964 kB\u000aInactive(file):   447668 kB\u000aUnevictable:           0 kB\u000aMlocked:               0 kB\u000aSwapTotal:             0 kB\u000aSwapFree:              0 kB\u000aDirty:                12 kB\u000aWriteback:             0 kB\u000aAnonPages:         61448 kB\u000aMapped:            35132 kB\u000aShmem:               220 kB\u000aSlab:              43128 kB\u000aSReclaimable:      32916 kB\u000aSUnreclaim:        10212 kB\u000aKernelStack:        1152 kB\u000aPageTables:         1332 kB\u000aNFS_Unstable:          0 kB\u000aBounce:                0 kB\u000aWritebackTmp:          0 kB\u000aCommitLimit:      858592 kB\u000aCommitted_AS:     253840 kB\u000aVmallocTotal:   34359738367 kB\u000aVmallocUsed:           0 kB\u000aVmallocChunk:          0 kB\u000aAnonHugePages:         0 kB\u000aShmemHugePages:        0 kB\u000aShmemPmdMapped:        0 kB\u000aHugePages_Total:       0\u000aHugePages_Free:        0\u000aHugePages_Rsvd:        0\u000aHugePages_Surp:        0\u000aHugepagesize:       2048 kB\u000aDirectMap4k:       21504 kB\u000aDirectMap2M:     1740800 kB\u000a
p665
sV/proc/cgroups
p666
V#subsys_name	hierarchy	num_cgroups	enabled\u000acpuset	5	1	1\u000acpu	2	5	1\u000acpuacct	2	5	1\u000ablkio	3	1	1\u000amemory	7	5	1\u000adevices	9	1	1\u000afreezer	8	2	1\u000anet_cls	6	1	1\u000aperf_event	10	1	1\u000anet_prio	6	1	1\u000ahugetlb	4	1	1\u000apids	11	1	1\u000a
p667
sV/proc/cpuinfo
p668
