(dp1
S'run_statuses'
p2
(lp3
(dp4
Vcallset_id
p5
Vcf734098-d95c-4c9c-b550-ce83beb50fea
p6
sVlog_stream_name
p7
V2020/12/27/[$LATEST]71a85ba487f2447da55f5a477cd99954
p8
sVstdout
p9
V
sVfunc_key
p10
Vpywren.jobs/cf734098-d95c-4c9c-b550-ce83beb50fea/func.pickle
p11
sVfree_disk_bytes
p12
I538333184
sVruntime_cached
p13
I00
sVretcode
p14
I0
sVcall_id
p15
V00000
p16
sVoutput_key
p17
Vpywren.jobs/cf734098-d95c-4c9c-b550-ce83beb50fea/00000/output.pickle
p18
sVruntime_s3_key_used
p19
Vbe2299-pywren.runtimes/default_2.7.tar.gz.0080
p20
sVaws_request_id
p21
Vef4206a9-bef4-4aed-8f96-5748fc6e02bb
p22
sVexec_time
p23
F62.288844108581543
sVstart_time
p24
F1609060360.271419
sVsetup_time
p25
F7.0083458423614502
sVruntime_s3_bucket_used
p26
Vpywren-runtimes-public-us-west-2
p27
sVexception
p28
NsVhost_submit_time
p29
F1609060359.4792299
sVserver_info
p30
(dp31
Vuname
p32
V('Linux', '169.254.178.133', '4.14.203-112.332.amzn2.x86_64', '#1 SMP Wed Nov 4 20:46:34 UTC 2020', 'x86_64', 'x86_64')
p33
sV/proc/self/cgroup
p34
VMemTotal:        1717184 kB\u000aMemFree:         1118528 kB\u000aMemAvailable:    1485628 kB\u000aBuffers:           17904 kB\u000aCached:           463476 kB\u000aSwapCached:            0 kB\u000aActive:            95496 kB\u000aInactive:         447372 kB\u000aActive(anon):      61480 kB\u000aInactive(anon):      216 kB\u000aActive(file):      34016 kB\u000aInactive(file):   447156 kB\u000aUnevictable:           0 kB\u000aMlocked:               0 kB\u000aSwapTotal:             0 kB\u000aSwapFree:              0 kB\u000aDirty:               360 kB\u000aWriteback:             0 kB\u000aAnonPages:         61476 kB\u000aMapped:            35232 kB\u000aShmem:               220 kB\u000aSlab:              42908 kB\u000aSReclaimable:      32868 kB\u000aSUnreclaim:        10040 kB\u000aKernelStack:        1152 kB\u000aPageTables:         1324 kB\u000aNFS_Unstable:          0 kB\u000aBounce:                0 kB\u000aWritebackTmp:          0 kB\u000aCommitLimit:      858592 kB\u000aCommitted_AS:     253476 kB\u000aVmallocTotal:   34359738367 kB\u000aVmallocUsed:           0 kB\u000aVmallocChunk:          0 kB\u000aAnonHugePages:         0 kB\u000aShmemHugePages:        0 kB\u000aShmemPmdMapped:        0 kB\u000aHugePages_Total:       0\u000aHugePages_Free:        0\u000aHugePages_Rsvd:        0\u000aHugePages_Surp:        0\u000aHugepagesize:       2048 kB\u000aDirectMap4k:       19456 kB\u000aDirectMap2M:     1742848 kB\u000a
p35
sV/proc/cgroups
p36
V#subsys_name	hierarchy	num_cgroups	enabled\u000acpuset	9	1	1\u000acpu	2	5	1\u000acpuacct	2	5	1\u000ablkio	11	1	1\u000amemory	4	5	1\u000adevices	8	1	1\u000afreezer	10	2	1\u000anet_cls	3	1	1\u000aperf_event	6	1	1\u000anet_prio	3	1	1\u000ahugetlb	5	1	1\u000apids	7	1	1\u000a
p37
sV/proc/cpuinfo
p38
Vprocessor	: 0\u000avendor_id	: GenuineIntel\u000acpu family	: 6\u000amodel		: 63\u000amodel name	: Intel(R) Xeon(R) Processor @ 2.50GHz\u000astepping	: 2\u000amicrocode	: 0x1\u000acpu MHz		: 2500.002\u000acache size	: 36608 KB\u000aphysical id	: 0\u000asiblings	: 2\u000acore id		: 0\u000acpu cores	: 2\u000aapicid		: 0\u000ainitial apicid	: 0\u000afpu		: yes\u000afpu_exception	: yes\u000acpuid level	: 13\u000awp		: yes\u000aflags		: fpu vme de pse tsc msr pae mce cx8 apic sep mtrr pge mca cmov pat pse36 clflush mmx fxsr sse sse2 ht syscall nx rdtscp lm constant_tsc rep_good nopl xtopology nonstop_tsc cpuid tsc_known_freq pni pclmulqdq ssse3 fma cx16 pcid sse4_1 sse4_2 x2apic movbe popcnt tsc_deadline_timer aes xsave avx f16c rdrand hypervisor lahf_lm abm cpuid_fault invpcid_single ssbd ibrs ibpb stibp ibrs_enhanced fsgsbase tsc_adjust bmi1 avx2 smep bmi2 erms invpcid smap xsaveopt arat md_clear arch_capabilities\u000abugs		: spectre_v1 spectre_v2 spec_store_bypass swapgs\u000abogomips	: 5000.00\u000aclflush size	: 64\u000acache_alignment	: 64\u000aaddress sizes	: 46 bits physical, 48 bits virtual\u000apower management:\u000a\u000aprocessor	: 1\u000avendor_id	: GenuineIntel\u000acpu family	: 6\u000amodel		: 63\u000amodel name	: Intel(R) Xeon(R) Processor @ 2.50GHz\u000astepping	: 2\u000amicrocode	: 0x1\u000acpu MHz		: 2500.002\u000acache size	: 36608 KB\u000aphysical id	: 0\u000asiblings	: 2\u000acore id		: 1\u000acpu cores	: 2\u000aapicid		: 1\u000ainitial apicid	: 1\u000afpu		: yes\u000afpu_exception	: yes\u000acpuid level	: 13\u000awp		: yes\u000aflags		: fpu vme de pse tsc msr pae mce cx8 apic sep mtrr pge mca cmov pat pse36 clflush mmx fxsr sse sse2 ht syscall nx rdtscp lm constant_tsc rep_good nopl xtopology nonstop_tsc cpuid tsc_known_freq pni pclmulqdq ssse3 fma cx16 pcid sse4_1 sse4_2 x2apic movbe popcnt tsc_deadline_timer aes xsave avx f16c rdrand hypervisor lahf_lm abm cpuid_fault invpcid_single ssbd ibrs ibpb stibp ibrs_enhanced fsgsbase tsc_adjust bmi1 avx2 smep bmi2 erms invpcid smap xsaveopt arat md_clear arch_capabilities\u000abugs		: spectre_v1 spectre_v2 spec_store_bypass swapgs\u000abogomips	: 5000.00\u000aclflush size	: 64\u000acache_alignment	: 64\u000aaddress sizes	: 46 bits physical, 48 bits virtual\u000apower management:\u000a\u000a
p39
sV/proc/meminfo
p40
VMemTotal:        1717184 kB\u000aMemFree:         1118528 kB\u000aMemAvailable:    1485628 kB\u000aBuffers:           17904 kB\u000aCached:           463476 kB\u000aSwapCached:            0 kB\u000aActive:            95496 kB\u000aInactive:         447372 kB\u000aActive(anon):      61480 kB\u000aInactive(anon):      216 kB\u000aActive(file):      34016 kB\u000aInactive(file):   447156 kB\u000aUnevictable:           0 kB\u000aMlocked:               0 kB\u000aSwapTotal:             0 kB\u000aSwapFree:              0 kB\u000aDirty:               360 kB\u000aWriteback:             0 kB\u000aAnonPages:         61476 kB\u000aMapped:            35232 kB\u000aShmem:               220 kB\u000aSlab:              42908 kB\u000aSReclaimable:      32868 kB\u000aSUnreclaim:        10040 kB\u000aKernelStack:        1152 kB\u000aPageTables:         1324 kB\u000aNFS_Unstable:          0 kB\u000aBounce:                0 kB\u000aWritebackTmp:          0 kB\u000aCommitLimit:      858592 kB\u000aCommitted_AS:     253476 kB\u000aVmallocTotal:   34359738367 kB\u000aVmallocUsed:           0 kB\u000aVmallocChunk:          0 kB\u000aAnonHugePages:         0 kB\u000aShmemHugePages:        0 kB\u000aShmemPmdMapped:        0 kB\u000aHugePages_Total:       0\u000aHugePages_Free:        0\u000aHugePages_Rsvd:        0\u000aHugePages_Surp:        0\u000aHugepagesize:       2048 kB\u000aDirectMap4k:       19456 kB\u000aDirectMap2M:     1742848 kB\u000a
p41
ssVstatus_key
p42
Vpywren.jobs/cf734098-d95c-4c9c-b550-ce83beb50fea/00000/status.json
p43
sVend_time
p44
F1609060429.568604
sVlog_group_name
p45
V/aws/lambda/pywren_redis_2
p46
sVdata_key
p47
Vpywren.jobs/cf734098-d95c-4c9c-b550-ce83beb50fea/aggdata.pickle
p48
sa(dp49
Vcallset_id
p50
Vcf734098-d95c-4c9c-b550-ce83beb50fea
p51
sVlog_stream_name
p52
V2020/12/27/[$LATEST]28a74128339b45c29f3875493225b530
p53
sVstdout
p54
V
sVfunc_key
p55
Vpywren.jobs/cf734098-d95c-4c9c-b550-ce83beb50fea/func.pickle
p56
sVfree_disk_bytes
p57
I538333184
sVruntime_cached
p58
I00
sVretcode
p59
I0
sVcall_id
p60
V00001
p61
sVoutput_key
p62
Vpywren.jobs/cf734098-d95c-4c9c-b550-ce83beb50fea/00001/output.pickle
p63
sVruntime_s3_key_used
p64
Vb3daa6-pywren.runtimes/default_2.7.tar.gz.0039
p65
sVaws_request_id
p66
V694d908d-6327-4cdb-8bc4-bdaf2df443c6
p67
sVexec_time
p68
F62.329602003097534
sVstart_time
p69
F1609060360.2862329
sVsetup_time
p70
F6.9688069820404053
sVruntime_s3_bucket_used
p71
Vpywren-runtimes-public-us-west-2
p72
sVexception
p73
NsVhost_submit_time
p74
F1609060359.486069
sVserver_info
p75
(dp76
Vuname
p77
V('Linux', '169.254.188.61', '4.14.203-112.332.amzn2.x86_64', '#1 SMP Wed Nov 4 20:46:34 UTC 2020', 'x86_64', 'x86_64')
p78
sV/proc/self/cgroup
p79
VMemTotal:        1717184 kB\u000aMemFree:         1122292 kB\u000aMemAvailable:    1485948 kB\u000aBuffers:           17320 kB\u000aCached:           460700 kB\u000aSwapCached:            0 kB\u000aActive:            94144 kB\u000aInactive:         445036 kB\u000aActive(anon):      61156 kB\u000aInactive(anon):      212 kB\u000aActive(file):      32988 kB\u000aInactive(file):   444824 kB\u000aUnevictable:           0 kB\u000aMlocked:               0 kB\u000aSwapTotal:             0 kB\u000aSwapFree:              0 kB\u000aDirty:               372 kB\u000aWriteback:             0 kB\u000aAnonPages:         61164 kB\u000aMapped:            35120 kB\u000aShmem:               220 kB\u000aSlab:              42776 kB\u000aSReclaimable:      32700 kB\u000aSUnreclaim:        10076 kB\u000aKernelStack:        1168 kB\u000aPageTables:         1324 kB\u000aNFS_Unstable:          0 kB\u000aBounce:                0 kB\u000aWritebackTmp:          0 kB\u000aCommitLimit:      858592 kB\u000aCommitted_AS:     253564 kB\u000aVmallocTotal:   34359738367 kB\u000aVmallocUsed:           0 kB\u000aVmallocChunk:          0 kB\u000aAnonHugePages:         0 kB\u000aShmemHugePages:        0 kB\u000aShmemPmdMapped:        0 kB\u000aHugePages_Total:       0\u000aHugePages_Free:        0\u000aHugePages_Rsvd:        0\u000aHugePages_Surp:        0\u000aHugepagesize:       2048 kB\u000aDirectMap4k:       21504 kB\u000aDirectMap2M:     1740800 kB\u000a
p80
sV/proc/cgroups
p81
V#subsys_name	hierarchy	num_cgroups	enabled\u000acpuset	3	1	1\u000acpu	4	5	1\u000acpuacct	4	5	1\u000ablkio	10	1	1\u000amemory	2	5	1\u000adevices	8	1	1\u000afreezer	11	2	1\u000anet_cls	9	1	1\u000aperf_event	5	1	1\u000anet_prio	9	1	1\u000ahugetlb	6	1	1\u000apids	7	1	1\u000a
p82
sV/proc/cpuinfo
p83
Vprocessor	: 0\u000avendor_id	: GenuineIntel\u000acpu family	: 6\u000amodel		: 63\u000amodel name	: Intel(R) Xeon(R) Processor @ 2.50GHz\u000astepping	: 2\u000amicrocode	: 0x1\u000acpu MHz		: 2500.012\u000acache size	: 36608 KB\u000aphysical id	: 0\u000asiblings	: 2\u000acore id		: 0\u000acpu cores	: 2\u000aapicid		: 0\u000ainitial apicid	: 0\u000afpu		: yes\u000afpu_exception	: yes\u000acpuid level	: 13\u000awp		: yes\u000aflags		: fpu vme de pse tsc msr pae mce cx8 apic sep mtrr pge mca cmov pat pse36 clflush mmx fxsr sse sse2 ht syscall nx rdtscp lm constant_tsc rep_good nopl xtopology nonstop_tsc cpuid tsc_known_freq pni pclmulqdq ssse3 fma cx16 pcid sse4_1 sse4_2 x2apic movbe popcnt tsc_deadline_timer aes xsave avx f16c rdrand hypervisor lahf_lm abm cpuid_fault invpcid_single ssbd ibrs ibpb stibp ibrs_enhanced fsgsbase tsc_adjust bmi1 avx2 smep bmi2 erms invpcid smap xsaveopt arat md_clear arch_capabilities\u000abugs		: spectre_v1 spectre_v2 spec_store_bypass swapgs\u000abogomips	: 5000.02\u000aclflush size	: 64\u000acache_alignment	: 64\u000aaddress sizes	: 46 bits physical, 48 bits virtual\u000apower management:\u000a\u000aprocessor	: 1\u000avendor_id	: GenuineIntel\u000acpu family	: 6\u000amodel		: 63\u000amodel name	: Intel(R) Xeon(R) Processor @ 2.50GHz\u000astepping	: 2\u000amicrocode	: 0x1\u000acpu MHz		: 2500.012\u000acache size	: 36608 KB\u000aphysical id	: 0\u000asiblings	: 2\u000acore id		: 1\u000acpu cores	: 2\u000aapicid		: 1\u000ainitial apicid	: 1\u000afpu		: yes\u000afpu_exception	: yes\u000acpuid level	: 13\u000awp		: yes\u000aflags		: fpu vme de pse tsc msr pae mce cx8 apic sep mtrr pge mca cmov pat pse36 clflush mmx fxsr sse sse2 ht syscall nx rdtscp lm constant_tsc rep_good nopl xtopology nonstop_tsc cpuid tsc_known_freq pni pclmulqdq ssse3 fma cx16 pcid sse4_1 sse4_2 x2apic movbe popcnt tsc_deadline_timer aes xsave avx f16c rdrand hypervisor lahf_lm abm cpuid_fault invpcid_single ssbd ibrs ibpb stibp ibrs_enhanced fsgsbase tsc_adjust bmi1 avx2 smep bmi2 erms invpcid smap xsaveopt arat md_clear arch_capabilities\u000abugs		: spectre_v1 spectre_v2 spec_store_bypass swapgs\u000abogomips	: 5000.02\u000aclflush size	: 64\u000acache_alignment	: 64\u000aaddress sizes	: 46 bits physical, 48 bits virtual\u000apower management:\u000a\u000a
p84
sV/proc/meminfo
p85
VMemTotal:        1717184 kB\u000aMemFree:         1122292 kB\u000aMemAvailable:    1485948 kB\u000aBuffers:           17320 kB\u000aCached:           460700 kB\u000aSwapCached:            0 kB\u000aActive:            94144 kB\u000aInactive:         445036 kB\u000aActive(anon):      61156 kB\u000aInactive(anon):      212 kB\u000aActive(file):      32988 kB\u000aInactive(file):   444824 kB\u000aUnevictable:           0 kB\u000aMlocked:               0 kB\u000aSwapTotal:             0 kB\u000aSwapFree:              0 kB\u000aDirty:               372 kB\u000aWriteback:             0 kB\u000aAnonPages:         61164 kB\u000aMapped:            35120 kB\u000aShmem:               220 kB\u000aSlab:              42776 kB\u000aSReclaimable:      32700 kB\u000aSUnreclaim:        10076 kB\u000aKernelStack:        1168 kB\u000aPageTables:         1324 kB\u000aNFS_Unstable:          0 kB\u000aBounce:                0 kB\u000aWritebackTmp:          0 kB\u000aCommitLimit:      858592 kB\u000aCommitted_AS:     253564 kB\u000aVmallocTotal:   34359738367 kB\u000aVmallocUsed:           0 kB\u000aVmallocChunk:          0 kB\u000aAnonHugePages:         0 kB\u000aShmemHugePages:        0 kB\u000aShmemPmdMapped:        0 kB\u000aHugePages_Total:       0\u000aHugePages_Free:        0\u000aHugePages_Rsvd:        0\u000aHugePages_Surp:        0\u000aHugepagesize:       2048 kB\u000aDirectMap4k:       21504 kB\u000aDirectMap2M:     1740800 kB\u000a
p86
ssVstatus_key
p87
Vpywren.jobs/cf734098-d95c-4c9c-b550-ce83beb50fea/00001/status.json
p88
sVend_time
p89
F1609060429.5846369
sVlog_group_name
p90
V/aws/lambda/pywren_redis_2
p91
sVdata_key
p92
Vpywren.jobs/cf734098-d95c-4c9c-b550-ce83beb50fea/aggdata.pickle
p93
sa(dp94
Vcallset_id
p95
Vcf734098-d95c-4c9c-b550-ce83beb50fea
p96
sVlog_stream_name
p97
V2020/12/27/[$LATEST]e9f45faccaa54df48abea6a7a9a88812
p98
sVstdout
p99
V
sVfunc_key
p100
Vpywren.jobs/cf734098-d95c-4c9c-b550-ce83beb50fea/func.pickle
p101
sVfree_disk_bytes
p102
I538333184
sVruntime_cached
p103
I00
sVretcode
p104
I0
sVcall_id
p105
V00002
p106
sVoutput_key
p107
Vpywren.jobs/cf734098-d95c-4c9c-b550-ce83beb50fea/00002/output.pickle
p108
sVruntime_s3_key_used
p109
Vb3daa6-pywren.runtimes/default_2.7.tar.gz.0039
p110
sVaws_request_id
p111
V726b405a-e914-4034-8086-5422c28167d7
p112
sVexec_time
p113
F62.362174034118652
sVstart_time
p114
F1609060360.2402999
sVsetup_time
p115
F6.9321630001068115
sVruntime_s3_bucket_used
p116
Vpywren-runtimes-public-us-west-2
p117
sVexception
p118
NsVhost_submit_time
p119
F1609060359.4912591
sVserver_info
p120
(dp121
Vuname
p122
V('Linux', '169.254.251.221', '4.14.203-112.332.amzn2.x86_64', '#1 SMP Wed Nov 4 20:46:34 UTC 2020', 'x86_64', 'x86_64')
p123
sV/proc/self/cgroup
p124
VMemTotal:        1717184 kB\u000aMemFree:         1120448 kB\u000aMemAvailable:    1486064 kB\u000aBuffers:           16944 kB\u000aCached:           463080 kB\u000aSwapCached:            0 kB\u000aActive:            94196 kB\u000aInactive:         447040 kB\u000aActive(anon):      61204 kB\u000aInactive(anon):      216 kB\u000aActive(file):      32992 kB\u000aInactive(file):   446824 kB\u000aUnevictable:           0 kB\u000aMlocked:               0 kB\u000aSwapTotal:             0 kB\u000aSwapFree:              0 kB\u000aDirty:               140 kB\u000aWriteback:             0 kB\u000aAnonPages:         61200 kB\u000aMapped:            35028 kB\u000aShmem:               220 kB\u000aSlab:              42904 kB\u000aSReclaimable:      32612 kB\u000aSUnreclaim:        10292 kB\u000aKernelStack:        1152 kB\u000aPageTables:         1336 kB\u000aNFS_Unstable:          0 kB\u000aBounce:                0 kB\u000aWritebackTmp:          0 kB\u000aCommitLimit:      858592 kB\u000aCommitted_AS:     252536 kB\u000aVmallocTotal:   34359738367 kB\u000aVmallocUsed:           0 kB\u000aVmallocChunk:          0 kB\u000aAnonHugePages:         0 kB\u000aShmemHugePages:        0 kB\u000aShmemPmdMapped:        0 kB\u000aHugePages_Total:       0\u000aHugePages_Free:        0\u000aHugePages_Rsvd:        0\u000aHugePages_Surp:        0\u000aHugepagesize:       2048 kB\u000aDirectMap4k:       19456 kB\u000aDirectMap2M:     1742848 kB\u000a
p125
sV/proc/cgroups
p126
V#subsys_name	hierarchy	num_cgroups	enabled\u000acpuset	11	1	1\u000acpu	2	5	1\u000acpuacct	2	5	1\u000ablkio	8	1	1\u000amemory	6	5	1\u000adevices	10	1	1\u000afreezer	7	2	1\u000anet_cls	5	1	1\u000aperf_event	9	1	1\u000anet_prio	5	1	1\u000ahugetlb	4	1	1\u000apids	3	1	1\u000a
p127
sV/proc/cpuinfo
p128
Vprocessor	: 0\u000avendor_id	: GenuineIntel\u000acpu family	: 6\u000amodel		: 63\u000amodel name	: Intel(R) Xeon(R) Processor @ 2.50GHz\u000astepping	: 2\u000amicrocode	: 0x1\u000acpu MHz		: 2500.000\u000acache size	: 36608 KB\u000aphysical id	: 0\u000asiblings	: 2\u000acore id		: 0\u000acpu cores	: 2\u000aapicid		: 0\u000ainitial apicid	: 0\u000afpu		: yes\u000afpu_exception	: yes\u000acpuid level	: 13\u000awp		: yes\u000aflags		: fpu vme de pse tsc msr pae mce cx8 apic sep mtrr pge mca cmov pat pse36 clflush mmx fxsr sse sse2 ht syscall nx rdtscp lm constant_tsc rep_good nopl xtopology nonstop_tsc cpuid tsc_known_freq pni pclmulqdq ssse3 fma cx16 pcid sse4_1 sse4_2 x2apic movbe popcnt tsc_deadline_timer aes xsave avx f16c rdrand hypervisor lahf_lm abm cpuid_fault invpcid_single ssbd ibrs ibpb stibp ibrs_enhanced fsgsbase tsc_adjust bmi1 avx2 smep bmi2 erms invpcid smap xsaveopt arat md_clear arch_capabilities\u000abugs		: spectre_v1 spectre_v2 spec_store_bypass swapgs\u000abogomips	: 5000.00\u000aclflush size	: 64\u000acache_alignment	: 64\u000aaddress sizes	: 46 bits physical, 48 bits virtual\u000apower management:\u000a\u000aprocessor	: 1\u000avendor_id	: GenuineIntel\u000acpu family	: 6\u000amodel		: 63\u000amodel name	: Intel(R) Xeon(R) Processor @ 2.50GHz\u000astepping	: 2\u000amicrocode	: 0x1\u000acpu MHz		: 2500.000\u000acache size	: 36608 KB\u000aphysical id	: 0\u000asiblings	: 2\u000acore id		: 1\u000acpu cores	: 2\u000aapicid		: 1\u000ainitial apicid	: 1\u000afpu		: yes\u000afpu_exception	: yes\u000acpuid level	: 13\u000awp		: yes\u000aflags		: fpu vme de pse tsc msr pae mce cx8 apic sep mtrr pge mca cmov pat pse36 clflush mmx fxsr sse sse2 ht syscall nx rdtscp lm constant_tsc rep_good nopl xtopology nonstop_tsc cpuid tsc_known_freq pni pclmulqdq ssse3 fma cx16 pcid sse4_1 sse4_2 x2apic movbe popcnt tsc_deadline_timer aes xsave avx f16c rdrand hypervisor lahf_lm abm cpuid_fault invpcid_single ssbd ibrs ibpb stibp ibrs_enhanced fsgsbase tsc_adjust bmi1 avx2 smep bmi2 erms invpcid smap xsaveopt arat md_clear arch_capabilities\u000abugs		: spectre_v1 spectre_v2 spec_store_bypass swapgs\u000abogomips	: 5000.00\u000aclflush size	: 64\u000acache_alignment	: 64\u000aaddress sizes	: 46 bits physical, 48 bits virtual\u000apower management:\u000a\u000a
p129
sV/proc/meminfo
p130
VMemTotal:        1717184 kB\u000aMemFree:         1120448 kB\u000aMemAvailable:    1486064 kB\u000aBuffers:           16944 kB\u000aCached:           463080 kB\u000aSwapCached:            0 kB\u000aActive:            94196 kB\u000aInactive:         447040 kB\u000aActive(anon):      61204 kB\u000aInactive(anon):      216 kB\u000aActive(file):      32992 kB\u000aInactive(file):   446824 kB\u000aUnevictable:           0 kB\u000aMlocked:               0 kB\u000aSwapTotal:             0 kB\u000aSwapFree:              0 kB\u000aDirty:               140 kB\u000aWriteback:             0 kB\u000aAnonPages:         61200 kB\u000aMapped:            35028 kB\u000aShmem:               220 kB\u000aSlab:              42904 kB\u000aSReclaimable:      32612 kB\u000aSUnreclaim:        10292 kB\u000aKernelStack:        1152 kB\u000aPageTables:         1336 kB\u000aNFS_Unstable:          0 kB\u000aBounce:                0 kB\u000aWritebackTmp:          0 kB\u000aCommitLimit:      858592 kB\u000aCommitted_AS:     252536 kB\u000aVmallocTotal:   34359738367 kB\u000aVmallocUsed:           0 kB\u000aVmallocChunk:          0 kB\u000aAnonHugePages:         0 kB\u000aShmemHugePages:        0 kB\u000aShmemPmdMapped:        0 kB\u000aHugePages_Total:       0\u000aHugePages_Free:        0\u000aHugePages_Rsvd:        0\u000aHugePages_Surp:        0\u000aHugepagesize:       2048 kB\u000aDirectMap4k:       19456 kB\u000aDirectMap2M:     1742848 kB\u000a
p131
ssVstatus_key
p132
Vpywren.jobs/cf734098-d95c-4c9c-b550-ce83beb50fea/00002/status.json
p133
sVend_time
p134
F1609060429.534632
sVlog_group_name
p135
V/aws/lambda/pywren_redis_2
p136
sVdata_key
p137
Vpywren.jobs/cf734098-d95c-4c9c-b550-ce83beb50fea/aggdata.pickle
p138
sa(dp139
Vcallset_id
p140
Vcf734098-d95c-4c9c-b550-ce83beb50fea
p141
sVlog_stream_name
p142
V2020/12/27/[$LATEST]e80a6a444eb54a32b34671b5c898f4dd
p143
sVstdout
p144
V
sVfunc_key
p145
Vpywren.jobs/cf734098-d95c-4c9c-b550-ce83beb50fea/func.pickle
p146
sVfree_disk_bytes
p147
I538333184
sVruntime_cached
p148
I00
sVretcode
p149
I0
sVcall_id
p150
V00003
p151
sVoutput_key
p152
Vpywren.jobs/cf734098-d95c-4c9c-b550-ce83beb50fea/00003/output.pickle
p153
sVruntime_s3_key_used
p154
Vbc07c9-pywren.runtimes/default_2.7.tar.gz.0058
p155
sVaws_request_id
p156
Vabebef1b-c070-4f5f-a8a6-cdb27a0ee5b5
p157
sVexec_time
p158
F62.245236158370972
sVstart_time
p159
F1609060360.652889
sVsetup_time
p160
F8.1498749256134033
sVruntime_s3_bucket_used
p161
Vpywren-runtimes-public-us-west-2
p162
sVexception
p163
NsVhost_submit_time
p164
F1609060359.497534
sVserver_info
p165
(dp166
Vuname
p167
V('Linux', '169.254.34.13', '4.14.203-112.332.amzn2.x86_64', '#1 SMP Wed Nov 4 20:46:34 UTC 2020', 'x86_64', 'x86_64')
p168
sV/proc/self/cgroup
p169
VMemTotal:        7473348 kB\u000aMemFree:         6860092 kB\u000aMemAvailable:    7137504 kB\u000aBuffers:           14520 kB\u000aCached:           463616 kB\u000aSwapCached:            0 kB\u000aActive:            93200 kB\u000aInactive:         446532 kB\u000aActive(anon):      61444 kB\u000aInactive(anon):      216 kB\u000aActive(file):      31756 kB\u000aInactive(file):   446316 kB\u000aUnevictable:           0 kB\u000aMlocked:               0 kB\u000aSwapTotal:             0 kB\u000aSwapFree:              0 kB\u000aDirty:               164 kB\u000aWriteback:             0 kB\u000aAnonPages:         61584 kB\u000aMapped:            34484 kB\u000aShmem:               220 kB\u000aSlab:              46472 kB\u000aSReclaimable:      34100 kB\u000aSUnreclaim:        12372 kB\u000aKernelStack:        1440 kB\u000aPageTables:         1344 kB\u000aNFS_Unstable:          0 kB\u000aBounce:                0 kB\u000aWritebackTmp:          0 kB\u000aCommitLimit:     3736672 kB\u000aCommitted_AS:     268176 kB\u000aVmallocTotal:   34359738367 kB\u000aVmallocUsed:           0 kB\u000aVmallocChunk:          0 kB\u000aAnonHugePages:         0 kB\u000aShmemHugePages:        0 kB\u000aShmemPmdMapped:        0 kB\u000aHugePages_Total:       0\u000aHugePages_Free:        0\u000aHugePages_Rsvd:        0\u000aHugePages_Surp:        0\u000aHugepagesize:       2048 kB\u000aDirectMap4k:       23552 kB\u000aDirectMap2M:     7653376 kB\u000a
p170
sV/proc/cgroups
p171
V#subsys_name	hierarchy	num_cgroups	enabled\u000acpuset	10	1	1\u000acpu	3	5	1\u000acpuacct	3	5	1\u000ablkio	9	1	1\u000amemory	7	5	1\u000adevices	6	1	1\u000afreezer	4	2	1\u000anet_cls	5	1	1\u000aperf_event	8	1	1\u000anet_prio	5	1	1\u000ahugetlb	11	1	1\u000apids	2	1	1\u000a
p172
sV/proc/cpuinfo
p173
Vprocessor	: 0\u000avendor_id	: GenuineIntel\u000acpu family	: 6\u000amodel		: 63\u000amodel name	: Intel(R) Xeon(R) Processor @ 2.50GHz\u000astepping	: 2\u000amicrocode	: 0x1\u000acpu MHz		: 2500.014\u000acache size	: 33792 KB\u000aphysical id	: 0\u000asiblings	: 4\u000acore id		: 0\u000acpu cores	: 4\u000aapicid		: 0\u000ainitial apicid	: 0\u000afpu		: yes\u000afpu_exception	: yes\u000acpuid level	: 13\u000awp		: yes\u000aflags		: fpu vme de pse tsc msr pae mce cx8 apic sep mtrr pge mca cmov pat pse36 clflush mmx fxsr sse sse2 ht syscall nx rdtscp lm constant_tsc rep_good nopl xtopology nonstop_tsc cpuid tsc_known_freq pni pclmulqdq ssse3 fma cx16 pcid sse4_1 sse4_2 x2apic movbe popcnt tsc_deadline_timer aes xsave avx f16c rdrand hypervisor lahf_lm abm cpuid_fault invpcid_single pti ssbd ibrs ibpb stibp fsgsbase tsc_adjust bmi1 avx2 smep bmi2 erms invpcid smap xsaveopt arat md_clear arch_capabilities\u000abugs		: cpu_meltdown spectre_v1 spectre_v2 spec_store_bypass l1tf mds swapgs\u000abogomips	: 5000.02\u000aclflush size	: 64\u000acache_alignment	: 64\u000aaddress sizes	: 46 bits physical, 48 bits virtual\u000apower management:\u000a\u000aprocessor	: 1\u000avendor_id	: GenuineIntel\u000acpu family	: 6\u000amodel		: 63\u000amodel name	: Intel(R) Xeon(R) Processor @ 2.50GHz\u000astepping	: 2\u000amicrocode	: 0x1\u000acpu MHz		: 2500.014\u000acache size	: 33792 KB\u000aphysical id	: 0\u000asiblings	: 4\u000acore id		: 1\u000acpu cores	: 4\u000aapicid		: 1\u000ainitial apicid	: 1\u000afpu		: yes\u000afpu_exception	: yes\u000acpuid level	: 13\u000awp		: yes\u000aflags		: fpu vme de pse tsc msr pae mce cx8 apic sep mtrr pge mca cmov pat pse36 clflush mmx fxsr sse sse2 ht syscall nx rdtscp lm constant_tsc rep_good nopl xtopology nonstop_tsc cpuid tsc_known_freq pni pclmulqdq ssse3 fma cx16 pcid sse4_1 sse4_2 x2apic movbe popcnt tsc_deadline_timer aes xsave avx f16c rdrand hypervisor lahf_lm abm cpuid_fault invpcid_single pti ssbd ibrs ibpb stibp fsgsbase tsc_adjust bmi1 avx2 smep bmi2 erms invpcid smap xsaveopt arat md_clear arch_capabilities\u000abugs		: cpu_meltdown spectre_v1 spectre_v2 spec_store_bypass l1tf mds swapgs\u000abogomips	: 5000.02\u000aclflush size	: 64\u000acache_alignment	: 64\u000aaddress sizes	: 46 bits physical, 48 bits virtual\u000apower management:\u000a\u000aprocessor	: 2\u000avendor_id	: GenuineIntel\u000acpu family	: 6\u000amodel		: 63\u000amodel name	: Intel(R) Xeon(R) Processor @ 2.50GHz\u000astepping	: 2\u000amicrocode	: 0x1\u000acpu MHz		: 2500.014\u000acache size	: 33792 KB\u000aphysical id	: 0\u000asiblings	: 4\u000acore id		: 2\u000acpu cores	: 4\u000aapicid		: 2\u000ainitial apicid	: 2\u000afpu		: yes\u000afpu_exception	: yes\u000acpuid level	: 13\u000awp		: yes\u000aflags		: fpu vme de pse tsc msr pae mce cx8 apic sep mtrr pge mca cmov pat pse36 clflush mmx fxsr sse sse2 ht syscall nx rdtscp lm constant_tsc rep_good nopl xtopology nonstop_tsc cpuid tsc_known_freq pni pclmulqdq ssse3 fma cx16 pcid sse4_1 sse4_2 x2apic movbe popcnt tsc_deadline_timer aes xsave avx f16c rdrand hypervisor lahf_lm abm cpuid_fault invpcid_single pti ssbd ibrs ibpb stibp fsgsbase tsc_adjust bmi1 avx2 smep bmi2 erms invpcid smap xsaveopt arat md_clear arch_capabilities\u000abugs		: cpu_meltdown spectre_v1 spectre_v2 spec_store_bypass l1tf mds swapgs\u000abogomips	: 5000.02\u000aclflush size	: 64\u000acache_alignment	: 64\u000aaddress sizes	: 46 bits physical, 48 bits virtual\u000apower management:\u000a\u000aprocessor	: 3\u000avendor_id	: GenuineIntel\u000acpu family	: 6\u000amodel		: 63\u000amodel name	: Intel(R) Xeon(R) Processor @ 2.50GHz\u000astepping	: 2\u000amicrocode	: 0x1\u000acpu MHz		: 2500.014\u000acache size	: 33792 KB\u000aphysical id	: 0\u000asiblings	: 4\u000acore id		: 3\u000acpu cores	: 4\u000aapicid		: 3\u000ainitial apicid	: 3\u000afpu		: yes\u000afpu_exception	: yes\u000acpuid level	: 13\u000awp		: yes\u000aflags		: fpu vme de pse tsc msr pae mce cx8 apic sep mtrr pge mca cmov pat pse36 clflush mmx fxsr sse sse2 ht syscall nx rdtscp lm constant_tsc rep_good nopl xtopology nonstop_tsc cpuid tsc_known_freq pni pclmulqdq ssse3 fma cx16 pcid sse4_1 sse4_2 x2apic movbe popcnt tsc_deadline_timer aes xsave avx f16c rdrand hypervisor lahf_lm abm cpuid_fault invpcid_single pti ssbd ibrs ibpb stibp fsgsbase tsc_adjust bmi1 avx2 smep bmi2 erms invpcid smap xsaveopt arat md_clear arch_capabilities\u000abugs		: cpu_meltdown spectre_v1 spectre_v2 spec_store_bypass l1tf mds swapgs\u000abogomips	: 5000.02\u000aclflush size	: 64\u000acache_alignment	: 64\u000aaddress sizes	: 46 bits physical, 48 bits virtual\u000apower management:\u000a\u000a
p174
sV/proc/meminfo
p175
VMemTotal:        7473348 kB\u000aMemFree:         6860092 kB\u000aMemAvailable:    7137504 kB\u000aBuffers:           14520 kB\u000aCached:           463616 kB\u000aSwapCached:            0 kB\u000aActive:            93200 kB\u000aInactive:         446532 kB\u000aActive(anon):      61444 kB\u000aInactive(anon):      216 kB\u000aActive(file):      31756 kB\u000aInactive(file):   446316 kB\u000aUnevictable:           0 kB\u000aMlocked:               0 kB\u000aSwapTotal:             0 kB\u000aSwapFree:              0 kB\u000aDirty:               164 kB\u000aWriteback:             0 kB\u000aAnonPages:         61584 kB\u000aMapped:            34484 kB\u000aShmem:               220 kB\u000aSlab:              46472 kB\u000aSReclaimable:      34100 kB\u000aSUnreclaim:        12372 kB\u000aKernelStack:        1440 kB\u000aPageTables:         1344 kB\u000aNFS_Unstable:          0 kB\u000aBounce:                0 kB\u000aWritebackTmp:          0 kB\u000aCommitLimit:     3736672 kB\u000aCommitted_AS:     268176 kB\u000aVmallocTotal:   34359738367 kB\u000aVmallocUsed:           0 kB\u000aVmallocChunk:          0 kB\u000aAnonHugePages:         0 kB\u000aShmemHugePages:        0 kB\u000aShmemPmdMapped:        0 kB\u000aHugePages_Total:       0\u000aHugePages_Free:        0\u000aHugePages_Rsvd:        0\u000aHugePages_Surp:        0\u000aHugepagesize:       2048 kB\u000aDirectMap4k:       23552 kB\u000aDirectMap2M:     7653376 kB\u000a
p176
ssVstatus_key
p177
Vpywren.jobs/cf734098-d95c-4c9c-b550-ce83beb50fea/00003/status.json
p178
sVend_time
p179
F1609060431.0479939
sVlog_group_name
p180
V/aws/lambda/pywren_redis_2
p181
sVdata_key
p182
Vpywren.jobs/cf734098-d95c-4c9c-b550-ce83beb50fea/aggdata.pickle
p183
sa(dp184
Vcallset_id
p185
Vcf734098-d95c-4c9c-b550-ce83beb50fea
p186
sVlog_stream_name
p187
V2020/12/27/[$LATEST]642958631ade4403bac312c5a90f26ef
p188
sVstdout
p189
V
sVfunc_key
p190
Vpywren.jobs/cf734098-d95c-4c9c-b550-ce83beb50fea/func.pickle
p191
sVfree_disk_bytes
p192
I538333184
sVruntime_cached
p193
I00
sVretcode
p194
I0
sVcall_id
p195
V00004
p196
sVoutput_key
p197
Vpywren.jobs/cf734098-d95c-4c9c-b550-ce83beb50fea/00004/output.pickle
p198
sVruntime_s3_key_used
p199
V9e6738-pywren.runtimes/default_2.7.tar.gz.0081
p200
sVaws_request_id
p201
Vd1a483fa-41ec-4250-98ac-f22d60396fef
p202
sVexec_time
p203
F62.384947061538696
sVstart_time
p204
F1609060360.2862501
sVsetup_time
p205
F7.1385498046875
sVruntime_s3_bucket_used
p206
Vpywren-runtimes-public-us-west-2
p207
sVexception
p208
NsVhost_submit_time
p209
F1609060359.504133
sVserver_info
p210
(dp211
Vuname
p212
V('Linux', '169.254.199.229', '4.14.203-112.332.amzn2.x86_64', '#1 SMP Wed Nov 4 20:46:34 UTC 2020', 'x86_64', 'x86_64')
p213
sV/proc/self/cgroup
p214
VMemTotal:        1717184 kB\u000aMemFree:         1118796 kB\u000aMemAvailable:    1485796 kB\u000aBuffers:           17604 kB\u000aCached:           463724 kB\u000aSwapCached:            0 kB\u000aActive:            95328 kB\u000aInactive:         447132 kB\u000aActive(anon):      61124 kB\u000aInactive(anon):      216 kB\u000aActive(file):      34204 kB\u000aInactive(file):   446916 kB\u000aUnevictable:           0 kB\u000aMlocked:               0 kB\u000aSwapTotal:             0 kB\u000aSwapFree:              0 kB\u000aDirty:               144 kB\u000aWriteback:             0 kB\u000aAnonPages:         61120 kB\u000aMapped:            35000 kB\u000aShmem:               220 kB\u000aSlab:              43036 kB\u000aSReclaimable:      32772 kB\u000aSUnreclaim:        10264 kB\u000aKernelStack:        1152 kB\u000aPageTables:         1340 kB\u000aNFS_Unstable:          0 kB\u000aBounce:                0 kB\u000aWritebackTmp:          0 kB\u000aCommitLimit:      858592 kB\u000aCommitted_AS:     253748 kB\u000aVmallocTotal:   34359738367 kB\u000aVmallocUsed:           0 kB\u000aVmallocChunk:          0 kB\u000aAnonHugePages:         0 kB\u000aShmemHugePages:        0 kB\u000aShmemPmdMapped:        0 kB\u000aHugePages_Total:       0\u000aHugePages_Free:        0\u000aHugePages_Rsvd:        0\u000aHugePages_Surp:        0\u000aHugepagesize:       2048 kB\u000aDirectMap4k:       19456 kB\u000aDirectMap2M:     1742848 kB\u000a
p215
sV/proc/cgroups
p216
V#subsys_name	hierarchy	num_cgroups	enabled\u000acpuset	9	1	1\u000acpu	6	5	1\u000acpuacct	6	5	1\u000ablkio	3	1	1\u000amemory	8	5	1\u000adevices	7	1	1\u000afreezer	5	2	1\u000anet_cls	4	1	1\u000aperf_event	11	1	1\u000anet_prio	4	1	1\u000ahugetlb	10	1	1\u000apids	2	1	1\u000a
p217
sV/proc/cpuinfo
p218
Vprocessor	: 0\u000avendor_id	: GenuineIntel\u000acpu family	: 6\u000amodel		: 63\u000amodel name	: Intel(R) Xeon(R) Processor @ 2.50GHz\u000astepping	: 2\u000amicrocode	: 0x1\u000acpu MHz		: 2500.012\u000acache size	: 33792 KB\u000aphysical id	: 0\u000asiblings	: 2\u000acore id		: 0\u000acpu cores	: 2\u000aapicid		: 0\u000ainitial apicid	: 0\u000afpu		: yes\u000afpu_exception	: yes\u000acpuid level	: 13\u000awp		: yes\u000aflags		: fpu vme de pse tsc msr pae mce cx8 apic sep mtrr pge mca cmov pat pse36 clflush mmx fxsr sse sse2 ht syscall nx rdtscp lm constant_tsc rep_good nopl xtopology nonstop_tsc cpuid tsc_known_freq pni pclmulqdq ssse3 fma cx16 pcid sse4_1 sse4_2 x2apic movbe popcnt tsc_deadline_timer aes xsave avx f16c rdrand hypervisor lahf_lm abm cpuid_fault invpcid_single pti ssbd ibrs ibpb stibp fsgsbase tsc_adjust bmi1 avx2 smep bmi2 erms invpcid smap xsaveopt arat md_clear arch_capabilities\u000abugs		: cpu_meltdown spectre_v1 spectre_v2 spec_store_bypass l1tf mds swapgs\u000abogomips	: 5000.02\u000aclflush size	: 64\u000acache_alignment	: 64\u000aaddress sizes	: 46 bits physical, 48 bits virtual\u000apower management:\u000a\u000aprocessor	: 1\u000avendor_id	: GenuineIntel\u000acpu family	: 6\u000amodel		: 63\u000amodel name	: Intel(R) Xeon(R) Processor @ 2.50GHz\u000astepping	: 2\u000amicrocode	: 0x1\u000acpu MHz		: 2500.012\u000acache size	: 33792 KB\u000aphysical id	: 0\u000asiblings	: 2\u000acore id		: 1\u000acpu cores	: 2\u000aapicid		: 1\u000ainitial apicid	: 1\u000afpu		: yes\u000afpu_exception	: yes\u000acpuid level	: 13\u000awp		: yes\u000aflags		: fpu vme de pse tsc msr pae mce cx8 apic sep mtrr pge mca cmov pat pse36 clflush mmx fxsr sse sse2 ht syscall nx rdtscp lm constant_tsc rep_good nopl xtopology nonstop_tsc cpuid tsc_known_freq pni pclmulqdq ssse3 fma cx16 pcid sse4_1 sse4_2 x2apic movbe popcnt tsc_deadline_timer aes xsave avx f16c rdrand hypervisor lahf_lm abm cpuid_fault invpcid_single pti ssbd ibrs ibpb stibp fsgsbase tsc_adjust bmi1 avx2 smep bmi2 erms invpcid smap xsaveopt arat md_clear arch_capabilities\u000abugs		: cpu_meltdown spectre_v1 spectre_v2 spec_store_bypass l1tf mds swapgs\u000abogomips	: 5000.02\u000aclflush size	: 64\u000acache_alignment	: 64\u000aaddress sizes	: 46 bits physical, 48 bits virtual\u000apower management:\u000a\u000a
p219
sV/proc/meminfo
p220
VMemTotal:        1717184 kB\u000aMemFree:         1118796 kB\u000aMemAvailable:    1485796 kB\u000aBuffers:           17604 kB\u000aCached:           463724 kB\u000aSwapCached:            0 kB\u000aActive:            95328 kB\u000aInactive:         447132 kB\u000aActive(anon):      61124 kB\u000aInactive(anon):      216 kB\u000aActive(file):      34204 kB\u000aInactive(file):   446916 kB\u000aUnevictable:           0 kB\u000aMlocked:               0 kB\u000aSwapTotal:             0 kB\u000aSwapFree:              0 kB\u000aDirty:               144 kB\u000aWriteback:             0 kB\u000aAnonPages:         61120 kB\u000aMapped:            35000 kB\u000aShmem:               220 kB\u000aSlab:              43036 kB\u000aSReclaimable:      32772 kB\u000aSUnreclaim:        10264 kB\u000aKernelStack:        1152 kB\u000aPageTables:         1340 kB\u000aNFS_Unstable:          0 kB\u000aBounce:                0 kB\u000aWritebackTmp:          0 kB\u000aCommitLimit:      858592 kB\u000aCommitted_AS:     253748 kB\u000aVmallocTotal:   34359738367 kB\u000aVmallocUsed:           0 kB\u000aVmallocChunk:          0 kB\u000aAnonHugePages:         0 kB\u000aShmemHugePages:        0 kB\u000aShmemPmdMapped:        0 kB\u000aHugePages_Total:       0\u000aHugePages_Free:        0\u000aHugePages_Rsvd:        0\u000aHugePages_Surp:        0\u000aHugepagesize:       2048 kB\u000aDirectMap4k:       19456 kB\u000aDirectMap2M:     1742848 kB\u000a
p221
ssVstatus_key
p222
Vpywren.jobs/cf734098-d95c-4c9c-b550-ce83beb50fea/00004/status.json
p223
sVend_time
p224
F1609060429.809742
sVlog_group_name
p225
V/aws/lambda/pywren_redis_2
p226
sVdata_key
p227
Vpywren.jobs/cf734098-d95c-4c9c-b550-ce83beb50fea/aggdata.pickle
p228
sa(dp229
Vcallset_id
p230
Vcf734098-d95c-4c9c-b550-ce83beb50fea
p231
sVlog_stream_name
p232
V2020/12/27/[$LATEST]7c6df413adb74d40a315184d4cd34a73
p233
sVstdout
p234
V
sVfunc_key
p235
Vpywren.jobs/cf734098-d95c-4c9c-b550-ce83beb50fea/func.pickle
p236
sVfree_disk_bytes
p237
I538333184
sVruntime_cached
p238
I00
sVretcode
p239
I0
sVcall_id
p240
V00005
p241
sVoutput_key
p242
Vpywren.jobs/cf734098-d95c-4c9c-b550-ce83beb50fea/00005/output.pickle
p243
sVruntime_s3_key_used
p244
Vc4680d-pywren.runtimes/default_2.7.tar.gz.0043
p245
sVaws_request_id
p246
Vba8fbf7b-6f63-4ac7-8700-77ef625de869
p247
sVexec_time
p248
F62.400026082992554
sVstart_time
p249
F1609060360.2651601
sVsetup_time
p250
F6.8550758361816406
sVruntime_s3_bucket_used
p251
Vpywren-runtimes-public-us-west-2
p252
sVexception
p253
NsVhost_submit_time
p254
F1609060359.4990611
sVserver_info
p255
(dp256
Vuname
p257
V('Linux', '169.254.9.249', '4.14.203-112.332.amzn2.x86_64', '#1 SMP Wed Nov 4 20:46:34 UTC 2020', 'x86_64', 'x86_64')
p258
sV/proc/self/cgroup
p259
VMemTotal:        1717184 kB\u000aMemFree:         1122280 kB\u000aMemAvailable:    1485648 kB\u000aBuffers:           15068 kB\u000aCached:           462548 kB\u000aSwapCached:            0 kB\u000aActive:            92680 kB\u000aInactive:         446536 kB\u000aActive(anon):      61512 kB\u000aInactive(anon):      216 kB\u000aActive(file):      31168 kB\u000aInactive(file):   446320 kB\u000aUnevictable:           0 kB\u000aMlocked:               0 kB\u000aSwapTotal:             0 kB\u000aSwapFree:              0 kB\u000aDirty:               188 kB\u000aWriteback:             0 kB\u000aAnonPages:         61624 kB\u000aMapped:            34376 kB\u000aShmem:               220 kB\u000aSlab:              42768 kB\u000aSReclaimable:      32772 kB\u000aSUnreclaim:         9996 kB\u000aKernelStack:        1168 kB\u000aPageTables:         1332 kB\u000aNFS_Unstable:          0 kB\u000aBounce:                0 kB\u000aWritebackTmp:          0 kB\u000aCommitLimit:      858592 kB\u000aCommitted_AS:     253552 kB\u000aVmallocTotal:   34359738367 kB\u000aVmallocUsed:           0 kB\u000aVmallocChunk:          0 kB\u000aAnonHugePages:         0 kB\u000aShmemHugePages:        0 kB\u000aShmemPmdMapped:        0 kB\u000aHugePages_Total:       0\u000aHugePages_Free:        0\u000aHugePages_Rsvd:        0\u000aHugePages_Surp:        0\u000aHugepagesize:       2048 kB\u000aDirectMap4k:       23552 kB\u000aDirectMap2M:     1738752 kB\u000a
p260
sV/proc/cgroups
p261
V#subsys_name	hierarchy	num_cgroups	enabled\u000acpuset	10	1	1\u000acpu	6	5	1\u000acpuacct	6	5	1\u000ablkio	2	1	1\u000amemory	9	5	1\u000adevices	11	1	1\u000afreezer	5	2	1\u000anet_cls	3	1	1\u000aperf_event	7	1	1\u000anet_prio	3	1	1\u000ahugetlb	4	1	1\u000apids	8	1	1\u000a
p262
sV/proc/cpuinfo
p263
Vprocessor	: 0\u000avendor_id	: GenuineIntel\u000acpu family	: 6\u000amodel		: 63\u000amodel name	: Intel(R) Xeon(R) Processor @ 2.50GHz\u000astepping	: 2\u000amicrocode	: 0x1\u000acpu MHz		: 2500.012\u000acache size	: 36608 KB\u000aphysical id	: 0\u000asiblings	: 2\u000acore id		: 0\u000acpu cores	: 2\u000aapicid		: 0\u000ainitial apicid	: 0\u000afpu		: yes\u000afpu_exception	: yes\u000acpuid level	: 13\u000awp		: yes\u000aflags		: fpu vme de pse tsc msr pae mce cx8 apic sep mtrr pge mca cmov pat pse36 clflush mmx fxsr sse sse2 ht syscall nx rdtscp lm constant_tsc rep_good nopl xtopology nonstop_tsc cpuid tsc_known_freq pni pclmulqdq ssse3 fma cx16 pcid sse4_1 sse4_2 x2apic movbe popcnt tsc_deadline_timer aes xsave avx f16c rdrand hypervisor lahf_lm abm cpuid_fault invpcid_single ssbd ibrs ibpb stibp ibrs_enhanced fsgsbase tsc_adjust bmi1 avx2 smep bmi2 erms invpcid smap xsaveopt arat md_clear arch_capabilities\u000abugs		: spectre_v1 spectre_v2 spec_store_bypass swapgs\u000abogomips	: 5000.02\u000aclflush size	: 64\u000acache_alignment	: 64\u000aaddress sizes	: 46 bits physical, 48 bits virtual\u000apower management:\u000a\u000aprocessor	: 1\u000avendor_id	: GenuineIntel\u000acpu family	: 6\u000amodel		: 63\u000amodel name	: Intel(R) Xeon(R) Processor @ 2.50GHz\u000astepping	: 2\u000amicrocode	: 0x1\u000acpu MHz		: 2500.012\u000acache size	: 36608 KB\u000aphysical id	: 0\u000asiblings	: 2\u000acore id		: 1\u000acpu cores	: 2\u000aapicid		: 1\u000ainitial apicid	: 1\u000afpu		: yes\u000afpu_exception	: yes\u000acpuid level	: 13\u000awp		: yes\u000aflags		: fpu vme de pse tsc msr pae mce cx8 apic sep mtrr pge mca cmov pat pse36 clflush mmx fxsr sse sse2 ht syscall nx rdtscp lm constant_tsc rep_good nopl xtopology nonstop_tsc cpuid tsc_known_freq pni pclmulqdq ssse3 fma cx16 pcid sse4_1 sse4_2 x2apic movbe popcnt tsc_deadline_timer aes xsave avx f16c rdrand hypervisor lahf_lm abm cpuid_fault invpcid_single ssbd ibrs ibpb stibp ibrs_enhanced fsgsbase tsc_adjust bmi1 avx2 smep bmi2 erms invpcid smap xsaveopt arat md_clear arch_capabilities\u000abugs		: spectre_v1 spectre_v2 spec_store_bypass swapgs\u000abogomips	: 5000.02\u000aclflush size	: 64\u000acache_alignment	: 64\u000aaddress sizes	: 46 bits physical, 48 bits virtual\u000apower management:\u000a\u000a
p264
sV/proc/meminfo
p265
VMemTotal:        1717184 kB\u000aMemFree:         1122280 kB\u000aMemAvailable:    1485648 kB\u000aBuffers:           15068 kB\u000aCached:           462548 kB\u000aSwapCached:            0 kB\u000aActive:            92680 kB\u000aInactive:         446536 kB\u000aActive(anon):      61512 kB\u000aInactive(anon):      216 kB\u000aActive(file):      31168 kB\u000aInactive(file):   446320 kB\u000aUnevictable:           0 kB\u000aMlocked:               0 kB\u000aSwapTotal:             0 kB\u000aSwapFree:              0 kB\u000aDirty:               188 kB\u000aWriteback:             0 kB\u000aAnonPages:         61624 kB\u000aMapped:            34376 kB\u000aShmem:               220 kB\u000aSlab:              42768 kB\u000aSReclaimable:      32772 kB\u000aSUnreclaim:         9996 kB\u000aKernelStack:        1168 kB\u000aPageTables:         1332 kB\u000aNFS_Unstable:          0 kB\u000aBounce:                0 kB\u000aWritebackTmp:          0 kB\u000aCommitLimit:      858592 kB\u000aCommitted_AS:     253552 kB\u000aVmallocTotal:   34359738367 kB\u000aVmallocUsed:           0 kB\u000aVmallocChunk:          0 kB\u000aAnonHugePages:         0 kB\u000aShmemHugePages:        0 kB\u000aShmemPmdMapped:        0 kB\u000aHugePages_Total:       0\u000aHugePages_Free:        0\u000aHugePages_Rsvd:        0\u000aHugePages_Surp:        0\u000aHugepagesize:       2048 kB\u000aDirectMap4k:       23552 kB\u000aDirectMap2M:     1738752 kB\u000a
p266
ssVstatus_key
p267
Vpywren.jobs/cf734098-d95c-4c9c-b550-ce83beb50fea/00005/status.json
p268
sVend_time
p269
F1609060429.520257
sVlog_group_name
p270
V/aws/lambda/pywren_redis_2
p271
sVdata_key
p272
Vpywren.jobs/cf734098-d95c-4c9c-b550-ce83beb50fea/aggdata.pickle
p273
sa(dp274
Vcallset_id
p275
Vcf734098-d95c-4c9c-b550-ce83beb50fea
p276
sVlog_stream_name
p277
V2020/12/27/[$LATEST]aa5964cded1b48c48c0b98eb43db0490
p278
sVstdout
p279
V
sVfunc_key
p280
Vpywren.jobs/cf734098-d95c-4c9c-b550-ce83beb50fea/func.pickle
p281
sVfree_disk_bytes
p282
I538333184
sVruntime_cached
p283
I00
sVretcode
p284
I0
sVcall_id
p285
V00006
p286
sVoutput_key
p287
Vpywren.jobs/cf734098-d95c-4c9c-b550-ce83beb50fea/00006/output.pickle
p288
sVruntime_s3_key_used
p289
Vc4680d-pywren.runtimes/default_2.7.tar.gz.0043
p290
sVaws_request_id
p291
V76d6bba0-18f5-449a-bf21-aa660cf538a3
p292
sVexec_time
p293
F62.345598936080933
sVstart_time
p294
F1609060360.259881
sVsetup_time
p295
F7.0331799983978271
sVruntime_s3_bucket_used
p296
Vpywren-runtimes-public-us-west-2
p297
sVexception
p298
NsVhost_submit_time
p299
F1609060359.513309
sVserver_info
p300
(dp301
Vuname
p302
V('Linux', '169.254.205.109', '4.14.203-112.332.amzn2.x86_64', '#1 SMP Wed Nov 4 20:46:34 UTC 2020', 'x86_64', 'x86_64')
p303
sV/proc/self/cgroup
p304
VMemTotal:        1717184 kB\u000aMemFree:         1119768 kB\u000aMemAvailable:    1485896 kB\u000aBuffers:           17112 kB\u000aCached:           463208 kB\u000aSwapCached:            0 kB\u000aActive:            94396 kB\u000aInactive:         447188 kB\u000aActive(anon):      61196 kB\u000aInactive(anon):      216 kB\u000aActive(file):      33200 kB\u000aInactive(file):   446972 kB\u000aUnevictable:           0 kB\u000aMlocked:               0 kB\u000aSwapTotal:             0 kB\u000aSwapFree:              0 kB\u000aDirty:               352 kB\u000aWriteback:             0 kB\u000aAnonPages:         61252 kB\u000aMapped:            35080 kB\u000aShmem:               220 kB\u000aSlab:              42968 kB\u000aSReclaimable:      32924 kB\u000aSUnreclaim:        10044 kB\u000aKernelStack:        1152 kB\u000aPageTables:         1312 kB\u000aNFS_Unstable:          0 kB\u000aBounce:                0 kB\u000aWritebackTmp:          0 kB\u000aCommitLimit:      858592 kB\u000aCommitted_AS:     253736 kB\u000aVmallocTotal:   34359738367 kB\u000aVmallocUsed:           0 kB\u000aVmallocChunk:          0 kB\u000aAnonHugePages:         0 kB\u000aShmemHugePages:        0 kB\u000aShmemPmdMapped:        0 kB\u000aHugePages_Total:       0\u000aHugePages_Free:        0\u000aHugePages_Rsvd:        0\u000aHugePages_Surp:        0\u000aHugepagesize:       2048 kB\u000aDirectMap4k:       19456 kB\u000aDirectMap2M:     1742848 kB\u000a
p305
sV/proc/cgroups
p306
V#subsys_name	hierarchy	num_cgroups	enabled\u000acpuset	4	1	1\u000acpu	3	5	1\u000acpuacct	3	5	1\u000ablkio	10	1	1\u000amemory	11	5	1\u000adevices	8	1	1\u000afreezer	5	2	1\u000anet_cls	9	1	1\u000aperf_event	2	1	1\u000anet_prio	9	1	1\u000ahugetlb	6	1	1\u000apids	7	1	1\u000a
p307
sV/proc/cpuinfo
p308
Vprocessor	: 0\u000avendor_id	: GenuineIntel\u000acpu family	: 6\u000amodel		: 63\u000amodel name	: Intel(R) Xeon(R) Processor @ 2.50GHz\u000astepping	: 2\u000amicrocode	: 0x1\u000acpu MHz		: 2500.008\u000acache size	: 36608 KB\u000aphysical id	: 0\u000asiblings	: 2\u000acore id		: 0\u000acpu cores	: 2\u000aapicid		: 0\u000ainitial apicid	: 0\u000afpu		: yes\u000afpu_exception	: yes\u000acpuid level	: 13\u000awp		: yes\u000aflags		: fpu vme de pse tsc msr pae mce cx8 apic sep mtrr pge mca cmov pat pse36 clflush mmx fxsr sse sse2 ht syscall nx rdtscp lm constant_tsc rep_good nopl xtopology nonstop_tsc cpuid tsc_known_freq pni pclmulqdq ssse3 fma cx16 pcid sse4_1 sse4_2 x2apic movbe popcnt tsc_deadline_timer aes xsave avx f16c rdrand hypervisor lahf_lm abm cpuid_fault invpcid_single ssbd ibrs ibpb stibp ibrs_enhanced fsgsbase tsc_adjust bmi1 avx2 smep bmi2 erms invpcid smap xsaveopt arat md_clear arch_capabilities\u000abugs		: spectre_v1 spectre_v2 spec_store_bypass swapgs\u000abogomips	: 5000.01\u000aclflush size	: 64\u000acache_alignment	: 64\u000aaddress sizes	: 46 bits physical, 48 bits virtual\u000apower management:\u000a\u000aprocessor	: 1\u000avendor_id	: GenuineIntel\u000acpu family	: 6\u000amodel		: 63\u000amodel name	: Intel(R) Xeon(R) Processor @ 2.50GHz\u000astepping	: 2\u000amicrocode	: 0x1\u000acpu MHz		: 2500.008\u000acache size	: 36608 KB\u000aphysical id	: 0\u000asiblings	: 2\u000acore id		: 1\u000acpu cores	: 2\u000aapicid		: 1\u000ainitial apicid	: 1\u000afpu		: yes\u000afpu_exception	: yes\u000acpuid level	: 13\u000awp		: yes\u000aflags		: fpu vme de pse tsc msr pae mce cx8 apic sep mtrr pge mca cmov pat pse36 clflush mmx fxsr sse sse2 ht syscall nx rdtscp lm constant_tsc rep_good nopl xtopology nonstop_tsc cpuid tsc_known_freq pni pclmulqdq ssse3 fma cx16 pcid sse4_1 sse4_2 x2apic movbe popcnt tsc_deadline_timer aes xsave avx f16c rdrand hypervisor lahf_lm abm cpuid_fault invpcid_single ssbd ibrs ibpb stibp ibrs_enhanced fsgsbase tsc_adjust bmi1 avx2 smep bmi2 erms invpcid smap xsaveopt arat md_clear arch_capabilities\u000abugs		: spectre_v1 spectre_v2 spec_store_bypass swapgs\u000abogomips	: 5000.01\u000aclflush size	: 64\u000acache_alignment	: 64\u000aaddress sizes	: 46 bits physical, 48 bits virtual\u000apower management:\u000a\u000a
p309
sV/proc/meminfo
p310
VMemTotal:        1717184 kB\u000aMemFree:         1119768 kB\u000aMemAvailable:    1485896 kB\u000aBuffers:           17112 kB\u000aCached:           463208 kB\u000aSwapCached:            0 kB\u000aActive:            94396 kB\u000aInactive:         447188 kB\u000aActive(anon):      61196 kB\u000aInactive(anon):      216 kB\u000aActive(file):      33200 kB\u000aInactive(file):   446972 kB\u000aUnevictable:           0 kB\u000aMlocked:               0 kB\u000aSwapTotal:             0 kB\u000aSwapFree:              0 kB\u000aDirty:               352 kB\u000aWriteback:             0 kB\u000aAnonPages:         61252 kB\u000aMapped:            35080 kB\u000aShmem:               220 kB\u000aSlab:              42968 kB\u000aSReclaimable:      32924 kB\u000aSUnreclaim:        10044 kB\u000aKernelStack:        1152 kB\u000aPageTables:         1312 kB\u000aNFS_Unstable:          0 kB\u000aBounce:                0 kB\u000aWritebackTmp:          0 kB\u000aCommitLimit:      858592 kB\u000aCommitted_AS:     253736 kB\u000aVmallocTotal:   34359738367 kB\u000aVmallocUsed:           0 kB\u000aVmallocChunk:          0 kB\u000aAnonHugePages:         0 kB\u000aShmemHugePages:        0 kB\u000aShmemPmdMapped:        0 kB\u000aHugePages_Total:       0\u000aHugePages_Free:        0\u000aHugePages_Rsvd:        0\u000aHugePages_Surp:        0\u000aHugepagesize:       2048 kB\u000aDirectMap4k:       19456 kB\u000aDirectMap2M:     1742848 kB\u000a
p311
ssVstatus_key
p312
Vpywren.jobs/cf734098-d95c-4c9c-b550-ce83beb50fea/00006/status.json
p313
sVend_time
p314
F1609060429.6386549
sVlog_group_name
p315
V/aws/lambda/pywren_redis_2
p316
sVdata_key
p317
Vpywren.jobs/cf734098-d95c-4c9c-b550-ce83beb50fea/aggdata.pickle
p318
sa(dp319
Vcallset_id
p320
Vcf734098-d95c-4c9c-b550-ce83beb50fea
p321
sVlog_stream_name
p322
V2020/12/27/[$LATEST]b27a6a6d23ea4eb591fb362e94e7e7b4
p323
sVstdout
p324
V
sVfunc_key
p325
Vpywren.jobs/cf734098-d95c-4c9c-b550-ce83beb50fea/func.pickle
p326
sVfree_disk_bytes
p327
I538333184
sVruntime_cached
p328
I00
sVretcode
p329
I0
sVcall_id
p330
V00007
p331
sVoutput_key
p332
Vpywren.jobs/cf734098-d95c-4c9c-b550-ce83beb50fea/00007/output.pickle
p333
sVruntime_s3_key_used
p334
V4a1b0c-pywren.runtimes/default_2.7.tar.gz.0092
p335
sVaws_request_id
p336
Ve34f7245-d1ab-4532-965a-e16124e61ac6
p337
sVexec_time
p338
F62.3351149559021
sVstart_time
p339
F1609060360.262712
sVsetup_time
p340
F6.9677870273590088
sVruntime_s3_bucket_used
p341
Vpywren-runtimes-public-us-west-2
p342
sVexception
p343
NsVhost_submit_time
p344
F1609060359.5203869
sVserver_info
p345
(dp346
Vuname
p347
V('Linux', '169.254.131.61', '4.14.203-112.332.amzn2.x86_64', '#1 SMP Wed Nov 4 20:46:34 UTC 2020', 'x86_64', 'x86_64')
p348
sV/proc/self/cgroup
p349
VMemTotal:        1717184 kB\u000aMemFree:         1119900 kB\u000aMemAvailable:    1485824 kB\u000aBuffers:           16612 kB\u000aCached:           463648 kB\u000aSwapCached:            0 kB\u000aActive:            94400 kB\u000aInactive:         447056 kB\u000aActive(anon):      61184 kB\u000aInactive(anon):      216 kB\u000aActive(file):      33216 kB\u000aInactive(file):   446840 kB\u000aUnevictable:           0 kB\u000aMlocked:               0 kB\u000aSwapTotal:             0 kB\u000aSwapFree:              0 kB\u000aDirty:               144 kB\u000aWriteback:             0 kB\u000aAnonPages:         61184 kB\u000aMapped:            34884 kB\u000aShmem:               220 kB\u000aSlab:              42948 kB\u000aSReclaimable:      32748 kB\u000aSUnreclaim:        10200 kB\u000aKernelStack:        1152 kB\u000aPageTables:         1312 kB\u000aNFS_Unstable:          0 kB\u000aBounce:                0 kB\u000aWritebackTmp:          0 kB\u000aCommitLimit:      858592 kB\u000aCommitted_AS:     253832 kB\u000aVmallocTotal:   34359738367 kB\u000aVmallocUsed:           0 kB\u000aVmallocChunk:          0 kB\u000aAnonHugePages:         0 kB\u000aShmemHugePages:        0 kB\u000aShmemPmdMapped:        0 kB\u000aHugePages_Total:       0\u000aHugePages_Free:        0\u000aHugePages_Rsvd:        0\u000aHugePages_Surp:        0\u000aHugepagesize:       2048 kB\u000aDirectMap4k:       19456 kB\u000aDirectMap2M:     1742848 kB\u000a
p350
sV/proc/cgroups
p351
V#subsys_name	hierarchy	num_cgroups	enabled\u000acpuset	5	1	1\u000acpu	4	5	1\u000acpuacct	4	5	1\u000ablkio	9	1	1\u000amemory	7	5	1\u000adevices	10	1	1\u000afreezer	6	2	1\u000anet_cls	3	1	1\u000aperf_event	11	1	1\u000anet_prio	3	1	1\u000ahugetlb	8	1	1\u000apids	2	1	1\u000a
p352
sV/proc/cpuinfo
p353
Vprocessor	: 0\u000avendor_id	: GenuineIntel\u000acpu family	: 6\u000amodel		: 63\u000amodel name	: Intel(R) Xeon(R) Processor @ 2.50GHz\u000astepping	: 2\u000amicrocode	: 0x1\u000acpu MHz		: 2500.012\u000acache size	: 36608 KB\u000aphysical id	: 0\u000asiblings	: 2\u000acore id		: 0\u000acpu cores	: 2\u000aapicid		: 0\u000ainitial apicid	: 0\u000afpu		: yes\u000afpu_exception	: yes\u000acpuid level	: 13\u000awp		: yes\u000aflags		: fpu vme de pse tsc msr pae mce cx8 apic sep mtrr pge mca cmov pat pse36 clflush mmx fxsr sse sse2 ht syscall nx rdtscp lm constant_tsc rep_good nopl xtopology nonstop_tsc cpuid tsc_known_freq pni pclmulqdq ssse3 fma cx16 pcid sse4_1 sse4_2 x2apic movbe popcnt tsc_deadline_timer aes xsave avx f16c rdrand hypervisor lahf_lm abm cpuid_fault invpcid_single ssbd ibrs ibpb stibp ibrs_enhanced fsgsbase tsc_adjust bmi1 avx2 smep bmi2 erms invpcid smap xsaveopt arat md_clear arch_capabilities\u000abugs		: spectre_v1 spectre_v2 spec_store_bypass swapgs\u000abogomips	: 5000.02\u000aclflush size	: 64\u000acache_alignment	: 64\u000aaddress sizes	: 46 bits physical, 48 bits virtual\u000apower management:\u000a\u000aprocessor	: 1\u000avendor_id	: GenuineIntel\u000acpu family	: 6\u000amodel		: 63\u000amodel name	: Intel(R) Xeon(R) Processor @ 2.50GHz\u000astepping	: 2\u000amicrocode	: 0x1\u000acpu MHz		: 2500.012\u000acache size	: 36608 KB\u000aphysical id	: 0\u000asiblings	: 2\u000acore id		: 1\u000acpu cores	: 2\u000aapicid		: 1\u000ainitial apicid	: 1\u000afpu		: yes\u000afpu_exception	: yes\u000acpuid level	: 13\u000awp		: yes\u000aflags		: fpu vme de pse tsc msr pae mce cx8 apic sep mtrr pge mca cmov pat pse36 clflush mmx fxsr sse sse2 ht syscall nx rdtscp lm constant_tsc rep_good nopl xtopology nonstop_tsc cpuid tsc_known_freq pni pclmulqdq ssse3 fma cx16 pcid sse4_1 sse4_2 x2apic movbe popcnt tsc_deadline_timer aes xsave avx f16c rdrand hypervisor lahf_lm abm cpuid_fault invpcid_single ssbd ibrs ibpb stibp ibrs_enhanced fsgsbase tsc_adjust bmi1 avx2 smep bmi2 erms invpcid smap xsaveopt arat md_clear arch_capabilities\u000abugs		: spectre_v1 spectre_v2 spec_store_bypass swapgs\u000abogomips	: 5000.02\u000aclflush size	: 64\u000acache_alignment	: 64\u000aaddress sizes	: 46 bits physical, 48 bits virtual\u000apower management:\u000a\u000a
p354
sV/proc/meminfo
p355
VMemTotal:        1717184 kB\u000aMemFree:         1119900 kB\u000aMemAvailable:    1485824 kB\u000aBuffers:           16612 kB\u000aCached:           463648 kB\u000aSwapCached:            0 kB\u000aActive:            94400 kB\u000aInactive:         447056 kB\u000aActive(anon):      61184 kB\u000aInactive(anon):      216 kB\u000aActive(file):      33216 kB\u000aInactive(file):   446840 kB\u000aUnevictable:           0 kB\u000aMlocked:               0 kB\u000aSwapTotal:             0 kB\u000aSwapFree:              0 kB\u000aDirty:               144 kB\u000aWriteback:             0 kB\u000aAnonPages:         61184 kB\u000aMapped:            34884 kB\u000aShmem:               220 kB\u000aSlab:              42948 kB\u000aSReclaimable:      32748 kB\u000aSUnreclaim:        10200 kB\u000aKernelStack:        1152 kB\u000aPageTables:         1312 kB\u000aNFS_Unstable:          0 kB\u000aBounce:                0 kB\u000aWritebackTmp:          0 kB\u000aCommitLimit:      858592 kB\u000aCommitted_AS:     253832 kB\u000aVmallocTotal:   34359738367 kB\u000aVmallocUsed:           0 kB\u000aVmallocChunk:          0 kB\u000aAnonHugePages:         0 kB\u000aShmemHugePages:        0 kB\u000aShmemPmdMapped:        0 kB\u000aHugePages_Total:       0\u000aHugePages_Free:        0\u000aHugePages_Rsvd:        0\u000aHugePages_Surp:        0\u000aHugepagesize:       2048 kB\u000aDirectMap4k:       19456 kB\u000aDirectMap2M:     1742848 kB\u000a
p356
ssVstatus_key
p357
Vpywren.jobs/cf734098-d95c-4c9c-b550-ce83beb50fea/00007/status.json
p358
sVend_time
p359
F1609060429.565609
sVlog_group_name
p360
V/aws/lambda/pywren_redis_2
p361
sVdata_key
p362
Vpywren.jobs/cf734098-d95c-4c9c-b550-ce83beb50fea/aggdata.pickle
p363
sa(dp364
Vcallset_id
p365
Vcf734098-d95c-4c9c-b550-ce83beb50fea
p366
sVlog_stream_name
p367
V2020/12/27/[$LATEST]fa1919bea50140a4959e4e463ad65347
p368
sVstdout
p369
V
sVfunc_key
p370
Vpywren.jobs/cf734098-d95c-4c9c-b550-ce83beb50fea/func.pickle
p371
sVfree_disk_bytes
p372
I538333184
sVruntime_cached
p373
I00
sVretcode
p374
I0
sVcall_id
p375
V00008
p376
sVoutput_key
p377
Vpywren.jobs/cf734098-d95c-4c9c-b550-ce83beb50fea/00008/output.pickle
p378
sVruntime_s3_key_used
p379
V4a1b0c-pywren.runtimes/default_2.7.tar.gz.0092
p380
sVaws_request_id
p381
Vaefeb0ad-43f0-4231-afcb-2f2d2a27e107
p382
sVexec_time
p383
F62.83504319190979
sVstart_time
p384
F1609060360.2707119
sVsetup_time
p385
F7.1781020164489746
sVruntime_s3_bucket_used
p386
Vpywren-runtimes-public-us-west-2
p387
sVexception
p388
NsVhost_submit_time
p389
F1609060359.5269139
sVserver_info
p390
(dp391
Vuname
p392
V('Linux', '169.254.137.109', '4.14.203-112.332.amzn2.x86_64', '#1 SMP Wed Nov 4 20:46:34 UTC 2020', 'x86_64', 'x86_64')
p393
sV/proc/self/cgroup
p394
VMemTotal:        1717184 kB\u000aMemFree:         1118616 kB\u000aMemAvailable:    1486016 kB\u000aBuffers:           17736 kB\u000aCached:           463972 kB\u000aSwapCached:            0 kB\u000aActive:            95612 kB\u000aInactive:         447332 kB\u000aActive(anon):      61228 kB\u000aInactive(anon):      216 kB\u000aActive(file):      34384 kB\u000aInactive(file):   447116 kB\u000aUnevictable:           0 kB\u000aMlocked:               0 kB\u000aSwapTotal:             0 kB\u000aSwapFree:              0 kB\u000aDirty:               344 kB\u000aWriteback:             0 kB\u000aAnonPages:         61224 kB\u000aMapped:            35224 kB\u000aShmem:               220 kB\u000aSlab:              42728 kB\u000aSReclaimable:      32816 kB\u000aSUnreclaim:         9912 kB\u000aKernelStack:        1152 kB\u000aPageTables:         1328 kB\u000aNFS_Unstable:          0 kB\u000aBounce:                0 kB\u000aWritebackTmp:          0 kB\u000aCommitLimit:      858592 kB\u000aCommitted_AS:     253532 kB\u000aVmallocTotal:   34359738367 kB\u000aVmallocUsed:           0 kB\u000aVmallocChunk:          0 kB\u000aAnonHugePages:         0 kB\u000aShmemHugePages:        0 kB\u000aShmemPmdMapped:        0 kB\u000aHugePages_Total:       0\u000aHugePages_Free:        0\u000aHugePages_Rsvd:        0\u000aHugePages_Surp:        0\u000aHugepagesize:       2048 kB\u000aDirectMap4k:       21504 kB\u000aDirectMap2M:     1740800 kB\u000a
p395
sV/proc/cgroups
p396
V#subsys_name	hierarchy	num_cgroups	enabled\u000acpuset	10	1	1\u000acpu	5	5	1\u000acpuacct	5	5	1\u000ablkio	3	1	1\u000amemory	8	5	1\u000adevices	6	1	1\u000afreezer	11	2	1\u000anet_cls	4	1	1\u000aperf_event	2	1	1\u000anet_prio	4	1	1\u000ahugetlb	7	1	1\u000apids	9	1	1\u000a
p397
sV/proc/cpuinfo
p398
Vprocessor	: 0\u000avendor_id	: GenuineIntel\u000acpu family	: 6\u000amodel		: 63\u000amodel name	: Intel(R) Xeon(R) Processor @ 2.50GHz\u000astepping	: 2\u000amicrocode	: 0x1\u000acpu MHz		: 2500.014\u000acache size	: 33792 KB\u000aphysical id	: 0\u000asiblings	: 2\u000acore id		: 0\u000acpu cores	: 2\u000aapicid		: 0\u000ainitial apicid	: 0\u000afpu		: yes\u000afpu_exception	: yes\u000acpuid level	: 13\u000awp		: yes\u000aflags		: fpu vme de pse tsc msr pae mce cx8 apic sep mtrr pge mca cmov pat pse36 clflush mmx fxsr sse sse2 ht syscall nx rdtscp lm constant_tsc rep_good nopl xtopology nonstop_tsc cpuid tsc_known_freq pni pclmulqdq ssse3 fma cx16 pcid sse4_1 sse4_2 x2apic movbe popcnt tsc_deadline_timer aes xsave avx f16c rdrand hypervisor lahf_lm abm cpuid_fault invpcid_single pti ssbd ibrs ibpb stibp fsgsbase tsc_adjust bmi1 avx2 smep bmi2 erms invpcid smap xsaveopt arat md_clear arch_capabilities\u000abugs		: cpu_meltdown spectre_v1 spectre_v2 spec_store_bypass l1tf mds swapgs\u000abogomips	: 5000.02\u000aclflush size	: 64\u000acache_alignment	: 64\u000aaddress sizes	: 46 bits physical, 48 bits virtual\u000apower management:\u000a\u000aprocessor	: 1\u000avendor_id	: GenuineIntel\u000acpu family	: 6\u000amodel		: 63\u000amodel name	: Intel(R) Xeon(R) Processor @ 2.50GHz\u000astepping	: 2\u000amicrocode	: 0x1\u000acpu MHz		: 2500.014\u000acache size	: 33792 KB\u000aphysical id	: 0\u000asiblings	: 2\u000acore id		: 1\u000acpu cores	: 2\u000aapicid		: 1\u000ainitial apicid	: 1\u000afpu		: yes\u000afpu_exception	: yes\u000acpuid level	: 13\u000awp		: yes\u000aflags		: fpu vme de pse tsc msr pae mce cx8 apic sep mtrr pge mca cmov pat pse36 clflush mmx fxsr sse sse2 ht syscall nx rdtscp lm constant_tsc rep_good nopl xtopology nonstop_tsc cpuid tsc_known_freq pni pclmulqdq ssse3 fma cx16 pcid sse4_1 sse4_2 x2apic movbe popcnt tsc_deadline_timer aes xsave avx f16c rdrand hypervisor lahf_lm abm cpuid_fault invpcid_single pti ssbd ibrs ibpb stibp fsgsbase tsc_adjust bmi1 avx2 smep bmi2 erms invpcid smap xsaveopt arat md_clear arch_capabilities\u000abugs		: cpu_meltdown spectre_v1 spectre_v2 spec_store_bypass l1tf mds swapgs\u000abogomips	: 5000.02\u000aclflush size	: 64\u000acache_alignment	: 64\u000aaddress sizes	: 46 bits physical, 48 bits virtual\u000apower management:\u000a\u000a
p399
sV/proc/meminfo
p400
VMemTotal:        1717184 kB\u000aMemFree:         1118616 kB\u000aMemAvailable:    1486016 kB\u000aBuffers:           17736 kB\u000aCached:           463972 kB\u000aSwapCached:            0 kB\u000aActive:            95612 kB\u000aInactive:         447332 kB\u000aActive(anon):      61228 kB\u000aInactive(anon):      216 kB\u000aActive(file):      34384 kB\u000aInactive(file):   447116 kB\u000aUnevictable:           0 kB\u000aMlocked:               0 kB\u000aSwapTotal:             0 kB\u000aSwapFree:              0 kB\u000aDirty:               344 kB\u000aWriteback:             0 kB\u000aAnonPages:         61224 kB\u000aMapped:            35224 kB\u000aShmem:               220 kB\u000aSlab:              42728 kB\u000aSReclaimable:      32816 kB\u000aSUnreclaim:         9912 kB\u000aKernelStack:        1152 kB\u000aPageTables:         1328 kB\u000aNFS_Unstable:          0 kB\u000aBounce:                0 kB\u000aWritebackTmp:          0 kB\u000aCommitLimit:      858592 kB\u000aCommitted_AS:     253532 kB\u000aVmallocTotal:   34359738367 kB\u000aVmallocUsed:           0 kB\u000aVmallocChunk:          0 kB\u000aAnonHugePages:         0 kB\u000aShmemHugePages:        0 kB\u000aShmemPmdMapped:        0 kB\u000aHugePages_Total:       0\u000aHugePages_Free:        0\u000aHugePages_Rsvd:        0\u000aHugePages_Surp:        0\u000aHugepagesize:       2048 kB\u000aDirectMap4k:       21504 kB\u000aDirectMap2M:     1740800 kB\u000a
p401
ssVstatus_key
p402
Vpywren.jobs/cf734098-d95c-4c9c-b550-ce83beb50fea/00008/status.json
p403
sVend_time
p404
F1609060430.2838521
sVlog_group_name
p405
V/aws/lambda/pywren_redis_2
p406
sVdata_key
p407
Vpywren.jobs/cf734098-d95c-4c9c-b550-ce83beb50fea/aggdata.pickle
p408
sa(dp409
Vcallset_id
p410
Vcf734098-d95c-4c9c-b550-ce83beb50fea
p411
sVlog_stream_name
p412
V2020/12/27/[$LATEST]7b2ebd387eb545818bcb3ae24147ff1b
p413
sVstdout
p414
V
sVfunc_key
p415
Vpywren.jobs/cf734098-d95c-4c9c-b550-ce83beb50fea/func.pickle
p416
sVfree_disk_bytes
p417
I538333184
sVruntime_cached
p418
I00
sVretcode
p419
I0
sVcall_id
p420
V00009
p421
sVoutput_key
p422
Vpywren.jobs/cf734098-d95c-4c9c-b550-ce83beb50fea/00009/output.pickle
p423
sVruntime_s3_key_used
p424
Ve3e711-pywren.runtimes/default_2.7.tar.gz.0095
p425
sVaws_request_id
p426
V277a2dc2-90a0-4400-89a6-68791473ad41
p427
sVexec_time
p428
F62.360723972320557
sVstart_time
p429
F1609060360.254962
sVsetup_time
p430
F6.9405930042266846
sVruntime_s3_bucket_used
p431
Vpywren-runtimes-public-us-west-2
p432
sVexception
p433
NsVhost_submit_time
p434
F1609060359.5389919
sVserver_info
p435
(dp436
Vuname
p437
V('Linux', '169.254.15.133', '4.14.203-112.332.amzn2.x86_64', '#1 SMP Wed Nov 4 20:46:34 UTC 2020', 'x86_64', 'x86_64')
p438
sV/proc/self/cgroup
p439
VMemTotal:        1717184 kB\u000aMemFree:         1121060 kB\u000aMemAvailable:    1486036 kB\u000aBuffers:           16488 kB\u000aCached:           462812 kB\u000aSwapCached:            0 kB\u000aActive:            93668 kB\u000aInactive:         446780 kB\u000aActive(anon):      61144 kB\u000aInactive(anon):      216 kB\u000aActive(file):      32524 kB\u000aInactive(file):   446564 kB\u000aUnevictable:           0 kB\u000aMlocked:               0 kB\u000aSwapTotal:             0 kB\u000aSwapFree:              0 kB\u000aDirty:               348 kB\u000aWriteback:             0 kB\u000aAnonPages:         61064 kB\u000aMapped:            34780 kB\u000aShmem:               220 kB\u000aSlab:              42916 kB\u000aSReclaimable:      32788 kB\u000aSUnreclaim:        10128 kB\u000aKernelStack:        1152 kB\u000aPageTables:         1388 kB\u000aNFS_Unstable:          0 kB\u000aBounce:                0 kB\u000aWritebackTmp:          0 kB\u000aCommitLimit:      858592 kB\u000aCommitted_AS:     253832 kB\u000aVmallocTotal:   34359738367 kB\u000aVmallocUsed:           0 kB\u000aVmallocChunk:          0 kB\u000aAnonHugePages:         0 kB\u000aShmemHugePages:        0 kB\u000aShmemPmdMapped:        0 kB\u000aHugePages_Total:       0\u000aHugePages_Free:        0\u000aHugePages_Rsvd:        0\u000aHugePages_Surp:        0\u000aHugepagesize:       2048 kB\u000aDirectMap4k:       21504 kB\u000aDirectMap2M:     1740800 kB\u000a
p440
sV/proc/cgroups
p441
V#subsys_name	hierarchy	num_cgroups	enabled\u000acpuset	7	1	1\u000acpu	8	5	1\u000acpuacct	8	5	1\u000ablkio	10	1	1\u000amemory	2	5	1\u000adevices	6	1	1\u000afreezer	9	2	1\u000anet_cls	5	1	1\u000aperf_event	11	1	1\u000anet_prio	5	1	1\u000ahugetlb	4	1	1\u000apids	3	1	1\u000a
p442
sV/proc/cpuinfo
p443
Vprocessor	: 0\u000avendor_id	: GenuineIntel\u000acpu family	: 6\u000amodel		: 63\u000amodel name	: Intel(R) Xeon(R) Processor @ 2.50GHz\u000astepping	: 2\u000amicrocode	: 0x1\u000acpu MHz		: 2500.002\u000acache size	: 36608 KB\u000aphysical id	: 0\u000asiblings	: 2\u000acore id		: 0\u000acpu cores	: 2\u000aapicid		: 0\u000ainitial apicid	: 0\u000afpu		: yes\u000afpu_exception	: yes\u000acpuid level	: 13\u000awp		: yes\u000aflags		: fpu vme de pse tsc msr pae mce cx8 apic sep mtrr pge mca cmov pat pse36 clflush mmx fxsr sse sse2 ht syscall nx rdtscp lm constant_tsc rep_good nopl xtopology nonstop_tsc cpuid tsc_known_freq pni pclmulqdq ssse3 fma cx16 pcid sse4_1 sse4_2 x2apic movbe popcnt tsc_deadline_timer aes xsave avx f16c rdrand hypervisor lahf_lm abm cpuid_fault invpcid_single ssbd ibrs ibpb stibp ibrs_enhanced fsgsbase tsc_adjust bmi1 avx2 smep bmi2 erms invpcid smap xsaveopt arat md_clear arch_capabilities\u000abugs		: spectre_v1 spectre_v2 spec_store_bypass swapgs\u000abogomips	: 5000.00\u000aclflush size	: 64\u000acache_alignment	: 64\u000aaddress sizes	: 46 bits physical, 48 bits virtual\u000apower management:\u000a\u000aprocessor	: 1\u000avendor_id	: GenuineIntel\u000acpu family	: 6\u000amodel		: 63\u000amodel name	: Intel(R) Xeon(R) Processor @ 2.50GHz\u000astepping	: 2\u000amicrocode	: 0x1\u000acpu MHz		: 2500.002\u000acache size	: 36608 KB\u000aphysical id	: 0\u000asiblings	: 2\u000acore id		: 1\u000acpu cores	: 2\u000aapicid		: 1\u000ainitial apicid	: 1\u000afpu		: yes\u000afpu_exception	: yes\u000acpuid level	: 13\u000awp		: yes\u000aflags		: fpu vme de pse tsc msr pae mce cx8 apic sep mtrr pge mca cmov pat pse36 clflush mmx fxsr sse sse2 ht syscall nx rdtscp lm constant_tsc rep_good nopl xtopology nonstop_tsc cpuid tsc_known_freq pni pclmulqdq ssse3 fma cx16 pcid sse4_1 sse4_2 x2apic movbe popcnt tsc_deadline_timer aes xsave avx f16c rdrand hypervisor lahf_lm abm cpuid_fault invpcid_single ssbd ibrs ibpb stibp ibrs_enhanced fsgsbase tsc_adjust bmi1 avx2 smep bmi2 erms invpcid smap xsaveopt arat md_clear arch_capabilities\u000abugs		: spectre_v1 spectre_v2 spec_store_bypass swapgs\u000abogomips	: 5000.00\u000aclflush size	: 64\u000acache_alignment	: 64\u000aaddress sizes	: 46 bits physical, 48 bits virtual\u000apower management:\u000a\u000a
p444
sV/proc/meminfo
p445
VMemTotal:        1717184 kB\u000aMemFree:         1121060 kB\u000aMemAvailable:    1486036 kB\u000aBuffers:           16488 kB\u000aCached:           462812 kB\u000aSwapCached:            0 kB\u000aActive:            93668 kB\u000aInactive:         446780 kB\u000aActive(anon):      61144 kB\u000aInactive(anon):      216 kB\u000aActive(file):      32524 kB\u000aInactive(file):   446564 kB\u000aUnevictable:           0 kB\u000aMlocked:               0 kB\u000aSwapTotal:             0 kB\u000aSwapFree:              0 kB\u000aDirty:               348 kB\u000aWriteback:             0 kB\u000aAnonPages:         61064 kB\u000aMapped:            34780 kB\u000aShmem:               220 kB\u000aSlab:              42916 kB\u000aSReclaimable:      32788 kB\u000aSUnreclaim:        10128 kB\u000aKernelStack:        1152 kB\u000aPageTables:         1388 kB\u000aNFS_Unstable:          0 kB\u000aBounce:                0 kB\u000aWritebackTmp:          0 kB\u000aCommitLimit:      858592 kB\u000aCommitted_AS:     253832 kB\u000aVmallocTotal:   34359738367 kB\u000aVmallocUsed:           0 kB\u000aVmallocChunk:          0 kB\u000aAnonHugePages:         0 kB\u000aShmemHugePages:        0 kB\u000aShmemPmdMapped:        0 kB\u000aHugePages_Total:       0\u000aHugePages_Free:        0\u000aHugePages_Rsvd:        0\u000aHugePages_Surp:        0\u000aHugepagesize:       2048 kB\u000aDirectMap4k:       21504 kB\u000aDirectMap2M:     1740800 kB\u000a
p446
ssVstatus_key
p447
Vpywren.jobs/cf734098-d95c-4c9c-b550-ce83beb50fea/00009/status.json
p448
sVend_time
p449
F1609060429.5562739
sVlog_group_name
p450
V/aws/lambda/pywren_redis_2
p451
sVdata_key
p452
Vpywren.jobs/cf734098-d95c-4c9c-b550-ce83beb50fea/aggdata.pickle
p453
sa(dp454
Vcallset_id
p455
Vcf734098-d95c-4c9c-b550-ce83beb50fea
p456
sVlog_stream_name
p457
V2020/12/27/[$LATEST]22e4c876383b4b4aa95573e69d440180
p458
sVstdout
p459
V
sVfunc_key
p460
Vpywren.jobs/cf734098-d95c-4c9c-b550-ce83beb50fea/func.pickle
p461
sVfree_disk_bytes
p462
I538333184
sVruntime_cached
p463
I00
sVretcode
p464
I0
sVcall_id
p465
V00010
p466
sVoutput_key
p467
Vpywren.jobs/cf734098-d95c-4c9c-b550-ce83beb50fea/00010/output.pickle
p468
sVruntime_s3_key_used
p469
V8100c4-pywren.runtimes/default_2.7.tar.gz.0056
p470
sVaws_request_id
p471
Vc8fab576-3a2e-49be-88ee-4ee79fa87068
p472
sVexec_time
p473
F62.3420729637146
sVstart_time
p474
F1609060360.265331
sVsetup_time
p475
F7.2895469665527344
sVruntime_s3_bucket_used
p476
Vpywren-runtimes-public-us-west-2
p477
sVexception
p478
NsVhost_submit_time
p479
F1609060359.5361459
sVserver_info
p480
(dp481
Vuname
p482
V('Linux', '169.254.245.69', '4.14.203-112.332.amzn2.x86_64', '#1 SMP Wed Nov 4 20:46:34 UTC 2020', 'x86_64', 'x86_64')
p483
sV/proc/self/cgroup
p484
VMemTotal:        1717184 kB\u000aMemFree:         1120604 kB\u000aMemAvailable:    1485844 kB\u000aBuffers:           17452 kB\u000aCached:           462104 kB\u000aSwapCached:            0 kB\u000aActive:            94600 kB\u000aInactive:         446176 kB\u000aActive(anon):      61212 kB\u000aInactive(anon):      216 kB\u000aActive(file):      33388 kB\u000aInactive(file):   445960 kB\u000aUnevictable:           0 kB\u000aMlocked:               0 kB\u000aSwapTotal:             0 kB\u000aSwapFree:              0 kB\u000aDirty:               364 kB\u000aWriteback:             0 kB\u000aAnonPages:         61168 kB\u000aMapped:            35084 kB\u000aShmem:               220 kB\u000aSlab:              42908 kB\u000aSReclaimable:      32800 kB\u000aSUnreclaim:        10108 kB\u000aKernelStack:        1152 kB\u000aPageTables:         1372 kB\u000aNFS_Unstable:          0 kB\u000aBounce:                0 kB\u000aWritebackTmp:          0 kB\u000aCommitLimit:      858592 kB\u000aCommitted_AS:     253572 kB\u000aVmallocTotal:   34359738367 kB\u000aVmallocUsed:           0 kB\u000aVmallocChunk:          0 kB\u000aAnonHugePages:         0 kB\u000aShmemHugePages:        0 kB\u000aShmemPmdMapped:        0 kB\u000aHugePages_Total:       0\u000aHugePages_Free:        0\u000aHugePages_Rsvd:        0\u000aHugePages_Surp:        0\u000aHugepagesize:       2048 kB\u000aDirectMap4k:       23552 kB\u000aDirectMap2M:     1738752 kB\u000a
p485
sV/proc/cgroups
p486
V#subsys_name	hierarchy	num_cgroups	enabled\u000acpuset	9	1	1\u000acpu	10	5	1\u000acpuacct	10	5	1\u000ablkio	7	1	1\u000amemory	2	5	1\u000adevices	3	1	1\u000afreezer	8	2	1\u000anet_cls	5	1	1\u000aperf_event	4	1	1\u000anet_prio	5	1	1\u000ahugetlb	11	1	1\u000apids	6	1	1\u000a
p487
sV/proc/cpuinfo
p488
Vprocessor	: 0\u000avendor_id	: GenuineIntel\u000acpu family	: 6\u000amodel		: 63\u000amodel name	: Intel(R) Xeon(R) Processor @ 2.50GHz\u000astepping	: 2\u000amicrocode	: 0x1\u000acpu MHz		: 2500.014\u000acache size	: 33792 KB\u000aphysical id	: 0\u000asiblings	: 2\u000acore id		: 0\u000acpu cores	: 2\u000aapicid		: 0\u000ainitial apicid	: 0\u000afpu		: yes\u000afpu_exception	: yes\u000acpuid level	: 13\u000awp		: yes\u000aflags		: fpu vme de pse tsc msr pae mce cx8 apic sep mtrr pge mca cmov pat pse36 clflush mmx fxsr sse sse2 ht syscall nx rdtscp lm constant_tsc rep_good nopl xtopology nonstop_tsc cpuid tsc_known_freq pni pclmulqdq ssse3 fma cx16 pcid sse4_1 sse4_2 x2apic movbe popcnt tsc_deadline_timer aes xsave avx f16c rdrand hypervisor lahf_lm abm cpuid_fault invpcid_single pti ssbd ibrs ibpb stibp fsgsbase tsc_adjust bmi1 avx2 smep bmi2 erms invpcid smap xsaveopt arat md_clear arch_capabilities\u000abugs		: cpu_meltdown spectre_v1 spectre_v2 spec_store_bypass l1tf mds swapgs\u000abogomips	: 5000.02\u000aclflush size	: 64\u000acache_alignment	: 64\u000aaddress sizes	: 46 bits physical, 48 bits virtual\u000apower management:\u000a\u000aprocessor	: 1\u000avendor_id	: GenuineIntel\u000acpu family	: 6\u000amodel		: 63\u000amodel name	: Intel(R) Xeon(R) Processor @ 2.50GHz\u000astepping	: 2\u000amicrocode	: 0x1\u000acpu MHz		: 2500.014\u000acache size	: 33792 KB\u000aphysical id	: 0\u000asiblings	: 2\u000acore id		: 1\u000acpu cores	: 2\u000aapicid		: 1\u000ainitial apicid	: 1\u000afpu		: yes\u000afpu_exception	: yes\u000acpuid level	: 13\u000awp		: yes\u000aflags		: fpu vme de pse tsc msr pae mce cx8 apic sep mtrr pge mca cmov pat pse36 clflush mmx fxsr sse sse2 ht syscall nx rdtscp lm constant_tsc rep_good nopl xtopology nonstop_tsc cpuid tsc_known_freq pni pclmulqdq ssse3 fma cx16 pcid sse4_1 sse4_2 x2apic movbe popcnt tsc_deadline_timer aes xsave avx f16c rdrand hypervisor lahf_lm abm cpuid_fault invpcid_single pti ssbd ibrs ibpb stibp fsgsbase tsc_adjust bmi1 avx2 smep bmi2 erms invpcid smap xsaveopt arat md_clear arch_capabilities\u000abugs		: cpu_meltdown spectre_v1 spectre_v2 spec_store_bypass l1tf mds swapgs\u000abogomips	: 5000.02\u000aclflush size	: 64\u000acache_alignment	: 64\u000aaddress sizes	: 46 bits physical, 48 bits virtual\u000apower management:\u000a\u000a
p489
sV/proc/meminfo
p490
VMemTotal:        1717184 kB\u000aMemFree:         1120604 kB\u000aMemAvailable:    1485844 kB\u000aBuffers:           17452 kB\u000aCached:           462104 kB\u000aSwapCached:            0 kB\u000aActive:            94600 kB\u000aInactive:         446176 kB\u000aActive(anon):      61212 kB\u000aInactive(anon):      216 kB\u000aActive(file):      33388 kB\u000aInactive(file):   445960 kB\u000aUnevictable:           0 kB\u000aMlocked:               0 kB\u000aSwapTotal:             0 kB\u000aSwapFree:              0 kB\u000aDirty:               364 kB\u000aWriteback:             0 kB\u000aAnonPages:         61168 kB\u000aMapped:            35084 kB\u000aShmem:               220 kB\u000aSlab:              42908 kB\u000aSReclaimable:      32800 kB\u000aSUnreclaim:        10108 kB\u000aKernelStack:        1152 kB\u000aPageTables:         1372 kB\u000aNFS_Unstable:          0 kB\u000aBounce:                0 kB\u000aWritebackTmp:          0 kB\u000aCommitLimit:      858592 kB\u000aCommitted_AS:     253572 kB\u000aVmallocTotal:   34359738367 kB\u000aVmallocUsed:           0 kB\u000aVmallocChunk:          0 kB\u000aAnonHugePages:         0 kB\u000aShmemHugePages:        0 kB\u000aShmemPmdMapped:        0 kB\u000aHugePages_Total:       0\u000aHugePages_Free:        0\u000aHugePages_Rsvd:        0\u000aHugePages_Surp:        0\u000aHugepagesize:       2048 kB\u000aDirectMap4k:       23552 kB\u000aDirectMap2M:     1738752 kB\u000a
p491
ssVstatus_key
p492
Vpywren.jobs/cf734098-d95c-4c9c-b550-ce83beb50fea/00010/status.json
p493
sVend_time
p494
F1609060429.8969469
sVlog_group_name
p495
V/aws/lambda/pywren_redis_2
p496
sVdata_key
p497
Vpywren.jobs/cf734098-d95c-4c9c-b550-ce83beb50fea/aggdata.pickle
p498
sa(dp499
Vcallset_id
p500
Vcf734098-d95c-4c9c-b550-ce83beb50fea
p501
sVlog_stream_name
p502
V2020/12/27/[$LATEST]3e29599043384ceca84a8fa2c8baf2a6
p503
sVstdout
p504
V
sVfunc_key
p505
Vpywren.jobs/cf734098-d95c-4c9c-b550-ce83beb50fea/func.pickle
p506
sVfree_disk_bytes
p507
I538333184
sVruntime_cached
p508
I00
sVretcode
p509
I0
sVcall_id
p510
V00011
p511
sVoutput_key
p512
Vpywren.jobs/cf734098-d95c-4c9c-b550-ce83beb50fea/00011/output.pickle
p513
sVruntime_s3_key_used
p514
Vd37123-pywren.runtimes/default_2.7.tar.gz.0060
p515
sVaws_request_id
p516
V3334ebbe-a1a2-4aeb-98e2-442ec1d3d7be
p517
sVexec_time
p518
F62.352516889572144
sVstart_time
p519
F1609060360.2297449
sVsetup_time
p520
F7.0632541179656982
sVruntime_s3_bucket_used
p521
Vpywren-runtimes-public-us-west-2
p522
sVexception
p523
NsVhost_submit_time
p524
F1609060359.54879
sVserver_info
p525
(dp526
Vuname
p527
V('Linux', '169.254.237.253', '4.14.203-112.332.amzn2.x86_64', '#1 SMP Wed Nov 4 20:46:34 UTC 2020', 'x86_64', 'x86_64')
p528
sV/proc/self/cgroup
p529
VMemTotal:        1717184 kB\u000aMemFree:         1119504 kB\u000aMemAvailable:    1485628 kB\u000aBuffers:           17148 kB\u000aCached:           463336 kB\u000aSwapCached:            0 kB\u000aActive:            94412 kB\u000aInactive:         447344 kB\u000aActive(anon):      61260 kB\u000aInactive(anon):      216 kB\u000aActive(file):      33152 kB\u000aInactive(file):   447128 kB\u000aUnevictable:           0 kB\u000aMlocked:               0 kB\u000aSwapTotal:             0 kB\u000aSwapFree:              0 kB\u000aDirty:               360 kB\u000aWriteback:             0 kB\u000aAnonPages:         61260 kB\u000aMapped:            35024 kB\u000aShmem:               220 kB\u000aSlab:              43164 kB\u000aSReclaimable:      32704 kB\u000aSUnreclaim:        10460 kB\u000aKernelStack:        1152 kB\u000aPageTables:         1316 kB\u000aNFS_Unstable:          0 kB\u000aBounce:                0 kB\u000aWritebackTmp:          0 kB\u000aCommitLimit:      858592 kB\u000aCommitted_AS:     250812 kB\u000aVmallocTotal:   34359738367 kB\u000aVmallocUsed:           0 kB\u000aVmallocChunk:          0 kB\u000aAnonHugePages:         0 kB\u000aShmemHugePages:        0 kB\u000aShmemPmdMapped:        0 kB\u000aHugePages_Total:       0\u000aHugePages_Free:        0\u000aHugePages_Rsvd:        0\u000aHugePages_Surp:        0\u000aHugepagesize:       2048 kB\u000aDirectMap4k:       21504 kB\u000aDirectMap2M:     1740800 kB\u000a
p530
sV/proc/cgroups
p531
V#subsys_name	hierarchy	num_cgroups	enabled\u000acpuset	4	1	1\u000acpu	8	5	1\u000acpuacct	8	5	1\u000ablkio	6	1	1\u000amemory	9	5	1\u000adevices	3	1	1\u000afreezer	7	2	1\u000anet_cls	11	1	1\u000aperf_event	2	1	1\u000anet_prio	11	1	1\u000ahugetlb	5	1	1\u000apids	10	1	1\u000a
p532
sV/proc/cpuinfo
p533
Vprocessor	: 0\u000avendor_id	: GenuineIntel\u000acpu family	: 6\u000amodel		: 63\u000amodel name	: Intel(R) Xeon(R) Processor @ 2.50GHz\u000astepping	: 2\u000amicrocode	: 0x1\u000acpu MHz		: 2500.012\u000acache size	: 36608 KB\u000aphysical id	: 0\u000asiblings	: 2\u000acore id		: 0\u000acpu cores	: 2\u000aapicid		: 0\u000ainitial apicid	: 0\u000afpu		: yes\u000afpu_exception	: yes\u000acpuid level	: 13\u000awp		: yes\u000aflags		: fpu vme de pse tsc msr pae mce cx8 apic sep mtrr pge mca cmov pat pse36 clflush mmx fxsr sse sse2 ht syscall nx rdtscp lm constant_tsc rep_good nopl xtopology nonstop_tsc cpuid tsc_known_freq pni pclmulqdq ssse3 fma cx16 pcid sse4_1 sse4_2 x2apic movbe popcnt tsc_deadline_timer aes xsave avx f16c rdrand hypervisor lahf_lm abm cpuid_fault invpcid_single ssbd ibrs ibpb stibp ibrs_enhanced fsgsbase tsc_adjust bmi1 avx2 smep bmi2 erms invpcid smap xsaveopt arat md_clear arch_capabilities\u000abugs		: spectre_v1 spectre_v2 spec_store_bypass swapgs\u000abogomips	: 5000.02\u000aclflush size	: 64\u000acache_alignment	: 64\u000aaddress sizes	: 46 bits physical, 48 bits virtual\u000apower management:\u000a\u000aprocessor	: 1\u000avendor_id	: GenuineIntel\u000acpu family	: 6\u000amodel		: 63\u000amodel name	: Intel(R) Xeon(R) Processor @ 2.50GHz\u000astepping	: 2\u000amicrocode	: 0x1\u000acpu MHz		: 2500.012\u000acache size	: 36608 KB\u000aphysical id	: 0\u000asiblings	: 2\u000acore id		: 1\u000acpu cores	: 2\u000aapicid		: 1\u000ainitial apicid	: 1\u000afpu		: yes\u000afpu_exception	: yes\u000acpuid level	: 13\u000awp		: yes\u000aflags		: fpu vme de pse tsc msr pae mce cx8 apic sep mtrr pge mca cmov pat pse36 clflush mmx fxsr sse sse2 ht syscall nx rdtscp lm constant_tsc rep_good nopl xtopology nonstop_tsc cpuid tsc_known_freq pni pclmulqdq ssse3 fma cx16 pcid sse4_1 sse4_2 x2apic movbe popcnt tsc_deadline_timer aes xsave avx f16c rdrand hypervisor lahf_lm abm cpuid_fault invpcid_single ssbd ibrs ibpb stibp ibrs_enhanced fsgsbase tsc_adjust bmi1 avx2 smep bmi2 erms invpcid smap xsaveopt arat md_clear arch_capabilities\u000abugs		: spectre_v1 spectre_v2 spec_store_bypass swapgs\u000abogomips	: 5000.02\u000aclflush size	: 64\u000acache_alignment	: 64\u000aaddress sizes	: 46 bits physical, 48 bits virtual\u000apower management:\u000a\u000a
p534
sV/proc/meminfo
p535
VMemTotal:        1717184 kB\u000aMemFree:         1119504 kB\u000aMemAvailable:    1485628 kB\u000aBuffers:           17148 kB\u000aCached:           463336 kB\u000aSwapCached:            0 kB\u000aActive:            94412 kB\u000aInactive:         447344 kB\u000aActive(anon):      61260 kB\u000aInactive(anon):      216 kB\u000aActive(file):      33152 kB\u000aInactive(file):   447128 kB\u000aUnevictable:           0 kB\u000aMlocked:               0 kB\u000aSwapTotal:             0 kB\u000aSwapFree:              0 kB\u000aDirty:               360 kB\u000aWriteback:             0 kB\u000aAnonPages:         61260 kB\u000aMapped:            35024 kB\u000aShmem:               220 kB\u000aSlab:              43164 kB\u000aSReclaimable:      32704 kB\u000aSUnreclaim:        10460 kB\u000aKernelStack:        1152 kB\u000aPageTables:         1316 kB\u000aNFS_Unstable:          0 kB\u000aBounce:                0 kB\u000aWritebackTmp:          0 kB\u000aCommitLimit:      858592 kB\u000aCommitted_AS:     250812 kB\u000aVmallocTotal:   34359738367 kB\u000aVmallocUsed:           0 kB\u000aVmallocChunk:          0 kB\u000aAnonHugePages:         0 kB\u000aShmemHugePages:        0 kB\u000aShmemPmdMapped:        0 kB\u000aHugePages_Total:       0\u000aHugePages_Free:        0\u000aHugePages_Rsvd:        0\u000aHugePages_Surp:        0\u000aHugepagesize:       2048 kB\u000aDirectMap4k:       21504 kB\u000aDirectMap2M:     1740800 kB\u000a
p536
ssVstatus_key
p537
Vpywren.jobs/cf734098-d95c-4c9c-b550-ce83beb50fea/00011/status.json
p538
sVend_time
p539
F1609060429.6455109
sVlog_group_name
p540
V/aws/lambda/pywren_redis_2
p541
sVdata_key
p542
Vpywren.jobs/cf734098-d95c-4c9c-b550-ce83beb50fea/aggdata.pickle
p543
sa(dp544
Vcallset_id
p545
Vcf734098-d95c-4c9c-b550-ce83beb50fea
p546
sVlog_stream_name
p547
V2020/12/27/[$LATEST]2cd0fc748f4748e0918eea6526037cff
p548
sVstdout
p549
V
sVfunc_key
p550
Vpywren.jobs/cf734098-d95c-4c9c-b550-ce83beb50fea/func.pickle
p551
sVfree_disk_bytes
p552
I538333184
sVruntime_cached
p553
I00
sVretcode
p554
I0
sVcall_id
p555
V00012
p556
sVoutput_key
p557
Vpywren.jobs/cf734098-d95c-4c9c-b550-ce83beb50fea/00012/output.pickle
p558
sVruntime_s3_key_used
p559
Vd75e32-pywren.runtimes/default_2.7.tar.gz.0094
p560
sVaws_request_id
p561
V7d01256a-d77d-40ce-837f-16ca6c043f74
p562
sVexec_time
p563
F62.43553614616394
sVstart_time
p564
F1609060360.3014619
sVsetup_time
p565
F7.1486580371856689
sVruntime_s3_bucket_used
p566
Vpywren-runtimes-public-us-west-2
p567
sVexception
p568
NsVhost_submit_time
p569
F1609060359.5533929
sVserver_info
p570
(dp571
Vuname
p572
V('Linux', '169.254.49.125', '4.14.203-112.332.amzn2.x86_64', '#1 SMP Wed Nov 4 20:46:34 UTC 2020', 'x86_64', 'x86_64')
p573
sV/proc/self/cgroup
p574
VMemTotal:        1717184 kB\u000aMemFree:         1119060 kB\u000aMemAvailable:    1485324 kB\u000aBuffers:           17376 kB\u000aCached:           463156 kB\u000aSwapCached:            0 kB\u000aActive:            95064 kB\u000aInactive:         447224 kB\u000aActive(anon):      61724 kB\u000aInactive(anon):      216 kB\u000aActive(file):      33340 kB\u000aInactive(file):   447008 kB\u000aUnevictable:           0 kB\u000aMlocked:               0 kB\u000aSwapTotal:             0 kB\u000aSwapFree:              0 kB\u000aDirty:               128 kB\u000aWriteback:             0 kB\u000aAnonPages:         61744 kB\u000aMapped:            34904 kB\u000aShmem:               220 kB\u000aSlab:              42972 kB\u000aSReclaimable:      32844 kB\u000aSUnreclaim:        10128 kB\u000aKernelStack:        1152 kB\u000aPageTables:         1332 kB\u000aNFS_Unstable:          0 kB\u000aBounce:                0 kB\u000aWritebackTmp:          0 kB\u000aCommitLimit:      858592 kB\u000aCommitted_AS:     253736 kB\u000aVmallocTotal:   34359738367 kB\u000aVmallocUsed:           0 kB\u000aVmallocChunk:          0 kB\u000aAnonHugePages:         0 kB\u000aShmemHugePages:        0 kB\u000aShmemPmdMapped:        0 kB\u000aHugePages_Total:       0\u000aHugePages_Free:        0\u000aHugePages_Rsvd:        0\u000aHugePages_Surp:        0\u000aHugepagesize:       2048 kB\u000aDirectMap4k:       21504 kB\u000aDirectMap2M:     1740800 kB\u000a
p575
sV/proc/cgroups
p576
V#subsys_name	hierarchy	num_cgroups	enabled\u000acpuset	7	1	1\u000acpu	3	5	1\u000acpuacct	3	5	1\u000ablkio	9	1	1\u000amemory	10	5	1\u000adevices	8	1	1\u000afreezer	11	2	1\u000anet_cls	2	1	1\u000aperf_event	6	1	1\u000anet_prio	2	1	1\u000ahugetlb	4	1	1\u000apids	5	1	1\u000a
p577
sV/proc/cpuinfo
p578
Vprocessor	: 0\u000avendor_id	: GenuineIntel\u000acpu family	: 6\u000amodel		: 63\u000amodel name	: Intel(R) Xeon(R) Processor @ 2.50GHz\u000astepping	: 2\u000amicrocode	: 0x1\u000acpu MHz		: 2500.014\u000acache size	: 36608 KB\u000aphysical id	: 0\u000asiblings	: 2\u000acore id		: 0\u000acpu cores	: 2\u000aapicid		: 0\u000ainitial apicid	: 0\u000afpu		: yes\u000afpu_exception	: yes\u000acpuid level	: 13\u000awp		: yes\u000aflags		: fpu vme de pse tsc msr pae mce cx8 apic sep mtrr pge mca cmov pat pse36 clflush mmx fxsr sse sse2 ht syscall nx rdtscp lm constant_tsc rep_good nopl xtopology nonstop_tsc cpuid tsc_known_freq pni pclmulqdq ssse3 fma cx16 pcid sse4_1 sse4_2 x2apic movbe popcnt tsc_deadline_timer aes xsave avx f16c rdrand hypervisor lahf_lm abm cpuid_fault invpcid_single ssbd ibrs ibpb stibp ibrs_enhanced fsgsbase tsc_adjust bmi1 avx2 smep bmi2 erms invpcid smap xsaveopt arat md_clear arch_capabilities\u000abugs		: spectre_v1 spectre_v2 spec_store_bypass swapgs\u000abogomips	: 5000.02\u000aclflush size	: 64\u000acache_alignment	: 64\u000aaddress sizes	: 46 bits physical, 48 bits virtual\u000apower management:\u000a\u000aprocessor	: 1\u000avendor_id	: GenuineIntel\u000acpu family	: 6\u000amodel		: 63\u000amodel name	: Intel(R) Xeon(R) Processor @ 2.50GHz\u000astepping	: 2\u000amicrocode	: 0x1\u000acpu MHz		: 2500.014\u000acache size	: 36608 KB\u000aphysical id	: 0\u000asiblings	: 2\u000acore id		: 1\u000acpu cores	: 2\u000aapicid		: 1\u000ainitial apicid	: 1\u000afpu		: yes\u000afpu_exception	: yes\u000acpuid level	: 13\u000awp		: yes\u000aflags		: fpu vme de pse tsc msr pae mce cx8 apic sep mtrr pge mca cmov pat pse36 clflush mmx fxsr sse sse2 ht syscall nx rdtscp lm constant_tsc rep_good nopl xtopology nonstop_tsc cpuid tsc_known_freq pni pclmulqdq ssse3 fma cx16 pcid sse4_1 sse4_2 x2apic movbe popcnt tsc_deadline_timer aes xsave avx f16c rdrand hypervisor lahf_lm abm cpuid_fault invpcid_single ssbd ibrs ibpb stibp ibrs_enhanced fsgsbase tsc_adjust bmi1 avx2 smep bmi2 erms invpcid smap xsaveopt arat md_clear arch_capabilities\u000abugs		: spectre_v1 spectre_v2 spec_store_bypass swapgs\u000abogomips	: 5000.02\u000aclflush size	: 64\u000acache_alignment	: 64\u000aaddress sizes	: 46 bits physical, 48 bits virtual\u000apower management:\u000a\u000a
p579
sV/proc/meminfo
p580
VMemTotal:        1717184 kB\u000aMemFree:         1119060 kB\u000aMemAvailable:    1485324 kB\u000aBuffers:           17376 kB\u000aCached:           463156 kB\u000aSwapCached:            0 kB\u000aActive:            95064 kB\u000aInactive:         447224 kB\u000aActive(anon):      61724 kB\u000aInactive(anon):      216 kB\u000aActive(file):      33340 kB\u000aInactive(file):   447008 kB\u000aUnevictable:           0 kB\u000aMlocked:               0 kB\u000aSwapTotal:             0 kB\u000aSwapFree:              0 kB\u000aDirty:               128 kB\u000aWriteback:             0 kB\u000aAnonPages:         61744 kB\u000aMapped:            34904 kB\u000aShmem:               220 kB\u000aSlab:              42972 kB\u000aSReclaimable:      32844 kB\u000aSUnreclaim:        10128 kB\u000aKernelStack:        1152 kB\u000aPageTables:         1332 kB\u000aNFS_Unstable:          0 kB\u000aBounce:                0 kB\u000aWritebackTmp:          0 kB\u000aCommitLimit:      858592 kB\u000aCommitted_AS:     253736 kB\u000aVmallocTotal:   34359738367 kB\u000aVmallocUsed:           0 kB\u000aVmallocChunk:          0 kB\u000aAnonHugePages:         0 kB\u000aShmemHugePages:        0 kB\u000aShmemPmdMapped:        0 kB\u000aHugePages_Total:       0\u000aHugePages_Free:        0\u000aHugePages_Rsvd:        0\u000aHugePages_Surp:        0\u000aHugepagesize:       2048 kB\u000aDirectMap4k:       21504 kB\u000aDirectMap2M:     1740800 kB\u000a
p581
ssVstatus_key
p582
Vpywren.jobs/cf734098-d95c-4c9c-b550-ce83beb50fea/00012/status.json
p583
sVend_time
p584
F1609060429.8856499
sVlog_group_name
p585
V/aws/lambda/pywren_redis_2
p586
sVdata_key
p587
Vpywren.jobs/cf734098-d95c-4c9c-b550-ce83beb50fea/aggdata.pickle
p588
sa(dp589
Vcallset_id
p590
Vcf734098-d95c-4c9c-b550-ce83beb50fea
p591
sVlog_stream_name
p592
V2020/12/27/[$LATEST]905bb39d7bb74d499841449de39fb189
p593
sVstdout
p594
V
sVfunc_key
p595
Vpywren.jobs/cf734098-d95c-4c9c-b550-ce83beb50fea/func.pickle
p596
sVfree_disk_bytes
p597
I538333184
sVruntime_cached
p598
I00
sVretcode
p599
I0
sVcall_id
p600
V00013
p601
sVoutput_key
p602
Vpywren.jobs/cf734098-d95c-4c9c-b550-ce83beb50fea/00013/output.pickle
p603
sVruntime_s3_key_used
p604
V9f25cd-pywren.runtimes/default_2.7.tar.gz.0086
p605
sVaws_request_id
p606
V02b7a1af-37e6-45d4-8acd-5aa9f86bf7cf
p607
sVexec_time
p608
F62.344191074371338
sVstart_time
p609
F1609060360.267319
sVsetup_time
p610
F7.0191719532012939
sVruntime_s3_bucket_used
p611
Vpywren-runtimes-public-us-west-2
p612
sVexception
p613
NsVhost_submit_time
p614
F1609060359.5684559
sVserver_info
p615
(dp616
Vuname
p617
V('Linux', '169.254.86.213', '4.14.203-112.332.amzn2.x86_64', '#1 SMP Wed Nov 4 20:46:34 UTC 2020', 'x86_64', 'x86_64')
p618
sV/proc/self/cgroup
p619
VMemTotal:        1717184 kB\u000aMemFree:         1120104 kB\u000aMemAvailable:    1485780 kB\u000aBuffers:           16572 kB\u000aCached:           463364 kB\u000aSwapCached:            0 kB\u000aActive:            94248 kB\u000aInactive:         446892 kB\u000aActive(anon):      61188 kB\u000aInactive(anon):      216 kB\u000aActive(file):      33060 kB\u000aInactive(file):   446676 kB\u000aUnevictable:           0 kB\u000aMlocked:               0 kB\u000aSwapTotal:             0 kB\u000aSwapFree:              0 kB\u000aDirty:               132 kB\u000aWriteback:             0 kB\u000aAnonPages:         61192 kB\u000aMapped:            34896 kB\u000aShmem:               220 kB\u000aSlab:              43324 kB\u000aSReclaimable:      32892 kB\u000aSUnreclaim:        10432 kB\u000aKernelStack:        1152 kB\u000aPageTables:         1304 kB\u000aNFS_Unstable:          0 kB\u000aBounce:                0 kB\u000aWritebackTmp:          0 kB\u000aCommitLimit:      858592 kB\u000aCommitted_AS:     253560 kB\u000aVmallocTotal:   34359738367 kB\u000aVmallocUsed:           0 kB\u000aVmallocChunk:          0 kB\u000aAnonHugePages:         0 kB\u000aShmemHugePages:        0 kB\u000aShmemPmdMapped:        0 kB\u000aHugePages_Total:       0\u000aHugePages_Free:        0\u000aHugePages_Rsvd:        0\u000aHugePages_Surp:        0\u000aHugepagesize:       2048 kB\u000aDirectMap4k:       23552 kB\u000aDirectMap2M:     1738752 kB\u000a
p620
sV/proc/cgroups
p621
V#subsys_name	hierarchy	num_cgroups	enabled\u000acpuset	3	1	1\u000acpu	4	5	1\u000acpuacct	4	5	1\u000ablkio	11	1	1\u000amemory	2	5	1\u000adevices	10	1	1\u000afreezer	9	2	1\u000anet_cls	8	1	1\u000aperf_event	6	1	1\u000anet_prio	8	1	1\u000ahugetlb	7	1	1\u000apids	5	1	1\u000a
p622
sV/proc/cpuinfo
p623
Vprocessor	: 0\u000avendor_id	: GenuineIntel\u000acpu family	: 6\u000amodel		: 63\u000amodel name	: Intel(R) Xeon(R) Processor @ 2.50GHz\u000astepping	: 2\u000amicrocode	: 0x1\u000acpu MHz		: 2500.010\u000acache size	: 36608 KB\u000aphysical id	: 0\u000asiblings	: 2\u000acore id		: 0\u000acpu cores	: 2\u000aapicid		: 0\u000ainitial apicid	: 0\u000afpu		: yes\u000afpu_exception	: yes\u000acpuid level	: 13\u000awp		: yes\u000aflags		: fpu vme de pse tsc msr pae mce cx8 apic sep mtrr pge mca cmov pat pse36 clflush mmx fxsr sse sse2 ht syscall nx rdtscp lm constant_tsc rep_good nopl xtopology nonstop_tsc cpuid tsc_known_freq pni pclmulqdq ssse3 fma cx16 pcid sse4_1 sse4_2 x2apic movbe popcnt tsc_deadline_timer aes xsave avx f16c rdrand hypervisor lahf_lm abm cpuid_fault invpcid_single ssbd ibrs ibpb stibp ibrs_enhanced fsgsbase tsc_adjust bmi1 avx2 smep bmi2 erms invpcid smap xsaveopt arat md_clear arch_capabilities\u000abugs		: spectre_v1 spectre_v2 spec_store_bypass swapgs\u000abogomips	: 5000.02\u000aclflush size	: 64\u000acache_alignment	: 64\u000aaddress sizes	: 46 bits physical, 48 bits virtual\u000apower management:\u000a\u000aprocessor	: 1\u000avendor_id	: GenuineIntel\u000acpu family	: 6\u000amodel		: 63\u000amodel name	: Intel(R) Xeon(R) Processor @ 2.50GHz\u000astepping	: 2\u000amicrocode	: 0x1\u000acpu MHz		: 2500.010\u000acache size	: 36608 KB\u000aphysical id	: 0\u000asiblings	: 2\u000acore id		: 1\u000acpu cores	: 2\u000aapicid		: 1\u000ainitial apicid	: 1\u000afpu		: yes\u000afpu_exception	: yes\u000acpuid level	: 13\u000awp		: yes\u000aflags		: fpu vme de pse tsc msr pae mce cx8 apic sep mtrr pge mca cmov pat pse36 clflush mmx fxsr sse sse2 ht syscall nx rdtscp lm constant_tsc rep_good nopl xtopology nonstop_tsc cpuid tsc_known_freq pni pclmulqdq ssse3 fma cx16 pcid sse4_1 sse4_2 x2apic movbe popcnt tsc_deadline_timer aes xsave avx f16c rdrand hypervisor lahf_lm abm cpuid_fault invpcid_single ssbd ibrs ibpb stibp ibrs_enhanced fsgsbase tsc_adjust bmi1 avx2 smep bmi2 erms invpcid smap xsaveopt arat md_clear arch_capabilities\u000abugs		: spectre_v1 spectre_v2 spec_store_bypass swapgs\u000abogomips	: 5000.02\u000aclflush size	: 64\u000acache_alignment	: 64\u000aaddress sizes	: 46 bits physical, 48 bits virtual\u000apower management:\u000a\u000a
p624
sV/proc/meminfo
p625
VMemTotal:        1717184 kB\u000aMemFree:         1120104 kB\u000aMemAvailable:    1485780 kB\u000aBuffers:           16572 kB\u000aCached:           463364 kB\u000aSwapCached:            0 kB\u000aActive:            94248 kB\u000aInactive:         446892 kB\u000aActive(anon):      61188 kB\u000aInactive(anon):      216 kB\u000aActive(file):      33060 kB\u000aInactive(file):   446676 kB\u000aUnevictable:           0 kB\u000aMlocked:               0 kB\u000aSwapTotal:             0 kB\u000aSwapFree:              0 kB\u000aDirty:               132 kB\u000aWriteback:             0 kB\u000aAnonPages:         61192 kB\u000aMapped:            34896 kB\u000aShmem:               220 kB\u000aSlab:              43324 kB\u000aSReclaimable:      32892 kB\u000aSUnreclaim:        10432 kB\u000aKernelStack:        1152 kB\u000aPageTables:         1304 kB\u000aNFS_Unstable:          0 kB\u000aBounce:                0 kB\u000aWritebackTmp:          0 kB\u000aCommitLimit:      858592 kB\u000aCommitted_AS:     253560 kB\u000aVmallocTotal:   34359738367 kB\u000aVmallocUsed:           0 kB\u000aVmallocChunk:          0 kB\u000aAnonHugePages:         0 kB\u000aShmemHugePages:        0 kB\u000aShmemPmdMapped:        0 kB\u000aHugePages_Total:       0\u000aHugePages_Free:        0\u000aHugePages_Rsvd:        0\u000aHugePages_Surp:        0\u000aHugepagesize:       2048 kB\u000aDirectMap4k:       23552 kB\u000aDirectMap2M:     1738752 kB\u000a
p626
ssVstatus_key
p627
Vpywren.jobs/cf734098-d95c-4c9c-b550-ce83beb50fea/00013/status.json
p628
sVend_time
p629
F1609060429.6306779
sVlog_group_name
p630
V/aws/lambda/pywren_redis_2
p631
sVdata_key
p632
Vpywren.jobs/cf734098-d95c-4c9c-b550-ce83beb50fea/aggdata.pickle
p633
sa(dp634
Vcallset_id
p635
Vcf734098-d95c-4c9c-b550-ce83beb50fea
p636
sVlog_stream_name
p637
V2020/12/27/[$LATEST]6c87e28e69ac4597be78956dce24409e
p638
sVstdout
p639
V
sVfunc_key
p640
Vpywren.jobs/cf734098-d95c-4c9c-b550-ce83beb50fea/func.pickle
p641
sVfree_disk_bytes
p642
I538333184
sVruntime_cached
p643
I00
sVretcode
p644
I0
sVcall_id
p645
V00014
p646
sVoutput_key
p647
Vpywren.jobs/cf734098-d95c-4c9c-b550-ce83beb50fea/00014/output.pickle
p648
sVruntime_s3_key_used
p649
V7d9958-pywren.runtimes/default_2.7.tar.gz.0030
p650
sVaws_request_id
p651
Vfb12529b-1a8a-40d8-9359-46bb49ea7f25
p652
sVexec_time
p653
F62.397761106491089
sVstart_time
p654
F1609060360.297852
sVsetup_time
p655
F7.2045059204101562
sVruntime_s3_bucket_used
p656
Vpywren-runtimes-public-us-west-2
p657
sVexception
p658
NsVhost_submit_time
p659
F1609060359.5620029
sVserver_info
p660
(dp661
Vuname
p662
V('Linux', '169.254.231.157', '4.14.203-112.332.amzn2.x86_64', '#1 SMP Wed Nov 4 20:46:34 UTC 2020', 'x86_64', 'x86_64')
p663
sV/proc/self/cgroup
p664
