(dp1
S'run_statuses'
p2
(lp3
(dp4
Vcallset_id
p5
V1d0c47b5-bdc5-4cf3-bf77-0f4a4f725f39
p6
sVlog_stream_name
p7
V2020/12/27/[$LATEST]69b372184a0e4bab881b3998ad17fca6
p8
sVstdout
p9
V
sVfunc_key
p10
Vpywren.jobs/1d0c47b5-bdc5-4cf3-bf77-0f4a4f725f39/func.pickle
p11
sVfree_disk_bytes
p12
I538333184
sVruntime_cached
p13
I00
sVretcode
p14
I0
sVcall_id
p15
V00000
p16
sVoutput_key
p17
Vpywren.jobs/1d0c47b5-bdc5-4cf3-bf77-0f4a4f725f39/00000/output.pickle
p18
sVruntime_s3_key_used
p19
V022b0a-pywren.runtimes/default_2.7.tar.gz.0084
p20
sVaws_request_id
p21
V5edb14cc-8fa8-4bf3-8bcf-56e3f26f2579
p22
sVexec_time
p23
F42.2640540599823
sVstart_time
p24
F1609060380.1825249
sVsetup_time
p25
F6.8816390037536621
sVruntime_s3_bucket_used
p26
Vpywren-runtimes-public-us-west-2
p27
sVexception
p28
NsVhost_submit_time
p29
F1609060379.455276
sVserver_info
p30
(dp31
Vuname
p32
V('Linux', '169.254.5.5', '4.14.203-112.332.amzn2.x86_64', '#1 SMP Wed Nov 4 20:46:34 UTC 2020', 'x86_64', 'x86_64')
p33
sV/proc/self/cgroup
p34
VMemTotal:        1717184 kB\u000aMemFree:         1125400 kB\u000aMemAvailable:    1486076 kB\u000aBuffers:           14628 kB\u000aCached:           460404 kB\u000aSwapCached:            0 kB\u000aActive:            91848 kB\u000aInactive:         444496 kB\u000aActive(anon):      61296 kB\u000aInactive(anon):      216 kB\u000aActive(file):      30552 kB\u000aInactive(file):   444280 kB\u000aUnevictable:           0 kB\u000aMlocked:               0 kB\u000aSwapTotal:             0 kB\u000aSwapFree:              0 kB\u000aDirty:               152 kB\u000aWriteback:             0 kB\u000aAnonPages:         61304 kB\u000aMapped:            34600 kB\u000aShmem:               220 kB\u000aSlab:              42856 kB\u000aSReclaimable:      32704 kB\u000aSUnreclaim:        10152 kB\u000aKernelStack:        1152 kB\u000aPageTables:         1324 kB\u000aNFS_Unstable:          0 kB\u000aBounce:                0 kB\u000aWritebackTmp:          0 kB\u000aCommitLimit:      858592 kB\u000aCommitted_AS:     253560 kB\u000aVmallocTotal:   34359738367 kB\u000aVmallocUsed:           0 kB\u000aVmallocChunk:          0 kB\u000aAnonHugePages:         0 kB\u000aShmemHugePages:        0 kB\u000aShmemPmdMapped:        0 kB\u000aHugePages_Total:       0\u000aHugePages_Free:        0\u000aHugePages_Rsvd:        0\u000aHugePages_Surp:        0\u000aHugepagesize:       2048 kB\u000aDirectMap4k:       19456 kB\u000aDirectMap2M:     1742848 kB\u000a
p35
sV/proc/cgroups
p36
V#subsys_name	hierarchy	num_cgroups	enabled\u000acpuset	10	1	1\u000acpu	6	5	1\u000acpuacct	6	5	1\u000ablkio	3	1	1\u000amemory	11	5	1\u000adevices	8	1	1\u000afreezer	4	2	1\u000anet_cls	5	1	1\u000aperf_event	7	1	1\u000anet_prio	5	1	1\u000ahugetlb	2	1	1\u000apids	9	1	1\u000a
p37
sV/proc/cpuinfo
p38
Vprocessor	: 0\u000avendor_id	: GenuineIntel\u000acpu family	: 6\u000amodel		: 63\u000amodel name	: Intel(R) Xeon(R) Processor @ 2.50GHz\u000astepping	: 2\u000amicrocode	: 0x1\u000acpu MHz		: 2500.010\u000acache size	: 36608 KB\u000aphysical id	: 0\u000asiblings	: 2\u000acore id		: 0\u000acpu cores	: 2\u000aapicid		: 0\u000ainitial apicid	: 0\u000afpu		: yes\u000afpu_exception	: yes\u000acpuid level	: 13\u000awp		: yes\u000aflags		: fpu vme de pse tsc msr pae mce cx8 apic sep mtrr pge mca cmov pat pse36 clflush mmx fxsr sse sse2 ht syscall nx rdtscp lm constant_tsc rep_good nopl xtopology nonstop_tsc cpuid tsc_known_freq pni pclmulqdq ssse3 fma cx16 pcid sse4_1 sse4_2 x2apic movbe popcnt tsc_deadline_timer aes xsave avx f16c rdrand hypervisor lahf_lm abm cpuid_fault invpcid_single ssbd ibrs ibpb stibp ibrs_enhanced fsgsbase tsc_adjust bmi1 avx2 smep bmi2 erms invpcid smap xsaveopt arat md_clear arch_capabilities\u000abugs		: spectre_v1 spectre_v2 spec_store_bypass swapgs\u000abogomips	: 5000.02\u000aclflush size	: 64\u000acache_alignment	: 64\u000aaddress sizes	: 46 bits physical, 48 bits virtual\u000apower management:\u000a\u000aprocessor	: 1\u000avendor_id	: GenuineIntel\u000acpu family	: 6\u000amodel		: 63\u000amodel name	: Intel(R) Xeon(R) Processor @ 2.50GHz\u000astepping	: 2\u000amicrocode	: 0x1\u000acpu MHz		: 2500.010\u000acache size	: 36608 KB\u000aphysical id	: 0\u000asiblings	: 2\u000acore id		: 1\u000acpu cores	: 2\u000aapicid		: 1\u000ainitial apicid	: 1\u000afpu		: yes\u000afpu_exception	: yes\u000acpuid level	: 13\u000awp		: yes\u000aflags		: fpu vme de pse tsc msr pae mce cx8 apic sep mtrr pge mca cmov pat pse36 clflush mmx fxsr sse sse2 ht syscall nx rdtscp lm constant_tsc rep_good nopl xtopology nonstop_tsc cpuid tsc_known_freq pni pclmulqdq ssse3 fma cx16 pcid sse4_1 sse4_2 x2apic movbe popcnt tsc_deadline_timer aes xsave avx f16c rdrand hypervisor lahf_lm abm cpuid_fault invpcid_single ssbd ibrs ibpb stibp ibrs_enhanced fsgsbase tsc_adjust bmi1 avx2 smep bmi2 erms invpcid smap xsaveopt arat md_clear arch_capabilities\u000abugs		: spectre_v1 spectre_v2 spec_store_bypass swapgs\u000abogomips	: 5000.02\u000aclflush size	: 64\u000acache_alignment	: 64\u000aaddress sizes	: 46 bits physical, 48 bits virtual\u000apower management:\u000a\u000a
p39
sV/proc/meminfo
p40
VMemTotal:        1717184 kB\u000aMemFree:         1125400 kB\u000aMemAvailable:    1486076 kB\u000aBuffers:           14628 kB\u000aCached:           460404 kB\u000aSwapCached:            0 kB\u000aActive:            91848 kB\u000aInactive:         444496 kB\u000aActive(anon):      61296 kB\u000aInactive(anon):      216 kB\u000aActive(file):      30552 kB\u000aInactive(file):   444280 kB\u000aUnevictable:           0 kB\u000aMlocked:               0 kB\u000aSwapTotal:             0 kB\u000aSwapFree:              0 kB\u000aDirty:               152 kB\u000aWriteback:             0 kB\u000aAnonPages:         61304 kB\u000aMapped:            34600 kB\u000aShmem:               220 kB\u000aSlab:              42856 kB\u000aSReclaimable:      32704 kB\u000aSUnreclaim:        10152 kB\u000aKernelStack:        1152 kB\u000aPageTables:         1324 kB\u000aNFS_Unstable:          0 kB\u000aBounce:                0 kB\u000aWritebackTmp:          0 kB\u000aCommitLimit:      858592 kB\u000aCommitted_AS:     253560 kB\u000aVmallocTotal:   34359738367 kB\u000aVmallocUsed:           0 kB\u000aVmallocChunk:          0 kB\u000aAnonHugePages:         0 kB\u000aShmemHugePages:        0 kB\u000aShmemPmdMapped:        0 kB\u000aHugePages_Total:       0\u000aHugePages_Free:        0\u000aHugePages_Rsvd:        0\u000aHugePages_Surp:        0\u000aHugepagesize:       2048 kB\u000aDirectMap4k:       19456 kB\u000aDirectMap2M:     1742848 kB\u000a
p41
ssVstatus_key
p42
Vpywren.jobs/1d0c47b5-bdc5-4cf3-bf77-0f4a4f725f39/00000/status.json
p43
sVend_time
p44
F1609060429.328212
sVlog_group_name
p45
V/aws/lambda/pywren_redis_2
p46
sVdata_key
p47
Vpywren.jobs/1d0c47b5-bdc5-4cf3-bf77-0f4a4f725f39/aggdata.pickle
p48
sa(dp49
Vcallset_id
p50
V1d0c47b5-bdc5-4cf3-bf77-0f4a4f725f39
p51
sVlog_stream_name
p52
V2020/12/27/[$LATEST]051a5f8e93874141bb598ee60a43f99e
p53
sVstdout
p54
V
sVfunc_key
p55
Vpywren.jobs/1d0c47b5-bdc5-4cf3-bf77-0f4a4f725f39/func.pickle
p56
sVfree_disk_bytes
p57
I538333184
sVruntime_cached
p58
I00
sVretcode
p59
I0
sVcall_id
p60
V00001
p61
sVoutput_key
p62
Vpywren.jobs/1d0c47b5-bdc5-4cf3-bf77-0f4a4f725f39/00001/output.pickle
p63
sVruntime_s3_key_used
p64
V38d1b2-pywren.runtimes/default_2.7.tar.gz.0079
p65
sVaws_request_id
p66
V2b9eb3f3-4bcc-497e-9d36-8ea2d4b95176
p67
sVexec_time
p68
F42.263514041900635
sVstart_time
p69
F1609060380.247961
sVsetup_time
p70
F7.0088210105895996
sVruntime_s3_bucket_used
p71
Vpywren-runtimes-public-us-west-2
p72
sVexception
p73
NsVhost_submit_time
p74
F1609060379.449235
sVserver_info
p75
(dp76
Vuname
p77
V('Linux', '169.254.249.229', '4.14.203-112.332.amzn2.x86_64', '#1 SMP Wed Nov 4 20:46:34 UTC 2020', 'x86_64', 'x86_64')
p78
sV/proc/self/cgroup
p79
VMemTotal:        1717184 kB\u000aMemFree:         1118652 kB\u000aMemAvailable:    1486412 kB\u000aBuffers:           18056 kB\u000aCached:           464100 kB\u000aSwapCached:            0 kB\u000aActive:            95328 kB\u000aInactive:         447744 kB\u000aActive(anon):      60908 kB\u000aInactive(anon):      216 kB\u000aActive(file):      34420 kB\u000aInactive(file):   447528 kB\u000aUnevictable:           0 kB\u000aMlocked:               0 kB\u000aSwapTotal:             0 kB\u000aSwapFree:              0 kB\u000aDirty:               144 kB\u000aWriteback:             0 kB\u000aAnonPages:         60904 kB\u000aMapped:            35172 kB\u000aShmem:               220 kB\u000aSlab:              42656 kB\u000aSReclaimable:      32640 kB\u000aSUnreclaim:        10016 kB\u000aKernelStack:        1152 kB\u000aPageTables:         1336 kB\u000aNFS_Unstable:          0 kB\u000aBounce:                0 kB\u000aWritebackTmp:          0 kB\u000aCommitLimit:      858592 kB\u000aCommitted_AS:     253544 kB\u000aVmallocTotal:   34359738367 kB\u000aVmallocUsed:           0 kB\u000aVmallocChunk:          0 kB\u000aAnonHugePages:         0 kB\u000aShmemHugePages:        0 kB\u000aShmemPmdMapped:        0 kB\u000aHugePages_Total:       0\u000aHugePages_Free:        0\u000aHugePages_Rsvd:        0\u000aHugePages_Surp:        0\u000aHugepagesize:       2048 kB\u000aDirectMap4k:       23552 kB\u000aDirectMap2M:     1738752 kB\u000a
p80
sV/proc/cgroups
p81
V#subsys_name	hierarchy	num_cgroups	enabled\u000acpuset	2	1	1\u000acpu	5	5	1\u000acpuacct	5	5	1\u000ablkio	6	1	1\u000amemory	10	5	1\u000adevices	7	1	1\u000afreezer	4	2	1\u000anet_cls	8	1	1\u000aperf_event	3	1	1\u000anet_prio	8	1	1\u000ahugetlb	9	1	1\u000apids	11	1	1\u000a
p82
sV/proc/cpuinfo
p83
Vprocessor	: 0\u000avendor_id	: GenuineIntel\u000acpu family	: 6\u000amodel		: 63\u000amodel name	: Intel(R) Xeon(R) Processor @ 2.50GHz\u000astepping	: 2\u000amicrocode	: 0x1\u000acpu MHz		: 2500.014\u000acache size	: 36608 KB\u000aphysical id	: 0\u000asiblings	: 2\u000acore id		: 0\u000acpu cores	: 2\u000aapicid		: 0\u000ainitial apicid	: 0\u000afpu		: yes\u000afpu_exception	: yes\u000acpuid level	: 13\u000awp		: yes\u000aflags		: fpu vme de pse tsc msr pae mce cx8 apic sep mtrr pge mca cmov pat pse36 clflush mmx fxsr sse sse2 ht syscall nx rdtscp lm constant_tsc rep_good nopl xtopology nonstop_tsc cpuid tsc_known_freq pni pclmulqdq ssse3 fma cx16 pcid sse4_1 sse4_2 x2apic movbe popcnt tsc_deadline_timer aes xsave avx f16c rdrand hypervisor lahf_lm abm cpuid_fault invpcid_single ssbd ibrs ibpb stibp ibrs_enhanced fsgsbase tsc_adjust bmi1 avx2 smep bmi2 erms invpcid smap xsaveopt arat md_clear arch_capabilities\u000abugs		: spectre_v1 spectre_v2 spec_store_bypass swapgs\u000abogomips	: 5000.02\u000aclflush size	: 64\u000acache_alignment	: 64\u000aaddress sizes	: 46 bits physical, 48 bits virtual\u000apower management:\u000a\u000aprocessor	: 1\u000avendor_id	: GenuineIntel\u000acpu family	: 6\u000amodel		: 63\u000amodel name	: Intel(R) Xeon(R) Processor @ 2.50GHz\u000astepping	: 2\u000amicrocode	: 0x1\u000acpu MHz		: 2500.014\u000acache size	: 36608 KB\u000aphysical id	: 0\u000asiblings	: 2\u000acore id		: 1\u000acpu cores	: 2\u000aapicid		: 1\u000ainitial apicid	: 1\u000afpu		: yes\u000afpu_exception	: yes\u000acpuid level	: 13\u000awp		: yes\u000aflags		: fpu vme de pse tsc msr pae mce cx8 apic sep mtrr pge mca cmov pat pse36 clflush mmx fxsr sse sse2 ht syscall nx rdtscp lm constant_tsc rep_good nopl xtopology nonstop_tsc cpuid tsc_known_freq pni pclmulqdq ssse3 fma cx16 pcid sse4_1 sse4_2 x2apic movbe popcnt tsc_deadline_timer aes xsave avx f16c rdrand hypervisor lahf_lm abm cpuid_fault invpcid_single ssbd ibrs ibpb stibp ibrs_enhanced fsgsbase tsc_adjust bmi1 avx2 smep bmi2 erms invpcid smap xsaveopt arat md_clear arch_capabilities\u000abugs		: spectre_v1 spectre_v2 spec_store_bypass swapgs\u000abogomips	: 5000.02\u000aclflush size	: 64\u000acache_alignment	: 64\u000aaddress sizes	: 46 bits physical, 48 bits virtual\u000apower management:\u000a\u000a
p84
sV/proc/meminfo
p85
VMemTotal:        1717184 kB\u000aMemFree:         1118652 kB\u000aMemAvailable:    1486412 kB\u000aBuffers:           18056 kB\u000aCached:           464100 kB\u000aSwapCached:            0 kB\u000aActive:            95328 kB\u000aInactive:         447744 kB\u000aActive(anon):      60908 kB\u000aInactive(anon):      216 kB\u000aActive(file):      34420 kB\u000aInactive(file):   447528 kB\u000aUnevictable:           0 kB\u000aMlocked:               0 kB\u000aSwapTotal:             0 kB\u000aSwapFree:              0 kB\u000aDirty:               144 kB\u000aWriteback:             0 kB\u000aAnonPages:         60904 kB\u000aMapped:            35172 kB\u000aShmem:               220 kB\u000aSlab:              42656 kB\u000aSReclaimable:      32640 kB\u000aSUnreclaim:        10016 kB\u000aKernelStack:        1152 kB\u000aPageTables:         1336 kB\u000aNFS_Unstable:          0 kB\u000aBounce:                0 kB\u000aWritebackTmp:          0 kB\u000aCommitLimit:      858592 kB\u000aCommitted_AS:     253544 kB\u000aVmallocTotal:   34359738367 kB\u000aVmallocUsed:           0 kB\u000aVmallocChunk:          0 kB\u000aAnonHugePages:         0 kB\u000aShmemHugePages:        0 kB\u000aShmemPmdMapped:        0 kB\u000aHugePages_Total:       0\u000aHugePages_Free:        0\u000aHugePages_Rsvd:        0\u000aHugePages_Surp:        0\u000aHugepagesize:       2048 kB\u000aDirectMap4k:       23552 kB\u000aDirectMap2M:     1738752 kB\u000a
p86
ssVstatus_key
p87
Vpywren.jobs/1d0c47b5-bdc5-4cf3-bf77-0f4a4f725f39/00001/status.json
p88
sVend_time
p89
F1609060429.5202889
sVlog_group_name
p90
V/aws/lambda/pywren_redis_2
p91
sVdata_key
p92
Vpywren.jobs/1d0c47b5-bdc5-4cf3-bf77-0f4a4f725f39/aggdata.pickle
p93
sa(dp94
Vcallset_id
p95
V1d0c47b5-bdc5-4cf3-bf77-0f4a4f725f39
p96
sVlog_stream_name
p97
V2020/12/27/[$LATEST]b85dc55631324f35978d8b90f7c1228f
p98
sVstdout
p99
V
sVfunc_key
p100
Vpywren.jobs/1d0c47b5-bdc5-4cf3-bf77-0f4a4f725f39/func.pickle
p101
sVfree_disk_bytes
p102
I538333184
sVruntime_cached
p103
I00
sVretcode
p104
I0
sVcall_id
p105
V00002
p106
sVoutput_key
p107
Vpywren.jobs/1d0c47b5-bdc5-4cf3-bf77-0f4a4f725f39/00002/output.pickle
p108
sVruntime_s3_key_used
p109
V0dba8f-pywren.runtimes/default_2.7.tar.gz.0088
p110
sVaws_request_id
p111
Vf65ec26e-ee40-4961-9716-d5efc86914c7
p112
sVexec_time
p113
F42.81270694732666
sVstart_time
p114
F1609060380.194988
sVsetup_time
p115
F7.2043349742889404
sVruntime_s3_bucket_used
p116
Vpywren-runtimes-public-us-west-2
p117
sVexception
p118
NsVhost_submit_time
p119
F1609060379.451081
sVserver_info
p120
(dp121
Vuname
p122
V('Linux', '169.254.193.253', '4.14.203-112.332.amzn2.x86_64', '#1 SMP Wed Nov 4 20:46:34 UTC 2020', 'x86_64', 'x86_64')
p123
sV/proc/self/cgroup
p124
VMemTotal:        1717184 kB\u000aMemFree:         1118556 kB\u000aMemAvailable:    1486560 kB\u000aBuffers:           18124 kB\u000aCached:           464220 kB\u000aSwapCached:            0 kB\u000aActive:            95448 kB\u000aInactive:         447696 kB\u000aActive(anon):      60792 kB\u000aInactive(anon):      216 kB\u000aActive(file):      34656 kB\u000aInactive(file):   447480 kB\u000aUnevictable:           0 kB\u000aMlocked:               0 kB\u000aSwapTotal:             0 kB\u000aSwapFree:              0 kB\u000aDirty:               372 kB\u000aWriteback:             0 kB\u000aAnonPages:         60788 kB\u000aMapped:            35512 kB\u000aShmem:               220 kB\u000aSlab:              42520 kB\u000aSReclaimable:      32748 kB\u000aSUnreclaim:         9772 kB\u000aKernelStack:        1184 kB\u000aPageTables:         1324 kB\u000aNFS_Unstable:          0 kB\u000aBounce:                0 kB\u000aWritebackTmp:          0 kB\u000aCommitLimit:      858592 kB\u000aCommitted_AS:     259908 kB\u000aVmallocTotal:   34359738367 kB\u000aVmallocUsed:           0 kB\u000aVmallocChunk:          0 kB\u000aAnonHugePages:         0 kB\u000aShmemHugePages:        0 kB\u000aShmemPmdMapped:        0 kB\u000aHugePages_Total:       0\u000aHugePages_Free:        0\u000aHugePages_Rsvd:        0\u000aHugePages_Surp:        0\u000aHugepagesize:       2048 kB\u000aDirectMap4k:       21504 kB\u000aDirectMap2M:     1740800 kB\u000a
p125
sV/proc/cgroups
p126
V#subsys_name	hierarchy	num_cgroups	enabled\u000acpuset	5	1	1\u000acpu	9	5	1\u000acpuacct	9	5	1\u000ablkio	11	1	1\u000amemory	6	5	1\u000adevices	10	1	1\u000afreezer	4	2	1\u000anet_cls	3	1	1\u000aperf_event	2	1	1\u000anet_prio	3	1	1\u000ahugetlb	8	1	1\u000apids	7	1	1\u000a
p127
sV/proc/cpuinfo
p128
Vprocessor	: 0\u000avendor_id	: GenuineIntel\u000acpu family	: 6\u000amodel		: 63\u000amodel name	: Intel(R) Xeon(R) Processor @ 2.50GHz\u000astepping	: 2\u000amicrocode	: 0x1\u000acpu MHz		: 2500.006\u000acache size	: 33792 KB\u000aphysical id	: 0\u000asiblings	: 2\u000acore id		: 0\u000acpu cores	: 2\u000aapicid		: 0\u000ainitial apicid	: 0\u000afpu		: yes\u000afpu_exception	: yes\u000acpuid level	: 13\u000awp		: yes\u000aflags		: fpu vme de pse tsc msr pae mce cx8 apic sep mtrr pge mca cmov pat pse36 clflush mmx fxsr sse sse2 ht syscall nx rdtscp lm constant_tsc rep_good nopl xtopology nonstop_tsc cpuid tsc_known_freq pni pclmulqdq ssse3 fma cx16 pcid sse4_1 sse4_2 x2apic movbe popcnt tsc_deadline_timer aes xsave avx f16c rdrand hypervisor lahf_lm abm cpuid_fault invpcid_single pti ssbd ibrs ibpb stibp fsgsbase tsc_adjust bmi1 avx2 smep bmi2 erms invpcid smap xsaveopt arat md_clear arch_capabilities\u000abugs		: cpu_meltdown spectre_v1 spectre_v2 spec_store_bypass l1tf mds swapgs\u000abogomips	: 5000.01\u000aclflush size	: 64\u000acache_alignment	: 64\u000aaddress sizes	: 46 bits physical, 48 bits virtual\u000apower management:\u000a\u000aprocessor	: 1\u000avendor_id	: GenuineIntel\u000acpu family	: 6\u000amodel		: 63\u000amodel name	: Intel(R) Xeon(R) Processor @ 2.50GHz\u000astepping	: 2\u000amicrocode	: 0x1\u000acpu MHz		: 2500.006\u000acache size	: 33792 KB\u000aphysical id	: 0\u000asiblings	: 2\u000acore id		: 1\u000acpu cores	: 2\u000aapicid		: 1\u000ainitial apicid	: 1\u000afpu		: yes\u000afpu_exception	: yes\u000acpuid level	: 13\u000awp		: yes\u000aflags		: fpu vme de pse tsc msr pae mce cx8 apic sep mtrr pge mca cmov pat pse36 clflush mmx fxsr sse sse2 ht syscall nx rdtscp lm constant_tsc rep_good nopl xtopology nonstop_tsc cpuid tsc_known_freq pni pclmulqdq ssse3 fma cx16 pcid sse4_1 sse4_2 x2apic movbe popcnt tsc_deadline_timer aes xsave avx f16c rdrand hypervisor lahf_lm abm cpuid_fault invpcid_single pti ssbd ibrs ibpb stibp fsgsbase tsc_adjust bmi1 avx2 smep bmi2 erms invpcid smap xsaveopt arat md_clear arch_capabilities\u000abugs		: cpu_meltdown spectre_v1 spectre_v2 spec_store_bypass l1tf mds swapgs\u000abogomips	: 5000.01\u000aclflush size	: 64\u000acache_alignment	: 64\u000aaddress sizes	: 46 bits physical, 48 bits virtual\u000apower management:\u000a\u000a
p129
sV/proc/meminfo
p130
VMemTotal:        1717184 kB\u000aMemFree:         1118556 kB\u000aMemAvailable:    1486560 kB\u000aBuffers:           18124 kB\u000aCached:           464220 kB\u000aSwapCached:            0 kB\u000aActive:            95448 kB\u000aInactive:         447696 kB\u000aActive(anon):      60792 kB\u000aInactive(anon):      216 kB\u000aActive(file):      34656 kB\u000aInactive(file):   447480 kB\u000aUnevictable:           0 kB\u000aMlocked:               0 kB\u000aSwapTotal:             0 kB\u000aSwapFree:              0 kB\u000aDirty:               372 kB\u000aWriteback:             0 kB\u000aAnonPages:         60788 kB\u000aMapped:            35512 kB\u000aShmem:               220 kB\u000aSlab:              42520 kB\u000aSReclaimable:      32748 kB\u000aSUnreclaim:         9772 kB\u000aKernelStack:        1184 kB\u000aPageTables:         1324 kB\u000aNFS_Unstable:          0 kB\u000aBounce:                0 kB\u000aWritebackTmp:          0 kB\u000aCommitLimit:      858592 kB\u000aCommitted_AS:     259908 kB\u000aVmallocTotal:   34359738367 kB\u000aVmallocUsed:           0 kB\u000aVmallocChunk:          0 kB\u000aAnonHugePages:         0 kB\u000aShmemHugePages:        0 kB\u000aShmemPmdMapped:        0 kB\u000aHugePages_Total:       0\u000aHugePages_Free:        0\u000aHugePages_Rsvd:        0\u000aHugePages_Surp:        0\u000aHugepagesize:       2048 kB\u000aDirectMap4k:       21504 kB\u000aDirectMap2M:     1740800 kB\u000a
p131
ssVstatus_key
p132
Vpywren.jobs/1d0c47b5-bdc5-4cf3-bf77-0f4a4f725f39/00002/status.json
p133
sVend_time
p134
F1609060430.212023
sVlog_group_name
p135
V/aws/lambda/pywren_redis_2
p136
sVdata_key
p137
Vpywren.jobs/1d0c47b5-bdc5-4cf3-bf77-0f4a4f725f39/aggdata.pickle
p138
sa(dp139
Vcallset_id
p140
V1d0c47b5-bdc5-4cf3-bf77-0f4a4f725f39
p141
sVlog_stream_name
p142
V2020/12/27/[$LATEST]3cb347e8c7aa437f8c1b581667ba242d
p143
sVstdout
p144
V
sVfunc_key
p145
Vpywren.jobs/1d0c47b5-bdc5-4cf3-bf77-0f4a4f725f39/func.pickle
p146
sVfree_disk_bytes
p147
I538333184
sVruntime_cached
p148
I00
sVretcode
p149
I0
sVcall_id
p150
V00003
p151
sVoutput_key
p152
Vpywren.jobs/1d0c47b5-bdc5-4cf3-bf77-0f4a4f725f39/00003/output.pickle
p153
sVruntime_s3_key_used
p154
Vfc9684-pywren.runtimes/default_2.7.tar.gz.0061
p155
sVaws_request_id
p156
Vfa100095-10f1-428b-9a17-2cced687bdf6
p157
sVexec_time
p158
F41.466845035552979
sVstart_time
p159
F1609060380.2780769
sVsetup_time
p160
F6.9275021553039551
sVruntime_s3_bucket_used
p161
Vpywren-runtimes-public-us-west-2
p162
sVexception
p163
NsVhost_submit_time
p164
F1609060379.4631541
sVserver_info
p165
(dp166
Vuname
p167
V('Linux', '169.254.11.45', '4.14.203-112.332.amzn2.x86_64', '#1 SMP Wed Nov 4 20:46:34 UTC 2020', 'x86_64', 'x86_64')
p168
sV/proc/self/cgroup
p169
VMemTotal:        1717184 kB\u000aMemFree:         1121708 kB\u000aMemAvailable:    1485600 kB\u000aBuffers:           15392 kB\u000aCached:           462792 kB\u000aSwapCached:            0 kB\u000aActive:            93484 kB\u000aInactive:         446496 kB\u000aActive(anon):      61788 kB\u000aInactive(anon):      216 kB\u000aActive(file):      31696 kB\u000aInactive(file):   446280 kB\u000aUnevictable:           0 kB\u000aMlocked:               0 kB\u000aSwapTotal:             0 kB\u000aSwapFree:              0 kB\u000aDirty:                12 kB\u000aWriteback:             0 kB\u000aAnonPages:         61804 kB\u000aMapped:            34560 kB\u000aShmem:               220 kB\u000aSlab:              42796 kB\u000aSReclaimable:      32844 kB\u000aSUnreclaim:         9952 kB\u000aKernelStack:        1160 kB\u000aPageTables:         1352 kB\u000aNFS_Unstable:          0 kB\u000aBounce:                0 kB\u000aWritebackTmp:          0 kB\u000aCommitLimit:      858592 kB\u000aCommitted_AS:     253788 kB\u000aVmallocTotal:   34359738367 kB\u000aVmallocUsed:           0 kB\u000aVmallocChunk:          0 kB\u000aAnonHugePages:         0 kB\u000aShmemHugePages:        0 kB\u000aShmemPmdMapped:        0 kB\u000aHugePages_Total:       0\u000aHugePages_Free:        0\u000aHugePages_Rsvd:        0\u000aHugePages_Surp:        0\u000aHugepagesize:       2048 kB\u000aDirectMap4k:       21504 kB\u000aDirectMap2M:     1740800 kB\u000a
p170
sV/proc/cgroups
p171
V#subsys_name	hierarchy	num_cgroups	enabled\u000acpuset	5	1	1\u000acpu	3	5	1\u000acpuacct	3	5	1\u000ablkio	8	1	1\u000amemory	11	5	1\u000adevices	6	1	1\u000afreezer	2	2	1\u000anet_cls	7	1	1\u000aperf_event	9	1	1\u000anet_prio	7	1	1\u000ahugetlb	4	1	1\u000apids	10	1	1\u000a
p172
sV/proc/cpuinfo
p173
Vprocessor	: 0\u000avendor_id	: GenuineIntel\u000acpu family	: 6\u000amodel		: 63\u000amodel name	: Intel(R) Xeon(R) Processor @ 2.50GHz\u000astepping	: 2\u000amicrocode	: 0x1\u000acpu MHz		: 2500.002\u000acache size	: 36608 KB\u000aphysical id	: 0\u000asiblings	: 2\u000acore id		: 0\u000acpu cores	: 2\u000aapicid		: 0\u000ainitial apicid	: 0\u000afpu		: yes\u000afpu_exception	: yes\u000acpuid level	: 13\u000awp		: yes\u000aflags		: fpu vme de pse tsc msr pae mce cx8 apic sep mtrr pge mca cmov pat pse36 clflush mmx fxsr sse sse2 ht syscall nx rdtscp lm constant_tsc rep_good nopl xtopology nonstop_tsc cpuid tsc_known_freq pni pclmulqdq ssse3 fma cx16 pcid sse4_1 sse4_2 x2apic movbe popcnt tsc_deadline_timer aes xsave avx f16c rdrand hypervisor lahf_lm abm cpuid_fault invpcid_single ssbd ibrs ibpb stibp ibrs_enhanced fsgsbase tsc_adjust bmi1 avx2 smep bmi2 erms invpcid smap xsaveopt arat md_clear arch_capabilities\u000abugs		: spectre_v1 spectre_v2 spec_store_bypass swapgs\u000abogomips	: 5000.00\u000aclflush size	: 64\u000acache_alignment	: 64\u000aaddress sizes	: 46 bits physical, 48 bits virtual\u000apower management:\u000a\u000aprocessor	: 1\u000avendor_id	: GenuineIntel\u000acpu family	: 6\u000amodel		: 63\u000amodel name	: Intel(R) Xeon(R) Processor @ 2.50GHz\u000astepping	: 2\u000amicrocode	: 0x1\u000acpu MHz		: 2500.002\u000acache size	: 36608 KB\u000aphysical id	: 0\u000asiblings	: 2\u000acore id		: 1\u000acpu cores	: 2\u000aapicid		: 1\u000ainitial apicid	: 1\u000afpu		: yes\u000afpu_exception	: yes\u000acpuid level	: 13\u000awp		: yes\u000aflags		: fpu vme de pse tsc msr pae mce cx8 apic sep mtrr pge mca cmov pat pse36 clflush mmx fxsr sse sse2 ht syscall nx rdtscp lm constant_tsc rep_good nopl xtopology nonstop_tsc cpuid tsc_known_freq pni pclmulqdq ssse3 fma cx16 pcid sse4_1 sse4_2 x2apic movbe popcnt tsc_deadline_timer aes xsave avx f16c rdrand hypervisor lahf_lm abm cpuid_fault invpcid_single ssbd ibrs ibpb stibp ibrs_enhanced fsgsbase tsc_adjust bmi1 avx2 smep bmi2 erms invpcid smap xsaveopt arat md_clear arch_capabilities\u000abugs		: spectre_v1 spectre_v2 spec_store_bypass swapgs\u000abogomips	: 5000.00\u000aclflush size	: 64\u000acache_alignment	: 64\u000aaddress sizes	: 46 bits physical, 48 bits virtual\u000apower management:\u000a\u000a
p174
sV/proc/meminfo
p175
VMemTotal:        1717184 kB\u000aMemFree:         1121708 kB\u000aMemAvailable:    1485600 kB\u000aBuffers:           15392 kB\u000aCached:           462792 kB\u000aSwapCached:            0 kB\u000aActive:            93484 kB\u000aInactive:         446496 kB\u000aActive(anon):      61788 kB\u000aInactive(anon):      216 kB\u000aActive(file):      31696 kB\u000aInactive(file):   446280 kB\u000aUnevictable:           0 kB\u000aMlocked:               0 kB\u000aSwapTotal:             0 kB\u000aSwapFree:              0 kB\u000aDirty:                12 kB\u000aWriteback:             0 kB\u000aAnonPages:         61804 kB\u000aMapped:            34560 kB\u000aShmem:               220 kB\u000aSlab:              42796 kB\u000aSReclaimable:      32844 kB\u000aSUnreclaim:         9952 kB\u000aKernelStack:        1160 kB\u000aPageTables:         1352 kB\u000aNFS_Unstable:          0 kB\u000aBounce:                0 kB\u000aWritebackTmp:          0 kB\u000aCommitLimit:      858592 kB\u000aCommitted_AS:     253788 kB\u000aVmallocTotal:   34359738367 kB\u000aVmallocUsed:           0 kB\u000aVmallocChunk:          0 kB\u000aAnonHugePages:         0 kB\u000aShmemHugePages:        0 kB\u000aShmemPmdMapped:        0 kB\u000aHugePages_Total:       0\u000aHugePages_Free:        0\u000aHugePages_Rsvd:        0\u000aHugePages_Surp:        0\u000aHugepagesize:       2048 kB\u000aDirectMap4k:       21504 kB\u000aDirectMap2M:     1740800 kB\u000a
p176
ssVstatus_key
p177
Vpywren.jobs/1d0c47b5-bdc5-4cf3-bf77-0f4a4f725f39/00003/status.json
p178
sVend_time
p179
F1609060428.6724181
sVlog_group_name
p180
V/aws/lambda/pywren_redis_2
p181
sVdata_key
p182
Vpywren.jobs/1d0c47b5-bdc5-4cf3-bf77-0f4a4f725f39/aggdata.pickle
p183
sa(dp184
Vcallset_id
p185
V1d0c47b5-bdc5-4cf3-bf77-0f4a4f725f39
p186
sVlog_stream_name
p187
V2020/12/27/[$LATEST]abcac83ea8e04004b86a937680389b2d
p188
sVstdout
p189
V
sVfunc_key
p190
Vpywren.jobs/1d0c47b5-bdc5-4cf3-bf77-0f4a4f725f39/func.pickle
p191
sVfree_disk_bytes
p192
I538333184
sVruntime_cached
p193
I00
sVretcode
p194
I0
sVcall_id
p195
V00004
p196
sVoutput_key
p197
Vpywren.jobs/1d0c47b5-bdc5-4cf3-bf77-0f4a4f725f39/00004/output.pickle
p198
sVruntime_s3_key_used
p199
V07c439-pywren.runtimes/default_2.7.tar.gz.0069
p200
sVaws_request_id
p201
V987119de-198d-41be-86f1-4c2518787e35
p202
sVexec_time
p203
F42.216279983520508
sVstart_time
p204
F1609060380.2571559
sVsetup_time
p205
F7.2344150543212891
sVruntime_s3_bucket_used
p206
Vpywren-runtimes-public-us-west-2
p207
sVexception
p208
NsVhost_submit_time
p209
F1609060379.468533
sVserver_info
p210
(dp211
Vuname
p212
V('Linux', '169.254.26.65', '4.14.203-112.332.amzn2.x86_64', '#1 SMP Wed Nov 4 20:46:34 UTC 2020', 'x86_64', 'x86_64')
p213
sV/proc/self/cgroup
p214
VMemTotal:        1717184 kB\u000aMemFree:         1122620 kB\u000aMemAvailable:    1485136 kB\u000aBuffers:           14204 kB\u000aCached:           462664 kB\u000aSwapCached:            0 kB\u000aActive:            92460 kB\u000aInactive:         446396 kB\u000aActive(anon):      61984 kB\u000aInactive(anon):      216 kB\u000aActive(file):      30476 kB\u000aInactive(file):   446180 kB\u000aUnevictable:           0 kB\u000aMlocked:               0 kB\u000aSwapTotal:             0 kB\u000aSwapFree:              0 kB\u000aDirty:               132 kB\u000aWriteback:             0 kB\u000aAnonPages:         62000 kB\u000aMapped:            34428 kB\u000aShmem:               220 kB\u000aSlab:              42748 kB\u000aSReclaimable:      32732 kB\u000aSUnreclaim:        10016 kB\u000aKernelStack:        1288 kB\u000aPageTables:         1392 kB\u000aNFS_Unstable:          0 kB\u000aBounce:                0 kB\u000aWritebackTmp:          0 kB\u000aCommitLimit:      858592 kB\u000aCommitted_AS:     252128 kB\u000aVmallocTotal:   34359738367 kB\u000aVmallocUsed:           0 kB\u000aVmallocChunk:          0 kB\u000aAnonHugePages:         0 kB\u000aShmemHugePages:        0 kB\u000aShmemPmdMapped:        0 kB\u000aHugePages_Total:       0\u000aHugePages_Free:        0\u000aHugePages_Rsvd:        0\u000aHugePages_Surp:        0\u000aHugepagesize:       2048 kB\u000aDirectMap4k:       23552 kB\u000aDirectMap2M:     1738752 kB\u000a
p215
sV/proc/cgroups
p216
V#subsys_name	hierarchy	num_cgroups	enabled\u000acpuset	5	1	1\u000acpu	4	5	1\u000acpuacct	4	5	1\u000ablkio	10	1	1\u000amemory	9	5	1\u000adevices	3	1	1\u000afreezer	7	2	1\u000anet_cls	6	1	1\u000aperf_event	2	1	1\u000anet_prio	6	1	1\u000ahugetlb	11	1	1\u000apids	8	1	1\u000a
p217
sV/proc/cpuinfo
p218
Vprocessor	: 0\u000avendor_id	: GenuineIntel\u000acpu family	: 6\u000amodel		: 63\u000amodel name	: Intel(R) Xeon(R) Processor @ 2.50GHz\u000astepping	: 2\u000amicrocode	: 0x1\u000acpu MHz		: 2500.010\u000acache size	: 36608 KB\u000aphysical id	: 0\u000asiblings	: 2\u000acore id		: 0\u000acpu cores	: 2\u000aapicid		: 0\u000ainitial apicid	: 0\u000afpu		: yes\u000afpu_exception	: yes\u000acpuid level	: 13\u000awp		: yes\u000aflags		: fpu vme de pse tsc msr pae mce cx8 apic sep mtrr pge mca cmov pat pse36 clflush mmx fxsr sse sse2 ht syscall nx rdtscp lm constant_tsc rep_good nopl xtopology nonstop_tsc cpuid tsc_known_freq pni pclmulqdq ssse3 fma cx16 pcid sse4_1 sse4_2 x2apic movbe popcnt tsc_deadline_timer aes xsave avx f16c rdrand hypervisor lahf_lm abm cpuid_fault invpcid_single ssbd ibrs ibpb stibp ibrs_enhanced fsgsbase tsc_adjust bmi1 avx2 smep bmi2 erms invpcid smap xsaveopt arat md_clear arch_capabilities\u000abugs		: spectre_v1 spectre_v2 spec_store_bypass swapgs\u000abogomips	: 5000.02\u000aclflush size	: 64\u000acache_alignment	: 64\u000aaddress sizes	: 46 bits physical, 48 bits virtual\u000apower management:\u000a\u000aprocessor	: 1\u000avendor_id	: GenuineIntel\u000acpu family	: 6\u000amodel		: 63\u000amodel name	: Intel(R) Xeon(R) Processor @ 2.50GHz\u000astepping	: 2\u000amicrocode	: 0x1\u000acpu MHz		: 2500.010\u000acache size	: 36608 KB\u000aphysical id	: 0\u000asiblings	: 2\u000acore id		: 1\u000acpu cores	: 2\u000aapicid		: 1\u000ainitial apicid	: 1\u000afpu		: yes\u000afpu_exception	: yes\u000acpuid level	: 13\u000awp		: yes\u000aflags		: fpu vme de pse tsc msr pae mce cx8 apic sep mtrr pge mca cmov pat pse36 clflush mmx fxsr sse sse2 ht syscall nx rdtscp lm constant_tsc rep_good nopl xtopology nonstop_tsc cpuid tsc_known_freq pni pclmulqdq ssse3 fma cx16 pcid sse4_1 sse4_2 x2apic movbe popcnt tsc_deadline_timer aes xsave avx f16c rdrand hypervisor lahf_lm abm cpuid_fault invpcid_single ssbd ibrs ibpb stibp ibrs_enhanced fsgsbase tsc_adjust bmi1 avx2 smep bmi2 erms invpcid smap xsaveopt arat md_clear arch_capabilities\u000abugs		: spectre_v1 spectre_v2 spec_store_bypass swapgs\u000abogomips	: 5000.02\u000aclflush size	: 64\u000acache_alignment	: 64\u000aaddress sizes	: 46 bits physical, 48 bits virtual\u000apower management:\u000a\u000a
p219
sV/proc/meminfo
p220
VMemTotal:        1717184 kB\u000aMemFree:         1122620 kB\u000aMemAvailable:    1485136 kB\u000aBuffers:           14204 kB\u000aCached:           462664 kB\u000aSwapCached:            0 kB\u000aActive:            92460 kB\u000aInactive:         446396 kB\u000aActive(anon):      61984 kB\u000aInactive(anon):      216 kB\u000aActive(file):      30476 kB\u000aInactive(file):   446180 kB\u000aUnevictable:           0 kB\u000aMlocked:               0 kB\u000aSwapTotal:             0 kB\u000aSwapFree:              0 kB\u000aDirty:               132 kB\u000aWriteback:             0 kB\u000aAnonPages:         62000 kB\u000aMapped:            34428 kB\u000aShmem:               220 kB\u000aSlab:              42748 kB\u000aSReclaimable:      32732 kB\u000aSUnreclaim:        10016 kB\u000aKernelStack:        1288 kB\u000aPageTables:         1392 kB\u000aNFS_Unstable:          0 kB\u000aBounce:                0 kB\u000aWritebackTmp:          0 kB\u000aCommitLimit:      858592 kB\u000aCommitted_AS:     252128 kB\u000aVmallocTotal:   34359738367 kB\u000aVmallocUsed:           0 kB\u000aVmallocChunk:          0 kB\u000aAnonHugePages:         0 kB\u000aShmemHugePages:        0 kB\u000aShmemPmdMapped:        0 kB\u000aHugePages_Total:       0\u000aHugePages_Free:        0\u000aHugePages_Rsvd:        0\u000aHugePages_Surp:        0\u000aHugepagesize:       2048 kB\u000aDirectMap4k:       23552 kB\u000aDirectMap2M:     1738752 kB\u000a
p221
ssVstatus_key
p222
Vpywren.jobs/1d0c47b5-bdc5-4cf3-bf77-0f4a4f725f39/00004/status.json
p223
sVend_time
p224
F1609060429.707844
sVlog_group_name
p225
V/aws/lambda/pywren_redis_2
p226
sVdata_key
p227
Vpywren.jobs/1d0c47b5-bdc5-4cf3-bf77-0f4a4f725f39/aggdata.pickle
p228
sa(dp229
Vcallset_id
p230
V1d0c47b5-bdc5-4cf3-bf77-0f4a4f725f39
p231
sVlog_stream_name
p232
V2020/12/27/[$LATEST]bea47350ecc94f6bb82bf1542b5e1426
p233
sVstdout
p234
V
sVfunc_key
p235
Vpywren.jobs/1d0c47b5-bdc5-4cf3-bf77-0f4a4f725f39/func.pickle
p236
sVfree_disk_bytes
p237
I538333184
sVruntime_cached
p238
I00
sVretcode
p239
I0
sVcall_id
p240
V00005
p241
sVoutput_key
p242
Vpywren.jobs/1d0c47b5-bdc5-4cf3-bf77-0f4a4f725f39/00005/output.pickle
p243
sVruntime_s3_key_used
p244
V63afac-pywren.runtimes/default_2.7.tar.gz.0054
p245
sVaws_request_id
p246
Vf22b5b25-274e-4595-8ff0-aa019d1c7511
p247
sVexec_time
p248
F42.16889214515686
sVstart_time
p249
F1609060380.208905
sVsetup_time
p250
F7.2638449668884277
sVruntime_s3_bucket_used
p251
Vpywren-runtimes-public-us-west-2
p252
sVexception
p253
NsVhost_submit_time
p254
F1609060379.4703679
sVserver_info
p255
(dp256
Vuname
p257
V('Linux', '169.254.252.69', '4.14.203-112.332.amzn2.x86_64', '#1 SMP Wed Nov 4 20:46:34 UTC 2020', 'x86_64', 'x86_64')
p258
sV/proc/self/cgroup
p259
VMemTotal:        1717184 kB\u000aMemFree:         1120400 kB\u000aMemAvailable:    1486476 kB\u000aBuffers:           16832 kB\u000aCached:           463604 kB\u000aSwapCached:            0 kB\u000aActive:            94420 kB\u000aInactive:         447092 kB\u000aActive(anon):      61068 kB\u000aInactive(anon):      216 kB\u000aActive(file):      33352 kB\u000aInactive(file):   446876 kB\u000aUnevictable:           0 kB\u000aMlocked:               0 kB\u000aSwapTotal:             0 kB\u000aSwapFree:              0 kB\u000aDirty:               368 kB\u000aWriteback:             0 kB\u000aAnonPages:         61068 kB\u000aMapped:            34724 kB\u000aShmem:               220 kB\u000aSlab:              42740 kB\u000aSReclaimable:      32708 kB\u000aSUnreclaim:        10032 kB\u000aKernelStack:        1152 kB\u000aPageTables:         1344 kB\u000aNFS_Unstable:          0 kB\u000aBounce:                0 kB\u000aWritebackTmp:          0 kB\u000aCommitLimit:      858592 kB\u000aCommitted_AS:     251644 kB\u000aVmallocTotal:   34359738367 kB\u000aVmallocUsed:           0 kB\u000aVmallocChunk:          0 kB\u000aAnonHugePages:         0 kB\u000aShmemHugePages:        0 kB\u000aShmemPmdMapped:        0 kB\u000aHugePages_Total:       0\u000aHugePages_Free:        0\u000aHugePages_Rsvd:        0\u000aHugePages_Surp:        0\u000aHugepagesize:       2048 kB\u000aDirectMap4k:       19456 kB\u000aDirectMap2M:     1742848 kB\u000a
p260
sV/proc/cgroups
p261
V#subsys_name	hierarchy	num_cgroups	enabled\u000acpuset	3	1	1\u000acpu	4	5	1\u000acpuacct	4	5	1\u000ablkio	9	1	1\u000amemory	10	5	1\u000adevices	5	1	1\u000afreezer	6	2	1\u000anet_cls	7	1	1\u000aperf_event	2	1	1\u000anet_prio	7	1	1\u000ahugetlb	8	1	1\u000apids	11	1	1\u000a
p262
sV/proc/cpuinfo
p263
Vprocessor	: 0\u000avendor_id	: GenuineIntel\u000acpu family	: 6\u000amodel		: 63\u000amodel name	: Intel(R) Xeon(R) Processor @ 2.50GHz\u000astepping	: 2\u000amicrocode	: 0x1\u000acpu MHz		: 2499.998\u000acache size	: 33792 KB\u000aphysical id	: 0\u000asiblings	: 2\u000acore id		: 0\u000acpu cores	: 2\u000aapicid		: 0\u000ainitial apicid	: 0\u000afpu		: yes\u000afpu_exception	: yes\u000acpuid level	: 13\u000awp		: yes\u000aflags		: fpu vme de pse tsc msr pae mce cx8 apic sep mtrr pge mca cmov pat pse36 clflush mmx fxsr sse sse2 ht syscall nx rdtscp lm constant_tsc rep_good nopl xtopology nonstop_tsc cpuid tsc_known_freq pni pclmulqdq ssse3 fma cx16 pcid sse4_1 sse4_2 x2apic movbe popcnt tsc_deadline_timer aes xsave avx f16c rdrand hypervisor lahf_lm abm cpuid_fault invpcid_single pti ssbd ibrs ibpb stibp fsgsbase tsc_adjust bmi1 avx2 smep bmi2 erms invpcid smap xsaveopt arat md_clear arch_capabilities\u000abugs		: cpu_meltdown spectre_v1 spectre_v2 spec_store_bypass l1tf mds swapgs\u000abogomips	: 4999.99\u000aclflush size	: 64\u000acache_alignment	: 64\u000aaddress sizes	: 46 bits physical, 48 bits virtual\u000apower management:\u000a\u000aprocessor	: 1\u000avendor_id	: GenuineIntel\u000acpu family	: 6\u000amodel		: 63\u000amodel name	: Intel(R) Xeon(R) Processor @ 2.50GHz\u000astepping	: 2\u000amicrocode	: 0x1\u000acpu MHz		: 2499.998\u000acache size	: 33792 KB\u000aphysical id	: 0\u000asiblings	: 2\u000acore id		: 1\u000acpu cores	: 2\u000aapicid		: 1\u000ainitial apicid	: 1\u000afpu		: yes\u000afpu_exception	: yes\u000acpuid level	: 13\u000awp		: yes\u000aflags		: fpu vme de pse tsc msr pae mce cx8 apic sep mtrr pge mca cmov pat pse36 clflush mmx fxsr sse sse2 ht syscall nx rdtscp lm constant_tsc rep_good nopl xtopology nonstop_tsc cpuid tsc_known_freq pni pclmulqdq ssse3 fma cx16 pcid sse4_1 sse4_2 x2apic movbe popcnt tsc_deadline_timer aes xsave avx f16c rdrand hypervisor lahf_lm abm cpuid_fault invpcid_single pti ssbd ibrs ibpb stibp fsgsbase tsc_adjust bmi1 avx2 smep bmi2 erms invpcid smap xsaveopt arat md_clear arch_capabilities\u000abugs		: cpu_meltdown spectre_v1 spectre_v2 spec_store_bypass l1tf mds swapgs\u000abogomips	: 4999.99\u000aclflush size	: 64\u000acache_alignment	: 64\u000aaddress sizes	: 46 bits physical, 48 bits virtual\u000apower management:\u000a\u000a
p264
sV/proc/meminfo
p265
VMemTotal:        1717184 kB\u000aMemFree:         1120400 kB\u000aMemAvailable:    1486476 kB\u000aBuffers:           16832 kB\u000aCached:           463604 kB\u000aSwapCached:            0 kB\u000aActive:            94420 kB\u000aInactive:         447092 kB\u000aActive(anon):      61068 kB\u000aInactive(anon):      216 kB\u000aActive(file):      33352 kB\u000aInactive(file):   446876 kB\u000aUnevictable:           0 kB\u000aMlocked:               0 kB\u000aSwapTotal:             0 kB\u000aSwapFree:              0 kB\u000aDirty:               368 kB\u000aWriteback:             0 kB\u000aAnonPages:         61068 kB\u000aMapped:            34724 kB\u000aShmem:               220 kB\u000aSlab:              42740 kB\u000aSReclaimable:      32708 kB\u000aSUnreclaim:        10032 kB\u000aKernelStack:        1152 kB\u000aPageTables:         1344 kB\u000aNFS_Unstable:          0 kB\u000aBounce:                0 kB\u000aWritebackTmp:          0 kB\u000aCommitLimit:      858592 kB\u000aCommitted_AS:     251644 kB\u000aVmallocTotal:   34359738367 kB\u000aVmallocUsed:           0 kB\u000aVmallocChunk:          0 kB\u000aAnonHugePages:         0 kB\u000aShmemHugePages:        0 kB\u000aShmemPmdMapped:        0 kB\u000aHugePages_Total:       0\u000aHugePages_Free:        0\u000aHugePages_Rsvd:        0\u000aHugePages_Surp:        0\u000aHugepagesize:       2048 kB\u000aDirectMap4k:       19456 kB\u000aDirectMap2M:     1742848 kB\u000a
p266
ssVstatus_key
p267
Vpywren.jobs/1d0c47b5-bdc5-4cf3-bf77-0f4a4f725f39/00005/status.json
p268
sVend_time
p269
F1609060429.6416359
sVlog_group_name
p270
V/aws/lambda/pywren_redis_2
p271
sVdata_key
p272
Vpywren.jobs/1d0c47b5-bdc5-4cf3-bf77-0f4a4f725f39/aggdata.pickle
p273
sa(dp274
Vcallset_id
p275
V1d0c47b5-bdc5-4cf3-bf77-0f4a4f725f39
p276
sVlog_stream_name
p277
V2020/12/27/[$LATEST]ba0be186f3474841b9fed74e599e6e85
p278
sVstdout
p279
V
sVfunc_key
p280
Vpywren.jobs/1d0c47b5-bdc5-4cf3-bf77-0f4a4f725f39/func.pickle
p281
sVfree_disk_bytes
p282
I538333184
sVruntime_cached
p283
I00
sVretcode
p284
I0
sVcall_id
p285
V00006
p286
sVoutput_key
p287
Vpywren.jobs/1d0c47b5-bdc5-4cf3-bf77-0f4a4f725f39/00006/output.pickle
p288
sVruntime_s3_key_used
p289
V358a4c-pywren.runtimes/default_2.7.tar.gz.0007
p290
sVaws_request_id
p291
V5e54861f-b6db-4e07-bdc7-f3ab1dce2aef
p292
sVexec_time
p293
F42.197897911071777
sVstart_time
p294
F1609060380.2260561
sVsetup_time
p295
F7.1336228847503662
sVruntime_s3_bucket_used
p296
Vpywren-runtimes-public-us-west-2
p297
sVexception
p298
NsVhost_submit_time
p299
F1609060379.4761851
sVserver_info
p300
(dp301
Vuname
p302
V('Linux', '169.254.130.101', '4.14.203-112.332.amzn2.x86_64', '#1 SMP Wed Nov 4 20:46:34 UTC 2020', 'x86_64', 'x86_64')
p303
sV/proc/self/cgroup
p304
VMemTotal:        1717184 kB\u000aMemFree:         1123276 kB\u000aMemAvailable:    1486380 kB\u000aBuffers:           16828 kB\u000aCached:           460628 kB\u000aSwapCached:            0 kB\u000aActive:            93548 kB\u000aInactive:         444872 kB\u000aActive(anon):      60948 kB\u000aInactive(anon):      216 kB\u000aActive(file):      32600 kB\u000aInactive(file):   444656 kB\u000aUnevictable:           0 kB\u000aMlocked:               0 kB\u000aSwapTotal:             0 kB\u000aSwapFree:              0 kB\u000aDirty:               132 kB\u000aWriteback:             0 kB\u000aAnonPages:         60952 kB\u000aMapped:            34884 kB\u000aShmem:               220 kB\u000aSlab:              42804 kB\u000aSReclaimable:      32712 kB\u000aSUnreclaim:        10092 kB\u000aKernelStack:        1152 kB\u000aPageTables:         1336 kB\u000aNFS_Unstable:          0 kB\u000aBounce:                0 kB\u000aWritebackTmp:          0 kB\u000aCommitLimit:      858592 kB\u000aCommitted_AS:     252868 kB\u000aVmallocTotal:   34359738367 kB\u000aVmallocUsed:           0 kB\u000aVmallocChunk:          0 kB\u000aAnonHugePages:         0 kB\u000aShmemHugePages:        0 kB\u000aShmemPmdMapped:        0 kB\u000aHugePages_Total:       0\u000aHugePages_Free:        0\u000aHugePages_Rsvd:        0\u000aHugePages_Surp:        0\u000aHugepagesize:       2048 kB\u000aDirectMap4k:       21504 kB\u000aDirectMap2M:     1740800 kB\u000a
p305
sV/proc/cgroups
p306
V#subsys_name	hierarchy	num_cgroups	enabled\u000acpuset	5	1	1\u000acpu	4	5	1\u000acpuacct	4	5	1\u000ablkio	2	1	1\u000amemory	7	5	1\u000adevices	9	1	1\u000afreezer	10	2	1\u000anet_cls	8	1	1\u000aperf_event	11	1	1\u000anet_prio	8	1	1\u000ahugetlb	6	1	1\u000apids	3	1	1\u000a
p307
sV/proc/cpuinfo
p308
Vprocessor	: 0\u000avendor_id	: GenuineIntel\u000acpu family	: 6\u000amodel		: 63\u000amodel name	: Intel(R) Xeon(R) Processor @ 2.50GHz\u000astepping	: 2\u000amicrocode	: 0x1\u000acpu MHz		: 2500.012\u000acache size	: 36608 KB\u000aphysical id	: 0\u000asiblings	: 2\u000acore id		: 0\u000acpu cores	: 2\u000aapicid		: 0\u000ainitial apicid	: 0\u000afpu		: yes\u000afpu_exception	: yes\u000acpuid level	: 13\u000awp		: yes\u000aflags		: fpu vme de pse tsc msr pae mce cx8 apic sep mtrr pge mca cmov pat pse36 clflush mmx fxsr sse sse2 ht syscall nx rdtscp lm constant_tsc rep_good nopl xtopology nonstop_tsc cpuid tsc_known_freq pni pclmulqdq ssse3 fma cx16 pcid sse4_1 sse4_2 x2apic movbe popcnt tsc_deadline_timer aes xsave avx f16c rdrand hypervisor lahf_lm abm cpuid_fault invpcid_single ssbd ibrs ibpb stibp ibrs_enhanced fsgsbase tsc_adjust bmi1 avx2 smep bmi2 erms invpcid smap xsaveopt arat md_clear arch_capabilities\u000abugs		: spectre_v1 spectre_v2 spec_store_bypass swapgs\u000abogomips	: 5000.02\u000aclflush size	: 64\u000acache_alignment	: 64\u000aaddress sizes	: 46 bits physical, 48 bits virtual\u000apower management:\u000a\u000aprocessor	: 1\u000avendor_id	: GenuineIntel\u000acpu family	: 6\u000amodel		: 63\u000amodel name	: Intel(R) Xeon(R) Processor @ 2.50GHz\u000astepping	: 2\u000amicrocode	: 0x1\u000acpu MHz		: 2500.012\u000acache size	: 36608 KB\u000aphysical id	: 0\u000asiblings	: 2\u000acore id		: 1\u000acpu cores	: 2\u000aapicid		: 1\u000ainitial apicid	: 1\u000afpu		: yes\u000afpu_exception	: yes\u000acpuid level	: 13\u000awp		: yes\u000aflags		: fpu vme de pse tsc msr pae mce cx8 apic sep mtrr pge mca cmov pat pse36 clflush mmx fxsr sse sse2 ht syscall nx rdtscp lm constant_tsc rep_good nopl xtopology nonstop_tsc cpuid tsc_known_freq pni pclmulqdq ssse3 fma cx16 pcid sse4_1 sse4_2 x2apic movbe popcnt tsc_deadline_timer aes xsave avx f16c rdrand hypervisor lahf_lm abm cpuid_fault invpcid_single ssbd ibrs ibpb stibp ibrs_enhanced fsgsbase tsc_adjust bmi1 avx2 smep bmi2 erms invpcid smap xsaveopt arat md_clear arch_capabilities\u000abugs		: spectre_v1 spectre_v2 spec_store_bypass swapgs\u000abogomips	: 5000.02\u000aclflush size	: 64\u000acache_alignment	: 64\u000aaddress sizes	: 46 bits physical, 48 bits virtual\u000apower management:\u000a\u000a
p309
sV/proc/meminfo
p310
VMemTotal:        1717184 kB\u000aMemFree:         1123276 kB\u000aMemAvailable:    1486380 kB\u000aBuffers:           16828 kB\u000aCached:           460628 kB\u000aSwapCached:            0 kB\u000aActive:            93548 kB\u000aInactive:         444872 kB\u000aActive(anon):      60948 kB\u000aInactive(anon):      216 kB\u000aActive(file):      32600 kB\u000aInactive(file):   444656 kB\u000aUnevictable:           0 kB\u000aMlocked:               0 kB\u000aSwapTotal:             0 kB\u000aSwapFree:              0 kB\u000aDirty:               132 kB\u000aWriteback:             0 kB\u000aAnonPages:         60952 kB\u000aMapped:            34884 kB\u000aShmem:               220 kB\u000aSlab:              42804 kB\u000aSReclaimable:      32712 kB\u000aSUnreclaim:        10092 kB\u000aKernelStack:        1152 kB\u000aPageTables:         1336 kB\u000aNFS_Unstable:          0 kB\u000aBounce:                0 kB\u000aWritebackTmp:          0 kB\u000aCommitLimit:      858592 kB\u000aCommitted_AS:     252868 kB\u000aVmallocTotal:   34359738367 kB\u000aVmallocUsed:           0 kB\u000aVmallocChunk:          0 kB\u000aAnonHugePages:         0 kB\u000aShmemHugePages:        0 kB\u000aShmemPmdMapped:        0 kB\u000aHugePages_Total:       0\u000aHugePages_Free:        0\u000aHugePages_Rsvd:        0\u000aHugePages_Surp:        0\u000aHugepagesize:       2048 kB\u000aDirectMap4k:       21504 kB\u000aDirectMap2M:     1740800 kB\u000a
p311
ssVstatus_key
p312
Vpywren.jobs/1d0c47b5-bdc5-4cf3-bf77-0f4a4f725f39/00006/status.json
p313
sVend_time
p314
F1609060429.5575709
sVlog_group_name
p315
V/aws/lambda/pywren_redis_2
p316
sVdata_key
p317
Vpywren.jobs/1d0c47b5-bdc5-4cf3-bf77-0f4a4f725f39/aggdata.pickle
p318
sa(dp319
Vcallset_id
p320
V1d0c47b5-bdc5-4cf3-bf77-0f4a4f725f39
p321
sVlog_stream_name
p322
V2020/12/27/[$LATEST]e321f0e085a64785ae1ffe000b46b3e7
p323
sVstdout
p324
V
sVfunc_key
p325
Vpywren.jobs/1d0c47b5-bdc5-4cf3-bf77-0f4a4f725f39/func.pickle
p326
sVfree_disk_bytes
p327
I538333184
sVruntime_cached
p328
I00
sVretcode
p329
I0
sVcall_id
p330
V00007
p331
sVoutput_key
p332
Vpywren.jobs/1d0c47b5-bdc5-4cf3-bf77-0f4a4f725f39/00007/output.pickle
p333
sVruntime_s3_key_used
p334
V48d2d6-pywren.runtimes/default_2.7.tar.gz.0063
p335
sVaws_request_id
p336
Vf953aae8-2bf6-44ed-a2b6-90605818b736
p337
sVexec_time
p338
F42.259882926940918
sVstart_time
p339
F1609060380.201055
sVsetup_time
p340
F6.9496059417724609
sVruntime_s3_bucket_used
p341
Vpywren-runtimes-public-us-west-2
p342
sVexception
p343
NsVhost_submit_time
p344
F1609060379.489929
sVserver_info
p345
(dp346
Vuname
p347
V('Linux', '169.254.13.213', '4.14.203-112.332.amzn2.x86_64', '#1 SMP Wed Nov 4 20:46:34 UTC 2020', 'x86_64', 'x86_64')
p348
sV/proc/self/cgroup
p349
VMemTotal:        1717184 kB\u000aMemFree:         1125328 kB\u000aMemAvailable:    1486080 kB\u000aBuffers:           15012 kB\u000aCached:           460092 kB\u000aSwapCached:            0 kB\u000aActive:            92272 kB\u000aInactive:         444216 kB\u000aActive(anon):      61376 kB\u000aInactive(anon):      216 kB\u000aActive(file):      30896 kB\u000aInactive(file):   444000 kB\u000aUnevictable:           0 kB\u000aMlocked:               0 kB\u000aSwapTotal:             0 kB\u000aSwapFree:              0 kB\u000aDirty:               148 kB\u000aWriteback:             0 kB\u000aAnonPages:         61376 kB\u000aMapped:            34376 kB\u000aShmem:               220 kB\u000aSlab:              42716 kB\u000aSReclaimable:      32724 kB\u000aSUnreclaim:         9992 kB\u000aKernelStack:        1152 kB\u000aPageTables:         1316 kB\u000aNFS_Unstable:          0 kB\u000aBounce:                0 kB\u000aWritebackTmp:          0 kB\u000aCommitLimit:      858592 kB\u000aCommitted_AS:     253552 kB\u000aVmallocTotal:   34359738367 kB\u000aVmallocUsed:           0 kB\u000aVmallocChunk:          0 kB\u000aAnonHugePages:         0 kB\u000aShmemHugePages:        0 kB\u000aShmemPmdMapped:        0 kB\u000aHugePages_Total:       0\u000aHugePages_Free:        0\u000aHugePages_Rsvd:        0\u000aHugePages_Surp:        0\u000aHugepagesize:       2048 kB\u000aDirectMap4k:       23552 kB\u000aDirectMap2M:     1738752 kB\u000a
p350
sV/proc/cgroups
p351
V#subsys_name	hierarchy	num_cgroups	enabled\u000acpuset	7	1	1\u000acpu	3	5	1\u000acpuacct	3	5	1\u000ablkio	2	1	1\u000amemory	4	5	1\u000adevices	11	1	1\u000afreezer	6	2	1\u000anet_cls	9	1	1\u000aperf_event	8	1	1\u000anet_prio	9	1	1\u000ahugetlb	10	1	1\u000apids	5	1	1\u000a
p352
sV/proc/cpuinfo
p353
Vprocessor	: 0\u000avendor_id	: GenuineIntel\u000acpu family	: 6\u000amodel		: 63\u000amodel name	: Intel(R) Xeon(R) Processor @ 2.50GHz\u000astepping	: 2\u000amicrocode	: 0x1\u000acpu MHz		: 2500.012\u000acache size	: 36608 KB\u000aphysical id	: 0\u000asiblings	: 2\u000acore id		: 0\u000acpu cores	: 2\u000aapicid		: 0\u000ainitial apicid	: 0\u000afpu		: yes\u000afpu_exception	: yes\u000acpuid level	: 13\u000awp		: yes\u000aflags		: fpu vme de pse tsc msr pae mce cx8 apic sep mtrr pge mca cmov pat pse36 clflush mmx fxsr sse sse2 ht syscall nx rdtscp lm constant_tsc rep_good nopl xtopology nonstop_tsc cpuid tsc_known_freq pni pclmulqdq ssse3 fma cx16 pcid sse4_1 sse4_2 x2apic movbe popcnt tsc_deadline_timer aes xsave avx f16c rdrand hypervisor lahf_lm abm cpuid_fault invpcid_single ssbd ibrs ibpb stibp ibrs_enhanced fsgsbase tsc_adjust bmi1 avx2 smep bmi2 erms invpcid smap xsaveopt arat md_clear arch_capabilities\u000abugs		: spectre_v1 spectre_v2 spec_store_bypass swapgs\u000abogomips	: 5000.02\u000aclflush size	: 64\u000acache_alignment	: 64\u000aaddress sizes	: 46 bits physical, 48 bits virtual\u000apower management:\u000a\u000aprocessor	: 1\u000avendor_id	: GenuineIntel\u000acpu family	: 6\u000amodel		: 63\u000amodel name	: Intel(R) Xeon(R) Processor @ 2.50GHz\u000astepping	: 2\u000amicrocode	: 0x1\u000acpu MHz		: 2500.012\u000acache size	: 36608 KB\u000aphysical id	: 0\u000asiblings	: 2\u000acore id		: 1\u000acpu cores	: 2\u000aapicid		: 1\u000ainitial apicid	: 1\u000afpu		: yes\u000afpu_exception	: yes\u000acpuid level	: 13\u000awp		: yes\u000aflags		: fpu vme de pse tsc msr pae mce cx8 apic sep mtrr pge mca cmov pat pse36 clflush mmx fxsr sse sse2 ht syscall nx rdtscp lm constant_tsc rep_good nopl xtopology nonstop_tsc cpuid tsc_known_freq pni pclmulqdq ssse3 fma cx16 pcid sse4_1 sse4_2 x2apic movbe popcnt tsc_deadline_timer aes xsave avx f16c rdrand hypervisor lahf_lm abm cpuid_fault invpcid_single ssbd ibrs ibpb stibp ibrs_enhanced fsgsbase tsc_adjust bmi1 avx2 smep bmi2 erms invpcid smap xsaveopt arat md_clear arch_capabilities\u000abugs		: spectre_v1 spectre_v2 spec_store_bypass swapgs\u000abogomips	: 5000.02\u000aclflush size	: 64\u000acache_alignment	: 64\u000aaddress sizes	: 46 bits physical, 48 bits virtual\u000apower management:\u000a\u000a
p354
sV/proc/meminfo
p355
VMemTotal:        1717184 kB\u000aMemFree:         1125328 kB\u000aMemAvailable:    1486080 kB\u000aBuffers:           15012 kB\u000aCached:           460092 kB\u000aSwapCached:            0 kB\u000aActive:            92272 kB\u000aInactive:         444216 kB\u000aActive(anon):      61376 kB\u000aInactive(anon):      216 kB\u000aActive(file):      30896 kB\u000aInactive(file):   444000 kB\u000aUnevictable:           0 kB\u000aMlocked:               0 kB\u000aSwapTotal:             0 kB\u000aSwapFree:              0 kB\u000aDirty:               148 kB\u000aWriteback:             0 kB\u000aAnonPages:         61376 kB\u000aMapped:            34376 kB\u000aShmem:               220 kB\u000aSlab:              42716 kB\u000aSReclaimable:      32724 kB\u000aSUnreclaim:         9992 kB\u000aKernelStack:        1152 kB\u000aPageTables:         1316 kB\u000aNFS_Unstable:          0 kB\u000aBounce:                0 kB\u000aWritebackTmp:          0 kB\u000aCommitLimit:      858592 kB\u000aCommitted_AS:     253552 kB\u000aVmallocTotal:   34359738367 kB\u000aVmallocUsed:           0 kB\u000aVmallocChunk:          0 kB\u000aAnonHugePages:         0 kB\u000aShmemHugePages:        0 kB\u000aShmemPmdMapped:        0 kB\u000aHugePages_Total:       0\u000aHugePages_Free:        0\u000aHugePages_Rsvd:        0\u000aHugePages_Surp:        0\u000aHugepagesize:       2048 kB\u000aDirectMap4k:       23552 kB\u000aDirectMap2M:     1738752 kB\u000a
p356
ssVstatus_key
p357
Vpywren.jobs/1d0c47b5-bdc5-4cf3-bf77-0f4a4f725f39/00007/status.json
p358
sVend_time
p359
F1609060429.410537
sVlog_group_name
p360
V/aws/lambda/pywren_redis_2
p361
sVdata_key
p362
Vpywren.jobs/1d0c47b5-bdc5-4cf3-bf77-0f4a4f725f39/aggdata.pickle
p363
sa(dp364
Vcallset_id
p365
V1d0c47b5-bdc5-4cf3-bf77-0f4a4f725f39
p366
sVlog_stream_name
p367
V2020/12/27/[$LATEST]40cf18d1661244efa184b39be672f151
p368
sVstdout
p369
V
sVfunc_key
p370
Vpywren.jobs/1d0c47b5-bdc5-4cf3-bf77-0f4a4f725f39/func.pickle
p371
sVfree_disk_bytes
p372
I538333184
sVruntime_cached
p373
I00
sVretcode
p374
I0
sVcall_id
p375
V00008
p376
sVoutput_key
p377
Vpywren.jobs/1d0c47b5-bdc5-4cf3-bf77-0f4a4f725f39/00008/output.pickle
p378
sVruntime_s3_key_used
p379
V12207e-pywren.runtimes/default_2.7.tar.gz.0044
p380
sVaws_request_id
p381
V44ad04cf-6c3d-464d-9f22-002f453949eb
p382
sVexec_time
p383
F42.233287811279297
sVstart_time
p384
F1609060380.2973549
sVsetup_time
p385
F7.263120174407959
sVruntime_s3_bucket_used
p386
Vpywren-runtimes-public-us-west-2
p387
sVexception
p388
NsVhost_submit_time
p389
F1609060379.4973249
sVserver_info
p390
(dp391
Vuname
p392
V('Linux', '169.254.72.253', '4.14.203-112.332.amzn2.x86_64', '#1 SMP Wed Nov 4 20:46:34 UTC 2020', 'x86_64', 'x86_64')
p393
sV/proc/self/cgroup
p394
VMemTotal:        1717184 kB\u000aMemFree:         1124616 kB\u000aMemAvailable:    1486064 kB\u000aBuffers:           14060 kB\u000aCached:           461712 kB\u000aSwapCached:            0 kB\u000aActive:            91036 kB\u000aInactive:         445732 kB\u000aActive(anon):      60988 kB\u000aInactive(anon):      216 kB\u000aActive(file):      30048 kB\u000aInactive(file):   445516 kB\u000aUnevictable:           0 kB\u000aMlocked:               0 kB\u000aSwapTotal:             0 kB\u000aSwapFree:              0 kB\u000aDirty:               140 kB\u000aWriteback:             0 kB\u000aAnonPages:         60984 kB\u000aMapped:            34344 kB\u000aShmem:               220 kB\u000aSlab:              42796 kB\u000aSReclaimable:      32784 kB\u000aSUnreclaim:        10012 kB\u000aKernelStack:        1248 kB\u000aPageTables:         1328 kB\u000aNFS_Unstable:          0 kB\u000aBounce:                0 kB\u000aWritebackTmp:          0 kB\u000aCommitLimit:      858592 kB\u000aCommitted_AS:     252148 kB\u000aVmallocTotal:   34359738367 kB\u000aVmallocUsed:           0 kB\u000aVmallocChunk:          0 kB\u000aAnonHugePages:         0 kB\u000aShmemHugePages:        0 kB\u000aShmemPmdMapped:        0 kB\u000aHugePages_Total:       0\u000aHugePages_Free:        0\u000aHugePages_Rsvd:        0\u000aHugePages_Surp:        0\u000aHugepagesize:       2048 kB\u000aDirectMap4k:       21504 kB\u000aDirectMap2M:     1740800 kB\u000a
p395
sV/proc/cgroups
p396
V#subsys_name	hierarchy	num_cgroups	enabled\u000acpuset	5	1	1\u000acpu	7	5	1\u000acpuacct	7	5	1\u000ablkio	8	1	1\u000amemory	10	5	1\u000adevices	2	1	1\u000afreezer	4	2	1\u000anet_cls	3	1	1\u000aperf_event	9	1	1\u000anet_prio	3	1	1\u000ahugetlb	6	1	1\u000apids	11	1	1\u000a
p397
sV/proc/cpuinfo
p398
Vprocessor	: 0\u000avendor_id	: GenuineIntel\u000acpu family	: 6\u000amodel		: 63\u000amodel name	: Intel(R) Xeon(R) Processor @ 2.50GHz\u000astepping	: 2\u000amicrocode	: 0x1\u000acpu MHz		: 2500.006\u000acache size	: 36608 KB\u000aphysical id	: 0\u000asiblings	: 2\u000acore id		: 0\u000acpu cores	: 2\u000aapicid		: 0\u000ainitial apicid	: 0\u000afpu		: yes\u000afpu_exception	: yes\u000acpuid level	: 13\u000awp		: yes\u000aflags		: fpu vme de pse tsc msr pae mce cx8 apic sep mtrr pge mca cmov pat pse36 clflush mmx fxsr sse sse2 ht syscall nx rdtscp lm constant_tsc rep_good nopl xtopology nonstop_tsc cpuid tsc_known_freq pni pclmulqdq ssse3 fma cx16 pcid sse4_1 sse4_2 x2apic movbe popcnt tsc_deadline_timer aes xsave avx f16c rdrand hypervisor lahf_lm abm cpuid_fault invpcid_single ssbd ibrs ibpb stibp ibrs_enhanced fsgsbase tsc_adjust bmi1 avx2 smep bmi2 erms invpcid smap xsaveopt arat md_clear arch_capabilities\u000abugs		: spectre_v1 spectre_v2 spec_store_bypass swapgs\u000abogomips	: 5000.01\u000aclflush size	: 64\u000acache_alignment	: 64\u000aaddress sizes	: 46 bits physical, 48 bits virtual\u000apower management:\u000a\u000aprocessor	: 1\u000avendor_id	: GenuineIntel\u000acpu family	: 6\u000amodel		: 63\u000amodel name	: Intel(R) Xeon(R) Processor @ 2.50GHz\u000astepping	: 2\u000amicrocode	: 0x1\u000acpu MHz		: 2500.006\u000acache size	: 36608 KB\u000aphysical id	: 0\u000asiblings	: 2\u000acore id		: 1\u000acpu cores	: 2\u000aapicid		: 1\u000ainitial apicid	: 1\u000afpu		: yes\u000afpu_exception	: yes\u000acpuid level	: 13\u000awp		: yes\u000aflags		: fpu vme de pse tsc msr pae mce cx8 apic sep mtrr pge mca cmov pat pse36 clflush mmx fxsr sse sse2 ht syscall nx rdtscp lm constant_tsc rep_good nopl xtopology nonstop_tsc cpuid tsc_known_freq pni pclmulqdq ssse3 fma cx16 pcid sse4_1 sse4_2 x2apic movbe popcnt tsc_deadline_timer aes xsave avx f16c rdrand hypervisor lahf_lm abm cpuid_fault invpcid_single ssbd ibrs ibpb stibp ibrs_enhanced fsgsbase tsc_adjust bmi1 avx2 smep bmi2 erms invpcid smap xsaveopt arat md_clear arch_capabilities\u000abugs		: spectre_v1 spectre_v2 spec_store_bypass swapgs\u000abogomips	: 5000.01\u000aclflush size	: 64\u000acache_alignment	: 64\u000aaddress sizes	: 46 bits physical, 48 bits virtual\u000apower management:\u000a\u000a
p399
sV/proc/meminfo
p400
VMemTotal:        1717184 kB\u000aMemFree:         1124616 kB\u000aMemAvailable:    1486064 kB\u000aBuffers:           14060 kB\u000aCached:           461712 kB\u000aSwapCached:            0 kB\u000aActive:            91036 kB\u000aInactive:         445732 kB\u000aActive(anon):      60988 kB\u000aInactive(anon):      216 kB\u000aActive(file):      30048 kB\u000aInactive(file):   445516 kB\u000aUnevictable:           0 kB\u000aMlocked:               0 kB\u000aSwapTotal:             0 kB\u000aSwapFree:              0 kB\u000aDirty:               140 kB\u000aWriteback:             0 kB\u000aAnonPages:         60984 kB\u000aMapped:            34344 kB\u000aShmem:               220 kB\u000aSlab:              42796 kB\u000aSReclaimable:      32784 kB\u000aSUnreclaim:        10012 kB\u000aKernelStack:        1248 kB\u000aPageTables:         1328 kB\u000aNFS_Unstable:          0 kB\u000aBounce:                0 kB\u000aWritebackTmp:          0 kB\u000aCommitLimit:      858592 kB\u000aCommitted_AS:     252148 kB\u000aVmallocTotal:   34359738367 kB\u000aVmallocUsed:           0 kB\u000aVmallocChunk:          0 kB\u000aAnonHugePages:         0 kB\u000aShmemHugePages:        0 kB\u000aShmemPmdMapped:        0 kB\u000aHugePages_Total:       0\u000aHugePages_Free:        0\u000aHugePages_Rsvd:        0\u000aHugePages_Surp:        0\u000aHugepagesize:       2048 kB\u000aDirectMap4k:       21504 kB\u000aDirectMap2M:     1740800 kB\u000a
p401
ssVstatus_key
p402
Vpywren.jobs/1d0c47b5-bdc5-4cf3-bf77-0f4a4f725f39/00008/status.json
p403
sVend_time
p404
F1609060429.793756
sVlog_group_name
p405
V/aws/lambda/pywren_redis_2
p406
sVdata_key
p407
Vpywren.jobs/1d0c47b5-bdc5-4cf3-bf77-0f4a4f725f39/aggdata.pickle
p408
sa(dp409
Vcallset_id
p410
V1d0c47b5-bdc5-4cf3-bf77-0f4a4f725f39
p411
sVlog_stream_name
p412
V2020/12/27/[$LATEST]09d51134ca3648e6b314ada0861141ce
p413
sVstdout
p414
V
sVfunc_key
p415
Vpywren.jobs/1d0c47b5-bdc5-4cf3-bf77-0f4a4f725f39/func.pickle
p416
sVfree_disk_bytes
p417
I538333184
sVruntime_cached
p418
I00
sVretcode
p419
I0
sVcall_id
p420
V00009
p421
sVoutput_key
p422
Vpywren.jobs/1d0c47b5-bdc5-4cf3-bf77-0f4a4f725f39/00009/output.pickle
p423
sVruntime_s3_key_used
p424
V6fb970-pywren.runtimes/default_2.7.tar.gz.0026
p425
sVaws_request_id
p426
Vd23bf914-90bc-465d-8fa4-d63711b3c890
p427
sVexec_time
p428
F42.248687982559204
sVstart_time
p429
F1609060380.2665889
sVsetup_time
p430
F7.2553060054779053
sVruntime_s3_bucket_used
p431
Vpywren-runtimes-public-us-west-2
p432
sVexception
p433
NsVhost_submit_time
p434
F1609060379.499949
sVserver_info
p435
(dp436
Vuname
p437
V('Linux', '169.254.175.21', '4.14.203-112.332.amzn2.x86_64', '#1 SMP Wed Nov 4 20:46:34 UTC 2020', 'x86_64', 'x86_64')
p438
sV/proc/self/cgroup
p439
VMemTotal:        1717184 kB\u000aMemFree:         1118368 kB\u000aMemAvailable:    1486016 kB\u000aBuffers:           17544 kB\u000aCached:           464388 kB\u000aSwapCached:            0 kB\u000aActive:            95824 kB\u000aInactive:         447092 kB\u000aActive(anon):      60960 kB\u000aInactive(anon):      216 kB\u000aActive(file):      34864 kB\u000aInactive(file):   446876 kB\u000aUnevictable:           0 kB\u000aMlocked:               0 kB\u000aSwapTotal:             0 kB\u000aSwapFree:              0 kB\u000aDirty:               356 kB\u000aWriteback:             0 kB\u000aAnonPages:         60976 kB\u000aMapped:            35292 kB\u000aShmem:               220 kB\u000aSlab:              42880 kB\u000aSReclaimable:      32828 kB\u000aSUnreclaim:        10052 kB\u000aKernelStack:        1152 kB\u000aPageTables:         1344 kB\u000aNFS_Unstable:          0 kB\u000aBounce:                0 kB\u000aWritebackTmp:          0 kB\u000aCommitLimit:      858592 kB\u000aCommitted_AS:     253592 kB\u000aVmallocTotal:   34359738367 kB\u000aVmallocUsed:           0 kB\u000aVmallocChunk:          0 kB\u000aAnonHugePages:         0 kB\u000aShmemHugePages:        0 kB\u000aShmemPmdMapped:        0 kB\u000aHugePages_Total:       0\u000aHugePages_Free:        0\u000aHugePages_Rsvd:        0\u000aHugePages_Surp:        0\u000aHugepagesize:       2048 kB\u000aDirectMap4k:       25600 kB\u000aDirectMap2M:     1736704 kB\u000a
p440
sV/proc/cgroups
p441
V#subsys_name	hierarchy	num_cgroups	enabled\u000acpuset	8	1	1\u000acpu	7	5	1\u000acpuacct	7	5	1\u000ablkio	9	1	1\u000amemory	2	5	1\u000adevices	5	1	1\u000afreezer	11	2	1\u000anet_cls	4	1	1\u000aperf_event	10	1	1\u000anet_prio	4	1	1\u000ahugetlb	6	1	1\u000apids	3	1	1\u000a
p442
sV/proc/cpuinfo
p443
Vprocessor	: 0\u000avendor_id	: GenuineIntel\u000acpu family	: 6\u000amodel		: 63\u000amodel name	: Intel(R) Xeon(R) Processor @ 2.50GHz\u000astepping	: 2\u000amicrocode	: 0x1\u000acpu MHz		: 2500.012\u000acache size	: 33792 KB\u000aphysical id	: 0\u000asiblings	: 2\u000acore id		: 0\u000acpu cores	: 2\u000aapicid		: 0\u000ainitial apicid	: 0\u000afpu		: yes\u000afpu_exception	: yes\u000acpuid level	: 13\u000awp		: yes\u000aflags		: fpu vme de pse tsc msr pae mce cx8 apic sep mtrr pge mca cmov pat pse36 clflush mmx fxsr sse sse2 ht syscall nx rdtscp lm constant_tsc rep_good nopl xtopology nonstop_tsc cpuid tsc_known_freq pni pclmulqdq ssse3 fma cx16 pcid sse4_1 sse4_2 x2apic movbe popcnt tsc_deadline_timer aes xsave avx f16c rdrand hypervisor lahf_lm abm cpuid_fault invpcid_single pti ssbd ibrs ibpb stibp fsgsbase tsc_adjust bmi1 avx2 smep bmi2 erms invpcid smap xsaveopt arat md_clear arch_capabilities\u000abugs		: cpu_meltdown spectre_v1 spectre_v2 spec_store_bypass l1tf mds swapgs\u000abogomips	: 5000.02\u000aclflush size	: 64\u000acache_alignment	: 64\u000aaddress sizes	: 46 bits physical, 48 bits virtual\u000apower management:\u000a\u000aprocessor	: 1\u000avendor_id	: GenuineIntel\u000acpu family	: 6\u000amodel		: 63\u000amodel name	: Intel(R) Xeon(R) Processor @ 2.50GHz\u000astepping	: 2\u000amicrocode	: 0x1\u000acpu MHz		: 2500.012\u000acache size	: 33792 KB\u000aphysical id	: 0\u000asiblings	: 2\u000acore id		: 1\u000acpu cores	: 2\u000aapicid		: 1\u000ainitial apicid	: 1\u000afpu		: yes\u000afpu_exception	: yes\u000acpuid level	: 13\u000awp		: yes\u000aflags		: fpu vme de pse tsc msr pae mce cx8 apic sep mtrr pge mca cmov pat pse36 clflush mmx fxsr sse sse2 ht syscall nx rdtscp lm constant_tsc rep_good nopl xtopology nonstop_tsc cpuid tsc_known_freq pni pclmulqdq ssse3 fma cx16 pcid sse4_1 sse4_2 x2apic movbe popcnt tsc_deadline_timer aes xsave avx f16c rdrand hypervisor lahf_lm abm cpuid_fault invpcid_single pti ssbd ibrs ibpb stibp fsgsbase tsc_adjust bmi1 avx2 smep bmi2 erms invpcid smap xsaveopt arat md_clear arch_capabilities\u000abugs		: cpu_meltdown spectre_v1 spectre_v2 spec_store_bypass l1tf mds swapgs\u000abogomips	: 5000.02\u000aclflush size	: 64\u000acache_alignment	: 64\u000aaddress sizes	: 46 bits physical, 48 bits virtual\u000apower management:\u000a\u000a
p444
sV/proc/meminfo
p445
VMemTotal:        1717184 kB\u000aMemFree:         1118492 kB\u000aMemAvailable:    1486140 kB\u000aBuffers:           17544 kB\u000aCached:           464388 kB\u000aSwapCached:            0 kB\u000aActive:            95824 kB\u000aInactive:         447092 kB\u000aActive(anon):      60960 kB\u000aInactive(anon):      216 kB\u000aActive(file):      34864 kB\u000aInactive(file):   446876 kB\u000aUnevictable:           0 kB\u000aMlocked:               0 kB\u000aSwapTotal:             0 kB\u000aSwapFree:              0 kB\u000aDirty:               356 kB\u000aWriteback:             0 kB\u000aAnonPages:         60976 kB\u000aMapped:            35292 kB\u000aShmem:               220 kB\u000aSlab:              42880 kB\u000aSReclaimable:      32828 kB\u000aSUnreclaim:        10052 kB\u000aKernelStack:        1152 kB\u000aPageTables:         1344 kB\u000aNFS_Unstable:          0 kB\u000aBounce:                0 kB\u000aWritebackTmp:          0 kB\u000aCommitLimit:      858592 kB\u000aCommitted_AS:     253592 kB\u000aVmallocTotal:   34359738367 kB\u000aVmallocUsed:           0 kB\u000aVmallocChunk:          0 kB\u000aAnonHugePages:         0 kB\u000aShmemHugePages:        0 kB\u000aShmemPmdMapped:        0 kB\u000aHugePages_Total:       0\u000aHugePages_Free:        0\u000aHugePages_Rsvd:        0\u000aHugePages_Surp:        0\u000aHugepagesize:       2048 kB\u000aDirectMap4k:       25600 kB\u000aDirectMap2M:     1736704 kB\u000a
p446
ssVstatus_key
p447
Vpywren.jobs/1d0c47b5-bdc5-4cf3-bf77-0f4a4f725f39/00009/status.json
p448
sVend_time
p449
F1609060429.770576
sVlog_group_name
p450
V/aws/lambda/pywren_redis_2
p451
sVdata_key
p452
Vpywren.jobs/1d0c47b5-bdc5-4cf3-bf77-0f4a4f725f39/aggdata.pickle
p453
sa(dp454
Vcallset_id
p455
V1d0c47b5-bdc5-4cf3-bf77-0f4a4f725f39
p456
sVlog_stream_name
p457
V2020/12/27/[$LATEST]d58d2458585a4863aceee4a921830228
p458
sVstdout
p459
V
sVfunc_key
p460
Vpywren.jobs/1d0c47b5-bdc5-4cf3-bf77-0f4a4f725f39/func.pickle
p461
sVfree_disk_bytes
p462
I538333184
sVruntime_cached
p463
I00
sVretcode
p464
I0
sVcall_id
p465
V00010
p466
sVoutput_key
p467
Vpywren.jobs/1d0c47b5-bdc5-4cf3-bf77-0f4a4f725f39/00010/output.pickle
p468
sVruntime_s3_key_used
p469
Vb094c0-pywren.runtimes/default_2.7.tar.gz.0097
p470
sVaws_request_id
p471
V118ca6b2-910f-4a64-8232-04eddc88c207
p472
sVexec_time
p473
F42.182739019393921
sVstart_time
p474
F1609060380.2787211
sVsetup_time
p475
F7.1274058818817139
sVruntime_s3_bucket_used
p476
Vpywren-runtimes-public-us-west-2
p477
sVexception
p478
NsVhost_submit_time
p479
F1609060379.502826
sVserver_info
p480
(dp481
Vuname
p482
V('Linux', '169.254.12.69', '4.14.203-112.332.amzn2.x86_64', '#1 SMP Wed Nov 4 20:46:34 UTC 2020', 'x86_64', 'x86_64')
p483
sV/proc/self/cgroup
p484
VMemTotal:        1717184 kB\u000aMemFree:         1126112 kB\u000aMemAvailable:    1486840 kB\u000aBuffers:           15192 kB\u000aCached:           459952 kB\u000aSwapCached:            0 kB\u000aActive:            91924 kB\u000aInactive:         444164 kB\u000aActive(anon):      60932 kB\u000aInactive(anon):      216 kB\u000aActive(file):      30992 kB\u000aInactive(file):   443948 kB\u000aUnevictable:           0 kB\u000aMlocked:               0 kB\u000aSwapTotal:             0 kB\u000aSwapFree:              0 kB\u000aDirty:               144 kB\u000aWriteback:             0 kB\u000aAnonPages:         60932 kB\u000aMapped:            34512 kB\u000aShmem:               220 kB\u000aSlab:              42460 kB\u000aSReclaimable:      32588 kB\u000aSUnreclaim:         9872 kB\u000aKernelStack:        1152 kB\u000aPageTables:         1332 kB\u000aNFS_Unstable:          0 kB\u000aBounce:                0 kB\u000aWritebackTmp:          0 kB\u000aCommitLimit:      858592 kB\u000aCommitted_AS:     253488 kB\u000aVmallocTotal:   34359738367 kB\u000aVmallocUsed:           0 kB\u000aVmallocChunk:          0 kB\u000aAnonHugePages:         0 kB\u000aShmemHugePages:        0 kB\u000aShmemPmdMapped:        0 kB\u000aHugePages_Total:       0\u000aHugePages_Free:        0\u000aHugePages_Rsvd:        0\u000aHugePages_Surp:        0\u000aHugepagesize:       2048 kB\u000aDirectMap4k:       21504 kB\u000aDirectMap2M:     1740800 kB\u000a
p485
sV/proc/cgroups
p486
V#subsys_name	hierarchy	num_cgroups	enabled\u000acpuset	4	1	1\u000acpu	3	5	1\u000acpuacct	3	5	1\u000ablkio	5	1	1\u000amemory	11	5	1\u000adevices	7	1	1\u000afreezer	8	2	1\u000anet_cls	6	1	1\u000aperf_event	9	1	1\u000anet_prio	6	1	1\u000ahugetlb	10	1	1\u000apids	2	1	1\u000a
p487
sV/proc/cpuinfo
p488
Vprocessor	: 0\u000avendor_id	: GenuineIntel\u000acpu family	: 6\u000amodel		: 63\u000amodel name	: Intel(R) Xeon(R) Processor @ 2.50GHz\u000astepping	: 2\u000amicrocode	: 0x1\u000acpu MHz		: 2500.012\u000acache size	: 33792 KB\u000aphysical id	: 0\u000asiblings	: 2\u000acore id		: 0\u000acpu cores	: 2\u000aapicid		: 0\u000ainitial apicid	: 0\u000afpu		: yes\u000afpu_exception	: yes\u000acpuid level	: 13\u000awp		: yes\u000aflags		: fpu vme de pse tsc msr pae mce cx8 apic sep mtrr pge mca cmov pat pse36 clflush mmx fxsr sse sse2 ht syscall nx rdtscp lm constant_tsc rep_good nopl xtopology nonstop_tsc cpuid tsc_known_freq pni pclmulqdq ssse3 fma cx16 pcid sse4_1 sse4_2 x2apic movbe popcnt tsc_deadline_timer aes xsave avx f16c rdrand hypervisor lahf_lm abm cpuid_fault invpcid_single pti ssbd ibrs ibpb stibp fsgsbase tsc_adjust bmi1 avx2 smep bmi2 erms invpcid smap xsaveopt arat md_clear arch_capabilities\u000abugs		: cpu_meltdown spectre_v1 spectre_v2 spec_store_bypass l1tf mds swapgs\u000abogomips	: 5000.02\u000aclflush size	: 64\u000acache_alignment	: 64\u000aaddress sizes	: 46 bits physical, 48 bits virtual\u000apower management:\u000a\u000aprocessor	: 1\u000avendor_id	: GenuineIntel\u000acpu family	: 6\u000amodel		: 63\u000amodel name	: Intel(R) Xeon(R) Processor @ 2.50GHz\u000astepping	: 2\u000amicrocode	: 0x1\u000acpu MHz		: 2500.012\u000acache size	: 33792 KB\u000aphysical id	: 0\u000asiblings	: 2\u000acore id		: 1\u000acpu cores	: 2\u000aapicid		: 1\u000ainitial apicid	: 1\u000afpu		: yes\u000afpu_exception	: yes\u000acpuid level	: 13\u000awp		: yes\u000aflags		: fpu vme de pse tsc msr pae mce cx8 apic sep mtrr pge mca cmov pat pse36 clflush mmx fxsr sse sse2 ht syscall nx rdtscp lm constant_tsc rep_good nopl xtopology nonstop_tsc cpuid tsc_known_freq pni pclmulqdq ssse3 fma cx16 pcid sse4_1 sse4_2 x2apic movbe popcnt tsc_deadline_timer aes xsave avx f16c rdrand hypervisor lahf_lm abm cpuid_fault invpcid_single pti ssbd ibrs ibpb stibp fsgsbase tsc_adjust bmi1 avx2 smep bmi2 erms invpcid smap xsaveopt arat md_clear arch_capabilities\u000abugs		: cpu_meltdown spectre_v1 spectre_v2 spec_store_bypass l1tf mds swapgs\u000abogomips	: 5000.02\u000aclflush size	: 64\u000acache_alignment	: 64\u000aaddress sizes	: 46 bits physical, 48 bits virtual\u000apower management:\u000a\u000a
p489
sV/proc/meminfo
p490
VMemTotal:        1717184 kB\u000aMemFree:         1126112 kB\u000aMemAvailable:    1486840 kB\u000aBuffers:           15192 kB\u000aCached:           459952 kB\u000aSwapCached:            0 kB\u000aActive:            91924 kB\u000aInactive:         444164 kB\u000aActive(anon):      60932 kB\u000aInactive(anon):      216 kB\u000aActive(file):      30992 kB\u000aInactive(file):   443948 kB\u000aUnevictable:           0 kB\u000aMlocked:               0 kB\u000aSwapTotal:             0 kB\u000aSwapFree:              0 kB\u000aDirty:               144 kB\u000aWriteback:             0 kB\u000aAnonPages:         60932 kB\u000aMapped:            34512 kB\u000aShmem:               220 kB\u000aSlab:              42460 kB\u000aSReclaimable:      32588 kB\u000aSUnreclaim:         9872 kB\u000aKernelStack:        1152 kB\u000aPageTables:         1332 kB\u000aNFS_Unstable:          0 kB\u000aBounce:                0 kB\u000aWritebackTmp:          0 kB\u000aCommitLimit:      858592 kB\u000aCommitted_AS:     253488 kB\u000aVmallocTotal:   34359738367 kB\u000aVmallocUsed:           0 kB\u000aVmallocChunk:          0 kB\u000aAnonHugePages:         0 kB\u000aShmemHugePages:        0 kB\u000aShmemPmdMapped:        0 kB\u000aHugePages_Total:       0\u000aHugePages_Free:        0\u000aHugePages_Rsvd:        0\u000aHugePages_Surp:        0\u000aHugepagesize:       2048 kB\u000aDirectMap4k:       21504 kB\u000aDirectMap2M:     1740800 kB\u000a
p491
ssVstatus_key
p492
Vpywren.jobs/1d0c47b5-bdc5-4cf3-bf77-0f4a4f725f39/00010/status.json
p493
sVend_time
p494
F1609060429.5888591
sVlog_group_name
p495
V/aws/lambda/pywren_redis_2
p496
sVdata_key
p497
Vpywren.jobs/1d0c47b5-bdc5-4cf3-bf77-0f4a4f725f39/aggdata.pickle
p498
sa(dp499
Vcallset_id
p500
V1d0c47b5-bdc5-4cf3-bf77-0f4a4f725f39
p501
sVlog_stream_name
p502
V2020/12/27/[$LATEST]5065dacb21d04d6db0dbd06b6284a09b
p503
sVstdout
p504
V
sVfunc_key
p505
Vpywren.jobs/1d0c47b5-bdc5-4cf3-bf77-0f4a4f725f39/func.pickle
p506
sVfree_disk_bytes
p507
I538333184
sVruntime_cached
p508
I00
sVretcode
p509
I0
sVcall_id
p510
V00011
p511
sVoutput_key
p512
Vpywren.jobs/1d0c47b5-bdc5-4cf3-bf77-0f4a4f725f39/00011/output.pickle
p513
sVruntime_s3_key_used
p514
V5f3998-pywren.runtimes/default_2.7.tar.gz.0065
p515
sVaws_request_id
p516
Va47430bc-c672-44ba-abed-fa4ad0a4d93a
p517
sVexec_time
p518
F42.207250833511353
sVstart_time
p519
F1609060380.2627699
sVsetup_time
p520
F8.7108721733093262
sVruntime_s3_bucket_used
p521
Vpywren-runtimes-public-us-west-2
p522
sVexception
p523
NsVhost_submit_time
p524
F1609060379.5117331
sVserver_info
p525
(dp526
Vuname
p527
V('Linux', '169.254.35.29', '4.14.203-112.332.amzn2.x86_64', '#1 SMP Wed Nov 4 20:46:34 UTC 2020', 'x86_64', 'x86_64')
p528
sV/proc/self/cgroup
p529
VMemTotal:        1717184 kB\u000aMemFree:         1121012 kB\u000aMemAvailable:    1486464 kB\u000aBuffers:           16616 kB\u000aCached:           463140 kB\u000aSwapCached:            0 kB\u000aActive:            93376 kB\u000aInactive:         447268 kB\u000aActive(anon):      60880 kB\u000aInactive(anon):      216 kB\u000aActive(file):      32496 kB\u000aInactive(file):   447052 kB\u000aUnevictable:           0 kB\u000aMlocked:               0 kB\u000aSwapTotal:             0 kB\u000aSwapFree:              0 kB\u000aDirty:               372 kB\u000aWriteback:             0 kB\u000aAnonPages:         60876 kB\u000aMapped:            35012 kB\u000aShmem:               220 kB\u000aSlab:              42744 kB\u000aSReclaimable:      32820 kB\u000aSUnreclaim:         9924 kB\u000aKernelStack:        1152 kB\u000aPageTables:         1336 kB\u000aNFS_Unstable:          0 kB\u000aBounce:                0 kB\u000aWritebackTmp:          0 kB\u000aCommitLimit:      858592 kB\u000aCommitted_AS:     251708 kB\u000aVmallocTotal:   34359738367 kB\u000aVmallocUsed:           0 kB\u000aVmallocChunk:          0 kB\u000aAnonHugePages:         0 kB\u000aShmemHugePages:        0 kB\u000aShmemPmdMapped:        0 kB\u000aHugePages_Total:       0\u000aHugePages_Free:        0\u000aHugePages_Rsvd:        0\u000aHugePages_Surp:        0\u000aHugepagesize:       2048 kB\u000aDirectMap4k:       21504 kB\u000aDirectMap2M:     1740800 kB\u000a
p530
sV/proc/cgroups
p531
V#subsys_name	hierarchy	num_cgroups	enabled\u000acpuset	9	1	1\u000acpu	4	5	1\u000acpuacct	4	5	1\u000ablkio	11	1	1\u000amemory	10	5	1\u000adevices	6	1	1\u000afreezer	3	2	1\u000anet_cls	2	1	1\u000aperf_event	8	1	1\u000anet_prio	2	1	1\u000ahugetlb	7	1	1\u000apids	5	1	1\u000a
p532
sV/proc/cpuinfo
p533
Vprocessor	: 0\u000avendor_id	: GenuineIntel\u000acpu family	: 6\u000amodel		: 63\u000amodel name	: Intel(R) Xeon(R) Processor @ 2.50GHz\u000astepping	: 2\u000amicrocode	: 0x1\u000acpu MHz		: 2500.014\u000acache size	: 33792 KB\u000aphysical id	: 0\u000asiblings	: 2\u000acore id		: 0\u000acpu cores	: 2\u000aapicid		: 0\u000ainitial apicid	: 0\u000afpu		: yes\u000afpu_exception	: yes\u000acpuid level	: 13\u000awp		: yes\u000aflags		: fpu vme de pse tsc msr pae mce cx8 apic sep mtrr pge mca cmov pat pse36 clflush mmx fxsr sse sse2 ht syscall nx rdtscp lm constant_tsc rep_good nopl xtopology nonstop_tsc cpuid tsc_known_freq pni pclmulqdq ssse3 fma cx16 pcid sse4_1 sse4_2 x2apic movbe popcnt tsc_deadline_timer aes xsave avx f16c rdrand hypervisor lahf_lm abm cpuid_fault invpcid_single pti ssbd ibrs ibpb stibp fsgsbase tsc_adjust bmi1 avx2 smep bmi2 erms invpcid smap xsaveopt arat md_clear arch_capabilities\u000abugs		: cpu_meltdown spectre_v1 spectre_v2 spec_store_bypass l1tf mds swapgs\u000abogomips	: 5000.02\u000aclflush size	: 64\u000acache_alignment	: 64\u000aaddress sizes	: 46 bits physical, 48 bits virtual\u000apower management:\u000a\u000aprocessor	: 1\u000avendor_id	: GenuineIntel\u000acpu family	: 6\u000amodel		: 63\u000amodel name	: Intel(R) Xeon(R) Processor @ 2.50GHz\u000astepping	: 2\u000amicrocode	: 0x1\u000acpu MHz		: 2500.014\u000acache size	: 33792 KB\u000aphysical id	: 0\u000asiblings	: 2\u000acore id		: 1\u000acpu cores	: 2\u000aapicid		: 1\u000ainitial apicid	: 1\u000afpu		: yes\u000afpu_exception	: yes\u000acpuid level	: 13\u000awp		: yes\u000aflags		: fpu vme de pse tsc msr pae mce cx8 apic sep mtrr pge mca cmov pat pse36 clflush mmx fxsr sse sse2 ht syscall nx rdtscp lm constant_tsc rep_good nopl xtopology nonstop_tsc cpuid tsc_known_freq pni pclmulqdq ssse3 fma cx16 pcid sse4_1 sse4_2 x2apic movbe popcnt tsc_deadline_timer aes xsave avx f16c rdrand hypervisor lahf_lm abm cpuid_fault invpcid_single pti ssbd ibrs ibpb stibp fsgsbase tsc_adjust bmi1 avx2 smep bmi2 erms invpcid smap xsaveopt arat md_clear arch_capabilities\u000abugs		: cpu_meltdown spectre_v1 spectre_v2 spec_store_bypass l1tf mds swapgs\u000abogomips	: 5000.02\u000aclflush size	: 64\u000acache_alignment	: 64\u000aaddress sizes	: 46 bits physical, 48 bits virtual\u000apower management:\u000a\u000a
p534
sV/proc/meminfo
p535
VMemTotal:        1717184 kB\u000aMemFree:         1121012 kB\u000aMemAvailable:    1486464 kB\u000aBuffers:           16616 kB\u000aCached:           463140 kB\u000aSwapCached:            0 kB\u000aActive:            93376 kB\u000aInactive:         447268 kB\u000aActive(anon):      60880 kB\u000aInactive(anon):      216 kB\u000aActive(file):      32496 kB\u000aInactive(file):   447052 kB\u000aUnevictable:           0 kB\u000aMlocked:               0 kB\u000aSwapTotal:             0 kB\u000aSwapFree:              0 kB\u000aDirty:               372 kB\u000aWriteback:             0 kB\u000aAnonPages:         60876 kB\u000aMapped:            35012 kB\u000aShmem:               220 kB\u000aSlab:              42744 kB\u000aSReclaimable:      32820 kB\u000aSUnreclaim:         9924 kB\u000aKernelStack:        1152 kB\u000aPageTables:         1336 kB\u000aNFS_Unstable:          0 kB\u000aBounce:                0 kB\u000aWritebackTmp:          0 kB\u000aCommitLimit:      858592 kB\u000aCommitted_AS:     251708 kB\u000aVmallocTotal:   34359738367 kB\u000aVmallocUsed:           0 kB\u000aVmallocChunk:          0 kB\u000aAnonHugePages:         0 kB\u000aShmemHugePages:        0 kB\u000aShmemPmdMapped:        0 kB\u000aHugePages_Total:       0\u000aHugePages_Free:        0\u000aHugePages_Rsvd:        0\u000aHugePages_Surp:        0\u000aHugepagesize:       2048 kB\u000aDirectMap4k:       21504 kB\u000aDirectMap2M:     1740800 kB\u000a
p536
ssVstatus_key
p537
Vpywren.jobs/1d0c47b5-bdc5-4cf3-bf77-0f4a4f725f39/00011/status.json
p538
sVend_time
p539
F1609060431.180886
sVlog_group_name
p540
V/aws/lambda/pywren_redis_2
p541
sVdata_key
p542
Vpywren.jobs/1d0c47b5-bdc5-4cf3-bf77-0f4a4f725f39/aggdata.pickle
p543
sa(dp544
Vcallset_id
p545
V1d0c47b5-bdc5-4cf3-bf77-0f4a4f725f39
p546
sVlog_stream_name
p547
V2020/12/27/[$LATEST]c9cdefc4f9ca4ee994d199fd1499520c
p548
sVstdout
p549
V
sVfunc_key
p550
Vpywren.jobs/1d0c47b5-bdc5-4cf3-bf77-0f4a4f725f39/func.pickle
p551
sVfree_disk_bytes
p552
I538333184
sVruntime_cached
p553
I00
sVretcode
p554
I0
sVcall_id
p555
V00012
p556
sVoutput_key
p557
Vpywren.jobs/1d0c47b5-bdc5-4cf3-bf77-0f4a4f725f39/00012/output.pickle
p558
sVruntime_s3_key_used
p559
Vbc07c9-pywren.runtimes/default_2.7.tar.gz.0058
p560
sVaws_request_id
p561
V33947899-b668-4f9e-9d23-3bce3412521a
p562
sVexec_time
p563
F42.232890129089355
sVstart_time
p564
F1609060380.2442541
sVsetup_time
p565
F6.9670767784118652
sVruntime_s3_bucket_used
p566
Vpywren-runtimes-public-us-west-2
p567
sVexception
p568
NsVhost_submit_time
p569
F1609060379.525882
sVserver_info
p570
(dp571
Vuname
p572
V('Linux', '169.254.237.85', '4.14.203-112.332.amzn2.x86_64', '#1 SMP Wed Nov 4 20:46:34 UTC 2020', 'x86_64', 'x86_64')
p573
sV/proc/self/cgroup
p574
VMemTotal:        1717184 kB\u000aMemFree:         1118088 kB\u000aMemAvailable:    1485800 kB\u000aBuffers:           17912 kB\u000aCached:           464092 kB\u000aSwapCached:            0 kB\u000aActive:            95452 kB\u000aInactive:         447756 kB\u000aActive(anon):      61196 kB\u000aInactive(anon):      216 kB\u000aActive(file):      34256 kB\u000aInactive(file):   447540 kB\u000aUnevictable:           0 kB\u000aMlocked:               0 kB\u000aSwapTotal:             0 kB\u000aSwapFree:              0 kB\u000aDirty:               364 kB\u000aWriteback:             0 kB\u000aAnonPages:         61196 kB\u000aMapped:            35572 kB\u000aShmem:               220 kB\u000aSlab:              43104 kB\u000aSReclaimable:      32848 kB\u000aSUnreclaim:        10256 kB\u000aKernelStack:        1176 kB\u000aPageTables:         1396 kB\u000aNFS_Unstable:          0 kB\u000aBounce:                0 kB\u000aWritebackTmp:          0 kB\u000aCommitLimit:      858592 kB\u000aCommitted_AS:     253576 kB\u000aVmallocTotal:   34359738367 kB\u000aVmallocUsed:           0 kB\u000aVmallocChunk:          0 kB\u000aAnonHugePages:         0 kB\u000aShmemHugePages:        0 kB\u000aShmemPmdMapped:        0 kB\u000aHugePages_Total:       0\u000aHugePages_Free:        0\u000aHugePages_Rsvd:        0\u000aHugePages_Surp:        0\u000aHugepagesize:       2048 kB\u000aDirectMap4k:       21504 kB\u000aDirectMap2M:     1740800 kB\u000a
p575
sV/proc/cgroups
p576
V#subsys_name	hierarchy	num_cgroups	enabled\u000acpuset	7	1	1\u000acpu	8	5	1\u000acpuacct	8	5	1\u000ablkio	6	1	1\u000amemory	4	5	1\u000adevices	9	1	1\u000afreezer	11	2	1\u000anet_cls	5	1	1\u000aperf_event	2	1	1\u000anet_prio	5	1	1\u000ahugetlb	3	1	1\u000apids	10	1	1\u000a
p577
sV/proc/cpuinfo
p578
Vprocessor	: 0\u000avendor_id	: GenuineIntel\u000acpu family	: 6\u000amodel		: 63\u000amodel name	: Intel(R) Xeon(R) Processor @ 2.50GHz\u000astepping	: 2\u000amicrocode	: 0x1\u000acpu MHz		: 2500.012\u000acache size	: 36608 KB\u000aphysical id	: 0\u000asiblings	: 2\u000acore id		: 0\u000acpu cores	: 2\u000aapicid		: 0\u000ainitial apicid	: 0\u000afpu		: yes\u000afpu_exception	: yes\u000acpuid level	: 13\u000awp		: yes\u000aflags		: fpu vme de pse tsc msr pae mce cx8 apic sep mtrr pge mca cmov pat pse36 clflush mmx fxsr sse sse2 ht syscall nx rdtscp lm constant_tsc rep_good nopl xtopology nonstop_tsc cpuid tsc_known_freq pni pclmulqdq ssse3 fma cx16 pcid sse4_1 sse4_2 x2apic movbe popcnt tsc_deadline_timer aes xsave avx f16c rdrand hypervisor lahf_lm abm cpuid_fault invpcid_single ssbd ibrs ibpb stibp ibrs_enhanced fsgsbase tsc_adjust bmi1 avx2 smep bmi2 erms invpcid smap xsaveopt arat md_clear arch_capabilities\u000abugs		: spectre_v1 spectre_v2 spec_store_bypass swapgs\u000abogomips	: 5000.02\u000aclflush size	: 64\u000acache_alignment	: 64\u000aaddress sizes	: 46 bits physical, 48 bits virtual\u000apower management:\u000a\u000aprocessor	: 1\u000avendor_id	: GenuineIntel\u000acpu family	: 6\u000amodel		: 63\u000amodel name	: Intel(R) Xeon(R) Processor @ 2.50GHz\u000astepping	: 2\u000amicrocode	: 0x1\u000acpu MHz		: 2500.012\u000acache size	: 36608 KB\u000aphysical id	: 0\u000asiblings	: 2\u000acore id		: 1\u000acpu cores	: 2\u000aapicid		: 1\u000ainitial apicid	: 1\u000afpu		: yes\u000afpu_exception	: yes\u000acpuid level	: 13\u000awp		: yes\u000aflags		: fpu vme de pse tsc msr pae mce cx8 apic sep mtrr pge mca cmov pat pse36 clflush mmx fxsr sse sse2 ht syscall nx rdtscp lm constant_tsc rep_good nopl xtopology nonstop_tsc cpuid tsc_known_freq pni pclmulqdq ssse3 fma cx16 pcid sse4_1 sse4_2 x2apic movbe popcnt tsc_deadline_timer aes xsave avx f16c rdrand hypervisor lahf_lm abm cpuid_fault invpcid_single ssbd ibrs ibpb stibp ibrs_enhanced fsgsbase tsc_adjust bmi1 avx2 smep bmi2 erms invpcid smap xsaveopt arat md_clear arch_capabilities\u000abugs		: spectre_v1 spectre_v2 spec_store_bypass swapgs\u000abogomips	: 5000.02\u000aclflush size	: 64\u000acache_alignment	: 64\u000aaddress sizes	: 46 bits physical, 48 bits virtual\u000apower management:\u000a\u000a
p579
sV/proc/meminfo
p580
VMemTotal:        1717184 kB\u000aMemFree:         1118088 kB\u000aMemAvailable:    1485800 kB\u000aBuffers:           17912 kB\u000aCached:           464092 kB\u000aSwapCached:            0 kB\u000aActive:            95452 kB\u000aInactive:         447756 kB\u000aActive(anon):      61196 kB\u000aInactive(anon):      216 kB\u000aActive(file):      34256 kB\u000aInactive(file):   447540 kB\u000aUnevictable:           0 kB\u000aMlocked:               0 kB\u000aSwapTotal:             0 kB\u000aSwapFree:              0 kB\u000aDirty:               364 kB\u000aWriteback:             0 kB\u000aAnonPages:         61196 kB\u000aMapped:            35572 kB\u000aShmem:               220 kB\u000aSlab:              43104 kB\u000aSReclaimable:      32848 kB\u000aSUnreclaim:        10256 kB\u000aKernelStack:        1176 kB\u000aPageTables:         1396 kB\u000aNFS_Unstable:          0 kB\u000aBounce:                0 kB\u000aWritebackTmp:          0 kB\u000aCommitLimit:      858592 kB\u000aCommitted_AS:     253576 kB\u000aVmallocTotal:   34359738367 kB\u000aVmallocUsed:           0 kB\u000aVmallocChunk:          0 kB\u000aAnonHugePages:         0 kB\u000aShmemHugePages:        0 kB\u000aShmemPmdMapped:        0 kB\u000aHugePages_Total:       0\u000aHugePages_Free:        0\u000aHugePages_Rsvd:        0\u000aHugePages_Surp:        0\u000aHugepagesize:       2048 kB\u000aDirectMap4k:       21504 kB\u000aDirectMap2M:     1740800 kB\u000a
p581
ssVstatus_key
p582
Vpywren.jobs/1d0c47b5-bdc5-4cf3-bf77-0f4a4f725f39/00012/status.json
p583
sVend_time
p584
F1609060429.4442151
sVlog_group_name
p585
V/aws/lambda/pywren_redis_2
p586
sVdata_key
p587
Vpywren.jobs/1d0c47b5-bdc5-4cf3-bf77-0f4a4f725f39/aggdata.pickle
p588
sa(dp589
Vcallset_id
p590
V1d0c47b5-bdc5-4cf3-bf77-0f4a4f725f39
p591
sVlog_stream_name
p592
V2020/12/27/[$LATEST]5971184e0f604f57a4995c9d139bd403
p593
sVstdout
p594
V
sVfunc_key
p595
Vpywren.jobs/1d0c47b5-bdc5-4cf3-bf77-0f4a4f725f39/func.pickle
p596
sVfree_disk_bytes
p597
I538333184
sVruntime_cached
p598
I00
sVretcode
p599
I0
sVcall_id
p600
V00013
p601
sVoutput_key
p602
Vpywren.jobs/1d0c47b5-bdc5-4cf3-bf77-0f4a4f725f39/00013/output.pickle
p603
sVruntime_s3_key_used
p604
V07c439-pywren.runtimes/default_2.7.tar.gz.0069
p605
sVaws_request_id
p606
V2753465f-e32d-44a6-a2cd-b629c0b1e0de
p607
sVexec_time
p608
F42.243215084075928
sVstart_time
p609
F1609060380.325181
sVsetup_time
p610
F7.1272549629211426
sVruntime_s3_bucket_used
p611
Vpywren-runtimes-public-us-west-2
p612
sVexception
p613
NsVhost_submit_time
p614
F1609060379.5296531
sVserver_info
p615
(dp616
Vuname
p617
V('Linux', '169.254.105.205', '4.14.203-112.332.amzn2.x86_64', '#1 SMP Wed Nov 4 20:46:34 UTC 2020', 'x86_64', 'x86_64')
p618
sV/proc/self/cgroup
p619
VMemTotal:        1717184 kB\u000aMemFree:         1119340 kB\u000aMemAvailable:    1486448 kB\u000aBuffers:           17580 kB\u000aCached:           463872 kB\u000aSwapCached:            0 kB\u000aActive:            94984 kB\u000aInactive:         447608 kB\u000aActive(anon):      61132 kB\u000aInactive(anon):      216 kB\u000aActive(file):      33852 kB\u000aInactive(file):   447392 kB\u000aUnevictable:           0 kB\u000aMlocked:               0 kB\u000aSwapTotal:             0 kB\u000aSwapFree:              0 kB\u000aDirty:               124 kB\u000aWriteback:             0 kB\u000aAnonPages:         61052 kB\u000aMapped:            35232 kB\u000aShmem:               220 kB\u000aSlab:              42760 kB\u000aSReclaimable:      32740 kB\u000aSUnreclaim:        10020 kB\u000aKernelStack:        1160 kB\u000aPageTables:         1364 kB\u000aNFS_Unstable:          0 kB\u000aBounce:                0 kB\u000aWritebackTmp:          0 kB\u000aCommitLimit:      858592 kB\u000aCommitted_AS:     253504 kB\u000aVmallocTotal:   34359738367 kB\u000aVmallocUsed:           0 kB\u000aVmallocChunk:          0 kB\u000aAnonHugePages:         0 kB\u000aShmemHugePages:        0 kB\u000aShmemPmdMapped:        0 kB\u000aHugePages_Total:       0\u000aHugePages_Free:        0\u000aHugePages_Rsvd:        0\u000aHugePages_Surp:        0\u000aHugepagesize:       2048 kB\u000aDirectMap4k:       23552 kB\u000aDirectMap2M:     1738752 kB\u000a
p620
sV/proc/cgroups
p621
V#subsys_name	hierarchy	num_cgroups	enabled\u000acpuset	3	1	1\u000acpu	6	5	1\u000acpuacct	6	5	1\u000ablkio	5	1	1\u000amemory	11	5	1\u000adevices	10	1	1\u000afreezer	7	2	1\u000anet_cls	2	1	1\u000aperf_event	8	1	1\u000anet_prio	2	1	1\u000ahugetlb	9	1	1\u000apids	4	1	1\u000a
p622
sV/proc/cpuinfo
p623
Vprocessor	: 0\u000avendor_id	: GenuineIntel\u000acpu family	: 6\u000amodel		: 63\u000amodel name	: Intel(R) Xeon(R) Processor @ 2.50GHz\u000astepping	: 2\u000amicrocode	: 0x1\u000acpu MHz		: 2500.012\u000acache size	: 33792 KB\u000aphysical id	: 0\u000asiblings	: 2\u000acore id		: 0\u000acpu cores	: 2\u000aapicid		: 0\u000ainitial apicid	: 0\u000afpu		: yes\u000afpu_exception	: yes\u000acpuid level	: 13\u000awp		: yes\u000aflags		: fpu vme de pse tsc msr pae mce cx8 apic sep mtrr pge mca cmov pat pse36 clflush mmx fxsr sse sse2 ht syscall nx rdtscp lm constant_tsc rep_good nopl xtopology nonstop_tsc cpuid tsc_known_freq pni pclmulqdq ssse3 fma cx16 pcid sse4_1 sse4_2 x2apic movbe popcnt tsc_deadline_timer aes xsave avx f16c rdrand hypervisor lahf_lm abm cpuid_fault invpcid_single pti ssbd ibrs ibpb stibp fsgsbase tsc_adjust bmi1 avx2 smep bmi2 erms invpcid smap xsaveopt arat md_clear arch_capabilities\u000abugs		: cpu_meltdown spectre_v1 spectre_v2 spec_store_bypass l1tf mds swapgs\u000abogomips	: 5000.02\u000aclflush size	: 64\u000acache_alignment	: 64\u000aaddress sizes	: 46 bits physical, 48 bits virtual\u000apower management:\u000a\u000aprocessor	: 1\u000avendor_id	: GenuineIntel\u000acpu family	: 6\u000amodel		: 63\u000amodel name	: Intel(R) Xeon(R) Processor @ 2.50GHz\u000astepping	: 2\u000amicrocode	: 0x1\u000acpu MHz		: 2500.012\u000acache size	: 33792 KB\u000aphysical id	: 0\u000asiblings	: 2\u000acore id		: 1\u000acpu cores	: 2\u000aapicid		: 1\u000ainitial apicid	: 1\u000afpu		: yes\u000afpu_exception	: yes\u000acpuid level	: 13\u000awp		: yes\u000aflags		: fpu vme de pse tsc msr pae mce cx8 apic sep mtrr pge mca cmov pat pse36 clflush mmx fxsr sse sse2 ht syscall nx rdtscp lm constant_tsc rep_good nopl xtopology nonstop_tsc cpuid tsc_known_freq pni pclmulqdq ssse3 fma cx16 pcid sse4_1 sse4_2 x2apic movbe popcnt tsc_deadline_timer aes xsave avx f16c rdrand hypervisor lahf_lm abm cpuid_fault invpcid_single pti ssbd ibrs ibpb stibp fsgsbase tsc_adjust bmi1 avx2 smep bmi2 erms invpcid smap xsaveopt arat md_clear arch_capabilities\u000abugs		: cpu_meltdown spectre_v1 spectre_v2 spec_store_bypass l1tf mds swapgs\u000abogomips	: 5000.02\u000aclflush size	: 64\u000acache_alignment	: 64\u000aaddress sizes	: 46 bits physical, 48 bits virtual\u000apower management:\u000a\u000a
p624
sV/proc/meminfo
p625
VMemTotal:        1717184 kB\u000aMemFree:         1119340 kB\u000aMemAvailable:    1486448 kB\u000aBuffers:           17580 kB\u000aCached:           463872 kB\u000aSwapCached:            0 kB\u000aActive:            94984 kB\u000aInactive:         447608 kB\u000aActive(anon):      61132 kB\u000aInactive(anon):      216 kB\u000aActive(file):      33852 kB\u000aInactive(file):   447392 kB\u000aUnevictable:           0 kB\u000aMlocked:               0 kB\u000aSwapTotal:             0 kB\u000aSwapFree:              0 kB\u000aDirty:               124 kB\u000aWriteback:             0 kB\u000aAnonPages:         61052 kB\u000aMapped:            35232 kB\u000aShmem:               220 kB\u000aSlab:              42760 kB\u000aSReclaimable:      32740 kB\u000aSUnreclaim:        10020 kB\u000aKernelStack:        1160 kB\u000aPageTables:         1364 kB\u000aNFS_Unstable:          0 kB\u000aBounce:                0 kB\u000aWritebackTmp:          0 kB\u000aCommitLimit:      858592 kB\u000aCommitted_AS:     253504 kB\u000aVmallocTotal:   34359738367 kB\u000aVmallocUsed:           0 kB\u000aVmallocChunk:          0 kB\u000aAnonHugePages:         0 kB\u000aShmemHugePages:        0 kB\u000aShmemPmdMapped:        0 kB\u000aHugePages_Total:       0\u000aHugePages_Free:        0\u000aHugePages_Rsvd:        0\u000aHugePages_Surp:        0\u000aHugepagesize:       2048 kB\u000aDirectMap4k:       23552 kB\u000aDirectMap2M:     1738752 kB\u000a
p626
ssVstatus_key
p627
Vpywren.jobs/1d0c47b5-bdc5-4cf3-bf77-0f4a4f725f39/00013/status.json
p628
sVend_time
p629
F1609060429.6956429
sVlog_group_name
p630
V/aws/lambda/pywren_redis_2
p631
sVdata_key
p632
Vpywren.jobs/1d0c47b5-bdc5-4cf3-bf77-0f4a4f725f39/aggdata.pickle
p633
sa(dp634
Vcallset_id
p635
V1d0c47b5-bdc5-4cf3-bf77-0f4a4f725f39
p636
sVlog_stream_name
p637
V2020/12/27/[$LATEST]d3b78dc67ded4cec82f6a861ede66bc5
p638
sVstdout
p639
V
sVfunc_key
p640
Vpywren.jobs/1d0c47b5-bdc5-4cf3-bf77-0f4a4f725f39/func.pickle
p641
sVfree_disk_bytes
p642
I538333184
sVruntime_cached
p643
I00
sVretcode
p644
I0
sVcall_id
p645
V00014
p646
sVoutput_key
p647
Vpywren.jobs/1d0c47b5-bdc5-4cf3-bf77-0f4a4f725f39/00014/output.pickle
p648
sVruntime_s3_key_used
p649
Vb3daa6-pywren.runtimes/default_2.7.tar.gz.0039
p650
sVaws_request_id
p651
V4c7f1a70-b494-4ce3-afbb-9de7df603caf
p652
sVexec_time
p653
F42.247416019439697
sVstart_time
p654
F1609060380.303005
sVsetup_time
p655
F7.2112259864807129
sVruntime_s3_bucket_used
p656
Vpywren-runtimes-public-us-west-2
p657
sVexception
p658
NsVhost_submit_time
p659
F1609060379.535964
sVserver_info
p660
(dp661
Vuname
p662
V('Linux', '169.254.105.197', '4.14.203-112.332.amzn2.x86_64', '#1 SMP Wed Nov 4 20:46:34 UTC 2020', 'x86_64', 'x86_64')
p663
sV/proc/self/cgroup
p664
VMemTotal:        1717184 kB\u000aMemFree:         1118372 kB\u000aMemAvailable:    1485748 kB\u000aBuffers:           17696 kB\u000aCached:           464052 kB\u000aSwapCached:            0 kB\u000aActive:            95492 kB\u000aInactive:         447448 kB\u000aActive(anon):      61184 kB\u000aInactive(anon):      216 kB\u000aActive(file):      34308 kB\u000aInactive(file):   447232 kB\u000aUnevictable:           0 kB\u000aMlocked:               0 kB\u000aSwapTotal:             0 kB\u000aSwapFree:              0 kB\u000aDirty:                 0 kB\u000aWriteback:             0 kB\u000aAnonPages:         61168 kB\u000aMapped:            35536 kB\u000aShmem:               220 kB\u000aSlab:              42988 kB\u000aSReclaimable:      32688 kB\u000aSUnreclaim:        10300 kB\u000aKernelStack:        1176 kB\u000aPageTables:         1404 kB\u000aNFS_Unstable:          0 kB\u000aBounce:                0 kB\u000aWritebackTmp:          0 kB\u000aCommitLimit:      858592 kB\u000aCommitted_AS:     253576 kB\u000aVmallocTotal:   34359738367 kB\u000aVmallocUsed:           0 kB\u000aVmallocChunk:          0 kB\u000aAnonHugePages:         0 kB\u000aShmemHugePages:        0 kB\u000aShmemPmdMapped:        0 kB\u000aHugePages_Total:       0\u000aHugePages_Free:        0\u000aHugePages_Rsvd:        0\u000aHugePages_Surp:        0\u000aHugepagesize:       2048 kB\u000aDirectMap4k:       19456 kB\u000aDirectMap2M:     1742848 kB\u000a
p665
sV/proc/cgroups
p666
V#subsys_name	hierarchy	num_cgroups	enabled\u000acpuset	8	1	1\u000acpu	4	5	1\u000acpuacct	4	5	1\u000ablkio	5	1	1\u000amemory	11	5	1\u000adevices	3	1	1\u000afreezer	2	2	1\u000anet_cls	10	1	1\u000aperf_event	6	1	1\u000anet_prio	10	1	1\u000ahugetlb	7	1	1\u000apids	9	1	1\u000a
p667
sV/proc/cpuinfo
p668
