(dp1
S'run_statuses'
p2
(lp3
(dp4
Vcallset_id
p5
V52d23a98-987c-4668-9b14-4ac3d133739f
p6
sVlog_stream_name
p7
V2020/12/27/[$LATEST]3346015826184dc693bcaf284502a58e
p8
sVstdout
p9
V
sVfunc_key
p10
Vpywren.jobs/52d23a98-987c-4668-9b14-4ac3d133739f/func.pickle
p11
sVfree_disk_bytes
p12
I538333184
sVruntime_cached
p13
I00
sVretcode
p14
I0
sVcall_id
p15
V00000
p16
sVoutput_key
p17
Vpywren.jobs/52d23a98-987c-4668-9b14-4ac3d133739f/00000/output.pickle
p18
sVruntime_s3_key_used
p19
V9c5315-pywren.runtimes/default_2.7.tar.gz.0049
p20
sVaws_request_id
p21
V258ed905-0762-4cf4-b4f8-02d58bdd3569
p22
sVexec_time
p23
F82.463398933410645
sVstart_time
p24
F1609060340.2230401
sVsetup_time
p25
F7.65938401222229
sVruntime_s3_bucket_used
p26
Vpywren-runtimes-public-us-west-2
p27
sVexception
p28
NsVhost_submit_time
p29
F1609060339.4748459
sVserver_info
p30
(dp31
Vuname
p32
V('Linux', '169.254.220.189', '4.14.203-112.332.amzn2.x86_64', '#1 SMP Wed Nov 4 20:46:34 UTC 2020', 'x86_64', 'x86_64')
p33
sV/proc/self/cgroup
p34
VMemTotal:        1717184 kB\u000aMemFree:         1118688 kB\u000aMemAvailable:    1485592 kB\u000aBuffers:           17280 kB\u000aCached:           463836 kB\u000aSwapCached:            0 kB\u000aActive:            95344 kB\u000aInactive:         447360 kB\u000aActive(anon):      61492 kB\u000aInactive(anon):      216 kB\u000aActive(file):      33852 kB\u000aInactive(file):   447144 kB\u000aUnevictable:           0 kB\u000aMlocked:               0 kB\u000aSwapTotal:             0 kB\u000aSwapFree:              0 kB\u000aDirty:                 0 kB\u000aWriteback:             0 kB\u000aAnonPages:         61584 kB\u000aMapped:            35128 kB\u000aShmem:               220 kB\u000aSlab:              42896 kB\u000aSReclaimable:      32828 kB\u000aSUnreclaim:        10068 kB\u000aKernelStack:        1176 kB\u000aPageTables:         1388 kB\u000aNFS_Unstable:          0 kB\u000aBounce:                0 kB\u000aWritebackTmp:          0 kB\u000aCommitLimit:      858592 kB\u000aCommitted_AS:     253624 kB\u000aVmallocTotal:   34359738367 kB\u000aVmallocUsed:           0 kB\u000aVmallocChunk:          0 kB\u000aAnonHugePages:         0 kB\u000aShmemHugePages:        0 kB\u000aShmemPmdMapped:        0 kB\u000aHugePages_Total:       0\u000aHugePages_Free:        0\u000aHugePages_Rsvd:        0\u000aHugePages_Surp:        0\u000aHugepagesize:       2048 kB\u000aDirectMap4k:       23552 kB\u000aDirectMap2M:     1738752 kB\u000a
p35
sV/proc/cgroups
p36
V#subsys_name	hierarchy	num_cgroups	enabled\u000acpuset	3	1	1\u000acpu	8	5	1\u000acpuacct	8	5	1\u000ablkio	5	1	1\u000amemory	10	5	1\u000adevices	11	1	1\u000afreezer	2	2	1\u000anet_cls	4	1	1\u000aperf_event	7	1	1\u000anet_prio	4	1	1\u000ahugetlb	6	1	1\u000apids	9	1	1\u000a
p37
sV/proc/cpuinfo
p38
Vprocessor	: 0\u000avendor_id	: GenuineIntel\u000acpu family	: 6\u000amodel		: 63\u000amodel name	: Intel(R) Xeon(R) Processor @ 2.50GHz\u000astepping	: 2\u000amicrocode	: 0x1\u000acpu MHz		: 2500.012\u000acache size	: 33792 KB\u000aphysical id	: 0\u000asiblings	: 2\u000acore id		: 0\u000acpu cores	: 2\u000aapicid		: 0\u000ainitial apicid	: 0\u000afpu		: yes\u000afpu_exception	: yes\u000acpuid level	: 13\u000awp		: yes\u000aflags		: fpu vme de pse tsc msr pae mce cx8 apic sep mtrr pge mca cmov pat pse36 clflush mmx fxsr sse sse2 ht syscall nx rdtscp lm constant_tsc rep_good nopl xtopology nonstop_tsc cpuid tsc_known_freq pni pclmulqdq ssse3 fma cx16 pcid sse4_1 sse4_2 x2apic movbe popcnt tsc_deadline_timer aes xsave avx f16c rdrand hypervisor lahf_lm abm cpuid_fault invpcid_single pti ssbd ibrs ibpb stibp fsgsbase tsc_adjust bmi1 avx2 smep bmi2 erms invpcid smap xsaveopt arat md_clear arch_capabilities\u000abugs		: cpu_meltdown spectre_v1 spectre_v2 spec_store_bypass l1tf mds swapgs\u000abogomips	: 5000.02\u000aclflush size	: 64\u000acache_alignment	: 64\u000aaddress sizes	: 46 bits physical, 48 bits virtual\u000apower management:\u000a\u000aprocessor	: 1\u000avendor_id	: GenuineIntel\u000acpu family	: 6\u000amodel		: 63\u000amodel name	: Intel(R) Xeon(R) Processor @ 2.50GHz\u000astepping	: 2\u000amicrocode	: 0x1\u000acpu MHz		: 2500.012\u000acache size	: 33792 KB\u000aphysical id	: 0\u000asiblings	: 2\u000acore id		: 1\u000acpu cores	: 2\u000aapicid		: 1\u000ainitial apicid	: 1\u000afpu		: yes\u000afpu_exception	: yes\u000acpuid level	: 13\u000awp		: yes\u000aflags		: fpu vme de pse tsc msr pae mce cx8 apic sep mtrr pge mca cmov pat pse36 clflush mmx fxsr sse sse2 ht syscall nx rdtscp lm constant_tsc rep_good nopl xtopology nonstop_tsc cpuid tsc_known_freq pni pclmulqdq ssse3 fma cx16 pcid sse4_1 sse4_2 x2apic movbe popcnt tsc_deadline_timer aes xsave avx f16c rdrand hypervisor lahf_lm abm cpuid_fault invpcid_single pti ssbd ibrs ibpb stibp fsgsbase tsc_adjust bmi1 avx2 smep bmi2 erms invpcid smap xsaveopt arat md_clear arch_capabilities\u000abugs		: cpu_meltdown spectre_v1 spectre_v2 spec_store_bypass l1tf mds swapgs\u000abogomips	: 5000.02\u000aclflush size	: 64\u000acache_alignment	: 64\u000aaddress sizes	: 46 bits physical, 48 bits virtual\u000apower management:\u000a\u000a
p39
sV/proc/meminfo
p40
VMemTotal:        1717184 kB\u000aMemFree:         1118688 kB\u000aMemAvailable:    1485592 kB\u000aBuffers:           17280 kB\u000aCached:           463836 kB\u000aSwapCached:            0 kB\u000aActive:            95344 kB\u000aInactive:         447360 kB\u000aActive(anon):      61492 kB\u000aInactive(anon):      216 kB\u000aActive(file):      33852 kB\u000aInactive(file):   447144 kB\u000aUnevictable:           0 kB\u000aMlocked:               0 kB\u000aSwapTotal:             0 kB\u000aSwapFree:              0 kB\u000aDirty:                 0 kB\u000aWriteback:             0 kB\u000aAnonPages:         61584 kB\u000aMapped:            35128 kB\u000aShmem:               220 kB\u000aSlab:              42896 kB\u000aSReclaimable:      32828 kB\u000aSUnreclaim:        10068 kB\u000aKernelStack:        1176 kB\u000aPageTables:         1388 kB\u000aNFS_Unstable:          0 kB\u000aBounce:                0 kB\u000aWritebackTmp:          0 kB\u000aCommitLimit:      858592 kB\u000aCommitted_AS:     253624 kB\u000aVmallocTotal:   34359738367 kB\u000aVmallocUsed:           0 kB\u000aVmallocChunk:          0 kB\u000aAnonHugePages:         0 kB\u000aShmemHugePages:        0 kB\u000aShmemPmdMapped:        0 kB\u000aHugePages_Total:       0\u000aHugePages_Free:        0\u000aHugePages_Rsvd:        0\u000aHugePages_Surp:        0\u000aHugepagesize:       2048 kB\u000aDirectMap4k:       23552 kB\u000aDirectMap2M:     1738752 kB\u000a
p41
ssVstatus_key
p42
Vpywren.jobs/52d23a98-987c-4668-9b14-4ac3d133739f/00000/status.json
p43
sVend_time
p44
F1609060430.3458159
sVlog_group_name
p45
V/aws/lambda/pywren_redis_2
p46
sVdata_key
p47
Vpywren.jobs/52d23a98-987c-4668-9b14-4ac3d133739f/aggdata.pickle
p48
sa(dp49
Vcallset_id
p50
V52d23a98-987c-4668-9b14-4ac3d133739f
p51
sVlog_stream_name
p52
V2020/12/27/[$LATEST]3dd2f4977fac47cfbc034a01084aa39c
p53
sVstdout
p54
V
sVfunc_key
p55
Vpywren.jobs/52d23a98-987c-4668-9b14-4ac3d133739f/func.pickle
p56
sVfree_disk_bytes
p57
I538333184
sVruntime_cached
p58
I00
sVretcode
p59
I0
sVcall_id
p60
V00001
p61
sVoutput_key
p62
Vpywren.jobs/52d23a98-987c-4668-9b14-4ac3d133739f/00001/output.pickle
p63
sVruntime_s3_key_used
p64
Ve5eb40-pywren.runtimes/default_2.7.tar.gz.0038
p65
sVaws_request_id
p66
Vc3b90fd9-6ea2-44d8-92a7-a7584d22956a
p67
sVexec_time
p68
F82.859591960906982
sVstart_time
p69
F1609060340.2188611
sVsetup_time
p70
F7.1380338668823242
sVruntime_s3_bucket_used
p71
Vpywren-runtimes-public-us-west-2
p72
sVexception
p73
NsVhost_submit_time
p74
F1609060339.482626
sVserver_info
p75
(dp76
Vuname
p77
V('Linux', '169.254.255.5', '4.14.203-112.332.amzn2.x86_64', '#1 SMP Wed Nov 4 20:46:34 UTC 2020', 'x86_64', 'x86_64')
p78
sV/proc/self/cgroup
p79
VMemTotal:        1717184 kB\u000aMemFree:         1121728 kB\u000aMemAvailable:    1485944 kB\u000aBuffers:           17456 kB\u000aCached:           460860 kB\u000aSwapCached:            0 kB\u000aActive:            94216 kB\u000aInactive:         445272 kB\u000aActive(anon):      61088 kB\u000aInactive(anon):      216 kB\u000aActive(file):      33128 kB\u000aInactive(file):   445056 kB\u000aUnevictable:           0 kB\u000aMlocked:               0 kB\u000aSwapTotal:             0 kB\u000aSwapFree:              0 kB\u000aDirty:               220 kB\u000aWriteback:             0 kB\u000aAnonPages:         61172 kB\u000aMapped:            35232 kB\u000aShmem:               220 kB\u000aSlab:              43032 kB\u000aSReclaimable:      33076 kB\u000aSUnreclaim:         9956 kB\u000aKernelStack:        1176 kB\u000aPageTables:         1392 kB\u000aNFS_Unstable:          0 kB\u000aBounce:                0 kB\u000aWritebackTmp:          0 kB\u000aCommitLimit:      858592 kB\u000aCommitted_AS:     253620 kB\u000aVmallocTotal:   34359738367 kB\u000aVmallocUsed:           0 kB\u000aVmallocChunk:          0 kB\u000aAnonHugePages:         0 kB\u000aShmemHugePages:        0 kB\u000aShmemPmdMapped:        0 kB\u000aHugePages_Total:       0\u000aHugePages_Free:        0\u000aHugePages_Rsvd:        0\u000aHugePages_Surp:        0\u000aHugepagesize:       2048 kB\u000aDirectMap4k:       21504 kB\u000aDirectMap2M:     1740800 kB\u000a
p80
sV/proc/cgroups
p81
V#subsys_name	hierarchy	num_cgroups	enabled\u000acpuset	10	1	1\u000acpu	5	5	1\u000acpuacct	5	5	1\u000ablkio	9	1	1\u000amemory	7	5	1\u000adevices	11	1	1\u000afreezer	4	2	1\u000anet_cls	2	1	1\u000aperf_event	3	1	1\u000anet_prio	2	1	1\u000ahugetlb	8	1	1\u000apids	6	1	1\u000a
p82
sV/proc/cpuinfo
p83
Vprocessor	: 0\u000avendor_id	: GenuineIntel\u000acpu family	: 6\u000amodel		: 63\u000amodel name	: Intel(R) Xeon(R) Processor @ 2.50GHz\u000astepping	: 2\u000amicrocode	: 0x1\u000acpu MHz		: 2499.948\u000acache size	: 36608 KB\u000aphysical id	: 0\u000asiblings	: 2\u000acore id		: 0\u000acpu cores	: 2\u000aapicid		: 0\u000ainitial apicid	: 0\u000afpu		: yes\u000afpu_exception	: yes\u000acpuid level	: 13\u000awp		: yes\u000aflags		: fpu vme de pse tsc msr pae mce cx8 apic sep mtrr pge mca cmov pat pse36 clflush mmx fxsr sse sse2 ht syscall nx rdtscp lm constant_tsc rep_good nopl xtopology nonstop_tsc cpuid tsc_known_freq pni pclmulqdq ssse3 fma cx16 pcid sse4_1 sse4_2 x2apic movbe popcnt tsc_deadline_timer aes xsave avx f16c rdrand hypervisor lahf_lm abm cpuid_fault invpcid_single ssbd ibrs ibpb stibp ibrs_enhanced fsgsbase tsc_adjust bmi1 avx2 smep bmi2 erms invpcid smap xsaveopt arat md_clear arch_capabilities\u000abugs		: spectre_v1 spectre_v2 spec_store_bypass swapgs\u000abogomips	: 4999.89\u000aclflush size	: 64\u000acache_alignment	: 64\u000aaddress sizes	: 46 bits physical, 48 bits virtual\u000apower management:\u000a\u000aprocessor	: 1\u000avendor_id	: GenuineIntel\u000acpu family	: 6\u000amodel		: 63\u000amodel name	: Intel(R) Xeon(R) Processor @ 2.50GHz\u000astepping	: 2\u000amicrocode	: 0x1\u000acpu MHz		: 2499.948\u000acache size	: 36608 KB\u000aphysical id	: 0\u000asiblings	: 2\u000acore id		: 1\u000acpu cores	: 2\u000aapicid		: 1\u000ainitial apicid	: 1\u000afpu		: yes\u000afpu_exception	: yes\u000acpuid level	: 13\u000awp		: yes\u000aflags		: fpu vme de pse tsc msr pae mce cx8 apic sep mtrr pge mca cmov pat pse36 clflush mmx fxsr sse sse2 ht syscall nx rdtscp lm constant_tsc rep_good nopl xtopology nonstop_tsc cpuid tsc_known_freq pni pclmulqdq ssse3 fma cx16 pcid sse4_1 sse4_2 x2apic movbe popcnt tsc_deadline_timer aes xsave avx f16c rdrand hypervisor lahf_lm abm cpuid_fault invpcid_single ssbd ibrs ibpb stibp ibrs_enhanced fsgsbase tsc_adjust bmi1 avx2 smep bmi2 erms invpcid smap xsaveopt arat md_clear arch_capabilities\u000abugs		: spectre_v1 spectre_v2 spec_store_bypass swapgs\u000abogomips	: 4999.89\u000aclflush size	: 64\u000acache_alignment	: 64\u000aaddress sizes	: 46 bits physical, 48 bits virtual\u000apower management:\u000a\u000a
p84
sV/proc/meminfo
p85
VMemTotal:        1717184 kB\u000aMemFree:         1121728 kB\u000aMemAvailable:    1485944 kB\u000aBuffers:           17456 kB\u000aCached:           460860 kB\u000aSwapCached:            0 kB\u000aActive:            94216 kB\u000aInactive:         445272 kB\u000aActive(anon):      61088 kB\u000aInactive(anon):      216 kB\u000aActive(file):      33128 kB\u000aInactive(file):   445056 kB\u000aUnevictable:           0 kB\u000aMlocked:               0 kB\u000aSwapTotal:             0 kB\u000aSwapFree:              0 kB\u000aDirty:               220 kB\u000aWriteback:             0 kB\u000aAnonPages:         61172 kB\u000aMapped:            35232 kB\u000aShmem:               220 kB\u000aSlab:              43032 kB\u000aSReclaimable:      33076 kB\u000aSUnreclaim:         9956 kB\u000aKernelStack:        1176 kB\u000aPageTables:         1392 kB\u000aNFS_Unstable:          0 kB\u000aBounce:                0 kB\u000aWritebackTmp:          0 kB\u000aCommitLimit:      858592 kB\u000aCommitted_AS:     253620 kB\u000aVmallocTotal:   34359738367 kB\u000aVmallocUsed:           0 kB\u000aVmallocChunk:          0 kB\u000aAnonHugePages:         0 kB\u000aShmemHugePages:        0 kB\u000aShmemPmdMapped:        0 kB\u000aHugePages_Total:       0\u000aHugePages_Free:        0\u000aHugePages_Rsvd:        0\u000aHugePages_Surp:        0\u000aHugepagesize:       2048 kB\u000aDirectMap4k:       21504 kB\u000aDirectMap2M:     1740800 kB\u000a
p86
ssVstatus_key
p87
Vpywren.jobs/52d23a98-987c-4668-9b14-4ac3d133739f/00001/status.json
p88
sVend_time
p89
F1609060430.2164819
sVlog_group_name
p90
V/aws/lambda/pywren_redis_2
p91
sVdata_key
p92
Vpywren.jobs/52d23a98-987c-4668-9b14-4ac3d133739f/aggdata.pickle
p93
sa(dp94
Vcallset_id
p95
V52d23a98-987c-4668-9b14-4ac3d133739f
p96
sVlog_stream_name
p97
V2020/12/27/[$LATEST]4c915241c1714e26ab00a8736c431320
p98
sVstdout
p99
V
sVfunc_key
p100
Vpywren.jobs/52d23a98-987c-4668-9b14-4ac3d133739f/func.pickle
p101
sVfree_disk_bytes
p102
I538333184
sVruntime_cached
p103
I00
sVretcode
p104
I0
sVcall_id
p105
V00002
p106
sVoutput_key
p107
Vpywren.jobs/52d23a98-987c-4668-9b14-4ac3d133739f/00002/output.pickle
p108
sVruntime_s3_key_used
p109
V3201af-pywren.runtimes/default_2.7.tar.gz.0051
p110
sVaws_request_id
p111
V86ad9dfe-5fac-43a0-a9d7-5523881f9305
p112
sVexec_time
p113
F80.869701147079468
sVstart_time
p114
F1609060340.207356
sVsetup_time
p115
F7.043571949005127
sVruntime_s3_bucket_used
p116
Vpywren-runtimes-public-us-west-2
p117
sVexception
p118
NsVhost_submit_time
p119
F1609060339.487726
sVserver_info
p120
(dp121
Vuname
p122
V('Linux', '169.254.15.9', '4.14.203-112.332.amzn2.x86_64', '#1 SMP Wed Nov 4 20:46:34 UTC 2020', 'x86_64', 'x86_64')
p123
sV/proc/self/cgroup
p124
VMemTotal:        1717184 kB\u000aMemFree:         1121920 kB\u000aMemAvailable:    1485832 kB\u000aBuffers:           15700 kB\u000aCached:           462560 kB\u000aSwapCached:            0 kB\u000aActive:            92980 kB\u000aInactive:         446648 kB\u000aActive(anon):      61360 kB\u000aInactive(anon):      216 kB\u000aActive(file):      31620 kB\u000aInactive(file):   446432 kB\u000aUnevictable:           0 kB\u000aMlocked:               0 kB\u000aSwapTotal:             0 kB\u000aSwapFree:              0 kB\u000aDirty:                 0 kB\u000aWriteback:             0 kB\u000aAnonPages:         61372 kB\u000aMapped:            34576 kB\u000aShmem:               220 kB\u000aSlab:              42812 kB\u000aSReclaimable:      32732 kB\u000aSUnreclaim:        10080 kB\u000aKernelStack:        1168 kB\u000aPageTables:         1408 kB\u000aNFS_Unstable:          0 kB\u000aBounce:                0 kB\u000aWritebackTmp:          0 kB\u000aCommitLimit:      858592 kB\u000aCommitted_AS:     253304 kB\u000aVmallocTotal:   34359738367 kB\u000aVmallocUsed:           0 kB\u000aVmallocChunk:          0 kB\u000aAnonHugePages:         0 kB\u000aShmemHugePages:        0 kB\u000aShmemPmdMapped:        0 kB\u000aHugePages_Total:       0\u000aHugePages_Free:        0\u000aHugePages_Rsvd:        0\u000aHugePages_Surp:        0\u000aHugepagesize:       2048 kB\u000aDirectMap4k:       19456 kB\u000aDirectMap2M:     1742848 kB\u000a
p125
sV/proc/cgroups
p126
V#subsys_name	hierarchy	num_cgroups	enabled\u000acpuset	4	1	1\u000acpu	10	5	1\u000acpuacct	10	5	1\u000ablkio	6	1	1\u000amemory	11	5	1\u000adevices	7	1	1\u000afreezer	5	2	1\u000anet_cls	3	1	1\u000aperf_event	2	1	1\u000anet_prio	3	1	1\u000ahugetlb	8	1	1\u000apids	9	1	1\u000a
p127
sV/proc/cpuinfo
p128
Vprocessor	: 0\u000avendor_id	: GenuineIntel\u000acpu family	: 6\u000amodel		: 63\u000amodel name	: Intel(R) Xeon(R) Processor @ 2.50GHz\u000astepping	: 2\u000amicrocode	: 0x1\u000acpu MHz		: 2500.002\u000acache size	: 36608 KB\u000aphysical id	: 0\u000asiblings	: 2\u000acore id		: 0\u000acpu cores	: 2\u000aapicid		: 0\u000ainitial apicid	: 0\u000afpu		: yes\u000afpu_exception	: yes\u000acpuid level	: 13\u000awp		: yes\u000aflags		: fpu vme de pse tsc msr pae mce cx8 apic sep mtrr pge mca cmov pat pse36 clflush mmx fxsr sse sse2 ht syscall nx rdtscp lm constant_tsc rep_good nopl xtopology nonstop_tsc cpuid tsc_known_freq pni pclmulqdq ssse3 fma cx16 pcid sse4_1 sse4_2 x2apic movbe popcnt tsc_deadline_timer aes xsave avx f16c rdrand hypervisor lahf_lm abm cpuid_fault invpcid_single ssbd ibrs ibpb stibp ibrs_enhanced fsgsbase tsc_adjust bmi1 avx2 smep bmi2 erms invpcid smap xsaveopt arat md_clear arch_capabilities\u000abugs		: spectre_v1 spectre_v2 spec_store_bypass swapgs\u000abogomips	: 5000.00\u000aclflush size	: 64\u000acache_alignment	: 64\u000aaddress sizes	: 46 bits physical, 48 bits virtual\u000apower management:\u000a\u000aprocessor	: 1\u000avendor_id	: GenuineIntel\u000acpu family	: 6\u000amodel		: 63\u000amodel name	: Intel(R) Xeon(R) Processor @ 2.50GHz\u000astepping	: 2\u000amicrocode	: 0x1\u000acpu MHz		: 2500.002\u000acache size	: 36608 KB\u000aphysical id	: 0\u000asiblings	: 2\u000acore id		: 1\u000acpu cores	: 2\u000aapicid		: 1\u000ainitial apicid	: 1\u000afpu		: yes\u000afpu_exception	: yes\u000acpuid level	: 13\u000awp		: yes\u000aflags		: fpu vme de pse tsc msr pae mce cx8 apic sep mtrr pge mca cmov pat pse36 clflush mmx fxsr sse sse2 ht syscall nx rdtscp lm constant_tsc rep_good nopl xtopology nonstop_tsc cpuid tsc_known_freq pni pclmulqdq ssse3 fma cx16 pcid sse4_1 sse4_2 x2apic movbe popcnt tsc_deadline_timer aes xsave avx f16c rdrand hypervisor lahf_lm abm cpuid_fault invpcid_single ssbd ibrs ibpb stibp ibrs_enhanced fsgsbase tsc_adjust bmi1 avx2 smep bmi2 erms invpcid smap xsaveopt arat md_clear arch_capabilities\u000abugs		: spectre_v1 spectre_v2 spec_store_bypass swapgs\u000abogomips	: 5000.00\u000aclflush size	: 64\u000acache_alignment	: 64\u000aaddress sizes	: 46 bits physical, 48 bits virtual\u000apower management:\u000a\u000a
p129
sV/proc/meminfo
p130
VMemTotal:        1717184 kB\u000aMemFree:         1121920 kB\u000aMemAvailable:    1485832 kB\u000aBuffers:           15700 kB\u000aCached:           462560 kB\u000aSwapCached:            0 kB\u000aActive:            92980 kB\u000aInactive:         446648 kB\u000aActive(anon):      61360 kB\u000aInactive(anon):      216 kB\u000aActive(file):      31620 kB\u000aInactive(file):   446432 kB\u000aUnevictable:           0 kB\u000aMlocked:               0 kB\u000aSwapTotal:             0 kB\u000aSwapFree:              0 kB\u000aDirty:                 0 kB\u000aWriteback:             0 kB\u000aAnonPages:         61372 kB\u000aMapped:            34576 kB\u000aShmem:               220 kB\u000aSlab:              42812 kB\u000aSReclaimable:      32732 kB\u000aSUnreclaim:        10080 kB\u000aKernelStack:        1168 kB\u000aPageTables:         1408 kB\u000aNFS_Unstable:          0 kB\u000aBounce:                0 kB\u000aWritebackTmp:          0 kB\u000aCommitLimit:      858592 kB\u000aCommitted_AS:     253304 kB\u000aVmallocTotal:   34359738367 kB\u000aVmallocUsed:           0 kB\u000aVmallocChunk:          0 kB\u000aAnonHugePages:         0 kB\u000aShmemHugePages:        0 kB\u000aShmemPmdMapped:        0 kB\u000aHugePages_Total:       0\u000aHugePages_Free:        0\u000aHugePages_Rsvd:        0\u000aHugePages_Surp:        0\u000aHugepagesize:       2048 kB\u000aDirectMap4k:       19456 kB\u000aDirectMap2M:     1742848 kB\u000a
p131
ssVstatus_key
p132
Vpywren.jobs/52d23a98-987c-4668-9b14-4ac3d133739f/00002/status.json
p133
sVend_time
p134
F1609060428.120626
sVlog_group_name
p135
V/aws/lambda/pywren_redis_2
p136
sVdata_key
p137
Vpywren.jobs/52d23a98-987c-4668-9b14-4ac3d133739f/aggdata.pickle
p138
sa(dp139
Vcallset_id
p140
V52d23a98-987c-4668-9b14-4ac3d133739f
p141
sVlog_stream_name
p142
V2020/12/27/[$LATEST]b29628bfcb0047b2959d793552db6cf7
p143
sVstdout
p144
V
sVfunc_key
p145
Vpywren.jobs/52d23a98-987c-4668-9b14-4ac3d133739f/func.pickle
p146
sVfree_disk_bytes
p147
I538333184
sVruntime_cached
p148
I00
sVretcode
p149
I0
sVcall_id
p150
V00003
p151
sVoutput_key
p152
Vpywren.jobs/52d23a98-987c-4668-9b14-4ac3d133739f/00003/output.pickle
p153
sVruntime_s3_key_used
p154
V9f25cd-pywren.runtimes/default_2.7.tar.gz.0086
p155
sVaws_request_id
p156
V992b7453-5835-4729-b0f4-c01466efa394
p157
sVexec_time
p158
F82.451590776443481
sVstart_time
p159
F1609060340.241008
sVsetup_time
p160
F7.3618850708007812
sVruntime_s3_bucket_used
p161
Vpywren-runtimes-public-us-west-2
p162
sVexception
p163
NsVhost_submit_time
p164
F1609060339.4921041
sVserver_info
p165
(dp166
Vuname
p167
V('Linux', '169.254.223.181', '4.14.203-112.332.amzn2.x86_64', '#1 SMP Wed Nov 4 20:46:34 UTC 2020', 'x86_64', 'x86_64')
p168
sV/proc/self/cgroup
p169
VMemTotal:        1717184 kB\u000aMemFree:         1120232 kB\u000aMemAvailable:    1486140 kB\u000aBuffers:           16756 kB\u000aCached:           463492 kB\u000aSwapCached:            0 kB\u000aActive:            94796 kB\u000aInactive:         446804 kB\u000aActive(anon):      61316 kB\u000aInactive(anon):      216 kB\u000aActive(file):      33480 kB\u000aInactive(file):   446588 kB\u000aUnevictable:           0 kB\u000aMlocked:               0 kB\u000aSwapTotal:             0 kB\u000aSwapFree:              0 kB\u000aDirty:                 4 kB\u000aWriteback:             0 kB\u000aAnonPages:         61340 kB\u000aMapped:            35204 kB\u000aShmem:               220 kB\u000aSlab:              42884 kB\u000aSReclaimable:      32692 kB\u000aSUnreclaim:        10192 kB\u000aKernelStack:        1152 kB\u000aPageTables:         1320 kB\u000aNFS_Unstable:          0 kB\u000aBounce:                0 kB\u000aWritebackTmp:          0 kB\u000aCommitLimit:      858592 kB\u000aCommitted_AS:     253820 kB\u000aVmallocTotal:   34359738367 kB\u000aVmallocUsed:           0 kB\u000aVmallocChunk:          0 kB\u000aAnonHugePages:         0 kB\u000aShmemHugePages:        0 kB\u000aShmemPmdMapped:        0 kB\u000aHugePages_Total:       0\u000aHugePages_Free:        0\u000aHugePages_Rsvd:        0\u000aHugePages_Surp:        0\u000aHugepagesize:       2048 kB\u000aDirectMap4k:       21504 kB\u000aDirectMap2M:     1740800 kB\u000a
p170
sV/proc/cgroups
p171
V#subsys_name	hierarchy	num_cgroups	enabled\u000acpuset	6	1	1\u000acpu	3	5	1\u000acpuacct	3	5	1\u000ablkio	10	1	1\u000amemory	4	5	1\u000adevices	8	1	1\u000afreezer	5	2	1\u000anet_cls	9	1	1\u000aperf_event	11	1	1\u000anet_prio	9	1	1\u000ahugetlb	2	1	1\u000apids	7	1	1\u000a
p172
sV/proc/cpuinfo
p173
Vprocessor	: 0\u000avendor_id	: GenuineIntel\u000acpu family	: 6\u000amodel		: 63\u000amodel name	: Intel(R) Xeon(R) Processor @ 2.50GHz\u000astepping	: 2\u000amicrocode	: 0x1\u000acpu MHz		: 2500.008\u000acache size	: 33792 KB\u000aphysical id	: 0\u000asiblings	: 2\u000acore id		: 0\u000acpu cores	: 2\u000aapicid		: 0\u000ainitial apicid	: 0\u000afpu		: yes\u000afpu_exception	: yes\u000acpuid level	: 13\u000awp		: yes\u000aflags		: fpu vme de pse tsc msr pae mce cx8 apic sep mtrr pge mca cmov pat pse36 clflush mmx fxsr sse sse2 ht syscall nx rdtscp lm constant_tsc rep_good nopl xtopology nonstop_tsc cpuid tsc_known_freq pni pclmulqdq ssse3 fma cx16 pcid sse4_1 sse4_2 x2apic movbe popcnt tsc_deadline_timer aes xsave avx f16c rdrand hypervisor lahf_lm abm cpuid_fault invpcid_single pti ssbd ibrs ibpb stibp fsgsbase tsc_adjust bmi1 avx2 smep bmi2 erms invpcid smap xsaveopt arat md_clear arch_capabilities\u000abugs		: cpu_meltdown spectre_v1 spectre_v2 spec_store_bypass l1tf mds swapgs\u000abogomips	: 5000.01\u000aclflush size	: 64\u000acache_alignment	: 64\u000aaddress sizes	: 46 bits physical, 48 bits virtual\u000apower management:\u000a\u000aprocessor	: 1\u000avendor_id	: GenuineIntel\u000acpu family	: 6\u000amodel		: 63\u000amodel name	: Intel(R) Xeon(R) Processor @ 2.50GHz\u000astepping	: 2\u000amicrocode	: 0x1\u000acpu MHz		: 2500.008\u000acache size	: 33792 KB\u000aphysical id	: 0\u000asiblings	: 2\u000acore id		: 1\u000acpu cores	: 2\u000aapicid		: 1\u000ainitial apicid	: 1\u000afpu		: yes\u000afpu_exception	: yes\u000acpuid level	: 13\u000awp		: yes\u000aflags		: fpu vme de pse tsc msr pae mce cx8 apic sep mtrr pge mca cmov pat pse36 clflush mmx fxsr sse sse2 ht syscall nx rdtscp lm constant_tsc rep_good nopl xtopology nonstop_tsc cpuid tsc_known_freq pni pclmulqdq ssse3 fma cx16 pcid sse4_1 sse4_2 x2apic movbe popcnt tsc_deadline_timer aes xsave avx f16c rdrand hypervisor lahf_lm abm cpuid_fault invpcid_single pti ssbd ibrs ibpb stibp fsgsbase tsc_adjust bmi1 avx2 smep bmi2 erms invpcid smap xsaveopt arat md_clear arch_capabilities\u000abugs		: cpu_meltdown spectre_v1 spectre_v2 spec_store_bypass l1tf mds swapgs\u000abogomips	: 5000.01\u000aclflush size	: 64\u000acache_alignment	: 64\u000aaddress sizes	: 46 bits physical, 48 bits virtual\u000apower management:\u000a\u000a
p174
sV/proc/meminfo
p175
VMemTotal:        1717184 kB\u000aMemFree:         1120232 kB\u000aMemAvailable:    1486140 kB\u000aBuffers:           16756 kB\u000aCached:           463492 kB\u000aSwapCached:            0 kB\u000aActive:            94796 kB\u000aInactive:         446804 kB\u000aActive(anon):      61316 kB\u000aInactive(anon):      216 kB\u000aActive(file):      33480 kB\u000aInactive(file):   446588 kB\u000aUnevictable:           0 kB\u000aMlocked:               0 kB\u000aSwapTotal:             0 kB\u000aSwapFree:              0 kB\u000aDirty:                 4 kB\u000aWriteback:             0 kB\u000aAnonPages:         61340 kB\u000aMapped:            35204 kB\u000aShmem:               220 kB\u000aSlab:              42884 kB\u000aSReclaimable:      32692 kB\u000aSUnreclaim:        10192 kB\u000aKernelStack:        1152 kB\u000aPageTables:         1320 kB\u000aNFS_Unstable:          0 kB\u000aBounce:                0 kB\u000aWritebackTmp:          0 kB\u000aCommitLimit:      858592 kB\u000aCommitted_AS:     253820 kB\u000aVmallocTotal:   34359738367 kB\u000aVmallocUsed:           0 kB\u000aVmallocChunk:          0 kB\u000aAnonHugePages:         0 kB\u000aShmemHugePages:        0 kB\u000aShmemPmdMapped:        0 kB\u000aHugePages_Total:       0\u000aHugePages_Free:        0\u000aHugePages_Rsvd:        0\u000aHugePages_Surp:        0\u000aHugepagesize:       2048 kB\u000aDirectMap4k:       21504 kB\u000aDirectMap2M:     1740800 kB\u000a
p176
ssVstatus_key
p177
Vpywren.jobs/52d23a98-987c-4668-9b14-4ac3d133739f/00003/status.json
p178
sVend_time
p179
F1609060430.0544779
sVlog_group_name
p180
V/aws/lambda/pywren_redis_2
p181
sVdata_key
p182
Vpywren.jobs/52d23a98-987c-4668-9b14-4ac3d133739f/aggdata.pickle
p183
sa(dp184
Vcallset_id
p185
V52d23a98-987c-4668-9b14-4ac3d133739f
p186
sVlog_stream_name
p187
V2020/12/27/[$LATEST]71b44a902b774497be69184aefc7c11b
p188
sVstdout
p189
V
sVfunc_key
p190
Vpywren.jobs/52d23a98-987c-4668-9b14-4ac3d133739f/func.pickle
p191
sVfree_disk_bytes
p192
I538333184
sVruntime_cached
p193
I00
sVretcode
p194
I0
sVcall_id
p195
V00004
p196
sVoutput_key
p197
Vpywren.jobs/52d23a98-987c-4668-9b14-4ac3d133739f/00004/output.pickle
p198
sVruntime_s3_key_used
p199
Vb3daa6-pywren.runtimes/default_2.7.tar.gz.0039
p200
sVaws_request_id
p201
V9931b7ab-a8d7-4cf4-968a-65fa77be371e
p202
sVexec_time
p203
F82.493246793746948
sVstart_time
p204
F1609060340.3480661
sVsetup_time
p205
F7.4709939956665039
sVruntime_s3_bucket_used
p206
Vpywren-runtimes-public-us-west-2
p207
sVexception
p208
NsVhost_submit_time
p209
F1609060339.497685
sVserver_info
p210
(dp211
Vuname
p212
V('Linux', '169.254.60.45', '4.14.203-112.332.amzn2.x86_64', '#1 SMP Wed Nov 4 20:46:34 UTC 2020', 'x86_64', 'x86_64')
p213
sV/proc/self/cgroup
p214
VMemTotal:        1717184 kB\u000aMemFree:         1122396 kB\u000aMemAvailable:    1485132 kB\u000aBuffers:           14356 kB\u000aCached:           462580 kB\u000aSwapCached:            0 kB\u000aActive:            92576 kB\u000aInactive:         446120 kB\u000aActive(anon):      61584 kB\u000aInactive(anon):      216 kB\u000aActive(file):      30992 kB\u000aInactive(file):   445904 kB\u000aUnevictable:           0 kB\u000aMlocked:               0 kB\u000aSwapTotal:             0 kB\u000aSwapFree:              0 kB\u000aDirty:                12 kB\u000aWriteback:             0 kB\u000aAnonPages:         61748 kB\u000aMapped:            34168 kB\u000aShmem:               220 kB\u000aSlab:              42996 kB\u000aSReclaimable:      32692 kB\u000aSUnreclaim:        10304 kB\u000aKernelStack:        1232 kB\u000aPageTables:         1344 kB\u000aNFS_Unstable:          0 kB\u000aBounce:                0 kB\u000aWritebackTmp:          0 kB\u000aCommitLimit:      858592 kB\u000aCommitted_AS:     250820 kB\u000aVmallocTotal:   34359738367 kB\u000aVmallocUsed:           0 kB\u000aVmallocChunk:          0 kB\u000aAnonHugePages:         0 kB\u000aShmemHugePages:        0 kB\u000aShmemPmdMapped:        0 kB\u000aHugePages_Total:       0\u000aHugePages_Free:        0\u000aHugePages_Rsvd:        0\u000aHugePages_Surp:        0\u000aHugepagesize:       2048 kB\u000aDirectMap4k:       21504 kB\u000aDirectMap2M:     1740800 kB\u000a
p215
sV/proc/cgroups
p216
V#subsys_name	hierarchy	num_cgroups	enabled\u000acpuset	9	1	1\u000acpu	4	5	1\u000acpuacct	4	5	1\u000ablkio	5	1	1\u000amemory	10	5	1\u000adevices	8	1	1\u000afreezer	3	2	1\u000anet_cls	7	1	1\u000aperf_event	11	1	1\u000anet_prio	7	1	1\u000ahugetlb	2	1	1\u000apids	6	1	1\u000a
p217
sV/proc/cpuinfo
p218
Vprocessor	: 0\u000avendor_id	: GenuineIntel\u000acpu family	: 6\u000amodel		: 63\u000amodel name	: Intel(R) Xeon(R) Processor @ 2.50GHz\u000astepping	: 2\u000amicrocode	: 0x1\u000acpu MHz		: 2500.008\u000acache size	: 33792 KB\u000aphysical id	: 0\u000asiblings	: 2\u000acore id		: 0\u000acpu cores	: 2\u000aapicid		: 0\u000ainitial apicid	: 0\u000afpu		: yes\u000afpu_exception	: yes\u000acpuid level	: 13\u000awp		: yes\u000aflags		: fpu vme de pse tsc msr pae mce cx8 apic sep mtrr pge mca cmov pat pse36 clflush mmx fxsr sse sse2 ht syscall nx rdtscp lm constant_tsc rep_good nopl xtopology nonstop_tsc cpuid tsc_known_freq pni pclmulqdq ssse3 fma cx16 pcid sse4_1 sse4_2 x2apic movbe popcnt tsc_deadline_timer aes xsave avx f16c rdrand hypervisor lahf_lm abm cpuid_fault invpcid_single pti ssbd ibrs ibpb stibp fsgsbase tsc_adjust bmi1 avx2 smep bmi2 erms invpcid smap xsaveopt arat md_clear arch_capabilities\u000abugs		: cpu_meltdown spectre_v1 spectre_v2 spec_store_bypass l1tf mds swapgs\u000abogomips	: 5000.01\u000aclflush size	: 64\u000acache_alignment	: 64\u000aaddress sizes	: 46 bits physical, 48 bits virtual\u000apower management:\u000a\u000aprocessor	: 1\u000avendor_id	: GenuineIntel\u000acpu family	: 6\u000amodel		: 63\u000amodel name	: Intel(R) Xeon(R) Processor @ 2.50GHz\u000astepping	: 2\u000amicrocode	: 0x1\u000acpu MHz		: 2500.008\u000acache size	: 33792 KB\u000aphysical id	: 0\u000asiblings	: 2\u000acore id		: 1\u000acpu cores	: 2\u000aapicid		: 1\u000ainitial apicid	: 1\u000afpu		: yes\u000afpu_exception	: yes\u000acpuid level	: 13\u000awp		: yes\u000aflags		: fpu vme de pse tsc msr pae mce cx8 apic sep mtrr pge mca cmov pat pse36 clflush mmx fxsr sse sse2 ht syscall nx rdtscp lm constant_tsc rep_good nopl xtopology nonstop_tsc cpuid tsc_known_freq pni pclmulqdq ssse3 fma cx16 pcid sse4_1 sse4_2 x2apic movbe popcnt tsc_deadline_timer aes xsave avx f16c rdrand hypervisor lahf_lm abm cpuid_fault invpcid_single pti ssbd ibrs ibpb stibp fsgsbase tsc_adjust bmi1 avx2 smep bmi2 erms invpcid smap xsaveopt arat md_clear arch_capabilities\u000abugs		: cpu_meltdown spectre_v1 spectre_v2 spec_store_bypass l1tf mds swapgs\u000abogomips	: 5000.01\u000aclflush size	: 64\u000acache_alignment	: 64\u000aaddress sizes	: 46 bits physical, 48 bits virtual\u000apower management:\u000a\u000a
p219
sV/proc/meminfo
p220
VMemTotal:        1717184 kB\u000aMemFree:         1122396 kB\u000aMemAvailable:    1485132 kB\u000aBuffers:           14356 kB\u000aCached:           462580 kB\u000aSwapCached:            0 kB\u000aActive:            92576 kB\u000aInactive:         446120 kB\u000aActive(anon):      61584 kB\u000aInactive(anon):      216 kB\u000aActive(file):      30992 kB\u000aInactive(file):   445904 kB\u000aUnevictable:           0 kB\u000aMlocked:               0 kB\u000aSwapTotal:             0 kB\u000aSwapFree:              0 kB\u000aDirty:                12 kB\u000aWriteback:             0 kB\u000aAnonPages:         61748 kB\u000aMapped:            34168 kB\u000aShmem:               220 kB\u000aSlab:              42996 kB\u000aSReclaimable:      32692 kB\u000aSUnreclaim:        10304 kB\u000aKernelStack:        1232 kB\u000aPageTables:         1344 kB\u000aNFS_Unstable:          0 kB\u000aBounce:                0 kB\u000aWritebackTmp:          0 kB\u000aCommitLimit:      858592 kB\u000aCommitted_AS:     250820 kB\u000aVmallocTotal:   34359738367 kB\u000aVmallocUsed:           0 kB\u000aVmallocChunk:          0 kB\u000aAnonHugePages:         0 kB\u000aShmemHugePages:        0 kB\u000aShmemPmdMapped:        0 kB\u000aHugePages_Total:       0\u000aHugePages_Free:        0\u000aHugePages_Rsvd:        0\u000aHugePages_Surp:        0\u000aHugepagesize:       2048 kB\u000aDirectMap4k:       21504 kB\u000aDirectMap2M:     1740800 kB\u000a
p221
ssVstatus_key
p222
Vpywren.jobs/52d23a98-987c-4668-9b14-4ac3d133739f/00004/status.json
p223
sVend_time
p224
F1609060430.3123009
sVlog_group_name
p225
V/aws/lambda/pywren_redis_2
p226
sVdata_key
p227
Vpywren.jobs/52d23a98-987c-4668-9b14-4ac3d133739f/aggdata.pickle
p228
sa(dp229
Vcallset_id
p230
V52d23a98-987c-4668-9b14-4ac3d133739f
p231
sVlog_stream_name
p232
V2020/12/27/[$LATEST]f1c458e4f1d54e079f1e635581935b3f
p233
sVstdout
p234
V
sVfunc_key
p235
Vpywren.jobs/52d23a98-987c-4668-9b14-4ac3d133739f/func.pickle
p236
sVfree_disk_bytes
p237
I538333184
sVruntime_cached
p238
I00
sVretcode
p239
I0
sVcall_id
p240
V00005
p241
sVoutput_key
p242
Vpywren.jobs/52d23a98-987c-4668-9b14-4ac3d133739f/00005/output.pickle
p243
sVruntime_s3_key_used
p244
V327cf3-pywren.runtimes/default_2.7.tar.gz.0031
p245
sVaws_request_id
p246
V04c365b3-dca9-45b7-ad4e-fd9c95f7031a
p247
sVexec_time
p248
F82.476768016815186
sVstart_time
p249
F1609060340.2898381
sVsetup_time
p250
F7.2826879024505615
sVruntime_s3_bucket_used
p251
Vpywren-runtimes-public-us-west-2
p252
sVexception
p253
NsVhost_submit_time
p254
F1609060339.5040319
sVserver_info
p255
(dp256
Vuname
p257
V('Linux', '169.254.30.121', '4.14.203-112.332.amzn2.x86_64', '#1 SMP Wed Nov 4 20:46:34 UTC 2020', 'x86_64', 'x86_64')
p258
sV/proc/self/cgroup
p259
VMemTotal:        1717184 kB\u000aMemFree:         1123352 kB\u000aMemAvailable:    1486156 kB\u000aBuffers:           14352 kB\u000aCached:           462692 kB\u000aSwapCached:            0 kB\u000aActive:            91960 kB\u000aInactive:         446396 kB\u000aActive(anon):      61180 kB\u000aInactive(anon):      216 kB\u000aActive(file):      30780 kB\u000aInactive(file):   446180 kB\u000aUnevictable:           0 kB\u000aMlocked:               0 kB\u000aSwapTotal:             0 kB\u000aSwapFree:              0 kB\u000aDirty:                12 kB\u000aWriteback:             0 kB\u000aAnonPages:         61300 kB\u000aMapped:            34280 kB\u000aShmem:               220 kB\u000aSlab:              42412 kB\u000aSReclaimable:      32704 kB\u000aSUnreclaim:         9708 kB\u000aKernelStack:        1328 kB\u000aPageTables:         1348 kB\u000aNFS_Unstable:          0 kB\u000aBounce:                0 kB\u000aWritebackTmp:          0 kB\u000aCommitLimit:      858592 kB\u000aCommitted_AS:     251740 kB\u000aVmallocTotal:   34359738367 kB\u000aVmallocUsed:           0 kB\u000aVmallocChunk:          0 kB\u000aAnonHugePages:         0 kB\u000aShmemHugePages:        0 kB\u000aShmemPmdMapped:        0 kB\u000aHugePages_Total:       0\u000aHugePages_Free:        0\u000aHugePages_Rsvd:        0\u000aHugePages_Surp:        0\u000aHugepagesize:       2048 kB\u000aDirectMap4k:       23552 kB\u000aDirectMap2M:     1738752 kB\u000a
p260
sV/proc/cgroups
p261
V#subsys_name	hierarchy	num_cgroups	enabled\u000acpuset	7	1	1\u000acpu	2	5	1\u000acpuacct	2	5	1\u000ablkio	9	1	1\u000amemory	4	5	1\u000adevices	11	1	1\u000afreezer	8	2	1\u000anet_cls	3	1	1\u000aperf_event	10	1	1\u000anet_prio	3	1	1\u000ahugetlb	5	1	1\u000apids	6	1	1\u000a
p262
sV/proc/cpuinfo
p263
Vprocessor	: 0\u000avendor_id	: GenuineIntel\u000acpu family	: 6\u000amodel		: 63\u000amodel name	: Intel(R) Xeon(R) Processor @ 2.50GHz\u000astepping	: 2\u000amicrocode	: 0x1\u000acpu MHz		: 2500.010\u000acache size	: 36608 KB\u000aphysical id	: 0\u000asiblings	: 2\u000acore id		: 0\u000acpu cores	: 2\u000aapicid		: 0\u000ainitial apicid	: 0\u000afpu		: yes\u000afpu_exception	: yes\u000acpuid level	: 13\u000awp		: yes\u000aflags		: fpu vme de pse tsc msr pae mce cx8 apic sep mtrr pge mca cmov pat pse36 clflush mmx fxsr sse sse2 ht syscall nx rdtscp lm constant_tsc rep_good nopl xtopology nonstop_tsc cpuid tsc_known_freq pni pclmulqdq ssse3 fma cx16 pcid sse4_1 sse4_2 x2apic movbe popcnt tsc_deadline_timer aes xsave avx f16c rdrand hypervisor lahf_lm abm cpuid_fault invpcid_single ssbd ibrs ibpb stibp ibrs_enhanced fsgsbase tsc_adjust bmi1 avx2 smep bmi2 erms invpcid smap xsaveopt arat md_clear arch_capabilities\u000abugs		: spectre_v1 spectre_v2 spec_store_bypass swapgs\u000abogomips	: 5000.02\u000aclflush size	: 64\u000acache_alignment	: 64\u000aaddress sizes	: 46 bits physical, 48 bits virtual\u000apower management:\u000a\u000aprocessor	: 1\u000avendor_id	: GenuineIntel\u000acpu family	: 6\u000amodel		: 63\u000amodel name	: Intel(R) Xeon(R) Processor @ 2.50GHz\u000astepping	: 2\u000amicrocode	: 0x1\u000acpu MHz		: 2500.010\u000acache size	: 36608 KB\u000aphysical id	: 0\u000asiblings	: 2\u000acore id		: 1\u000acpu cores	: 2\u000aapicid		: 1\u000ainitial apicid	: 1\u000afpu		: yes\u000afpu_exception	: yes\u000acpuid level	: 13\u000awp		: yes\u000aflags		: fpu vme de pse tsc msr pae mce cx8 apic sep mtrr pge mca cmov pat pse36 clflush mmx fxsr sse sse2 ht syscall nx rdtscp lm constant_tsc rep_good nopl xtopology nonstop_tsc cpuid tsc_known_freq pni pclmulqdq ssse3 fma cx16 pcid sse4_1 sse4_2 x2apic movbe popcnt tsc_deadline_timer aes xsave avx f16c rdrand hypervisor lahf_lm abm cpuid_fault invpcid_single ssbd ibrs ibpb stibp ibrs_enhanced fsgsbase tsc_adjust bmi1 avx2 smep bmi2 erms invpcid smap xsaveopt arat md_clear arch_capabilities\u000abugs		: spectre_v1 spectre_v2 spec_store_bypass swapgs\u000abogomips	: 5000.02\u000aclflush size	: 64\u000acache_alignment	: 64\u000aaddress sizes	: 46 bits physical, 48 bits virtual\u000apower management:\u000a\u000a
p264
sV/proc/meminfo
p265
VMemTotal:        1717184 kB\u000aMemFree:         1123352 kB\u000aMemAvailable:    1486156 kB\u000aBuffers:           14352 kB\u000aCached:           462692 kB\u000aSwapCached:            0 kB\u000aActive:            91960 kB\u000aInactive:         446396 kB\u000aActive(anon):      61180 kB\u000aInactive(anon):      216 kB\u000aActive(file):      30780 kB\u000aInactive(file):   446180 kB\u000aUnevictable:           0 kB\u000aMlocked:               0 kB\u000aSwapTotal:             0 kB\u000aSwapFree:              0 kB\u000aDirty:                12 kB\u000aWriteback:             0 kB\u000aAnonPages:         61300 kB\u000aMapped:            34280 kB\u000aShmem:               220 kB\u000aSlab:              42412 kB\u000aSReclaimable:      32704 kB\u000aSUnreclaim:         9708 kB\u000aKernelStack:        1328 kB\u000aPageTables:         1348 kB\u000aNFS_Unstable:          0 kB\u000aBounce:                0 kB\u000aWritebackTmp:          0 kB\u000aCommitLimit:      858592 kB\u000aCommitted_AS:     251740 kB\u000aVmallocTotal:   34359738367 kB\u000aVmallocUsed:           0 kB\u000aVmallocChunk:          0 kB\u000aAnonHugePages:         0 kB\u000aShmemHugePages:        0 kB\u000aShmemPmdMapped:        0 kB\u000aHugePages_Total:       0\u000aHugePages_Free:        0\u000aHugePages_Rsvd:        0\u000aHugePages_Surp:        0\u000aHugepagesize:       2048 kB\u000aDirectMap4k:       23552 kB\u000aDirectMap2M:     1738752 kB\u000a
p266
ssVstatus_key
p267
Vpywren.jobs/52d23a98-987c-4668-9b14-4ac3d133739f/00005/status.json
p268
sVend_time
p269
F1609060430.049288
sVlog_group_name
p270
V/aws/lambda/pywren_redis_2
p271
sVdata_key
p272
Vpywren.jobs/52d23a98-987c-4668-9b14-4ac3d133739f/aggdata.pickle
p273
sa(dp274
Vcallset_id
p275
V52d23a98-987c-4668-9b14-4ac3d133739f
p276
sVlog_stream_name
p277
V2020/12/27/[$LATEST]55e8311d29b74ae5ac8e84a208356b6f
p278
sVstdout
p279
V
sVfunc_key
p280
Vpywren.jobs/52d23a98-987c-4668-9b14-4ac3d133739f/func.pickle
p281
sVfree_disk_bytes
p282
I538333184
sVruntime_cached
p283
I00
sVretcode
p284
I0
sVcall_id
p285
V00006
p286
sVoutput_key
p287
Vpywren.jobs/52d23a98-987c-4668-9b14-4ac3d133739f/00006/output.pickle
p288
sVruntime_s3_key_used
p289
V830f4c-pywren.runtimes/default_2.7.tar.gz.0018
p290
sVaws_request_id
p291
V43c11aca-1daa-47ff-8c64-bf4ce3f2d0d8
p292
sVexec_time
p293
F81.287781953811646
sVstart_time
p294
F1609060340.266458
sVsetup_time
p295
F8.6453149318695068
sVruntime_s3_bucket_used
p296
Vpywren-runtimes-public-us-west-2
p297
sVexception
p298
NsVhost_submit_time
p299
F1609060339.5147691
sVserver_info
p300
(dp301
Vuname
p302
V('Linux', '169.254.122.181', '4.14.203-112.332.amzn2.x86_64', '#1 SMP Wed Nov 4 20:46:34 UTC 2020', 'x86_64', 'x86_64')
p303
sV/proc/self/cgroup
p304
VMemTotal:        1717184 kB\u000aMemFree:         1122564 kB\u000aMemAvailable:    1485936 kB\u000aBuffers:           14496 kB\u000aCached:           463080 kB\u000aSwapCached:            0 kB\u000aActive:            92976 kB\u000aInactive:         445836 kB\u000aActive(anon):      61112 kB\u000aInactive(anon):      216 kB\u000aActive(file):      31864 kB\u000aInactive(file):   445620 kB\u000aUnevictable:           0 kB\u000aMlocked:               0 kB\u000aSwapTotal:             0 kB\u000aSwapFree:              0 kB\u000aDirty:               144 kB\u000aWriteback:             0 kB\u000aAnonPages:         61224 kB\u000aMapped:            34136 kB\u000aShmem:               220 kB\u000aSlab:              42804 kB\u000aSReclaimable:      32792 kB\u000aSUnreclaim:        10012 kB\u000aKernelStack:        1248 kB\u000aPageTables:         1336 kB\u000aNFS_Unstable:          0 kB\u000aBounce:                0 kB\u000aWritebackTmp:          0 kB\u000aCommitLimit:      858592 kB\u000aCommitted_AS:     251736 kB\u000aVmallocTotal:   34359738367 kB\u000aVmallocUsed:           0 kB\u000aVmallocChunk:          0 kB\u000aAnonHugePages:         0 kB\u000aShmemHugePages:        0 kB\u000aShmemPmdMapped:        0 kB\u000aHugePages_Total:       0\u000aHugePages_Free:        0\u000aHugePages_Rsvd:        0\u000aHugePages_Surp:        0\u000aHugepagesize:       2048 kB\u000aDirectMap4k:       19456 kB\u000aDirectMap2M:     1742848 kB\u000a
p305
sV/proc/cgroups
p306
V#subsys_name	hierarchy	num_cgroups	enabled\u000acpuset	3	1	1\u000acpu	4	5	1\u000acpuacct	4	5	1\u000ablkio	2	1	1\u000amemory	11	5	1\u000adevices	10	1	1\u000afreezer	7	2	1\u000anet_cls	8	1	1\u000aperf_event	6	1	1\u000anet_prio	8	1	1\u000ahugetlb	9	1	1\u000apids	5	1	1\u000a
p307
sV/proc/cpuinfo
p308
Vprocessor	: 0\u000avendor_id	: GenuineIntel\u000acpu family	: 6\u000amodel		: 63\u000amodel name	: Intel(R) Xeon(R) Processor @ 2.50GHz\u000astepping	: 2\u000amicrocode	: 0x1\u000acpu MHz		: 2500.010\u000acache size	: 36608 KB\u000aphysical id	: 0\u000asiblings	: 2\u000acore id		: 0\u000acpu cores	: 2\u000aapicid		: 0\u000ainitial apicid	: 0\u000afpu		: yes\u000afpu_exception	: yes\u000acpuid level	: 13\u000awp		: yes\u000aflags		: fpu vme de pse tsc msr pae mce cx8 apic sep mtrr pge mca cmov pat pse36 clflush mmx fxsr sse sse2 ht syscall nx rdtscp lm constant_tsc rep_good nopl xtopology nonstop_tsc cpuid tsc_known_freq pni pclmulqdq ssse3 fma cx16 pcid sse4_1 sse4_2 x2apic movbe popcnt tsc_deadline_timer aes xsave avx f16c rdrand hypervisor lahf_lm abm cpuid_fault invpcid_single ssbd ibrs ibpb stibp ibrs_enhanced fsgsbase tsc_adjust bmi1 avx2 smep bmi2 erms invpcid smap xsaveopt arat md_clear arch_capabilities\u000abugs		: spectre_v1 spectre_v2 spec_store_bypass swapgs\u000abogomips	: 5000.02\u000aclflush size	: 64\u000acache_alignment	: 64\u000aaddress sizes	: 46 bits physical, 48 bits virtual\u000apower management:\u000a\u000aprocessor	: 1\u000avendor_id	: GenuineIntel\u000acpu family	: 6\u000amodel		: 63\u000amodel name	: Intel(R) Xeon(R) Processor @ 2.50GHz\u000astepping	: 2\u000amicrocode	: 0x1\u000acpu MHz		: 2500.010\u000acache size	: 36608 KB\u000aphysical id	: 0\u000asiblings	: 2\u000acore id		: 1\u000acpu cores	: 2\u000aapicid		: 1\u000ainitial apicid	: 1\u000afpu		: yes\u000afpu_exception	: yes\u000acpuid level	: 13\u000awp		: yes\u000aflags		: fpu vme de pse tsc msr pae mce cx8 apic sep mtrr pge mca cmov pat pse36 clflush mmx fxsr sse sse2 ht syscall nx rdtscp lm constant_tsc rep_good nopl xtopology nonstop_tsc cpuid tsc_known_freq pni pclmulqdq ssse3 fma cx16 pcid sse4_1 sse4_2 x2apic movbe popcnt tsc_deadline_timer aes xsave avx f16c rdrand hypervisor lahf_lm abm cpuid_fault invpcid_single ssbd ibrs ibpb stibp ibrs_enhanced fsgsbase tsc_adjust bmi1 avx2 smep bmi2 erms invpcid smap xsaveopt arat md_clear arch_capabilities\u000abugs		: spectre_v1 spectre_v2 spec_store_bypass swapgs\u000abogomips	: 5000.02\u000aclflush size	: 64\u000acache_alignment	: 64\u000aaddress sizes	: 46 bits physical, 48 bits virtual\u000apower management:\u000a\u000a
p309
sV/proc/meminfo
p310
VMemTotal:        1717184 kB\u000aMemFree:         1122564 kB\u000aMemAvailable:    1485936 kB\u000aBuffers:           14496 kB\u000aCached:           463080 kB\u000aSwapCached:            0 kB\u000aActive:            92976 kB\u000aInactive:         445836 kB\u000aActive(anon):      61112 kB\u000aInactive(anon):      216 kB\u000aActive(file):      31864 kB\u000aInactive(file):   445620 kB\u000aUnevictable:           0 kB\u000aMlocked:               0 kB\u000aSwapTotal:             0 kB\u000aSwapFree:              0 kB\u000aDirty:               144 kB\u000aWriteback:             0 kB\u000aAnonPages:         61224 kB\u000aMapped:            34136 kB\u000aShmem:               220 kB\u000aSlab:              42804 kB\u000aSReclaimable:      32792 kB\u000aSUnreclaim:        10012 kB\u000aKernelStack:        1248 kB\u000aPageTables:         1336 kB\u000aNFS_Unstable:          0 kB\u000aBounce:                0 kB\u000aWritebackTmp:          0 kB\u000aCommitLimit:      858592 kB\u000aCommitted_AS:     251736 kB\u000aVmallocTotal:   34359738367 kB\u000aVmallocUsed:           0 kB\u000aVmallocChunk:          0 kB\u000aAnonHugePages:         0 kB\u000aShmemHugePages:        0 kB\u000aShmemPmdMapped:        0 kB\u000aHugePages_Total:       0\u000aHugePages_Free:        0\u000aHugePages_Rsvd:        0\u000aHugePages_Surp:        0\u000aHugepagesize:       2048 kB\u000aDirectMap4k:       19456 kB\u000aDirectMap2M:     1742848 kB\u000a
p311
ssVstatus_key
p312
Vpywren.jobs/52d23a98-987c-4668-9b14-4ac3d133739f/00006/status.json
p313
sVend_time
p314
F1609060430.1995499
sVlog_group_name
p315
V/aws/lambda/pywren_redis_2
p316
sVdata_key
p317
Vpywren.jobs/52d23a98-987c-4668-9b14-4ac3d133739f/aggdata.pickle
p318
sa(dp319
Vcallset_id
p320
V52d23a98-987c-4668-9b14-4ac3d133739f
p321
sVlog_stream_name
p322
V2020/12/27/[$LATEST]66d39560af6d4dd49a46d7f4137ef8db
p323
sVstdout
p324
V
sVfunc_key
p325
Vpywren.jobs/52d23a98-987c-4668-9b14-4ac3d133739f/func.pickle
p326
sVfree_disk_bytes
p327
I538333184
sVruntime_cached
p328
I00
sVretcode
p329
I0
sVcall_id
p330
V00007
p331
sVoutput_key
p332
Vpywren.jobs/52d23a98-987c-4668-9b14-4ac3d133739f/00007/output.pickle
p333
sVruntime_s3_key_used
p334
V85df1b-pywren.runtimes/default_2.7.tar.gz.0066
p335
sVaws_request_id
p336
V016e9026-fade-4e38-bd9f-2aa27fc3a9e7
p337
sVexec_time
p338
F82.421065092086792
sVstart_time
p339
F1609060340.3401611
sVsetup_time
p340
F8.2173378467559814
sVruntime_s3_bucket_used
p341
Vpywren-runtimes-public-us-west-2
p342
sVexception
p343
NsVhost_submit_time
p344
F1609060339.5261099
sVserver_info
p345
(dp346
Vuname
p347
V('Linux', '169.254.6.253', '4.14.203-112.332.amzn2.x86_64', '#1 SMP Wed Nov 4 20:46:34 UTC 2020', 'x86_64', 'x86_64')
p348
sV/proc/self/cgroup
p349
VMemTotal:        1717184 kB\u000aMemFree:         1122552 kB\u000aMemAvailable:    1486152 kB\u000aBuffers:           15008 kB\u000aCached:           462968 kB\u000aSwapCached:            0 kB\u000aActive:            92844 kB\u000aInactive:         446732 kB\u000aActive(anon):      61592 kB\u000aInactive(anon):      216 kB\u000aActive(file):      31252 kB\u000aInactive(file):   446516 kB\u000aUnevictable:           0 kB\u000aMlocked:               0 kB\u000aSwapTotal:             0 kB\u000aSwapFree:              0 kB\u000aDirty:                12 kB\u000aWriteback:             0 kB\u000aAnonPages:         61588 kB\u000aMapped:            34176 kB\u000aShmem:               220 kB\u000aSlab:              42632 kB\u000aSReclaimable:      32676 kB\u000aSUnreclaim:         9956 kB\u000aKernelStack:        1152 kB\u000aPageTables:         1324 kB\u000aNFS_Unstable:          0 kB\u000aBounce:                0 kB\u000aWritebackTmp:          0 kB\u000aCommitLimit:      858592 kB\u000aCommitted_AS:     253292 kB\u000aVmallocTotal:   34359738367 kB\u000aVmallocUsed:           0 kB\u000aVmallocChunk:          0 kB\u000aAnonHugePages:         0 kB\u000aShmemHugePages:        0 kB\u000aShmemPmdMapped:        0 kB\u000aHugePages_Total:       0\u000aHugePages_Free:        0\u000aHugePages_Rsvd:        0\u000aHugePages_Surp:        0\u000aHugepagesize:       2048 kB\u000aDirectMap4k:       21504 kB\u000aDirectMap2M:     1740800 kB\u000a
p350
sV/proc/cgroups
p351
V#subsys_name	hierarchy	num_cgroups	enabled\u000acpuset	11	1	1\u000acpu	3	5	1\u000acpuacct	3	5	1\u000ablkio	7	1	1\u000amemory	8	5	1\u000adevices	10	1	1\u000afreezer	5	2	1\u000anet_cls	2	1	1\u000aperf_event	6	1	1\u000anet_prio	2	1	1\u000ahugetlb	4	1	1\u000apids	9	1	1\u000a
p352
sV/proc/cpuinfo
p353
Vprocessor	: 0\u000avendor_id	: GenuineIntel\u000acpu family	: 6\u000amodel		: 63\u000amodel name	: Intel(R) Xeon(R) Processor @ 2.50GHz\u000astepping	: 2\u000amicrocode	: 0x1\u000acpu MHz		: 2500.004\u000acache size	: 33792 KB\u000aphysical id	: 0\u000asiblings	: 2\u000acore id		: 0\u000acpu cores	: 2\u000aapicid		: 0\u000ainitial apicid	: 0\u000afpu		: yes\u000afpu_exception	: yes\u000acpuid level	: 13\u000awp		: yes\u000aflags		: fpu vme de pse tsc msr pae mce cx8 apic sep mtrr pge mca cmov pat pse36 clflush mmx fxsr sse sse2 ht syscall nx rdtscp lm constant_tsc rep_good nopl xtopology nonstop_tsc cpuid tsc_known_freq pni pclmulqdq ssse3 fma cx16 pcid sse4_1 sse4_2 x2apic movbe popcnt tsc_deadline_timer aes xsave avx f16c rdrand hypervisor lahf_lm abm cpuid_fault invpcid_single pti ssbd ibrs ibpb stibp fsgsbase tsc_adjust bmi1 avx2 smep bmi2 erms invpcid smap xsaveopt arat md_clear arch_capabilities\u000abugs		: cpu_meltdown spectre_v1 spectre_v2 spec_store_bypass l1tf mds swapgs\u000abogomips	: 5000.00\u000aclflush size	: 64\u000acache_alignment	: 64\u000aaddress sizes	: 46 bits physical, 48 bits virtual\u000apower management:\u000a\u000aprocessor	: 1\u000avendor_id	: GenuineIntel\u000acpu family	: 6\u000amodel		: 63\u000amodel name	: Intel(R) Xeon(R) Processor @ 2.50GHz\u000astepping	: 2\u000amicrocode	: 0x1\u000acpu MHz		: 2500.004\u000acache size	: 33792 KB\u000aphysical id	: 0\u000asiblings	: 2\u000acore id		: 1\u000acpu cores	: 2\u000aapicid		: 1\u000ainitial apicid	: 1\u000afpu		: yes\u000afpu_exception	: yes\u000acpuid level	: 13\u000awp		: yes\u000aflags		: fpu vme de pse tsc msr pae mce cx8 apic sep mtrr pge mca cmov pat pse36 clflush mmx fxsr sse sse2 ht syscall nx rdtscp lm constant_tsc rep_good nopl xtopology nonstop_tsc cpuid tsc_known_freq pni pclmulqdq ssse3 fma cx16 pcid sse4_1 sse4_2 x2apic movbe popcnt tsc_deadline_timer aes xsave avx f16c rdrand hypervisor lahf_lm abm cpuid_fault invpcid_single pti ssbd ibrs ibpb stibp fsgsbase tsc_adjust bmi1 avx2 smep bmi2 erms invpcid smap xsaveopt arat md_clear arch_capabilities\u000abugs		: cpu_meltdown spectre_v1 spectre_v2 spec_store_bypass l1tf mds swapgs\u000abogomips	: 5000.00\u000aclflush size	: 64\u000acache_alignment	: 64\u000aaddress sizes	: 46 bits physical, 48 bits virtual\u000apower management:\u000a\u000a
p354
sV/proc/meminfo
p355
VMemTotal:        1717184 kB\u000aMemFree:         1122552 kB\u000aMemAvailable:    1486152 kB\u000aBuffers:           15008 kB\u000aCached:           462968 kB\u000aSwapCached:            0 kB\u000aActive:            92844 kB\u000aInactive:         446732 kB\u000aActive(anon):      61592 kB\u000aInactive(anon):      216 kB\u000aActive(file):      31252 kB\u000aInactive(file):   446516 kB\u000aUnevictable:           0 kB\u000aMlocked:               0 kB\u000aSwapTotal:             0 kB\u000aSwapFree:              0 kB\u000aDirty:                12 kB\u000aWriteback:             0 kB\u000aAnonPages:         61588 kB\u000aMapped:            34176 kB\u000aShmem:               220 kB\u000aSlab:              42632 kB\u000aSReclaimable:      32676 kB\u000aSUnreclaim:         9956 kB\u000aKernelStack:        1152 kB\u000aPageTables:         1324 kB\u000aNFS_Unstable:          0 kB\u000aBounce:                0 kB\u000aWritebackTmp:          0 kB\u000aCommitLimit:      858592 kB\u000aCommitted_AS:     253292 kB\u000aVmallocTotal:   34359738367 kB\u000aVmallocUsed:           0 kB\u000aVmallocChunk:          0 kB\u000aAnonHugePages:         0 kB\u000aShmemHugePages:        0 kB\u000aShmemPmdMapped:        0 kB\u000aHugePages_Total:       0\u000aHugePages_Free:        0\u000aHugePages_Rsvd:        0\u000aHugePages_Surp:        0\u000aHugepagesize:       2048 kB\u000aDirectMap4k:       21504 kB\u000aDirectMap2M:     1740800 kB\u000a
p356
ssVstatus_key
p357
Vpywren.jobs/52d23a98-987c-4668-9b14-4ac3d133739f/00007/status.json
p358
sVend_time
p359
F1609060430.9785581
sVlog_group_name
p360
V/aws/lambda/pywren_redis_2
p361
sVdata_key
p362
Vpywren.jobs/52d23a98-987c-4668-9b14-4ac3d133739f/aggdata.pickle
p363
sa(dp364
Vcallset_id
p365
V52d23a98-987c-4668-9b14-4ac3d133739f
p366
sVlog_stream_name
p367
V2020/12/27/[$LATEST]e9b9fc2c6ba549d4a06c1728cb4c6a77
p368
sVstdout
p369
V
sVfunc_key
p370
Vpywren.jobs/52d23a98-987c-4668-9b14-4ac3d133739f/func.pickle
p371
sVfree_disk_bytes
p372
I538333184
sVruntime_cached
p373
I00
sVretcode
p374
I0
sVcall_id
p375
V00008
p376
sVoutput_key
p377
Vpywren.jobs/52d23a98-987c-4668-9b14-4ac3d133739f/00008/output.pickle
p378
sVruntime_s3_key_used
p379
V5020c8-pywren.runtimes/default_2.7.tar.gz.0027
p380
sVaws_request_id
p381
Vbd0aa000-b553-4311-9360-ff79418db791
p382
sVexec_time
p383
F82.400466918945312
sVstart_time
p384
F1609060340.2840221
sVsetup_time
p385
F7.1384909152984619
sVruntime_s3_bucket_used
p386
Vpywren-runtimes-public-us-west-2
p387
sVexception
p388
NsVhost_submit_time
p389
F1609060339.5180609
sVserver_info
p390
(dp391
Vuname
p392
V('Linux', '169.254.81.173', '4.14.203-112.332.amzn2.x86_64', '#1 SMP Wed Nov 4 20:46:34 UTC 2020', 'x86_64', 'x86_64')
p393
sV/proc/self/cgroup
p394
VMemTotal:        1717184 kB\u000aMemFree:         1119108 kB\u000aMemAvailable:    1486480 kB\u000aBuffers:           17652 kB\u000aCached:           463912 kB\u000aSwapCached:            0 kB\u000aActive:            95400 kB\u000aInactive:         447364 kB\u000aActive(anon):      61112 kB\u000aInactive(anon):      216 kB\u000aActive(file):      34288 kB\u000aInactive(file):   447148 kB\u000aUnevictable:           0 kB\u000aMlocked:               0 kB\u000aSwapTotal:             0 kB\u000aSwapFree:              0 kB\u000aDirty:                12 kB\u000aWriteback:             0 kB\u000aAnonPages:         61188 kB\u000aMapped:            35060 kB\u000aShmem:               220 kB\u000aSlab:              42912 kB\u000aSReclaimable:      32884 kB\u000aSUnreclaim:        10028 kB\u000aKernelStack:        1152 kB\u000aPageTables:         1320 kB\u000aNFS_Unstable:          0 kB\u000aBounce:                0 kB\u000aWritebackTmp:          0 kB\u000aCommitLimit:      858592 kB\u000aCommitted_AS:     252652 kB\u000aVmallocTotal:   34359738367 kB\u000aVmallocUsed:           0 kB\u000aVmallocChunk:          0 kB\u000aAnonHugePages:         0 kB\u000aShmemHugePages:        0 kB\u000aShmemPmdMapped:        0 kB\u000aHugePages_Total:       0\u000aHugePages_Free:        0\u000aHugePages_Rsvd:        0\u000aHugePages_Surp:        0\u000aHugepagesize:       2048 kB\u000aDirectMap4k:       21504 kB\u000aDirectMap2M:     1740800 kB\u000a
p395
sV/proc/cgroups
p396
V#subsys_name	hierarchy	num_cgroups	enabled\u000acpuset	2	1	1\u000acpu	8	5	1\u000acpuacct	8	5	1\u000ablkio	6	1	1\u000amemory	4	5	1\u000adevices	11	1	1\u000afreezer	7	2	1\u000anet_cls	9	1	1\u000aperf_event	10	1	1\u000anet_prio	9	1	1\u000ahugetlb	5	1	1\u000apids	3	1	1\u000a
p397
sV/proc/cpuinfo
p398
Vprocessor	: 0\u000avendor_id	: GenuineIntel\u000acpu family	: 6\u000amodel		: 63\u000amodel name	: Intel(R) Xeon(R) Processor @ 2.50GHz\u000astepping	: 2\u000amicrocode	: 0x1\u000acpu MHz		: 2500.010\u000acache size	: 33792 KB\u000aphysical id	: 0\u000asiblings	: 2\u000acore id		: 0\u000acpu cores	: 2\u000aapicid		: 0\u000ainitial apicid	: 0\u000afpu		: yes\u000afpu_exception	: yes\u000acpuid level	: 13\u000awp		: yes\u000aflags		: fpu vme de pse tsc msr pae mce cx8 apic sep mtrr pge mca cmov pat pse36 clflush mmx fxsr sse sse2 ht syscall nx rdtscp lm constant_tsc rep_good nopl xtopology nonstop_tsc cpuid tsc_known_freq pni pclmulqdq ssse3 fma cx16 pcid sse4_1 sse4_2 x2apic movbe popcnt tsc_deadline_timer aes xsave avx f16c rdrand hypervisor lahf_lm abm cpuid_fault invpcid_single pti ssbd ibrs ibpb stibp fsgsbase tsc_adjust bmi1 avx2 smep bmi2 erms invpcid smap xsaveopt arat md_clear arch_capabilities\u000abugs		: cpu_meltdown spectre_v1 spectre_v2 spec_store_bypass l1tf mds swapgs\u000abogomips	: 5000.02\u000aclflush size	: 64\u000acache_alignment	: 64\u000aaddress sizes	: 46 bits physical, 48 bits virtual\u000apower management:\u000a\u000aprocessor	: 1\u000avendor_id	: GenuineIntel\u000acpu family	: 6\u000amodel		: 63\u000amodel name	: Intel(R) Xeon(R) Processor @ 2.50GHz\u000astepping	: 2\u000amicrocode	: 0x1\u000acpu MHz		: 2500.010\u000acache size	: 33792 KB\u000aphysical id	: 0\u000asiblings	: 2\u000acore id		: 1\u000acpu cores	: 2\u000aapicid		: 1\u000ainitial apicid	: 1\u000afpu		: yes\u000afpu_exception	: yes\u000acpuid level	: 13\u000awp		: yes\u000aflags		: fpu vme de pse tsc msr pae mce cx8 apic sep mtrr pge mca cmov pat pse36 clflush mmx fxsr sse sse2 ht syscall nx rdtscp lm constant_tsc rep_good nopl xtopology nonstop_tsc cpuid tsc_known_freq pni pclmulqdq ssse3 fma cx16 pcid sse4_1 sse4_2 x2apic movbe popcnt tsc_deadline_timer aes xsave avx f16c rdrand hypervisor lahf_lm abm cpuid_fault invpcid_single pti ssbd ibrs ibpb stibp fsgsbase tsc_adjust bmi1 avx2 smep bmi2 erms invpcid smap xsaveopt arat md_clear arch_capabilities\u000abugs		: cpu_meltdown spectre_v1 spectre_v2 spec_store_bypass l1tf mds swapgs\u000abogomips	: 5000.02\u000aclflush size	: 64\u000acache_alignment	: 64\u000aaddress sizes	: 46 bits physical, 48 bits virtual\u000apower management:\u000a\u000a
p399
sV/proc/meminfo
p400
VMemTotal:        1717184 kB\u000aMemFree:         1119108 kB\u000aMemAvailable:    1486480 kB\u000aBuffers:           17652 kB\u000aCached:           463912 kB\u000aSwapCached:            0 kB\u000aActive:            95400 kB\u000aInactive:         447364 kB\u000aActive(anon):      61112 kB\u000aInactive(anon):      216 kB\u000aActive(file):      34288 kB\u000aInactive(file):   447148 kB\u000aUnevictable:           0 kB\u000aMlocked:               0 kB\u000aSwapTotal:             0 kB\u000aSwapFree:              0 kB\u000aDirty:                12 kB\u000aWriteback:             0 kB\u000aAnonPages:         61188 kB\u000aMapped:            35060 kB\u000aShmem:               220 kB\u000aSlab:              42912 kB\u000aSReclaimable:      32884 kB\u000aSUnreclaim:        10028 kB\u000aKernelStack:        1152 kB\u000aPageTables:         1320 kB\u000aNFS_Unstable:          0 kB\u000aBounce:                0 kB\u000aWritebackTmp:          0 kB\u000aCommitLimit:      858592 kB\u000aCommitted_AS:     252652 kB\u000aVmallocTotal:   34359738367 kB\u000aVmallocUsed:           0 kB\u000aVmallocChunk:          0 kB\u000aAnonHugePages:         0 kB\u000aShmemHugePages:        0 kB\u000aShmemPmdMapped:        0 kB\u000aHugePages_Total:       0\u000aHugePages_Free:        0\u000aHugePages_Rsvd:        0\u000aHugePages_Surp:        0\u000aHugepagesize:       2048 kB\u000aDirectMap4k:       21504 kB\u000aDirectMap2M:     1740800 kB\u000a
p401
ssVstatus_key
p402
Vpywren.jobs/52d23a98-987c-4668-9b14-4ac3d133739f/00008/status.json
p403
sVend_time
p404
F1609060429.822973
sVlog_group_name
p405
V/aws/lambda/pywren_redis_2
p406
sVdata_key
p407
Vpywren.jobs/52d23a98-987c-4668-9b14-4ac3d133739f/aggdata.pickle
p408
sa(dp409
Vcallset_id
p410
V52d23a98-987c-4668-9b14-4ac3d133739f
p411
sVlog_stream_name
p412
V2020/12/27/[$LATEST]c6d691ce938440fd8c981e6b1f855a86
p413
sVstdout
p414
V
sVfunc_key
p415
Vpywren.jobs/52d23a98-987c-4668-9b14-4ac3d133739f/func.pickle
p416
sVfree_disk_bytes
p417
I538333184
sVruntime_cached
p418
I00
sVretcode
p419
I0
sVcall_id
p420
V00009
p421
sVoutput_key
p422
Vpywren.jobs/52d23a98-987c-4668-9b14-4ac3d133739f/00009/output.pickle
p423
sVruntime_s3_key_used
p424
V5a8066-pywren.runtimes/default_2.7.tar.gz.0059
p425
sVaws_request_id
p426
V81ab9549-0230-461a-a3c8-5e4efc21f0a4
p427
sVexec_time
p428
F82.490059852600098
sVstart_time
p429
F1609060340.236846
sVsetup_time
p430
F7.1212201118469238
sVruntime_s3_bucket_used
p431
Vpywren-runtimes-public-us-west-2
p432
sVexception
p433
NsVhost_submit_time
p434
F1609060339.5342
sVserver_info
p435
(dp436
Vuname
p437
V('Linux', '169.254.203.53', '4.14.203-112.332.amzn2.x86_64', '#1 SMP Wed Nov 4 20:46:34 UTC 2020', 'x86_64', 'x86_64')
p438
sV/proc/self/cgroup
p439
VMemTotal:        1717184 kB\u000aMemFree:         1123232 kB\u000aMemAvailable:    1485588 kB\u000aBuffers:           16484 kB\u000aCached:           460224 kB\u000aSwapCached:            0 kB\u000aActive:            93300 kB\u000aInactive:         444524 kB\u000aActive(anon):      61112 kB\u000aInactive(anon):      212 kB\u000aActive(file):      32188 kB\u000aInactive(file):   444312 kB\u000aUnevictable:           0 kB\u000aMlocked:               0 kB\u000aSwapTotal:             0 kB\u000aSwapFree:              0 kB\u000aDirty:               220 kB\u000aWriteback:             0 kB\u000aAnonPages:         61076 kB\u000aMapped:            35044 kB\u000aShmem:               220 kB\u000aSlab:              43084 kB\u000aSReclaimable:      32728 kB\u000aSUnreclaim:        10356 kB\u000aKernelStack:        1152 kB\u000aPageTables:         1404 kB\u000aNFS_Unstable:          0 kB\u000aBounce:                0 kB\u000aWritebackTmp:          0 kB\u000aCommitLimit:      858592 kB\u000aCommitted_AS:     253540 kB\u000aVmallocTotal:   34359738367 kB\u000aVmallocUsed:           0 kB\u000aVmallocChunk:          0 kB\u000aAnonHugePages:         0 kB\u000aShmemHugePages:        0 kB\u000aShmemPmdMapped:        0 kB\u000aHugePages_Total:       0\u000aHugePages_Free:        0\u000aHugePages_Rsvd:        0\u000aHugePages_Surp:        0\u000aHugepagesize:       2048 kB\u000aDirectMap4k:       23552 kB\u000aDirectMap2M:     1738752 kB\u000a
p440
sV/proc/cgroups
p441
V#subsys_name	hierarchy	num_cgroups	enabled\u000acpuset	7	1	1\u000acpu	6	5	1\u000acpuacct	6	5	1\u000ablkio	11	1	1\u000amemory	10	5	1\u000adevices	4	1	1\u000afreezer	9	2	1\u000anet_cls	3	1	1\u000aperf_event	5	1	1\u000anet_prio	3	1	1\u000ahugetlb	2	1	1\u000apids	8	1	1\u000a
p442
sV/proc/cpuinfo
p443
Vprocessor	: 0\u000avendor_id	: GenuineIntel\u000acpu family	: 6\u000amodel		: 63\u000amodel name	: Intel(R) Xeon(R) Processor @ 2.50GHz\u000astepping	: 2\u000amicrocode	: 0x1\u000acpu MHz		: 2500.012\u000acache size	: 36608 KB\u000aphysical id	: 0\u000asiblings	: 2\u000acore id		: 0\u000acpu cores	: 2\u000aapicid		: 0\u000ainitial apicid	: 0\u000afpu		: yes\u000afpu_exception	: yes\u000acpuid level	: 13\u000awp		: yes\u000aflags		: fpu vme de pse tsc msr pae mce cx8 apic sep mtrr pge mca cmov pat pse36 clflush mmx fxsr sse sse2 ht syscall nx rdtscp lm constant_tsc rep_good nopl xtopology nonstop_tsc cpuid tsc_known_freq pni pclmulqdq ssse3 fma cx16 pcid sse4_1 sse4_2 x2apic movbe popcnt tsc_deadline_timer aes xsave avx f16c rdrand hypervisor lahf_lm abm cpuid_fault invpcid_single ssbd ibrs ibpb stibp ibrs_enhanced fsgsbase tsc_adjust bmi1 avx2 smep bmi2 erms invpcid smap xsaveopt arat md_clear arch_capabilities\u000abugs		: spectre_v1 spectre_v2 spec_store_bypass swapgs\u000abogomips	: 5000.02\u000aclflush size	: 64\u000acache_alignment	: 64\u000aaddress sizes	: 46 bits physical, 48 bits virtual\u000apower management:\u000a\u000aprocessor	: 1\u000avendor_id	: GenuineIntel\u000acpu family	: 6\u000amodel		: 63\u000amodel name	: Intel(R) Xeon(R) Processor @ 2.50GHz\u000astepping	: 2\u000amicrocode	: 0x1\u000acpu MHz		: 2500.012\u000acache size	: 36608 KB\u000aphysical id	: 0\u000asiblings	: 2\u000acore id		: 1\u000acpu cores	: 2\u000aapicid		: 1\u000ainitial apicid	: 1\u000afpu		: yes\u000afpu_exception	: yes\u000acpuid level	: 13\u000awp		: yes\u000aflags		: fpu vme de pse tsc msr pae mce cx8 apic sep mtrr pge mca cmov pat pse36 clflush mmx fxsr sse sse2 ht syscall nx rdtscp lm constant_tsc rep_good nopl xtopology nonstop_tsc cpuid tsc_known_freq pni pclmulqdq ssse3 fma cx16 pcid sse4_1 sse4_2 x2apic movbe popcnt tsc_deadline_timer aes xsave avx f16c rdrand hypervisor lahf_lm abm cpuid_fault invpcid_single ssbd ibrs ibpb stibp ibrs_enhanced fsgsbase tsc_adjust bmi1 avx2 smep bmi2 erms invpcid smap xsaveopt arat md_clear arch_capabilities\u000abugs		: spectre_v1 spectre_v2 spec_store_bypass swapgs\u000abogomips	: 5000.02\u000aclflush size	: 64\u000acache_alignment	: 64\u000aaddress sizes	: 46 bits physical, 48 bits virtual\u000apower management:\u000a\u000a
p444
sV/proc/meminfo
p445
VMemTotal:        1717184 kB\u000aMemFree:         1123232 kB\u000aMemAvailable:    1485588 kB\u000aBuffers:           16484 kB\u000aCached:           460224 kB\u000aSwapCached:            0 kB\u000aActive:            93300 kB\u000aInactive:         444524 kB\u000aActive(anon):      61112 kB\u000aInactive(anon):      212 kB\u000aActive(file):      32188 kB\u000aInactive(file):   444312 kB\u000aUnevictable:           0 kB\u000aMlocked:               0 kB\u000aSwapTotal:             0 kB\u000aSwapFree:              0 kB\u000aDirty:               220 kB\u000aWriteback:             0 kB\u000aAnonPages:         61076 kB\u000aMapped:            35044 kB\u000aShmem:               220 kB\u000aSlab:              43084 kB\u000aSReclaimable:      32728 kB\u000aSUnreclaim:        10356 kB\u000aKernelStack:        1152 kB\u000aPageTables:         1404 kB\u000aNFS_Unstable:          0 kB\u000aBounce:                0 kB\u000aWritebackTmp:          0 kB\u000aCommitLimit:      858592 kB\u000aCommitted_AS:     253540 kB\u000aVmallocTotal:   34359738367 kB\u000aVmallocUsed:           0 kB\u000aVmallocChunk:          0 kB\u000aAnonHugePages:         0 kB\u000aShmemHugePages:        0 kB\u000aShmemPmdMapped:        0 kB\u000aHugePages_Total:       0\u000aHugePages_Free:        0\u000aHugePages_Rsvd:        0\u000aHugePages_Surp:        0\u000aHugepagesize:       2048 kB\u000aDirectMap4k:       23552 kB\u000aDirectMap2M:     1738752 kB\u000a
p446
ssVstatus_key
p447
Vpywren.jobs/52d23a98-987c-4668-9b14-4ac3d133739f/00009/status.json
p448
sVend_time
p449
F1609060429.84812
sVlog_group_name
p450
V/aws/lambda/pywren_redis_2
p451
sVdata_key
p452
Vpywren.jobs/52d23a98-987c-4668-9b14-4ac3d133739f/aggdata.pickle
p453
sa(dp454
Vcallset_id
p455
V52d23a98-987c-4668-9b14-4ac3d133739f
p456
sVlog_stream_name
p457
V2020/12/27/[$LATEST]13c29d465d0442b9878b08a557904d6a
p458
sVstdout
p459
V
sVfunc_key
p460
Vpywren.jobs/52d23a98-987c-4668-9b14-4ac3d133739f/func.pickle
p461
sVfree_disk_bytes
p462
I538333184
sVruntime_cached
p463
I00
sVretcode
p464
I0
sVcall_id
p465
V00010
p466
sVoutput_key
p467
Vpywren.jobs/52d23a98-987c-4668-9b14-4ac3d133739f/00010/output.pickle
p468
sVruntime_s3_key_used
p469
V1194bd-pywren.runtimes/default_2.7.tar.gz.0000
p470
sVaws_request_id
p471
V476f4d31-a6c3-445c-8eb9-806a9ab6e63d
p472
sVexec_time
p473
F82.401942014694214
sVstart_time
p474
F1609060340.322504
sVsetup_time
p475
F7.3119800090789795
sVruntime_s3_bucket_used
p476
Vpywren-runtimes-public-us-west-2
p477
sVexception
p478
NsVhost_submit_time
p479
F1609060339.5454199
sVserver_info
p480
(dp481
Vuname
p482
V('Linux', '169.254.196.141', '4.14.203-112.332.amzn2.x86_64', '#1 SMP Wed Nov 4 20:46:34 UTC 2020', 'x86_64', 'x86_64')
p483
sV/proc/self/cgroup
p484
VMemTotal:        1717184 kB\u000aMemFree:         1119196 kB\u000aMemAvailable:    1485768 kB\u000aBuffers:           17440 kB\u000aCached:           463448 kB\u000aSwapCached:            0 kB\u000aActive:            95512 kB\u000aInactive:         446884 kB\u000aActive(anon):      61480 kB\u000aInactive(anon):      216 kB\u000aActive(file):      34032 kB\u000aInactive(file):   446668 kB\u000aUnevictable:           0 kB\u000aMlocked:               0 kB\u000aSwapTotal:             0 kB\u000aSwapFree:              0 kB\u000aDirty:               228 kB\u000aWriteback:             0 kB\u000aAnonPages:         61500 kB\u000aMapped:            34924 kB\u000aShmem:               220 kB\u000aSlab:              42596 kB\u000aSReclaimable:      32760 kB\u000aSUnreclaim:         9836 kB\u000aKernelStack:        1168 kB\u000aPageTables:         1328 kB\u000aNFS_Unstable:          0 kB\u000aBounce:                0 kB\u000aWritebackTmp:          0 kB\u000aCommitLimit:      858592 kB\u000aCommitted_AS:     253400 kB\u000aVmallocTotal:   34359738367 kB\u000aVmallocUsed:           0 kB\u000aVmallocChunk:          0 kB\u000aAnonHugePages:         0 kB\u000aShmemHugePages:        0 kB\u000aShmemPmdMapped:        0 kB\u000aHugePages_Total:       0\u000aHugePages_Free:        0\u000aHugePages_Rsvd:        0\u000aHugePages_Surp:        0\u000aHugepagesize:       2048 kB\u000aDirectMap4k:       21504 kB\u000aDirectMap2M:     1740800 kB\u000a
p485
sV/proc/cgroups
p486
V#subsys_name	hierarchy	num_cgroups	enabled\u000acpuset	6	1	1\u000acpu	3	5	1\u000acpuacct	3	5	1\u000ablkio	9	1	1\u000amemory	11	5	1\u000adevices	10	1	1\u000afreezer	7	2	1\u000anet_cls	4	1	1\u000aperf_event	5	1	1\u000anet_prio	4	1	1\u000ahugetlb	2	1	1\u000apids	8	1	1\u000a
p487
sV/proc/cpuinfo
p488
Vprocessor	: 0\u000avendor_id	: GenuineIntel\u000acpu family	: 6\u000amodel		: 63\u000amodel name	: Intel(R) Xeon(R) Processor @ 2.50GHz\u000astepping	: 2\u000amicrocode	: 0x1\u000acpu MHz		: 2500.012\u000acache size	: 33792 KB\u000aphysical id	: 0\u000asiblings	: 2\u000acore id		: 0\u000acpu cores	: 2\u000aapicid		: 0\u000ainitial apicid	: 0\u000afpu		: yes\u000afpu_exception	: yes\u000acpuid level	: 13\u000awp		: yes\u000aflags		: fpu vme de pse tsc msr pae mce cx8 apic sep mtrr pge mca cmov pat pse36 clflush mmx fxsr sse sse2 ht syscall nx rdtscp lm constant_tsc rep_good nopl xtopology nonstop_tsc cpuid tsc_known_freq pni pclmulqdq ssse3 fma cx16 pcid sse4_1 sse4_2 x2apic movbe popcnt tsc_deadline_timer aes xsave avx f16c rdrand hypervisor lahf_lm abm cpuid_fault invpcid_single pti ssbd ibrs ibpb stibp fsgsbase tsc_adjust bmi1 avx2 smep bmi2 erms invpcid smap xsaveopt arat md_clear arch_capabilities\u000abugs		: cpu_meltdown spectre_v1 spectre_v2 spec_store_bypass l1tf mds swapgs\u000abogomips	: 5000.02\u000aclflush size	: 64\u000acache_alignment	: 64\u000aaddress sizes	: 46 bits physical, 48 bits virtual\u000apower management:\u000a\u000aprocessor	: 1\u000avendor_id	: GenuineIntel\u000acpu family	: 6\u000amodel		: 63\u000amodel name	: Intel(R) Xeon(R) Processor @ 2.50GHz\u000astepping	: 2\u000amicrocode	: 0x1\u000acpu MHz		: 2500.012\u000acache size	: 33792 KB\u000aphysical id	: 0\u000asiblings	: 2\u000acore id		: 1\u000acpu cores	: 2\u000aapicid		: 1\u000ainitial apicid	: 1\u000afpu		: yes\u000afpu_exception	: yes\u000acpuid level	: 13\u000awp		: yes\u000aflags		: fpu vme de pse tsc msr pae mce cx8 apic sep mtrr pge mca cmov pat pse36 clflush mmx fxsr sse sse2 ht syscall nx rdtscp lm constant_tsc rep_good nopl xtopology nonstop_tsc cpuid tsc_known_freq pni pclmulqdq ssse3 fma cx16 pcid sse4_1 sse4_2 x2apic movbe popcnt tsc_deadline_timer aes xsave avx f16c rdrand hypervisor lahf_lm abm cpuid_fault invpcid_single pti ssbd ibrs ibpb stibp fsgsbase tsc_adjust bmi1 avx2 smep bmi2 erms invpcid smap xsaveopt arat md_clear arch_capabilities\u000abugs		: cpu_meltdown spectre_v1 spectre_v2 spec_store_bypass l1tf mds swapgs\u000abogomips	: 5000.02\u000aclflush size	: 64\u000acache_alignment	: 64\u000aaddress sizes	: 46 bits physical, 48 bits virtual\u000apower management:\u000a\u000a
p489
sV/proc/meminfo
p490
VMemTotal:        1717184 kB\u000aMemFree:         1119196 kB\u000aMemAvailable:    1485768 kB\u000aBuffers:           17440 kB\u000aCached:           463448 kB\u000aSwapCached:            0 kB\u000aActive:            95512 kB\u000aInactive:         446884 kB\u000aActive(anon):      61480 kB\u000aInactive(anon):      216 kB\u000aActive(file):      34032 kB\u000aInactive(file):   446668 kB\u000aUnevictable:           0 kB\u000aMlocked:               0 kB\u000aSwapTotal:             0 kB\u000aSwapFree:              0 kB\u000aDirty:               228 kB\u000aWriteback:             0 kB\u000aAnonPages:         61500 kB\u000aMapped:            34924 kB\u000aShmem:               220 kB\u000aSlab:              42596 kB\u000aSReclaimable:      32760 kB\u000aSUnreclaim:         9836 kB\u000aKernelStack:        1168 kB\u000aPageTables:         1328 kB\u000aNFS_Unstable:          0 kB\u000aBounce:                0 kB\u000aWritebackTmp:          0 kB\u000aCommitLimit:      858592 kB\u000aCommitted_AS:     253400 kB\u000aVmallocTotal:   34359738367 kB\u000aVmallocUsed:           0 kB\u000aVmallocChunk:          0 kB\u000aAnonHugePages:         0 kB\u000aShmemHugePages:        0 kB\u000aShmemPmdMapped:        0 kB\u000aHugePages_Total:       0\u000aHugePages_Free:        0\u000aHugePages_Rsvd:        0\u000aHugePages_Surp:        0\u000aHugepagesize:       2048 kB\u000aDirectMap4k:       21504 kB\u000aDirectMap2M:     1740800 kB\u000a
p491
ssVstatus_key
p492
Vpywren.jobs/52d23a98-987c-4668-9b14-4ac3d133739f/00010/status.json
p493
sVend_time
p494
F1609060430.0364201
sVlog_group_name
p495
V/aws/lambda/pywren_redis_2
p496
sVdata_key
p497
Vpywren.jobs/52d23a98-987c-4668-9b14-4ac3d133739f/aggdata.pickle
p498
sa(dp499
Vcallset_id
p500
V52d23a98-987c-4668-9b14-4ac3d133739f
p501
sVlog_stream_name
p502
V2020/12/27/[$LATEST]c7e878aa77704c54813915f353d6377a
p503
sVstdout
p504
V
sVfunc_key
p505
Vpywren.jobs/52d23a98-987c-4668-9b14-4ac3d133739f/func.pickle
p506
sVfree_disk_bytes
p507
I538333184
sVruntime_cached
p508
I00
sVretcode
p509
I0
sVcall_id
p510
V00011
p511
sVoutput_key
p512
Vpywren.jobs/52d23a98-987c-4668-9b14-4ac3d133739f/00011/output.pickle
p513
sVruntime_s3_key_used
p514
V022b0a-pywren.runtimes/default_2.7.tar.gz.0084
p515
sVaws_request_id
p516
V330210df-e33c-41a0-a418-0e3d81689df9
p517
sVexec_time
p518
F82.477694988250732
sVstart_time
p519
F1609060340.3051889
sVsetup_time
p520
F7.196721076965332
sVruntime_s3_bucket_used
p521
Vpywren-runtimes-public-us-west-2
p522
sVexception
p523
NsVhost_submit_time
p524
F1609060339.5407219
sVserver_info
p525
(dp526
Vuname
p527
V('Linux', '169.254.166.149', '4.14.203-112.332.amzn2.x86_64', '#1 SMP Wed Nov 4 20:46:34 UTC 2020', 'x86_64', 'x86_64')
p528
sV/proc/self/cgroup
p529
VMemTotal:        1717184 kB\u000aMemFree:         1127036 kB\u000aMemAvailable:    1485888 kB\u000aBuffers:           13840 kB\u000aCached:           459364 kB\u000aSwapCached:            0 kB\u000aActive:            91084 kB\u000aInactive:         443612 kB\u000aActive(anon):      61460 kB\u000aInactive(anon):      216 kB\u000aActive(file):      29624 kB\u000aInactive(file):   443396 kB\u000aUnevictable:           0 kB\u000aMlocked:               0 kB\u000aSwapTotal:             0 kB\u000aSwapFree:              0 kB\u000aDirty:                 8 kB\u000aWriteback:             0 kB\u000aAnonPages:         61480 kB\u000aMapped:            34408 kB\u000aShmem:               220 kB\u000aSlab:              42856 kB\u000aSReclaimable:      32680 kB\u000aSUnreclaim:        10176 kB\u000aKernelStack:        1264 kB\u000aPageTables:         1332 kB\u000aNFS_Unstable:          0 kB\u000aBounce:                0 kB\u000aWritebackTmp:          0 kB\u000aCommitLimit:      858592 kB\u000aCommitted_AS:     252920 kB\u000aVmallocTotal:   34359738367 kB\u000aVmallocUsed:           0 kB\u000aVmallocChunk:          0 kB\u000aAnonHugePages:         0 kB\u000aShmemHugePages:        0 kB\u000aShmemPmdMapped:        0 kB\u000aHugePages_Total:       0\u000aHugePages_Free:        0\u000aHugePages_Rsvd:        0\u000aHugePages_Surp:        0\u000aHugepagesize:       2048 kB\u000aDirectMap4k:       21504 kB\u000aDirectMap2M:     1740800 kB\u000a
p530
sV/proc/cgroups
p531
V#subsys_name	hierarchy	num_cgroups	enabled\u000acpuset	9	1	1\u000acpu	2	5	1\u000acpuacct	2	5	1\u000ablkio	4	1	1\u000amemory	6	5	1\u000adevices	8	1	1\u000afreezer	3	2	1\u000anet_cls	7	1	1\u000aperf_event	5	1	1\u000anet_prio	7	1	1\u000ahugetlb	11	1	1\u000apids	10	1	1\u000a
p532
sV/proc/cpuinfo
p533
Vprocessor	: 0\u000avendor_id	: GenuineIntel\u000acpu family	: 6\u000amodel		: 63\u000amodel name	: Intel(R) Xeon(R) Processor @ 2.50GHz\u000astepping	: 2\u000amicrocode	: 0x1\u000acpu MHz		: 2500.008\u000acache size	: 36608 KB\u000aphysical id	: 0\u000asiblings	: 2\u000acore id		: 0\u000acpu cores	: 2\u000aapicid		: 0\u000ainitial apicid	: 0\u000afpu		: yes\u000afpu_exception	: yes\u000acpuid level	: 13\u000awp		: yes\u000aflags		: fpu vme de pse tsc msr pae mce cx8 apic sep mtrr pge mca cmov pat pse36 clflush mmx fxsr sse sse2 ht syscall nx rdtscp lm constant_tsc rep_good nopl xtopology nonstop_tsc cpuid tsc_known_freq pni pclmulqdq ssse3 fma cx16 pcid sse4_1 sse4_2 x2apic movbe popcnt tsc_deadline_timer aes xsave avx f16c rdrand hypervisor lahf_lm abm cpuid_fault invpcid_single ssbd ibrs ibpb stibp ibrs_enhanced fsgsbase tsc_adjust bmi1 avx2 smep bmi2 erms invpcid smap xsaveopt arat md_clear arch_capabilities\u000abugs		: spectre_v1 spectre_v2 spec_store_bypass swapgs\u000abogomips	: 5000.01\u000aclflush size	: 64\u000acache_alignment	: 64\u000aaddress sizes	: 46 bits physical, 48 bits virtual\u000apower management:\u000a\u000aprocessor	: 1\u000avendor_id	: GenuineIntel\u000acpu family	: 6\u000amodel		: 63\u000amodel name	: Intel(R) Xeon(R) Processor @ 2.50GHz\u000astepping	: 2\u000amicrocode	: 0x1\u000acpu MHz		: 2500.008\u000acache size	: 36608 KB\u000aphysical id	: 0\u000asiblings	: 2\u000acore id		: 1\u000acpu cores	: 2\u000aapicid		: 1\u000ainitial apicid	: 1\u000afpu		: yes\u000afpu_exception	: yes\u000acpuid level	: 13\u000awp		: yes\u000aflags		: fpu vme de pse tsc msr pae mce cx8 apic sep mtrr pge mca cmov pat pse36 clflush mmx fxsr sse sse2 ht syscall nx rdtscp lm constant_tsc rep_good nopl xtopology nonstop_tsc cpuid tsc_known_freq pni pclmulqdq ssse3 fma cx16 pcid sse4_1 sse4_2 x2apic movbe popcnt tsc_deadline_timer aes xsave avx f16c rdrand hypervisor lahf_lm abm cpuid_fault invpcid_single ssbd ibrs ibpb stibp ibrs_enhanced fsgsbase tsc_adjust bmi1 avx2 smep bmi2 erms invpcid smap xsaveopt arat md_clear arch_capabilities\u000abugs		: spectre_v1 spectre_v2 spec_store_bypass swapgs\u000abogomips	: 5000.01\u000aclflush size	: 64\u000acache_alignment	: 64\u000aaddress sizes	: 46 bits physical, 48 bits virtual\u000apower management:\u000a\u000a
p534
sV/proc/meminfo
p535
VMemTotal:        1717184 kB\u000aMemFree:         1127036 kB\u000aMemAvailable:    1485888 kB\u000aBuffers:           13840 kB\u000aCached:           459364 kB\u000aSwapCached:            0 kB\u000aActive:            91084 kB\u000aInactive:         443612 kB\u000aActive(anon):      61460 kB\u000aInactive(anon):      216 kB\u000aActive(file):      29624 kB\u000aInactive(file):   443396 kB\u000aUnevictable:           0 kB\u000aMlocked:               0 kB\u000aSwapTotal:             0 kB\u000aSwapFree:              0 kB\u000aDirty:                 8 kB\u000aWriteback:             0 kB\u000aAnonPages:         61480 kB\u000aMapped:            34408 kB\u000aShmem:               220 kB\u000aSlab:              42856 kB\u000aSReclaimable:      32680 kB\u000aSUnreclaim:        10176 kB\u000aKernelStack:        1264 kB\u000aPageTables:         1332 kB\u000aNFS_Unstable:          0 kB\u000aBounce:                0 kB\u000aWritebackTmp:          0 kB\u000aCommitLimit:      858592 kB\u000aCommitted_AS:     252920 kB\u000aVmallocTotal:   34359738367 kB\u000aVmallocUsed:           0 kB\u000aVmallocChunk:          0 kB\u000aAnonHugePages:         0 kB\u000aShmemHugePages:        0 kB\u000aShmemPmdMapped:        0 kB\u000aHugePages_Total:       0\u000aHugePages_Free:        0\u000aHugePages_Rsvd:        0\u000aHugePages_Surp:        0\u000aHugepagesize:       2048 kB\u000aDirectMap4k:       21504 kB\u000aDirectMap2M:     1740800 kB\u000a
p536
ssVstatus_key
p537
Vpywren.jobs/52d23a98-987c-4668-9b14-4ac3d133739f/00011/status.json
p538
sVend_time
p539
F1609060429.979599
sVlog_group_name
p540
V/aws/lambda/pywren_redis_2
p541
sVdata_key
p542
Vpywren.jobs/52d23a98-987c-4668-9b14-4ac3d133739f/aggdata.pickle
p543
sa(dp544
Vcallset_id
p545
V52d23a98-987c-4668-9b14-4ac3d133739f
p546
sVlog_stream_name
p547
V2020/12/27/[$LATEST]994c1ad97c604f8d86991afb7ded10e5
p548
sVstdout
p549
V
sVfunc_key
p550
Vpywren.jobs/52d23a98-987c-4668-9b14-4ac3d133739f/func.pickle
p551
sVfree_disk_bytes
p552
I538333184
sVruntime_cached
p553
I00
sVretcode
p554
I0
sVcall_id
p555
V00012
p556
sVoutput_key
p557
Vpywren.jobs/52d23a98-987c-4668-9b14-4ac3d133739f/00012/output.pickle
p558
sVruntime_s3_key_used
p559
V063896-pywren.runtimes/default_2.7.tar.gz.0042
p560
sVaws_request_id
p561
Vbe060459-cc87-443a-b25f-988189373687
p562
sVexec_time
p563
F82.282960176467896
sVstart_time
p564
F1609060340.250638
sVsetup_time
p565
F7.0430479049682617
sVruntime_s3_bucket_used
p566
Vpywren-runtimes-public-us-west-2
p567
sVexception
p568
NsVhost_submit_time
p569
F1609060339.551415
sVserver_info
p570
(dp571
Vuname
p572
V('Linux', '169.254.1.165', '4.14.203-112.332.amzn2.x86_64', '#1 SMP Wed Nov 4 20:46:34 UTC 2020', 'x86_64', 'x86_64')
p573
sV/proc/self/cgroup
p574
VMemTotal:        1717184 kB\u000aMemFree:         1126896 kB\u000aMemAvailable:    1486424 kB\u000aBuffers:           13924 kB\u000aCached:           459756 kB\u000aSwapCached:            0 kB\u000aActive:            90732 kB\u000aInactive:         444288 kB\u000aActive(anon):      61228 kB\u000aInactive(anon):      216 kB\u000aActive(file):      29504 kB\u000aInactive(file):   444072 kB\u000aUnevictable:           0 kB\u000aMlocked:               0 kB\u000aSwapTotal:             0 kB\u000aSwapFree:              0 kB\u000aDirty:                12 kB\u000aWriteback:             0 kB\u000aAnonPages:         61328 kB\u000aMapped:            34104 kB\u000aShmem:               220 kB\u000aSlab:              42832 kB\u000aSReclaimable:      32920 kB\u000aSUnreclaim:         9912 kB\u000aKernelStack:        1152 kB\u000aPageTables:         1316 kB\u000aNFS_Unstable:          0 kB\u000aBounce:                0 kB\u000aWritebackTmp:          0 kB\u000aCommitLimit:      858592 kB\u000aCommitted_AS:     253504 kB\u000aVmallocTotal:   34359738367 kB\u000aVmallocUsed:           0 kB\u000aVmallocChunk:          0 kB\u000aAnonHugePages:         0 kB\u000aShmemHugePages:        0 kB\u000aShmemPmdMapped:        0 kB\u000aHugePages_Total:       0\u000aHugePages_Free:        0\u000aHugePages_Rsvd:        0\u000aHugePages_Surp:        0\u000aHugepagesize:       2048 kB\u000aDirectMap4k:       21504 kB\u000aDirectMap2M:     1740800 kB\u000a
p575
sV/proc/cgroups
p576
V#subsys_name	hierarchy	num_cgroups	enabled\u000acpuset	9	1	1\u000acpu	4	5	1\u000acpuacct	4	5	1\u000ablkio	11	1	1\u000amemory	7	5	1\u000adevices	10	1	1\u000afreezer	5	2	1\u000anet_cls	6	1	1\u000aperf_event	3	1	1\u000anet_prio	6	1	1\u000ahugetlb	2	1	1\u000apids	8	1	1\u000a
p577
sV/proc/cpuinfo
p578
Vprocessor	: 0\u000avendor_id	: GenuineIntel\u000acpu family	: 6\u000amodel		: 63\u000amodel name	: Intel(R) Xeon(R) Processor @ 2.50GHz\u000astepping	: 2\u000amicrocode	: 0x1\u000acpu MHz		: 2500.010\u000acache size	: 36608 KB\u000aphysical id	: 0\u000asiblings	: 2\u000acore id		: 0\u000acpu cores	: 2\u000aapicid		: 0\u000ainitial apicid	: 0\u000afpu		: yes\u000afpu_exception	: yes\u000acpuid level	: 13\u000awp		: yes\u000aflags		: fpu vme de pse tsc msr pae mce cx8 apic sep mtrr pge mca cmov pat pse36 clflush mmx fxsr sse sse2 ht syscall nx rdtscp lm constant_tsc rep_good nopl xtopology nonstop_tsc cpuid tsc_known_freq pni pclmulqdq ssse3 fma cx16 pcid sse4_1 sse4_2 x2apic movbe popcnt tsc_deadline_timer aes xsave avx f16c rdrand hypervisor lahf_lm abm cpuid_fault invpcid_single ssbd ibrs ibpb stibp ibrs_enhanced fsgsbase tsc_adjust bmi1 avx2 smep bmi2 erms invpcid smap xsaveopt arat md_clear arch_capabilities\u000abugs		: spectre_v1 spectre_v2 spec_store_bypass swapgs\u000abogomips	: 5000.02\u000aclflush size	: 64\u000acache_alignment	: 64\u000aaddress sizes	: 46 bits physical, 48 bits virtual\u000apower management:\u000a\u000aprocessor	: 1\u000avendor_id	: GenuineIntel\u000acpu family	: 6\u000amodel		: 63\u000amodel name	: Intel(R) Xeon(R) Processor @ 2.50GHz\u000astepping	: 2\u000amicrocode	: 0x1\u000acpu MHz		: 2500.010\u000acache size	: 36608 KB\u000aphysical id	: 0\u000asiblings	: 2\u000acore id		: 1\u000acpu cores	: 2\u000aapicid		: 1\u000ainitial apicid	: 1\u000afpu		: yes\u000afpu_exception	: yes\u000acpuid level	: 13\u000awp		: yes\u000aflags		: fpu vme de pse tsc msr pae mce cx8 apic sep mtrr pge mca cmov pat pse36 clflush mmx fxsr sse sse2 ht syscall nx rdtscp lm constant_tsc rep_good nopl xtopology nonstop_tsc cpuid tsc_known_freq pni pclmulqdq ssse3 fma cx16 pcid sse4_1 sse4_2 x2apic movbe popcnt tsc_deadline_timer aes xsave avx f16c rdrand hypervisor lahf_lm abm cpuid_fault invpcid_single ssbd ibrs ibpb stibp ibrs_enhanced fsgsbase tsc_adjust bmi1 avx2 smep bmi2 erms invpcid smap xsaveopt arat md_clear arch_capabilities\u000abugs		: spectre_v1 spectre_v2 spec_store_bypass swapgs\u000abogomips	: 5000.02\u000aclflush size	: 64\u000acache_alignment	: 64\u000aaddress sizes	: 46 bits physical, 48 bits virtual\u000apower management:\u000a\u000a
p579
sV/proc/meminfo
p580
VMemTotal:        1717184 kB\u000aMemFree:         1126896 kB\u000aMemAvailable:    1486424 kB\u000aBuffers:           13924 kB\u000aCached:           459756 kB\u000aSwapCached:            0 kB\u000aActive:            90732 kB\u000aInactive:         444288 kB\u000aActive(anon):      61228 kB\u000aInactive(anon):      216 kB\u000aActive(file):      29504 kB\u000aInactive(file):   444072 kB\u000aUnevictable:           0 kB\u000aMlocked:               0 kB\u000aSwapTotal:             0 kB\u000aSwapFree:              0 kB\u000aDirty:                12 kB\u000aWriteback:             0 kB\u000aAnonPages:         61328 kB\u000aMapped:            34104 kB\u000aShmem:               220 kB\u000aSlab:              42832 kB\u000aSReclaimable:      32920 kB\u000aSUnreclaim:         9912 kB\u000aKernelStack:        1152 kB\u000aPageTables:         1316 kB\u000aNFS_Unstable:          0 kB\u000aBounce:                0 kB\u000aWritebackTmp:          0 kB\u000aCommitLimit:      858592 kB\u000aCommitted_AS:     253504 kB\u000aVmallocTotal:   34359738367 kB\u000aVmallocUsed:           0 kB\u000aVmallocChunk:          0 kB\u000aAnonHugePages:         0 kB\u000aShmemHugePages:        0 kB\u000aShmemPmdMapped:        0 kB\u000aHugePages_Total:       0\u000aHugePages_Free:        0\u000aHugePages_Rsvd:        0\u000aHugePages_Surp:        0\u000aHugepagesize:       2048 kB\u000aDirectMap4k:       21504 kB\u000aDirectMap2M:     1740800 kB\u000a
p581
ssVstatus_key
p582
Vpywren.jobs/52d23a98-987c-4668-9b14-4ac3d133739f/00012/status.json
p583
sVend_time
p584
F1609060429.5766399
sVlog_group_name
p585
V/aws/lambda/pywren_redis_2
p586
sVdata_key
p587
Vpywren.jobs/52d23a98-987c-4668-9b14-4ac3d133739f/aggdata.pickle
p588
sa(dp589
Vcallset_id
p590
V52d23a98-987c-4668-9b14-4ac3d133739f
p591
sVlog_stream_name
p592
V2020/12/27/[$LATEST]8eb3a0e9d2c2400ca27d8f55e90583b9
p593
sVstdout
p594
V
sVfunc_key
p595
Vpywren.jobs/52d23a98-987c-4668-9b14-4ac3d133739f/func.pickle
p596
sVfree_disk_bytes
p597
I538333184
sVruntime_cached
p598
I00
sVretcode
p599
I0
sVcall_id
p600
V00013
p601
sVoutput_key
p602
Vpywren.jobs/52d23a98-987c-4668-9b14-4ac3d133739f/00013/output.pickle
p603
sVruntime_s3_key_used
p604
V4a1b0c-pywren.runtimes/default_2.7.tar.gz.0092
p605
sVaws_request_id
p606
V643e3845-6b05-4ad3-be1c-0f9812a32623
p607
sVexec_time
p608
F82.472808122634888
sVstart_time
p609
F1609060340.3470421
sVsetup_time
p610
F7.0601868629455566
sVruntime_s3_bucket_used
p611
Vpywren-runtimes-public-us-west-2
p612
sVexception
p613
NsVhost_submit_time
p614
F1609060339.565695
sVserver_info
p615
(dp616
Vuname
p617
V('Linux', '169.254.2.109', '4.14.203-112.332.amzn2.x86_64', '#1 SMP Wed Nov 4 20:46:34 UTC 2020', 'x86_64', 'x86_64')
p618
sV/proc/self/cgroup
p619
VMemTotal:        1717184 kB\u000aMemFree:         1123132 kB\u000aMemAvailable:    1486260 kB\u000aBuffers:           14508 kB\u000aCached:           462916 kB\u000aSwapCached:            0 kB\u000aActive:            92068 kB\u000aInactive:         446696 kB\u000aActive(anon):      61188 kB\u000aInactive(anon):      216 kB\u000aActive(file):      30880 kB\u000aInactive(file):   446480 kB\u000aUnevictable:           0 kB\u000aMlocked:               0 kB\u000aSwapTotal:             0 kB\u000aSwapFree:              0 kB\u000aDirty:                72 kB\u000aWriteback:             0 kB\u000aAnonPages:         61336 kB\u000aMapped:            34348 kB\u000aShmem:               220 kB\u000aSlab:              42816 kB\u000aSReclaimable:      32548 kB\u000aSUnreclaim:        10268 kB\u000aKernelStack:        1160 kB\u000aPageTables:         1320 kB\u000aNFS_Unstable:          0 kB\u000aBounce:                0 kB\u000aWritebackTmp:          0 kB\u000aCommitLimit:      858592 kB\u000aCommitted_AS:     251692 kB\u000aVmallocTotal:   34359738367 kB\u000aVmallocUsed:           0 kB\u000aVmallocChunk:          0 kB\u000aAnonHugePages:         0 kB\u000aShmemHugePages:        0 kB\u000aShmemPmdMapped:        0 kB\u000aHugePages_Total:       0\u000aHugePages_Free:        0\u000aHugePages_Rsvd:        0\u000aHugePages_Surp:        0\u000aHugepagesize:       2048 kB\u000aDirectMap4k:       21504 kB\u000aDirectMap2M:     1740800 kB\u000a
p620
sV/proc/cgroups
p621
V#subsys_name	hierarchy	num_cgroups	enabled\u000acpuset	6	1	1\u000acpu	3	5	1\u000acpuacct	3	5	1\u000ablkio	7	1	1\u000amemory	2	5	1\u000adevices	5	1	1\u000afreezer	8	2	1\u000anet_cls	4	1	1\u000aperf_event	11	1	1\u000anet_prio	4	1	1\u000ahugetlb	10	1	1\u000apids	9	1	1\u000a
p622
sV/proc/cpuinfo
p623
Vprocessor	: 0\u000avendor_id	: GenuineIntel\u000acpu family	: 6\u000amodel		: 63\u000amodel name	: Intel(R) Xeon(R) Processor @ 2.50GHz\u000astepping	: 2\u000amicrocode	: 0x1\u000acpu MHz		: 2500.020\u000acache size	: 33792 KB\u000aphysical id	: 0\u000asiblings	: 2\u000acore id		: 0\u000acpu cores	: 2\u000aapicid		: 0\u000ainitial apicid	: 0\u000afpu		: yes\u000afpu_exception	: yes\u000acpuid level	: 13\u000awp		: yes\u000aflags		: fpu vme de pse tsc msr pae mce cx8 apic sep mtrr pge mca cmov pat pse36 clflush mmx fxsr sse sse2 ht syscall nx rdtscp lm constant_tsc rep_good nopl xtopology nonstop_tsc cpuid tsc_known_freq pni pclmulqdq ssse3 fma cx16 pcid sse4_1 sse4_2 x2apic movbe popcnt tsc_deadline_timer aes xsave avx f16c rdrand hypervisor lahf_lm abm cpuid_fault invpcid_single pti ssbd ibrs ibpb stibp fsgsbase tsc_adjust bmi1 avx2 smep bmi2 erms invpcid smap xsaveopt arat md_clear arch_capabilities\u000abugs		: cpu_meltdown spectre_v1 spectre_v2 spec_store_bypass l1tf mds swapgs\u000abogomips	: 5000.04\u000aclflush size	: 64\u000acache_alignment	: 64\u000aaddress sizes	: 46 bits physical, 48 bits virtual\u000apower management:\u000a\u000aprocessor	: 1\u000avendor_id	: GenuineIntel\u000acpu family	: 6\u000amodel		: 63\u000amodel name	: Intel(R) Xeon(R) Processor @ 2.50GHz\u000astepping	: 2\u000amicrocode	: 0x1\u000acpu MHz		: 2500.020\u000acache size	: 33792 KB\u000aphysical id	: 0\u000asiblings	: 2\u000acore id		: 1\u000acpu cores	: 2\u000aapicid		: 1\u000ainitial apicid	: 1\u000afpu		: yes\u000afpu_exception	: yes\u000acpuid level	: 13\u000awp		: yes\u000aflags		: fpu vme de pse tsc msr pae mce cx8 apic sep mtrr pge mca cmov pat pse36 clflush mmx fxsr sse sse2 ht syscall nx rdtscp lm constant_tsc rep_good nopl xtopology nonstop_tsc cpuid tsc_known_freq pni pclmulqdq ssse3 fma cx16 pcid sse4_1 sse4_2 x2apic movbe popcnt tsc_deadline_timer aes xsave avx f16c rdrand hypervisor lahf_lm abm cpuid_fault invpcid_single pti ssbd ibrs ibpb stibp fsgsbase tsc_adjust bmi1 avx2 smep bmi2 erms invpcid smap xsaveopt arat md_clear arch_capabilities\u000abugs		: cpu_meltdown spectre_v1 spectre_v2 spec_store_bypass l1tf mds swapgs\u000abogomips	: 5000.04\u000aclflush size	: 64\u000acache_alignment	: 64\u000aaddress sizes	: 46 bits physical, 48 bits virtual\u000apower management:\u000a\u000a
p624
sV/proc/meminfo
p625
VMemTotal:        1717184 kB\u000aMemFree:         1123132 kB\u000aMemAvailable:    1486260 kB\u000aBuffers:           14508 kB\u000aCached:           462916 kB\u000aSwapCached:            0 kB\u000aActive:            92068 kB\u000aInactive:         446696 kB\u000aActive(anon):      61188 kB\u000aInactive(anon):      216 kB\u000aActive(file):      30880 kB\u000aInactive(file):   446480 kB\u000aUnevictable:           0 kB\u000aMlocked:               0 kB\u000aSwapTotal:             0 kB\u000aSwapFree:              0 kB\u000aDirty:                72 kB\u000aWriteback:             0 kB\u000aAnonPages:         61336 kB\u000aMapped:            34348 kB\u000aShmem:               220 kB\u000aSlab:              42816 kB\u000aSReclaimable:      32548 kB\u000aSUnreclaim:        10268 kB\u000aKernelStack:        1160 kB\u000aPageTables:         1320 kB\u000aNFS_Unstable:          0 kB\u000aBounce:                0 kB\u000aWritebackTmp:          0 kB\u000aCommitLimit:      858592 kB\u000aCommitted_AS:     251692 kB\u000aVmallocTotal:   34359738367 kB\u000aVmallocUsed:           0 kB\u000aVmallocChunk:          0 kB\u000aAnonHugePages:         0 kB\u000aShmemHugePages:        0 kB\u000aShmemPmdMapped:        0 kB\u000aHugePages_Total:       0\u000aHugePages_Free:        0\u000aHugePages_Rsvd:        0\u000aHugePages_Surp:        0\u000aHugepagesize:       2048 kB\u000aDirectMap4k:       21504 kB\u000aDirectMap2M:     1740800 kB\u000a
p626
ssVstatus_key
p627
Vpywren.jobs/52d23a98-987c-4668-9b14-4ac3d133739f/00013/status.json
p628
sVend_time
p629
F1609060429.880022
sVlog_group_name
p630
V/aws/lambda/pywren_redis_2
p631
sVdata_key
p632
Vpywren.jobs/52d23a98-987c-4668-9b14-4ac3d133739f/aggdata.pickle
p633
sa(dp634
Vcallset_id
p635
V52d23a98-987c-4668-9b14-4ac3d133739f
p636
sVlog_stream_name
p637
V2020/12/27/[$LATEST]1b05dd4b517f4ac89e1a1d1926c94f84
p638
sVstdout
p639
V
sVfunc_key
p640
Vpywren.jobs/52d23a98-987c-4668-9b14-4ac3d133739f/func.pickle
p641
sVfree_disk_bytes
p642
I538333184
sVruntime_cached
p643
I00
sVretcode
p644
I0
sVcall_id
p645
V00014
p646
sVoutput_key
p647
Vpywren.jobs/52d23a98-987c-4668-9b14-4ac3d133739f/00014/output.pickle
p648
sVruntime_s3_key_used
p649
V85df1b-pywren.runtimes/default_2.7.tar.gz.0066
p650
sVaws_request_id
p651
V1bec0062-a126-4d00-939a-7cd54d5ede0b
p652
sVexec_time
p653
F82.389001131057739
sVstart_time
p654
F1609060340.3205571
sVsetup_time
p655
F8.2115237712860107
sVruntime_s3_bucket_used
p656
Vpywren-runtimes-public-us-west-2
p657
sVexception
p658
NsVhost_submit_time
p659
F1609060339.5693319
sVserver_info
p660
(dp661
Vuname
p662
V('Linux', '169.254.133.165', '4.14.203-112.332.amzn2.x86_64', '#1 SMP Wed Nov 4 20:46:34 UTC 2020', 'x86_64', 'x86_64')
p663
sV/proc/self/cgroup
p664
VMemTotal:        1717184 kB\u000aMemFree:         1120496 kB\u000aMemAvailable:    1486468 kB\u000aBuffers:           16908 kB\u000aCached:           463332 kB\u000aSwapCached:            0 kB\u000aActive:            94160 kB\u000aInactive:         447192 kB\u000aActive(anon):      61104 kB\u000aInactive(anon):      216 kB\u000aActive(file):      33056 kB\u000aInactive(file):   446976 kB\u000aUnevictable:           0 kB\u000aMlocked:               0 kB\u000aSwapTotal:             0 kB\u000aSwapFree:              0 kB\u000aDirty:               228 kB\u000aWriteback:             0 kB\u000aAnonPages:         61100 kB\u000aMapped:            35124 kB\u000aShmem:               220 kB\u000aSlab:              42756 kB\u000aSReclaimable:      32892 kB\u000aSUnreclaim:         9864 kB\u000aKernelStack:        1168 kB\u000aPageTables:         1316 kB\u000aNFS_Unstable:          0 kB\u000aBounce:                0 kB\u000aWritebackTmp:          0 kB\u000aCommitLimit:      858592 kB\u000aCommitted_AS:     253568 kB\u000aVmallocTotal:   34359738367 kB\u000aVmallocUsed:           0 kB\u000aVmallocChunk:          0 kB\u000aAnonHugePages:         0 kB\u000aShmemHugePages:        0 kB\u000aShmemPmdMapped:        0 kB\u000aHugePages_Total:       0\u000aHugePages_Free:        0\u000aHugePages_Rsvd:        0\u000aHugePages_Surp:        0\u000aHugepagesize:       2048 kB\u000aDirectMap4k:       19456 kB\u000aDirectMap2M:     1742848 kB\u000a
p665
sV/proc/cgroups
p666
V#subsys_name	hierarchy	num_cgroups	enabled\u000acpuset	7	1	1\u000acpu	2	5	1\u000acpuacct	2	5	1\u000ablkio	5	1	1\u000amemory	6	5	1\u000adevices	10	1	1\u000afreezer	11	2	1\u000anet_cls	9	1	1\u000aperf_event	4	1	1\u000anet_prio	9	1	1\u000ahugetlb	8	1	1\u000apids	3	1	1\u000a
p667
sV/proc/cpuinfo
p668
