(dp1
S'run_statuses'
p2
(lp3
(dp4
Vcallset_id
p5
V6b7585b9-7cf1-44ee-9651-633b866334d0
p6
sVlog_stream_name
p7
V2020/12/27/[$LATEST]d5087daa92714deb8823f7155b8ff6c9
p8
sVstdout
p9
V
sVfunc_key
p10
Vpywren.jobs/6b7585b9-7cf1-44ee-9651-633b866334d0/func.pickle
p11
sVfree_disk_bytes
p12
I538333184
sVruntime_cached
p13
I00
sVretcode
p14
I0
sVcall_id
p15
V00000
p16
sVoutput_key
p17
Vpywren.jobs/6b7585b9-7cf1-44ee-9651-633b866334d0/00000/output.pickle
p18
sVruntime_s3_key_used
p19
V3201af-pywren.runtimes/default_2.7.tar.gz.0051
p20
sVaws_request_id
p21
V29af6c7c-be26-4dd5-a2a6-2630a615ca72
p22
sVexec_time
p23
F22.131044149398804
sVstart_time
p24
F1609060400.1210141
sVsetup_time
p25
F7.1574227809906006
sVruntime_s3_bucket_used
p26
Vpywren-runtimes-public-us-west-2
p27
sVexception
p28
NsVhost_submit_time
p29
F1609060399.3339591
sVserver_info
p30
(dp31
Vuname
p32
V('Linux', '169.254.217.69', '4.14.203-112.332.amzn2.x86_64', '#1 SMP Wed Nov 4 20:46:34 UTC 2020', 'x86_64', 'x86_64')
p33
sV/proc/self/cgroup
p34
VMemTotal:        1717184 kB\u000aMemFree:         1120620 kB\u000aMemAvailable:    1486428 kB\u000aBuffers:           17016 kB\u000aCached:           463176 kB\u000aSwapCached:            0 kB\u000aActive:            94100 kB\u000aInactive:         447060 kB\u000aActive(anon):      60960 kB\u000aInactive(anon):      216 kB\u000aActive(file):      33140 kB\u000aInactive(file):   446844 kB\u000aUnevictable:           0 kB\u000aMlocked:               0 kB\u000aSwapTotal:             0 kB\u000aSwapFree:              0 kB\u000aDirty:              8808 kB\u000aWriteback:             0 kB\u000aAnonPages:         60956 kB\u000aMapped:            34972 kB\u000aShmem:               220 kB\u000aSlab:              42880 kB\u000aSReclaimable:      32664 kB\u000aSUnreclaim:        10216 kB\u000aKernelStack:        1152 kB\u000aPageTables:         1352 kB\u000aNFS_Unstable:          0 kB\u000aBounce:                0 kB\u000aWritebackTmp:          0 kB\u000aCommitLimit:      858592 kB\u000aCommitted_AS:     253720 kB\u000aVmallocTotal:   34359738367 kB\u000aVmallocUsed:           0 kB\u000aVmallocChunk:          0 kB\u000aAnonHugePages:         0 kB\u000aShmemHugePages:        0 kB\u000aShmemPmdMapped:        0 kB\u000aHugePages_Total:       0\u000aHugePages_Free:        0\u000aHugePages_Rsvd:        0\u000aHugePages_Surp:        0\u000aHugepagesize:       2048 kB\u000aDirectMap4k:       19456 kB\u000aDirectMap2M:     1742848 kB\u000a
p35
sV/proc/cgroups
p36
V#subsys_name	hierarchy	num_cgroups	enabled\u000acpuset	9	1	1\u000acpu	2	5	1\u000acpuacct	2	5	1\u000ablkio	3	1	1\u000amemory	11	5	1\u000adevices	10	1	1\u000afreezer	5	2	1\u000anet_cls	7	1	1\u000aperf_event	6	1	1\u000anet_prio	7	1	1\u000ahugetlb	4	1	1\u000apids	8	1	1\u000a
p37
sV/proc/cpuinfo
p38
Vprocessor	: 0\u000avendor_id	: GenuineIntel\u000acpu family	: 6\u000amodel		: 63\u000amodel name	: Intel(R) Xeon(R) Processor @ 2.50GHz\u000astepping	: 2\u000amicrocode	: 0x1\u000acpu MHz		: 2500.014\u000acache size	: 33792 KB\u000aphysical id	: 0\u000asiblings	: 2\u000acore id		: 0\u000acpu cores	: 2\u000aapicid		: 0\u000ainitial apicid	: 0\u000afpu		: yes\u000afpu_exception	: yes\u000acpuid level	: 13\u000awp		: yes\u000aflags		: fpu vme de pse tsc msr pae mce cx8 apic sep mtrr pge mca cmov pat pse36 clflush mmx fxsr sse sse2 ht syscall nx rdtscp lm constant_tsc rep_good nopl xtopology nonstop_tsc cpuid tsc_known_freq pni pclmulqdq ssse3 fma cx16 pcid sse4_1 sse4_2 x2apic movbe popcnt tsc_deadline_timer aes xsave avx f16c rdrand hypervisor lahf_lm abm cpuid_fault invpcid_single pti ssbd ibrs ibpb stibp fsgsbase tsc_adjust bmi1 avx2 smep bmi2 erms invpcid smap xsaveopt arat md_clear arch_capabilities\u000abugs		: cpu_meltdown spectre_v1 spectre_v2 spec_store_bypass l1tf mds swapgs\u000abogomips	: 5000.02\u000aclflush size	: 64\u000acache_alignment	: 64\u000aaddress sizes	: 46 bits physical, 48 bits virtual\u000apower management:\u000a\u000aprocessor	: 1\u000avendor_id	: GenuineIntel\u000acpu family	: 6\u000amodel		: 63\u000amodel name	: Intel(R) Xeon(R) Processor @ 2.50GHz\u000astepping	: 2\u000amicrocode	: 0x1\u000acpu MHz		: 2500.014\u000acache size	: 33792 KB\u000aphysical id	: 0\u000asiblings	: 2\u000acore id		: 1\u000acpu cores	: 2\u000aapicid		: 1\u000ainitial apicid	: 1\u000afpu		: yes\u000afpu_exception	: yes\u000acpuid level	: 13\u000awp		: yes\u000aflags		: fpu vme de pse tsc msr pae mce cx8 apic sep mtrr pge mca cmov pat pse36 clflush mmx fxsr sse sse2 ht syscall nx rdtscp lm constant_tsc rep_good nopl xtopology nonstop_tsc cpuid tsc_known_freq pni pclmulqdq ssse3 fma cx16 pcid sse4_1 sse4_2 x2apic movbe popcnt tsc_deadline_timer aes xsave avx f16c rdrand hypervisor lahf_lm abm cpuid_fault invpcid_single pti ssbd ibrs ibpb stibp fsgsbase tsc_adjust bmi1 avx2 smep bmi2 erms invpcid smap xsaveopt arat md_clear arch_capabilities\u000abugs		: cpu_meltdown spectre_v1 spectre_v2 spec_store_bypass l1tf mds swapgs\u000abogomips	: 5000.02\u000aclflush size	: 64\u000acache_alignment	: 64\u000aaddress sizes	: 46 bits physical, 48 bits virtual\u000apower management:\u000a\u000a
p39
sV/proc/meminfo
p40
VMemTotal:        1717184 kB\u000aMemFree:         1120620 kB\u000aMemAvailable:    1486428 kB\u000aBuffers:           17016 kB\u000aCached:           463176 kB\u000aSwapCached:            0 kB\u000aActive:            94100 kB\u000aInactive:         447060 kB\u000aActive(anon):      60960 kB\u000aInactive(anon):      216 kB\u000aActive(file):      33140 kB\u000aInactive(file):   446844 kB\u000aUnevictable:           0 kB\u000aMlocked:               0 kB\u000aSwapTotal:             0 kB\u000aSwapFree:              0 kB\u000aDirty:              8808 kB\u000aWriteback:             0 kB\u000aAnonPages:         60956 kB\u000aMapped:            34972 kB\u000aShmem:               220 kB\u000aSlab:              42880 kB\u000aSReclaimable:      32664 kB\u000aSUnreclaim:        10216 kB\u000aKernelStack:        1152 kB\u000aPageTables:         1352 kB\u000aNFS_Unstable:          0 kB\u000aBounce:                0 kB\u000aWritebackTmp:          0 kB\u000aCommitLimit:      858592 kB\u000aCommitted_AS:     253720 kB\u000aVmallocTotal:   34359738367 kB\u000aVmallocUsed:           0 kB\u000aVmallocChunk:          0 kB\u000aAnonHugePages:         0 kB\u000aShmemHugePages:        0 kB\u000aShmemPmdMapped:        0 kB\u000aHugePages_Total:       0\u000aHugePages_Free:        0\u000aHugePages_Rsvd:        0\u000aHugePages_Surp:        0\u000aHugepagesize:       2048 kB\u000aDirectMap4k:       19456 kB\u000aDirectMap2M:     1742848 kB\u000a
p41
ssVstatus_key
p42
Vpywren.jobs/6b7585b9-7cf1-44ee-9651-633b866334d0/00000/status.json
p43
sVend_time
p44
F1609060429.4094739
sVlog_group_name
p45
V/aws/lambda/pywren_redis_2
p46
sVdata_key
p47
Vpywren.jobs/6b7585b9-7cf1-44ee-9651-633b866334d0/aggdata.pickle
p48
sa(dp49
Vcallset_id
p50
V6b7585b9-7cf1-44ee-9651-633b866334d0
p51
sVlog_stream_name
p52
V2020/12/27/[$LATEST]04e76618158840a583b105b06e9ce0f2
p53
sVstdout
p54
V
sVfunc_key
p55
Vpywren.jobs/6b7585b9-7cf1-44ee-9651-633b866334d0/func.pickle
p56
sVfree_disk_bytes
p57
I538333184
sVruntime_cached
p58
I00
sVretcode
p59
I0
sVcall_id
p60
V00001
p61
sVoutput_key
p62
Vpywren.jobs/6b7585b9-7cf1-44ee-9651-633b866334d0/00001/output.pickle
p63
sVruntime_s3_key_used
p64
V022b0a-pywren.runtimes/default_2.7.tar.gz.0084
p65
sVaws_request_id
p66
Vcc968f8a-ee3c-49ae-ae7f-5e670e769b47
p67
sVexec_time
p68
F22.183604955673218
sVstart_time
p69
F1609060400.0450001
sVsetup_time
p70
F7.0832588672637939
sVruntime_s3_bucket_used
p71
Vpywren-runtimes-public-us-west-2
p72
sVexception
p73
NsVhost_submit_time
p74
F1609060399.344837
sVserver_info
p75
(dp76
Vuname
p77
V('Linux', '169.254.11.45', '4.14.203-112.332.amzn2.x86_64', '#1 SMP Wed Nov 4 20:46:34 UTC 2020', 'x86_64', 'x86_64')
p78
sV/proc/self/cgroup
p79
VMemTotal:        1717184 kB\u000aMemFree:         1121324 kB\u000aMemAvailable:    1485620 kB\u000aBuffers:           15540 kB\u000aCached:           463076 kB\u000aSwapCached:            0 kB\u000aActive:            93260 kB\u000aInactive:         446604 kB\u000aActive(anon):      61240 kB\u000aInactive(anon):      216 kB\u000aActive(file):      32020 kB\u000aInactive(file):   446388 kB\u000aUnevictable:           0 kB\u000aMlocked:               0 kB\u000aSwapTotal:             0 kB\u000aSwapFree:              0 kB\u000aDirty:              8232 kB\u000aWriteback:             0 kB\u000aAnonPages:         61236 kB\u000aMapped:            34668 kB\u000aShmem:               220 kB\u000aSlab:              43032 kB\u000aSReclaimable:      32788 kB\u000aSUnreclaim:        10244 kB\u000aKernelStack:        1152 kB\u000aPageTables:         1328 kB\u000aNFS_Unstable:          0 kB\u000aBounce:                0 kB\u000aWritebackTmp:          0 kB\u000aCommitLimit:      858592 kB\u000aCommitted_AS:     253872 kB\u000aVmallocTotal:   34359738367 kB\u000aVmallocUsed:           0 kB\u000aVmallocChunk:          0 kB\u000aAnonHugePages:         0 kB\u000aShmemHugePages:        0 kB\u000aShmemPmdMapped:        0 kB\u000aHugePages_Total:       0\u000aHugePages_Free:        0\u000aHugePages_Rsvd:        0\u000aHugePages_Surp:        0\u000aHugepagesize:       2048 kB\u000aDirectMap4k:       19456 kB\u000aDirectMap2M:     1742848 kB\u000a
p80
sV/proc/cgroups
p81
V#subsys_name	hierarchy	num_cgroups	enabled\u000acpuset	7	1	1\u000acpu	6	5	1\u000acpuacct	6	5	1\u000ablkio	5	1	1\u000amemory	10	5	1\u000adevices	11	1	1\u000afreezer	9	2	1\u000anet_cls	4	1	1\u000aperf_event	3	1	1\u000anet_prio	4	1	1\u000ahugetlb	2	1	1\u000apids	8	1	1\u000a
p82
sV/proc/cpuinfo
p83
Vprocessor	: 0\u000avendor_id	: GenuineIntel\u000acpu family	: 6\u000amodel		: 63\u000amodel name	: Intel(R) Xeon(R) Processor @ 2.50GHz\u000astepping	: 2\u000amicrocode	: 0x1\u000acpu MHz		: 2500.008\u000acache size	: 36608 KB\u000aphysical id	: 0\u000asiblings	: 2\u000acore id		: 0\u000acpu cores	: 2\u000aapicid		: 0\u000ainitial apicid	: 0\u000afpu		: yes\u000afpu_exception	: yes\u000acpuid level	: 13\u000awp		: yes\u000aflags		: fpu vme de pse tsc msr pae mce cx8 apic sep mtrr pge mca cmov pat pse36 clflush mmx fxsr sse sse2 ht syscall nx rdtscp lm constant_tsc rep_good nopl xtopology nonstop_tsc cpuid tsc_known_freq pni pclmulqdq ssse3 fma cx16 pcid sse4_1 sse4_2 x2apic movbe popcnt tsc_deadline_timer aes xsave avx f16c rdrand hypervisor lahf_lm abm cpuid_fault invpcid_single ssbd ibrs ibpb stibp ibrs_enhanced fsgsbase tsc_adjust bmi1 avx2 smep bmi2 erms invpcid smap xsaveopt arat md_clear arch_capabilities\u000abugs		: spectre_v1 spectre_v2 spec_store_bypass swapgs\u000abogomips	: 5000.01\u000aclflush size	: 64\u000acache_alignment	: 64\u000aaddress sizes	: 46 bits physical, 48 bits virtual\u000apower management:\u000a\u000aprocessor	: 1\u000avendor_id	: GenuineIntel\u000acpu family	: 6\u000amodel		: 63\u000amodel name	: Intel(R) Xeon(R) Processor @ 2.50GHz\u000astepping	: 2\u000amicrocode	: 0x1\u000acpu MHz		: 2500.008\u000acache size	: 36608 KB\u000aphysical id	: 0\u000asiblings	: 2\u000acore id		: 1\u000acpu cores	: 2\u000aapicid		: 1\u000ainitial apicid	: 1\u000afpu		: yes\u000afpu_exception	: yes\u000acpuid level	: 13\u000awp		: yes\u000aflags		: fpu vme de pse tsc msr pae mce cx8 apic sep mtrr pge mca cmov pat pse36 clflush mmx fxsr sse sse2 ht syscall nx rdtscp lm constant_tsc rep_good nopl xtopology nonstop_tsc cpuid tsc_known_freq pni pclmulqdq ssse3 fma cx16 pcid sse4_1 sse4_2 x2apic movbe popcnt tsc_deadline_timer aes xsave avx f16c rdrand hypervisor lahf_lm abm cpuid_fault invpcid_single ssbd ibrs ibpb stibp ibrs_enhanced fsgsbase tsc_adjust bmi1 avx2 smep bmi2 erms invpcid smap xsaveopt arat md_clear arch_capabilities\u000abugs		: spectre_v1 spectre_v2 spec_store_bypass swapgs\u000abogomips	: 5000.01\u000aclflush size	: 64\u000acache_alignment	: 64\u000aaddress sizes	: 46 bits physical, 48 bits virtual\u000apower management:\u000a\u000a
p84
sV/proc/meminfo
p85
VMemTotal:        1717184 kB\u000aMemFree:         1121324 kB\u000aMemAvailable:    1485620 kB\u000aBuffers:           15540 kB\u000aCached:           463076 kB\u000aSwapCached:            0 kB\u000aActive:            93260 kB\u000aInactive:         446604 kB\u000aActive(anon):      61240 kB\u000aInactive(anon):      216 kB\u000aActive(file):      32020 kB\u000aInactive(file):   446388 kB\u000aUnevictable:           0 kB\u000aMlocked:               0 kB\u000aSwapTotal:             0 kB\u000aSwapFree:              0 kB\u000aDirty:              8232 kB\u000aWriteback:             0 kB\u000aAnonPages:         61236 kB\u000aMapped:            34668 kB\u000aShmem:               220 kB\u000aSlab:              43032 kB\u000aSReclaimable:      32788 kB\u000aSUnreclaim:        10244 kB\u000aKernelStack:        1152 kB\u000aPageTables:         1328 kB\u000aNFS_Unstable:          0 kB\u000aBounce:                0 kB\u000aWritebackTmp:          0 kB\u000aCommitLimit:      858592 kB\u000aCommitted_AS:     253872 kB\u000aVmallocTotal:   34359738367 kB\u000aVmallocUsed:           0 kB\u000aVmallocChunk:          0 kB\u000aAnonHugePages:         0 kB\u000aShmemHugePages:        0 kB\u000aShmemPmdMapped:        0 kB\u000aHugePages_Total:       0\u000aHugePages_Free:        0\u000aHugePages_Rsvd:        0\u000aHugePages_Surp:        0\u000aHugepagesize:       2048 kB\u000aDirectMap4k:       19456 kB\u000aDirectMap2M:     1742848 kB\u000a
p86
ssVstatus_key
p87
Vpywren.jobs/6b7585b9-7cf1-44ee-9651-633b866334d0/00001/status.json
p88
sVend_time
p89
F1609060429.3118579
sVlog_group_name
p90
V/aws/lambda/pywren_redis_2
p91
sVdata_key
p92
Vpywren.jobs/6b7585b9-7cf1-44ee-9651-633b866334d0/aggdata.pickle
p93
sa(dp94
Vcallset_id
p95
V6b7585b9-7cf1-44ee-9651-633b866334d0
p96
sVlog_stream_name
p97
V2020/12/27/[$LATEST]28273503cd024292a9b6146614108873
p98
sVstdout
p99
V
sVfunc_key
p100
Vpywren.jobs/6b7585b9-7cf1-44ee-9651-633b866334d0/func.pickle
p101
sVfree_disk_bytes
p102
I538333184
sVruntime_cached
p103
I00
sVretcode
p104
I0
sVcall_id
p105
V00002
p106
sVoutput_key
p107
Vpywren.jobs/6b7585b9-7cf1-44ee-9651-633b866334d0/00002/output.pickle
p108
sVruntime_s3_key_used
p109
Ve3e711-pywren.runtimes/default_2.7.tar.gz.0095
p110
sVaws_request_id
p111
V2dbbcb30-330c-4db5-a316-3d8c5a94c373
p112
sVexec_time
p113
F22.137064933776855
sVstart_time
p114
F1609060400.126946
sVsetup_time
p115
F7.013728141784668
sVruntime_s3_bucket_used
p116
Vpywren-runtimes-public-us-west-2
p117
sVexception
p118
NsVhost_submit_time
p119
F1609060399.3400719
sVserver_info
p120
(dp121
Vuname
p122
V('Linux', '169.254.249.53', '4.14.203-112.332.amzn2.x86_64', '#1 SMP Wed Nov 4 20:46:34 UTC 2020', 'x86_64', 'x86_64')
p123
sV/proc/self/cgroup
p124
VMemTotal:        1717184 kB\u000aMemFree:         1119816 kB\u000aMemAvailable:    1486264 kB\u000aBuffers:           17180 kB\u000aCached:           463580 kB\u000aSwapCached:            0 kB\u000aActive:            94756 kB\u000aInactive:         446912 kB\u000aActive(anon):      60900 kB\u000aInactive(anon):      216 kB\u000aActive(file):      33856 kB\u000aInactive(file):   446696 kB\u000aUnevictable:           0 kB\u000aMlocked:               0 kB\u000aSwapTotal:             0 kB\u000aSwapFree:              0 kB\u000aDirty:              8480 kB\u000aWriteback:             0 kB\u000aAnonPages:         60876 kB\u000aMapped:            35156 kB\u000aShmem:               220 kB\u000aSlab:              42880 kB\u000aSReclaimable:      32808 kB\u000aSUnreclaim:        10072 kB\u000aKernelStack:        1168 kB\u000aPageTables:         1404 kB\u000aNFS_Unstable:          0 kB\u000aBounce:                0 kB\u000aWritebackTmp:          0 kB\u000aCommitLimit:      858592 kB\u000aCommitted_AS:     253508 kB\u000aVmallocTotal:   34359738367 kB\u000aVmallocUsed:           0 kB\u000aVmallocChunk:          0 kB\u000aAnonHugePages:         0 kB\u000aShmemHugePages:        0 kB\u000aShmemPmdMapped:        0 kB\u000aHugePages_Total:       0\u000aHugePages_Free:        0\u000aHugePages_Rsvd:        0\u000aHugePages_Surp:        0\u000aHugepagesize:       2048 kB\u000aDirectMap4k:       21504 kB\u000aDirectMap2M:     1740800 kB\u000a
p125
sV/proc/cgroups
p126
V#subsys_name	hierarchy	num_cgroups	enabled\u000acpuset	5	1	1\u000acpu	8	5	1\u000acpuacct	8	5	1\u000ablkio	6	1	1\u000amemory	7	5	1\u000adevices	9	1	1\u000afreezer	10	2	1\u000anet_cls	3	1	1\u000aperf_event	2	1	1\u000anet_prio	3	1	1\u000ahugetlb	4	1	1\u000apids	11	1	1\u000a
p127
sV/proc/cpuinfo
p128
Vprocessor	: 0\u000avendor_id	: GenuineIntel\u000acpu family	: 6\u000amodel		: 63\u000amodel name	: Intel(R) Xeon(R) Processor @ 2.50GHz\u000astepping	: 2\u000amicrocode	: 0x1\u000acpu MHz		: 2500.006\u000acache size	: 36608 KB\u000aphysical id	: 0\u000asiblings	: 2\u000acore id		: 0\u000acpu cores	: 2\u000aapicid		: 0\u000ainitial apicid	: 0\u000afpu		: yes\u000afpu_exception	: yes\u000acpuid level	: 13\u000awp		: yes\u000aflags		: fpu vme de pse tsc msr pae mce cx8 apic sep mtrr pge mca cmov pat pse36 clflush mmx fxsr sse sse2 ht syscall nx rdtscp lm constant_tsc rep_good nopl xtopology nonstop_tsc cpuid tsc_known_freq pni pclmulqdq ssse3 fma cx16 pcid sse4_1 sse4_2 x2apic movbe popcnt tsc_deadline_timer aes xsave avx f16c rdrand hypervisor lahf_lm abm cpuid_fault invpcid_single ssbd ibrs ibpb stibp ibrs_enhanced fsgsbase tsc_adjust bmi1 avx2 smep bmi2 erms invpcid smap xsaveopt arat md_clear arch_capabilities\u000abugs		: spectre_v1 spectre_v2 spec_store_bypass swapgs\u000abogomips	: 5000.01\u000aclflush size	: 64\u000acache_alignment	: 64\u000aaddress sizes	: 46 bits physical, 48 bits virtual\u000apower management:\u000a\u000aprocessor	: 1\u000avendor_id	: GenuineIntel\u000acpu family	: 6\u000amodel		: 63\u000amodel name	: Intel(R) Xeon(R) Processor @ 2.50GHz\u000astepping	: 2\u000amicrocode	: 0x1\u000acpu MHz		: 2500.006\u000acache size	: 36608 KB\u000aphysical id	: 0\u000asiblings	: 2\u000acore id		: 1\u000acpu cores	: 2\u000aapicid		: 1\u000ainitial apicid	: 1\u000afpu		: yes\u000afpu_exception	: yes\u000acpuid level	: 13\u000awp		: yes\u000aflags		: fpu vme de pse tsc msr pae mce cx8 apic sep mtrr pge mca cmov pat pse36 clflush mmx fxsr sse sse2 ht syscall nx rdtscp lm constant_tsc rep_good nopl xtopology nonstop_tsc cpuid tsc_known_freq pni pclmulqdq ssse3 fma cx16 pcid sse4_1 sse4_2 x2apic movbe popcnt tsc_deadline_timer aes xsave avx f16c rdrand hypervisor lahf_lm abm cpuid_fault invpcid_single ssbd ibrs ibpb stibp ibrs_enhanced fsgsbase tsc_adjust bmi1 avx2 smep bmi2 erms invpcid smap xsaveopt arat md_clear arch_capabilities\u000abugs		: spectre_v1 spectre_v2 spec_store_bypass swapgs\u000abogomips	: 5000.01\u000aclflush size	: 64\u000acache_alignment	: 64\u000aaddress sizes	: 46 bits physical, 48 bits virtual\u000apower management:\u000a\u000a
p129
sV/proc/meminfo
p130
VMemTotal:        1717184 kB\u000aMemFree:         1119732 kB\u000aMemAvailable:    1486180 kB\u000aBuffers:           17180 kB\u000aCached:           463580 kB\u000aSwapCached:            0 kB\u000aActive:            94756 kB\u000aInactive:         446912 kB\u000aActive(anon):      60900 kB\u000aInactive(anon):      216 kB\u000aActive(file):      33856 kB\u000aInactive(file):   446696 kB\u000aUnevictable:           0 kB\u000aMlocked:               0 kB\u000aSwapTotal:             0 kB\u000aSwapFree:              0 kB\u000aDirty:              8480 kB\u000aWriteback:             0 kB\u000aAnonPages:         60876 kB\u000aMapped:            35156 kB\u000aShmem:               220 kB\u000aSlab:              42880 kB\u000aSReclaimable:      32808 kB\u000aSUnreclaim:        10072 kB\u000aKernelStack:        1168 kB\u000aPageTables:         1404 kB\u000aNFS_Unstable:          0 kB\u000aBounce:                0 kB\u000aWritebackTmp:          0 kB\u000aCommitLimit:      858592 kB\u000aCommitted_AS:     253508 kB\u000aVmallocTotal:   34359738367 kB\u000aVmallocUsed:           0 kB\u000aVmallocChunk:          0 kB\u000aAnonHugePages:         0 kB\u000aShmemHugePages:        0 kB\u000aShmemPmdMapped:        0 kB\u000aHugePages_Total:       0\u000aHugePages_Free:        0\u000aHugePages_Rsvd:        0\u000aHugePages_Surp:        0\u000aHugepagesize:       2048 kB\u000aDirectMap4k:       21504 kB\u000aDirectMap2M:     1740800 kB\u000a
p131
ssVstatus_key
p132
Vpywren.jobs/6b7585b9-7cf1-44ee-9651-633b866334d0/00002/status.json
p133
sVend_time
p134
F1609060429.2777331
sVlog_group_name
p135
V/aws/lambda/pywren_redis_2
p136
sVdata_key
p137
Vpywren.jobs/6b7585b9-7cf1-44ee-9651-633b866334d0/aggdata.pickle
p138
sa(dp139
Vcallset_id
p140
V6b7585b9-7cf1-44ee-9651-633b866334d0
p141
sVlog_stream_name
p142
V2020/12/27/[$LATEST]6733fe73c037482f97d03051be673a8c
p143
sVstdout
p144
V
sVfunc_key
p145
Vpywren.jobs/6b7585b9-7cf1-44ee-9651-633b866334d0/func.pickle
p146
sVfree_disk_bytes
p147
I538333184
sVruntime_cached
p148
I00
sVretcode
p149
I0
sVcall_id
p150
V00003
p151
sVoutput_key
p152
Vpywren.jobs/6b7585b9-7cf1-44ee-9651-633b866334d0/00003/output.pickle
p153
sVruntime_s3_key_used
p154
V830f4c-pywren.runtimes/default_2.7.tar.gz.0018
p155
sVaws_request_id
p156
Vf7f52275-d691-4bac-947f-fe8b6b3d7902
p157
sVexec_time
p158
F22.12355899810791
sVstart_time
p159
F1609060400.2081549
sVsetup_time
p160
F7.6925029754638672
sVruntime_s3_bucket_used
p161
Vpywren-runtimes-public-us-west-2
p162
sVexception
p163
NsVhost_submit_time
p164
F1609060399.3518839
sVserver_info
p165
(dp166
Vuname
p167
V('Linux', '169.254.184.221', '4.14.203-112.332.amzn2.x86_64', '#1 SMP Wed Nov 4 20:46:34 UTC 2020', 'x86_64', 'x86_64')
p168
sV/proc/self/cgroup
p169
VMemTotal:        1717184 kB\u000aMemFree:         1124172 kB\u000aMemAvailable:    1486608 kB\u000aBuffers:           14272 kB\u000aCached:           462520 kB\u000aSwapCached:            0 kB\u000aActive:            90856 kB\u000aInactive:         446800 kB\u000aActive(anon):      60860 kB\u000aInactive(anon):      212 kB\u000aActive(file):      29996 kB\u000aInactive(file):   446588 kB\u000aUnevictable:           0 kB\u000aMlocked:               0 kB\u000aSwapTotal:             0 kB\u000aSwapFree:              0 kB\u000aDirty:              8580 kB\u000aWriteback:             0 kB\u000aAnonPages:         60856 kB\u000aMapped:            34412 kB\u000aShmem:               220 kB\u000aSlab:              42440 kB\u000aSReclaimable:      32720 kB\u000aSUnreclaim:         9720 kB\u000aKernelStack:        1168 kB\u000aPageTables:         1324 kB\u000aNFS_Unstable:          0 kB\u000aBounce:                0 kB\u000aWritebackTmp:          0 kB\u000aCommitLimit:      858592 kB\u000aCommitted_AS:     252892 kB\u000aVmallocTotal:   34359738367 kB\u000aVmallocUsed:           0 kB\u000aVmallocChunk:          0 kB\u000aAnonHugePages:         0 kB\u000aShmemHugePages:        0 kB\u000aShmemPmdMapped:        0 kB\u000aHugePages_Total:       0\u000aHugePages_Free:        0\u000aHugePages_Rsvd:        0\u000aHugePages_Surp:        0\u000aHugepagesize:       2048 kB\u000aDirectMap4k:       25600 kB\u000aDirectMap2M:     1736704 kB\u000a
p170
sV/proc/cgroups
p171
V#subsys_name	hierarchy	num_cgroups	enabled\u000acpuset	9	1	1\u000acpu	7	5	1\u000acpuacct	7	5	1\u000ablkio	2	1	1\u000amemory	10	5	1\u000adevices	8	1	1\u000afreezer	3	2	1\u000anet_cls	4	1	1\u000aperf_event	5	1	1\u000anet_prio	4	1	1\u000ahugetlb	6	1	1\u000apids	11	1	1\u000a
p172
sV/proc/cpuinfo
p173
Vprocessor	: 0\u000avendor_id	: GenuineIntel\u000acpu family	: 6\u000amodel		: 63\u000amodel name	: Intel(R) Xeon(R) Processor @ 2.50GHz\u000astepping	: 2\u000amicrocode	: 0x1\u000acpu MHz		: 2500.002\u000acache size	: 33792 KB\u000aphysical id	: 0\u000asiblings	: 2\u000acore id		: 0\u000acpu cores	: 2\u000aapicid		: 0\u000ainitial apicid	: 0\u000afpu		: yes\u000afpu_exception	: yes\u000acpuid level	: 13\u000awp		: yes\u000aflags		: fpu vme de pse tsc msr pae mce cx8 apic sep mtrr pge mca cmov pat pse36 clflush mmx fxsr sse sse2 ht syscall nx rdtscp lm constant_tsc rep_good nopl xtopology nonstop_tsc cpuid tsc_known_freq pni pclmulqdq ssse3 fma cx16 pcid sse4_1 sse4_2 x2apic movbe popcnt tsc_deadline_timer aes xsave avx f16c rdrand hypervisor lahf_lm abm cpuid_fault invpcid_single pti ssbd ibrs ibpb stibp fsgsbase tsc_adjust bmi1 avx2 smep bmi2 erms invpcid smap xsaveopt arat md_clear arch_capabilities\u000abugs		: cpu_meltdown spectre_v1 spectre_v2 spec_store_bypass l1tf mds swapgs\u000abogomips	: 5000.00\u000aclflush size	: 64\u000acache_alignment	: 64\u000aaddress sizes	: 46 bits physical, 48 bits virtual\u000apower management:\u000a\u000aprocessor	: 1\u000avendor_id	: GenuineIntel\u000acpu family	: 6\u000amodel		: 63\u000amodel name	: Intel(R) Xeon(R) Processor @ 2.50GHz\u000astepping	: 2\u000amicrocode	: 0x1\u000acpu MHz		: 2500.002\u000acache size	: 33792 KB\u000aphysical id	: 0\u000asiblings	: 2\u000acore id		: 1\u000acpu cores	: 2\u000aapicid		: 1\u000ainitial apicid	: 1\u000afpu		: yes\u000afpu_exception	: yes\u000acpuid level	: 13\u000awp		: yes\u000aflags		: fpu vme de pse tsc msr pae mce cx8 apic sep mtrr pge mca cmov pat pse36 clflush mmx fxsr sse sse2 ht syscall nx rdtscp lm constant_tsc rep_good nopl xtopology nonstop_tsc cpuid tsc_known_freq pni pclmulqdq ssse3 fma cx16 pcid sse4_1 sse4_2 x2apic movbe popcnt tsc_deadline_timer aes xsave avx f16c rdrand hypervisor lahf_lm abm cpuid_fault invpcid_single pti ssbd ibrs ibpb stibp fsgsbase tsc_adjust bmi1 avx2 smep bmi2 erms invpcid smap xsaveopt arat md_clear arch_capabilities\u000abugs		: cpu_meltdown spectre_v1 spectre_v2 spec_store_bypass l1tf mds swapgs\u000abogomips	: 5000.00\u000aclflush size	: 64\u000acache_alignment	: 64\u000aaddress sizes	: 46 bits physical, 48 bits virtual\u000apower management:\u000a\u000a
p174
sV/proc/meminfo
p175
VMemTotal:        1717184 kB\u000aMemFree:         1124172 kB\u000aMemAvailable:    1486608 kB\u000aBuffers:           14272 kB\u000aCached:           462520 kB\u000aSwapCached:            0 kB\u000aActive:            90856 kB\u000aInactive:         446800 kB\u000aActive(anon):      60860 kB\u000aInactive(anon):      212 kB\u000aActive(file):      29996 kB\u000aInactive(file):   446588 kB\u000aUnevictable:           0 kB\u000aMlocked:               0 kB\u000aSwapTotal:             0 kB\u000aSwapFree:              0 kB\u000aDirty:              8580 kB\u000aWriteback:             0 kB\u000aAnonPages:         60856 kB\u000aMapped:            34412 kB\u000aShmem:               220 kB\u000aSlab:              42440 kB\u000aSReclaimable:      32720 kB\u000aSUnreclaim:         9720 kB\u000aKernelStack:        1168 kB\u000aPageTables:         1324 kB\u000aNFS_Unstable:          0 kB\u000aBounce:                0 kB\u000aWritebackTmp:          0 kB\u000aCommitLimit:      858592 kB\u000aCommitted_AS:     252892 kB\u000aVmallocTotal:   34359738367 kB\u000aVmallocUsed:           0 kB\u000aVmallocChunk:          0 kB\u000aAnonHugePages:         0 kB\u000aShmemHugePages:        0 kB\u000aShmemPmdMapped:        0 kB\u000aHugePages_Total:       0\u000aHugePages_Free:        0\u000aHugePages_Rsvd:        0\u000aHugePages_Surp:        0\u000aHugepagesize:       2048 kB\u000aDirectMap4k:       25600 kB\u000aDirectMap2M:     1736704 kB\u000a
p176
ssVstatus_key
p177
Vpywren.jobs/6b7585b9-7cf1-44ee-9651-633b866334d0/00003/status.json
p178
sVend_time
p179
F1609060430.02421
sVlog_group_name
p180
V/aws/lambda/pywren_redis_2
p181
sVdata_key
p182
Vpywren.jobs/6b7585b9-7cf1-44ee-9651-633b866334d0/aggdata.pickle
p183
sa(dp184
Vcallset_id
p185
V6b7585b9-7cf1-44ee-9651-633b866334d0
p186
sVlog_stream_name
p187
V2020/12/27/[$LATEST]daebe8b129644efda5feb60d7c062c28
p188
sVstdout
p189
V
sVfunc_key
p190
Vpywren.jobs/6b7585b9-7cf1-44ee-9651-633b866334d0/func.pickle
p191
sVfree_disk_bytes
p192
I538333184
sVruntime_cached
p193
I00
sVretcode
p194
I0
sVcall_id
p195
V00004
p196
sVoutput_key
p197
Vpywren.jobs/6b7585b9-7cf1-44ee-9651-633b866334d0/00004/output.pickle
p198
sVruntime_s3_key_used
p199
Vf92bca-pywren.runtimes/default_2.7.tar.gz.0036
p200
sVaws_request_id
p201
V069835b1-2481-4e27-8ed3-f668e7ef48f3
p202
sVexec_time
p203
F22.119014978408813
sVstart_time
p204
F1609060400.1543429
sVsetup_time
p205
F7.1864850521087646
sVruntime_s3_bucket_used
p206
Vpywren-runtimes-public-us-west-2
p207
sVexception
p208
NsVhost_submit_time
p209
F1609060399.3607171
sVserver_info
p210
(dp211
Vuname
p212
V('Linux', '169.254.200.77', '4.14.203-112.332.amzn2.x86_64', '#1 SMP Wed Nov 4 20:46:34 UTC 2020', 'x86_64', 'x86_64')
p213
sV/proc/self/cgroup
p214
VMemTotal:        1717184 kB\u000aMemFree:         1119044 kB\u000aMemAvailable:    1486304 kB\u000aBuffers:           17708 kB\u000aCached:           463828 kB\u000aSwapCached:            0 kB\u000aActive:            95324 kB\u000aInactive:         447260 kB\u000aActive(anon):      61044 kB\u000aInactive(anon):      212 kB\u000aActive(file):      34280 kB\u000aInactive(file):   447048 kB\u000aUnevictable:           0 kB\u000aMlocked:               0 kB\u000aSwapTotal:             0 kB\u000aSwapFree:              0 kB\u000aDirty:              8424 kB\u000aWriteback:             0 kB\u000aAnonPages:         61044 kB\u000aMapped:            35236 kB\u000aShmem:               220 kB\u000aSlab:              42968 kB\u000aSReclaimable:      32876 kB\u000aSUnreclaim:        10092 kB\u000aKernelStack:        1152 kB\u000aPageTables:         1328 kB\u000aNFS_Unstable:          0 kB\u000aBounce:                0 kB\u000aWritebackTmp:          0 kB\u000aCommitLimit:      858592 kB\u000aCommitted_AS:     253500 kB\u000aVmallocTotal:   34359738367 kB\u000aVmallocUsed:           0 kB\u000aVmallocChunk:          0 kB\u000aAnonHugePages:         0 kB\u000aShmemHugePages:        0 kB\u000aShmemPmdMapped:        0 kB\u000aHugePages_Total:       0\u000aHugePages_Free:        0\u000aHugePages_Rsvd:        0\u000aHugePages_Surp:        0\u000aHugepagesize:       2048 kB\u000aDirectMap4k:       19456 kB\u000aDirectMap2M:     1742848 kB\u000a
p215
sV/proc/cgroups
p216
V#subsys_name	hierarchy	num_cgroups	enabled\u000acpuset	7	1	1\u000acpu	5	5	1\u000acpuacct	5	5	1\u000ablkio	8	1	1\u000amemory	11	5	1\u000adevices	6	1	1\u000afreezer	3	2	1\u000anet_cls	10	1	1\u000aperf_event	4	1	1\u000anet_prio	10	1	1\u000ahugetlb	9	1	1\u000apids	2	1	1\u000a
p217
sV/proc/cpuinfo
p218
Vprocessor	: 0\u000avendor_id	: GenuineIntel\u000acpu family	: 6\u000amodel		: 63\u000amodel name	: Intel(R) Xeon(R) Processor @ 2.50GHz\u000astepping	: 2\u000amicrocode	: 0x1\u000acpu MHz		: 2500.010\u000acache size	: 33792 KB\u000aphysical id	: 0\u000asiblings	: 2\u000acore id		: 0\u000acpu cores	: 2\u000aapicid		: 0\u000ainitial apicid	: 0\u000afpu		: yes\u000afpu_exception	: yes\u000acpuid level	: 13\u000awp		: yes\u000aflags		: fpu vme de pse tsc msr pae mce cx8 apic sep mtrr pge mca cmov pat pse36 clflush mmx fxsr sse sse2 ht syscall nx rdtscp lm constant_tsc rep_good nopl xtopology nonstop_tsc cpuid tsc_known_freq pni pclmulqdq ssse3 fma cx16 pcid sse4_1 sse4_2 x2apic movbe popcnt tsc_deadline_timer aes xsave avx f16c rdrand hypervisor lahf_lm abm cpuid_fault invpcid_single pti ssbd ibrs ibpb stibp fsgsbase tsc_adjust bmi1 avx2 smep bmi2 erms invpcid smap xsaveopt arat md_clear arch_capabilities\u000abugs		: cpu_meltdown spectre_v1 spectre_v2 spec_store_bypass l1tf mds swapgs\u000abogomips	: 5000.02\u000aclflush size	: 64\u000acache_alignment	: 64\u000aaddress sizes	: 46 bits physical, 48 bits virtual\u000apower management:\u000a\u000aprocessor	: 1\u000avendor_id	: GenuineIntel\u000acpu family	: 6\u000amodel		: 63\u000amodel name	: Intel(R) Xeon(R) Processor @ 2.50GHz\u000astepping	: 2\u000amicrocode	: 0x1\u000acpu MHz		: 2500.010\u000acache size	: 33792 KB\u000aphysical id	: 0\u000asiblings	: 2\u000acore id		: 1\u000acpu cores	: 2\u000aapicid		: 1\u000ainitial apicid	: 1\u000afpu		: yes\u000afpu_exception	: yes\u000acpuid level	: 13\u000awp		: yes\u000aflags		: fpu vme de pse tsc msr pae mce cx8 apic sep mtrr pge mca cmov pat pse36 clflush mmx fxsr sse sse2 ht syscall nx rdtscp lm constant_tsc rep_good nopl xtopology nonstop_tsc cpuid tsc_known_freq pni pclmulqdq ssse3 fma cx16 pcid sse4_1 sse4_2 x2apic movbe popcnt tsc_deadline_timer aes xsave avx f16c rdrand hypervisor lahf_lm abm cpuid_fault invpcid_single pti ssbd ibrs ibpb stibp fsgsbase tsc_adjust bmi1 avx2 smep bmi2 erms invpcid smap xsaveopt arat md_clear arch_capabilities\u000abugs		: cpu_meltdown spectre_v1 spectre_v2 spec_store_bypass l1tf mds swapgs\u000abogomips	: 5000.02\u000aclflush size	: 64\u000acache_alignment	: 64\u000aaddress sizes	: 46 bits physical, 48 bits virtual\u000apower management:\u000a\u000a
p219
sV/proc/meminfo
p220
VMemTotal:        1717184 kB\u000aMemFree:         1119044 kB\u000aMemAvailable:    1486304 kB\u000aBuffers:           17708 kB\u000aCached:           463828 kB\u000aSwapCached:            0 kB\u000aActive:            95324 kB\u000aInactive:         447260 kB\u000aActive(anon):      61044 kB\u000aInactive(anon):      212 kB\u000aActive(file):      34280 kB\u000aInactive(file):   447048 kB\u000aUnevictable:           0 kB\u000aMlocked:               0 kB\u000aSwapTotal:             0 kB\u000aSwapFree:              0 kB\u000aDirty:              8424 kB\u000aWriteback:             0 kB\u000aAnonPages:         61044 kB\u000aMapped:            35236 kB\u000aShmem:               220 kB\u000aSlab:              42968 kB\u000aSReclaimable:      32876 kB\u000aSUnreclaim:        10092 kB\u000aKernelStack:        1152 kB\u000aPageTables:         1328 kB\u000aNFS_Unstable:          0 kB\u000aBounce:                0 kB\u000aWritebackTmp:          0 kB\u000aCommitLimit:      858592 kB\u000aCommitted_AS:     253500 kB\u000aVmallocTotal:   34359738367 kB\u000aVmallocUsed:           0 kB\u000aVmallocChunk:          0 kB\u000aAnonHugePages:         0 kB\u000aShmemHugePages:        0 kB\u000aShmemPmdMapped:        0 kB\u000aHugePages_Total:       0\u000aHugePages_Free:        0\u000aHugePages_Rsvd:        0\u000aHugePages_Surp:        0\u000aHugepagesize:       2048 kB\u000aDirectMap4k:       19456 kB\u000aDirectMap2M:     1742848 kB\u000a
p221
ssVstatus_key
p222
Vpywren.jobs/6b7585b9-7cf1-44ee-9651-633b866334d0/00004/status.json
p223
sVend_time
p224
F1609060429.459837
sVlog_group_name
p225
V/aws/lambda/pywren_redis_2
p226
sVdata_key
p227
Vpywren.jobs/6b7585b9-7cf1-44ee-9651-633b866334d0/aggdata.pickle
p228
sa(dp229
Vcallset_id
p230
V6b7585b9-7cf1-44ee-9651-633b866334d0
p231
sVlog_stream_name
p232
V2020/12/27/[$LATEST]a40dbfca195c4947b27d32a4bf77cde9
p233
sVstdout
p234
V
sVfunc_key
p235
Vpywren.jobs/6b7585b9-7cf1-44ee-9651-633b866334d0/func.pickle
p236
sVfree_disk_bytes
p237
I538333184
sVruntime_cached
p238
I00
sVretcode
p239
I0
sVcall_id
p240
V00005
p241
sVoutput_key
p242
Vpywren.jobs/6b7585b9-7cf1-44ee-9651-633b866334d0/00005/output.pickle
p243
sVruntime_s3_key_used
p244
V358a4c-pywren.runtimes/default_2.7.tar.gz.0007
p245
sVaws_request_id
p246
Vc1b3ad7f-7afc-46c6-8a61-9e05bc25342f
p247
sVexec_time
p248
F22.091567993164062
sVstart_time
p249
F1609060400.1534159
sVsetup_time
p250
F7.1777141094207764
sVruntime_s3_bucket_used
p251
Vpywren-runtimes-public-us-west-2
p252
sVexception
p253
NsVhost_submit_time
p254
F1609060399.364969
sVserver_info
p255
(dp256
Vuname
p257
V('Linux', '169.254.131.213', '4.14.203-112.332.amzn2.x86_64', '#1 SMP Wed Nov 4 20:46:34 UTC 2020', 'x86_64', 'x86_64')
p258
sV/proc/self/cgroup
p259
VMemTotal:        1717184 kB\u000aMemFree:         1120064 kB\u000aMemAvailable:    1487028 kB\u000aBuffers:           17580 kB\u000aCached:           463700 kB\u000aSwapCached:            0 kB\u000aActive:            94908 kB\u000aInactive:         447180 kB\u000aActive(anon):      60800 kB\u000aInactive(anon):      216 kB\u000aActive(file):      34108 kB\u000aInactive(file):   446964 kB\u000aUnevictable:           0 kB\u000aMlocked:               0 kB\u000aSwapTotal:             0 kB\u000aSwapFree:              0 kB\u000aDirty:              9044 kB\u000aWriteback:             0 kB\u000aAnonPages:         60844 kB\u000aMapped:            35108 kB\u000aShmem:               220 kB\u000aSlab:              42580 kB\u000aSReclaimable:      32796 kB\u000aSUnreclaim:         9784 kB\u000aKernelStack:        1168 kB\u000aPageTables:         1324 kB\u000aNFS_Unstable:          0 kB\u000aBounce:                0 kB\u000aWritebackTmp:          0 kB\u000aCommitLimit:      858592 kB\u000aCommitted_AS:     251596 kB\u000aVmallocTotal:   34359738367 kB\u000aVmallocUsed:           0 kB\u000aVmallocChunk:          0 kB\u000aAnonHugePages:         0 kB\u000aShmemHugePages:        0 kB\u000aShmemPmdMapped:        0 kB\u000aHugePages_Total:       0\u000aHugePages_Free:        0\u000aHugePages_Rsvd:        0\u000aHugePages_Surp:        0\u000aHugepagesize:       2048 kB\u000aDirectMap4k:       19456 kB\u000aDirectMap2M:     1742848 kB\u000a
p260
sV/proc/cgroups
p261
V#subsys_name	hierarchy	num_cgroups	enabled\u000acpuset	3	1	1\u000acpu	6	5	1\u000acpuacct	6	5	1\u000ablkio	4	1	1\u000amemory	7	5	1\u000adevices	9	1	1\u000afreezer	11	2	1\u000anet_cls	2	1	1\u000aperf_event	8	1	1\u000anet_prio	2	1	1\u000ahugetlb	5	1	1\u000apids	10	1	1\u000a
p262
sV/proc/cpuinfo
p263
Vprocessor	: 0\u000avendor_id	: GenuineIntel\u000acpu family	: 6\u000amodel		: 63\u000amodel name	: Intel(R) Xeon(R) Processor @ 2.50GHz\u000astepping	: 2\u000amicrocode	: 0x1\u000acpu MHz		: 2500.010\u000acache size	: 33792 KB\u000aphysical id	: 0\u000asiblings	: 2\u000acore id		: 0\u000acpu cores	: 2\u000aapicid		: 0\u000ainitial apicid	: 0\u000afpu		: yes\u000afpu_exception	: yes\u000acpuid level	: 13\u000awp		: yes\u000aflags		: fpu vme de pse tsc msr pae mce cx8 apic sep mtrr pge mca cmov pat pse36 clflush mmx fxsr sse sse2 ht syscall nx rdtscp lm constant_tsc rep_good nopl xtopology nonstop_tsc cpuid tsc_known_freq pni pclmulqdq ssse3 fma cx16 pcid sse4_1 sse4_2 x2apic movbe popcnt tsc_deadline_timer aes xsave avx f16c rdrand hypervisor lahf_lm abm cpuid_fault invpcid_single pti ssbd ibrs ibpb stibp fsgsbase tsc_adjust bmi1 avx2 smep bmi2 erms invpcid smap xsaveopt arat md_clear arch_capabilities\u000abugs		: cpu_meltdown spectre_v1 spectre_v2 spec_store_bypass l1tf mds swapgs\u000abogomips	: 5000.02\u000aclflush size	: 64\u000acache_alignment	: 64\u000aaddress sizes	: 46 bits physical, 48 bits virtual\u000apower management:\u000a\u000aprocessor	: 1\u000avendor_id	: GenuineIntel\u000acpu family	: 6\u000amodel		: 63\u000amodel name	: Intel(R) Xeon(R) Processor @ 2.50GHz\u000astepping	: 2\u000amicrocode	: 0x1\u000acpu MHz		: 2500.010\u000acache size	: 33792 KB\u000aphysical id	: 0\u000asiblings	: 2\u000acore id		: 1\u000acpu cores	: 2\u000aapicid		: 1\u000ainitial apicid	: 1\u000afpu		: yes\u000afpu_exception	: yes\u000acpuid level	: 13\u000awp		: yes\u000aflags		: fpu vme de pse tsc msr pae mce cx8 apic sep mtrr pge mca cmov pat pse36 clflush mmx fxsr sse sse2 ht syscall nx rdtscp lm constant_tsc rep_good nopl xtopology nonstop_tsc cpuid tsc_known_freq pni pclmulqdq ssse3 fma cx16 pcid sse4_1 sse4_2 x2apic movbe popcnt tsc_deadline_timer aes xsave avx f16c rdrand hypervisor lahf_lm abm cpuid_fault invpcid_single pti ssbd ibrs ibpb stibp fsgsbase tsc_adjust bmi1 avx2 smep bmi2 erms invpcid smap xsaveopt arat md_clear arch_capabilities\u000abugs		: cpu_meltdown spectre_v1 spectre_v2 spec_store_bypass l1tf mds swapgs\u000abogomips	: 5000.02\u000aclflush size	: 64\u000acache_alignment	: 64\u000aaddress sizes	: 46 bits physical, 48 bits virtual\u000apower management:\u000a\u000a
p264
sV/proc/meminfo
p265
VMemTotal:        1717184 kB\u000aMemFree:         1120064 kB\u000aMemAvailable:    1487028 kB\u000aBuffers:           17580 kB\u000aCached:           463700 kB\u000aSwapCached:            0 kB\u000aActive:            94908 kB\u000aInactive:         447180 kB\u000aActive(anon):      60800 kB\u000aInactive(anon):      216 kB\u000aActive(file):      34108 kB\u000aInactive(file):   446964 kB\u000aUnevictable:           0 kB\u000aMlocked:               0 kB\u000aSwapTotal:             0 kB\u000aSwapFree:              0 kB\u000aDirty:              9044 kB\u000aWriteback:             0 kB\u000aAnonPages:         60844 kB\u000aMapped:            35108 kB\u000aShmem:               220 kB\u000aSlab:              42580 kB\u000aSReclaimable:      32796 kB\u000aSUnreclaim:         9784 kB\u000aKernelStack:        1168 kB\u000aPageTables:         1324 kB\u000aNFS_Unstable:          0 kB\u000aBounce:                0 kB\u000aWritebackTmp:          0 kB\u000aCommitLimit:      858592 kB\u000aCommitted_AS:     251596 kB\u000aVmallocTotal:   34359738367 kB\u000aVmallocUsed:           0 kB\u000aVmallocChunk:          0 kB\u000aAnonHugePages:         0 kB\u000aShmemHugePages:        0 kB\u000aShmemPmdMapped:        0 kB\u000aHugePages_Total:       0\u000aHugePages_Free:        0\u000aHugePages_Rsvd:        0\u000aHugePages_Surp:        0\u000aHugepagesize:       2048 kB\u000aDirectMap4k:       19456 kB\u000aDirectMap2M:     1742848 kB\u000a
p266
ssVstatus_key
p267
Vpywren.jobs/6b7585b9-7cf1-44ee-9651-633b866334d0/00005/status.json
p268
sVend_time
p269
F1609060429.4226911
sVlog_group_name
p270
V/aws/lambda/pywren_redis_2
p271
sVdata_key
p272
Vpywren.jobs/6b7585b9-7cf1-44ee-9651-633b866334d0/aggdata.pickle
p273
sa(dp274
Vcallset_id
p275
V6b7585b9-7cf1-44ee-9651-633b866334d0
p276
sVlog_stream_name
p277
V2020/12/27/[$LATEST]8d6b4aaefd814e669f38c44152bfcb56
p278
sVstdout
p279
V
sVfunc_key
p280
Vpywren.jobs/6b7585b9-7cf1-44ee-9651-633b866334d0/func.pickle
p281
sVfree_disk_bytes
p282
I538333184
sVruntime_cached
p283
I00
sVretcode
p284
I0
sVcall_id
p285
V00006
p286
sVoutput_key
p287
Vpywren.jobs/6b7585b9-7cf1-44ee-9651-633b866334d0/00006/output.pickle
p288
sVruntime_s3_key_used
p289
Vbe2299-pywren.runtimes/default_2.7.tar.gz.0080
p290
sVaws_request_id
p291
V4aafc4f3-7f96-4330-a829-fa6a17f57fcb
p292
sVexec_time
p293
F22.152552843093872
sVstart_time
p294
F1609060400.1361279
sVsetup_time
p295
F7.1723151206970215
sVruntime_s3_bucket_used
p296
Vpywren-runtimes-public-us-west-2
p297
sVexception
p298
NsVhost_submit_time
p299
F1609060399.3565941
sVserver_info
p300
(dp301
Vuname
p302
V('Linux', '169.254.238.157', '4.14.203-112.332.amzn2.x86_64', '#1 SMP Wed Nov 4 20:46:34 UTC 2020', 'x86_64', 'x86_64')
p303
sV/proc/self/cgroup
p304
VMemTotal:        1717184 kB\u000aMemFree:         1122488 kB\u000aMemAvailable:    1486340 kB\u000aBuffers:           17492 kB\u000aCached:           460632 kB\u000aSwapCached:            0 kB\u000aActive:            93956 kB\u000aInactive:         445044 kB\u000aActive(anon):      60868 kB\u000aInactive(anon):      216 kB\u000aActive(file):      33088 kB\u000aInactive(file):   444828 kB\u000aUnevictable:           0 kB\u000aMlocked:               0 kB\u000aSwapTotal:             0 kB\u000aSwapFree:              0 kB\u000aDirty:              9836 kB\u000aWriteback:             0 kB\u000aAnonPages:         60864 kB\u000aMapped:            35112 kB\u000aShmem:               220 kB\u000aSlab:              43108 kB\u000aSReclaimable:      32884 kB\u000aSUnreclaim:        10224 kB\u000aKernelStack:        1152 kB\u000aPageTables:         1364 kB\u000aNFS_Unstable:          0 kB\u000aBounce:                0 kB\u000aWritebackTmp:          0 kB\u000aCommitLimit:      858592 kB\u000aCommitted_AS:     255540 kB\u000aVmallocTotal:   34359738367 kB\u000aVmallocUsed:           0 kB\u000aVmallocChunk:          0 kB\u000aAnonHugePages:         0 kB\u000aShmemHugePages:        0 kB\u000aShmemPmdMapped:        0 kB\u000aHugePages_Total:       0\u000aHugePages_Free:        0\u000aHugePages_Rsvd:        0\u000aHugePages_Surp:        0\u000aHugepagesize:       2048 kB\u000aDirectMap4k:       23552 kB\u000aDirectMap2M:     1738752 kB\u000a
p305
sV/proc/cgroups
p306
V#subsys_name	hierarchy	num_cgroups	enabled\u000acpuset	8	1	1\u000acpu	2	5	1\u000acpuacct	2	5	1\u000ablkio	10	1	1\u000amemory	6	5	1\u000adevices	7	1	1\u000afreezer	3	2	1\u000anet_cls	5	1	1\u000aperf_event	11	1	1\u000anet_prio	5	1	1\u000ahugetlb	4	1	1\u000apids	9	1	1\u000a
p307
sV/proc/cpuinfo
p308
Vprocessor	: 0\u000avendor_id	: GenuineIntel\u000acpu family	: 6\u000amodel		: 63\u000amodel name	: Intel(R) Xeon(R) Processor @ 2.50GHz\u000astepping	: 2\u000amicrocode	: 0x1\u000acpu MHz		: 2500.014\u000acache size	: 33792 KB\u000aphysical id	: 0\u000asiblings	: 2\u000acore id		: 0\u000acpu cores	: 2\u000aapicid		: 0\u000ainitial apicid	: 0\u000afpu		: yes\u000afpu_exception	: yes\u000acpuid level	: 13\u000awp		: yes\u000aflags		: fpu vme de pse tsc msr pae mce cx8 apic sep mtrr pge mca cmov pat pse36 clflush mmx fxsr sse sse2 ht syscall nx rdtscp lm constant_tsc rep_good nopl xtopology nonstop_tsc cpuid tsc_known_freq pni pclmulqdq ssse3 fma cx16 pcid sse4_1 sse4_2 x2apic movbe popcnt tsc_deadline_timer aes xsave avx f16c rdrand hypervisor lahf_lm abm cpuid_fault invpcid_single pti ssbd ibrs ibpb stibp fsgsbase tsc_adjust bmi1 avx2 smep bmi2 erms invpcid smap xsaveopt arat md_clear arch_capabilities\u000abugs		: cpu_meltdown spectre_v1 spectre_v2 spec_store_bypass l1tf mds swapgs\u000abogomips	: 5000.02\u000aclflush size	: 64\u000acache_alignment	: 64\u000aaddress sizes	: 46 bits physical, 48 bits virtual\u000apower management:\u000a\u000aprocessor	: 1\u000avendor_id	: GenuineIntel\u000acpu family	: 6\u000amodel		: 63\u000amodel name	: Intel(R) Xeon(R) Processor @ 2.50GHz\u000astepping	: 2\u000amicrocode	: 0x1\u000acpu MHz		: 2500.014\u000acache size	: 33792 KB\u000aphysical id	: 0\u000asiblings	: 2\u000acore id		: 1\u000acpu cores	: 2\u000aapicid		: 1\u000ainitial apicid	: 1\u000afpu		: yes\u000afpu_exception	: yes\u000acpuid level	: 13\u000awp		: yes\u000aflags		: fpu vme de pse tsc msr pae mce cx8 apic sep mtrr pge mca cmov pat pse36 clflush mmx fxsr sse sse2 ht syscall nx rdtscp lm constant_tsc rep_good nopl xtopology nonstop_tsc cpuid tsc_known_freq pni pclmulqdq ssse3 fma cx16 pcid sse4_1 sse4_2 x2apic movbe popcnt tsc_deadline_timer aes xsave avx f16c rdrand hypervisor lahf_lm abm cpuid_fault invpcid_single pti ssbd ibrs ibpb stibp fsgsbase tsc_adjust bmi1 avx2 smep bmi2 erms invpcid smap xsaveopt arat md_clear arch_capabilities\u000abugs		: cpu_meltdown spectre_v1 spectre_v2 spec_store_bypass l1tf mds swapgs\u000abogomips	: 5000.02\u000aclflush size	: 64\u000acache_alignment	: 64\u000aaddress sizes	: 46 bits physical, 48 bits virtual\u000apower management:\u000a\u000a
p309
sV/proc/meminfo
p310
VMemTotal:        1717184 kB\u000aMemFree:         1122488 kB\u000aMemAvailable:    1486340 kB\u000aBuffers:           17492 kB\u000aCached:           460632 kB\u000aSwapCached:            0 kB\u000aActive:            93956 kB\u000aInactive:         445044 kB\u000aActive(anon):      60868 kB\u000aInactive(anon):      216 kB\u000aActive(file):      33088 kB\u000aInactive(file):   444828 kB\u000aUnevictable:           0 kB\u000aMlocked:               0 kB\u000aSwapTotal:             0 kB\u000aSwapFree:              0 kB\u000aDirty:              9836 kB\u000aWriteback:             0 kB\u000aAnonPages:         60864 kB\u000aMapped:            35112 kB\u000aShmem:               220 kB\u000aSlab:              43108 kB\u000aSReclaimable:      32884 kB\u000aSUnreclaim:        10224 kB\u000aKernelStack:        1152 kB\u000aPageTables:         1364 kB\u000aNFS_Unstable:          0 kB\u000aBounce:                0 kB\u000aWritebackTmp:          0 kB\u000aCommitLimit:      858592 kB\u000aCommitted_AS:     255540 kB\u000aVmallocTotal:   34359738367 kB\u000aVmallocUsed:           0 kB\u000aVmallocChunk:          0 kB\u000aAnonHugePages:         0 kB\u000aShmemHugePages:        0 kB\u000aShmemPmdMapped:        0 kB\u000aHugePages_Total:       0\u000aHugePages_Free:        0\u000aHugePages_Rsvd:        0\u000aHugePages_Surp:        0\u000aHugepagesize:       2048 kB\u000aDirectMap4k:       23552 kB\u000aDirectMap2M:     1738752 kB\u000a
p311
ssVstatus_key
p312
Vpywren.jobs/6b7585b9-7cf1-44ee-9651-633b866334d0/00006/status.json
p313
sVend_time
p314
F1609060429.46099
sVlog_group_name
p315
V/aws/lambda/pywren_redis_2
p316
sVdata_key
p317
Vpywren.jobs/6b7585b9-7cf1-44ee-9651-633b866334d0/aggdata.pickle
p318
sa(dp319
Vcallset_id
p320
V6b7585b9-7cf1-44ee-9651-633b866334d0
p321
sVlog_stream_name
p322
V2020/12/27/[$LATEST]3b1b2e52a7fa4ee2a3c9b2cd3dbdbbac
p323
sVstdout
p324
V
sVfunc_key
p325
Vpywren.jobs/6b7585b9-7cf1-44ee-9651-633b866334d0/func.pickle
p326
sVfree_disk_bytes
p327
I538333184
sVruntime_cached
p328
I00
sVretcode
p329
I0
sVcall_id
p330
V00007
p331
sVoutput_key
p332
Vpywren.jobs/6b7585b9-7cf1-44ee-9651-633b866334d0/00007/output.pickle
p333
sVruntime_s3_key_used
p334
Vb094c0-pywren.runtimes/default_2.7.tar.gz.0097
p335
sVaws_request_id
p336
Vc6cc928a-bc84-4f3c-9969-b585f9836132
p337
sVexec_time
p338
F22.170980930328369
sVstart_time
p339
F1609060400.106745
sVsetup_time
p340
F7.2195250988006592
sVruntime_s3_bucket_used
p341
Vpywren-runtimes-public-us-west-2
p342
sVexception
p343
NsVhost_submit_time
p344
F1609060399.37045
sVserver_info
p345
(dp346
Vuname
p347
V('Linux', '169.254.118.173', '4.14.203-112.332.amzn2.x86_64', '#1 SMP Wed Nov 4 20:46:34 UTC 2020', 'x86_64', 'x86_64')
p348
sV/proc/self/cgroup
p349
VMemTotal:        1717184 kB\u000aMemFree:         1118988 kB\u000aMemAvailable:    1486336 kB\u000aBuffers:           17676 kB\u000aCached:           464008 kB\u000aSwapCached:            0 kB\u000aActive:            94876 kB\u000aInactive:         447528 kB\u000aActive(anon):      60712 kB\u000aInactive(anon):      216 kB\u000aActive(file):      34164 kB\u000aInactive(file):   447312 kB\u000aUnevictable:           0 kB\u000aMlocked:               0 kB\u000aSwapTotal:             0 kB\u000aSwapFree:              0 kB\u000aDirty:              9040 kB\u000aWriteback:             0 kB\u000aAnonPages:         60740 kB\u000aMapped:            35388 kB\u000aShmem:               220 kB\u000aSlab:              42788 kB\u000aSReclaimable:      32756 kB\u000aSUnreclaim:        10032 kB\u000aKernelStack:        1152 kB\u000aPageTables:         1332 kB\u000aNFS_Unstable:          0 kB\u000aBounce:                0 kB\u000aWritebackTmp:          0 kB\u000aCommitLimit:      858592 kB\u000aCommitted_AS:     253384 kB\u000aVmallocTotal:   34359738367 kB\u000aVmallocUsed:           0 kB\u000aVmallocChunk:          0 kB\u000aAnonHugePages:         0 kB\u000aShmemHugePages:        0 kB\u000aShmemPmdMapped:        0 kB\u000aHugePages_Total:       0\u000aHugePages_Free:        0\u000aHugePages_Rsvd:        0\u000aHugePages_Surp:        0\u000aHugepagesize:       2048 kB\u000aDirectMap4k:       21504 kB\u000aDirectMap2M:     1740800 kB\u000a
p350
sV/proc/cgroups
p351
V#subsys_name	hierarchy	num_cgroups	enabled\u000acpuset	6	1	1\u000acpu	2	5	1\u000acpuacct	2	5	1\u000ablkio	3	1	1\u000amemory	10	5	1\u000adevices	9	1	1\u000afreezer	8	2	1\u000anet_cls	5	1	1\u000aperf_event	7	1	1\u000anet_prio	5	1	1\u000ahugetlb	11	1	1\u000apids	4	1	1\u000a
p352
sV/proc/cpuinfo
p353
Vprocessor	: 0\u000avendor_id	: GenuineIntel\u000acpu family	: 6\u000amodel		: 63\u000amodel name	: Intel(R) Xeon(R) Processor @ 2.50GHz\u000astepping	: 2\u000amicrocode	: 0x1\u000acpu MHz		: 2500.014\u000acache size	: 33792 KB\u000aphysical id	: 0\u000asiblings	: 2\u000acore id		: 0\u000acpu cores	: 2\u000aapicid		: 0\u000ainitial apicid	: 0\u000afpu		: yes\u000afpu_exception	: yes\u000acpuid level	: 13\u000awp		: yes\u000aflags		: fpu vme de pse tsc msr pae mce cx8 apic sep mtrr pge mca cmov pat pse36 clflush mmx fxsr sse sse2 ht syscall nx rdtscp lm constant_tsc rep_good nopl xtopology nonstop_tsc cpuid tsc_known_freq pni pclmulqdq ssse3 fma cx16 pcid sse4_1 sse4_2 x2apic movbe popcnt tsc_deadline_timer aes xsave avx f16c rdrand hypervisor lahf_lm abm cpuid_fault invpcid_single pti ssbd ibrs ibpb stibp fsgsbase tsc_adjust bmi1 avx2 smep bmi2 erms invpcid smap xsaveopt arat md_clear arch_capabilities\u000abugs		: cpu_meltdown spectre_v1 spectre_v2 spec_store_bypass l1tf mds swapgs\u000abogomips	: 5000.02\u000aclflush size	: 64\u000acache_alignment	: 64\u000aaddress sizes	: 46 bits physical, 48 bits virtual\u000apower management:\u000a\u000aprocessor	: 1\u000avendor_id	: GenuineIntel\u000acpu family	: 6\u000amodel		: 63\u000amodel name	: Intel(R) Xeon(R) Processor @ 2.50GHz\u000astepping	: 2\u000amicrocode	: 0x1\u000acpu MHz		: 2500.014\u000acache size	: 33792 KB\u000aphysical id	: 0\u000asiblings	: 2\u000acore id		: 1\u000acpu cores	: 2\u000aapicid		: 1\u000ainitial apicid	: 1\u000afpu		: yes\u000afpu_exception	: yes\u000acpuid level	: 13\u000awp		: yes\u000aflags		: fpu vme de pse tsc msr pae mce cx8 apic sep mtrr pge mca cmov pat pse36 clflush mmx fxsr sse sse2 ht syscall nx rdtscp lm constant_tsc rep_good nopl xtopology nonstop_tsc cpuid tsc_known_freq pni pclmulqdq ssse3 fma cx16 pcid sse4_1 sse4_2 x2apic movbe popcnt tsc_deadline_timer aes xsave avx f16c rdrand hypervisor lahf_lm abm cpuid_fault invpcid_single pti ssbd ibrs ibpb stibp fsgsbase tsc_adjust bmi1 avx2 smep bmi2 erms invpcid smap xsaveopt arat md_clear arch_capabilities\u000abugs		: cpu_meltdown spectre_v1 spectre_v2 spec_store_bypass l1tf mds swapgs\u000abogomips	: 5000.02\u000aclflush size	: 64\u000acache_alignment	: 64\u000aaddress sizes	: 46 bits physical, 48 bits virtual\u000apower management:\u000a\u000a
p354
sV/proc/meminfo
p355
VMemTotal:        1717184 kB\u000aMemFree:         1118988 kB\u000aMemAvailable:    1486336 kB\u000aBuffers:           17676 kB\u000aCached:           464008 kB\u000aSwapCached:            0 kB\u000aActive:            94876 kB\u000aInactive:         447528 kB\u000aActive(anon):      60712 kB\u000aInactive(anon):      216 kB\u000aActive(file):      34164 kB\u000aInactive(file):   447312 kB\u000aUnevictable:           0 kB\u000aMlocked:               0 kB\u000aSwapTotal:             0 kB\u000aSwapFree:              0 kB\u000aDirty:              9040 kB\u000aWriteback:             0 kB\u000aAnonPages:         60740 kB\u000aMapped:            35388 kB\u000aShmem:               220 kB\u000aSlab:              42788 kB\u000aSReclaimable:      32756 kB\u000aSUnreclaim:        10032 kB\u000aKernelStack:        1152 kB\u000aPageTables:         1332 kB\u000aNFS_Unstable:          0 kB\u000aBounce:                0 kB\u000aWritebackTmp:          0 kB\u000aCommitLimit:      858592 kB\u000aCommitted_AS:     253384 kB\u000aVmallocTotal:   34359738367 kB\u000aVmallocUsed:           0 kB\u000aVmallocChunk:          0 kB\u000aAnonHugePages:         0 kB\u000aShmemHugePages:        0 kB\u000aShmemPmdMapped:        0 kB\u000aHugePages_Total:       0\u000aHugePages_Free:        0\u000aHugePages_Rsvd:        0\u000aHugePages_Surp:        0\u000aHugepagesize:       2048 kB\u000aDirectMap4k:       21504 kB\u000aDirectMap2M:     1740800 kB\u000a
p356
ssVstatus_key
p357
Vpywren.jobs/6b7585b9-7cf1-44ee-9651-633b866334d0/00007/status.json
p358
sVend_time
p359
F1609060429.4972451
sVlog_group_name
p360
V/aws/lambda/pywren_redis_2
p361
sVdata_key
p362
Vpywren.jobs/6b7585b9-7cf1-44ee-9651-633b866334d0/aggdata.pickle
p363
sa(dp364
Vcallset_id
p365
V6b7585b9-7cf1-44ee-9651-633b866334d0
p366
sVlog_stream_name
p367
V2020/12/27/[$LATEST]e0f49c750beb49ffa96a551d72ecd0bb
p368
sVstdout
p369
V
sVfunc_key
p370
Vpywren.jobs/6b7585b9-7cf1-44ee-9651-633b866334d0/func.pickle
p371
sVfree_disk_bytes
p372
I538333184
sVruntime_cached
p373
I00
sVretcode
p374
I0
sVcall_id
p375
V00008
p376
sVoutput_key
p377
Vpywren.jobs/6b7585b9-7cf1-44ee-9651-633b866334d0/00008/output.pickle
p378
sVruntime_s3_key_used
p379
V7da364-pywren.runtimes/default_2.7.tar.gz.0055
p380
sVaws_request_id
p381
V0a6f056f-cf27-4412-bbe6-dd9cd8f81c16
p382
sVexec_time
p383
F22.1004319190979
sVstart_time
p384
F1609060400.156188
sVsetup_time
p385
F7.0852329730987549
sVruntime_s3_bucket_used
p386
Vpywren-runtimes-public-us-west-2
p387
sVexception
p388
NsVhost_submit_time
p389
F1609060399.3765459
sVserver_info
p390
(dp391
Vuname
p392
V('Linux', '169.254.64.181', '4.14.203-112.332.amzn2.x86_64', '#1 SMP Wed Nov 4 20:46:34 UTC 2020', 'x86_64', 'x86_64')
p393
sV/proc/self/cgroup
p394
VMemTotal:        1717184 kB\u000aMemFree:         1119852 kB\u000aMemAvailable:    1486356 kB\u000aBuffers:           17380 kB\u000aCached:           463408 kB\u000aSwapCached:            0 kB\u000aActive:            94296 kB\u000aInactive:         447304 kB\u000aActive(anon):      60804 kB\u000aInactive(anon):      216 kB\u000aActive(file):      33492 kB\u000aInactive(file):   447088 kB\u000aUnevictable:           0 kB\u000aMlocked:               0 kB\u000aSwapTotal:             0 kB\u000aSwapFree:              0 kB\u000aDirty:              8348 kB\u000aWriteback:             0 kB\u000aAnonPages:         60792 kB\u000aMapped:            35588 kB\u000aShmem:               220 kB\u000aSlab:              43108 kB\u000aSReclaimable:      32864 kB\u000aSUnreclaim:        10244 kB\u000aKernelStack:        1152 kB\u000aPageTables:         1396 kB\u000aNFS_Unstable:          0 kB\u000aBounce:                0 kB\u000aWritebackTmp:          0 kB\u000aCommitLimit:      858592 kB\u000aCommitted_AS:     253524 kB\u000aVmallocTotal:   34359738367 kB\u000aVmallocUsed:           0 kB\u000aVmallocChunk:          0 kB\u000aAnonHugePages:         0 kB\u000aShmemHugePages:        0 kB\u000aShmemPmdMapped:        0 kB\u000aHugePages_Total:       0\u000aHugePages_Free:        0\u000aHugePages_Rsvd:        0\u000aHugePages_Surp:        0\u000aHugepagesize:       2048 kB\u000aDirectMap4k:       21504 kB\u000aDirectMap2M:     1740800 kB\u000a
p395
sV/proc/cgroups
p396
V#subsys_name	hierarchy	num_cgroups	enabled\u000acpuset	9	1	1\u000acpu	2	5	1\u000acpuacct	2	5	1\u000ablkio	8	1	1\u000amemory	11	5	1\u000adevices	5	1	1\u000afreezer	10	2	1\u000anet_cls	7	1	1\u000aperf_event	6	1	1\u000anet_prio	7	1	1\u000ahugetlb	3	1	1\u000apids	4	1	1\u000a
p397
sV/proc/cpuinfo
p398
Vprocessor	: 0\u000avendor_id	: GenuineIntel\u000acpu family	: 6\u000amodel		: 63\u000amodel name	: Intel(R) Xeon(R) Processor @ 2.50GHz\u000astepping	: 2\u000amicrocode	: 0x1\u000acpu MHz		: 2500.012\u000acache size	: 33792 KB\u000aphysical id	: 0\u000asiblings	: 2\u000acore id		: 0\u000acpu cores	: 2\u000aapicid		: 0\u000ainitial apicid	: 0\u000afpu		: yes\u000afpu_exception	: yes\u000acpuid level	: 13\u000awp		: yes\u000aflags		: fpu vme de pse tsc msr pae mce cx8 apic sep mtrr pge mca cmov pat pse36 clflush mmx fxsr sse sse2 ht syscall nx rdtscp lm constant_tsc rep_good nopl xtopology nonstop_tsc cpuid tsc_known_freq pni pclmulqdq ssse3 fma cx16 pcid sse4_1 sse4_2 x2apic movbe popcnt tsc_deadline_timer aes xsave avx f16c rdrand hypervisor lahf_lm abm cpuid_fault invpcid_single pti ssbd ibrs ibpb stibp fsgsbase tsc_adjust bmi1 avx2 smep bmi2 erms invpcid smap xsaveopt arat md_clear arch_capabilities\u000abugs		: cpu_meltdown spectre_v1 spectre_v2 spec_store_bypass l1tf mds swapgs\u000abogomips	: 5000.02\u000aclflush size	: 64\u000acache_alignment	: 64\u000aaddress sizes	: 46 bits physical, 48 bits virtual\u000apower management:\u000a\u000aprocessor	: 1\u000avendor_id	: GenuineIntel\u000acpu family	: 6\u000amodel		: 63\u000amodel name	: Intel(R) Xeon(R) Processor @ 2.50GHz\u000astepping	: 2\u000amicrocode	: 0x1\u000acpu MHz		: 2500.012\u000acache size	: 33792 KB\u000aphysical id	: 0\u000asiblings	: 2\u000acore id		: 1\u000acpu cores	: 2\u000aapicid		: 1\u000ainitial apicid	: 1\u000afpu		: yes\u000afpu_exception	: yes\u000acpuid level	: 13\u000awp		: yes\u000aflags		: fpu vme de pse tsc msr pae mce cx8 apic sep mtrr pge mca cmov pat pse36 clflush mmx fxsr sse sse2 ht syscall nx rdtscp lm constant_tsc rep_good nopl xtopology nonstop_tsc cpuid tsc_known_freq pni pclmulqdq ssse3 fma cx16 pcid sse4_1 sse4_2 x2apic movbe popcnt tsc_deadline_timer aes xsave avx f16c rdrand hypervisor lahf_lm abm cpuid_fault invpcid_single pti ssbd ibrs ibpb stibp fsgsbase tsc_adjust bmi1 avx2 smep bmi2 erms invpcid smap xsaveopt arat md_clear arch_capabilities\u000abugs		: cpu_meltdown spectre_v1 spectre_v2 spec_store_bypass l1tf mds swapgs\u000abogomips	: 5000.02\u000aclflush size	: 64\u000acache_alignment	: 64\u000aaddress sizes	: 46 bits physical, 48 bits virtual\u000apower management:\u000a\u000a
p399
sV/proc/meminfo
p400
VMemTotal:        1717184 kB\u000aMemFree:         1119852 kB\u000aMemAvailable:    1486356 kB\u000aBuffers:           17380 kB\u000aCached:           463408 kB\u000aSwapCached:            0 kB\u000aActive:            94296 kB\u000aInactive:         447304 kB\u000aActive(anon):      60804 kB\u000aInactive(anon):      216 kB\u000aActive(file):      33492 kB\u000aInactive(file):   447088 kB\u000aUnevictable:           0 kB\u000aMlocked:               0 kB\u000aSwapTotal:             0 kB\u000aSwapFree:              0 kB\u000aDirty:              8348 kB\u000aWriteback:             0 kB\u000aAnonPages:         60792 kB\u000aMapped:            35588 kB\u000aShmem:               220 kB\u000aSlab:              43108 kB\u000aSReclaimable:      32864 kB\u000aSUnreclaim:        10244 kB\u000aKernelStack:        1152 kB\u000aPageTables:         1396 kB\u000aNFS_Unstable:          0 kB\u000aBounce:                0 kB\u000aWritebackTmp:          0 kB\u000aCommitLimit:      858592 kB\u000aCommitted_AS:     253524 kB\u000aVmallocTotal:   34359738367 kB\u000aVmallocUsed:           0 kB\u000aVmallocChunk:          0 kB\u000aAnonHugePages:         0 kB\u000aShmemHugePages:        0 kB\u000aShmemPmdMapped:        0 kB\u000aHugePages_Total:       0\u000aHugePages_Free:        0\u000aHugePages_Rsvd:        0\u000aHugePages_Surp:        0\u000aHugepagesize:       2048 kB\u000aDirectMap4k:       21504 kB\u000aDirectMap2M:     1740800 kB\u000a
p401
ssVstatus_key
p402
Vpywren.jobs/6b7585b9-7cf1-44ee-9651-633b866334d0/00008/status.json
p403
sVend_time
p404
F1609060429.341846
sVlog_group_name
p405
V/aws/lambda/pywren_redis_2
p406
sVdata_key
p407
Vpywren.jobs/6b7585b9-7cf1-44ee-9651-633b866334d0/aggdata.pickle
p408
sa(dp409
Vcallset_id
p410
V6b7585b9-7cf1-44ee-9651-633b866334d0
p411
sVlog_stream_name
p412
V2020/12/27/[$LATEST]ab0630b2f0ed4f95b3922dd787811f2a
p413
sVstdout
p414
V
sVfunc_key
p415
Vpywren.jobs/6b7585b9-7cf1-44ee-9651-633b866334d0/func.pickle
p416
sVfree_disk_bytes
p417
I538333184
sVruntime_cached
p418
I00
sVretcode
p419
I0
sVcall_id
p420
V00009
p421
sVoutput_key
p422
Vpywren.jobs/6b7585b9-7cf1-44ee-9651-633b866334d0/00009/output.pickle
p423
sVruntime_s3_key_used
p424
V61a2a1-pywren.runtimes/default_2.7.tar.gz.0050
p425
sVaws_request_id
p426
V2fcec581-66ca-43ce-a458-186894cd5c15
p427
sVexec_time
p428
F22.160565137863159
sVstart_time
p429
F1609060400.200182
sVsetup_time
p430
F7.4692449569702148
sVruntime_s3_bucket_used
p431
Vpywren-runtimes-public-us-west-2
p432
sVexception
p433
NsVhost_submit_time
p434
F1609060399.3886161
sVserver_info
p435
(dp436
Vuname
p437
V('Linux', '169.254.198.253', '4.14.203-112.332.amzn2.x86_64', '#1 SMP Wed Nov 4 20:46:34 UTC 2020', 'x86_64', 'x86_64')
p438
sV/proc/self/cgroup
p439
VMemTotal:        1717184 kB\u000aMemFree:         1123212 kB\u000aMemAvailable:    1486028 kB\u000aBuffers:           14432 kB\u000aCached:           462768 kB\u000aSwapCached:            0 kB\u000aActive:            92236 kB\u000aInactive:         446356 kB\u000aActive(anon):      61384 kB\u000aInactive(anon):      216 kB\u000aActive(file):      30852 kB\u000aInactive(file):   446140 kB\u000aUnevictable:           0 kB\u000aMlocked:               0 kB\u000aSwapTotal:             0 kB\u000aSwapFree:              0 kB\u000aDirty:              9932 kB\u000aWriteback:             0 kB\u000aAnonPages:         61380 kB\u000aMapped:            34400 kB\u000aShmem:               220 kB\u000aSlab:              42820 kB\u000aSReclaimable:      32660 kB\u000aSUnreclaim:        10160 kB\u000aKernelStack:        1184 kB\u000aPageTables:         1332 kB\u000aNFS_Unstable:          0 kB\u000aBounce:                0 kB\u000aWritebackTmp:          0 kB\u000aCommitLimit:      858592 kB\u000aCommitted_AS:     260756 kB\u000aVmallocTotal:   34359738367 kB\u000aVmallocUsed:           0 kB\u000aVmallocChunk:          0 kB\u000aAnonHugePages:         0 kB\u000aShmemHugePages:        0 kB\u000aShmemPmdMapped:        0 kB\u000aHugePages_Total:       0\u000aHugePages_Free:        0\u000aHugePages_Rsvd:        0\u000aHugePages_Surp:        0\u000aHugepagesize:       2048 kB\u000aDirectMap4k:       19456 kB\u000aDirectMap2M:     1742848 kB\u000a
p440
sV/proc/cgroups
p441
V#subsys_name	hierarchy	num_cgroups	enabled\u000acpuset	10	1	1\u000acpu	2	5	1\u000acpuacct	2	5	1\u000ablkio	6	1	1\u000amemory	5	5	1\u000adevices	4	1	1\u000afreezer	11	2	1\u000anet_cls	3	1	1\u000aperf_event	8	1	1\u000anet_prio	3	1	1\u000ahugetlb	7	1	1\u000apids	9	1	1\u000a
p442
sV/proc/cpuinfo
p443
Vprocessor	: 0\u000avendor_id	: GenuineIntel\u000acpu family	: 6\u000amodel		: 63\u000amodel name	: Intel(R) Xeon(R) Processor @ 2.50GHz\u000astepping	: 2\u000amicrocode	: 0x1\u000acpu MHz		: 2500.004\u000acache size	: 36608 KB\u000aphysical id	: 0\u000asiblings	: 2\u000acore id		: 0\u000acpu cores	: 2\u000aapicid		: 0\u000ainitial apicid	: 0\u000afpu		: yes\u000afpu_exception	: yes\u000acpuid level	: 13\u000awp		: yes\u000aflags		: fpu vme de pse tsc msr pae mce cx8 apic sep mtrr pge mca cmov pat pse36 clflush mmx fxsr sse sse2 ht syscall nx rdtscp lm constant_tsc rep_good nopl xtopology nonstop_tsc cpuid tsc_known_freq pni pclmulqdq ssse3 fma cx16 pcid sse4_1 sse4_2 x2apic movbe popcnt tsc_deadline_timer aes xsave avx f16c rdrand hypervisor lahf_lm abm cpuid_fault invpcid_single ssbd ibrs ibpb stibp ibrs_enhanced fsgsbase tsc_adjust bmi1 avx2 smep bmi2 erms invpcid smap xsaveopt arat md_clear arch_capabilities\u000abugs		: spectre_v1 spectre_v2 spec_store_bypass swapgs\u000abogomips	: 5000.00\u000aclflush size	: 64\u000acache_alignment	: 64\u000aaddress sizes	: 46 bits physical, 48 bits virtual\u000apower management:\u000a\u000aprocessor	: 1\u000avendor_id	: GenuineIntel\u000acpu family	: 6\u000amodel		: 63\u000amodel name	: Intel(R) Xeon(R) Processor @ 2.50GHz\u000astepping	: 2\u000amicrocode	: 0x1\u000acpu MHz		: 2500.004\u000acache size	: 36608 KB\u000aphysical id	: 0\u000asiblings	: 2\u000acore id		: 1\u000acpu cores	: 2\u000aapicid		: 1\u000ainitial apicid	: 1\u000afpu		: yes\u000afpu_exception	: yes\u000acpuid level	: 13\u000awp		: yes\u000aflags		: fpu vme de pse tsc msr pae mce cx8 apic sep mtrr pge mca cmov pat pse36 clflush mmx fxsr sse sse2 ht syscall nx rdtscp lm constant_tsc rep_good nopl xtopology nonstop_tsc cpuid tsc_known_freq pni pclmulqdq ssse3 fma cx16 pcid sse4_1 sse4_2 x2apic movbe popcnt tsc_deadline_timer aes xsave avx f16c rdrand hypervisor lahf_lm abm cpuid_fault invpcid_single ssbd ibrs ibpb stibp ibrs_enhanced fsgsbase tsc_adjust bmi1 avx2 smep bmi2 erms invpcid smap xsaveopt arat md_clear arch_capabilities\u000abugs		: spectre_v1 spectre_v2 spec_store_bypass swapgs\u000abogomips	: 5000.00\u000aclflush size	: 64\u000acache_alignment	: 64\u000aaddress sizes	: 46 bits physical, 48 bits virtual\u000apower management:\u000a\u000a
p444
sV/proc/meminfo
p445
VMemTotal:        1717184 kB\u000aMemFree:         1123212 kB\u000aMemAvailable:    1486028 kB\u000aBuffers:           14432 kB\u000aCached:           462768 kB\u000aSwapCached:            0 kB\u000aActive:            92236 kB\u000aInactive:         446356 kB\u000aActive(anon):      61384 kB\u000aInactive(anon):      216 kB\u000aActive(file):      30852 kB\u000aInactive(file):   446140 kB\u000aUnevictable:           0 kB\u000aMlocked:               0 kB\u000aSwapTotal:             0 kB\u000aSwapFree:              0 kB\u000aDirty:              9932 kB\u000aWriteback:             0 kB\u000aAnonPages:         61380 kB\u000aMapped:            34400 kB\u000aShmem:               220 kB\u000aSlab:              42820 kB\u000aSReclaimable:      32660 kB\u000aSUnreclaim:        10160 kB\u000aKernelStack:        1184 kB\u000aPageTables:         1332 kB\u000aNFS_Unstable:          0 kB\u000aBounce:                0 kB\u000aWritebackTmp:          0 kB\u000aCommitLimit:      858592 kB\u000aCommitted_AS:     260756 kB\u000aVmallocTotal:   34359738367 kB\u000aVmallocUsed:           0 kB\u000aVmallocChunk:          0 kB\u000aAnonHugePages:         0 kB\u000aShmemHugePages:        0 kB\u000aShmemPmdMapped:        0 kB\u000aHugePages_Total:       0\u000aHugePages_Free:        0\u000aHugePages_Rsvd:        0\u000aHugePages_Surp:        0\u000aHugepagesize:       2048 kB\u000aDirectMap4k:       19456 kB\u000aDirectMap2M:     1742848 kB\u000a
p446
ssVstatus_key
p447
Vpywren.jobs/6b7585b9-7cf1-44ee-9651-633b866334d0/00009/status.json
p448
sVend_time
p449
F1609060429.8299861
sVlog_group_name
p450
V/aws/lambda/pywren_redis_2
p451
sVdata_key
p452
Vpywren.jobs/6b7585b9-7cf1-44ee-9651-633b866334d0/aggdata.pickle
p453
sa(dp454
Vcallset_id
p455
V6b7585b9-7cf1-44ee-9651-633b866334d0
p456
sVlog_stream_name
p457
V2020/12/27/[$LATEST]e477005c6e414b2bb221600f9833edfd
p458
sVstdout
p459
V
sVfunc_key
p460
Vpywren.jobs/6b7585b9-7cf1-44ee-9651-633b866334d0/func.pickle
p461
sVfree_disk_bytes
p462
I538333184
sVruntime_cached
p463
I00
sVretcode
p464
I0
sVcall_id
p465
V00010
p466
sVoutput_key
p467
Vpywren.jobs/6b7585b9-7cf1-44ee-9651-633b866334d0/00010/output.pickle
p468
sVruntime_s3_key_used
p469
V8af9a8-pywren.runtimes/default_2.7.tar.gz.0016
p470
sVaws_request_id
p471
V781d7bc6-6de0-47e9-a28c-82c48f3e7210
p472
sVexec_time
p473
F22.15593409538269
sVstart_time
p474
F1609060400.1574349
sVsetup_time
p475
F7.2838170528411865
sVruntime_s3_bucket_used
p476
Vpywren-runtimes-public-us-west-2
p477
sVexception
p478
NsVhost_submit_time
p479
F1609060399.39656
sVserver_info
p480
(dp481
Vuname
p482
V('Linux', '169.254.0.117', '4.14.203-112.332.amzn2.x86_64', '#1 SMP Wed Nov 4 20:46:34 UTC 2020', 'x86_64', 'x86_64')
p483
sV/proc/self/cgroup
p484
VMemTotal:        1717184 kB\u000aMemFree:         1123300 kB\u000aMemAvailable:    1486504 kB\u000aBuffers:           16708 kB\u000aCached:           460776 kB\u000aSwapCached:            0 kB\u000aActive:            93892 kB\u000aInactive:         444828 kB\u000aActive(anon):      61228 kB\u000aInactive(anon):      216 kB\u000aActive(file):      32664 kB\u000aInactive(file):   444612 kB\u000aUnevictable:           0 kB\u000aMlocked:               0 kB\u000aSwapTotal:             0 kB\u000aSwapFree:              0 kB\u000aDirty:              8616 kB\u000aWriteback:             0 kB\u000aAnonPages:         61224 kB\u000aMapped:            35104 kB\u000aShmem:               220 kB\u000aSlab:              42696 kB\u000aSReclaimable:      32872 kB\u000aSUnreclaim:         9824 kB\u000aKernelStack:        1152 kB\u000aPageTables:         1348 kB\u000aNFS_Unstable:          0 kB\u000aBounce:                0 kB\u000aWritebackTmp:          0 kB\u000aCommitLimit:      858592 kB\u000aCommitted_AS:     253560 kB\u000aVmallocTotal:   34359738367 kB\u000aVmallocUsed:           0 kB\u000aVmallocChunk:          0 kB\u000aAnonHugePages:         0 kB\u000aShmemHugePages:        0 kB\u000aShmemPmdMapped:        0 kB\u000aHugePages_Total:       0\u000aHugePages_Free:        0\u000aHugePages_Rsvd:        0\u000aHugePages_Surp:        0\u000aHugepagesize:       2048 kB\u000aDirectMap4k:       23552 kB\u000aDirectMap2M:     1738752 kB\u000a
p485
sV/proc/cgroups
p486
V#subsys_name	hierarchy	num_cgroups	enabled\u000acpuset	5	1	1\u000acpu	9	5	1\u000acpuacct	9	5	1\u000ablkio	8	1	1\u000amemory	4	5	1\u000adevices	10	1	1\u000afreezer	11	2	1\u000anet_cls	3	1	1\u000aperf_event	2	1	1\u000anet_prio	3	1	1\u000ahugetlb	7	1	1\u000apids	6	1	1\u000a
p487
sV/proc/cpuinfo
p488
Vprocessor	: 0\u000avendor_id	: GenuineIntel\u000acpu family	: 6\u000amodel		: 63\u000amodel name	: Intel(R) Xeon(R) Processor @ 2.50GHz\u000astepping	: 2\u000amicrocode	: 0x1\u000acpu MHz		: 2500.008\u000acache size	: 36608 KB\u000aphysical id	: 0\u000asiblings	: 2\u000acore id		: 0\u000acpu cores	: 2\u000aapicid		: 0\u000ainitial apicid	: 0\u000afpu		: yes\u000afpu_exception	: yes\u000acpuid level	: 13\u000awp		: yes\u000aflags		: fpu vme de pse tsc msr pae mce cx8 apic sep mtrr pge mca cmov pat pse36 clflush mmx fxsr sse sse2 ht syscall nx rdtscp lm constant_tsc rep_good nopl xtopology nonstop_tsc cpuid tsc_known_freq pni pclmulqdq ssse3 fma cx16 pcid sse4_1 sse4_2 x2apic movbe popcnt tsc_deadline_timer aes xsave avx f16c rdrand hypervisor lahf_lm abm cpuid_fault invpcid_single ssbd ibrs ibpb stibp ibrs_enhanced fsgsbase tsc_adjust bmi1 avx2 smep bmi2 erms invpcid smap xsaveopt arat md_clear arch_capabilities\u000abugs		: spectre_v1 spectre_v2 spec_store_bypass swapgs\u000abogomips	: 5000.01\u000aclflush size	: 64\u000acache_alignment	: 64\u000aaddress sizes	: 46 bits physical, 48 bits virtual\u000apower management:\u000a\u000aprocessor	: 1\u000avendor_id	: GenuineIntel\u000acpu family	: 6\u000amodel		: 63\u000amodel name	: Intel(R) Xeon(R) Processor @ 2.50GHz\u000astepping	: 2\u000amicrocode	: 0x1\u000acpu MHz		: 2500.008\u000acache size	: 36608 KB\u000aphysical id	: 0\u000asiblings	: 2\u000acore id		: 1\u000acpu cores	: 2\u000aapicid		: 1\u000ainitial apicid	: 1\u000afpu		: yes\u000afpu_exception	: yes\u000acpuid level	: 13\u000awp		: yes\u000aflags		: fpu vme de pse tsc msr pae mce cx8 apic sep mtrr pge mca cmov pat pse36 clflush mmx fxsr sse sse2 ht syscall nx rdtscp lm constant_tsc rep_good nopl xtopology nonstop_tsc cpuid tsc_known_freq pni pclmulqdq ssse3 fma cx16 pcid sse4_1 sse4_2 x2apic movbe popcnt tsc_deadline_timer aes xsave avx f16c rdrand hypervisor lahf_lm abm cpuid_fault invpcid_single ssbd ibrs ibpb stibp ibrs_enhanced fsgsbase tsc_adjust bmi1 avx2 smep bmi2 erms invpcid smap xsaveopt arat md_clear arch_capabilities\u000abugs		: spectre_v1 spectre_v2 spec_store_bypass swapgs\u000abogomips	: 5000.01\u000aclflush size	: 64\u000acache_alignment	: 64\u000aaddress sizes	: 46 bits physical, 48 bits virtual\u000apower management:\u000a\u000a
p489
sV/proc/meminfo
p490
VMemTotal:        1717184 kB\u000aMemFree:         1123300 kB\u000aMemAvailable:    1486504 kB\u000aBuffers:           16708 kB\u000aCached:           460776 kB\u000aSwapCached:            0 kB\u000aActive:            93892 kB\u000aInactive:         444828 kB\u000aActive(anon):      61228 kB\u000aInactive(anon):      216 kB\u000aActive(file):      32664 kB\u000aInactive(file):   444612 kB\u000aUnevictable:           0 kB\u000aMlocked:               0 kB\u000aSwapTotal:             0 kB\u000aSwapFree:              0 kB\u000aDirty:              8616 kB\u000aWriteback:             0 kB\u000aAnonPages:         61224 kB\u000aMapped:            35104 kB\u000aShmem:               220 kB\u000aSlab:              42696 kB\u000aSReclaimable:      32872 kB\u000aSUnreclaim:         9824 kB\u000aKernelStack:        1152 kB\u000aPageTables:         1348 kB\u000aNFS_Unstable:          0 kB\u000aBounce:                0 kB\u000aWritebackTmp:          0 kB\u000aCommitLimit:      858592 kB\u000aCommitted_AS:     253560 kB\u000aVmallocTotal:   34359738367 kB\u000aVmallocUsed:           0 kB\u000aVmallocChunk:          0 kB\u000aAnonHugePages:         0 kB\u000aShmemHugePages:        0 kB\u000aShmemPmdMapped:        0 kB\u000aHugePages_Total:       0\u000aHugePages_Free:        0\u000aHugePages_Rsvd:        0\u000aHugePages_Surp:        0\u000aHugepagesize:       2048 kB\u000aDirectMap4k:       23552 kB\u000aDirectMap2M:     1738752 kB\u000a
p491
ssVstatus_key
p492
Vpywren.jobs/6b7585b9-7cf1-44ee-9651-633b866334d0/00010/status.json
p493
sVend_time
p494
F1609060429.5971799
sVlog_group_name
p495
V/aws/lambda/pywren_redis_2
p496
sVdata_key
p497
Vpywren.jobs/6b7585b9-7cf1-44ee-9651-633b866334d0/aggdata.pickle
p498
sa(dp499
Vcallset_id
p500
V6b7585b9-7cf1-44ee-9651-633b866334d0
p501
sVlog_stream_name
p502
V2020/12/27/[$LATEST]610d713fb58e49fab3f16b77d9823da9
p503
sVstdout
p504
V
sVfunc_key
p505
Vpywren.jobs/6b7585b9-7cf1-44ee-9651-633b866334d0/func.pickle
p506
sVfree_disk_bytes
p507
I538333184
sVruntime_cached
p508
I00
sVretcode
p509
I0
sVcall_id
p510
V00011
p511
sVoutput_key
p512
Vpywren.jobs/6b7585b9-7cf1-44ee-9651-633b866334d0/00011/output.pickle
p513
sVruntime_s3_key_used
p514
V063896-pywren.runtimes/default_2.7.tar.gz.0042
p515
sVaws_request_id
p516
Vddccae3b-b328-4633-9f69-3d33e39d7e13
p517
sVexec_time
p518
F22.149755954742432
sVstart_time
p519
F1609060400.135958
sVsetup_time
p520
F7.0864191055297852
sVruntime_s3_bucket_used
p521
Vpywren-runtimes-public-us-west-2
p522
sVexception
p523
NsVhost_submit_time
p524
F1609060399.4026451
sVserver_info
p525
(dp526
Vuname
p527
V('Linux', '169.254.189.77', '4.14.203-112.332.amzn2.x86_64', '#1 SMP Wed Nov 4 20:46:34 UTC 2020', 'x86_64', 'x86_64')
p528
sV/proc/self/cgroup
p529
VMemTotal:        1717184 kB\u000aMemFree:         1119488 kB\u000aMemAvailable:    1486868 kB\u000aBuffers:           17716 kB\u000aCached:           463932 kB\u000aSwapCached:            0 kB\u000aActive:            95260 kB\u000aInactive:         447208 kB\u000aActive(anon):      60812 kB\u000aInactive(anon):      216 kB\u000aActive(file):      34448 kB\u000aInactive(file):   446992 kB\u000aUnevictable:           0 kB\u000aMlocked:               0 kB\u000aSwapTotal:             0 kB\u000aSwapFree:              0 kB\u000aDirty:              8272 kB\u000aWriteback:             0 kB\u000aAnonPages:         60808 kB\u000aMapped:            35072 kB\u000aShmem:               220 kB\u000aSlab:              42716 kB\u000aSReclaimable:      32892 kB\u000aSUnreclaim:         9824 kB\u000aKernelStack:        1152 kB\u000aPageTables:         1340 kB\u000aNFS_Unstable:          0 kB\u000aBounce:                0 kB\u000aWritebackTmp:          0 kB\u000aCommitLimit:      858592 kB\u000aCommitted_AS:     253320 kB\u000aVmallocTotal:   34359738367 kB\u000aVmallocUsed:           0 kB\u000aVmallocChunk:          0 kB\u000aAnonHugePages:         0 kB\u000aShmemHugePages:        0 kB\u000aShmemPmdMapped:        0 kB\u000aHugePages_Total:       0\u000aHugePages_Free:        0\u000aHugePages_Rsvd:        0\u000aHugePages_Surp:        0\u000aHugepagesize:       2048 kB\u000aDirectMap4k:       19456 kB\u000aDirectMap2M:     1742848 kB\u000a
p530
sV/proc/cgroups
p531
V#subsys_name	hierarchy	num_cgroups	enabled\u000acpuset	11	1	1\u000acpu	3	5	1\u000acpuacct	3	5	1\u000ablkio	6	1	1\u000amemory	7	5	1\u000adevices	2	1	1\u000afreezer	9	2	1\u000anet_cls	4	1	1\u000aperf_event	10	1	1\u000anet_prio	4	1	1\u000ahugetlb	5	1	1\u000apids	8	1	1\u000a
p532
sV/proc/cpuinfo
p533
Vprocessor	: 0\u000avendor_id	: GenuineIntel\u000acpu family	: 6\u000amodel		: 63\u000amodel name	: Intel(R) Xeon(R) Processor @ 2.50GHz\u000astepping	: 2\u000amicrocode	: 0x1\u000acpu MHz		: 2500.012\u000acache size	: 33792 KB\u000aphysical id	: 0\u000asiblings	: 2\u000acore id		: 0\u000acpu cores	: 2\u000aapicid		: 0\u000ainitial apicid	: 0\u000afpu		: yes\u000afpu_exception	: yes\u000acpuid level	: 13\u000awp		: yes\u000aflags		: fpu vme de pse tsc msr pae mce cx8 apic sep mtrr pge mca cmov pat pse36 clflush mmx fxsr sse sse2 ht syscall nx rdtscp lm constant_tsc rep_good nopl xtopology nonstop_tsc cpuid tsc_known_freq pni pclmulqdq ssse3 fma cx16 pcid sse4_1 sse4_2 x2apic movbe popcnt tsc_deadline_timer aes xsave avx f16c rdrand hypervisor lahf_lm abm cpuid_fault invpcid_single pti ssbd ibrs ibpb stibp fsgsbase tsc_adjust bmi1 avx2 smep bmi2 erms invpcid smap xsaveopt arat md_clear arch_capabilities\u000abugs		: cpu_meltdown spectre_v1 spectre_v2 spec_store_bypass l1tf mds swapgs\u000abogomips	: 5000.02\u000aclflush size	: 64\u000acache_alignment	: 64\u000aaddress sizes	: 46 bits physical, 48 bits virtual\u000apower management:\u000a\u000aprocessor	: 1\u000avendor_id	: GenuineIntel\u000acpu family	: 6\u000amodel		: 63\u000amodel name	: Intel(R) Xeon(R) Processor @ 2.50GHz\u000astepping	: 2\u000amicrocode	: 0x1\u000acpu MHz		: 2500.012\u000acache size	: 33792 KB\u000aphysical id	: 0\u000asiblings	: 2\u000acore id		: 1\u000acpu cores	: 2\u000aapicid		: 1\u000ainitial apicid	: 1\u000afpu		: yes\u000afpu_exception	: yes\u000acpuid level	: 13\u000awp		: yes\u000aflags		: fpu vme de pse tsc msr pae mce cx8 apic sep mtrr pge mca cmov pat pse36 clflush mmx fxsr sse sse2 ht syscall nx rdtscp lm constant_tsc rep_good nopl xtopology nonstop_tsc cpuid tsc_known_freq pni pclmulqdq ssse3 fma cx16 pcid sse4_1 sse4_2 x2apic movbe popcnt tsc_deadline_timer aes xsave avx f16c rdrand hypervisor lahf_lm abm cpuid_fault invpcid_single pti ssbd ibrs ibpb stibp fsgsbase tsc_adjust bmi1 avx2 smep bmi2 erms invpcid smap xsaveopt arat md_clear arch_capabilities\u000abugs		: cpu_meltdown spectre_v1 spectre_v2 spec_store_bypass l1tf mds swapgs\u000abogomips	: 5000.02\u000aclflush size	: 64\u000acache_alignment	: 64\u000aaddress sizes	: 46 bits physical, 48 bits virtual\u000apower management:\u000a\u000a
p534
sV/proc/meminfo
p535
VMemTotal:        1717184 kB\u000aMemFree:         1119488 kB\u000aMemAvailable:    1486868 kB\u000aBuffers:           17716 kB\u000aCached:           463932 kB\u000aSwapCached:            0 kB\u000aActive:            95260 kB\u000aInactive:         447208 kB\u000aActive(anon):      60812 kB\u000aInactive(anon):      216 kB\u000aActive(file):      34448 kB\u000aInactive(file):   446992 kB\u000aUnevictable:           0 kB\u000aMlocked:               0 kB\u000aSwapTotal:             0 kB\u000aSwapFree:              0 kB\u000aDirty:              8272 kB\u000aWriteback:             0 kB\u000aAnonPages:         60808 kB\u000aMapped:            35072 kB\u000aShmem:               220 kB\u000aSlab:              42716 kB\u000aSReclaimable:      32892 kB\u000aSUnreclaim:         9824 kB\u000aKernelStack:        1152 kB\u000aPageTables:         1340 kB\u000aNFS_Unstable:          0 kB\u000aBounce:                0 kB\u000aWritebackTmp:          0 kB\u000aCommitLimit:      858592 kB\u000aCommitted_AS:     253320 kB\u000aVmallocTotal:   34359738367 kB\u000aVmallocUsed:           0 kB\u000aVmallocChunk:          0 kB\u000aAnonHugePages:         0 kB\u000aShmemHugePages:        0 kB\u000aShmemPmdMapped:        0 kB\u000aHugePages_Total:       0\u000aHugePages_Free:        0\u000aHugePages_Rsvd:        0\u000aHugePages_Surp:        0\u000aHugepagesize:       2048 kB\u000aDirectMap4k:       19456 kB\u000aDirectMap2M:     1742848 kB\u000a
p536
ssVstatus_key
p537
Vpywren.jobs/6b7585b9-7cf1-44ee-9651-633b866334d0/00011/status.json
p538
sVend_time
p539
F1609060429.3721271
sVlog_group_name
p540
V/aws/lambda/pywren_redis_2
p541
sVdata_key
p542
Vpywren.jobs/6b7585b9-7cf1-44ee-9651-633b866334d0/aggdata.pickle
p543
sa(dp544
Vcallset_id
p545
V6b7585b9-7cf1-44ee-9651-633b866334d0
p546
sVlog_stream_name
p547
V2020/12/27/[$LATEST]27eb13c3e55b479c94e43d323437ff34
p548
sVstdout
p549
V
sVfunc_key
p550
Vpywren.jobs/6b7585b9-7cf1-44ee-9651-633b866334d0/func.pickle
p551
sVfree_disk_bytes
p552
I538333184
sVruntime_cached
p553
I00
sVretcode
p554
I0
sVcall_id
p555
V00012
p556
sVoutput_key
p557
Vpywren.jobs/6b7585b9-7cf1-44ee-9651-633b866334d0/00012/output.pickle
p558
sVruntime_s3_key_used
p559
V7d9958-pywren.runtimes/default_2.7.tar.gz.0030
p560
sVaws_request_id
p561
Vda64e630-a79e-4b08-a6c2-81a0216be15a
p562
sVexec_time
p563
F22.100608825683594
sVstart_time
p564
F1609060400.1547019
sVsetup_time
p565
F7.1479251384735107
sVruntime_s3_bucket_used
p566
Vpywren-runtimes-public-us-west-2
p567
sVexception
p568
NsVhost_submit_time
p569
F1609060399.403971
sVserver_info
p570
(dp571
Vuname
p572
V('Linux', '169.254.190.245', '4.14.203-112.332.amzn2.x86_64', '#1 SMP Wed Nov 4 20:46:34 UTC 2020', 'x86_64', 'x86_64')
p573
sV/proc/self/cgroup
p574
VMemTotal:        1717184 kB\u000aMemFree:         1119380 kB\u000aMemAvailable:    1486080 kB\u000aBuffers:           17320 kB\u000aCached:           463664 kB\u000aSwapCached:            0 kB\u000aActive:            94844 kB\u000aInactive:         447424 kB\u000aActive(anon):      61276 kB\u000aInactive(anon):      216 kB\u000aActive(file):      33568 kB\u000aInactive(file):   447208 kB\u000aUnevictable:           0 kB\u000aMlocked:               0 kB\u000aSwapTotal:             0 kB\u000aSwapFree:              0 kB\u000aDirty:              8788 kB\u000aWriteback:             0 kB\u000aAnonPages:         61236 kB\u000aMapped:            34908 kB\u000aShmem:               220 kB\u000aSlab:              43040 kB\u000aSReclaimable:      32864 kB\u000aSUnreclaim:        10176 kB\u000aKernelStack:        1184 kB\u000aPageTables:         1412 kB\u000aNFS_Unstable:          0 kB\u000aBounce:                0 kB\u000aWritebackTmp:          0 kB\u000aCommitLimit:      858592 kB\u000aCommitted_AS:     251704 kB\u000aVmallocTotal:   34359738367 kB\u000aVmallocUsed:           0 kB\u000aVmallocChunk:          0 kB\u000aAnonHugePages:         0 kB\u000aShmemHugePages:        0 kB\u000aShmemPmdMapped:        0 kB\u000aHugePages_Total:       0\u000aHugePages_Free:        0\u000aHugePages_Rsvd:        0\u000aHugePages_Surp:        0\u000aHugepagesize:       2048 kB\u000aDirectMap4k:       19456 kB\u000aDirectMap2M:     1742848 kB\u000a
p575
sV/proc/cgroups
p576
V#subsys_name	hierarchy	num_cgroups	enabled\u000acpuset	3	1	1\u000acpu	10	5	1\u000acpuacct	10	5	1\u000ablkio	7	1	1\u000amemory	11	5	1\u000adevices	4	1	1\u000afreezer	8	2	1\u000anet_cls	2	1	1\u000aperf_event	5	1	1\u000anet_prio	2	1	1\u000ahugetlb	9	1	1\u000apids	6	1	1\u000a
p577
sV/proc/cpuinfo
p578
Vprocessor	: 0\u000avendor_id	: GenuineIntel\u000acpu family	: 6\u000amodel		: 63\u000amodel name	: Intel(R) Xeon(R) Processor @ 2.50GHz\u000astepping	: 2\u000amicrocode	: 0x1\u000acpu MHz		: 2499.996\u000acache size	: 33792 KB\u000aphysical id	: 0\u000asiblings	: 2\u000acore id		: 0\u000acpu cores	: 2\u000aapicid		: 0\u000ainitial apicid	: 0\u000afpu		: yes\u000afpu_exception	: yes\u000acpuid level	: 13\u000awp		: yes\u000aflags		: fpu vme de pse tsc msr pae mce cx8 apic sep mtrr pge mca cmov pat pse36 clflush mmx fxsr sse sse2 ht syscall nx rdtscp lm constant_tsc rep_good nopl xtopology nonstop_tsc cpuid tsc_known_freq pni pclmulqdq ssse3 fma cx16 pcid sse4_1 sse4_2 x2apic movbe popcnt tsc_deadline_timer aes xsave avx f16c rdrand hypervisor lahf_lm abm cpuid_fault invpcid_single pti ssbd ibrs ibpb stibp fsgsbase tsc_adjust bmi1 avx2 smep bmi2 erms invpcid smap xsaveopt arat md_clear arch_capabilities\u000abugs		: cpu_meltdown spectre_v1 spectre_v2 spec_store_bypass l1tf mds swapgs\u000abogomips	: 4999.99\u000aclflush size	: 64\u000acache_alignment	: 64\u000aaddress sizes	: 46 bits physical, 48 bits virtual\u000apower management:\u000a\u000aprocessor	: 1\u000avendor_id	: GenuineIntel\u000acpu family	: 6\u000amodel		: 63\u000amodel name	: Intel(R) Xeon(R) Processor @ 2.50GHz\u000astepping	: 2\u000amicrocode	: 0x1\u000acpu MHz		: 2499.996\u000acache size	: 33792 KB\u000aphysical id	: 0\u000asiblings	: 2\u000acore id		: 1\u000acpu cores	: 2\u000aapicid		: 1\u000ainitial apicid	: 1\u000afpu		: yes\u000afpu_exception	: yes\u000acpuid level	: 13\u000awp		: yes\u000aflags		: fpu vme de pse tsc msr pae mce cx8 apic sep mtrr pge mca cmov pat pse36 clflush mmx fxsr sse sse2 ht syscall nx rdtscp lm constant_tsc rep_good nopl xtopology nonstop_tsc cpuid tsc_known_freq pni pclmulqdq ssse3 fma cx16 pcid sse4_1 sse4_2 x2apic movbe popcnt tsc_deadline_timer aes xsave avx f16c rdrand hypervisor lahf_lm abm cpuid_fault invpcid_single pti ssbd ibrs ibpb stibp fsgsbase tsc_adjust bmi1 avx2 smep bmi2 erms invpcid smap xsaveopt arat md_clear arch_capabilities\u000abugs		: cpu_meltdown spectre_v1 spectre_v2 spec_store_bypass l1tf mds swapgs\u000abogomips	: 4999.99\u000aclflush size	: 64\u000acache_alignment	: 64\u000aaddress sizes	: 46 bits physical, 48 bits virtual\u000apower management:\u000a\u000a
p579
sV/proc/meminfo
p580
VMemTotal:        1717184 kB\u000aMemFree:         1119380 kB\u000aMemAvailable:    1486080 kB\u000aBuffers:           17320 kB\u000aCached:           463664 kB\u000aSwapCached:            0 kB\u000aActive:            94844 kB\u000aInactive:         447424 kB\u000aActive(anon):      61276 kB\u000aInactive(anon):      216 kB\u000aActive(file):      33568 kB\u000aInactive(file):   447208 kB\u000aUnevictable:           0 kB\u000aMlocked:               0 kB\u000aSwapTotal:             0 kB\u000aSwapFree:              0 kB\u000aDirty:              8788 kB\u000aWriteback:             0 kB\u000aAnonPages:         61236 kB\u000aMapped:            34908 kB\u000aShmem:               220 kB\u000aSlab:              43040 kB\u000aSReclaimable:      32864 kB\u000aSUnreclaim:        10176 kB\u000aKernelStack:        1184 kB\u000aPageTables:         1412 kB\u000aNFS_Unstable:          0 kB\u000aBounce:                0 kB\u000aWritebackTmp:          0 kB\u000aCommitLimit:      858592 kB\u000aCommitted_AS:     251704 kB\u000aVmallocTotal:   34359738367 kB\u000aVmallocUsed:           0 kB\u000aVmallocChunk:          0 kB\u000aAnonHugePages:         0 kB\u000aShmemHugePages:        0 kB\u000aShmemPmdMapped:        0 kB\u000aHugePages_Total:       0\u000aHugePages_Free:        0\u000aHugePages_Rsvd:        0\u000aHugePages_Surp:        0\u000aHugepagesize:       2048 kB\u000aDirectMap4k:       19456 kB\u000aDirectMap2M:     1742848 kB\u000a
p581
ssVstatus_key
p582
Vpywren.jobs/6b7585b9-7cf1-44ee-9651-633b866334d0/00012/status.json
p583
sVend_time
p584
F1609060429.40323
sVlog_group_name
p585
V/aws/lambda/pywren_redis_2
p586
sVdata_key
p587
Vpywren.jobs/6b7585b9-7cf1-44ee-9651-633b866334d0/aggdata.pickle
p588
sa(dp589
Vcallset_id
p590
V6b7585b9-7cf1-44ee-9651-633b866334d0
p591
sVlog_stream_name
p592
V2020/12/27/[$LATEST]fa2ab9db346a4b3fad78101f1a3a8275
p593
sVstdout
p594
V
sVfunc_key
p595
Vpywren.jobs/6b7585b9-7cf1-44ee-9651-633b866334d0/func.pickle
p596
sVfree_disk_bytes
p597
I538333184
sVruntime_cached
p598
I00
sVretcode
p599
I0
sVcall_id
p600
V00013
p601
sVoutput_key
p602
Vpywren.jobs/6b7585b9-7cf1-44ee-9651-633b866334d0/00013/output.pickle
p603
sVruntime_s3_key_used
p604
V8e1b7d-pywren.runtimes/default_2.7.tar.gz.0033
p605
sVaws_request_id
p606
Vc45b2611-2274-46ad-94dc-b51908d38f75
p607
sVexec_time
p608
F22.117868900299072
sVstart_time
p609
F1609060400.1178
sVsetup_time
p610
F6.9092071056365967
sVruntime_s3_bucket_used
p611
Vpywren-runtimes-public-us-west-2
p612
sVexception
p613
NsVhost_submit_time
p614
F1609060399.409183
sVserver_info
p615
(dp616
Vuname
p617
V('Linux', '169.254.37.253', '4.14.203-112.332.amzn2.x86_64', '#1 SMP Wed Nov 4 20:46:34 UTC 2020', 'x86_64', 'x86_64')
p618
sV/proc/self/cgroup
p619
VMemTotal:        1717184 kB\u000aMemFree:         1120968 kB\u000aMemAvailable:    1486444 kB\u000aBuffers:           16732 kB\u000aCached:           463048 kB\u000aSwapCached:            0 kB\u000aActive:            93912 kB\u000aInactive:         446828 kB\u000aActive(anon):      60952 kB\u000aInactive(anon):      216 kB\u000aActive(file):      32960 kB\u000aInactive(file):   446612 kB\u000aUnevictable:           0 kB\u000aMlocked:               0 kB\u000aSwapTotal:             0 kB\u000aSwapFree:              0 kB\u000aDirty:             10344 kB\u000aWriteback:             0 kB\u000aAnonPages:         60948 kB\u000aMapped:            35100 kB\u000aShmem:               220 kB\u000aSlab:              42892 kB\u000aSReclaimable:      32820 kB\u000aSUnreclaim:        10072 kB\u000aKernelStack:        1152 kB\u000aPageTables:         1328 kB\u000aNFS_Unstable:          0 kB\u000aBounce:                0 kB\u000aWritebackTmp:          0 kB\u000aCommitLimit:      858592 kB\u000aCommitted_AS:     253504 kB\u000aVmallocTotal:   34359738367 kB\u000aVmallocUsed:           0 kB\u000aVmallocChunk:          0 kB\u000aAnonHugePages:         0 kB\u000aShmemHugePages:        0 kB\u000aShmemPmdMapped:        0 kB\u000aHugePages_Total:       0\u000aHugePages_Free:        0\u000aHugePages_Rsvd:        0\u000aHugePages_Surp:        0\u000aHugepagesize:       2048 kB\u000aDirectMap4k:       23552 kB\u000aDirectMap2M:     1738752 kB\u000a
p620
sV/proc/cgroups
p621
V#subsys_name	hierarchy	num_cgroups	enabled\u000acpuset	7	1	1\u000acpu	2	5	1\u000acpuacct	2	5	1\u000ablkio	4	1	1\u000amemory	9	5	1\u000adevices	11	1	1\u000afreezer	8	2	1\u000anet_cls	5	1	1\u000aperf_event	6	1	1\u000anet_prio	5	1	1\u000ahugetlb	3	1	1\u000apids	10	1	1\u000a
p622
sV/proc/cpuinfo
p623
Vprocessor	: 0\u000avendor_id	: GenuineIntel\u000acpu family	: 6\u000amodel		: 63\u000amodel name	: Intel(R) Xeon(R) Processor @ 2.50GHz\u000astepping	: 2\u000amicrocode	: 0x1\u000acpu MHz		: 2500.012\u000acache size	: 36608 KB\u000aphysical id	: 0\u000asiblings	: 2\u000acore id		: 0\u000acpu cores	: 2\u000aapicid		: 0\u000ainitial apicid	: 0\u000afpu		: yes\u000afpu_exception	: yes\u000acpuid level	: 13\u000awp		: yes\u000aflags		: fpu vme de pse tsc msr pae mce cx8 apic sep mtrr pge mca cmov pat pse36 clflush mmx fxsr sse sse2 ht syscall nx rdtscp lm constant_tsc rep_good nopl xtopology nonstop_tsc cpuid tsc_known_freq pni pclmulqdq ssse3 fma cx16 pcid sse4_1 sse4_2 x2apic movbe popcnt tsc_deadline_timer aes xsave avx f16c rdrand hypervisor lahf_lm abm cpuid_fault invpcid_single ssbd ibrs ibpb stibp ibrs_enhanced fsgsbase tsc_adjust bmi1 avx2 smep bmi2 erms invpcid smap xsaveopt arat md_clear arch_capabilities\u000abugs		: spectre_v1 spectre_v2 spec_store_bypass swapgs\u000abogomips	: 5000.02\u000aclflush size	: 64\u000acache_alignment	: 64\u000aaddress sizes	: 46 bits physical, 48 bits virtual\u000apower management:\u000a\u000aprocessor	: 1\u000avendor_id	: GenuineIntel\u000acpu family	: 6\u000amodel		: 63\u000amodel name	: Intel(R) Xeon(R) Processor @ 2.50GHz\u000astepping	: 2\u000amicrocode	: 0x1\u000acpu MHz		: 2500.012\u000acache size	: 36608 KB\u000aphysical id	: 0\u000asiblings	: 2\u000acore id		: 1\u000acpu cores	: 2\u000aapicid		: 1\u000ainitial apicid	: 1\u000afpu		: yes\u000afpu_exception	: yes\u000acpuid level	: 13\u000awp		: yes\u000aflags		: fpu vme de pse tsc msr pae mce cx8 apic sep mtrr pge mca cmov pat pse36 clflush mmx fxsr sse sse2 ht syscall nx rdtscp lm constant_tsc rep_good nopl xtopology nonstop_tsc cpuid tsc_known_freq pni pclmulqdq ssse3 fma cx16 pcid sse4_1 sse4_2 x2apic movbe popcnt tsc_deadline_timer aes xsave avx f16c rdrand hypervisor lahf_lm abm cpuid_fault invpcid_single ssbd ibrs ibpb stibp ibrs_enhanced fsgsbase tsc_adjust bmi1 avx2 smep bmi2 erms invpcid smap xsaveopt arat md_clear arch_capabilities\u000abugs		: spectre_v1 spectre_v2 spec_store_bypass swapgs\u000abogomips	: 5000.02\u000aclflush size	: 64\u000acache_alignment	: 64\u000aaddress sizes	: 46 bits physical, 48 bits virtual\u000apower management:\u000a\u000a
p624
sV/proc/meminfo
p625
VMemTotal:        1717184 kB\u000aMemFree:         1120968 kB\u000aMemAvailable:    1486444 kB\u000aBuffers:           16732 kB\u000aCached:           463048 kB\u000aSwapCached:            0 kB\u000aActive:            93912 kB\u000aInactive:         446828 kB\u000aActive(anon):      60952 kB\u000aInactive(anon):      216 kB\u000aActive(file):      32960 kB\u000aInactive(file):   446612 kB\u000aUnevictable:           0 kB\u000aMlocked:               0 kB\u000aSwapTotal:             0 kB\u000aSwapFree:              0 kB\u000aDirty:             10344 kB\u000aWriteback:             0 kB\u000aAnonPages:         60948 kB\u000aMapped:            35100 kB\u000aShmem:               220 kB\u000aSlab:              42892 kB\u000aSReclaimable:      32820 kB\u000aSUnreclaim:        10072 kB\u000aKernelStack:        1152 kB\u000aPageTables:         1328 kB\u000aNFS_Unstable:          0 kB\u000aBounce:                0 kB\u000aWritebackTmp:          0 kB\u000aCommitLimit:      858592 kB\u000aCommitted_AS:     253504 kB\u000aVmallocTotal:   34359738367 kB\u000aVmallocUsed:           0 kB\u000aVmallocChunk:          0 kB\u000aAnonHugePages:         0 kB\u000aShmemHugePages:        0 kB\u000aShmemPmdMapped:        0 kB\u000aHugePages_Total:       0\u000aHugePages_Free:        0\u000aHugePages_Rsvd:        0\u000aHugePages_Surp:        0\u000aHugepagesize:       2048 kB\u000aDirectMap4k:       23552 kB\u000aDirectMap2M:     1738752 kB\u000a
p626
ssVstatus_key
p627
Vpywren.jobs/6b7585b9-7cf1-44ee-9651-633b866334d0/00013/status.json
p628
sVend_time
p629
F1609060429.14487
sVlog_group_name
p630
V/aws/lambda/pywren_redis_2
p631
sVdata_key
p632
Vpywren.jobs/6b7585b9-7cf1-44ee-9651-633b866334d0/aggdata.pickle
p633
sa(dp634
Vcallset_id
p635
V6b7585b9-7cf1-44ee-9651-633b866334d0
p636
sVlog_stream_name
p637
V2020/12/27/[$LATEST]a4eabad383bb4d5c931f7625a6a67d76
p638
sVstdout
p639
V
sVfunc_key
p640
Vpywren.jobs/6b7585b9-7cf1-44ee-9651-633b866334d0/func.pickle
p641
sVfree_disk_bytes
p642
I538333184
sVruntime_cached
p643
I00
sVretcode
p644
I0
sVcall_id
p645
V00014
p646
sVoutput_key
p647
Vpywren.jobs/6b7585b9-7cf1-44ee-9651-633b866334d0/00014/output.pickle
p648
sVruntime_s3_key_used
p649
V334bcf-pywren.runtimes/default_2.7.tar.gz.0082
p650
sVaws_request_id
p651
V7f05de52-5277-421e-b040-864efabbf0a4
p652
sVexec_time
p653
F22.085741996765137
sVstart_time
p654
F1609060400.1086559
sVsetup_time
p655
F7.1109640598297119
sVruntime_s3_bucket_used
p656
Vpywren-runtimes-public-us-west-2
p657
sVexception
p658
NsVhost_submit_time
p659
F1609060399.4113021
sVserver_info
p660
(dp661
Vuname
p662
V('Linux', '169.254.11.93', '4.14.203-112.332.amzn2.x86_64', '#1 SMP Wed Nov 4 20:46:34 UTC 2020', 'x86_64', 'x86_64')
p663
sV/proc/self/cgroup
p664
VMemTotal:        1717184 kB\u000aMemFree:         1122512 kB\u000aMemAvailable:    1486200 kB\u000aBuffers:           15416 kB\u000aCached:           462636 kB\u000aSwapCached:            0 kB\u000aActive:            92268 kB\u000aInactive:         446672 kB\u000aActive(anon):      60880 kB\u000aInactive(anon):      216 kB\u000aActive(file):      31388 kB\u000aInactive(file):   446456 kB\u000aUnevictable:           0 kB\u000aMlocked:               0 kB\u000aSwapTotal:             0 kB\u000aSwapFree:              0 kB\u000aDirty:              8240 kB\u000aWriteback:             0 kB\u000aAnonPages:         60868 kB\u000aMapped:            34456 kB\u000aShmem:               220 kB\u000aSlab:              42880 kB\u000aSReclaimable:      32704 kB\u000aSUnreclaim:        10176 kB\u000aKernelStack:        1176 kB\u000aPageTables:         1404 kB\u000aNFS_Unstable:          0 kB\u000aBounce:                0 kB\u000aWritebackTmp:          0 kB\u000aCommitLimit:      858592 kB\u000aCommitted_AS:     253540 kB\u000aVmallocTotal:   34359738367 kB\u000aVmallocUsed:           0 kB\u000aVmallocChunk:          0 kB\u000aAnonHugePages:         0 kB\u000aShmemHugePages:        0 kB\u000aShmemPmdMapped:        0 kB\u000aHugePages_Total:       0\u000aHugePages_Free:        0\u000aHugePages_Rsvd:        0\u000aHugePages_Surp:        0\u000aHugepagesize:       2048 kB\u000aDirectMap4k:       19456 kB\u000aDirectMap2M:     1742848 kB\u000a
p665
sV/proc/cgroups
p666
V#subsys_name	hierarchy	num_cgroups	enabled\u000acpuset	9	1	1\u000acpu	2	5	1\u000acpuacct	2	5	1\u000ablkio	10	1	1\u000amemory	4	5	1\u000adevices	8	1	1\u000afreezer	11	2	1\u000anet_cls	6	1	1\u000aperf_event	3	1	1\u000anet_prio	6	1	1\u000ahugetlb	7	1	1\u000apids	5	1	1\u000a
p667
sV/proc/cpuinfo
p668
